[DR-1 ON-BRIDGE curiosity] backend=cupy smoke=False  fill from_novelty -> spiking ASK pool, spiking-SNc RPE value critic on the LEARNING-PROGRESS reward, real Bogacz-Brown gate.
  GO: (a) corr(gap,SPIKING-want)>=0.9  (b) ask unknown>=2x known  (c) conf rises; noisy STOPS (veto) while g stays HIGH; lesion/yoked/permuted collapse; moat holds.

[2026-07-30 15:09:29][INFO] SIM_BRIDGE: CuPy using GPU: NVIDIA GeForce RTX 3090 (23.5 GB), mempool limit: 80%
[2026-07-30 15:09:29][INFO] SIM_BRIDGE: Initializing simulation data for model: IZHIKEVICH (3D)... (playback_init: False)
[2026-07-30 15:09:29][INFO] SIM_BRIDGE: Brain-region framework: 5 regions, 690 total neurons, 3 pathways.
[2026-07-30 15:09:29][INFO] SIM_BRIDGE: RNG initialized with seed: 42
[2026-07-30 15:09:29][INFO] SIM_BRIDGE: Initializing Izhikevich model specifics for 690 neurons...
[2026-07-30 15:09:29][INFO] SIM_BRIDGE: Region 'cue' (480 neurons): using Izh type IZH2007_RS_CORTICAL_PYRAMIDAL
[2026-07-30 15:09:29][INFO] SIM_BRIDGE: Region 'striosome_value' (60 neurons): using Izh type IZH2007_STRIATAL_MSN_D1
[2026-07-30 15:09:29][INFO] SIM_BRIDGE: Region 'reward_us' (40 neurons): using Izh type IZH2007_RS_CORTICAL_PYRAMIDAL
[2026-07-30 15:09:29][INFO] SIM_BRIDGE: Region 'snc' (30 neurons): using Izh type IZH2007_RS_CORTICAL_PYRAMIDAL
[2026-07-30 15:09:29][INFO] SIM_BRIDGE: Region 'ask' (80 neurons): using Izh type IZH2007_RS_CORTICAL_PYRAMIDAL
[2026-07-30 15:09:29][INFO] SIM_BRIDGE: Applying parameter heterogeneity to neuron parameters...
[2026-07-30 15:09:29][INFO] SIM_BRIDGE: Applied heterogeneity to 4 parameters.
[2026-07-30 15:09:29][INFO] SIM_BRIDGE: Initializing OU process state (tau=15.0ms, sigma=100.0pA)...
[2026-07-30 15:09:29][INFO] SIM_BRIDGE: Generating 3D neuron positions for 690 neurons...
[2026-07-30 15:09:29][INFO] SIM_BRIDGE: Generating connections (brain-region framework)...
[2026-07-30 15:09:29][INFO] SIM_BRIDGE: inject_explicit_wiring: installed 18938 synapses across 3 populations.
[2026-07-30 15:09:29][INFO] SIM_BRIDGE: Initializing eligibility traces for 18938 synapses (capacity: 28407, dtype: float32)...
[2026-07-30 15:09:29][INFO] SIM_BRIDGE: Initialized neuromodulator subsystem with 1 modulators: ['curiosity']
[2026-07-30 15:09:29][INFO] SIM_BRIDGE: Initializing STDP state for 690 neurons...
[2026-07-30 15:09:29][INFO] SIM_BRIDGE: Simulation data initialized for 690 neurons (3D). Synapses: 18938. GPU memory: 9.7GB/25.3GB (38.4%)
[2026-07-30 15:25:34][INFO] SIM_BRIDGE: CuPy using GPU: NVIDIA GeForce RTX 3090 (23.5 GB), mempool limit: 80%
[2026-07-30 15:25:34][INFO] SIM_BRIDGE: Initializing simulation data for model: IZHIKEVICH (3D)... (playback_init: False)
[2026-07-30 15:25:34][INFO] SIM_BRIDGE: Brain-region framework: 5 regions, 690 total neurons, 3 pathways.
[2026-07-30 15:25:34][INFO] SIM_BRIDGE: RNG initialized with seed: 42
[2026-07-30 15:25:34][INFO] SIM_BRIDGE: Initializing Izhikevich model specifics for 690 neurons...
[2026-07-30 15:25:34][INFO] SIM_BRIDGE: Region 'cue' (480 neurons): using Izh type IZH2007_RS_CORTICAL_PYRAMIDAL
[2026-07-30 15:25:34][INFO] SIM_BRIDGE: Region 'striosome_value' (60 neurons): using Izh type IZH2007_STRIATAL_MSN_D1
[2026-07-30 15:25:34][INFO] SIM_BRIDGE: Region 'reward_us' (40 neurons): using Izh type IZH2007_RS_CORTICAL_PYRAMIDAL
[2026-07-30 15:25:34][INFO] SIM_BRIDGE: Region 'snc' (30 neurons): using Izh type IZH2007_RS_CORTICAL_PYRAMIDAL
[2026-07-30 15:25:34][INFO] SIM_BRIDGE: Region 'ask' (80 neurons): using Izh type IZH2007_RS_CORTICAL_PYRAMIDAL
[2026-07-30 15:25:34][INFO] SIM_BRIDGE: Applying parameter heterogeneity to neuron parameters...
[2026-07-30 15:25:34][INFO] SIM_BRIDGE: Applied heterogeneity to 4 parameters.
[2026-07-30 15:25:34][INFO] SIM_BRIDGE: Initializing OU process state (tau=15.0ms, sigma=100.0pA)...
[2026-07-30 15:25:34][INFO] SIM_BRIDGE: Generating 3D neuron positions for 690 neurons...
[2026-07-30 15:25:34][INFO] SIM_BRIDGE: Generating connections (brain-region framework)...
[2026-07-30 15:25:34][INFO] SIM_BRIDGE: inject_explicit_wiring: installed 18938 synapses across 3 populations.
[2026-07-30 15:25:34][INFO] SIM_BRIDGE: Initializing eligibility traces for 18938 synapses (capacity: 28407, dtype: float32)...
[2026-07-30 15:25:34][INFO] SIM_BRIDGE: Initialized neuromodulator subsystem with 1 modulators: ['curiosity']
[2026-07-30 15:25:34][INFO] SIM_BRIDGE: Initializing STDP state for 690 neurons...
[2026-07-30 15:25:34][INFO] SIM_BRIDGE: Simulation data initialized for 690 neurons (3D). Synapses: 18938. GPU memory: 6.5GB/25.3GB (25.7%)
[2026-07-30 15:36:36][INFO] SIM_BRIDGE: CuPy using GPU: NVIDIA GeForce RTX 3090 (23.5 GB), mempool limit: 80%
[2026-07-30 15:36:36][INFO] SIM_BRIDGE: Initializing simulation data for model: IZHIKEVICH (3D)... (playback_init: False)
[2026-07-30 15:36:36][INFO] SIM_BRIDGE: Brain-region framework: 5 regions, 690 total neurons, 3 pathways.
[2026-07-30 15:36:36][INFO] SIM_BRIDGE: RNG initialized with seed: 42
[2026-07-30 15:36:36][INFO] SIM_BRIDGE: Initializing Izhikevich model specifics for 690 neurons...
[2026-07-30 15:36:36][INFO] SIM_BRIDGE: Region 'cue' (480 neurons): using Izh type IZH2007_RS_CORTICAL_PYRAMIDAL
[2026-07-30 15:36:36][INFO] SIM_BRIDGE: Region 'striosome_value' (60 neurons): using Izh type IZH2007_STRIATAL_MSN_D1
[2026-07-30 15:36:36][INFO] SIM_BRIDGE: Region 'reward_us' (40 neurons): using Izh type IZH2007_RS_CORTICAL_PYRAMIDAL
[2026-07-30 15:36:36][INFO] SIM_BRIDGE: Region 'snc' (30 neurons): using Izh type IZH2007_RS_CORTICAL_PYRAMIDAL
[2026-07-30 15:36:36][INFO] SIM_BRIDGE: Region 'ask' (80 neurons): using Izh type IZH2007_RS_CORTICAL_PYRAMIDAL
[2026-07-30 15:36:36][INFO] SIM_BRIDGE: Applying parameter heterogeneity to neuron parameters...
[2026-07-30 15:36:36][INFO] SIM_BRIDGE: Applied heterogeneity to 4 parameters.
[2026-07-30 15:36:36][INFO] SIM_BRIDGE: Initializing OU process state (tau=15.0ms, sigma=100.0pA)...
[2026-07-30 15:36:36][INFO] SIM_BRIDGE: Generating 3D neuron positions for 690 neurons...
[2026-07-30 15:36:36][INFO] SIM_BRIDGE: Generating connections (brain-region framework)...
[2026-07-30 15:36:36][INFO] SIM_BRIDGE: inject_explicit_wiring: installed 18938 synapses across 3 populations.
[2026-07-30 15:36:36][INFO] SIM_BRIDGE: Initializing eligibility traces for 18938 synapses (capacity: 28407, dtype: float32)...
[2026-07-30 15:36:36][INFO] SIM_BRIDGE: Initialized neuromodulator subsystem with 1 modulators: ['curiosity']
[2026-07-30 15:36:36][INFO] SIM_BRIDGE: Initializing STDP state for 690 neurons...
[2026-07-30 15:36:36][INFO] SIM_BRIDGE: Simulation data initialized for 690 neurons (3D). Synapses: 18938. GPU memory: 6.5GB/25.3GB (25.6%)
[2026-07-30 15:39:00][INFO] SIM_BRIDGE: CuPy using GPU: NVIDIA GeForce RTX 3090 (23.5 GB), mempool limit: 80%
[2026-07-30 15:39:00][INFO] SIM_BRIDGE: Initializing simulation data for model: IZHIKEVICH (3D)... (playback_init: False)
[2026-07-30 15:39:00][INFO] SIM_BRIDGE: Brain-region framework: 5 regions, 690 total neurons, 3 pathways.
[2026-07-30 15:39:00][INFO] SIM_BRIDGE: RNG initialized with seed: 42
[2026-07-30 15:39:00][INFO] SIM_BRIDGE: Initializing Izhikevich model specifics for 690 neurons...
[2026-07-30 15:39:00][INFO] SIM_BRIDGE: Region 'cue' (480 neurons): using Izh type IZH2007_RS_CORTICAL_PYRAMIDAL
[2026-07-30 15:39:00][INFO] SIM_BRIDGE: Region 'striosome_value' (60 neurons): using Izh type IZH2007_STRIATAL_MSN_D1
[2026-07-30 15:39:00][INFO] SIM_BRIDGE: Region 'reward_us' (40 neurons): using Izh type IZH2007_RS_CORTICAL_PYRAMIDAL
[2026-07-30 15:39:00][INFO] SIM_BRIDGE: Region 'snc' (30 neurons): using Izh type IZH2007_RS_CORTICAL_PYRAMIDAL
[2026-07-30 15:39:00][INFO] SIM_BRIDGE: Region 'ask' (80 neurons): using Izh type IZH2007_RS_CORTICAL_PYRAMIDAL
[2026-07-30 15:39:00][INFO] SIM_BRIDGE: Applying parameter heterogeneity to neuron parameters...
[2026-07-30 15:39:00][INFO] SIM_BRIDGE: Applied heterogeneity to 4 parameters.
[2026-07-30 15:39:00][INFO] SIM_BRIDGE: Initializing OU process state (tau=15.0ms, sigma=100.0pA)...
[2026-07-30 15:39:00][INFO] SIM_BRIDGE: Generating 3D neuron positions for 690 neurons...
[2026-07-30 15:39:00][INFO] SIM_BRIDGE: Generating connections (brain-region framework)...
[2026-07-30 15:39:00][INFO] SIM_BRIDGE: inject_explicit_wiring: installed 18938 synapses across 3 populations.
[2026-07-30 15:39:00][INFO] SIM_BRIDGE: Initializing eligibility traces for 18938 synapses (capacity: 28407, dtype: float32)...
[2026-07-30 15:39:00][INFO] SIM_BRIDGE: Initialized neuromodulator subsystem with 1 modulators: ['curiosity']
[2026-07-30 15:39:00][INFO] SIM_BRIDGE: Initializing STDP state for 690 neurons...
[2026-07-30 15:39:00][INFO] SIM_BRIDGE: Simulation data initialized for 690 neurons (3D). Synapses: 18938. GPU memory: 6.5GB/25.3GB (25.6%)
  [seed 42] corr(gap,want) +0.922 | ask-ratio unk/known 9469696.97 | conf-rise +0.55 (after 0.55 vs floor 0.03)
            SNc RPE: learn-burst 6.8Hz vs noisy 0.0Hz | LP learn +0.258 vs noisy -0.001
            NOISY asks early 0.03 -> late 0.00 (g stays 0.98; ELP 0.07<=thr 0.12: True); value-sep +0.01 | strio V 88->52
            controls: lesion asks=0 | yoked mastered 6 vs real 8 | permuted corr -0.04 (mastered 8) | moat True
            [a=True b=True c=True noisy-stops=True lesion=True yoked=True permuted=True]  ==>  GO

[2026-07-30 15:51:34][INFO] SIM_BRIDGE: CuPy using GPU: NVIDIA GeForce RTX 3090 (23.5 GB), mempool limit: 80%
[2026-07-30 15:51:34][INFO] SIM_BRIDGE: Initializing simulation data for model: IZHIKEVICH (3D)... (playback_init: False)
[2026-07-30 15:51:34][INFO] SIM_BRIDGE: Brain-region framework: 5 regions, 690 total neurons, 3 pathways.
[2026-07-30 15:51:34][INFO] SIM_BRIDGE: RNG initialized with seed: 43
[2026-07-30 15:51:34][INFO] SIM_BRIDGE: Initializing Izhikevich model specifics for 690 neurons...
[2026-07-30 15:51:34][INFO] SIM_BRIDGE: Region 'cue' (480 neurons): using Izh type IZH2007_RS_CORTICAL_PYRAMIDAL
[2026-07-30 15:51:34][INFO] SIM_BRIDGE: Region 'striosome_value' (60 neurons): using Izh type IZH2007_STRIATAL_MSN_D1
[2026-07-30 15:51:34][INFO] SIM_BRIDGE: Region 'reward_us' (40 neurons): using Izh type IZH2007_RS_CORTICAL_PYRAMIDAL
[2026-07-30 15:51:34][INFO] SIM_BRIDGE: Region 'snc' (30 neurons): using Izh type IZH2007_RS_CORTICAL_PYRAMIDAL
[2026-07-30 15:51:34][INFO] SIM_BRIDGE: Region 'ask' (80 neurons): using Izh type IZH2007_RS_CORTICAL_PYRAMIDAL
[2026-07-30 15:51:34][INFO] SIM_BRIDGE: Applying parameter heterogeneity to neuron parameters...
[2026-07-30 15:51:34][INFO] SIM_BRIDGE: Applied heterogeneity to 4 parameters.
[2026-07-30 15:51:34][INFO] SIM_BRIDGE: Initializing OU process state (tau=15.0ms, sigma=100.0pA)...
[2026-07-30 15:51:34][INFO] SIM_BRIDGE: Generating 3D neuron positions for 690 neurons...
[2026-07-30 15:51:34][INFO] SIM_BRIDGE: Generating connections (brain-region framework)...
[2026-07-30 15:51:34][INFO] SIM_BRIDGE: inject_explicit_wiring: installed 18775 synapses across 3 populations.
[2026-07-30 15:51:34][INFO] SIM_BRIDGE: Initializing eligibility traces for 18775 synapses (capacity: 28162, dtype: float32)...
[2026-07-30 15:51:34][INFO] SIM_BRIDGE: Initialized neuromodulator subsystem with 1 modulators: ['curiosity']
[2026-07-30 15:51:34][INFO] SIM_BRIDGE: Initializing STDP state for 690 neurons...
[2026-07-30 15:51:34][INFO] SIM_BRIDGE: Simulation data initialized for 690 neurons (3D). Synapses: 18775. GPU memory: 6.8GB/25.3GB (26.7%)
[2026-07-30 16:03:40][INFO] SIM_BRIDGE: CuPy using GPU: NVIDIA GeForce RTX 3090 (23.5 GB), mempool limit: 80%
[2026-07-30 16:03:40][INFO] SIM_BRIDGE: Initializing simulation data for model: IZHIKEVICH (3D)... (playback_init: False)
[2026-07-30 16:03:40][INFO] SIM_BRIDGE: Brain-region framework: 5 regions, 690 total neurons, 3 pathways.
[2026-07-30 16:03:40][INFO] SIM_BRIDGE: RNG initialized with seed: 43
[2026-07-30 16:03:40][INFO] SIM_BRIDGE: Initializing Izhikevich model specifics for 690 neurons...
[2026-07-30 16:03:40][INFO] SIM_BRIDGE: Region 'cue' (480 neurons): using Izh type IZH2007_RS_CORTICAL_PYRAMIDAL
[2026-07-30 16:03:40][INFO] SIM_BRIDGE: Region 'striosome_value' (60 neurons): using Izh type IZH2007_STRIATAL_MSN_D1
[2026-07-30 16:03:40][INFO] SIM_BRIDGE: Region 'reward_us' (40 neurons): using Izh type IZH2007_RS_CORTICAL_PYRAMIDAL
[2026-07-30 16:03:40][INFO] SIM_BRIDGE: Region 'snc' (30 neurons): using Izh type IZH2007_RS_CORTICAL_PYRAMIDAL
[2026-07-30 16:03:40][INFO] SIM_BRIDGE: Region 'ask' (80 neurons): using Izh type IZH2007_RS_CORTICAL_PYRAMIDAL
[2026-07-30 16:03:40][INFO] SIM_BRIDGE: Applying parameter heterogeneity to neuron parameters...
[2026-07-30 16:03:40][INFO] SIM_BRIDGE: Applied heterogeneity to 4 parameters.
[2026-07-30 16:03:40][INFO] SIM_BRIDGE: Initializing OU process state (tau=15.0ms, sigma=100.0pA)...
[2026-07-30 16:03:40][INFO] SIM_BRIDGE: Generating 3D neuron positions for 690 neurons...
[2026-07-30 16:03:40][INFO] SIM_BRIDGE: Generating connections (brain-region framework)...
[2026-07-30 16:03:40][INFO] SIM_BRIDGE: inject_explicit_wiring: installed 18775 synapses across 3 populations.
[2026-07-30 16:03:40][INFO] SIM_BRIDGE: Initializing eligibility traces for 18775 synapses (capacity: 28162, dtype: float32)...
[2026-07-30 16:03:40][INFO] SIM_BRIDGE: Initialized neuromodulator subsystem with 1 modulators: ['curiosity']
[2026-07-30 16:03:40][INFO] SIM_BRIDGE: Initializing STDP state for 690 neurons...
[2026-07-30 16:03:40][INFO] SIM_BRIDGE: Simulation data initialized for 690 neurons (3D). Synapses: 18775. GPU memory: 6.7GB/25.3GB (26.6%)
[2026-07-30 16:16:01][INFO] SIM_BRIDGE: CuPy using GPU: NVIDIA GeForce RTX 3090 (23.5 GB), mempool limit: 80%
[2026-07-30 16:16:01][INFO] SIM_BRIDGE: Initializing simulation data for model: IZHIKEVICH (3D)... (playback_init: False)
[2026-07-30 16:16:01][INFO] SIM_BRIDGE: Brain-region framework: 5 regions, 690 total neurons, 3 pathways.
[2026-07-30 16:16:01][INFO] SIM_BRIDGE: RNG initialized with seed: 43
[2026-07-30 16:16:01][INFO] SIM_BRIDGE: Initializing Izhikevich model specifics for 690 neurons...
[2026-07-30 16:16:01][INFO] SIM_BRIDGE: Region 'cue' (480 neurons): using Izh type IZH2007_RS_CORTICAL_PYRAMIDAL
[2026-07-30 16:16:01][INFO] SIM_BRIDGE: Region 'striosome_value' (60 neurons): using Izh type IZH2007_STRIATAL_MSN_D1
[2026-07-30 16:16:01][INFO] SIM_BRIDGE: Region 'reward_us' (40 neurons): using Izh type IZH2007_RS_CORTICAL_PYRAMIDAL
[2026-07-30 16:16:01][INFO] SIM_BRIDGE: Region 'snc' (30 neurons): using Izh type IZH2007_RS_CORTICAL_PYRAMIDAL
[2026-07-30 16:16:01][INFO] SIM_BRIDGE: Region 'ask' (80 neurons): using Izh type IZH2007_RS_CORTICAL_PYRAMIDAL
[2026-07-30 16:16:01][INFO] SIM_BRIDGE: Applying parameter heterogeneity to neuron parameters...
[2026-07-30 16:16:01][INFO] SIM_BRIDGE: Applied heterogeneity to 4 parameters.
[2026-07-30 16:16:01][INFO] SIM_BRIDGE: Initializing OU process state (tau=15.0ms, sigma=100.0pA)...
[2026-07-30 16:16:01][INFO] SIM_BRIDGE: Generating 3D neuron positions for 690 neurons...
[2026-07-30 16:16:01][INFO] SIM_BRIDGE: Generating connections (brain-region framework)...
[2026-07-30 16:16:01][INFO] SIM_BRIDGE: inject_explicit_wiring: installed 18775 synapses across 3 populations.
[2026-07-30 16:16:01][INFO] SIM_BRIDGE: Initializing eligibility traces for 18775 synapses (capacity: 28162, dtype: float32)...
[2026-07-30 16:16:01][INFO] SIM_BRIDGE: Initialized neuromodulator subsystem with 1 modulators: ['curiosity']
[2026-07-30 16:16:01][INFO] SIM_BRIDGE: Initializing STDP state for 690 neurons...
[2026-07-30 16:16:01][INFO] SIM_BRIDGE: Simulation data initialized for 690 neurons (3D). Synapses: 18775. GPU memory: 7.6GB/25.3GB (30.1%)
[2026-07-30 16:18:57][INFO] SIM_BRIDGE: CuPy using GPU: NVIDIA GeForce RTX 3090 (23.5 GB), mempool limit: 80%
[2026-07-30 16:18:57][INFO] SIM_BRIDGE: Initializing simulation data for model: IZHIKEVICH (3D)... (playback_init: False)
[2026-07-30 16:18:57][INFO] SIM_BRIDGE: Brain-region framework: 5 regions, 690 total neurons, 3 pathways.
[2026-07-30 16:18:57][INFO] SIM_BRIDGE: RNG initialized with seed: 43
[2026-07-30 16:18:57][INFO] SIM_BRIDGE: Initializing Izhikevich model specifics for 690 neurons...
[2026-07-30 16:18:57][INFO] SIM_BRIDGE: Region 'cue' (480 neurons): using Izh type IZH2007_RS_CORTICAL_PYRAMIDAL
[2026-07-30 16:18:57][INFO] SIM_BRIDGE: Region 'striosome_value' (60 neurons): using Izh type IZH2007_STRIATAL_MSN_D1
[2026-07-30 16:18:57][INFO] SIM_BRIDGE: Region 'reward_us' (40 neurons): using Izh type IZH2007_RS_CORTICAL_PYRAMIDAL
[2026-07-30 16:18:57][INFO] SIM_BRIDGE: Region 'snc' (30 neurons): using Izh type IZH2007_RS_CORTICAL_PYRAMIDAL
[2026-07-30 16:18:57][INFO] SIM_BRIDGE: Region 'ask' (80 neurons): using Izh type IZH2007_RS_CORTICAL_PYRAMIDAL
[2026-07-30 16:18:57][INFO] SIM_BRIDGE: Applying parameter heterogeneity to neuron parameters...
[2026-07-30 16:18:57][INFO] SIM_BRIDGE: Applied heterogeneity to 4 parameters.
[2026-07-30 16:18:57][INFO] SIM_BRIDGE: Initializing OU process state (tau=15.0ms, sigma=100.0pA)...
[2026-07-30 16:18:57][INFO] SIM_BRIDGE: Generating 3D neuron positions for 690 neurons...
[2026-07-30 16:18:57][INFO] SIM_BRIDGE: Generating connections (brain-region framework)...
[2026-07-30 16:18:57][INFO] SIM_BRIDGE: inject_explicit_wiring: installed 18775 synapses across 3 populations.
[2026-07-30 16:18:57][INFO] SIM_BRIDGE: Initializing eligibility traces for 18775 synapses (capacity: 28162, dtype: float32)...
[2026-07-30 16:18:57][INFO] SIM_BRIDGE: Initialized neuromodulator subsystem with 1 modulators: ['curiosity']
[2026-07-30 16:18:57][INFO] SIM_BRIDGE: Initializing STDP state for 690 neurons...
[2026-07-30 16:18:57][INFO] SIM_BRIDGE: Simulation data initialized for 690 neurons (3D). Synapses: 18775. GPU memory: 7.6GB/25.3GB (30.1%)
  [seed 43] corr(gap,want) +0.910 | ask-ratio unk/known 9469696.97 | conf-rise +0.54 (after 0.55 vs floor 0.02)
            SNc RPE: learn-burst 13.2Hz vs noisy 0.0Hz | LP learn +0.266 vs noisy +0.001
            NOISY asks early 0.03 -> late 0.00 (g stays 0.98; ELP 0.07<=thr 0.12: True); value-sep +0.02 | strio V 79->59
            controls: lesion asks=0 | yoked mastered 6 vs real 8 | permuted corr -0.01 (mastered 8) | moat True
            [a=True b=True c=True noisy-stops=True lesion=True yoked=True permuted=True]  ==>  GO

[2026-07-30 16:31:19][INFO] SIM_BRIDGE: CuPy using GPU: NVIDIA GeForce RTX 3090 (23.5 GB), mempool limit: 80%
[2026-07-30 16:31:19][INFO] SIM_BRIDGE: Initializing simulation data for model: IZHIKEVICH (3D)... (playback_init: False)
[2026-07-30 16:31:19][INFO] SIM_BRIDGE: Brain-region framework: 5 regions, 690 total neurons, 3 pathways.
[2026-07-30 16:31:19][INFO] SIM_BRIDGE: RNG initialized with seed: 44
[2026-07-30 16:31:19][INFO] SIM_BRIDGE: Initializing Izhikevich model specifics for 690 neurons...
[2026-07-30 16:31:19][INFO] SIM_BRIDGE: Region 'cue' (480 neurons): using Izh type IZH2007_RS_CORTICAL_PYRAMIDAL
[2026-07-30 16:31:19][INFO] SIM_BRIDGE: Region 'striosome_value' (60 neurons): using Izh type IZH2007_STRIATAL_MSN_D1
[2026-07-30 16:31:19][INFO] SIM_BRIDGE: Region 'reward_us' (40 neurons): using Izh type IZH2007_RS_CORTICAL_PYRAMIDAL
[2026-07-30 16:31:19][INFO] SIM_BRIDGE: Region 'snc' (30 neurons): using Izh type IZH2007_RS_CORTICAL_PYRAMIDAL
[2026-07-30 16:31:19][INFO] SIM_BRIDGE: Region 'ask' (80 neurons): using Izh type IZH2007_RS_CORTICAL_PYRAMIDAL
[2026-07-30 16:31:19][INFO] SIM_BRIDGE: Applying parameter heterogeneity to neuron parameters...
[2026-07-30 16:31:19][INFO] SIM_BRIDGE: Applied heterogeneity to 4 parameters.
[2026-07-30 16:31:19][INFO] SIM_BRIDGE: Initializing OU process state (tau=15.0ms, sigma=100.0pA)...
[2026-07-30 16:31:19][INFO] SIM_BRIDGE: Generating 3D neuron positions for 690 neurons...
[2026-07-30 16:31:19][INFO] SIM_BRIDGE: Generating connections (brain-region framework)...
[2026-07-30 16:31:19][INFO] SIM_BRIDGE: inject_explicit_wiring: installed 18699 synapses across 3 populations.
[2026-07-30 16:31:19][INFO] SIM_BRIDGE: Initializing eligibility traces for 18699 synapses (capacity: 28048, dtype: float32)...
[2026-07-30 16:31:19][INFO] SIM_BRIDGE: Initialized neuromodulator subsystem with 1 modulators: ['curiosity']
[2026-07-30 16:31:19][INFO] SIM_BRIDGE: Initializing STDP state for 690 neurons...
[2026-07-30 16:31:19][INFO] SIM_BRIDGE: Simulation data initialized for 690 neurons (3D). Synapses: 18699. GPU memory: 7.1GB/25.3GB (28.0%)
[2026-07-30 16:41:40][INFO] SIM_BRIDGE: CuPy using GPU: NVIDIA GeForce RTX 3090 (23.5 GB), mempool limit: 80%
[2026-07-30 16:41:40][INFO] SIM_BRIDGE: Initializing simulation data for model: IZHIKEVICH (3D)... (playback_init: False)
[2026-07-30 16:41:40][INFO] SIM_BRIDGE: Brain-region framework: 5 regions, 690 total neurons, 3 pathways.
[2026-07-30 16:41:40][INFO] SIM_BRIDGE: RNG initialized with seed: 44
[2026-07-30 16:41:40][INFO] SIM_BRIDGE: Initializing Izhikevich model specifics for 690 neurons...
[2026-07-30 16:41:40][INFO] SIM_BRIDGE: Region 'cue' (480 neurons): using Izh type IZH2007_RS_CORTICAL_PYRAMIDAL
[2026-07-30 16:41:40][INFO] SIM_BRIDGE: Region 'striosome_value' (60 neurons): using Izh type IZH2007_STRIATAL_MSN_D1
[2026-07-30 16:41:40][INFO] SIM_BRIDGE: Region 'reward_us' (40 neurons): using Izh type IZH2007_RS_CORTICAL_PYRAMIDAL
[2026-07-30 16:41:40][INFO] SIM_BRIDGE: Region 'snc' (30 neurons): using Izh type IZH2007_RS_CORTICAL_PYRAMIDAL
[2026-07-30 16:41:40][INFO] SIM_BRIDGE: Region 'ask' (80 neurons): using Izh type IZH2007_RS_CORTICAL_PYRAMIDAL
[2026-07-30 16:41:40][INFO] SIM_BRIDGE: Applying parameter heterogeneity to neuron parameters...
[2026-07-30 16:41:40][INFO] SIM_BRIDGE: Applied heterogeneity to 4 parameters.
[2026-07-30 16:41:40][INFO] SIM_BRIDGE: Initializing OU process state (tau=15.0ms, sigma=100.0pA)...
[2026-07-30 16:41:40][INFO] SIM_BRIDGE: Generating 3D neuron positions for 690 neurons...
[2026-07-30 16:41:40][INFO] SIM_BRIDGE: Generating connections (brain-region framework)...
[2026-07-30 16:41:40][INFO] SIM_BRIDGE: inject_explicit_wiring: installed 18699 synapses across 3 populations.
[2026-07-30 16:41:40][INFO] SIM_BRIDGE: Initializing eligibility traces for 18699 synapses (capacity: 28048, dtype: float32)...
[2026-07-30 16:41:40][INFO] SIM_BRIDGE: Initialized neuromodulator subsystem with 1 modulators: ['curiosity']
[2026-07-30 16:41:40][INFO] SIM_BRIDGE: Initializing STDP state for 690 neurons...
[2026-07-30 16:41:40][INFO] SIM_BRIDGE: Simulation data initialized for 690 neurons (3D). Synapses: 18699. GPU memory: 6.0GB/25.3GB (23.9%)
[2026-07-30 16:51:00][INFO] SIM_BRIDGE: CuPy using GPU: NVIDIA GeForce RTX 3090 (23.5 GB), mempool limit: 80%
[2026-07-30 16:51:00][INFO] SIM_BRIDGE: Initializing simulation data for model: IZHIKEVICH (3D)... (playback_init: False)
[2026-07-30 16:51:00][INFO] SIM_BRIDGE: Brain-region framework: 5 regions, 690 total neurons, 3 pathways.
[2026-07-30 16:51:00][INFO] SIM_BRIDGE: RNG initialized with seed: 44
[2026-07-30 16:51:00][INFO] SIM_BRIDGE: Initializing Izhikevich model specifics for 690 neurons...
[2026-07-30 16:51:00][INFO] SIM_BRIDGE: Region 'cue' (480 neurons): using Izh type IZH2007_RS_CORTICAL_PYRAMIDAL
[2026-07-30 16:51:00][INFO] SIM_BRIDGE: Region 'striosome_value' (60 neurons): using Izh type IZH2007_STRIATAL_MSN_D1
[2026-07-30 16:51:00][INFO] SIM_BRIDGE: Region 'reward_us' (40 neurons): using Izh type IZH2007_RS_CORTICAL_PYRAMIDAL
[2026-07-30 16:51:00][INFO] SIM_BRIDGE: Region 'snc' (30 neurons): using Izh type IZH2007_RS_CORTICAL_PYRAMIDAL
[2026-07-30 16:51:00][INFO] SIM_BRIDGE: Region 'ask' (80 neurons): using Izh type IZH2007_RS_CORTICAL_PYRAMIDAL
[2026-07-30 16:51:00][INFO] SIM_BRIDGE: Applying parameter heterogeneity to neuron parameters...
[2026-07-30 16:51:00][INFO] SIM_BRIDGE: Applied heterogeneity to 4 parameters.
[2026-07-30 16:51:00][INFO] SIM_BRIDGE: Initializing OU process state (tau=15.0ms, sigma=100.0pA)...
[2026-07-30 16:51:00][INFO] SIM_BRIDGE: Generating 3D neuron positions for 690 neurons...
[2026-07-30 16:51:00][INFO] SIM_BRIDGE: Generating connections (brain-region framework)...
[2026-07-30 16:51:00][INFO] SIM_BRIDGE: inject_explicit_wiring: installed 18699 synapses across 3 populations.
[2026-07-30 16:51:00][INFO] SIM_BRIDGE: Initializing eligibility traces for 18699 synapses (capacity: 28048, dtype: float32)...
[2026-07-30 16:51:00][INFO] SIM_BRIDGE: Initialized neuromodulator subsystem with 1 modulators: ['curiosity']
[2026-07-30 16:51:00][INFO] SIM_BRIDGE: Initializing STDP state for 690 neurons...
[2026-07-30 16:51:00][INFO] SIM_BRIDGE: Simulation data initialized for 690 neurons (3D). Synapses: 18699. GPU memory: 6.2GB/25.3GB (24.5%)
[2026-07-30 17:00:53][INFO] SIM_BRIDGE: CuPy using GPU: NVIDIA GeForce RTX 3090 (23.5 GB), mempool limit: 80%
[2026-07-30 17:00:53][INFO] SIM_BRIDGE: Initializing simulation data for model: IZHIKEVICH (3D)... (playback_init: False)
[2026-07-30 17:00:53][INFO] SIM_BRIDGE: Brain-region framework: 5 regions, 690 total neurons, 3 pathways.
[2026-07-30 17:00:53][INFO] SIM_BRIDGE: RNG initialized with seed: 44
[2026-07-30 17:00:53][INFO] SIM_BRIDGE: Initializing Izhikevich model specifics for 690 neurons...
[2026-07-30 17:00:53][INFO] SIM_BRIDGE: Region 'cue' (480 neurons): using Izh type IZH2007_RS_CORTICAL_PYRAMIDAL
[2026-07-30 17:00:53][INFO] SIM_BRIDGE: Region 'striosome_value' (60 neurons): using Izh type IZH2007_STRIATAL_MSN_D1
[2026-07-30 17:00:53][INFO] SIM_BRIDGE: Region 'reward_us' (40 neurons): using Izh type IZH2007_RS_CORTICAL_PYRAMIDAL
[2026-07-30 17:00:53][INFO] SIM_BRIDGE: Region 'snc' (30 neurons): using Izh type IZH2007_RS_CORTICAL_PYRAMIDAL
[2026-07-30 17:00:53][INFO] SIM_BRIDGE: Region 'ask' (80 neurons): using Izh type IZH2007_RS_CORTICAL_PYRAMIDAL
[2026-07-30 17:00:53][INFO] SIM_BRIDGE: Applying parameter heterogeneity to neuron parameters...
[2026-07-30 17:00:53][INFO] SIM_BRIDGE: Applied heterogeneity to 4 parameters.
[2026-07-30 17:00:53][INFO] SIM_BRIDGE: Initializing OU process state (tau=15.0ms, sigma=100.0pA)...
[2026-07-30 17:00:53][INFO] SIM_BRIDGE: Generating 3D neuron positions for 690 neurons...
[2026-07-30 17:00:53][INFO] SIM_BRIDGE: Generating connections (brain-region framework)...
[2026-07-30 17:00:53][INFO] SIM_BRIDGE: inject_explicit_wiring: installed 18699 synapses across 3 populations.
[2026-07-30 17:00:53][INFO] SIM_BRIDGE: Initializing eligibility traces for 18699 synapses (capacity: 28048, dtype: float32)...
[2026-07-30 17:00:53][INFO] SIM_BRIDGE: Initialized neuromodulator subsystem with 1 modulators: ['curiosity']
[2026-07-30 17:00:53][INFO] SIM_BRIDGE: Initializing STDP state for 690 neurons...
[2026-07-30 17:00:53][INFO] SIM_BRIDGE: Simulation data initialized for 690 neurons (3D). Synapses: 18699. GPU memory: 6.0GB/25.3GB (23.9%)
  [seed 44] corr(gap,want) +0.932 | ask-ratio unk/known 9469696.97 | conf-rise +0.55 (after 0.56 vs floor 0.02)
            SNc RPE: learn-burst 12.3Hz vs noisy 0.0Hz | LP learn +0.262 vs noisy +0.002
            NOISY asks early 0.03 -> late 0.00 (g stays 0.97; ELP 0.07<=thr 0.12: True); value-sep +0.02 | strio V 84->53
            controls: lesion asks=0 | yoked mastered 2 vs real 8 | permuted corr +0.02 (mastered 8) | moat True
            [a=True b=True c=True noisy-stops=True lesion=True yoked=True permuted=True]  ==>  GO

[2026-07-30 17:10:51][INFO] SIM_BRIDGE: CuPy using GPU: NVIDIA GeForce RTX 3090 (23.5 GB), mempool limit: 80%
[2026-07-30 17:10:51][INFO] SIM_BRIDGE: Initializing simulation data for model: IZHIKEVICH (3D)... (playback_init: False)
[2026-07-30 17:10:51][INFO] SIM_BRIDGE: Brain-region framework: 5 regions, 690 total neurons, 3 pathways.
[2026-07-30 17:10:51][INFO] SIM_BRIDGE: RNG initialized with seed: 100
[2026-07-30 17:10:51][INFO] SIM_BRIDGE: Initializing Izhikevich model specifics for 690 neurons...
[2026-07-30 17:10:51][INFO] SIM_BRIDGE: Region 'cue' (480 neurons): using Izh type IZH2007_RS_CORTICAL_PYRAMIDAL
[2026-07-30 17:10:51][INFO] SIM_BRIDGE: Region 'striosome_value' (60 neurons): using Izh type IZH2007_STRIATAL_MSN_D1
[2026-07-30 17:10:51][INFO] SIM_BRIDGE: Region 'reward_us' (40 neurons): using Izh type IZH2007_RS_CORTICAL_PYRAMIDAL
[2026-07-30 17:10:51][INFO] SIM_BRIDGE: Region 'snc' (30 neurons): using Izh type IZH2007_RS_CORTICAL_PYRAMIDAL
[2026-07-30 17:10:51][INFO] SIM_BRIDGE: Region 'ask' (80 neurons): using Izh type IZH2007_RS_CORTICAL_PYRAMIDAL
[2026-07-30 17:10:51][INFO] SIM_BRIDGE: Applying parameter heterogeneity to neuron parameters...
[2026-07-30 17:10:51][INFO] SIM_BRIDGE: Applied heterogeneity to 4 parameters.
[2026-07-30 17:10:51][INFO] SIM_BRIDGE: Initializing OU process state (tau=15.0ms, sigma=100.0pA)...
[2026-07-30 17:10:51][INFO] SIM_BRIDGE: Generating 3D neuron positions for 690 neurons...
[2026-07-30 17:10:51][INFO] SIM_BRIDGE: Generating connections (brain-region framework)...
[2026-07-30 17:10:51][INFO] SIM_BRIDGE: inject_explicit_wiring: installed 18806 synapses across 3 populations.
[2026-07-30 17:10:51][INFO] SIM_BRIDGE: Initializing eligibility traces for 18806 synapses (capacity: 28209, dtype: float32)...
[2026-07-30 17:10:51][INFO] SIM_BRIDGE: Initialized neuromodulator subsystem with 1 modulators: ['curiosity']
[2026-07-30 17:10:51][INFO] SIM_BRIDGE: Initializing STDP state for 690 neurons...
[2026-07-30 17:10:51][INFO] SIM_BRIDGE: Simulation data initialized for 690 neurons (3D). Synapses: 18806. GPU memory: 6.0GB/25.3GB (23.8%)
[2026-07-30 17:20:15][INFO] SIM_BRIDGE: CuPy using GPU: NVIDIA GeForce RTX 3090 (23.5 GB), mempool limit: 80%
[2026-07-30 17:20:15][INFO] SIM_BRIDGE: Initializing simulation data for model: IZHIKEVICH (3D)... (playback_init: False)
[2026-07-30 17:20:15][INFO] SIM_BRIDGE: Brain-region framework: 5 regions, 690 total neurons, 3 pathways.
[2026-07-30 17:20:15][INFO] SIM_BRIDGE: RNG initialized with seed: 100
[2026-07-30 17:20:15][INFO] SIM_BRIDGE: Initializing Izhikevich model specifics for 690 neurons...
[2026-07-30 17:20:15][INFO] SIM_BRIDGE: Region 'cue' (480 neurons): using Izh type IZH2007_RS_CORTICAL_PYRAMIDAL
[2026-07-30 17:20:15][INFO] SIM_BRIDGE: Region 'striosome_value' (60 neurons): using Izh type IZH2007_STRIATAL_MSN_D1
[2026-07-30 17:20:15][INFO] SIM_BRIDGE: Region 'reward_us' (40 neurons): using Izh type IZH2007_RS_CORTICAL_PYRAMIDAL
[2026-07-30 17:20:15][INFO] SIM_BRIDGE: Region 'snc' (30 neurons): using Izh type IZH2007_RS_CORTICAL_PYRAMIDAL
[2026-07-30 17:20:15][INFO] SIM_BRIDGE: Region 'ask' (80 neurons): using Izh type IZH2007_RS_CORTICAL_PYRAMIDAL
[2026-07-30 17:20:15][INFO] SIM_BRIDGE: Applying parameter heterogeneity to neuron parameters...
[2026-07-30 17:20:15][INFO] SIM_BRIDGE: Applied heterogeneity to 4 parameters.
[2026-07-30 17:20:15][INFO] SIM_BRIDGE: Initializing OU process state (tau=15.0ms, sigma=100.0pA)...
[2026-07-30 17:20:15][INFO] SIM_BRIDGE: Generating 3D neuron positions for 690 neurons...
[2026-07-30 17:20:15][INFO] SIM_BRIDGE: Generating connections (brain-region framework)...
[2026-07-30 17:20:15][INFO] SIM_BRIDGE: inject_explicit_wiring: installed 18806 synapses across 3 populations.
[2026-07-30 17:20:15][INFO] SIM_BRIDGE: Initializing eligibility traces for 18806 synapses (capacity: 28209, dtype: float32)...
[2026-07-30 17:20:15][INFO] SIM_BRIDGE: Initialized neuromodulator subsystem with 1 modulators: ['curiosity']
[2026-07-30 17:20:15][INFO] SIM_BRIDGE: Initializing STDP state for 690 neurons...
[2026-07-30 17:20:15][INFO] SIM_BRIDGE: Simulation data initialized for 690 neurons (3D). Synapses: 18806. GPU memory: 6.1GB/25.3GB (23.9%)
[2026-07-30 17:29:40][INFO] SIM_BRIDGE: CuPy using GPU: NVIDIA GeForce RTX 3090 (23.5 GB), mempool limit: 80%
[2026-07-30 17:29:40][INFO] SIM_BRIDGE: Initializing simulation data for model: IZHIKEVICH (3D)... (playback_init: False)
[2026-07-30 17:29:40][INFO] SIM_BRIDGE: Brain-region framework: 5 regions, 690 total neurons, 3 pathways.
[2026-07-30 17:29:40][INFO] SIM_BRIDGE: RNG initialized with seed: 100
[2026-07-30 17:29:40][INFO] SIM_BRIDGE: Initializing Izhikevich model specifics for 690 neurons...
[2026-07-30 17:29:40][INFO] SIM_BRIDGE: Region 'cue' (480 neurons): using Izh type IZH2007_RS_CORTICAL_PYRAMIDAL
[2026-07-30 17:29:40][INFO] SIM_BRIDGE: Region 'striosome_value' (60 neurons): using Izh type IZH2007_STRIATAL_MSN_D1
[2026-07-30 17:29:40][INFO] SIM_BRIDGE: Region 'reward_us' (40 neurons): using Izh type IZH2007_RS_CORTICAL_PYRAMIDAL
[2026-07-30 17:29:40][INFO] SIM_BRIDGE: Region 'snc' (30 neurons): using Izh type IZH2007_RS_CORTICAL_PYRAMIDAL
[2026-07-30 17:29:40][INFO] SIM_BRIDGE: Region 'ask' (80 neurons): using Izh type IZH2007_RS_CORTICAL_PYRAMIDAL
[2026-07-30 17:29:40][INFO] SIM_BRIDGE: Applying parameter heterogeneity to neuron parameters...
[2026-07-30 17:29:40][INFO] SIM_BRIDGE: Applied heterogeneity to 4 parameters.
[2026-07-30 17:29:40][INFO] SIM_BRIDGE: Initializing OU process state (tau=15.0ms, sigma=100.0pA)...
[2026-07-30 17:29:40][INFO] SIM_BRIDGE: Generating 3D neuron positions for 690 neurons...
[2026-07-30 17:29:40][INFO] SIM_BRIDGE: Generating connections (brain-region framework)...
[2026-07-30 17:29:40][INFO] SIM_BRIDGE: inject_explicit_wiring: installed 18806 synapses across 3 populations.
[2026-07-30 17:29:40][INFO] SIM_BRIDGE: Initializing eligibility traces for 18806 synapses (capacity: 28209, dtype: float32)...
[2026-07-30 17:29:40][INFO] SIM_BRIDGE: Initialized neuromodulator subsystem with 1 modulators: ['curiosity']
[2026-07-30 17:29:40][INFO] SIM_BRIDGE: Initializing STDP state for 690 neurons...
[2026-07-30 17:29:40][INFO] SIM_BRIDGE: Simulation data initialized for 690 neurons (3D). Synapses: 18806. GPU memory: 7.2GB/25.3GB (28.4%)
[2026-07-30 17:41:04][INFO] SIM_BRIDGE: CuPy using GPU: NVIDIA GeForce RTX 3090 (23.5 GB), mempool limit: 80%
[2026-07-30 17:41:04][INFO] SIM_BRIDGE: Initializing simulation data for model: IZHIKEVICH (3D)... (playback_init: False)
[2026-07-30 17:41:04][INFO] SIM_BRIDGE: Brain-region framework: 5 regions, 690 total neurons, 3 pathways.
[2026-07-30 17:41:04][INFO] SIM_BRIDGE: RNG initialized with seed: 100
[2026-07-30 17:41:04][INFO] SIM_BRIDGE: Initializing Izhikevich model specifics for 690 neurons...
[2026-07-30 17:41:04][INFO] SIM_BRIDGE: Region 'cue' (480 neurons): using Izh type IZH2007_RS_CORTICAL_PYRAMIDAL
[2026-07-30 17:41:04][INFO] SIM_BRIDGE: Region 'striosome_value' (60 neurons): using Izh type IZH2007_STRIATAL_MSN_D1
[2026-07-30 17:41:04][INFO] SIM_BRIDGE: Region 'reward_us' (40 neurons): using Izh type IZH2007_RS_CORTICAL_PYRAMIDAL
[2026-07-30 17:41:04][INFO] SIM_BRIDGE: Region 'snc' (30 neurons): using Izh type IZH2007_RS_CORTICAL_PYRAMIDAL
[2026-07-30 17:41:04][INFO] SIM_BRIDGE: Region 'ask' (80 neurons): using Izh type IZH2007_RS_CORTICAL_PYRAMIDAL
[2026-07-30 17:41:04][INFO] SIM_BRIDGE: Applying parameter heterogeneity to neuron parameters...
[2026-07-30 17:41:04][INFO] SIM_BRIDGE: Applied heterogeneity to 4 parameters.
[2026-07-30 17:41:04][INFO] SIM_BRIDGE: Initializing OU process state (tau=15.0ms, sigma=100.0pA)...
[2026-07-30 17:41:04][INFO] SIM_BRIDGE: Generating 3D neuron positions for 690 neurons...
[2026-07-30 17:41:04][INFO] SIM_BRIDGE: Generating connections (brain-region framework)...
[2026-07-30 17:41:04][INFO] SIM_BRIDGE: inject_explicit_wiring: installed 18806 synapses across 3 populations.
[2026-07-30 17:41:04][INFO] SIM_BRIDGE: Initializing eligibility traces for 18806 synapses (capacity: 28209, dtype: float32)...
[2026-07-30 17:41:04][INFO] SIM_BRIDGE: Initialized neuromodulator subsystem with 1 modulators: ['curiosity']
[2026-07-30 17:41:04][INFO] SIM_BRIDGE: Initializing STDP state for 690 neurons...
[2026-07-30 17:41:04][INFO] SIM_BRIDGE: Simulation data initialized for 690 neurons (3D). Synapses: 18806. GPU memory: 7.2GB/25.3GB (28.5%)
  [seed 100] corr(gap,want) +0.944 | ask-ratio unk/known 9090909.09 | conf-rise +0.55 (after 0.56 vs floor 0.02)
            SNc RPE: learn-burst 1.3Hz vs noisy 0.0Hz | LP learn +0.258 vs noisy -0.003
            NOISY asks early 0.03 -> late 0.00 (g stays 0.97; ELP 0.07<=thr 0.12: True); value-sep +0.00 | strio V 114->86
            controls: lesion asks=0 | yoked mastered 3 vs real 8 | permuted corr -0.03 (mastered 8) | moat True
            [a=True b=True c=True noisy-stops=True lesion=True yoked=True permuted=True]  ==>  GO

[2026-07-30 17:52:26][INFO] SIM_BRIDGE: CuPy using GPU: NVIDIA GeForce RTX 3090 (23.5 GB), mempool limit: 80%
[2026-07-30 17:52:26][INFO] SIM_BRIDGE: Initializing simulation data for model: IZHIKEVICH (3D)... (playback_init: False)
[2026-07-30 17:52:26][INFO] SIM_BRIDGE: Brain-region framework: 5 regions, 690 total neurons, 3 pathways.
[2026-07-30 17:52:26][INFO] SIM_BRIDGE: RNG initialized with seed: 101
[2026-07-30 17:52:26][INFO] SIM_BRIDGE: Initializing Izhikevich model specifics for 690 neurons...
[2026-07-30 17:52:26][INFO] SIM_BRIDGE: Region 'cue' (480 neurons): using Izh type IZH2007_RS_CORTICAL_PYRAMIDAL
[2026-07-30 17:52:26][INFO] SIM_BRIDGE: Region 'striosome_value' (60 neurons): using Izh type IZH2007_STRIATAL_MSN_D1
[2026-07-30 17:52:26][INFO] SIM_BRIDGE: Region 'reward_us' (40 neurons): using Izh type IZH2007_RS_CORTICAL_PYRAMIDAL
[2026-07-30 17:52:26][INFO] SIM_BRIDGE: Region 'snc' (30 neurons): using Izh type IZH2007_RS_CORTICAL_PYRAMIDAL
[2026-07-30 17:52:26][INFO] SIM_BRIDGE: Region 'ask' (80 neurons): using Izh type IZH2007_RS_CORTICAL_PYRAMIDAL
[2026-07-30 17:52:26][INFO] SIM_BRIDGE: Applying parameter heterogeneity to neuron parameters...
[2026-07-30 17:52:26][INFO] SIM_BRIDGE: Applied heterogeneity to 4 parameters.
[2026-07-30 17:52:26][INFO] SIM_BRIDGE: Initializing OU process state (tau=15.0ms, sigma=100.0pA)...
[2026-07-30 17:52:26][INFO] SIM_BRIDGE: Generating 3D neuron positions for 690 neurons...
[2026-07-30 17:52:26][INFO] SIM_BRIDGE: Generating connections (brain-region framework)...
[2026-07-30 17:52:26][INFO] SIM_BRIDGE: inject_explicit_wiring: installed 18813 synapses across 3 populations.
[2026-07-30 17:52:26][INFO] SIM_BRIDGE: Initializing eligibility traces for 18813 synapses (capacity: 28219, dtype: float32)...
[2026-07-30 17:52:26][INFO] SIM_BRIDGE: Initialized neuromodulator subsystem with 1 modulators: ['curiosity']
[2026-07-30 17:52:26][INFO] SIM_BRIDGE: Initializing STDP state for 690 neurons...
[2026-07-30 17:52:26][INFO] SIM_BRIDGE: Simulation data initialized for 690 neurons (3D). Synapses: 18813. GPU memory: 6.0GB/25.3GB (23.7%)
[2026-07-30 18:07:24][INFO] SIM_BRIDGE: CuPy using GPU: NVIDIA GeForce RTX 3090 (23.5 GB), mempool limit: 80%
[2026-07-30 18:07:24][INFO] SIM_BRIDGE: Initializing simulation data for model: IZHIKEVICH (3D)... (playback_init: False)
[2026-07-30 18:07:24][INFO] SIM_BRIDGE: Brain-region framework: 5 regions, 690 total neurons, 3 pathways.
[2026-07-30 18:07:24][INFO] SIM_BRIDGE: RNG initialized with seed: 101
[2026-07-30 18:07:24][INFO] SIM_BRIDGE: Initializing Izhikevich model specifics for 690 neurons...
[2026-07-30 18:07:24][INFO] SIM_BRIDGE: Region 'cue' (480 neurons): using Izh type IZH2007_RS_CORTICAL_PYRAMIDAL
[2026-07-30 18:07:24][INFO] SIM_BRIDGE: Region 'striosome_value' (60 neurons): using Izh type IZH2007_STRIATAL_MSN_D1
[2026-07-30 18:07:24][INFO] SIM_BRIDGE: Region 'reward_us' (40 neurons): using Izh type IZH2007_RS_CORTICAL_PYRAMIDAL
[2026-07-30 18:07:24][INFO] SIM_BRIDGE: Region 'snc' (30 neurons): using Izh type IZH2007_RS_CORTICAL_PYRAMIDAL
[2026-07-30 18:07:24][INFO] SIM_BRIDGE: Region 'ask' (80 neurons): using Izh type IZH2007_RS_CORTICAL_PYRAMIDAL
[2026-07-30 18:07:24][INFO] SIM_BRIDGE: Applying parameter heterogeneity to neuron parameters...
[2026-07-30 18:07:24][INFO] SIM_BRIDGE: Applied heterogeneity to 4 parameters.
[2026-07-30 18:07:24][INFO] SIM_BRIDGE: Initializing OU process state (tau=15.0ms, sigma=100.0pA)...
[2026-07-30 18:07:24][INFO] SIM_BRIDGE: Generating 3D neuron positions for 690 neurons...
[2026-07-30 18:07:24][INFO] SIM_BRIDGE: Generating connections (brain-region framework)...
[2026-07-30 18:07:24][INFO] SIM_BRIDGE: inject_explicit_wiring: installed 18813 synapses across 3 populations.
[2026-07-30 18:07:24][INFO] SIM_BRIDGE: Initializing eligibility traces for 18813 synapses (capacity: 28219, dtype: float32)...
[2026-07-30 18:07:24][INFO] SIM_BRIDGE: Initialized neuromodulator subsystem with 1 modulators: ['curiosity']
[2026-07-30 18:07:24][INFO] SIM_BRIDGE: Initializing STDP state for 690 neurons...
[2026-07-30 18:07:24][INFO] SIM_BRIDGE: Simulation data initialized for 690 neurons (3D). Synapses: 18813. GPU memory: 7.3GB/25.3GB (28.9%)
[2026-07-30 18:22:05][INFO] SIM_BRIDGE: CuPy using GPU: NVIDIA GeForce RTX 3090 (23.5 GB), mempool limit: 80%
[2026-07-30 18:22:05][INFO] SIM_BRIDGE: Initializing simulation data for model: IZHIKEVICH (3D)... (playback_init: False)
[2026-07-30 18:22:05][INFO] SIM_BRIDGE: Brain-region framework: 5 regions, 690 total neurons, 3 pathways.
[2026-07-30 18:22:05][INFO] SIM_BRIDGE: RNG initialized with seed: 101
[2026-07-30 18:22:05][INFO] SIM_BRIDGE: Initializing Izhikevich model specifics for 690 neurons...
[2026-07-30 18:22:05][INFO] SIM_BRIDGE: Region 'cue' (480 neurons): using Izh type IZH2007_RS_CORTICAL_PYRAMIDAL
[2026-07-30 18:22:05][INFO] SIM_BRIDGE: Region 'striosome_value' (60 neurons): using Izh type IZH2007_STRIATAL_MSN_D1
[2026-07-30 18:22:05][INFO] SIM_BRIDGE: Region 'reward_us' (40 neurons): using Izh type IZH2007_RS_CORTICAL_PYRAMIDAL
[2026-07-30 18:22:05][INFO] SIM_BRIDGE: Region 'snc' (30 neurons): using Izh type IZH2007_RS_CORTICAL_PYRAMIDAL
[2026-07-30 18:22:05][INFO] SIM_BRIDGE: Region 'ask' (80 neurons): using Izh type IZH2007_RS_CORTICAL_PYRAMIDAL
[2026-07-30 18:22:05][INFO] SIM_BRIDGE: Applying parameter heterogeneity to neuron parameters...
[2026-07-30 18:22:05][INFO] SIM_BRIDGE: Applied heterogeneity to 4 parameters.
[2026-07-30 18:22:05][INFO] SIM_BRIDGE: Initializing OU process state (tau=15.0ms, sigma=100.0pA)...
[2026-07-30 18:22:05][INFO] SIM_BRIDGE: Generating 3D neuron positions for 690 neurons...
[2026-07-30 18:22:05][INFO] SIM_BRIDGE: Generating connections (brain-region framework)...
[2026-07-30 18:22:05][INFO] SIM_BRIDGE: inject_explicit_wiring: installed 18813 synapses across 3 populations.
[2026-07-30 18:22:05][INFO] SIM_BRIDGE: Initializing eligibility traces for 18813 synapses (capacity: 28219, dtype: float32)...
[2026-07-30 18:22:05][INFO] SIM_BRIDGE: Initialized neuromodulator subsystem with 1 modulators: ['curiosity']
[2026-07-30 18:22:05][INFO] SIM_BRIDGE: Initializing STDP state for 690 neurons...
[2026-07-30 18:22:05][INFO] SIM_BRIDGE: Simulation data initialized for 690 neurons (3D). Synapses: 18813. GPU memory: 7.3GB/25.3GB (28.8%)
[2026-07-30 18:26:35][INFO] SIM_BRIDGE: CuPy using GPU: NVIDIA GeForce RTX 3090 (23.5 GB), mempool limit: 80%
[2026-07-30 18:26:35][INFO] SIM_BRIDGE: Initializing simulation data for model: IZHIKEVICH (3D)... (playback_init: False)
[2026-07-30 18:26:35][INFO] SIM_BRIDGE: Brain-region framework: 5 regions, 690 total neurons, 3 pathways.
[2026-07-30 18:26:35][INFO] SIM_BRIDGE: RNG initialized with seed: 101
[2026-07-30 18:26:35][INFO] SIM_BRIDGE: Initializing Izhikevich model specifics for 690 neurons...
[2026-07-30 18:26:35][INFO] SIM_BRIDGE: Region 'cue' (480 neurons): using Izh type IZH2007_RS_CORTICAL_PYRAMIDAL
[2026-07-30 18:26:35][INFO] SIM_BRIDGE: Region 'striosome_value' (60 neurons): using Izh type IZH2007_STRIATAL_MSN_D1
[2026-07-30 18:26:35][INFO] SIM_BRIDGE: Region 'reward_us' (40 neurons): using Izh type IZH2007_RS_CORTICAL_PYRAMIDAL
[2026-07-30 18:26:35][INFO] SIM_BRIDGE: Region 'snc' (30 neurons): using Izh type IZH2007_RS_CORTICAL_PYRAMIDAL
[2026-07-30 18:26:35][INFO] SIM_BRIDGE: Region 'ask' (80 neurons): using Izh type IZH2007_RS_CORTICAL_PYRAMIDAL
[2026-07-30 18:26:35][INFO] SIM_BRIDGE: Applying parameter heterogeneity to neuron parameters...
[2026-07-30 18:26:35][INFO] SIM_BRIDGE: Applied heterogeneity to 4 parameters.
[2026-07-30 18:26:35][INFO] SIM_BRIDGE: Initializing OU process state (tau=15.0ms, sigma=100.0pA)...
[2026-07-30 18:26:35][INFO] SIM_BRIDGE: Generating 3D neuron positions for 690 neurons...
[2026-07-30 18:26:35][INFO] SIM_BRIDGE: Generating connections (brain-region framework)...
[2026-07-30 18:26:35][INFO] SIM_BRIDGE: inject_explicit_wiring: installed 18813 synapses across 3 populations.
[2026-07-30 18:26:35][INFO] SIM_BRIDGE: Initializing eligibility traces for 18813 synapses (capacity: 28219, dtype: float32)...
[2026-07-30 18:26:35][INFO] SIM_BRIDGE: Initialized neuromodulator subsystem with 1 modulators: ['curiosity']
[2026-07-30 18:26:35][INFO] SIM_BRIDGE: Initializing STDP state for 690 neurons...
[2026-07-30 18:26:35][INFO] SIM_BRIDGE: Simulation data initialized for 690 neurons (3D). Synapses: 18813. GPU memory: 7.4GB/25.3GB (29.4%)
  [seed 101] corr(gap,want) +0.917 | ask-ratio unk/known 9848484.85 | conf-rise +0.54 (after 0.55 vs floor 0.03)
            SNc RPE: learn-burst 14.4Hz vs noisy 0.0Hz | LP learn +0.242 vs noisy -0.001
            NOISY asks early 0.03 -> late 0.00 (g stays 0.97; ELP 0.07<=thr 0.12: True); value-sep +0.02 | strio V 85->53
            controls: lesion asks=0 | yoked mastered 6 vs real 8 | permuted corr -0.00 (mastered 8) | moat True
            [a=True b=True c=True noisy-stops=True lesion=True yoked=True permuted=True]  ==>  GO

[2026-07-30 18:48:30][INFO] SIM_BRIDGE: CuPy using GPU: NVIDIA GeForce RTX 3090 (23.5 GB), mempool limit: 80%
[2026-07-30 18:48:30][INFO] SIM_BRIDGE: Initializing simulation data for model: IZHIKEVICH (3D)... (playback_init: False)
[2026-07-30 18:48:30][INFO] SIM_BRIDGE: Brain-region framework: 5 regions, 690 total neurons, 3 pathways.
[2026-07-30 18:48:30][INFO] SIM_BRIDGE: RNG initialized with seed: 102
[2026-07-30 18:48:30][INFO] SIM_BRIDGE: Initializing Izhikevich model specifics for 690 neurons...
[2026-07-30 18:48:30][INFO] SIM_BRIDGE: Region 'cue' (480 neurons): using Izh type IZH2007_RS_CORTICAL_PYRAMIDAL
[2026-07-30 18:48:30][INFO] SIM_BRIDGE: Region 'striosome_value' (60 neurons): using Izh type IZH2007_STRIATAL_MSN_D1
[2026-07-30 18:48:30][INFO] SIM_BRIDGE: Region 'reward_us' (40 neurons): using Izh type IZH2007_RS_CORTICAL_PYRAMIDAL
[2026-07-30 18:48:30][INFO] SIM_BRIDGE: Region 'snc' (30 neurons): using Izh type IZH2007_RS_CORTICAL_PYRAMIDAL
[2026-07-30 18:48:30][INFO] SIM_BRIDGE: Region 'ask' (80 neurons): using Izh type IZH2007_RS_CORTICAL_PYRAMIDAL
[2026-07-30 18:48:30][INFO] SIM_BRIDGE: Applying parameter heterogeneity to neuron parameters...
[2026-07-30 18:48:30][INFO] SIM_BRIDGE: Applied heterogeneity to 4 parameters.
[2026-07-30 18:48:30][INFO] SIM_BRIDGE: Initializing OU process state (tau=15.0ms, sigma=100.0pA)...
[2026-07-30 18:48:30][INFO] SIM_BRIDGE: Generating 3D neuron positions for 690 neurons...
[2026-07-30 18:48:30][INFO] SIM_BRIDGE: Generating connections (brain-region framework)...
[2026-07-30 18:48:30][INFO] SIM_BRIDGE: inject_explicit_wiring: installed 18963 synapses across 3 populations.
[2026-07-30 18:48:30][INFO] SIM_BRIDGE: Initializing eligibility traces for 18963 synapses (capacity: 28444, dtype: float32)...
[2026-07-30 18:48:30][INFO] SIM_BRIDGE: Initialized neuromodulator subsystem with 1 modulators: ['curiosity']
[2026-07-30 18:48:30][INFO] SIM_BRIDGE: Initializing STDP state for 690 neurons...
[2026-07-30 18:48:30][INFO] SIM_BRIDGE: Simulation data initialized for 690 neurons (3D). Synapses: 18963. GPU memory: 7.3GB/25.3GB (29.0%)
[2026-07-30 19:10:19][INFO] SIM_BRIDGE: CuPy using GPU: NVIDIA GeForce RTX 3090 (23.5 GB), mempool limit: 80%
[2026-07-30 19:10:19][INFO] SIM_BRIDGE: Initializing simulation data for model: IZHIKEVICH (3D)... (playback_init: False)
[2026-07-30 19:10:19][INFO] SIM_BRIDGE: Brain-region framework: 5 regions, 690 total neurons, 3 pathways.
[2026-07-30 19:10:19][INFO] SIM_BRIDGE: RNG initialized with seed: 102
[2026-07-30 19:10:19][INFO] SIM_BRIDGE: Initializing Izhikevich model specifics for 690 neurons...
[2026-07-30 19:10:19][INFO] SIM_BRIDGE: Region 'cue' (480 neurons): using Izh type IZH2007_RS_CORTICAL_PYRAMIDAL
[2026-07-30 19:10:19][INFO] SIM_BRIDGE: Region 'striosome_value' (60 neurons): using Izh type IZH2007_STRIATAL_MSN_D1
[2026-07-30 19:10:19][INFO] SIM_BRIDGE: Region 'reward_us' (40 neurons): using Izh type IZH2007_RS_CORTICAL_PYRAMIDAL
[2026-07-30 19:10:19][INFO] SIM_BRIDGE: Region 'snc' (30 neurons): using Izh type IZH2007_RS_CORTICAL_PYRAMIDAL
[2026-07-30 19:10:19][INFO] SIM_BRIDGE: Region 'ask' (80 neurons): using Izh type IZH2007_RS_CORTICAL_PYRAMIDAL
[2026-07-30 19:10:19][INFO] SIM_BRIDGE: Applying parameter heterogeneity to neuron parameters...
[2026-07-30 19:10:19][INFO] SIM_BRIDGE: Applied heterogeneity to 4 parameters.
[2026-07-30 19:10:19][INFO] SIM_BRIDGE: Initializing OU process state (tau=15.0ms, sigma=100.0pA)...
[2026-07-30 19:10:19][INFO] SIM_BRIDGE: Generating 3D neuron positions for 690 neurons...
[2026-07-30 19:10:19][INFO] SIM_BRIDGE: Generating connections (brain-region framework)...
[2026-07-30 19:10:20][INFO] SIM_BRIDGE: inject_explicit_wiring: installed 18963 synapses across 3 populations.
[2026-07-30 19:10:20][INFO] SIM_BRIDGE: Initializing eligibility traces for 18963 synapses (capacity: 28444, dtype: float32)...
[2026-07-30 19:10:20][INFO] SIM_BRIDGE: Initialized neuromodulator subsystem with 1 modulators: ['curiosity']
[2026-07-30 19:10:20][INFO] SIM_BRIDGE: Initializing STDP state for 690 neurons...
[2026-07-30 19:10:20][INFO] SIM_BRIDGE: Simulation data initialized for 690 neurons (3D). Synapses: 18963. GPU memory: 7.3GB/25.3GB (29.0%)
[2026-07-30 19:31:07][INFO] SIM_BRIDGE: CuPy using GPU: NVIDIA GeForce RTX 3090 (23.5 GB), mempool limit: 80%
[2026-07-30 19:31:07][INFO] SIM_BRIDGE: Initializing simulation data for model: IZHIKEVICH (3D)... (playback_init: False)
[2026-07-30 19:31:07][INFO] SIM_BRIDGE: Brain-region framework: 5 regions, 690 total neurons, 3 pathways.
[2026-07-30 19:31:07][INFO] SIM_BRIDGE: RNG initialized with seed: 102
[2026-07-30 19:31:07][INFO] SIM_BRIDGE: Initializing Izhikevich model specifics for 690 neurons...
[2026-07-30 19:31:07][INFO] SIM_BRIDGE: Region 'cue' (480 neurons): using Izh type IZH2007_RS_CORTICAL_PYRAMIDAL
[2026-07-30 19:31:07][INFO] SIM_BRIDGE: Region 'striosome_value' (60 neurons): using Izh type IZH2007_STRIATAL_MSN_D1
[2026-07-30 19:31:07][INFO] SIM_BRIDGE: Region 'reward_us' (40 neurons): using Izh type IZH2007_RS_CORTICAL_PYRAMIDAL
[2026-07-30 19:31:07][INFO] SIM_BRIDGE: Region 'snc' (30 neurons): using Izh type IZH2007_RS_CORTICAL_PYRAMIDAL
[2026-07-30 19:31:07][INFO] SIM_BRIDGE: Region 'ask' (80 neurons): using Izh type IZH2007_RS_CORTICAL_PYRAMIDAL
[2026-07-30 19:31:07][INFO] SIM_BRIDGE: Applying parameter heterogeneity to neuron parameters...
[2026-07-30 19:31:07][INFO] SIM_BRIDGE: Applied heterogeneity to 4 parameters.
[2026-07-30 19:31:07][INFO] SIM_BRIDGE: Initializing OU process state (tau=15.0ms, sigma=100.0pA)...
[2026-07-30 19:31:07][INFO] SIM_BRIDGE: Generating 3D neuron positions for 690 neurons...
[2026-07-30 19:31:07][INFO] SIM_BRIDGE: Generating connections (brain-region framework)...
[2026-07-30 19:31:07][INFO] SIM_BRIDGE: inject_explicit_wiring: installed 18963 synapses across 3 populations.
[2026-07-30 19:31:07][INFO] SIM_BRIDGE: Initializing eligibility traces for 18963 synapses (capacity: 28444, dtype: float32)...
[2026-07-30 19:31:07][INFO] SIM_BRIDGE: Initialized neuromodulator subsystem with 1 modulators: ['curiosity']
[2026-07-30 19:31:07][INFO] SIM_BRIDGE: Initializing STDP state for 690 neurons...
[2026-07-30 19:31:07][INFO] SIM_BRIDGE: Simulation data initialized for 690 neurons (3D). Synapses: 18963. GPU memory: 7.3GB/25.3GB (29.0%)
[2026-07-30 19:51:05][INFO] SIM_BRIDGE: CuPy using GPU: NVIDIA GeForce RTX 3090 (23.5 GB), mempool limit: 80%
[2026-07-30 19:51:05][INFO] SIM_BRIDGE: Initializing simulation data for model: IZHIKEVICH (3D)... (playback_init: False)
[2026-07-30 19:51:05][INFO] SIM_BRIDGE: Brain-region framework: 5 regions, 690 total neurons, 3 pathways.
[2026-07-30 19:51:05][INFO] SIM_BRIDGE: RNG initialized with seed: 102
[2026-07-30 19:51:05][INFO] SIM_BRIDGE: Initializing Izhikevich model specifics for 690 neurons...
[2026-07-30 19:51:05][INFO] SIM_BRIDGE: Region 'cue' (480 neurons): using Izh type IZH2007_RS_CORTICAL_PYRAMIDAL
[2026-07-30 19:51:05][INFO] SIM_BRIDGE: Region 'striosome_value' (60 neurons): using Izh type IZH2007_STRIATAL_MSN_D1
[2026-07-30 19:51:05][INFO] SIM_BRIDGE: Region 'reward_us' (40 neurons): using Izh type IZH2007_RS_CORTICAL_PYRAMIDAL
[2026-07-30 19:51:05][INFO] SIM_BRIDGE: Region 'snc' (30 neurons): using Izh type IZH2007_RS_CORTICAL_PYRAMIDAL
[2026-07-30 19:51:05][INFO] SIM_BRIDGE: Region 'ask' (80 neurons): using Izh type IZH2007_RS_CORTICAL_PYRAMIDAL
[2026-07-30 19:51:05][INFO] SIM_BRIDGE: Applying parameter heterogeneity to neuron parameters...
[2026-07-30 19:51:05][INFO] SIM_BRIDGE: Applied heterogeneity to 4 parameters.
[2026-07-30 19:51:05][INFO] SIM_BRIDGE: Initializing OU process state (tau=15.0ms, sigma=100.0pA)...
[2026-07-30 19:51:05][INFO] SIM_BRIDGE: Generating 3D neuron positions for 690 neurons...
[2026-07-30 19:51:05][INFO] SIM_BRIDGE: Generating connections (brain-region framework)...
[2026-07-30 19:51:05][INFO] SIM_BRIDGE: inject_explicit_wiring: installed 18963 synapses across 3 populations.
[2026-07-30 19:51:05][INFO] SIM_BRIDGE: Initializing eligibility traces for 18963 synapses (capacity: 28444, dtype: float32)...
[2026-07-30 19:51:05][INFO] SIM_BRIDGE: Initialized neuromodulator subsystem with 1 modulators: ['curiosity']
[2026-07-30 19:51:05][INFO] SIM_BRIDGE: Initializing STDP state for 690 neurons...
[2026-07-30 19:51:06][INFO] SIM_BRIDGE: Simulation data initialized for 690 neurons (3D). Synapses: 18963. GPU memory: 7.3GB/25.3GB (29.0%)
  [seed 102] corr(gap,want) +0.918 | ask-ratio unk/known 9469696.97 | conf-rise +0.54 (after 0.55 vs floor 0.02)
            SNc RPE: learn-burst 4.6Hz vs noisy 0.0Hz | LP learn +0.259 vs noisy +0.000
            NOISY asks early 0.03 -> late 0.00 (g stays 0.97; ELP 0.07<=thr 0.12: True); value-sep +0.00 | strio V 119->54
            controls: lesion asks=0 | yoked mastered 1 vs real 8 | permuted corr -0.02 (mastered 8) | moat True
            [a=True b=True c=True noisy-stops=True lesion=True yoked=True permuted=True]  ==>  GO

========================================================================================================
  ON-BRIDGE DR-1: 6/6 seeds GO (ALL GO)
  [saved] research/findings/raw/_curiosity_seek_learn_onbridge_GPU.json
========================================================================================================
