[2026-07-14 10:22:34][INFO] SIM_BRIDGE: NumPy backend (CPU (NumPy backend), 47.7 GB RAM available)
[2026-07-14 10:22:34][INFO] SIM_BRIDGE: Initializing simulation data for model: IZHIKEVICH (3D)... (playback_init: False)
[2026-07-14 10:22:34][INFO] SIM_BRIDGE: RNG initialized with seed: 1627526857
[2026-07-14 10:22:34][INFO] SIM_BRIDGE: Initializing Izhikevich model specifics for 304 neurons...
[2026-07-14 10:22:34][INFO] SIM_BRIDGE: Applying parameter heterogeneity to neuron parameters...
[2026-07-14 10:22:34][INFO] SIM_BRIDGE: Applied heterogeneity to 4 parameters.
[2026-07-14 10:22:34][INFO] SIM_BRIDGE: Initializing OU process state (tau=15.0ms, sigma=100.0pA)...
[2026-07-14 10:22:34][INFO] SIM_BRIDGE: Generating 3D neuron positions for 304 neurons...
[2026-07-14 10:22:34][INFO] SIM_BRIDGE: Generating connections (3D)...
[2026-07-14 10:22:34][INFO] SIM_BRIDGE: Generating Watts-Strogatz 3D network (n=304, k=10, p_rewire=0.1)...
[2026-07-14 10:22:34][INFO] SIM_BRIDGE: Watts-Strogatz network complete: 3031 connections (avg degree: 10.0, expected: 10). Time: 0.01s
[2026-07-14 10:22:34][INFO] SIM_BRIDGE: Initializing STP state for 3031 synapses (capacity: 4546)...
[2026-07-14 10:22:34][INFO] SIM_BRIDGE: Initializing eligibility traces for 3031 synapses (capacity: 4546, dtype: float32)...
[2026-07-14 10:22:34][WARNING] SIM_BRIDGE: No trait info available; all synapses default to E->E STP type.
[2026-07-14 10:22:34][INFO] SIM_BRIDGE: Initializing structural plasticity state...
[2026-07-14 10:22:34][INFO] SIM_BRIDGE: Simulation data initialized for 304 neurons (3D). Synapses: 3031. GPU memory: 20.8GB/51.2GB (40.6%)
[2026-07-14 10:22:34][WARNING] SIM_BRIDGE: No trait info available; all synapses default to E->E STP type.
[2026-07-14 10:22:34][INFO] SIM_BRIDGE: inject_explicit_wiring: installed 22528 synapses across 3 populations.
[2026-07-14 10:33:11][INFO] SIM_BRIDGE: NumPy backend (CPU (NumPy backend), 47.7 GB RAM available)
[2026-07-14 10:33:11][INFO] SIM_BRIDGE: Initializing simulation data for model: IZHIKEVICH (3D)... (playback_init: False)
[2026-07-14 10:33:11][INFO] SIM_BRIDGE: RNG initialized with seed: 1628163790
[2026-07-14 10:33:11][INFO] SIM_BRIDGE: Initializing Izhikevich model specifics for 304 neurons...
[2026-07-14 10:33:11][INFO] SIM_BRIDGE: Applying parameter heterogeneity to neuron parameters...
[2026-07-14 10:33:11][INFO] SIM_BRIDGE: Applied heterogeneity to 4 parameters.
[2026-07-14 10:33:11][INFO] SIM_BRIDGE: Initializing OU process state (tau=15.0ms, sigma=100.0pA)...
[2026-07-14 10:33:11][INFO] SIM_BRIDGE: Generating 3D neuron positions for 304 neurons...
[2026-07-14 10:33:11][INFO] SIM_BRIDGE: Generating connections (3D)...
[2026-07-14 10:33:11][INFO] SIM_BRIDGE: Generating Watts-Strogatz 3D network (n=304, k=10, p_rewire=0.1)...
[2026-07-14 10:33:11][INFO] SIM_BRIDGE: Watts-Strogatz network complete: 3033 connections (avg degree: 10.0, expected: 10). Time: 0.01s
[2026-07-14 10:33:11][INFO] SIM_BRIDGE: Initializing STP state for 3033 synapses (capacity: 4549)...
[2026-07-14 10:33:11][INFO] SIM_BRIDGE: Initializing eligibility traces for 3033 synapses (capacity: 4549, dtype: float32)...
[2026-07-14 10:33:11][WARNING] SIM_BRIDGE: No trait info available; all synapses default to E->E STP type.
[2026-07-14 10:33:11][INFO] SIM_BRIDGE: Initializing structural plasticity state...
[2026-07-14 10:33:11][INFO] SIM_BRIDGE: Simulation data initialized for 304 neurons (3D). Synapses: 3033. GPU memory: 20.5GB/51.2GB (40.0%)
[2026-07-14 10:33:11][WARNING] SIM_BRIDGE: No trait info available; all synapses default to E->E STP type.
[2026-07-14 10:33:11][INFO] SIM_BRIDGE: inject_explicit_wiring: installed 22528 synapses across 3 populations.
[2026-07-14 10:43:50][INFO] SIM_BRIDGE: NumPy backend (CPU (NumPy backend), 47.7 GB RAM available)
[2026-07-14 10:43:50][INFO] SIM_BRIDGE: Initializing simulation data for model: IZHIKEVICH (3D)... (playback_init: False)
[2026-07-14 10:43:50][INFO] SIM_BRIDGE: RNG initialized with seed: 1628802278
[2026-07-14 10:43:50][INFO] SIM_BRIDGE: Initializing Izhikevich model specifics for 304 neurons...
[2026-07-14 10:43:50][INFO] SIM_BRIDGE: Applying parameter heterogeneity to neuron parameters...
[2026-07-14 10:43:50][INFO] SIM_BRIDGE: Applied heterogeneity to 4 parameters.
[2026-07-14 10:43:50][INFO] SIM_BRIDGE: Initializing OU process state (tau=15.0ms, sigma=100.0pA)...
[2026-07-14 10:43:50][INFO] SIM_BRIDGE: Generating 3D neuron positions for 304 neurons...
[2026-07-14 10:43:50][INFO] SIM_BRIDGE: Generating connections (3D)...
[2026-07-14 10:43:50][INFO] SIM_BRIDGE: Generating Watts-Strogatz 3D network (n=304, k=10, p_rewire=0.1)...
[2026-07-14 10:43:50][INFO] SIM_BRIDGE: Watts-Strogatz network complete: 3030 connections (avg degree: 10.0, expected: 10). Time: 0.01s
[2026-07-14 10:43:50][INFO] SIM_BRIDGE: Initializing STP state for 3030 synapses (capacity: 4545)...
[2026-07-14 10:43:50][INFO] SIM_BRIDGE: Initializing eligibility traces for 3030 synapses (capacity: 4545, dtype: float32)...
[2026-07-14 10:43:50][WARNING] SIM_BRIDGE: No trait info available; all synapses default to E->E STP type.
[2026-07-14 10:43:50][INFO] SIM_BRIDGE: Initializing structural plasticity state...
[2026-07-14 10:43:50][INFO] SIM_BRIDGE: Simulation data initialized for 304 neurons (3D). Synapses: 3030. GPU memory: 20.5GB/51.2GB (39.9%)
[2026-07-14 10:43:50][WARNING] SIM_BRIDGE: No trait info available; all synapses default to E->E STP type.
[2026-07-14 10:43:50][INFO] SIM_BRIDGE: inject_explicit_wiring: installed 22528 synapses across 3 populations.
----------------------------------------------------------------------------------------------------
[seed 44] k=5 chance 0.333 | STAGE0 depth-sep True (deep-best 1.000 vs 1-layer 0.111) | oracle 1.000
  e-prop ON BRIDGE: train 0.829 | inherit-heldout 0.704 | ff-moved 2243747.6
  [controls] permuted 0.370 | shuffle-DFA 0.630 | chance 0.333 => TRAINS-THE-TASK True

====================================================================================================
[onbridge-eprop-port] HONEST NEGATIVE -- the ported e-prop does NOT cleanly train the task on the bridge: train 0.829, inherit 0.704 (chance 0.333, oracle 1.000); permuted 0.370, shuffle-DFA 0.630. (Positive control gates whether the port itself is sound -- run --poscontrol-only.) The exact residual: controls not clean.
[onbridge-eprop-port] wrote research/findings/raw/_epropport/k4_s44.json
====================================================================================================
