[2026-07-14 12:21:51][INFO] SIM_BRIDGE: NumPy backend (CPU (NumPy backend), 47.7 GB RAM available)
[2026-07-14 12:21:51][INFO] SIM_BRIDGE: Initializing simulation data for model: IZHIKEVICH (3D)... (playback_init: False)
[2026-07-14 12:21:51][INFO] SIM_BRIDGE: RNG initialized with seed: 1634683706
[2026-07-14 12:21:51][INFO] SIM_BRIDGE: Initializing Izhikevich model specifics for 608 neurons...
[2026-07-14 12:21:51][INFO] SIM_BRIDGE: Applying parameter heterogeneity to neuron parameters...
[2026-07-14 12:21:51][INFO] SIM_BRIDGE: Applied heterogeneity to 4 parameters.
[2026-07-14 12:21:51][INFO] SIM_BRIDGE: Initializing OU process state (tau=15.0ms, sigma=100.0pA)...
[2026-07-14 12:21:51][INFO] SIM_BRIDGE: Generating 3D neuron positions for 608 neurons...
[2026-07-14 12:21:51][INFO] SIM_BRIDGE: Generating connections (3D)...
[2026-07-14 12:21:51][INFO] SIM_BRIDGE: Generating Watts-Strogatz 3D network (n=608, k=10, p_rewire=0.1)...
[2026-07-14 12:21:51][INFO] SIM_BRIDGE: Watts-Strogatz network complete: 6073 connections (avg degree: 10.0, expected: 10). Time: 0.01s
[2026-07-14 12:21:51][INFO] SIM_BRIDGE: Initializing STP state for 6073 synapses (capacity: 9109)...
[2026-07-14 12:21:51][INFO] SIM_BRIDGE: Initializing eligibility traces for 6073 synapses (capacity: 9109, dtype: float32)...
[2026-07-14 12:21:51][WARNING] SIM_BRIDGE: No trait info available; all synapses default to E->E STP type.
[2026-07-14 12:21:51][INFO] SIM_BRIDGE: Initializing structural plasticity state...
[2026-07-14 12:21:51][INFO] SIM_BRIDGE: Simulation data initialized for 608 neurons (3D). Synapses: 6073. GPU memory: 21.8GB/51.2GB (42.5%)
[2026-07-14 12:21:51][WARNING] SIM_BRIDGE: No trait info available; all synapses default to E->E STP type.
[2026-07-14 12:21:51][INFO] SIM_BRIDGE: inject_explicit_wiring: installed 90112 synapses across 3 populations.
[2026-07-14 12:58:42][INFO] SIM_BRIDGE: NumPy backend (CPU (NumPy backend), 47.7 GB RAM available)
[2026-07-14 12:58:42][INFO] SIM_BRIDGE: Initializing simulation data for model: IZHIKEVICH (3D)... (playback_init: False)
[2026-07-14 12:58:42][INFO] SIM_BRIDGE: RNG initialized with seed: 1636894230
[2026-07-14 12:58:42][INFO] SIM_BRIDGE: Initializing Izhikevich model specifics for 608 neurons...
[2026-07-14 12:58:42][INFO] SIM_BRIDGE: Applying parameter heterogeneity to neuron parameters...
[2026-07-14 12:58:42][INFO] SIM_BRIDGE: Applied heterogeneity to 4 parameters.
[2026-07-14 12:58:42][INFO] SIM_BRIDGE: Initializing OU process state (tau=15.0ms, sigma=100.0pA)...
[2026-07-14 12:58:42][INFO] SIM_BRIDGE: Generating 3D neuron positions for 608 neurons...
[2026-07-14 12:58:42][INFO] SIM_BRIDGE: Generating connections (3D)...
[2026-07-14 12:58:42][INFO] SIM_BRIDGE: Generating Watts-Strogatz 3D network (n=608, k=10, p_rewire=0.1)...
[2026-07-14 12:58:42][INFO] SIM_BRIDGE: Watts-Strogatz network complete: 6069 connections (avg degree: 10.0, expected: 10). Time: 0.01s
[2026-07-14 12:58:42][INFO] SIM_BRIDGE: Initializing STP state for 6069 synapses (capacity: 9103)...
[2026-07-14 12:58:42][INFO] SIM_BRIDGE: Initializing eligibility traces for 6069 synapses (capacity: 9103, dtype: float32)...
[2026-07-14 12:58:42][WARNING] SIM_BRIDGE: No trait info available; all synapses default to E->E STP type.
[2026-07-14 12:58:42][INFO] SIM_BRIDGE: Initializing structural plasticity state...
[2026-07-14 12:58:42][INFO] SIM_BRIDGE: Simulation data initialized for 608 neurons (3D). Synapses: 6069. GPU memory: 21.7GB/51.2GB (42.4%)
[2026-07-14 12:58:42][WARNING] SIM_BRIDGE: No trait info available; all synapses default to E->E STP type.
[2026-07-14 12:58:42][INFO] SIM_BRIDGE: inject_explicit_wiring: installed 90112 synapses across 3 populations.
[2026-07-14 13:32:00][INFO] SIM_BRIDGE: NumPy backend (CPU (NumPy backend), 47.7 GB RAM available)
[2026-07-14 13:32:00][INFO] SIM_BRIDGE: Initializing simulation data for model: IZHIKEVICH (3D)... (playback_init: False)
[2026-07-14 13:32:00][INFO] SIM_BRIDGE: RNG initialized with seed: 1638892863
[2026-07-14 13:32:00][INFO] SIM_BRIDGE: Initializing Izhikevich model specifics for 608 neurons...
[2026-07-14 13:32:00][INFO] SIM_BRIDGE: Applying parameter heterogeneity to neuron parameters...
[2026-07-14 13:32:00][INFO] SIM_BRIDGE: Applied heterogeneity to 4 parameters.
[2026-07-14 13:32:00][INFO] SIM_BRIDGE: Initializing OU process state (tau=15.0ms, sigma=100.0pA)...
[2026-07-14 13:32:00][INFO] SIM_BRIDGE: Generating 3D neuron positions for 608 neurons...
[2026-07-14 13:32:00][INFO] SIM_BRIDGE: Generating connections (3D)...
[2026-07-14 13:32:00][INFO] SIM_BRIDGE: Generating Watts-Strogatz 3D network (n=608, k=10, p_rewire=0.1)...
[2026-07-14 13:32:00][INFO] SIM_BRIDGE: Watts-Strogatz network complete: 6075 connections (avg degree: 10.0, expected: 10). Time: 0.01s
[2026-07-14 13:32:00][INFO] SIM_BRIDGE: Initializing STP state for 6075 synapses (capacity: 9112)...
[2026-07-14 13:32:00][INFO] SIM_BRIDGE: Initializing eligibility traces for 6075 synapses (capacity: 9112, dtype: float32)...
[2026-07-14 13:32:00][WARNING] SIM_BRIDGE: No trait info available; all synapses default to E->E STP type.
[2026-07-14 13:32:00][INFO] SIM_BRIDGE: Initializing structural plasticity state...
[2026-07-14 13:32:00][INFO] SIM_BRIDGE: Simulation data initialized for 608 neurons (3D). Synapses: 6075. GPU memory: 21.7GB/51.2GB (42.3%)
[2026-07-14 13:32:00][WARNING] SIM_BRIDGE: No trait info available; all synapses default to E->E STP type.
[2026-07-14 13:32:00][INFO] SIM_BRIDGE: inject_explicit_wiring: installed 90112 synapses across 3 populations.
----------------------------------------------------------------------------------------------------
[seed 42] k=5 chance 0.333 | STAGE0 depth-sep True (deep-best 1.000 vs 1-layer 0.444) | oracle 1.000
  e-prop ON BRIDGE: train 0.954 | inherit-heldout 0.889 | ff-moved 6863435.0
  [controls] permuted 0.333 | shuffle-DFA 0.556 | chance 0.333 => TRAINS-THE-TASK True

====================================================================================================
[onbridge-eprop-port] HONEST NEGATIVE -- the ported e-prop does NOT cleanly train the task on the bridge: train 0.954, inherit 0.889 (chance 0.333, oracle 1.000); permuted 0.333, shuffle-DFA 0.556. (Positive control gates whether the port itself is sound -- run --poscontrol-only.) The exact residual: controls not clean.
[onbridge-eprop-port] wrote research/findings/raw/_epropport/k8_s42.json
====================================================================================================
