[sc-pv] arm=sc_popvector seed=42 grid=32 n_steps=1800 warmup=600 scw=18.0 sigma=5.0 gain=0.02 with_conv=False
[g11 seed=42] Spiking-SNc Stage A: dopamine modulator = from_region_firing_signed over ['snc'] (tonic=220.0pA, k_r=400.0, k_v=400.0); RPE is the SNc FIRING. V = host reward_ema (Stage-A scaffold).
[2026-06-27 18:49:40][INFO] SIM_BRIDGE: CuPy using GPU: NVIDIA GeForce RTX 3090 (24.0 GB), mempool limit: 80%
[2026-06-27 18:49:40][INFO] SIM_BRIDGE: Initializing simulation data for model: IZHIKEVICH (3D)... (playback_init: False)
[2026-06-27 18:49:40][INFO] SIM_BRIDGE: Brain-region framework: 71 regions, 7722 total neurons, 162 pathways.
[2026-06-27 18:49:40][INFO] SIM_BRIDGE: RNG initialized with seed: 42
[2026-06-27 18:49:40][INFO] SIM_BRIDGE: NMDA per-region mask: 12 regions enabled (300 neurons)
[2026-06-27 18:49:40][INFO] SIM_BRIDGE: Homeostasis per-region mask: 2 regions enabled (280 neurons)
[2026-06-27 18:49:40][INFO] SIM_BRIDGE: Input-divisive-norm per-region mask: 4 regions enabled (100 neurons)
[2026-06-27 18:49:40][INFO] SIM_BRIDGE: Initializing Izhikevich model specifics for 7722 neurons...
[2026-06-27 18:49:40][INFO] SIM_BRIDGE: Region 'cortex_N' (25 neurons): using Izh type IZH2007_RS_CORTICAL_PYRAMIDAL
[2026-06-27 18:49:40][INFO] SIM_BRIDGE: Region 'cortex_E' (25 neurons): using Izh type IZH2007_RS_CORTICAL_PYRAMIDAL
[2026-06-27 18:49:40][INFO] SIM_BRIDGE: Region 'cortex_S' (25 neurons): using Izh type IZH2007_RS_CORTICAL_PYRAMIDAL
[2026-06-27 18:49:40][INFO] SIM_BRIDGE: Region 'cortex_W' (25 neurons): using Izh type IZH2007_RS_CORTICAL_PYRAMIDAL
[2026-06-27 18:49:40][INFO] SIM_BRIDGE: Region 'cortex_FS_N' (5 neurons): using Izh type IZH2007_FS_CORTICAL_INTERNEURON
[2026-06-27 18:49:40][INFO] SIM_BRIDGE: Region 'cortex_FS_E' (5 neurons): using Izh type IZH2007_FS_CORTICAL_INTERNEURON
[2026-06-27 18:49:40][INFO] SIM_BRIDGE: Region 'cortex_FS_S' (5 neurons): using Izh type IZH2007_FS_CORTICAL_INTERNEURON
[2026-06-27 18:49:40][INFO] SIM_BRIDGE: Region 'cortex_FS_W' (5 neurons): using Izh type IZH2007_FS_CORTICAL_INTERNEURON
[2026-06-27 18:49:40][INFO] SIM_BRIDGE: Region 'str_D1_N' (50 neurons): using Izh type IZH2007_STRIATAL_MSN_D1
[2026-06-27 18:49:40][INFO] SIM_BRIDGE: Region 'str_D2_N' (50 neurons): using Izh type IZH2007_STRIATAL_MSN_D2
[2026-06-27 18:49:40][INFO] SIM_BRIDGE: Region 'str_D1_E' (50 neurons): using Izh type IZH2007_STRIATAL_MSN_D1
[2026-06-27 18:49:40][INFO] SIM_BRIDGE: Region 'str_D2_E' (50 neurons): using Izh type IZH2007_STRIATAL_MSN_D2
[2026-06-27 18:49:40][INFO] SIM_BRIDGE: Region 'str_D1_S' (50 neurons): using Izh type IZH2007_STRIATAL_MSN_D1
[2026-06-27 18:49:40][INFO] SIM_BRIDGE: Region 'str_D2_S' (50 neurons): using Izh type IZH2007_STRIATAL_MSN_D2
[2026-06-27 18:49:40][INFO] SIM_BRIDGE: Region 'str_D1_W' (50 neurons): using Izh type IZH2007_STRIATAL_MSN_D1
[2026-06-27 18:49:40][INFO] SIM_BRIDGE: Region 'str_D2_W' (50 neurons): using Izh type IZH2007_STRIATAL_MSN_D2
[2026-06-27 18:49:40][INFO] SIM_BRIDGE: Region 'str_PV_FSI_N' (5 neurons): using Izh type IZH2007_FS_CORTICAL_INTERNEURON
[2026-06-27 18:49:40][INFO] SIM_BRIDGE: Region 'str_PV_FSI_E' (5 neurons): using Izh type IZH2007_FS_CORTICAL_INTERNEURON
[2026-06-27 18:49:40][INFO] SIM_BRIDGE: Region 'str_PV_FSI_S' (5 neurons): using Izh type IZH2007_FS_CORTICAL_INTERNEURON
[2026-06-27 18:49:40][INFO] SIM_BRIDGE: Region 'str_PV_FSI_W' (5 neurons): using Izh type IZH2007_FS_CORTICAL_INTERNEURON
[2026-06-27 18:49:40][INFO] SIM_BRIDGE: Region 'gpe_N' (10 neurons): using Izh type IZH2007_GPE_PACEMAKER
[2026-06-27 18:49:40][INFO] SIM_BRIDGE: Region 'gpe_arky_N' (4 neurons): using Izh type IZH2007_GPE_PACEMAKER
[2026-06-27 18:49:40][INFO] SIM_BRIDGE: Region 'gpi_N' (10 neurons): using Izh type IZH2007_GPI_OUTPUT
[2026-06-27 18:49:40][INFO] SIM_BRIDGE: Region 'str_striosome_N' (8 neurons): using Izh type IZH2007_STRIATAL_MSN_D1
[2026-06-27 18:49:40][INFO] SIM_BRIDGE: Region 'gpe_E' (10 neurons): using Izh type IZH2007_GPE_PACEMAKER
[2026-06-27 18:49:40][INFO] SIM_BRIDGE: Region 'gpe_arky_E' (4 neurons): using Izh type IZH2007_GPE_PACEMAKER
[2026-06-27 18:49:40][INFO] SIM_BRIDGE: Region 'gpi_E' (10 neurons): using Izh type IZH2007_GPI_OUTPUT
[2026-06-27 18:49:40][INFO] SIM_BRIDGE: Region 'str_striosome_E' (8 neurons): using Izh type IZH2007_STRIATAL_MSN_D1
[2026-06-27 18:49:40][INFO] SIM_BRIDGE: Region 'gpe_S' (10 neurons): using Izh type IZH2007_GPE_PACEMAKER
[2026-06-27 18:49:40][INFO] SIM_BRIDGE: Region 'gpe_arky_S' (4 neurons): using Izh type IZH2007_GPE_PACEMAKER
[2026-06-27 18:49:40][INFO] SIM_BRIDGE: Region 'gpi_S' (10 neurons): using Izh type IZH2007_GPI_OUTPUT
[2026-06-27 18:49:40][INFO] SIM_BRIDGE: Region 'str_striosome_S' (8 neurons): using Izh type IZH2007_STRIATAL_MSN_D1
[2026-06-27 18:49:40][INFO] SIM_BRIDGE: Region 'gpe_W' (10 neurons): using Izh type IZH2007_GPE_PACEMAKER
[2026-06-27 18:49:40][INFO] SIM_BRIDGE: Region 'gpe_arky_W' (4 neurons): using Izh type IZH2007_GPE_PACEMAKER
[2026-06-27 18:49:40][INFO] SIM_BRIDGE: Region 'gpi_W' (10 neurons): using Izh type IZH2007_GPI_OUTPUT
[2026-06-27 18:49:40][INFO] SIM_BRIDGE: Region 'str_striosome_W' (8 neurons): using Izh type IZH2007_STRIATAL_MSN_D1
[2026-06-27 18:49:40][INFO] SIM_BRIDGE: Region 'stn' (20 neurons): using Izh type IZH2007_STN_BURST
[2026-06-27 18:49:40][INFO] SIM_BRIDGE: Region 'thal_N' (10 neurons): using Izh type IZH2007_THALAMIC_RELAY
[2026-06-27 18:49:40][INFO] SIM_BRIDGE: Region 'motor_N' (10 neurons): using Izh type IZH2007_RS_CORTICAL_PYRAMIDAL
[2026-06-27 18:49:40][INFO] SIM_BRIDGE: Region 'thal_E' (10 neurons): using Izh type IZH2007_THALAMIC_RELAY
[2026-06-27 18:49:40][INFO] SIM_BRIDGE: Region 'motor_E' (10 neurons): using Izh type IZH2007_RS_CORTICAL_PYRAMIDAL
[2026-06-27 18:49:40][INFO] SIM_BRIDGE: Region 'thal_S' (10 neurons): using Izh type IZH2007_THALAMIC_RELAY
[2026-06-27 18:49:40][INFO] SIM_BRIDGE: Region 'motor_S' (10 neurons): using Izh type IZH2007_RS_CORTICAL_PYRAMIDAL
[2026-06-27 18:49:40][INFO] SIM_BRIDGE: Region 'thal_W' (10 neurons): using Izh type IZH2007_THALAMIC_RELAY
[2026-06-27 18:49:40][INFO] SIM_BRIDGE: Region 'motor_W' (10 neurons): using Izh type IZH2007_RS_CORTICAL_PYRAMIDAL
[2026-06-27 18:49:40][INFO] SIM_BRIDGE: Region 'snc' (10 neurons): using Izh type IZH2007_DOPAMINE
[2026-06-27 18:49:40][INFO] SIM_BRIDGE: Region 'reward_us' (40 neurons): using Izh type IZH2007_RS_CORTICAL_PYRAMIDAL
[2026-06-27 18:49:40][INFO] SIM_BRIDGE: Region 'vs_place_context' (200 neurons): using Izh type IZH2007_RS_CORTICAL_PYRAMIDAL
[2026-06-27 18:49:40][INFO] SIM_BRIDGE: Region 'striosome_value' (80 neurons): using Izh type IZH2007_STRIATAL_MSN_D1
[2026-06-27 18:49:40][INFO] SIM_BRIDGE: Region 'sel_N' (40 neurons): using Izh type IZH2007_RS_CORTICAL_PYRAMIDAL
[2026-06-27 18:49:40][INFO] SIM_BRIDGE: Region 'sel_FS_N' (10 neurons): using Izh type IZH2007_FS_CORTICAL_INTERNEURON
[2026-06-27 18:49:40][INFO] SIM_BRIDGE: Region 'commit_N' (40 neurons): using Izh type IZH2007_RS_CORTICAL_PYRAMIDAL
[2026-06-27 18:49:40][INFO] SIM_BRIDGE: Region 'sel_E' (40 neurons): using Izh type IZH2007_RS_CORTICAL_PYRAMIDAL
[2026-06-27 18:49:40][INFO] SIM_BRIDGE: Region 'sel_FS_E' (10 neurons): using Izh type IZH2007_FS_CORTICAL_INTERNEURON
[2026-06-27 18:49:40][INFO] SIM_BRIDGE: Region 'commit_E' (40 neurons): using Izh type IZH2007_RS_CORTICAL_PYRAMIDAL
[2026-06-27 18:49:40][INFO] SIM_BRIDGE: Region 'sel_S' (40 neurons): using Izh type IZH2007_RS_CORTICAL_PYRAMIDAL
[2026-06-27 18:49:40][INFO] SIM_BRIDGE: Region 'sel_FS_S' (10 neurons): using Izh type IZH2007_FS_CORTICAL_INTERNEURON
[2026-06-27 18:49:40][INFO] SIM_BRIDGE: Region 'commit_S' (40 neurons): using Izh type IZH2007_RS_CORTICAL_PYRAMIDAL
[2026-06-27 18:49:40][INFO] SIM_BRIDGE: Region 'sel_W' (40 neurons): using Izh type IZH2007_RS_CORTICAL_PYRAMIDAL
[2026-06-27 18:49:40][INFO] SIM_BRIDGE: Region 'sel_FS_W' (10 neurons): using Izh type IZH2007_FS_CORTICAL_INTERNEURON
[2026-06-27 18:49:40][INFO] SIM_BRIDGE: Region 'commit_W' (40 neurons): using Izh type IZH2007_RS_CORTICAL_PYRAMIDAL
[2026-06-27 18:49:40][INFO] SIM_BRIDGE: Region 'commit_OPN' (20 neurons): using Izh type IZH2007_FS_CORTICAL_INTERNEURON
[2026-06-27 18:49:40][INFO] SIM_BRIDGE: Region 'retina' (2048 neurons): using Izh type IZH2007_RS_CORTICAL_PYRAMIDAL
[2026-06-27 18:49:40][INFO] SIM_BRIDGE: Region 'cortex_v1_simple' (1024 neurons): using Izh type IZH2007_RS_CORTICAL_PYRAMIDAL
[2026-06-27 18:49:40][INFO] SIM_BRIDGE: Region 'cortex_v1_complex' (512 neurons): using Izh type IZH2007_RS_CORTICAL_PYRAMIDAL
[2026-06-27 18:49:40][INFO] SIM_BRIDGE: Region 'cortex_v2' (256 neurons): using Izh type IZH2007_RS_CORTICAL_PYRAMIDAL
[2026-06-27 18:49:40][INFO] SIM_BRIDGE: Region 'cortex_it' (64 neurons): using Izh type IZH2007_RS_CORTICAL_PYRAMIDAL
[2026-06-27 18:49:40][INFO] SIM_BRIDGE: Region 'sc_retina' (2048 neurons): using Izh type IZH2007_RS_CORTICAL_PYRAMIDAL
[2026-06-27 18:49:40][INFO] SIM_BRIDGE: Region 'sc_map' (256 neurons): using Izh type IZH2007_RS_CORTICAL_PYRAMIDAL
[2026-06-27 18:49:40][INFO] SIM_BRIDGE: Region 'sc_fs' (12 neurons): using Izh type IZH2007_FS_CORTICAL_INTERNEURON
[2026-06-27 18:49:40][INFO] SIM_BRIDGE: Region 'sc_rostral' (24 neurons): using Izh type IZH2007_RS_CORTICAL_PYRAMIDAL
[2026-06-27 18:49:40][INFO] SIM_BRIDGE: Generating 3D neuron positions for 7722 neurons...
[2026-06-27 18:49:40][INFO] SIM_BRIDGE: Generating connections (brain-region framework)...
[2026-06-27 18:49:41][INFO] SIM_BRIDGE: inject_explicit_wiring: installed 182986 synapses across 172 populations.
[2026-06-27 18:49:41][INFO] SIM_BRIDGE: Initializing eligibility traces for 182986 synapses (capacity: 274479, dtype: float32)...
[2026-06-27 18:49:41][INFO] SIM_BRIDGE: Initialized neuromodulator subsystem with 1 modulators: ['dopamine']
[2026-06-27 18:49:41][INFO] SIM_BRIDGE: Initializing STDP state for 7722 neurons...
[2026-06-27 18:49:41][INFO] SIM_BRIDGE: Simulation data initialized for 7722 neurons (3D). Synapses: 182986. GPU memory: 1.3GB/25.8GB (5.1%)
[g11 seed=42] Cluster K v2: applied 70592 Gabor weights to retina -> cortex_v1_simple
[g11 seed=42] Cluster K v2: visual_cortex_action gate frozen until warmup
[g11] spiking SC: OPPONENT-AXIS decode ON -- installed 2560 sc_map->cortex_FS opponent-inhibition synapses (fs_weight=14.0; opposing-half bump inhibits the cardinal => E-W / N-S push-pull contrast)
[g11] spiking SC: installed 24388 synapses (retina->sc_map 16x16 + recurrent + sc_map->cortex_NESW + sc_map->sc_rostral (N5))
[g11 seed=42] #6 SC read-out: POPULATION-VECTOR (cosine) + cortex_X divisive-norm (sigma=5.0, gain=0.02)
[g11 seed=42] N5 reward: boosted sc_rostral->reward_us to 40.0 (960 synapses)
[g11 seed=42] Spiking-SNc Stage B: NEURAL value critic ON (striosome_value n=80, vs_place_context->value w0=0.20115986466407776); r-V subtracted via GABA_B/GIRK (E_K=-90mV, prop=0.02); critic->SNc gate = OPEN (continuous, Stage 1). Host _V_scaffold DROPPED.
[g11 seed=42] BG circuit: 71 regions, 7722 neurons, 274861 synapses
[g11 seed=42] step 100/1800  pos=(31,30)  goal=(30,30)  recent_dist=21.65  action=S  reward=-1.00  actions= 40N/ 42E/  8S/ 10W
[PROGRESS] {"kind": "step", "current": 100, "total": 1800, "phase": "seed=42", "unit": "steps", "pos": [31, 30], "goal": [30, 30], "recent_dist": 21.65, "action": "S", "reward": -1.0}
[g11 seed=42] step 200/1800  pos=(31,31)  goal=(30,30)  recent_dist=1.78  action=E  reward=+1.00  actions= 26N/ 30E/ 21S/ 23W
[PROGRESS] {"kind": "step", "current": 200, "total": 1800, "phase": "seed=42", "unit": "steps", "pos": [31, 31], "goal": [30, 30], "recent_dist": 1.78, "action": "E", "reward": 1.0}
[g11 seed=42] step 300/1800  pos=(28,30)  goal=(30,30)  recent_dist=1.63  action=N  reward=+1.00  actions= 23N/ 30E/ 21S/ 26W
[PROGRESS] {"kind": "step", "current": 300, "total": 1800, "phase": "seed=42", "unit": "steps", "pos": [28, 30], "goal": [30, 30], "recent_dist": 1.63, "action": "N", "reward": 1.0}
[g11 seed=42] step 400/1800  pos=(30,29)  goal=(30,30)  recent_dist=1.75  action=N  reward=+1.00  actions= 28N/ 28E/ 23S/ 21W
[PROGRESS] {"kind": "step", "current": 400, "total": 1800, "phase": "seed=42", "unit": "steps", "pos": [30, 29], "goal": [30, 30], "recent_dist": 1.75, "action": "N", "reward": 1.0}
[g11 seed=42] step 450: GOAL CHANGED to (1, 30)
[g11 seed=42] step 500/1800  pos=(0,31)  goal=(1,30)  recent_dist=5.79  action=W  reward=+1.00  actions= 22N/ 17E/ 16S/ 45W
[PROGRESS] {"kind": "step", "current": 500, "total": 1800, "phase": "seed=42", "unit": "steps", "pos": [0, 31], "goal": [1, 30], "recent_dist": 5.79, "action": "W", "reward": 1.0}
[g11 seed=42] step 600/1800  pos=(3,29)  goal=(1,30)  recent_dist=1.67  action=E  reward=-1.00  actions= 28N/ 24E/ 25S/ 23W
[PROGRESS] {"kind": "step", "current": 600, "total": 1800, "phase": "seed=42", "unit": "steps", "pos": [3, 29], "goal": [1, 30], "recent_dist": 1.67, "action": "E", "reward": -1.0}
[g11 seed=42] step 600: Cluster K v2 visual_cortex_action gate OPENED (warmup=600)
[g11 seed=42] step 700/1800  pos=(3,31)  goal=(1,30)  recent_dist=1.73  action=N  reward=+1.00  actions= 27N/ 27E/ 19S/ 27W
[PROGRESS] {"kind": "step", "current": 700, "total": 1800, "phase": "seed=42", "unit": "steps", "pos": [3, 31], "goal": [1, 30], "recent_dist": 1.73, "action": "N", "reward": 1.0}
[g11 seed=42] step 800/1800  pos=(1,29)  goal=(1,30)  recent_dist=1.57  action=E  reward=-1.00  actions= 22N/ 27E/ 20S/ 31W
[PROGRESS] {"kind": "step", "current": 800, "total": 1800, "phase": "seed=42", "unit": "steps", "pos": [1, 29], "goal": [1, 30], "recent_dist": 1.57, "action": "E", "reward": -1.0}
[g11 seed=42] step 900/1800  pos=(1,28)  goal=(1,30)  recent_dist=1.29  action=S  reward=-1.00  actions= 37N/ 17E/ 27S/ 19W
[PROGRESS] {"kind": "step", "current": 900, "total": 1800, "phase": "seed=42", "unit": "steps", "pos": [1, 28], "goal": [1, 30], "recent_dist": 1.29, "action": "S", "reward": -1.0}
[g11 seed=42] step 900: GOAL CHANGED to (1, 1)
[g11 seed=42] step 1000/1800  pos=(3,1)  goal=(1,1)  recent_dist=5.02  action=E  reward=-1.00  actions= 14N/ 20E/ 44S/ 22W
[PROGRESS] {"kind": "step", "current": 1000, "total": 1800, "phase": "seed=42", "unit": "steps", "pos": [3, 1], "goal": [1, 1], "recent_dist": 5.02, "action": "E", "reward": -1.0}
[g11 seed=42] step 1100/1800  pos=(2,0)  goal=(1,1)  recent_dist=1.67  action=W  reward=+1.00  actions= 20N/ 26E/ 23S/ 31W
[PROGRESS] {"kind": "step", "current": 1100, "total": 1800, "phase": "seed=42", "unit": "steps", "pos": [2, 0], "goal": [1, 1], "recent_dist": 1.67, "action": "W", "reward": 1.0}
[g11 seed=42] step 1200/1800  pos=(0,0)  goal=(1,1)  recent_dist=1.99  action=S  reward=+1.00  actions= 20N/ 25E/ 24S/ 31W
[PROGRESS] {"kind": "step", "current": 1200, "total": 1800, "phase": "seed=42", "unit": "steps", "pos": [0, 0], "goal": [1, 1], "recent_dist": 1.99, "action": "S", "reward": 1.0}
[g11 seed=42] step 1300/1800  pos=(3,0)  goal=(1,1)  recent_dist=1.66  action=E  reward=-1.00  actions= 22N/ 26E/ 25S/ 27W
[PROGRESS] {"kind": "step", "current": 1300, "total": 1800, "phase": "seed=42", "unit": "steps", "pos": [3, 0], "goal": [1, 1], "recent_dist": 1.66, "action": "E", "reward": -1.0}
[g11 seed=42] step 1350: GOAL CHANGED to (30, 1)
[g11 seed=42] step 1400/1800  pos=(31,2)  goal=(30,1)  recent_dist=6.14  action=E  reward=+0.00  actions= 15N/ 49E/ 15S/ 21W
[PROGRESS] {"kind": "step", "current": 1400, "total": 1800, "phase": "seed=42", "unit": "steps", "pos": [31, 2], "goal": [30, 1], "recent_dist": 6.14, "action": "E", "reward": 0.0}
[g11 seed=42] step 1500/1800  pos=(31,0)  goal=(30,1)  recent_dist=1.35  action=S  reward=+0.00  actions= 30N/ 16E/ 41S/ 13W
[PROGRESS] {"kind": "step", "current": 1500, "total": 1800, "phase": "seed=42", "unit": "steps", "pos": [31, 0], "goal": [30, 1], "recent_dist": 1.35, "action": "S", "reward": 0.0}
[g11 seed=42] step 1600/1800  pos=(28,1)  goal=(30,1)  recent_dist=1.83  action=N  reward=-1.00  actions= 19N/ 31E/ 23S/ 27W
[PROGRESS] {"kind": "step", "current": 1600, "total": 1800, "phase": "seed=42", "unit": "steps", "pos": [28, 1], "goal": [30, 1], "recent_dist": 1.83, "action": "N", "reward": -1.0}
[g11 seed=42] step 1700/1800  pos=(30,0)  goal=(30,1)  recent_dist=1.57  action=S  reward=-1.00  actions= 29N/ 20E/ 39S/ 12W
[PROGRESS] {"kind": "step", "current": 1700, "total": 1800, "phase": "seed=42", "unit": "steps", "pos": [30, 0], "goal": [30, 1], "recent_dist": 1.57, "action": "S", "reward": -1.0}
[g11 seed=42] step 1800/1800  pos=(30,0)  goal=(30,1)  recent_dist=1.72  action=S  reward=-1.00  actions= 23N/ 27E/ 30S/ 20W
[PROGRESS] {"kind": "step", "current": 1800, "total": 1800, "phase": "seed=42", "unit": "steps", "pos": [30, 0], "goal": [30, 1], "recent_dist": 1.72, "action": "S", "reward": -1.0}
[g11 seed=42] NAV-GATE(a) stdp_w_max=400.0  sum_finalQ=6.3717  mean_distance_overall=3.4339  actor_max_cortex_to_D1_weight=258.0893859863281

[g11 seed=42] DONE in 1005s. Phase stats:
  phase 0 goal=[30, 30] meanD=6.14 finalQ=1.69 actions=[133, 143, 84, 90]
  phase 1 goal=[1, 30] meanD=2.50 finalQ=1.31 actions=[120, 99, 96, 135]
  phase 2 goal=[1, 1] meanD=2.51 finalQ=1.73 actions=[88, 108, 129, 125]
  phase 3 goal=[30, 1] meanD=2.59 finalQ=1.65 actions=[104, 132, 135, 79]
[sc-pv] arm=sc_popvector: phase0_finalQ=1.690 post_change_finalQ=['1.310', '1.726', '1.646'] (sum 4.681) gate=6.371681415929203 late_sustain=0.923
[sc-pv] arm=sc_popvector per-phase dominant cardinal: ['E', 'W', 'S', 'S']
[sc-pv] arm=sc_popvector per-phase action frac: [{'N': 0.296, 'E': 0.318, 'S': 0.187, 'W': 0.2}, {'N': 0.267, 'E': 0.22, 'S': 0.213, 'W': 0.3}, {'N': 0.196, 'E': 0.24, 'S': 0.287, 'W': 0.278}, {'N': 0.231, 'E': 0.293, 'S': 0.3, 'W': 0.176}]
[sc-pv] arm=sc_popvector FIX1=True FIX2=False FIX3=False FIXA=False (sigma=1.0 gain=1.0) tie_break_fraction=0.1161 (209/1800)
[sc-pv] arm=sc_popvector thal_counts    N-S=+828 (+6.2%) E-W=+461
[sc-pv] arm=sc_popvector sel_counts     N-S=+1521 (+3.1%) E-W=+5024
[sc-pv] arm=sc_popvector commit_counts  N-S=+2639 (+5.2%) E-W=+4101
[sc-pv] arm=sc_popvector motor_counts   N-S=+353 (+5.9%) E-W=+169

[sc-pv] ===== POPULATION-VECTOR READ-OUT RE-ORIENT VERDICT =====
  host_phase0_finalQ: None
  host_post_change_finalQ_sum: None
  ramp_post_change_finalQ_sum: None
  popvector_post_change_finalQ_sum: 4.68141592920354
  scramble_post_change_finalQ_sum: None
  host_tracking: None
  ramp_tracking: None
  popvector_tracking: {'dominant_per_phase': ['E', 'W', 'S', 'S'], 'n_distinct_dominant': 3, 'has_W_dominant_phase': True, 'has_E_dominant_phase': True, 'tracks_goal': True}
  scramble_tracking: None
  ramp_late_sustain: None
  popvector_late_sustain: 0.9233333333333333
  popvector_fix1: True
  popvector_fix2: False
  popvector_fix3: False
  popvector_fixA: False
  popvector_stage_surplus: {'thal_counts': {'N': 13702.0, 'E': 13969.0, 'S': 12874.0, 'W': 13508.0, 'NS_surplus': 828.0, 'NS_pct': 6.23, 'EW_surplus': 461.0}, 'sel_counts': {'N': 50171.0, 'E': 54533.0, 'S': 48650.0, 'W': 49509.0, 'NS_surplus': 1521.0, 'NS_pct': 3.08, 'EW_surplus': 5024.0}, 'commit_counts': {'N': 51873.0, 'E': 54829.0, 'S': 49234.0, 'W': 50728.0, 'NS_surplus': 2639.0, 'NS_pct': 5.22, 'EW_surplus': 4101.0}, 'motor_counts': {'N': 6167.0, 'E': 5953.0, 'S': 5814.0, 'W': 5784.0, 'NS_surplus': 353.0, 'NS_pct': 5.89, 'EW_surplus': 169.0}}
  ramp_stage_surplus: None
  scramble_stage_surplus: None
  popvector_tie_break_fraction: 0.11611111111111111
  popvector_opponent_axis_fraction: 0.0
  scramble_tie_break_fraction: None
  scramble_opponent_axis_fraction: None
  NOTE: GO (#6 CONVERTS) if popvector_tracking.tracks_goal is True AND popvector_post_change approaches host (host_over_popvector_post_ratio ~1, vs the ramp's ~0.01) AND the SCRAMBLE lesion collapses (scramble_tracking.tracks_goal False / much worse finalQ). HONEST NEGATIVE otherwise -- report whether popvector still does NOT track (under-selective) or a deeper issue.
[sc-pv] wrote research/findings/raw/nav_gate_2a/r2/scpv_R2_s42.json
