[sc-pv] arm=sc_popvector_scr seed=42 grid=32 n_steps=1800 warmup=600 scw=18.0 sigma=5.0 gain=0.02 with_conv=False
[g11 seed=42] Spiking-SNc Stage A: dopamine modulator = from_region_firing_signed over ['snc'] (tonic=220.0pA, k_r=400.0, k_v=400.0); RPE is the SNc FIRING. V = host reward_ema (Stage-A scaffold).
[2026-06-27 19:21:32][INFO] SIM_BRIDGE: CuPy using GPU: NVIDIA GeForce RTX 3090 (24.0 GB), mempool limit: 80%
[2026-06-27 19:21:32][INFO] SIM_BRIDGE: Initializing simulation data for model: IZHIKEVICH (3D)... (playback_init: False)
[2026-06-27 19:21:32][INFO] SIM_BRIDGE: Brain-region framework: 71 regions, 7722 total neurons, 162 pathways.
[2026-06-27 19:21:32][INFO] SIM_BRIDGE: RNG initialized with seed: 42
[2026-06-27 19:21:32][INFO] SIM_BRIDGE: NMDA per-region mask: 12 regions enabled (300 neurons)
[2026-06-27 19:21:32][INFO] SIM_BRIDGE: Homeostasis per-region mask: 2 regions enabled (280 neurons)
[2026-06-27 19:21:32][INFO] SIM_BRIDGE: Input-divisive-norm per-region mask: 4 regions enabled (100 neurons)
[2026-06-27 19:21:32][INFO] SIM_BRIDGE: Initializing Izhikevich model specifics for 7722 neurons...
[2026-06-27 19:21:32][INFO] SIM_BRIDGE: Region 'cortex_N' (25 neurons): using Izh type IZH2007_RS_CORTICAL_PYRAMIDAL
[2026-06-27 19:21:32][INFO] SIM_BRIDGE: Region 'cortex_E' (25 neurons): using Izh type IZH2007_RS_CORTICAL_PYRAMIDAL
[2026-06-27 19:21:32][INFO] SIM_BRIDGE: Region 'cortex_S' (25 neurons): using Izh type IZH2007_RS_CORTICAL_PYRAMIDAL
[2026-06-27 19:21:32][INFO] SIM_BRIDGE: Region 'cortex_W' (25 neurons): using Izh type IZH2007_RS_CORTICAL_PYRAMIDAL
[2026-06-27 19:21:32][INFO] SIM_BRIDGE: Region 'cortex_FS_N' (5 neurons): using Izh type IZH2007_FS_CORTICAL_INTERNEURON
[2026-06-27 19:21:32][INFO] SIM_BRIDGE: Region 'cortex_FS_E' (5 neurons): using Izh type IZH2007_FS_CORTICAL_INTERNEURON
[2026-06-27 19:21:32][INFO] SIM_BRIDGE: Region 'cortex_FS_S' (5 neurons): using Izh type IZH2007_FS_CORTICAL_INTERNEURON
[2026-06-27 19:21:32][INFO] SIM_BRIDGE: Region 'cortex_FS_W' (5 neurons): using Izh type IZH2007_FS_CORTICAL_INTERNEURON
[2026-06-27 19:21:32][INFO] SIM_BRIDGE: Region 'str_D1_N' (50 neurons): using Izh type IZH2007_STRIATAL_MSN_D1
[2026-06-27 19:21:32][INFO] SIM_BRIDGE: Region 'str_D2_N' (50 neurons): using Izh type IZH2007_STRIATAL_MSN_D2
[2026-06-27 19:21:32][INFO] SIM_BRIDGE: Region 'str_D1_E' (50 neurons): using Izh type IZH2007_STRIATAL_MSN_D1
[2026-06-27 19:21:32][INFO] SIM_BRIDGE: Region 'str_D2_E' (50 neurons): using Izh type IZH2007_STRIATAL_MSN_D2
[2026-06-27 19:21:32][INFO] SIM_BRIDGE: Region 'str_D1_S' (50 neurons): using Izh type IZH2007_STRIATAL_MSN_D1
[2026-06-27 19:21:32][INFO] SIM_BRIDGE: Region 'str_D2_S' (50 neurons): using Izh type IZH2007_STRIATAL_MSN_D2
[2026-06-27 19:21:32][INFO] SIM_BRIDGE: Region 'str_D1_W' (50 neurons): using Izh type IZH2007_STRIATAL_MSN_D1
[2026-06-27 19:21:32][INFO] SIM_BRIDGE: Region 'str_D2_W' (50 neurons): using Izh type IZH2007_STRIATAL_MSN_D2
[2026-06-27 19:21:32][INFO] SIM_BRIDGE: Region 'str_PV_FSI_N' (5 neurons): using Izh type IZH2007_FS_CORTICAL_INTERNEURON
[2026-06-27 19:21:32][INFO] SIM_BRIDGE: Region 'str_PV_FSI_E' (5 neurons): using Izh type IZH2007_FS_CORTICAL_INTERNEURON
[2026-06-27 19:21:32][INFO] SIM_BRIDGE: Region 'str_PV_FSI_S' (5 neurons): using Izh type IZH2007_FS_CORTICAL_INTERNEURON
[2026-06-27 19:21:32][INFO] SIM_BRIDGE: Region 'str_PV_FSI_W' (5 neurons): using Izh type IZH2007_FS_CORTICAL_INTERNEURON
[2026-06-27 19:21:32][INFO] SIM_BRIDGE: Region 'gpe_N' (10 neurons): using Izh type IZH2007_GPE_PACEMAKER
[2026-06-27 19:21:32][INFO] SIM_BRIDGE: Region 'gpe_arky_N' (4 neurons): using Izh type IZH2007_GPE_PACEMAKER
[2026-06-27 19:21:32][INFO] SIM_BRIDGE: Region 'gpi_N' (10 neurons): using Izh type IZH2007_GPI_OUTPUT
[2026-06-27 19:21:32][INFO] SIM_BRIDGE: Region 'str_striosome_N' (8 neurons): using Izh type IZH2007_STRIATAL_MSN_D1
[2026-06-27 19:21:32][INFO] SIM_BRIDGE: Region 'gpe_E' (10 neurons): using Izh type IZH2007_GPE_PACEMAKER
[2026-06-27 19:21:32][INFO] SIM_BRIDGE: Region 'gpe_arky_E' (4 neurons): using Izh type IZH2007_GPE_PACEMAKER
[2026-06-27 19:21:32][INFO] SIM_BRIDGE: Region 'gpi_E' (10 neurons): using Izh type IZH2007_GPI_OUTPUT
[2026-06-27 19:21:32][INFO] SIM_BRIDGE: Region 'str_striosome_E' (8 neurons): using Izh type IZH2007_STRIATAL_MSN_D1
[2026-06-27 19:21:32][INFO] SIM_BRIDGE: Region 'gpe_S' (10 neurons): using Izh type IZH2007_GPE_PACEMAKER
[2026-06-27 19:21:32][INFO] SIM_BRIDGE: Region 'gpe_arky_S' (4 neurons): using Izh type IZH2007_GPE_PACEMAKER
[2026-06-27 19:21:32][INFO] SIM_BRIDGE: Region 'gpi_S' (10 neurons): using Izh type IZH2007_GPI_OUTPUT
[2026-06-27 19:21:32][INFO] SIM_BRIDGE: Region 'str_striosome_S' (8 neurons): using Izh type IZH2007_STRIATAL_MSN_D1
[2026-06-27 19:21:32][INFO] SIM_BRIDGE: Region 'gpe_W' (10 neurons): using Izh type IZH2007_GPE_PACEMAKER
[2026-06-27 19:21:32][INFO] SIM_BRIDGE: Region 'gpe_arky_W' (4 neurons): using Izh type IZH2007_GPE_PACEMAKER
[2026-06-27 19:21:32][INFO] SIM_BRIDGE: Region 'gpi_W' (10 neurons): using Izh type IZH2007_GPI_OUTPUT
[2026-06-27 19:21:32][INFO] SIM_BRIDGE: Region 'str_striosome_W' (8 neurons): using Izh type IZH2007_STRIATAL_MSN_D1
[2026-06-27 19:21:32][INFO] SIM_BRIDGE: Region 'stn' (20 neurons): using Izh type IZH2007_STN_BURST
[2026-06-27 19:21:32][INFO] SIM_BRIDGE: Region 'thal_N' (10 neurons): using Izh type IZH2007_THALAMIC_RELAY
[2026-06-27 19:21:32][INFO] SIM_BRIDGE: Region 'motor_N' (10 neurons): using Izh type IZH2007_RS_CORTICAL_PYRAMIDAL
[2026-06-27 19:21:32][INFO] SIM_BRIDGE: Region 'thal_E' (10 neurons): using Izh type IZH2007_THALAMIC_RELAY
[2026-06-27 19:21:32][INFO] SIM_BRIDGE: Region 'motor_E' (10 neurons): using Izh type IZH2007_RS_CORTICAL_PYRAMIDAL
[2026-06-27 19:21:32][INFO] SIM_BRIDGE: Region 'thal_S' (10 neurons): using Izh type IZH2007_THALAMIC_RELAY
[2026-06-27 19:21:32][INFO] SIM_BRIDGE: Region 'motor_S' (10 neurons): using Izh type IZH2007_RS_CORTICAL_PYRAMIDAL
[2026-06-27 19:21:32][INFO] SIM_BRIDGE: Region 'thal_W' (10 neurons): using Izh type IZH2007_THALAMIC_RELAY
[2026-06-27 19:21:32][INFO] SIM_BRIDGE: Region 'motor_W' (10 neurons): using Izh type IZH2007_RS_CORTICAL_PYRAMIDAL
[2026-06-27 19:21:32][INFO] SIM_BRIDGE: Region 'snc' (10 neurons): using Izh type IZH2007_DOPAMINE
[2026-06-27 19:21:32][INFO] SIM_BRIDGE: Region 'reward_us' (40 neurons): using Izh type IZH2007_RS_CORTICAL_PYRAMIDAL
[2026-06-27 19:21:32][INFO] SIM_BRIDGE: Region 'vs_place_context' (200 neurons): using Izh type IZH2007_RS_CORTICAL_PYRAMIDAL
[2026-06-27 19:21:32][INFO] SIM_BRIDGE: Region 'striosome_value' (80 neurons): using Izh type IZH2007_STRIATAL_MSN_D1
[2026-06-27 19:21:32][INFO] SIM_BRIDGE: Region 'sel_N' (40 neurons): using Izh type IZH2007_RS_CORTICAL_PYRAMIDAL
[2026-06-27 19:21:32][INFO] SIM_BRIDGE: Region 'sel_FS_N' (10 neurons): using Izh type IZH2007_FS_CORTICAL_INTERNEURON
[2026-06-27 19:21:32][INFO] SIM_BRIDGE: Region 'commit_N' (40 neurons): using Izh type IZH2007_RS_CORTICAL_PYRAMIDAL
[2026-06-27 19:21:32][INFO] SIM_BRIDGE: Region 'sel_E' (40 neurons): using Izh type IZH2007_RS_CORTICAL_PYRAMIDAL
[2026-06-27 19:21:32][INFO] SIM_BRIDGE: Region 'sel_FS_E' (10 neurons): using Izh type IZH2007_FS_CORTICAL_INTERNEURON
[2026-06-27 19:21:32][INFO] SIM_BRIDGE: Region 'commit_E' (40 neurons): using Izh type IZH2007_RS_CORTICAL_PYRAMIDAL
[2026-06-27 19:21:32][INFO] SIM_BRIDGE: Region 'sel_S' (40 neurons): using Izh type IZH2007_RS_CORTICAL_PYRAMIDAL
[2026-06-27 19:21:32][INFO] SIM_BRIDGE: Region 'sel_FS_S' (10 neurons): using Izh type IZH2007_FS_CORTICAL_INTERNEURON
[2026-06-27 19:21:32][INFO] SIM_BRIDGE: Region 'commit_S' (40 neurons): using Izh type IZH2007_RS_CORTICAL_PYRAMIDAL
[2026-06-27 19:21:32][INFO] SIM_BRIDGE: Region 'sel_W' (40 neurons): using Izh type IZH2007_RS_CORTICAL_PYRAMIDAL
[2026-06-27 19:21:32][INFO] SIM_BRIDGE: Region 'sel_FS_W' (10 neurons): using Izh type IZH2007_FS_CORTICAL_INTERNEURON
[2026-06-27 19:21:32][INFO] SIM_BRIDGE: Region 'commit_W' (40 neurons): using Izh type IZH2007_RS_CORTICAL_PYRAMIDAL
[2026-06-27 19:21:32][INFO] SIM_BRIDGE: Region 'commit_OPN' (20 neurons): using Izh type IZH2007_FS_CORTICAL_INTERNEURON
[2026-06-27 19:21:32][INFO] SIM_BRIDGE: Region 'retina' (2048 neurons): using Izh type IZH2007_RS_CORTICAL_PYRAMIDAL
[2026-06-27 19:21:32][INFO] SIM_BRIDGE: Region 'cortex_v1_simple' (1024 neurons): using Izh type IZH2007_RS_CORTICAL_PYRAMIDAL
[2026-06-27 19:21:32][INFO] SIM_BRIDGE: Region 'cortex_v1_complex' (512 neurons): using Izh type IZH2007_RS_CORTICAL_PYRAMIDAL
[2026-06-27 19:21:32][INFO] SIM_BRIDGE: Region 'cortex_v2' (256 neurons): using Izh type IZH2007_RS_CORTICAL_PYRAMIDAL
[2026-06-27 19:21:32][INFO] SIM_BRIDGE: Region 'cortex_it' (64 neurons): using Izh type IZH2007_RS_CORTICAL_PYRAMIDAL
[2026-06-27 19:21:32][INFO] SIM_BRIDGE: Region 'sc_retina' (2048 neurons): using Izh type IZH2007_RS_CORTICAL_PYRAMIDAL
[2026-06-27 19:21:32][INFO] SIM_BRIDGE: Region 'sc_map' (256 neurons): using Izh type IZH2007_RS_CORTICAL_PYRAMIDAL
[2026-06-27 19:21:32][INFO] SIM_BRIDGE: Region 'sc_fs' (12 neurons): using Izh type IZH2007_FS_CORTICAL_INTERNEURON
[2026-06-27 19:21:32][INFO] SIM_BRIDGE: Region 'sc_rostral' (24 neurons): using Izh type IZH2007_RS_CORTICAL_PYRAMIDAL
[2026-06-27 19:21:32][INFO] SIM_BRIDGE: Generating 3D neuron positions for 7722 neurons...
[2026-06-27 19:21:32][INFO] SIM_BRIDGE: Generating connections (brain-region framework)...
[2026-06-27 19:21:33][INFO] SIM_BRIDGE: inject_explicit_wiring: installed 182986 synapses across 172 populations.
[2026-06-27 19:21:33][INFO] SIM_BRIDGE: Initializing eligibility traces for 182986 synapses (capacity: 274479, dtype: float32)...
[2026-06-27 19:21:33][INFO] SIM_BRIDGE: Initialized neuromodulator subsystem with 1 modulators: ['dopamine']
[2026-06-27 19:21:33][INFO] SIM_BRIDGE: Initializing STDP state for 7722 neurons...
[2026-06-27 19:21:33][INFO] SIM_BRIDGE: Simulation data initialized for 7722 neurons (3D). Synapses: 182986. GPU memory: 1.3GB/25.8GB (5.1%)
[g11 seed=42] Cluster K v2: applied 70592 Gabor weights to retina -> cortex_v1_simple
[g11 seed=42] Cluster K v2: visual_cortex_action gate frozen until warmup
[g11] spiking SC: OPPONENT-AXIS decode ON -- installed 2560 sc_map->cortex_FS opponent-inhibition synapses (fs_weight=14.0; opposing-half bump inhibits the cardinal => E-W / N-S push-pull contrast)
[g11] spiking SC: installed 24388 synapses (retina->sc_map 16x16 + recurrent + sc_map->cortex_NESW + sc_map->sc_rostral (N5))
[g11 seed=42] #6 SC read-out: POPULATION-VECTOR (cosine) + cortex_X divisive-norm (sigma=5.0, gain=0.02)
[g11 seed=42] N5 reward: boosted sc_rostral->reward_us to 40.0 (960 synapses)
[g11 seed=42] Spiking-SNc Stage B: NEURAL value critic ON (striosome_value n=80, vs_place_context->value w0=0.20115986466407776); r-V subtracted via GABA_B/GIRK (E_K=-90mV, prop=0.02); critic->SNc gate = OPEN (continuous, Stage 1). Host _V_scaffold DROPPED.
[g11 seed=42] BG circuit: 71 regions, 7722 neurons, 274861 synapses
[g11 seed=42] step 100/1800  pos=(2,16)  goal=(30,30)  recent_dist=50.96  action=E  reward=+1.00  actions= 33N/ 22E/ 18S/ 27W
[PROGRESS] {"kind": "step", "current": 100, "total": 1800, "phase": "seed=42", "unit": "steps", "pos": [2, 16], "goal": [30, 30], "recent_dist": 50.96, "action": "E", "reward": 1.0}
[g11 seed=42] step 200/1800  pos=(5,14)  goal=(30,30)  recent_dist=42.54  action=N  reward=+1.00  actions= 26N/ 23E/ 28S/ 23W
[PROGRESS] {"kind": "step", "current": 200, "total": 1800, "phase": "seed=42", "unit": "steps", "pos": [5, 14], "goal": [30, 30], "recent_dist": 42.54, "action": "N", "reward": 1.0}
[g11 seed=42] step 300/1800  pos=(0,31)  goal=(30,30)  recent_dist=33.91  action=N  reward=-1.00  actions= 33N/ 18E/ 16S/ 33W
[PROGRESS] {"kind": "step", "current": 300, "total": 1800, "phase": "seed=42", "unit": "steps", "pos": [0, 31], "goal": [30, 30], "recent_dist": 33.91, "action": "N", "reward": -1.0}
[g11 seed=42] step 400/1800  pos=(3,30)  goal=(30,30)  recent_dist=26.01  action=N  reward=+1.00  actions= 34N/ 25E/ 19S/ 22W
[PROGRESS] {"kind": "step", "current": 400, "total": 1800, "phase": "seed=42", "unit": "steps", "pos": [3, 30], "goal": [30, 30], "recent_dist": 26.01, "action": "N", "reward": 1.0}
[g11 seed=42] step 450: GOAL CHANGED to (1, 30)
[g11 seed=42] step 500/1800  pos=(8,31)  goal=(1,30)  recent_dist=16.17  action=N  reward=+0.00  actions= 30N/ 26E/ 15S/ 29W
[PROGRESS] {"kind": "step", "current": 500, "total": 1800, "phase": "seed=42", "unit": "steps", "pos": [8, 31], "goal": [1, 30], "recent_dist": 16.17, "action": "N", "reward": 0.0}
[g11 seed=42] step 600/1800  pos=(5,31)  goal=(1,30)  recent_dist=5.04  action=N  reward=+0.00  actions= 89N/  2E/  4S/  5W
[PROGRESS] {"kind": "step", "current": 600, "total": 1800, "phase": "seed=42", "unit": "steps", "pos": [5, 31], "goal": [1, 30], "recent_dist": 5.04, "action": "N", "reward": 0.0}
[g11 seed=42] step 600: Cluster K v2 visual_cortex_action gate OPENED (warmup=600)
[g11 seed=42] step 700/1800  pos=(8,31)  goal=(1,30)  recent_dist=7.09  action=N  reward=+0.00  actions= 97N/  3E/  0S/  0W
[PROGRESS] {"kind": "step", "current": 700, "total": 1800, "phase": "seed=42", "unit": "steps", "pos": [8, 31], "goal": [1, 30], "recent_dist": 7.09, "action": "N", "reward": 0.0}
[g11 seed=42] step 800/1800  pos=(8,31)  goal=(1,30)  recent_dist=8.00  action=N  reward=+0.00  actions=100N/  0E/  0S/  0W
[PROGRESS] {"kind": "step", "current": 800, "total": 1800, "phase": "seed=42", "unit": "steps", "pos": [8, 31], "goal": [1, 30], "recent_dist": 8.0, "action": "N", "reward": 0.0}
[g11 seed=42] step 900/1800  pos=(9,31)  goal=(1,30)  recent_dist=8.66  action=N  reward=+0.00  actions= 97N/  2E/  0S/  1W
[PROGRESS] {"kind": "step", "current": 900, "total": 1800, "phase": "seed=42", "unit": "steps", "pos": [9, 31], "goal": [1, 30], "recent_dist": 8.66, "action": "N", "reward": 0.0}
[g11 seed=42] step 900: GOAL CHANGED to (1, 1)
[g11 seed=42] step 1000/1800  pos=(2,11)  goal=(1,1)  recent_dist=16.25  action=S  reward=+1.00  actions=  4N/ 18E/ 23S/ 55W
[PROGRESS] {"kind": "step", "current": 1000, "total": 1800, "phase": "seed=42", "unit": "steps", "pos": [2, 11], "goal": [1, 1], "recent_dist": 16.25, "action": "S", "reward": 1.0}
[g11 seed=42] step 1100/1800  pos=(0,0)  goal=(1,1)  recent_dist=10.30  action=S  reward=+0.00  actions= 16N/  9E/ 33S/ 42W
[PROGRESS] {"kind": "step", "current": 1100, "total": 1800, "phase": "seed=42", "unit": "steps", "pos": [0, 0], "goal": [1, 1], "recent_dist": 10.3, "action": "S", "reward": 0.0}
[g11 seed=42] step 1200/1800  pos=(0,0)  goal=(1,1)  recent_dist=2.00  action=S  reward=+0.00  actions=  0N/  0E/ 99S/  1W
[PROGRESS] {"kind": "step", "current": 1200, "total": 1800, "phase": "seed=42", "unit": "steps", "pos": [0, 0], "goal": [1, 1], "recent_dist": 2.0, "action": "S", "reward": 0.0}
[g11 seed=42] step 1300/1800  pos=(1,0)  goal=(1,1)  recent_dist=1.81  action=S  reward=+0.00  actions=  2N/  6E/ 79S/ 13W
[PROGRESS] {"kind": "step", "current": 1300, "total": 1800, "phase": "seed=42", "unit": "steps", "pos": [1, 0], "goal": [1, 1], "recent_dist": 1.81, "action": "S", "reward": 0.0}
[g11 seed=42] step 1350: GOAL CHANGED to (30, 1)
[g11 seed=42] step 1400/1800  pos=(0,0)  goal=(30,1)  recent_dist=16.40  action=W  reward=+0.00  actions=  5N/  4E/ 47S/ 44W
[PROGRESS] {"kind": "step", "current": 1400, "total": 1800, "phase": "seed=42", "unit": "steps", "pos": [0, 0], "goal": [30, 1], "recent_dist": 16.4, "action": "W", "reward": 0.0}
[g11 seed=42] step 1500/1800  pos=(0,0)  goal=(30,1)  recent_dist=30.87  action=S  reward=+0.00  actions=  2N/  5E/ 36S/ 57W
[PROGRESS] {"kind": "step", "current": 1500, "total": 1800, "phase": "seed=42", "unit": "steps", "pos": [0, 0], "goal": [30, 1], "recent_dist": 30.87, "action": "S", "reward": 0.0}
[g11 seed=42] step 1600/1800  pos=(1,2)  goal=(30,1)  recent_dist=30.69  action=S  reward=+1.00  actions=  9N/  8E/ 43S/ 40W
[PROGRESS] {"kind": "step", "current": 1600, "total": 1800, "phase": "seed=42", "unit": "steps", "pos": [1, 2], "goal": [30, 1], "recent_dist": 30.69, "action": "S", "reward": 1.0}
[g11 seed=42] step 1700/1800  pos=(0,1)  goal=(30,1)  recent_dist=30.37  action=W  reward=+0.00  actions= 13N/ 10E/ 27S/ 50W
[PROGRESS] {"kind": "step", "current": 1700, "total": 1800, "phase": "seed=42", "unit": "steps", "pos": [0, 1], "goal": [30, 1], "recent_dist": 30.37, "action": "W", "reward": 0.0}
[g11 seed=42] step 1800/1800  pos=(2,1)  goal=(30,1)  recent_dist=30.49  action=E  reward=+1.00  actions= 10N/ 12E/ 32S/ 46W
[PROGRESS] {"kind": "step", "current": 1800, "total": 1800, "phase": "seed=42", "unit": "steps", "pos": [2, 1], "goal": [30, 1], "recent_dist": 30.49, "action": "E", "reward": 1.0}
[g11 seed=42] NAV-GATE(a) stdp_w_max=400.0  sum_finalQ=67.5310  mean_distance_overall=20.4200  actor_max_cortex_to_D1_weight=204.06163024902344

[g11 seed=42] DONE in 871s. Phase stats:
  phase 0 goal=[30, 30] meanD=37.31 finalQ=26.70 actions=[142, 99, 88, 121]
  phase 1 goal=[1, 30] meanD=6.77 finalQ=8.58 actions=[397, 22, 12, 19]
  phase 2 goal=[1, 1] meanD=6.95 finalQ=1.76 actions=[27, 36, 269, 118]
  phase 3 goal=[30, 1] meanD=30.64 finalQ=30.49 actions=[34, 36, 150, 230]
[sc-pv] arm=sc_popvector_scr: phase0_finalQ=26.699 post_change_finalQ=['8.584', '1.761', '30.487'] (sum 40.832) gate=67.53097345132744 late_sustain=0.930
[sc-pv] arm=sc_popvector_scr per-phase dominant cardinal: ['N', 'N', 'S', 'W']
[sc-pv] arm=sc_popvector_scr per-phase action frac: [{'N': 0.316, 'E': 0.22, 'S': 0.196, 'W': 0.269}, {'N': 0.882, 'E': 0.049, 'S': 0.027, 'W': 0.042}, {'N': 0.06, 'E': 0.08, 'S': 0.598, 'W': 0.262}, {'N': 0.076, 'E': 0.08, 'S': 0.333, 'W': 0.511}]
[sc-pv] arm=sc_popvector_scr FIX1=True FIX2=False FIX3=False FIXA=False (sigma=1.0 gain=1.0) tie_break_fraction=0.1678 (302/1800)
[sc-pv] arm=sc_popvector_scr thal_counts    N-S=+1885 (+15.1%) E-W=-323
[sc-pv] arm=sc_popvector_scr sel_counts     N-S=+18783 (+31.1%) E-W=-21486
[sc-pv] arm=sc_popvector_scr commit_counts  N-S=+18041 (+28.8%) E-W=-21905
[sc-pv] arm=sc_popvector_scr motor_counts   N-S=+114 (+2.3%) E-W=-777

[sc-pv] ===== POPULATION-VECTOR READ-OUT RE-ORIENT VERDICT =====
  host_phase0_finalQ: None
  host_post_change_finalQ_sum: None
  ramp_post_change_finalQ_sum: None
  popvector_post_change_finalQ_sum: None
  scramble_post_change_finalQ_sum: 40.83185840707965
  host_tracking: None
  ramp_tracking: None
  popvector_tracking: None
  scramble_tracking: {'dominant_per_phase': ['N', 'N', 'S', 'W'], 'n_distinct_dominant': 3, 'has_W_dominant_phase': True, 'has_E_dominant_phase': False, 'tracks_goal': True}
  ramp_late_sustain: None
  popvector_late_sustain: None
  popvector_fix1: None
  popvector_fix2: None
  popvector_fix3: None
  popvector_fixA: None
  popvector_stage_surplus: None
  ramp_stage_surplus: None
  scramble_stage_surplus: {'thal_counts': {'N': 13468.0, 'E': 12029.0, 'S': 11583.0, 'W': 12352.0, 'NS_surplus': 1885.0, 'NS_pct': 15.05, 'EW_surplus': -323.0}, 'sel_counts': {'N': 69723.0, 'E': 26582.0, 'S': 50940.0, 'W': 48068.0, 'NS_surplus': 18783.0, 'NS_pct': 31.13, 'EW_surplus': -21486.0}, 'commit_counts': {'N': 71779.0, 'E': 28168.0, 'S': 53738.0, 'W': 50073.0, 'NS_surplus': 18041.0, 'NS_pct': 28.75, 'EW_surplus': -21905.0}, 'motor_counts': {'N': 5008.0, 'E': 4054.0, 'S': 4894.0, 'W': 4831.0, 'NS_surplus': 114.0, 'NS_pct': 2.3, 'EW_surplus': -777.0}}
  popvector_tie_break_fraction: None
  popvector_opponent_axis_fraction: None
  scramble_tie_break_fraction: 0.16777777777777778
  scramble_opponent_axis_fraction: 0.0
  NOTE: GO (#6 CONVERTS) if popvector_tracking.tracks_goal is True AND popvector_post_change approaches host (host_over_popvector_post_ratio ~1, vs the ramp's ~0.01) AND the SCRAMBLE lesion collapses (scramble_tracking.tracks_goal False / much worse finalQ). HONEST NEGATIVE otherwise -- report whether popvector still does NOT track (under-selective) or a deeper issue.
[sc-pv] wrote research/findings/raw/nav_gate_2a/r2/scpv_SCRAM_R2_s42.json
