====================================================================================================
[CUMULATIVE / STAGED STREAM-CORTEX TRAINING DE-RISK]
  backend=cupy seed=42 n_concepts=1000 n_per=8 n_hub=300 N=3500 vocab_filter=pos
  corpus=tinystories.txt+simplewiki.txt
  GO = preservation corr(M_reload,M_saved)>=0.999 AND compounding (corr(M,C)_2Neff>=corr(M,C)_freshN-0.01 AND recall_2Neff>=recall_freshN); moat 0-FA always
====================================================================================================
  [curriculum] corpus=tinystories.txt+simplewiki.txt | 9830 stories, 24938799 tokens, 320777 types | vocab-filter=pos
  [curriculum] 1000 words (high-freq-first), freq 63571->1549 | 30/32 categories | 997/1000 gen-usable (cat has >=2 members) | 173/1000 content
  [curriculum] developmental order (top 20): ['people', 'born', 'city', 'known', 'time', 'called', 'used', 'made', 'world', 'county', 'died', 'said', 'became', 'day', 'played', 'movie', 'part', 'state', 'years', 'name']

----- STAGE [fresh-N] : 3500 windows (fresh) -----
[2026-06-26 22:09:32][INFO] SIM_BRIDGE: CuPy using GPU: NVIDIA GeForce RTX 3090 (24.0 GB), mempool limit: 80%
[2026-06-26 22:09:32][INFO] SIM_BRIDGE: Initializing simulation data for model: IZHIKEVICH (3D)... (playback_init: False)
[2026-06-26 22:09:32][INFO] SIM_BRIDGE: Brain-region framework: 2 regions, 10400 total neurons, 1 pathways.
[2026-06-26 22:09:32][INFO] SIM_BRIDGE: RNG initialized with seed: 42
[2026-06-26 22:09:32][INFO] SIM_BRIDGE: Initializing Izhikevich model specifics for 10400 neurons...
[2026-06-26 22:09:32][INFO] SIM_BRIDGE: Applying parameter heterogeneity to neuron parameters...
[2026-06-26 22:09:32][INFO] SIM_BRIDGE: Applied heterogeneity to 4 parameters.
[2026-06-26 22:09:32][INFO] SIM_BRIDGE: Generating 3D neuron positions for 10400 neurons...
[2026-06-26 22:09:32][INFO] SIM_BRIDGE: Generating connections (brain-region framework)...
[2026-06-26 22:09:41][WARNING] SIM_BRIDGE: No trait info available; all synapses default to E->E STP type.
[2026-06-26 22:09:41][INFO] SIM_BRIDGE: inject_explicit_wiring: installed 19200000 synapses across 1 populations.
[2026-06-26 22:09:41][INFO] SIM_BRIDGE: Initializing STP state for 19200000 synapses (capacity: 28800000)...
[2026-06-26 22:09:41][INFO] SIM_BRIDGE: Initializing eligibility traces for 19200000 synapses (capacity: 28800000, dtype: float32)...
[2026-06-26 22:09:41][WARNING] SIM_BRIDGE: No trait info available; all synapses default to E->E STP type.
[2026-06-26 22:09:41][INFO] SIM_BRIDGE: Initializing structural plasticity state...
[2026-06-26 22:09:41][INFO] SIM_BRIDGE: Simulation data initialized for 10400 neurons (3D). Synapses: 19200000. GPU memory: 2.9GB/25.8GB (11.4%)
[2026-06-26 22:11:17][INFO] SIM_BRIDGE: CuPy using GPU: NVIDIA GeForce RTX 3090 (24.0 GB), mempool limit: 80%
[2026-06-26 22:11:17][INFO] SIM_BRIDGE: Initializing simulation data for model: IZHIKEVICH (3D)... (playback_init: False)
[2026-06-26 22:11:17][INFO] SIM_BRIDGE: RNG initialized with seed: 42
[2026-06-26 22:11:17][INFO] SIM_BRIDGE: Initializing Izhikevich model specifics for 256 neurons...
[2026-06-26 22:11:17][INFO] SIM_BRIDGE: Applying parameter heterogeneity to neuron parameters...
[2026-06-26 22:11:17][INFO] SIM_BRIDGE: Applied heterogeneity to 4 parameters.
[2026-06-26 22:11:17][INFO] SIM_BRIDGE: Initializing OU process state (tau=15.0ms, sigma=0.0pA)...
[2026-06-26 22:11:17][INFO] SIM_BRIDGE: Generating 3D neuron positions for 256 neurons...
[2026-06-26 22:11:17][INFO] SIM_BRIDGE: Generating connections (3D)...
[2026-06-26 22:11:17][INFO] SIM_BRIDGE: Simulation data initialized for 256 neurons (3D). Synapses: 0. GPU memory: 5.3GB/25.8GB (20.4%)
[2026-06-26 22:11:18][INFO] SIM_BRIDGE: CuPy using GPU: NVIDIA GeForce RTX 3090 (24.0 GB), mempool limit: 80%
[2026-06-26 22:11:18][INFO] SIM_BRIDGE: Initializing simulation data for model: IZHIKEVICH (3D)... (playback_init: False)
[2026-06-26 22:11:18][INFO] SIM_BRIDGE: RNG initialized with seed: 42
[2026-06-26 22:11:18][INFO] SIM_BRIDGE: Initializing Izhikevich model specifics for 512 neurons...
[2026-06-26 22:11:18][INFO] SIM_BRIDGE: Applying parameter heterogeneity to neuron parameters...
[2026-06-26 22:11:18][INFO] SIM_BRIDGE: Applied heterogeneity to 4 parameters.
[2026-06-26 22:11:18][INFO] SIM_BRIDGE: Initializing OU process state (tau=15.0ms, sigma=0.0pA)...
[2026-06-26 22:11:18][INFO] SIM_BRIDGE: Generating 3D neuron positions for 512 neurons...
[2026-06-26 22:11:18][INFO] SIM_BRIDGE: Generating connections (3D)...
[2026-06-26 22:11:18][INFO] SIM_BRIDGE: Simulation data initialized for 512 neurons (3D). Synapses: 0. GPU memory: 5.3GB/25.8GB (20.4%)
[2026-06-26 22:11:32][INFO] SIM_BRIDGE: CuPy using GPU: NVIDIA GeForce RTX 3090 (24.0 GB), mempool limit: 80%
[2026-06-26 22:11:32][INFO] SIM_BRIDGE: Initializing simulation data for model: IZHIKEVICH (3D)... (playback_init: False)
[2026-06-26 22:11:32][INFO] SIM_BRIDGE: RNG initialized with seed: 42
[2026-06-26 22:11:32][INFO] SIM_BRIDGE: Initializing Izhikevich model specifics for 6144 neurons...
[2026-06-26 22:11:32][INFO] SIM_BRIDGE: Applying parameter heterogeneity to neuron parameters...
[2026-06-26 22:11:32][INFO] SIM_BRIDGE: Applied heterogeneity to 4 parameters.
[2026-06-26 22:11:32][INFO] SIM_BRIDGE: Initializing OU process state (tau=15.0ms, sigma=0.0pA)...
[2026-06-26 22:11:32][INFO] SIM_BRIDGE: Generating 3D neuron positions for 6144 neurons...
[2026-06-26 22:11:32][INFO] SIM_BRIDGE: Generating connections (3D)...
[2026-06-26 22:11:32][INFO] SIM_BRIDGE: Simulation data initialized for 6144 neurons (3D). Synapses: 0. GPU memory: 5.3GB/25.8GB (20.4%)
[2026-06-26 22:12:20][INFO] SIM_BRIDGE: Saving checkpoint to research/findings/raw/_cum_derisk\freshN.simstate.h5...
[2026-06-26 22:12:22][SUCCESS] SIM_BRIDGE: Checkpoint saved successfully to research/findings/raw/_cum_derisk\freshN.simstate.h5
  [save-bridge] wrote research/findings/raw/_cum_derisk\freshN.simstate.h5
  [fresh-N] 3500 win in 94s | corr(M,C)=+0.838 | recall 0.625 (30/48) | false-accept 0 | gen 0.051 | VRAM 5007.5 MB

----- STAGE [reload@0] : 0 windows | RESUME freshN.simstate.h5 -----
[2026-06-26 22:12:25][INFO] SIM_BRIDGE: CuPy using GPU: NVIDIA GeForce RTX 3090 (24.0 GB), mempool limit: 80%
[2026-06-26 22:12:25][INFO] SIM_BRIDGE: Initializing simulation data for model: IZHIKEVICH (3D)... (playback_init: False)
[2026-06-26 22:12:25][INFO] SIM_BRIDGE: Brain-region framework: 2 regions, 10400 total neurons, 1 pathways.
[2026-06-26 22:12:25][INFO] SIM_BRIDGE: RNG initialized with seed: 42
[2026-06-26 22:12:25][INFO] SIM_BRIDGE: Initializing Izhikevich model specifics for 10400 neurons...
[2026-06-26 22:12:25][INFO] SIM_BRIDGE: Applying parameter heterogeneity to neuron parameters...
[2026-06-26 22:12:25][INFO] SIM_BRIDGE: Applied heterogeneity to 4 parameters.
[2026-06-26 22:12:25][INFO] SIM_BRIDGE: Generating 3D neuron positions for 10400 neurons...
[2026-06-26 22:12:25][INFO] SIM_BRIDGE: Generating connections (brain-region framework)...
[2026-06-26 22:12:34][WARNING] SIM_BRIDGE: No trait info available; all synapses default to E->E STP type.
[2026-06-26 22:12:34][INFO] SIM_BRIDGE: inject_explicit_wiring: installed 19200000 synapses across 1 populations.
[2026-06-26 22:12:34][INFO] SIM_BRIDGE: Initializing STP state for 19200000 synapses (capacity: 28800000)...
[2026-06-26 22:12:34][INFO] SIM_BRIDGE: Initializing eligibility traces for 19200000 synapses (capacity: 28800000, dtype: float32)...
[2026-06-26 22:12:34][WARNING] SIM_BRIDGE: No trait info available; all synapses default to E->E STP type.
[2026-06-26 22:12:34][INFO] SIM_BRIDGE: Initializing structural plasticity state...
[2026-06-26 22:12:34][INFO] SIM_BRIDGE: Simulation data initialized for 10400 neurons (3D). Synapses: 19200000. GPU memory: 5.3GB/25.8GB (20.4%)
[2026-06-26 22:12:34][INFO] SIM_BRIDGE: Loading checkpoint from research/findings/raw/_cum_derisk\freshN.simstate.h5...
[2026-06-26 22:12:34][INFO] SIM_BRIDGE: Clearing simulation state and GPU memory...
[2026-06-26 22:12:34][INFO] SIM_BRIDGE: Cleared simulation state and GPU memory.
[2026-06-26 22:12:34][DEBUG] SIM_BRIDGE: Checkpoint: Dataset for 'cp_adex_w' not found or was empty. Using default.
[2026-06-26 22:12:34][DEBUG] SIM_BRIDGE: Checkpoint: Dataset for 'cp_ou_current' not found or was empty. Using default.
[2026-06-26 22:12:35][SUCCESS] SIM_BRIDGE: Checkpoint loaded. Sim time: 0.0ms, Step: 0, Model: IZHIKEVICH
[2026-06-26 22:12:37][INFO] SIM_BRIDGE: CuPy using GPU: NVIDIA GeForce RTX 3090 (24.0 GB), mempool limit: 80%
[2026-06-26 22:12:37][INFO] SIM_BRIDGE: Initializing simulation data for model: IZHIKEVICH (3D)... (playback_init: False)
[2026-06-26 22:12:37][INFO] SIM_BRIDGE: RNG initialized with seed: 42
[2026-06-26 22:12:37][INFO] SIM_BRIDGE: Initializing Izhikevich model specifics for 256 neurons...
[2026-06-26 22:12:37][INFO] SIM_BRIDGE: Applying parameter heterogeneity to neuron parameters...
[2026-06-26 22:12:37][INFO] SIM_BRIDGE: Applied heterogeneity to 4 parameters.
[2026-06-26 22:12:37][INFO] SIM_BRIDGE: Initializing OU process state (tau=15.0ms, sigma=0.0pA)...
[2026-06-26 22:12:37][INFO] SIM_BRIDGE: Generating 3D neuron positions for 256 neurons...
[2026-06-26 22:12:37][INFO] SIM_BRIDGE: Generating connections (3D)...
[2026-06-26 22:12:37][INFO] SIM_BRIDGE: Simulation data initialized for 256 neurons (3D). Synapses: 0. GPU memory: 4.7GB/25.8GB (18.1%)
[2026-06-26 22:12:38][INFO] SIM_BRIDGE: CuPy using GPU: NVIDIA GeForce RTX 3090 (24.0 GB), mempool limit: 80%
[2026-06-26 22:12:38][INFO] SIM_BRIDGE: Initializing simulation data for model: IZHIKEVICH (3D)... (playback_init: False)
[2026-06-26 22:12:38][INFO] SIM_BRIDGE: RNG initialized with seed: 42
[2026-06-26 22:12:38][INFO] SIM_BRIDGE: Initializing Izhikevich model specifics for 512 neurons...
[2026-06-26 22:12:38][INFO] SIM_BRIDGE: Applying parameter heterogeneity to neuron parameters...
[2026-06-26 22:12:38][INFO] SIM_BRIDGE: Applied heterogeneity to 4 parameters.
[2026-06-26 22:12:38][INFO] SIM_BRIDGE: Initializing OU process state (tau=15.0ms, sigma=0.0pA)...
[2026-06-26 22:12:38][INFO] SIM_BRIDGE: Generating 3D neuron positions for 512 neurons...
[2026-06-26 22:12:38][INFO] SIM_BRIDGE: Generating connections (3D)...
[2026-06-26 22:12:38][INFO] SIM_BRIDGE: Simulation data initialized for 512 neurons (3D). Synapses: 0. GPU memory: 4.7GB/25.8GB (18.1%)
[2026-06-26 22:12:53][INFO] SIM_BRIDGE: CuPy using GPU: NVIDIA GeForce RTX 3090 (24.0 GB), mempool limit: 80%
[2026-06-26 22:12:53][INFO] SIM_BRIDGE: Initializing simulation data for model: IZHIKEVICH (3D)... (playback_init: False)
[2026-06-26 22:12:53][INFO] SIM_BRIDGE: RNG initialized with seed: 42
[2026-06-26 22:12:53][INFO] SIM_BRIDGE: Initializing Izhikevich model specifics for 6144 neurons...
[2026-06-26 22:12:53][INFO] SIM_BRIDGE: Applying parameter heterogeneity to neuron parameters...
[2026-06-26 22:12:53][INFO] SIM_BRIDGE: Applied heterogeneity to 4 parameters.
[2026-06-26 22:12:53][INFO] SIM_BRIDGE: Initializing OU process state (tau=15.0ms, sigma=0.0pA)...
[2026-06-26 22:12:53][INFO] SIM_BRIDGE: Generating 3D neuron positions for 6144 neurons...
[2026-06-26 22:12:53][INFO] SIM_BRIDGE: Generating connections (3D)...
[2026-06-26 22:12:53][INFO] SIM_BRIDGE: Simulation data initialized for 6144 neurons (3D). Synapses: 0. GPU memory: 4.7GB/25.8GB (18.1%)
  [reload@0] 0 win in 0s | corr(M,C)=+0.000 | recall 0.625 (30/48) | false-accept 0 | gen 0.051 | VRAM 4451.5 MB
  [PRESERVATION] corr(M_reload, M_saved) = +1.000000  (bar 0.999)

----- STAGE [reload+N (2N-eff)] : 3500 windows | RESUME freshN.simstate.h5 -----
[2026-06-26 22:13:42][INFO] SIM_BRIDGE: CuPy using GPU: NVIDIA GeForce RTX 3090 (24.0 GB), mempool limit: 80%
[2026-06-26 22:13:42][INFO] SIM_BRIDGE: Initializing simulation data for model: IZHIKEVICH (3D)... (playback_init: False)
[2026-06-26 22:13:42][INFO] SIM_BRIDGE: Brain-region framework: 2 regions, 10400 total neurons, 1 pathways.
[2026-06-26 22:13:42][INFO] SIM_BRIDGE: RNG initialized with seed: 42
[2026-06-26 22:13:42][INFO] SIM_BRIDGE: Initializing Izhikevich model specifics for 10400 neurons...
[2026-06-26 22:13:42][INFO] SIM_BRIDGE: Applying parameter heterogeneity to neuron parameters...
[2026-06-26 22:13:42][INFO] SIM_BRIDGE: Applied heterogeneity to 4 parameters.
[2026-06-26 22:13:42][INFO] SIM_BRIDGE: Generating 3D neuron positions for 10400 neurons...
[2026-06-26 22:13:42][INFO] SIM_BRIDGE: Generating connections (brain-region framework)...
[2026-06-26 22:13:51][WARNING] SIM_BRIDGE: No trait info available; all synapses default to E->E STP type.
[2026-06-26 22:13:51][INFO] SIM_BRIDGE: inject_explicit_wiring: installed 19200000 synapses across 1 populations.
[2026-06-26 22:13:51][INFO] SIM_BRIDGE: Initializing STP state for 19200000 synapses (capacity: 28800000)...
[2026-06-26 22:13:51][INFO] SIM_BRIDGE: Initializing eligibility traces for 19200000 synapses (capacity: 28800000, dtype: float32)...
[2026-06-26 22:13:51][WARNING] SIM_BRIDGE: No trait info available; all synapses default to E->E STP type.
[2026-06-26 22:13:51][INFO] SIM_BRIDGE: Initializing structural plasticity state...
[2026-06-26 22:13:51][INFO] SIM_BRIDGE: Simulation data initialized for 10400 neurons (3D). Synapses: 19200000. GPU memory: 4.7GB/25.8GB (18.1%)
[2026-06-26 22:13:51][INFO] SIM_BRIDGE: Loading checkpoint from research/findings/raw/_cum_derisk\freshN.simstate.h5...
[2026-06-26 22:13:51][INFO] SIM_BRIDGE: Clearing simulation state and GPU memory...
[2026-06-26 22:13:51][INFO] SIM_BRIDGE: Cleared simulation state and GPU memory.
[2026-06-26 22:13:51][DEBUG] SIM_BRIDGE: Checkpoint: Dataset for 'cp_adex_w' not found or was empty. Using default.
[2026-06-26 22:13:51][DEBUG] SIM_BRIDGE: Checkpoint: Dataset for 'cp_ou_current' not found or was empty. Using default.
[2026-06-26 22:13:52][SUCCESS] SIM_BRIDGE: Checkpoint loaded. Sim time: 0.0ms, Step: 0, Model: IZHIKEVICH
[2026-06-26 22:15:10][INFO] SIM_BRIDGE: CuPy using GPU: NVIDIA GeForce RTX 3090 (24.0 GB), mempool limit: 80%
[2026-06-26 22:15:10][INFO] SIM_BRIDGE: Initializing simulation data for model: IZHIKEVICH (3D)... (playback_init: False)
[2026-06-26 22:15:10][INFO] SIM_BRIDGE: RNG initialized with seed: 42
[2026-06-26 22:15:10][INFO] SIM_BRIDGE: Initializing Izhikevich model specifics for 256 neurons...
[2026-06-26 22:15:10][INFO] SIM_BRIDGE: Applying parameter heterogeneity to neuron parameters...
[2026-06-26 22:15:10][INFO] SIM_BRIDGE: Applied heterogeneity to 4 parameters.
[2026-06-26 22:15:10][INFO] SIM_BRIDGE: Initializing OU process state (tau=15.0ms, sigma=0.0pA)...
[2026-06-26 22:15:10][INFO] SIM_BRIDGE: Generating 3D neuron positions for 256 neurons...
[2026-06-26 22:15:10][INFO] SIM_BRIDGE: Generating connections (3D)...
[2026-06-26 22:15:10][INFO] SIM_BRIDGE: Simulation data initialized for 256 neurons (3D). Synapses: 0. GPU memory: 4.7GB/25.8GB (18.4%)
[2026-06-26 22:15:10][INFO] SIM_BRIDGE: CuPy using GPU: NVIDIA GeForce RTX 3090 (24.0 GB), mempool limit: 80%
[2026-06-26 22:15:10][INFO] SIM_BRIDGE: Initializing simulation data for model: IZHIKEVICH (3D)... (playback_init: False)
[2026-06-26 22:15:10][INFO] SIM_BRIDGE: RNG initialized with seed: 42
[2026-06-26 22:15:10][INFO] SIM_BRIDGE: Initializing Izhikevich model specifics for 512 neurons...
[2026-06-26 22:15:10][INFO] SIM_BRIDGE: Applying parameter heterogeneity to neuron parameters...
[2026-06-26 22:15:10][INFO] SIM_BRIDGE: Applied heterogeneity to 4 parameters.
[2026-06-26 22:15:10][INFO] SIM_BRIDGE: Initializing OU process state (tau=15.0ms, sigma=0.0pA)...
[2026-06-26 22:15:10][INFO] SIM_BRIDGE: Generating 3D neuron positions for 512 neurons...
[2026-06-26 22:15:10][INFO] SIM_BRIDGE: Generating connections (3D)...
[2026-06-26 22:15:10][INFO] SIM_BRIDGE: Simulation data initialized for 512 neurons (3D). Synapses: 0. GPU memory: 4.7GB/25.8GB (18.4%)
[2026-06-26 22:15:26][INFO] SIM_BRIDGE: CuPy using GPU: NVIDIA GeForce RTX 3090 (24.0 GB), mempool limit: 80%
[2026-06-26 22:15:26][INFO] SIM_BRIDGE: Initializing simulation data for model: IZHIKEVICH (3D)... (playback_init: False)
[2026-06-26 22:15:26][INFO] SIM_BRIDGE: RNG initialized with seed: 42
[2026-06-26 22:15:26][INFO] SIM_BRIDGE: Initializing Izhikevich model specifics for 6144 neurons...
[2026-06-26 22:15:26][INFO] SIM_BRIDGE: Applying parameter heterogeneity to neuron parameters...
[2026-06-26 22:15:26][INFO] SIM_BRIDGE: Applied heterogeneity to 4 parameters.
[2026-06-26 22:15:26][INFO] SIM_BRIDGE: Initializing OU process state (tau=15.0ms, sigma=0.0pA)...
[2026-06-26 22:15:26][INFO] SIM_BRIDGE: Generating 3D neuron positions for 6144 neurons...
[2026-06-26 22:15:26][INFO] SIM_BRIDGE: Generating connections (3D)...
[2026-06-26 22:15:26][INFO] SIM_BRIDGE: Simulation data initialized for 6144 neurons (3D). Synapses: 0. GPU memory: 4.7GB/25.8GB (18.4%)
  [reload+N (2N-eff)] 3500 win in 75s | corr(M,C)=+0.823 | recall 0.292 (14/48) | false-accept 0 | gen 0.051 | VRAM 4525.5 MB

----- STAGE [fresh-2N (ceiling)] : 7000 windows (fresh) -----
[2026-06-26 22:16:16][INFO] SIM_BRIDGE: CuPy using GPU: NVIDIA GeForce RTX 3090 (24.0 GB), mempool limit: 80%
[2026-06-26 22:16:16][INFO] SIM_BRIDGE: Initializing simulation data for model: IZHIKEVICH (3D)... (playback_init: False)
[2026-06-26 22:16:16][INFO] SIM_BRIDGE: Brain-region framework: 2 regions, 10400 total neurons, 1 pathways.
[2026-06-26 22:16:16][INFO] SIM_BRIDGE: RNG initialized with seed: 42
[2026-06-26 22:16:16][INFO] SIM_BRIDGE: Initializing Izhikevich model specifics for 10400 neurons...
[2026-06-26 22:16:16][INFO] SIM_BRIDGE: Applying parameter heterogeneity to neuron parameters...
[2026-06-26 22:16:16][INFO] SIM_BRIDGE: Applied heterogeneity to 4 parameters.
[2026-06-26 22:16:16][INFO] SIM_BRIDGE: Generating 3D neuron positions for 10400 neurons...
[2026-06-26 22:16:16][INFO] SIM_BRIDGE: Generating connections (brain-region framework)...
[2026-06-26 22:16:25][WARNING] SIM_BRIDGE: No trait info available; all synapses default to E->E STP type.
[2026-06-26 22:16:25][INFO] SIM_BRIDGE: inject_explicit_wiring: installed 19200000 synapses across 1 populations.
[2026-06-26 22:16:25][INFO] SIM_BRIDGE: Initializing STP state for 19200000 synapses (capacity: 28800000)...
[2026-06-26 22:16:25][INFO] SIM_BRIDGE: Initializing eligibility traces for 19200000 synapses (capacity: 28800000, dtype: float32)...
[2026-06-26 22:16:25][WARNING] SIM_BRIDGE: No trait info available; all synapses default to E->E STP type.
[2026-06-26 22:16:25][INFO] SIM_BRIDGE: Initializing structural plasticity state...
[2026-06-26 22:16:25][INFO] SIM_BRIDGE: Simulation data initialized for 10400 neurons (3D). Synapses: 19200000. GPU memory: 4.7GB/25.8GB (18.4%)
[learn-progress] 5000/7000 windows  129s
[2026-06-26 22:19:27][INFO] SIM_BRIDGE: CuPy using GPU: NVIDIA GeForce RTX 3090 (24.0 GB), mempool limit: 80%
[2026-06-26 22:19:27][INFO] SIM_BRIDGE: Initializing simulation data for model: IZHIKEVICH (3D)... (playback_init: False)
[2026-06-26 22:19:27][INFO] SIM_BRIDGE: RNG initialized with seed: 42
[2026-06-26 22:19:27][INFO] SIM_BRIDGE: Initializing Izhikevich model specifics for 256 neurons...
[2026-06-26 22:19:27][INFO] SIM_BRIDGE: Applying parameter heterogeneity to neuron parameters...
[2026-06-26 22:19:27][INFO] SIM_BRIDGE: Applied heterogeneity to 4 parameters.
[2026-06-26 22:19:27][INFO] SIM_BRIDGE: Initializing OU process state (tau=15.0ms, sigma=0.0pA)...
[2026-06-26 22:19:27][INFO] SIM_BRIDGE: Generating 3D neuron positions for 256 neurons...
[2026-06-26 22:19:27][INFO] SIM_BRIDGE: Generating connections (3D)...
[2026-06-26 22:19:27][INFO] SIM_BRIDGE: Simulation data initialized for 256 neurons (3D). Synapses: 0. GPU memory: 5.6GB/25.8GB (21.9%)
[2026-06-26 22:19:27][INFO] SIM_BRIDGE: CuPy using GPU: NVIDIA GeForce RTX 3090 (24.0 GB), mempool limit: 80%
[2026-06-26 22:19:27][INFO] SIM_BRIDGE: Initializing simulation data for model: IZHIKEVICH (3D)... (playback_init: False)
[2026-06-26 22:19:27][INFO] SIM_BRIDGE: RNG initialized with seed: 42
[2026-06-26 22:19:27][INFO] SIM_BRIDGE: Initializing Izhikevich model specifics for 512 neurons...
[2026-06-26 22:19:27][INFO] SIM_BRIDGE: Applying parameter heterogeneity to neuron parameters...
[2026-06-26 22:19:27][INFO] SIM_BRIDGE: Applied heterogeneity to 4 parameters.
[2026-06-26 22:19:27][INFO] SIM_BRIDGE: Initializing OU process state (tau=15.0ms, sigma=0.0pA)...
[2026-06-26 22:19:27][INFO] SIM_BRIDGE: Generating 3D neuron positions for 512 neurons...
[2026-06-26 22:19:27][INFO] SIM_BRIDGE: Generating connections (3D)...
[2026-06-26 22:19:27][INFO] SIM_BRIDGE: Simulation data initialized for 512 neurons (3D). Synapses: 0. GPU memory: 5.6GB/25.8GB (21.9%)
[2026-06-26 22:19:42][INFO] SIM_BRIDGE: CuPy using GPU: NVIDIA GeForce RTX 3090 (24.0 GB), mempool limit: 80%
[2026-06-26 22:19:42][INFO] SIM_BRIDGE: Initializing simulation data for model: IZHIKEVICH (3D)... (playback_init: False)
[2026-06-26 22:19:42][INFO] SIM_BRIDGE: RNG initialized with seed: 42
[2026-06-26 22:19:42][INFO] SIM_BRIDGE: Initializing Izhikevich model specifics for 6144 neurons...
[2026-06-26 22:19:42][INFO] SIM_BRIDGE: Applying parameter heterogeneity to neuron parameters...
[2026-06-26 22:19:42][INFO] SIM_BRIDGE: Applied heterogeneity to 4 parameters.
[2026-06-26 22:19:42][INFO] SIM_BRIDGE: Initializing OU process state (tau=15.0ms, sigma=0.0pA)...
[2026-06-26 22:19:42][INFO] SIM_BRIDGE: Generating 3D neuron positions for 6144 neurons...
[2026-06-26 22:19:42][INFO] SIM_BRIDGE: Generating connections (3D)...
[2026-06-26 22:19:42][INFO] SIM_BRIDGE: Simulation data initialized for 6144 neurons (3D). Synapses: 0. GPU memory: 5.6GB/25.8GB (21.9%)
  [fresh-2N (ceiling)] 7000 win in 180s | corr(M,C)=+0.840 | recall 0.583 (28/48) | false-accept 0 | gen 0.087 | VRAM 5379.5 MB

====================================================================================================
  VERDICT: CUMULATIVE TRAINING NEGATIVE — COMPOUNDING corr(M,C) did NOT rise: 2N-eff +0.823 < fresh-N +0.838-0.01 (resume is inert); COMPOUNDING recall dropped: 2N-eff 0.292 < fresh-N 0.625. This maps whether checkpoint-resume is the right cumulative mechanism vs needing the lineage/develop-loop machinery instead.
  [saved] research/findings/raw/_cum_derisk/summary.json  (wall 693.7s)
====================================================================================================
