=== concept_pool_demo_shared (seed=44, n_concepts=32) ===
  Architecture: 1 shared concept pool (1600 neurons)
  Vocab: ['go', 'come', 'run', 'walk', 'jump', 'fall', 'fly', 'swim', 'look', 'see']...
  Per-concept slice: 50 neurons (total: 1600 of 1600)

[2026-05-15 12:55:41][INFO] SIM_BRIDGE: CuPy using GPU: NVIDIA GeForce RTX 3090 (24.0 GB), mempool limit: 80%
[2026-05-15 12:55:41][INFO] SIM_BRIDGE: Initializing simulation data for model: IZHIKEVICH (3D)... (playback_init: False)
[2026-05-15 12:55:41][INFO] SIM_BRIDGE: Brain-region framework: 4 regions, 18184 total neurons, 4 pathways.
[2026-05-15 12:55:41][INFO] SIM_BRIDGE: RNG initialized with seed: 44
[2026-05-15 12:55:41][INFO] SIM_BRIDGE: Initializing Izhikevich model specifics for 18184 neurons...
[2026-05-15 12:55:41][INFO] SIM_BRIDGE: Applying parameter heterogeneity to neuron parameters...
[2026-05-15 12:55:41][INFO] SIM_BRIDGE: Applied heterogeneity to 4 parameters.
[2026-05-15 12:55:41][INFO] SIM_BRIDGE: Initializing OU process state (tau=15.0ms, sigma=100.0pA)...
[2026-05-15 12:55:41][INFO] SIM_BRIDGE: Generating 3D neuron positions for 18184 neurons...
[2026-05-15 12:55:41][INFO] SIM_BRIDGE: Generating connections (brain-region framework)...
[2026-05-15 12:55:52][INFO] SIM_BRIDGE: inject_explicit_wiring: installed 8182676 synapses across 5 populations.
[2026-05-15 12:55:52][INFO] SIM_BRIDGE: Initializing eligibility traces for 8182676 synapses (capacity: 12274014, dtype: float32)...
[2026-05-15 12:55:52][INFO] SIM_BRIDGE: Initializing STDP state for 18184 neurons...
[2026-05-15 12:55:52][INFO] SIM_BRIDGE: Simulation data initialized for 18184 neurons (3D). Synapses: 8182676. GPU memory: 1.9GB/25.8GB (7.4%)
[shared-pool bridge] 18184 neurons total: shared_concept_pool=1600, lang_input=8192, lang_output=8192
[build] 12.9s
[topographic prior] applied: 118308 boosted (10.0x), 3660342 dampened (0.1x) on 32 concept slices
[topographic prior] 7.0s

[TRAIN] 32 concepts x 400 events = 12800 total events
  interleaved event 200/12800 (18s)
  interleaved event 400/12800 (36s)
  interleaved event 600/12800 (57s)
  interleaved event 800/12800 (77s)
  interleaved event 1000/12800 (106s)
  interleaved event 1200/12800 (134s)
  interleaved event 1400/12800 (163s)
  interleaved event 1600/12800 (191s)
  interleaved event 1800/12800 (220s)
  interleaved event 2000/12800 (248s)
  interleaved event 2200/12800 (277s)
  interleaved event 2400/12800 (306s)
  interleaved event 2600/12800 (334s)
  interleaved event 2800/12800 (363s)
  interleaved event 3000/12800 (391s)
  interleaved event 3200/12800 (420s)
  interleaved event 3400/12800 (449s)
  interleaved event 3600/12800 (477s)
  interleaved event 3800/12800 (506s)
  interleaved event 4000/12800 (534s)
  interleaved event 4200/12800 (563s)
  interleaved event 4400/12800 (591s)
  interleaved event 4600/12800 (620s)
  interleaved event 4800/12800 (649s)
  interleaved event 5000/12800 (677s)
  interleaved event 5200/12800 (706s)
  interleaved event 5400/12800 (735s)
  interleaved event 5600/12800 (763s)
  interleaved event 5800/12800 (792s)
  interleaved event 6000/12800 (821s)
  interleaved event 6200/12800 (849s)
  interleaved event 6400/12800 (878s)
  interleaved event 6600/12800 (906s)
  interleaved event 6800/12800 (935s)
  interleaved event 7000/12800 (964s)
  interleaved event 7200/12800 (992s)
  interleaved event 7400/12800 (1021s)
  interleaved event 7600/12800 (1050s)
  interleaved event 7800/12800 (1078s)
  interleaved event 8000/12800 (1107s)
  interleaved event 8200/12800 (1136s)
  interleaved event 8400/12800 (1164s)
  interleaved event 8600/12800 (1193s)
  interleaved event 8800/12800 (1222s)
  interleaved event 9000/12800 (1250s)
  interleaved event 9200/12800 (1279s)
  interleaved event 9400/12800 (1308s)
  interleaved event 9600/12800 (1336s)
  interleaved event 9800/12800 (1365s)
  interleaved event 10000/12800 (1394s)
  interleaved event 10200/12800 (1422s)
  interleaved event 10400/12800 (1451s)
  interleaved event 10600/12800 (1480s)
  interleaved event 10800/12800 (1508s)
  interleaved event 11000/12800 (1537s)
  interleaved event 11200/12800 (1565s)
  interleaved event 11400/12800 (1594s)
  interleaved event 11600/12800 (1623s)
  interleaved event 11800/12800 (1651s)
  interleaved event 12000/12800 (1680s)
  interleaved event 12200/12800 (1709s)
  interleaved event 12400/12800 (1737s)
  interleaved event 12600/12800 (1766s)
  interleaved event 12800/12800 (1794s)
[TRAIN] 1794.5s total

[ENGRAM] capturing 32 engram tags...
[ENGRAM] 20.5s (teacher-bias capture, ~100% PASS expected)

[EVAL-SLICE] discrimination via per-slice firing rate...
[EVAL-SLICE] 56.3s

[RESULTS] 32/32 top-1 (100.0%), 32/32 top-5 (100.0%)

word         rank  tgt_rate   max_off   
go               1      518.0      238.0
come             1      629.0      292.0
run              1      996.0      165.0
walk             1      741.0      275.0
jump             1      677.0      230.0
fall             1      755.0      211.0
fly              1      451.0      250.0
swim             1      699.0      232.0
look             1      700.0      261.0
see              1      723.0      325.0
hear             1      696.0      231.0
listen           1      560.0      280.0
watch            1      380.0      313.0
find             1      499.0      212.0
push             1      660.0      252.0
pull             1      565.0      246.0
open             1      610.0      257.0
close            1      506.0      250.0
give             1      978.0      283.0
take             1      661.0      218.0
hold             1      728.0      276.0
drop             1      579.0      189.0
speak            1      301.0      228.0
read             1      567.0      175.0
write            1      681.0      232.0
say              1      642.0      322.0
eat              1      406.0      314.0
drink            1      570.0      273.0
sleep            1      564.0      219.0
wake             1      527.0      227.0
stop             1      743.0      193.0
wait             1      587.0      220.0

  chance top-1: 3.1%, chance top-5: 15.6%
  observed: top-1 100.0% (32.0x chance)
[2026-05-15 13:27:11][INFO] SIM_BRIDGE: Saving checkpoint to research/findings/raw/g11_bg/g20_bridges/bridgeB_verbs_seed44.simstate.h5...
[2026-05-15 13:27:13][SUCCESS] SIM_BRIDGE: Checkpoint saved successfully to research/findings/raw/g11_bg/g20_bridges/bridgeB_verbs_seed44.simstate.h5
[SAVE] bridge -> research/findings/raw/g11_bg/g20_bridges/bridgeB_verbs_seed44.simstate.h5
[OUT] -> research/findings/raw/g11_bg/g20_bridges/bridgeB_verbs_seed44.json
