=== concept_pool_demo_shared (seed=43, n_concepts=32) ===
  Architecture: 1 shared concept pool (1600 neurons)
  Vocab: ['apple', 'river', 'dog', 'cat', 'bird', 'fish', 'mouse', 'frog', 'tree', 'flower']...
  Per-concept slice: 50 neurons (total: 1600 of 1600)

[2026-05-15 11:16:29][INFO] SIM_BRIDGE: CuPy using GPU: NVIDIA GeForce RTX 3090 (24.0 GB), mempool limit: 80%
[2026-05-15 11:16:29][INFO] SIM_BRIDGE: Initializing simulation data for model: IZHIKEVICH (3D)... (playback_init: False)
[2026-05-15 11:16:29][INFO] SIM_BRIDGE: Brain-region framework: 4 regions, 18184 total neurons, 4 pathways.
[2026-05-15 11:16:29][INFO] SIM_BRIDGE: RNG initialized with seed: 43
[2026-05-15 11:16:29][INFO] SIM_BRIDGE: Initializing Izhikevich model specifics for 18184 neurons...
[2026-05-15 11:16:29][INFO] SIM_BRIDGE: Applying parameter heterogeneity to neuron parameters...
[2026-05-15 11:16:29][INFO] SIM_BRIDGE: Applied heterogeneity to 4 parameters.
[2026-05-15 11:16:29][INFO] SIM_BRIDGE: Initializing OU process state (tau=15.0ms, sigma=100.0pA)...
[2026-05-15 11:16:29][INFO] SIM_BRIDGE: Generating 3D neuron positions for 18184 neurons...
[2026-05-15 11:16:29][INFO] SIM_BRIDGE: Generating connections (brain-region framework)...
[2026-05-15 11:16:40][INFO] SIM_BRIDGE: inject_explicit_wiring: installed 8181684 synapses across 5 populations.
[2026-05-15 11:16:40][INFO] SIM_BRIDGE: Initializing eligibility traces for 8181684 synapses (capacity: 12272526, dtype: float32)...
[2026-05-15 11:16:40][INFO] SIM_BRIDGE: Initializing STDP state for 18184 neurons...
[2026-05-15 11:16:40][INFO] SIM_BRIDGE: Simulation data initialized for 18184 neurons (3D). Synapses: 8181684. GPU memory: 1.9GB/25.8GB (7.4%)
[shared-pool bridge] 18184 neurons total: shared_concept_pool=1600, lang_input=8192, lang_output=8192
[build] 12.3s
[topographic prior] applied: 118065 boosted (10.0x), 3658068 dampened (0.1x) on 32 concept slices
[topographic prior] 6.3s

[TRAIN] 32 concepts x 400 events = 12800 total events
  interleaved event 200/12800 (15s)
  interleaved event 400/12800 (29s)
  interleaved event 600/12800 (44s)
  interleaved event 800/12800 (58s)
  interleaved event 1000/12800 (72s)
  interleaved event 1200/12800 (88s)
  interleaved event 1400/12800 (105s)
  interleaved event 1600/12800 (119s)
  interleaved event 1800/12800 (133s)
  interleaved event 2000/12800 (147s)
  interleaved event 2200/12800 (163s)
  interleaved event 2400/12800 (177s)
  interleaved event 2600/12800 (190s)
  interleaved event 2800/12800 (204s)
  interleaved event 3000/12800 (218s)
  interleaved event 3200/12800 (232s)
  interleaved event 3400/12800 (246s)
  interleaved event 3600/12800 (260s)
  interleaved event 3800/12800 (274s)
  interleaved event 4000/12800 (287s)
  interleaved event 4200/12800 (301s)
  interleaved event 4400/12800 (315s)
  interleaved event 4600/12800 (329s)
  interleaved event 4800/12800 (343s)
  interleaved event 5000/12800 (357s)
  interleaved event 5200/12800 (370s)
  interleaved event 5400/12800 (385s)
  interleaved event 5600/12800 (401s)
  interleaved event 5800/12800 (416s)
  interleaved event 6000/12800 (431s)
  interleaved event 6200/12800 (446s)
  interleaved event 6400/12800 (460s)
  interleaved event 6600/12800 (474s)
  interleaved event 6800/12800 (487s)
  interleaved event 7000/12800 (501s)
  interleaved event 7200/12800 (514s)
  interleaved event 7400/12800 (528s)
  interleaved event 7600/12800 (542s)
  interleaved event 7800/12800 (556s)
  interleaved event 8000/12800 (570s)
  interleaved event 8200/12800 (584s)
  interleaved event 8400/12800 (598s)
  interleaved event 8600/12800 (612s)
  interleaved event 8800/12800 (626s)
  interleaved event 9000/12800 (641s)
  interleaved event 9200/12800 (654s)
  interleaved event 9400/12800 (668s)
  interleaved event 9600/12800 (682s)
  interleaved event 9800/12800 (696s)
  interleaved event 10000/12800 (709s)
  interleaved event 10200/12800 (723s)
  interleaved event 10400/12800 (737s)
  interleaved event 10600/12800 (752s)
  interleaved event 10800/12800 (766s)
  interleaved event 11000/12800 (780s)
  interleaved event 11200/12800 (794s)
  interleaved event 11400/12800 (811s)
  interleaved event 11600/12800 (827s)
  interleaved event 11800/12800 (843s)
  interleaved event 12000/12800 (858s)
  interleaved event 12200/12800 (874s)
  interleaved event 12400/12800 (890s)
  interleaved event 12600/12800 (910s)
  interleaved event 12800/12800 (925s)
[TRAIN] 925.0s total

[ENGRAM] capturing 32 engram tags...
[ENGRAM] 4.5s

[EVAL-SLICE] discrimination via per-slice firing rate...
[EVAL-SLICE] 20.7s

[RESULTS] 21/32 top-1 (65.6%), 29/32 top-5 (90.6%)

word         rank  tgt_rate   max_off   
apple            1      460.0      241.0
river            1      627.0      297.0
dog              2      136.0      164.0
cat              1      204.0      189.0
bird             1      588.0      234.0
fish            21       49.0      199.0
mouse            1       92.0       87.0
frog             1      278.0      184.0
tree             1      344.0      186.0
flower           1      259.0      179.0
leaf             1      192.0      173.0
fruit            2      179.0      190.0
ball             5      140.0      218.0
key              1      650.0      229.0
book             1      595.0      192.0
cup              3      367.0      377.0
hand             7      127.0      204.0
foot             1      255.0      214.0
head             3      142.0      256.0
eye              1      566.0      123.0
person           1      226.0      176.0
baby            12      100.0      301.0
child            1      248.0      236.0
friend           1      465.0      178.0
house            2      157.0      324.0
road             1      262.0      211.0
garden           1      237.0      203.0
park             1      485.0      308.0
water            1      286.0      214.0
fire             2      213.0      232.0
sun              1      314.0      116.0
moon             2      158.0      171.0

  chance top-1: 3.1%, chance top-5: 15.6%
  observed: top-1 65.6% (21.0x chance)
[2026-05-15 11:32:37][INFO] SIM_BRIDGE: Saving checkpoint to research/findings/raw/g11_bg/g20_bridges/bridgeA_nouns_seed43.simstate.h5...
[2026-05-15 11:32:39][SUCCESS] SIM_BRIDGE: Checkpoint saved successfully to research/findings/raw/g11_bg/g20_bridges/bridgeA_nouns_seed43.simstate.h5
[SAVE] bridge -> research/findings/raw/g11_bg/g20_bridges/bridgeA_nouns_seed43.simstate.h5
[OUT] -> research/findings/raw/g11_bg/g20_bridges/bridgeA_nouns_seed43.json
