[2026-05-15 12:44:02][INFO] SIM_BRIDGE: CuPy using GPU: NVIDIA GeForce RTX 3090 (24.0 GB), mempool limit: 80%
[2026-05-15 12:44:02][INFO] SIM_BRIDGE: Initializing simulation data for model: IZHIKEVICH (3D)... (playback_init: False)
[2026-05-15 12:44:02][INFO] SIM_BRIDGE: Brain-region framework: 4 regions, 18184 total neurons, 4 pathways.
[2026-05-15 12:44:02][INFO] SIM_BRIDGE: RNG initialized with seed: 42
[2026-05-15 12:44:02][INFO] SIM_BRIDGE: Initializing Izhikevich model specifics for 18184 neurons...
[2026-05-15 12:44:03][INFO] SIM_BRIDGE: Applying parameter heterogeneity to neuron parameters...
[2026-05-15 12:44:03][INFO] SIM_BRIDGE: Applied heterogeneity to 4 parameters.
[2026-05-15 12:44:03][INFO] SIM_BRIDGE: Initializing OU process state (tau=15.0ms, sigma=100.0pA)...
[2026-05-15 12:44:03][INFO] SIM_BRIDGE: Generating 3D neuron positions for 18184 neurons...
[2026-05-15 12:44:03][INFO] SIM_BRIDGE: Generating connections (brain-region framework)...
[2026-05-15 12:44:13][INFO] SIM_BRIDGE: inject_explicit_wiring: installed 8186935 synapses across 5 populations.
[2026-05-15 12:44:13][INFO] SIM_BRIDGE: Initializing eligibility traces for 8186935 synapses (capacity: 12280402, dtype: float32)...
[2026-05-15 12:44:13][INFO] SIM_BRIDGE: Initializing STDP state for 18184 neurons...
[2026-05-15 12:44:13][INFO] SIM_BRIDGE: Simulation data initialized for 18184 neurons (3D). Synapses: 8186935. GPU memory: 1.9GB/25.8GB (7.4%)
[2026-05-15 12:44:14][INFO] SIM_BRIDGE: Loading checkpoint from research/findings/raw/g11_bg/g20_bridges/bridgeC_adj.simstate.h5...
[2026-05-15 12:44:14][INFO] SIM_BRIDGE: Clearing simulation state and GPU memory...
[2026-05-15 12:44:14][INFO] SIM_BRIDGE: Cleared simulation state and GPU memory.
[2026-05-15 12:44:14][DEBUG] SIM_BRIDGE: Checkpoint: Dataset for 'cp_adex_w' not found or was empty. Using default.
[2026-05-15 12:44:14][DEBUG] SIM_BRIDGE: Checkpoint: Dataset for 'cp_stp_u' not found or was empty. Using default.
[2026-05-15 12:44:14][DEBUG] SIM_BRIDGE: Checkpoint: Dataset for 'cp_stp_x' not found or was empty. Using default.
[2026-05-15 12:44:14][SUCCESS] SIM_BRIDGE: Checkpoint loaded. Sim time: 0.0ms, Step: 0, Model: IZHIKEVICH
[loaded research/findings/raw/g11_bg/g20_bridges/bridgeC_adj.simstate.h5]
[deleting 32 existing engram tags]
[re-capturing with method: teacher-bias]

[EVAL] re-evaluating after re-capture...

[RESULTS] after re-capture with teacher-bias:
  top-1: 32/32 (100.0%)
  top-5: 32/32 (100.0%)
  prior: 26/32 (81.2%)
  change: +6 top-1 (+18.8pp)
[2026-05-15 12:45:16][INFO] SIM_BRIDGE: Saving checkpoint to research/findings/raw/g11_bg/g20_bridges/bridgeC_adj_v2.simstate.h5...
[2026-05-15 12:45:18][SUCCESS] SIM_BRIDGE: Checkpoint saved successfully to research/findings/raw/g11_bg/g20_bridges/bridgeC_adj_v2.simstate.h5
[OUT] -> research/findings/raw/g11_bg/g20_bridges/bridgeC_adj_v2.json
