=== concept_pool_demo_shared (seed=44, n_concepts=32) ===
  Architecture: 1 shared concept pool (1600 neurons)
  Vocab: ['one', 'two', 'three', 'four', 'five', 'many', 'few', 'some', 'all', 'none']...
  Per-concept slice: 50 neurons (total: 1600 of 1600)

[2026-05-15 14:26:32][INFO] SIM_BRIDGE: CuPy using GPU: NVIDIA GeForce RTX 3090 (24.0 GB), mempool limit: 80%
[2026-05-15 14:26:32][INFO] SIM_BRIDGE: Initializing simulation data for model: IZHIKEVICH (3D)... (playback_init: False)
[2026-05-15 14:26:32][INFO] SIM_BRIDGE: Brain-region framework: 4 regions, 18184 total neurons, 4 pathways.
[2026-05-15 14:26:32][INFO] SIM_BRIDGE: RNG initialized with seed: 44
[2026-05-15 14:26:32][INFO] SIM_BRIDGE: Initializing Izhikevich model specifics for 18184 neurons...
[2026-05-15 14:26:32][INFO] SIM_BRIDGE: Applying parameter heterogeneity to neuron parameters...
[2026-05-15 14:26:32][INFO] SIM_BRIDGE: Applied heterogeneity to 4 parameters.
[2026-05-15 14:26:32][INFO] SIM_BRIDGE: Initializing OU process state (tau=15.0ms, sigma=100.0pA)...
[2026-05-15 14:26:32][INFO] SIM_BRIDGE: Generating 3D neuron positions for 18184 neurons...
[2026-05-15 14:26:32][INFO] SIM_BRIDGE: Generating connections (brain-region framework)...
[2026-05-15 14:26:42][INFO] SIM_BRIDGE: inject_explicit_wiring: installed 8182676 synapses across 5 populations.
[2026-05-15 14:26:42][INFO] SIM_BRIDGE: Initializing eligibility traces for 8182676 synapses (capacity: 12274014, dtype: float32)...
[2026-05-15 14:26:42][INFO] SIM_BRIDGE: Initializing STDP state for 18184 neurons...
[2026-05-15 14:26:42][INFO] SIM_BRIDGE: Simulation data initialized for 18184 neurons (3D). Synapses: 8182676. GPU memory: 1.9GB/25.8GB (7.4%)
[shared-pool bridge] 18184 neurons total: shared_concept_pool=1600, lang_input=8192, lang_output=8192
[build] 11.8s
[topographic prior] applied: 118308 boosted (10.0x), 3660342 dampened (0.1x) on 32 concept slices
[topographic prior] 5.9s

[TRAIN] 32 concepts x 400 events = 12800 total events
  interleaved event 200/12800 (24s)
  interleaved event 400/12800 (48s)
  interleaved event 600/12800 (73s)
  interleaved event 800/12800 (97s)
  interleaved event 1000/12800 (121s)
  interleaved event 1200/12800 (145s)
  interleaved event 1400/12800 (170s)
  interleaved event 1600/12800 (194s)
  interleaved event 1800/12800 (218s)
  interleaved event 2000/12800 (243s)
  interleaved event 2200/12800 (267s)
  interleaved event 2400/12800 (291s)
  interleaved event 2600/12800 (316s)
  interleaved event 2800/12800 (340s)
  interleaved event 3000/12800 (364s)
  interleaved event 3200/12800 (389s)
  interleaved event 3400/12800 (413s)
  interleaved event 3600/12800 (437s)
  interleaved event 3800/12800 (462s)
  interleaved event 4000/12800 (486s)
  interleaved event 4200/12800 (510s)
  interleaved event 4400/12800 (535s)
  interleaved event 4600/12800 (559s)
  interleaved event 4800/12800 (583s)
  interleaved event 5000/12800 (608s)
  interleaved event 5200/12800 (632s)
  interleaved event 5400/12800 (656s)
  interleaved event 5600/12800 (681s)
  interleaved event 5800/12800 (705s)
  interleaved event 6000/12800 (729s)
  interleaved event 6200/12800 (754s)
  interleaved event 6400/12800 (778s)
  interleaved event 6600/12800 (802s)
  interleaved event 6800/12800 (826s)
  interleaved event 7000/12800 (851s)
  interleaved event 7200/12800 (875s)
  interleaved event 7400/12800 (900s)
  interleaved event 7600/12800 (924s)
  interleaved event 7800/12800 (948s)
  interleaved event 8000/12800 (973s)
  interleaved event 8200/12800 (997s)
  interleaved event 8400/12800 (1021s)
  interleaved event 8600/12800 (1046s)
  interleaved event 8800/12800 (1070s)
  interleaved event 9000/12800 (1095s)
  interleaved event 9200/12800 (1119s)
  interleaved event 9400/12800 (1143s)
  interleaved event 9600/12800 (1168s)
  interleaved event 9800/12800 (1192s)
  interleaved event 10000/12800 (1216s)
  interleaved event 10200/12800 (1241s)
  interleaved event 10400/12800 (1265s)
  interleaved event 10600/12800 (1289s)
  interleaved event 10800/12800 (1314s)
  interleaved event 11000/12800 (1338s)
  interleaved event 11200/12800 (1362s)
  interleaved event 11400/12800 (1387s)
  interleaved event 11600/12800 (1411s)
  interleaved event 11800/12800 (1435s)
  interleaved event 12000/12800 (1460s)
  interleaved event 12200/12800 (1484s)
  interleaved event 12400/12800 (1509s)
  interleaved event 12600/12800 (1533s)
  interleaved event 12800/12800 (1557s)
[TRAIN] 1557.8s total

[ENGRAM] capturing 32 engram tags...
[ENGRAM] 17.1s (teacher-bias capture, ~100% PASS expected)

[EVAL-SLICE] discrimination via per-slice firing rate...
[EVAL-SLICE] 47.3s

[RESULTS] 32/32 top-1 (100.0%), 32/32 top-5 (100.0%)

word         rank  tgt_rate   max_off   
one              1      518.0      238.0
two              1      629.0      292.0
three            1      996.0      165.0
four             1      741.0      275.0
five             1      677.0      230.0
many             1      755.0      211.0
few              1      451.0      250.0
some             1      699.0      232.0
all              1      700.0      261.0
none             1      723.0      325.0
every            1      696.0      231.0
any              1      560.0      280.0
what             1      380.0      313.0
where            1      499.0      212.0
when             1      660.0      252.0
who              1      565.0      246.0
why              1      610.0      257.0
how              1      506.0      250.0
this             1      978.0      283.0
that             1      661.0      218.0
yes              1      728.0      276.0
no               1      579.0      189.0
please           1      301.0      228.0
thanks           1      567.0      175.0
hello            1      681.0      232.0
goodbye          1      642.0      322.0
sorry            1      406.0      314.0
ok               1      570.0      273.0
is               1      564.0      219.0
have             1      527.0      227.0
want             1      743.0      193.0
need             1      587.0      220.0

  chance top-1: 3.1%, chance top-5: 15.6%
  observed: top-1 100.0% (32.0x chance)
[2026-05-15 14:53:50][INFO] SIM_BRIDGE: Saving checkpoint to research/findings/raw/g11_bg/g20_bridges/bridgeE_functional_seed44.simstate.h5...
[2026-05-15 14:53:52][SUCCESS] SIM_BRIDGE: Checkpoint saved successfully to research/findings/raw/g11_bg/g20_bridges/bridgeE_functional_seed44.simstate.h5
[SAVE] bridge -> research/findings/raw/g11_bg/g20_bridges/bridgeE_functional_seed44.simstate.h5
[OUT] -> research/findings/raw/g11_bg/g20_bridges/bridgeE_functional_seed44.json
