=== concept_pool_demo_shared (seed=44, n_concepts=32) ===
  Architecture: 1 shared concept pool (1600 neurons)
  Vocab: ['north', 'south', 'east', 'west', 'up', 'down', 'left', 'right', 'here', 'there']...
  Per-concept slice: 50 neurons (total: 1600 of 1600)

[2026-05-15 13:59:17][INFO] SIM_BRIDGE: CuPy using GPU: NVIDIA GeForce RTX 3090 (24.0 GB), mempool limit: 80%
[2026-05-15 13:59:17][INFO] SIM_BRIDGE: Initializing simulation data for model: IZHIKEVICH (3D)... (playback_init: False)
[2026-05-15 13:59:17][INFO] SIM_BRIDGE: Brain-region framework: 4 regions, 18184 total neurons, 4 pathways.
[2026-05-15 13:59:17][INFO] SIM_BRIDGE: RNG initialized with seed: 44
[2026-05-15 13:59:17][INFO] SIM_BRIDGE: Initializing Izhikevich model specifics for 18184 neurons...
[2026-05-15 13:59:17][INFO] SIM_BRIDGE: Applying parameter heterogeneity to neuron parameters...
[2026-05-15 13:59:17][INFO] SIM_BRIDGE: Applied heterogeneity to 4 parameters.
[2026-05-15 13:59:17][INFO] SIM_BRIDGE: Initializing OU process state (tau=15.0ms, sigma=100.0pA)...
[2026-05-15 13:59:17][INFO] SIM_BRIDGE: Generating 3D neuron positions for 18184 neurons...
[2026-05-15 13:59:17][INFO] SIM_BRIDGE: Generating connections (brain-region framework)...
[2026-05-15 13:59:28][INFO] SIM_BRIDGE: inject_explicit_wiring: installed 8182676 synapses across 5 populations.
[2026-05-15 13:59:28][INFO] SIM_BRIDGE: Initializing eligibility traces for 8182676 synapses (capacity: 12274014, dtype: float32)...
[2026-05-15 13:59:28][INFO] SIM_BRIDGE: Initializing STDP state for 18184 neurons...
[2026-05-15 13:59:28][INFO] SIM_BRIDGE: Simulation data initialized for 18184 neurons (3D). Synapses: 8182676. GPU memory: 1.9GB/25.8GB (7.4%)
[shared-pool bridge] 18184 neurons total: shared_concept_pool=1600, lang_input=8192, lang_output=8192
[build] 22.6s
[topographic prior] applied: 118308 boosted (10.0x), 3660342 dampened (0.1x) on 32 concept slices
[topographic prior] 6.5s

[TRAIN] 32 concepts x 400 events = 12800 total events
  interleaved event 200/12800 (28s)
  interleaved event 400/12800 (57s)
  interleaved event 600/12800 (85s)
  interleaved event 800/12800 (113s)
  interleaved event 1000/12800 (142s)
  interleaved event 1200/12800 (170s)
  interleaved event 1400/12800 (199s)
  interleaved event 1600/12800 (227s)
  interleaved event 1800/12800 (255s)
  interleaved event 2000/12800 (281s)
  interleaved event 2200/12800 (308s)
  interleaved event 2400/12800 (334s)
  interleaved event 2600/12800 (362s)
  interleaved event 2800/12800 (391s)
  interleaved event 3000/12800 (421s)
  interleaved event 3200/12800 (449s)
  interleaved event 3400/12800 (477s)
  interleaved event 3600/12800 (505s)
  interleaved event 3800/12800 (532s)
  interleaved event 4000/12800 (560s)
  interleaved event 4200/12800 (587s)
  interleaved event 4400/12800 (615s)
  interleaved event 4600/12800 (644s)
  interleaved event 4800/12800 (673s)
  interleaved event 5000/12800 (701s)
  interleaved event 5200/12800 (730s)
  interleaved event 5400/12800 (758s)
  interleaved event 5600/12800 (785s)
  interleaved event 5800/12800 (807s)
  interleaved event 6000/12800 (827s)
  interleaved event 6200/12800 (848s)
  interleaved event 6400/12800 (868s)
  interleaved event 6600/12800 (887s)
  interleaved event 6800/12800 (906s)
  interleaved event 7000/12800 (925s)
  interleaved event 7200/12800 (942s)
  interleaved event 7400/12800 (957s)
  interleaved event 7600/12800 (973s)
  interleaved event 7800/12800 (988s)
  interleaved event 8000/12800 (1003s)
  interleaved event 8200/12800 (1019s)
  interleaved event 8400/12800 (1034s)
  interleaved event 8600/12800 (1050s)
  interleaved event 8800/12800 (1065s)
  interleaved event 9000/12800 (1084s)
  interleaved event 9200/12800 (1110s)
  interleaved event 9400/12800 (1134s)
  interleaved event 9600/12800 (1159s)
  interleaved event 9800/12800 (1183s)
  interleaved event 10000/12800 (1207s)
  interleaved event 10200/12800 (1232s)
  interleaved event 10400/12800 (1256s)
  interleaved event 10600/12800 (1280s)
  interleaved event 10800/12800 (1305s)
  interleaved event 11000/12800 (1329s)
  interleaved event 11200/12800 (1353s)
  interleaved event 11400/12800 (1378s)
  interleaved event 11600/12800 (1402s)
  interleaved event 11800/12800 (1427s)
  interleaved event 12000/12800 (1451s)
  interleaved event 12200/12800 (1475s)
  interleaved event 12400/12800 (1500s)
  interleaved event 12600/12800 (1524s)
  interleaved event 12800/12800 (1548s)
[TRAIN] 1548.8s total

[ENGRAM] capturing 32 engram tags...
[ENGRAM] 17.2s (teacher-bias capture, ~100% PASS expected)

[EVAL-SLICE] discrimination via per-slice firing rate...
[EVAL-SLICE] 47.1s

[RESULTS] 32/32 top-1 (100.0%), 32/32 top-5 (100.0%)

word         rank  tgt_rate   max_off   
north            1      518.0      238.0
south            1      629.0      292.0
east             1      996.0      165.0
west             1      741.0      275.0
up               1      677.0      230.0
down             1      755.0      211.0
left             1      451.0      250.0
right            1      699.0      232.0
here             1      700.0      261.0
there            1      723.0      325.0
near             1      696.0      231.0
far              1      560.0      280.0
in               1      380.0      313.0
out              1      499.0      212.0
on               1      660.0      252.0
under            1      565.0      246.0
above            1      610.0      257.0
below            1      506.0      250.0
front            1      978.0      283.0
back             1      661.0      218.0
top              1      728.0      276.0
bottom           1      579.0      189.0
side             1      301.0      228.0
middle           1      567.0      175.0
now              1      681.0      232.0
then             1      642.0      322.0
before           1      406.0      314.0
after            1      570.0      273.0
first            1      564.0      219.0
last             1      527.0      227.0
next             1      743.0      193.0
today            1      587.0      220.0

  chance top-1: 3.1%, chance top-5: 15.6%
  observed: top-1 100.0% (32.0x chance)
[2026-05-15 14:26:28][INFO] SIM_BRIDGE: Saving checkpoint to research/findings/raw/g11_bg/g20_bridges/bridgeD_spatial_seed44.simstate.h5...
[2026-05-15 14:26:30][SUCCESS] SIM_BRIDGE: Checkpoint saved successfully to research/findings/raw/g11_bg/g20_bridges/bridgeD_spatial_seed44.simstate.h5
[SAVE] bridge -> research/findings/raw/g11_bg/g20_bridges/bridgeD_spatial_seed44.simstate.h5
[OUT] -> research/findings/raw/g11_bg/g20_bridges/bridgeD_spatial_seed44.json
