=== concept_pool_demo_shared (seed=43, n_concepts=32) ===
  Architecture: 1 shared concept pool (1600 neurons)
  Vocab: ['one', 'two', 'three', 'four', 'five', 'many', 'few', 'some', 'all', 'none']...
  Per-concept slice: 50 neurons (total: 1600 of 1600)

[2026-05-15 12:20:12][INFO] SIM_BRIDGE: CuPy using GPU: NVIDIA GeForce RTX 3090 (24.0 GB), mempool limit: 80%
[2026-05-15 12:20:12][INFO] SIM_BRIDGE: Initializing simulation data for model: IZHIKEVICH (3D)... (playback_init: False)
[2026-05-15 12:20:12][INFO] SIM_BRIDGE: Brain-region framework: 4 regions, 18184 total neurons, 4 pathways.
[2026-05-15 12:20:12][INFO] SIM_BRIDGE: RNG initialized with seed: 43
[2026-05-15 12:20:12][INFO] SIM_BRIDGE: Initializing Izhikevich model specifics for 18184 neurons...
[2026-05-15 12:20:12][INFO] SIM_BRIDGE: Applying parameter heterogeneity to neuron parameters...
[2026-05-15 12:20:12][INFO] SIM_BRIDGE: Applied heterogeneity to 4 parameters.
[2026-05-15 12:20:12][INFO] SIM_BRIDGE: Initializing OU process state (tau=15.0ms, sigma=100.0pA)...
[2026-05-15 12:20:12][INFO] SIM_BRIDGE: Generating 3D neuron positions for 18184 neurons...
[2026-05-15 12:20:12][INFO] SIM_BRIDGE: Generating connections (brain-region framework)...
[2026-05-15 12:20:22][INFO] SIM_BRIDGE: inject_explicit_wiring: installed 8181684 synapses across 5 populations.
[2026-05-15 12:20:23][INFO] SIM_BRIDGE: Initializing eligibility traces for 8181684 synapses (capacity: 12272526, dtype: float32)...
[2026-05-15 12:20:23][INFO] SIM_BRIDGE: Initializing STDP state for 18184 neurons...
[2026-05-15 12:20:23][INFO] SIM_BRIDGE: Simulation data initialized for 18184 neurons (3D). Synapses: 8181684. GPU memory: 1.9GB/25.8GB (7.4%)
[shared-pool bridge] 18184 neurons total: shared_concept_pool=1600, lang_input=8192, lang_output=8192
[build] 12.1s
[topographic prior] applied: 118065 boosted (10.0x), 3658068 dampened (0.1x) on 32 concept slices
[topographic prior] 6.0s

[TRAIN] 32 concepts x 400 events = 12800 total events
  interleaved event 200/12800 (14s)
  interleaved event 400/12800 (28s)
  interleaved event 600/12800 (43s)
  interleaved event 800/12800 (57s)
  interleaved event 1000/12800 (71s)
  interleaved event 1200/12800 (85s)
  interleaved event 1400/12800 (99s)
  interleaved event 1600/12800 (113s)
  interleaved event 1800/12800 (127s)
  interleaved event 2000/12800 (142s)
  interleaved event 2200/12800 (156s)
  interleaved event 2400/12800 (170s)
  interleaved event 2600/12800 (184s)
  interleaved event 2800/12800 (199s)
  interleaved event 3000/12800 (213s)
  interleaved event 3200/12800 (227s)
  interleaved event 3400/12800 (241s)
  interleaved event 3600/12800 (255s)
  interleaved event 3800/12800 (270s)
  interleaved event 4000/12800 (284s)
  interleaved event 4200/12800 (298s)
  interleaved event 4400/12800 (312s)
  interleaved event 4600/12800 (326s)
  interleaved event 4800/12800 (340s)
  interleaved event 5000/12800 (354s)
  interleaved event 5200/12800 (368s)
  interleaved event 5400/12800 (382s)
  interleaved event 5600/12800 (396s)
  interleaved event 5800/12800 (410s)
  interleaved event 6000/12800 (424s)
  interleaved event 6200/12800 (438s)
  interleaved event 6400/12800 (452s)
  interleaved event 6600/12800 (466s)
  interleaved event 6800/12800 (480s)
  interleaved event 7000/12800 (495s)
  interleaved event 7200/12800 (509s)
  interleaved event 7400/12800 (523s)
  interleaved event 7600/12800 (537s)
  interleaved event 7800/12800 (551s)
  interleaved event 8000/12800 (566s)
  interleaved event 8200/12800 (580s)
  interleaved event 8400/12800 (594s)
  interleaved event 8600/12800 (608s)
  interleaved event 8800/12800 (622s)
  interleaved event 9000/12800 (636s)
  interleaved event 9200/12800 (650s)
  interleaved event 9400/12800 (664s)
  interleaved event 9600/12800 (678s)
  interleaved event 9800/12800 (692s)
  interleaved event 10000/12800 (706s)
  interleaved event 10200/12800 (721s)
  interleaved event 10400/12800 (735s)
  interleaved event 10600/12800 (749s)
  interleaved event 10800/12800 (763s)
  interleaved event 11000/12800 (777s)
  interleaved event 11200/12800 (791s)
  interleaved event 11400/12800 (805s)
  interleaved event 11600/12800 (819s)
  interleaved event 11800/12800 (833s)
  interleaved event 12000/12800 (847s)
  interleaved event 12200/12800 (862s)
  interleaved event 12400/12800 (876s)
  interleaved event 12600/12800 (890s)
  interleaved event 12800/12800 (906s)
[TRAIN] 906.1s total

[ENGRAM] capturing 32 engram tags...
[ENGRAM] 4.7s

[EVAL-SLICE] discrimination via per-slice firing rate...
[EVAL-SLICE] 20.6s

[RESULTS] 21/32 top-1 (65.6%), 29/32 top-5 (90.6%)

word         rank  tgt_rate   max_off   
one              1      460.0      241.0
two              1      627.0      297.0
three            2      136.0      164.0
four             1      204.0      189.0
five             1      588.0      234.0
many            21       49.0      199.0
few              1       92.0       87.0
some             1      278.0      184.0
all              1      344.0      186.0
none             1      259.0      179.0
every            1      192.0      173.0
any              2      179.0      190.0
what             5      140.0      218.0
where            1      650.0      229.0
when             1      595.0      192.0
who              3      367.0      377.0
why              7      127.0      204.0
how              1      255.0      214.0
this             3      142.0      256.0
that             1      566.0      123.0
yes              1      226.0      176.0
no              12      100.0      301.0
please           1      248.0      236.0
thanks           1      465.0      178.0
hello            2      157.0      324.0
goodbye          1      262.0      211.0
sorry            1      237.0      203.0
ok               1      485.0      308.0
is               1      286.0      214.0
have             2      213.0      232.0
want             1      314.0      116.0
need             2      158.0      171.0

  chance top-1: 3.1%, chance top-5: 15.6%
  observed: top-1 65.6% (21.0x chance)
[2026-05-15 12:36:00][INFO] SIM_BRIDGE: Saving checkpoint to research/findings/raw/g11_bg/g20_bridges/bridgeE_functional_seed43.simstate.h5...
[2026-05-15 12:36:02][SUCCESS] SIM_BRIDGE: Checkpoint saved successfully to research/findings/raw/g11_bg/g20_bridges/bridgeE_functional_seed43.simstate.h5
[SAVE] bridge -> research/findings/raw/g11_bg/g20_bridges/bridgeE_functional_seed43.simstate.h5
[OUT] -> research/findings/raw/g11_bg/g20_bridges/bridgeE_functional_seed43.json
