=== concept_pool_demo_shared (seed=42, n_concepts=32) ===
  Architecture: 1 shared concept pool (1600 neurons)
  Vocab: ['go', 'come', 'run', 'walk', 'jump', 'fall', 'fly', 'swim', 'look', 'see']...
  Per-concept slice: 50 neurons (total: 1600 of 1600)

[2026-05-15 09:51:48][INFO] SIM_BRIDGE: CuPy using GPU: NVIDIA GeForce RTX 3090 (24.0 GB), mempool limit: 80%
[2026-05-15 09:51:48][INFO] SIM_BRIDGE: Initializing simulation data for model: IZHIKEVICH (3D)... (playback_init: False)
[2026-05-15 09:51:48][INFO] SIM_BRIDGE: Brain-region framework: 4 regions, 18184 total neurons, 4 pathways.
[2026-05-15 09:51:48][INFO] SIM_BRIDGE: RNG initialized with seed: 42
[2026-05-15 09:51:48][INFO] SIM_BRIDGE: Initializing Izhikevich model specifics for 18184 neurons...
[2026-05-15 09:51:48][INFO] SIM_BRIDGE: Applying parameter heterogeneity to neuron parameters...
[2026-05-15 09:51:48][INFO] SIM_BRIDGE: Applied heterogeneity to 4 parameters.
[2026-05-15 09:51:48][INFO] SIM_BRIDGE: Initializing OU process state (tau=15.0ms, sigma=100.0pA)...
[2026-05-15 09:51:48][INFO] SIM_BRIDGE: Generating 3D neuron positions for 18184 neurons...
[2026-05-15 09:51:48][INFO] SIM_BRIDGE: Generating connections (brain-region framework)...
[2026-05-15 09:51:59][INFO] SIM_BRIDGE: inject_explicit_wiring: installed 8186935 synapses across 5 populations.
[2026-05-15 09:51:59][INFO] SIM_BRIDGE: Initializing eligibility traces for 8186935 synapses (capacity: 12280402, dtype: float32)...
[2026-05-15 09:51:59][INFO] SIM_BRIDGE: Initializing STDP state for 18184 neurons...
[2026-05-15 09:51:59][INFO] SIM_BRIDGE: Simulation data initialized for 18184 neurons (3D). Synapses: 8186935. GPU memory: 1.9GB/25.8GB (7.4%)
[shared-pool bridge] 18184 neurons total: shared_concept_pool=1600, lang_input=8192, lang_output=8192
[build] 20.3s
[topographic prior] applied: 118277 boosted (10.0x), 3661820 dampened (0.1x) on 32 concept slices
[topographic prior] 6.4s

[TRAIN] 32 concepts x 400 events = 12800 total events
  interleaved event 200/12800 (16s)
  interleaved event 400/12800 (32s)
  interleaved event 600/12800 (48s)
  interleaved event 800/12800 (64s)
  interleaved event 1000/12800 (81s)
  interleaved event 1200/12800 (97s)
  interleaved event 1400/12800 (114s)
  interleaved event 1600/12800 (130s)
  interleaved event 1800/12800 (146s)
  interleaved event 2000/12800 (162s)
  interleaved event 2200/12800 (178s)
  interleaved event 2400/12800 (194s)
  interleaved event 2600/12800 (210s)
  interleaved event 2800/12800 (226s)
  interleaved event 3000/12800 (242s)
  interleaved event 3200/12800 (258s)
  interleaved event 3400/12800 (274s)
  interleaved event 3600/12800 (290s)
  interleaved event 3800/12800 (306s)
  interleaved event 4000/12800 (322s)
  interleaved event 4200/12800 (338s)
  interleaved event 4400/12800 (353s)
  interleaved event 4600/12800 (369s)
  interleaved event 4800/12800 (385s)
  interleaved event 5000/12800 (401s)
  interleaved event 5200/12800 (417s)
  interleaved event 5400/12800 (433s)
  interleaved event 5600/12800 (449s)
  interleaved event 5800/12800 (465s)
  interleaved event 6000/12800 (481s)
  interleaved event 6200/12800 (497s)
  interleaved event 6400/12800 (513s)
  interleaved event 6600/12800 (529s)
  interleaved event 6800/12800 (545s)
  interleaved event 7000/12800 (561s)
  interleaved event 7200/12800 (576s)
  interleaved event 7400/12800 (592s)
  interleaved event 7600/12800 (608s)
  interleaved event 7800/12800 (624s)
  interleaved event 8000/12800 (640s)
  interleaved event 8200/12800 (655s)
  interleaved event 8400/12800 (671s)
  interleaved event 8600/12800 (687s)
  interleaved event 8800/12800 (703s)
  interleaved event 9000/12800 (719s)
  interleaved event 9200/12800 (735s)
  interleaved event 9400/12800 (751s)
  interleaved event 9600/12800 (767s)
  interleaved event 9800/12800 (783s)
  interleaved event 10000/12800 (799s)
  interleaved event 10200/12800 (815s)
  interleaved event 10400/12800 (830s)
  interleaved event 10600/12800 (846s)
  interleaved event 10800/12800 (862s)
  interleaved event 11000/12800 (878s)
  interleaved event 11200/12800 (894s)
  interleaved event 11400/12800 (910s)
  interleaved event 11600/12800 (926s)
  interleaved event 11800/12800 (942s)
  interleaved event 12000/12800 (957s)
  interleaved event 12200/12800 (973s)
  interleaved event 12400/12800 (989s)
  interleaved event 12600/12800 (1005s)
  interleaved event 12800/12800 (1021s)
[TRAIN] 1021.6s total

[ENGRAM] capturing 32 engram tags...
[ENGRAM] 5.0s

[EVAL-SLICE] discrimination via per-slice firing rate...
[EVAL-SLICE] 21.8s

[RESULTS] 26/32 top-1 (81.2%), 31/32 top-5 (96.9%)

word         rank  tgt_rate   max_off   
go               1      534.0      152.0
come             1      344.0      194.0
run              1      237.0      229.0
walk             1      219.0      200.0
jump             2      168.0      232.0
fall             1      334.0      185.0
fly              1      272.0      150.0
swim             2      211.0      273.0
look             1      218.0      158.0
see              1      425.0      199.0
hear             1      235.0      214.0
listen           1      614.0      130.0
watch            1      673.0      171.0
find             1      447.0      139.0
push             1      298.0      148.0
pull             1      367.0      217.0
open            10       96.0      218.0
close            1      447.0      228.0
give             5      115.0      196.0
take             1      319.0      152.0
hold             1      238.0      178.0
drop             5      180.0      302.0
speak            3      203.0      268.0
read             1      633.0      194.0
write            1      350.0      180.0
say              1      502.0      260.0
eat              1      346.0      301.0
drink            1      363.0      316.0
sleep            1      277.0      265.0
wake             1      435.0      232.0
stop             1      565.0      151.0
wait             1      270.0      220.0

  chance top-1: 3.1%, chance top-5: 15.6%
  observed: top-1 81.2% (26.0x chance)
[2026-05-15 10:09:34][INFO] SIM_BRIDGE: Saving checkpoint to research/findings/raw/g11_bg/g20_bridges/bridgeB_verbs.simstate.h5...
[2026-05-15 10:09:36][SUCCESS] SIM_BRIDGE: Checkpoint saved successfully to research/findings/raw/g11_bg/g20_bridges/bridgeB_verbs.simstate.h5
[SAVE] bridge -> research/findings/raw/g11_bg/g20_bridges/bridgeB_verbs.simstate.h5
[OUT] -> research/findings/raw/g11_bg/g20_bridges/bridgeB_verbs.json
