=== concept_pool_demo_shared (seed=42, n_concepts=32) ===
  Architecture: 1 shared concept pool (1600 neurons)
  Vocab: ['big', 'small', 'tall', 'short', 'long', 'wide', 'hot', 'cold', 'warm', 'cool']...
  Per-concept slice: 50 neurons (total: 1600 of 1600)

[2026-05-15 10:09:38][INFO] SIM_BRIDGE: CuPy using GPU: NVIDIA GeForce RTX 3090 (24.0 GB), mempool limit: 80%
[2026-05-15 10:09:38][INFO] SIM_BRIDGE: Initializing simulation data for model: IZHIKEVICH (3D)... (playback_init: False)
[2026-05-15 10:09:38][INFO] SIM_BRIDGE: Brain-region framework: 4 regions, 18184 total neurons, 4 pathways.
[2026-05-15 10:09:38][INFO] SIM_BRIDGE: RNG initialized with seed: 42
[2026-05-15 10:09:38][INFO] SIM_BRIDGE: Initializing Izhikevich model specifics for 18184 neurons...
[2026-05-15 10:09:38][INFO] SIM_BRIDGE: Applying parameter heterogeneity to neuron parameters...
[2026-05-15 10:09:38][INFO] SIM_BRIDGE: Applied heterogeneity to 4 parameters.
[2026-05-15 10:09:38][INFO] SIM_BRIDGE: Initializing OU process state (tau=15.0ms, sigma=100.0pA)...
[2026-05-15 10:09:38][INFO] SIM_BRIDGE: Generating 3D neuron positions for 18184 neurons...
[2026-05-15 10:09:38][INFO] SIM_BRIDGE: Generating connections (brain-region framework)...
[2026-05-15 10:09:49][INFO] SIM_BRIDGE: inject_explicit_wiring: installed 8186935 synapses across 5 populations.
[2026-05-15 10:09:49][INFO] SIM_BRIDGE: Initializing eligibility traces for 8186935 synapses (capacity: 12280402, dtype: float32)...
[2026-05-15 10:09:49][INFO] SIM_BRIDGE: Initializing STDP state for 18184 neurons...
[2026-05-15 10:09:49][INFO] SIM_BRIDGE: Simulation data initialized for 18184 neurons (3D). Synapses: 8186935. GPU memory: 1.9GB/25.8GB (7.4%)
[shared-pool bridge] 18184 neurons total: shared_concept_pool=1600, lang_input=8192, lang_output=8192
[build] 12.6s
[topographic prior] applied: 118277 boosted (10.0x), 3661820 dampened (0.1x) on 32 concept slices
[topographic prior] 6.6s

[TRAIN] 32 concepts x 400 events = 12800 total events
  interleaved event 200/12800 (16s)
  interleaved event 400/12800 (32s)
  interleaved event 600/12800 (48s)
  interleaved event 800/12800 (65s)
  interleaved event 1000/12800 (81s)
  interleaved event 1200/12800 (97s)
  interleaved event 1400/12800 (113s)
  interleaved event 1600/12800 (129s)
  interleaved event 1800/12800 (146s)
  interleaved event 2000/12800 (162s)
  interleaved event 2200/12800 (178s)
  interleaved event 2400/12800 (195s)
  interleaved event 2600/12800 (211s)
  interleaved event 2800/12800 (227s)
  interleaved event 3000/12800 (243s)
  interleaved event 3200/12800 (258s)
  interleaved event 3400/12800 (274s)
  interleaved event 3600/12800 (291s)
  interleaved event 3800/12800 (306s)
  interleaved event 4000/12800 (322s)
  interleaved event 4200/12800 (338s)
  interleaved event 4400/12800 (355s)
  interleaved event 4600/12800 (371s)
  interleaved event 4800/12800 (387s)
  interleaved event 5000/12800 (403s)
  interleaved event 5200/12800 (419s)
  interleaved event 5400/12800 (435s)
  interleaved event 5600/12800 (451s)
  interleaved event 5800/12800 (467s)
  interleaved event 6000/12800 (483s)
  interleaved event 6200/12800 (499s)
  interleaved event 6400/12800 (515s)
  interleaved event 6600/12800 (532s)
  interleaved event 6800/12800 (548s)
  interleaved event 7000/12800 (564s)
  interleaved event 7200/12800 (580s)
  interleaved event 7400/12800 (596s)
  interleaved event 7600/12800 (612s)
  interleaved event 7800/12800 (628s)
  interleaved event 8000/12800 (644s)
  interleaved event 8200/12800 (660s)
  interleaved event 8400/12800 (676s)
  interleaved event 8600/12800 (692s)
  interleaved event 8800/12800 (707s)
  interleaved event 9000/12800 (723s)
  interleaved event 9200/12800 (739s)
  interleaved event 9400/12800 (755s)
  interleaved event 9600/12800 (771s)
  interleaved event 9800/12800 (787s)
  interleaved event 10000/12800 (803s)
  interleaved event 10200/12800 (819s)
  interleaved event 10400/12800 (834s)
  interleaved event 10600/12800 (850s)
  interleaved event 10800/12800 (866s)
  interleaved event 11000/12800 (882s)
  interleaved event 11200/12800 (898s)
  interleaved event 11400/12800 (914s)
  interleaved event 11600/12800 (930s)
  interleaved event 11800/12800 (946s)
  interleaved event 12000/12800 (961s)
  interleaved event 12200/12800 (977s)
  interleaved event 12400/12800 (993s)
  interleaved event 12600/12800 (1009s)
  interleaved event 12800/12800 (1025s)
[TRAIN] 1025.1s total

[ENGRAM] capturing 32 engram tags...
[ENGRAM] 5.0s

[EVAL-SLICE] discrimination via per-slice firing rate...
[EVAL-SLICE] 21.5s

[RESULTS] 26/32 top-1 (81.2%), 31/32 top-5 (96.9%)

word         rank  tgt_rate   max_off   
big              1      534.0      152.0
small            1      344.0      194.0
tall             1      237.0      229.0
short            1      219.0      200.0
long             2      168.0      232.0
wide             1      334.0      185.0
hot              1      272.0      150.0
cold             2      211.0      273.0
warm             1      218.0      158.0
cool             1      425.0      199.0
fast             1      235.0      214.0
slow             1      614.0      130.0
red              1      673.0      171.0
blue             1      447.0      139.0
green            1      298.0      148.0
yellow           1      367.0      217.0
white           10       96.0      218.0
black            1      447.0      228.0
happy            5      115.0      196.0
sad              1      319.0      152.0
angry            1      238.0      178.0
scared           5      180.0      302.0
new              3      203.0      268.0
old              1      633.0      194.0
clean            1      350.0      180.0
dirty            1      502.0      260.0
wet              1      346.0      301.0
dry              1      363.0      316.0
hard             1      277.0      265.0
soft             1      435.0      232.0
smooth           1      565.0      151.0
full             1      270.0      220.0

  chance top-1: 3.1%, chance top-5: 15.6%
  observed: top-1 81.2% (26.0x chance)
[2026-05-15 10:27:28][INFO] SIM_BRIDGE: Saving checkpoint to research/findings/raw/g11_bg/g20_bridges/bridgeC_adj.simstate.h5...
[2026-05-15 10:27:30][SUCCESS] SIM_BRIDGE: Checkpoint saved successfully to research/findings/raw/g11_bg/g20_bridges/bridgeC_adj.simstate.h5
[SAVE] bridge -> research/findings/raw/g11_bg/g20_bridges/bridgeC_adj.simstate.h5
[OUT] -> research/findings/raw/g11_bg/g20_bridges/bridgeC_adj.json
