=== concept_pool_demo_shared (seed=44, n_concepts=32) ===
  Architecture: 1 shared concept pool (1600 neurons)
  Vocab: ['big', 'small', 'tall', 'short', 'long', 'wide', 'hot', 'cold', 'warm', 'cool']...
  Per-concept slice: 50 neurons (total: 1600 of 1600)

[2026-05-15 13:27:15][INFO] SIM_BRIDGE: CuPy using GPU: NVIDIA GeForce RTX 3090 (24.0 GB), mempool limit: 80%
[2026-05-15 13:27:15][INFO] SIM_BRIDGE: Initializing simulation data for model: IZHIKEVICH (3D)... (playback_init: False)
[2026-05-15 13:27:15][INFO] SIM_BRIDGE: Brain-region framework: 4 regions, 18184 total neurons, 4 pathways.
[2026-05-15 13:27:15][INFO] SIM_BRIDGE: RNG initialized with seed: 44
[2026-05-15 13:27:15][INFO] SIM_BRIDGE: Initializing Izhikevich model specifics for 18184 neurons...
[2026-05-15 13:27:15][INFO] SIM_BRIDGE: Applying parameter heterogeneity to neuron parameters...
[2026-05-15 13:27:15][INFO] SIM_BRIDGE: Applied heterogeneity to 4 parameters.
[2026-05-15 13:27:15][INFO] SIM_BRIDGE: Initializing OU process state (tau=15.0ms, sigma=100.0pA)...
[2026-05-15 13:27:15][INFO] SIM_BRIDGE: Generating 3D neuron positions for 18184 neurons...
[2026-05-15 13:27:15][INFO] SIM_BRIDGE: Generating connections (brain-region framework)...
[2026-05-15 13:27:26][INFO] SIM_BRIDGE: inject_explicit_wiring: installed 8182676 synapses across 5 populations.
[2026-05-15 13:27:26][INFO] SIM_BRIDGE: Initializing eligibility traces for 8182676 synapses (capacity: 12274014, dtype: float32)...
[2026-05-15 13:27:26][INFO] SIM_BRIDGE: Initializing STDP state for 18184 neurons...
[2026-05-15 13:27:26][INFO] SIM_BRIDGE: Simulation data initialized for 18184 neurons (3D). Synapses: 8182676. GPU memory: 1.9GB/25.8GB (7.4%)
[shared-pool bridge] 18184 neurons total: shared_concept_pool=1600, lang_input=8192, lang_output=8192
[build] 12.8s
[topographic prior] applied: 118308 boosted (10.0x), 3660342 dampened (0.1x) on 32 concept slices
[topographic prior] 6.8s

[TRAIN] 32 concepts x 400 events = 12800 total events
  interleaved event 200/12800 (28s)
  interleaved event 400/12800 (56s)
  interleaved event 600/12800 (85s)
  interleaved event 800/12800 (113s)
  interleaved event 1000/12800 (141s)
  interleaved event 1200/12800 (169s)
  interleaved event 1400/12800 (198s)
  interleaved event 1600/12800 (226s)
  interleaved event 1800/12800 (255s)
  interleaved event 2000/12800 (283s)
  interleaved event 2200/12800 (311s)
  interleaved event 2400/12800 (340s)
  interleaved event 2600/12800 (368s)
  interleaved event 2800/12800 (396s)
  interleaved event 3000/12800 (424s)
  interleaved event 3200/12800 (453s)
  interleaved event 3400/12800 (481s)
  interleaved event 3600/12800 (509s)
  interleaved event 3800/12800 (538s)
  interleaved event 4000/12800 (566s)
  interleaved event 4200/12800 (594s)
  interleaved event 4400/12800 (622s)
  interleaved event 4600/12800 (651s)
  interleaved event 4800/12800 (679s)
  interleaved event 5000/12800 (707s)
  interleaved event 5200/12800 (736s)
  interleaved event 5400/12800 (764s)
  interleaved event 5600/12800 (792s)
  interleaved event 5800/12800 (820s)
  interleaved event 6000/12800 (849s)
  interleaved event 6200/12800 (877s)
  interleaved event 6400/12800 (905s)
  interleaved event 6600/12800 (934s)
  interleaved event 6800/12800 (962s)
  interleaved event 7000/12800 (990s)
  interleaved event 7200/12800 (1019s)
  interleaved event 7400/12800 (1047s)
  interleaved event 7600/12800 (1075s)
  interleaved event 7800/12800 (1104s)
  interleaved event 8000/12800 (1132s)
  interleaved event 8200/12800 (1161s)
  interleaved event 8400/12800 (1189s)
  interleaved event 8600/12800 (1217s)
  interleaved event 8800/12800 (1246s)
  interleaved event 9000/12800 (1274s)
  interleaved event 9200/12800 (1302s)
  interleaved event 9400/12800 (1331s)
  interleaved event 9600/12800 (1359s)
  interleaved event 9800/12800 (1387s)
  interleaved event 10000/12800 (1416s)
  interleaved event 10200/12800 (1444s)
  interleaved event 10400/12800 (1473s)
  interleaved event 10600/12800 (1500s)
  interleaved event 10800/12800 (1529s)
  interleaved event 11000/12800 (1557s)
  interleaved event 11200/12800 (1585s)
  interleaved event 11400/12800 (1614s)
  interleaved event 11600/12800 (1642s)
  interleaved event 11800/12800 (1670s)
  interleaved event 12000/12800 (1699s)
  interleaved event 12200/12800 (1727s)
  interleaved event 12400/12800 (1756s)
  interleaved event 12600/12800 (1784s)
  interleaved event 12800/12800 (1812s)
[TRAIN] 1813.0s total

[ENGRAM] capturing 32 engram tags...
[ENGRAM] 20.5s (teacher-bias capture, ~100% PASS expected)

[EVAL-SLICE] discrimination via per-slice firing rate...
[EVAL-SLICE] 56.8s

[RESULTS] 32/32 top-1 (100.0%), 32/32 top-5 (100.0%)

word         rank  tgt_rate   max_off   
big              1      518.0      238.0
small            1      629.0      292.0
tall             1      996.0      165.0
short            1      741.0      275.0
long             1      677.0      230.0
wide             1      755.0      211.0
hot              1      451.0      250.0
cold             1      699.0      232.0
warm             1      700.0      261.0
cool             1      723.0      325.0
fast             1      696.0      231.0
slow             1      560.0      280.0
red              1      380.0      313.0
blue             1      499.0      212.0
green            1      660.0      252.0
yellow           1      565.0      246.0
white            1      610.0      257.0
black            1      506.0      250.0
happy            1      978.0      283.0
sad              1      661.0      218.0
angry            1      728.0      276.0
scared           1      579.0      189.0
new              1      301.0      228.0
old              1      567.0      175.0
clean            1      681.0      232.0
dirty            1      642.0      322.0
wet              1      406.0      314.0
dry              1      570.0      273.0
hard             1      564.0      219.0
soft             1      527.0      227.0
smooth           1      743.0      193.0
full             1      587.0      220.0

  chance top-1: 3.1%, chance top-5: 15.6%
  observed: top-1 100.0% (32.0x chance)
[2026-05-15 13:59:03][INFO] SIM_BRIDGE: Saving checkpoint to research/findings/raw/g11_bg/g20_bridges/bridgeC_adj_seed44.simstate.h5...
[2026-05-15 13:59:05][SUCCESS] SIM_BRIDGE: Checkpoint saved successfully to research/findings/raw/g11_bg/g20_bridges/bridgeC_adj_seed44.simstate.h5
[SAVE] bridge -> research/findings/raw/g11_bg/g20_bridges/bridgeC_adj_seed44.simstate.h5
[OUT] -> research/findings/raw/g11_bg/g20_bridges/bridgeC_adj_seed44.json
