[stream-eprop] corpus=data/corpus/tinystories_train.txt stream=2000000 V=2000 n_pool=300 block=128 batch=64 lane=28125 epochs=4 bptt_steps=4000 dev=cuda permute_stream=False
[stream-eprop] PRE-REGISTERED EXPECTATION: e-prop is a diagonal (RTRL) truncation dropping the off-diagonal recurrent Jacobian; literature (Bellec-2020 needed DNI for long-range PTB; Murray-2019 RFLO matches BPTT only for short horizons) predicts plastic_eprop captures MOST of the SHALLOW margin and only a SMALL fraction of the DEEP margin. A shallow-only capture is an HONEST NEGATIVE on long-range -- a first-class deliverable.
      [fixed_reservoir] epoch 1/4 last-block-CE 5.653
      [fixed_reservoir] epoch 2/4 last-block-CE 5.630
      [fixed_reservoir] epoch 3/4 last-block-CE 5.623
      [fixed_reservoir] epoch 4/4 last-block-CE 5.620
    -> fixed_reservoir: shallow_margin -3.2715  deep_margin -2.0857  agg_ce 6.5126  (165s)
      [plastic_eprop] epoch 1/4 last-block-CE 5.569
      [plastic_eprop] epoch 2/4 last-block-CE 5.618
      [plastic_eprop] epoch 3/4 last-block-CE 5.624
      [plastic_eprop] epoch 4/4 last-block-CE 5.685
    -> plastic_eprop: shallow_margin -3.2843  deep_margin -1.8466  agg_ce 6.3002  (623s)
      [BPTT_same_net] step 1000/4000 train-CE 3.500
      [BPTT_same_net] step 2000/4000 train-CE 3.096
      [BPTT_same_net] step 3000/4000 train-CE 2.974
      [BPTT_same_net] step 4000/4000 train-CE 2.929
    -> BPTT_frozen_wrec: shallow_margin +0.9408  deep_margin +1.2570  agg_ce 3.0551  (2739s)
      [BPTT_same_net] step 1000/4000 train-CE 4.558
      [BPTT_same_net] step 2000/4000 train-CE 3.678
      [BPTT_same_net] step 3000/4000 train-CE 3.422
      [BPTT_same_net] step 4000/4000 train-CE 3.295
    -> BPTT_same_net: shallow_margin +0.8074  deep_margin +1.0002  agg_ce 3.3020  (2533s)

[stream-eprop] MARGIN vs add-1 stream bigram, by within-block context depth (+ = arm better than bigram):
                 arm         1         2         3       4-8      9-16    17-127   SHALLOW      DEEP
     fixed_reservoir   -3.3019   -3.3110   -3.2869   -3.2545   -3.1328   -2.0857   -3.2715   -2.0857
       plastic_eprop   -3.3086   -3.3215   -3.2992   -3.2691   -3.0668   -1.8466   -3.2843   -1.8466
    BPTT_frozen_wrec   +0.5596   +0.8192   +0.9237   +1.0447   +1.1622   +1.2570   +0.9408   +1.2570
       BPTT_same_net   +0.5107   +0.7256   +0.8085   +0.8830   +0.9382   +1.0002   +0.8074   +1.0002

[stream-eprop] DEEP SUB-BUCKETS (finer within-block depth; the FAR end 97-127 = the true 100+-token test):
                   arm       17-32       33-64       65-96      97-127
       fixed_reservoir     -2.9532     -2.4327     -1.7812     -1.5940
         plastic_eprop     -2.1279     -1.8078     -1.7883     -1.8017
      BPTT_frozen_wrec     +1.2342     +1.2677     +1.2583     +1.2563
         BPTT_same_net     +0.9849     +1.0087     +1.0080     +0.9913

[stream-eprop] ctx1 READ-OUT-ONLY diagnostic (pos 0, h_0=0 -> W_rec has ZERO effect; ~equal iff read-out matched):
           fixed_reservoir: ctx1 margin -3.2461
             plastic_eprop: ctx1 margin -3.2496
          BPTT_frozen_wrec: ctx1 margin -0.1357
             BPTT_same_net: ctx1 margin -0.1616

[stream-eprop] ANTI-CHEATS:
    zero_signal W_rec == fixed_reservoir W_rec (byte-identical): None

[stream-eprop] GATE: INCOMPLETE (need all 5 arms; have ['BPTT_frozen_wrec', 'BPTT_same_net', 'fixed_reservoir', 'plastic_eprop'])

[stream-eprop] FIXED-FLOOR-RELATIVE recurrent-credit fraction (plastic gain over fixed / BPTT gain over fixed; isolates the credit RULE):
    vs   BPTT_same_net: frac_clean_deep 0.0775  frac_clean_shallow -0.0031  (plastic +0.239 / bptt +3.086 deep) (BPTT also learns W_in)

-> research/findings/raw/_r3_reframe_6seed/_seed102.json (6060.4s)
STREAM_EPROP_DONE
