[2026-07-14 07:04:01][INFO] SIM_BRIDGE: NumPy backend (CPU (NumPy backend), 47.7 GB RAM available)
[2026-07-14 07:04:01][INFO] SIM_BRIDGE: Initializing simulation data for model: IZHIKEVICH (3D)... (playback_init: False)
[2026-07-14 07:04:01][INFO] SIM_BRIDGE: RNG initialized with seed: 1615613450
[2026-07-14 07:04:01][INFO] SIM_BRIDGE: Initializing Izhikevich model specifics for 60 neurons...
[2026-07-14 07:04:01][INFO] SIM_BRIDGE: Applying parameter heterogeneity to neuron parameters...
[2026-07-14 07:04:01][INFO] SIM_BRIDGE: Applied heterogeneity to 4 parameters.
[2026-07-14 07:04:01][INFO] SIM_BRIDGE: Initializing OU process state (tau=15.0ms, sigma=100.0pA)...
[2026-07-14 07:04:01][INFO] SIM_BRIDGE: Generating 3D neuron positions for 60 neurons...
[2026-07-14 07:04:01][INFO] SIM_BRIDGE: Generating connections (3D)...
[2026-07-14 07:04:01][INFO] SIM_BRIDGE: Generating Watts-Strogatz 3D network (n=60, k=10, p_rewire=0.1)...
[2026-07-14 07:04:01][INFO] SIM_BRIDGE: Watts-Strogatz network complete: 587 connections (avg degree: 9.8, expected: 10). Time: 0.01s
[2026-07-14 07:04:01][INFO] SIM_BRIDGE: Initializing STP state for 587 synapses (capacity: 880)...
[2026-07-14 07:04:01][INFO] SIM_BRIDGE: Initializing eligibility traces for 587 synapses (capacity: 880, dtype: float32)...
[2026-07-14 07:04:01][WARNING] SIM_BRIDGE: No trait info available; all synapses default to E->E STP type.
[2026-07-14 07:04:01][INFO] SIM_BRIDGE: Initializing structural plasticity state...
[2026-07-14 07:04:01][INFO] SIM_BRIDGE: Simulation data initialized for 60 neurons (3D). Synapses: 587. GPU memory: 25.9GB/51.2GB (50.6%)
[2026-07-14 07:04:01][WARNING] SIM_BRIDGE: No trait info available; all synapses default to E->E STP type.
[2026-07-14 07:04:01][INFO] SIM_BRIDGE: inject_explicit_wiring: installed 864 synapses across 3 populations.
[2026-07-14 07:07:41][INFO] SIM_BRIDGE: NumPy backend (CPU (NumPy backend), 47.7 GB RAM available)
[2026-07-14 07:07:41][INFO] SIM_BRIDGE: Initializing simulation data for model: IZHIKEVICH (3D)... (playback_init: False)
[2026-07-14 07:07:41][INFO] SIM_BRIDGE: RNG initialized with seed: 1615833305
[2026-07-14 07:07:41][INFO] SIM_BRIDGE: Initializing Izhikevich model specifics for 36 neurons...
[2026-07-14 07:07:41][INFO] SIM_BRIDGE: Applying parameter heterogeneity to neuron parameters...
[2026-07-14 07:07:41][INFO] SIM_BRIDGE: Applied heterogeneity to 4 parameters.
[2026-07-14 07:07:41][INFO] SIM_BRIDGE: Initializing OU process state (tau=15.0ms, sigma=100.0pA)...
[2026-07-14 07:07:41][INFO] SIM_BRIDGE: Generating 3D neuron positions for 36 neurons...
[2026-07-14 07:07:41][INFO] SIM_BRIDGE: Generating connections (3D)...
[2026-07-14 07:07:41][INFO] SIM_BRIDGE: Generating Watts-Strogatz 3D network (n=36, k=10, p_rewire=0.1)...
[2026-07-14 07:07:41][INFO] SIM_BRIDGE: Watts-Strogatz network complete: 350 connections (avg degree: 9.7, expected: 10). Time: 0.00s
[2026-07-14 07:07:41][INFO] SIM_BRIDGE: Initializing STP state for 350 synapses (capacity: 525)...
[2026-07-14 07:07:41][INFO] SIM_BRIDGE: Initializing eligibility traces for 350 synapses (capacity: 525, dtype: float32)...
[2026-07-14 07:07:41][WARNING] SIM_BRIDGE: No trait info available; all synapses default to E->E STP type.
[2026-07-14 07:07:41][INFO] SIM_BRIDGE: Initializing structural plasticity state...
[2026-07-14 07:07:41][INFO] SIM_BRIDGE: Simulation data initialized for 36 neurons (3D). Synapses: 350. GPU memory: 23.0GB/51.2GB (44.8%)
[2026-07-14 07:07:41][WARNING] SIM_BRIDGE: No trait info available; all synapses default to E->E STP type.
[2026-07-14 07:07:41][INFO] SIM_BRIDGE: inject_explicit_wiring: installed 288 synapses across 2 populations.
[2026-07-14 07:10:46][INFO] SIM_BRIDGE: NumPy backend (CPU (NumPy backend), 47.7 GB RAM available)
[2026-07-14 07:10:46][INFO] SIM_BRIDGE: Initializing simulation data for model: IZHIKEVICH (3D)... (playback_init: False)
[2026-07-14 07:10:46][INFO] SIM_BRIDGE: RNG initialized with seed: 1616018190
[2026-07-14 07:10:46][INFO] SIM_BRIDGE: Initializing Izhikevich model specifics for 60 neurons...
[2026-07-14 07:10:46][INFO] SIM_BRIDGE: Applying parameter heterogeneity to neuron parameters...
[2026-07-14 07:10:46][INFO] SIM_BRIDGE: Applied heterogeneity to 4 parameters.
[2026-07-14 07:10:46][INFO] SIM_BRIDGE: Initializing OU process state (tau=15.0ms, sigma=100.0pA)...
[2026-07-14 07:10:46][INFO] SIM_BRIDGE: Generating 3D neuron positions for 60 neurons...
[2026-07-14 07:10:46][INFO] SIM_BRIDGE: Generating connections (3D)...
[2026-07-14 07:10:46][INFO] SIM_BRIDGE: Generating Watts-Strogatz 3D network (n=60, k=10, p_rewire=0.1)...
[2026-07-14 07:10:46][INFO] SIM_BRIDGE: Watts-Strogatz network complete: 597 connections (avg degree: 9.9, expected: 10). Time: 0.00s
[2026-07-14 07:10:46][INFO] SIM_BRIDGE: Initializing STP state for 597 synapses (capacity: 895)...
[2026-07-14 07:10:46][INFO] SIM_BRIDGE: Initializing eligibility traces for 597 synapses (capacity: 895, dtype: float32)...
[2026-07-14 07:10:46][WARNING] SIM_BRIDGE: No trait info available; all synapses default to E->E STP type.
[2026-07-14 07:10:46][INFO] SIM_BRIDGE: Initializing structural plasticity state...
[2026-07-14 07:10:46][INFO] SIM_BRIDGE: Simulation data initialized for 60 neurons (3D). Synapses: 597. GPU memory: 24.6GB/51.2GB (48.1%)
[2026-07-14 07:10:46][WARNING] SIM_BRIDGE: No trait info available; all synapses default to E->E STP type.
[2026-07-14 07:10:46][INFO] SIM_BRIDGE: inject_explicit_wiring: installed 864 synapses across 3 populations.
[2026-07-14 07:14:19][INFO] SIM_BRIDGE: NumPy backend (CPU (NumPy backend), 47.7 GB RAM available)
[2026-07-14 07:14:19][INFO] SIM_BRIDGE: Initializing simulation data for model: IZHIKEVICH (3D)... (playback_init: False)
[2026-07-14 07:14:19][INFO] SIM_BRIDGE: RNG initialized with seed: 1616231970
[2026-07-14 07:14:19][INFO] SIM_BRIDGE: Initializing Izhikevich model specifics for 60 neurons...
[2026-07-14 07:14:19][INFO] SIM_BRIDGE: Applying parameter heterogeneity to neuron parameters...
[2026-07-14 07:14:19][INFO] SIM_BRIDGE: Applied heterogeneity to 4 parameters.
[2026-07-14 07:14:19][INFO] SIM_BRIDGE: Initializing OU process state (tau=15.0ms, sigma=100.0pA)...
[2026-07-14 07:14:19][INFO] SIM_BRIDGE: Generating 3D neuron positions for 60 neurons...
[2026-07-14 07:14:19][INFO] SIM_BRIDGE: Generating connections (3D)...
[2026-07-14 07:14:19][INFO] SIM_BRIDGE: Generating Watts-Strogatz 3D network (n=60, k=10, p_rewire=0.1)...
[2026-07-14 07:14:19][INFO] SIM_BRIDGE: Watts-Strogatz network complete: 588 connections (avg degree: 9.8, expected: 10). Time: 0.00s
[2026-07-14 07:14:19][INFO] SIM_BRIDGE: Initializing STP state for 588 synapses (capacity: 882)...
[2026-07-14 07:14:19][INFO] SIM_BRIDGE: Initializing eligibility traces for 588 synapses (capacity: 882, dtype: float32)...
[2026-07-14 07:14:19][WARNING] SIM_BRIDGE: No trait info available; all synapses default to E->E STP type.
[2026-07-14 07:14:19][INFO] SIM_BRIDGE: Initializing structural plasticity state...
[2026-07-14 07:14:19][INFO] SIM_BRIDGE: Simulation data initialized for 60 neurons (3D). Synapses: 588. GPU memory: 23.0GB/51.2GB (44.8%)
[2026-07-14 07:14:19][WARNING] SIM_BRIDGE: No trait info available; all synapses default to E->E STP type.
[2026-07-14 07:14:19][INFO] SIM_BRIDGE: inject_explicit_wiring: installed 864 synapses across 3 populations.
----------------------------------------------------------------------------------------------------------------
[seed 42] chance 0.333 | STAGE0 depth-sep (rate oracle): 1-layer 0.444 vs deep-best 1.000 (gap +0.556) => DEPTH-SEPARATING True | oracle-ceiling 1.000
  ON-BRIDGE SPIKING plain-FA held-out INHERITANCE as a function of POPULATION K:
    K=1   inherit 0.074 | floor 0.222 | train 0.287 | ff-moved 3904.8 | read-SNR corr [-0.611, -0.106] (mean -0.358) | TRAINS False
    [anti-cheat @K=1] permuted 0.148 (~chance 0.333) | apical-lesion 0.222 (must collapse)

================================================================================================================
[onbridge-deep-credit-population] HONEST NEGATIVE (1-seed smoke) -- population coding did NOT lift training at K in [1] AND the read-SNR corr did NOT clearly rise (+0.000). This maps toward a CREDIT-STRUCTURE residual (population would NOT fix it; the microcircuit clean-error channel is the lever) OR the smoke is too small/short to move either. K=1 reproduces the boundary (True). CONTROLLER: scale + run the microcircuit arm K-sweep + the temporal-matched control. (K=1: inh 0.074 (floor 0.222, corr -0.358, trains False))
[onbridge-deep-credit-population] wrote research/findings/raw/_dccap/cap_ep150lr10_s42.json
================================================================================================================
