[2026-07-14 07:04:01][INFO] SIM_BRIDGE: NumPy backend (CPU (NumPy backend), 47.7 GB RAM available)
[2026-07-14 07:04:01][INFO] SIM_BRIDGE: Initializing simulation data for model: IZHIKEVICH (3D)... (playback_init: False)
[2026-07-14 07:04:01][INFO] SIM_BRIDGE: RNG initialized with seed: 1615613709
[2026-07-14 07:04:01][INFO] SIM_BRIDGE: Initializing Izhikevich model specifics for 60 neurons...
[2026-07-14 07:04:01][INFO] SIM_BRIDGE: Applying parameter heterogeneity to neuron parameters...
[2026-07-14 07:04:01][INFO] SIM_BRIDGE: Applied heterogeneity to 4 parameters.
[2026-07-14 07:04:01][INFO] SIM_BRIDGE: Initializing OU process state (tau=15.0ms, sigma=100.0pA)...
[2026-07-14 07:04:01][INFO] SIM_BRIDGE: Generating 3D neuron positions for 60 neurons...
[2026-07-14 07:04:01][INFO] SIM_BRIDGE: Generating connections (3D)...
[2026-07-14 07:04:01][INFO] SIM_BRIDGE: Generating Watts-Strogatz 3D network (n=60, k=10, p_rewire=0.1)...
[2026-07-14 07:04:01][INFO] SIM_BRIDGE: Watts-Strogatz network complete: 592 connections (avg degree: 9.9, expected: 10). Time: 0.00s
[2026-07-14 07:04:01][INFO] SIM_BRIDGE: Initializing STP state for 592 synapses (capacity: 888)...
[2026-07-14 07:04:01][INFO] SIM_BRIDGE: Initializing eligibility traces for 592 synapses (capacity: 888, dtype: float32)...
[2026-07-14 07:04:01][WARNING] SIM_BRIDGE: No trait info available; all synapses default to E->E STP type.
[2026-07-14 07:04:01][INFO] SIM_BRIDGE: Initializing structural plasticity state...
[2026-07-14 07:04:01][INFO] SIM_BRIDGE: Simulation data initialized for 60 neurons (3D). Synapses: 592. GPU memory: 25.9GB/51.2GB (50.5%)
[2026-07-14 07:04:01][WARNING] SIM_BRIDGE: No trait info available; all synapses default to E->E STP type.
[2026-07-14 07:04:01][INFO] SIM_BRIDGE: inject_explicit_wiring: installed 864 synapses across 3 populations.
[2026-07-14 07:07:58][INFO] SIM_BRIDGE: NumPy backend (CPU (NumPy backend), 47.7 GB RAM available)
[2026-07-14 07:07:58][INFO] SIM_BRIDGE: Initializing simulation data for model: IZHIKEVICH (3D)... (playback_init: False)
[2026-07-14 07:07:58][INFO] SIM_BRIDGE: RNG initialized with seed: 1615850321
[2026-07-14 07:07:58][INFO] SIM_BRIDGE: Initializing Izhikevich model specifics for 36 neurons...
[2026-07-14 07:07:58][INFO] SIM_BRIDGE: Applying parameter heterogeneity to neuron parameters...
[2026-07-14 07:07:58][INFO] SIM_BRIDGE: Applied heterogeneity to 4 parameters.
[2026-07-14 07:07:58][INFO] SIM_BRIDGE: Initializing OU process state (tau=15.0ms, sigma=100.0pA)...
[2026-07-14 07:07:58][INFO] SIM_BRIDGE: Generating 3D neuron positions for 36 neurons...
[2026-07-14 07:07:58][INFO] SIM_BRIDGE: Generating connections (3D)...
[2026-07-14 07:07:58][INFO] SIM_BRIDGE: Generating Watts-Strogatz 3D network (n=36, k=10, p_rewire=0.1)...
[2026-07-14 07:07:58][INFO] SIM_BRIDGE: Watts-Strogatz network complete: 348 connections (avg degree: 9.7, expected: 10). Time: 0.00s
[2026-07-14 07:07:58][INFO] SIM_BRIDGE: Initializing STP state for 348 synapses (capacity: 522)...
[2026-07-14 07:07:58][INFO] SIM_BRIDGE: Initializing eligibility traces for 348 synapses (capacity: 522, dtype: float32)...
[2026-07-14 07:07:58][WARNING] SIM_BRIDGE: No trait info available; all synapses default to E->E STP type.
[2026-07-14 07:07:58][INFO] SIM_BRIDGE: Initializing structural plasticity state...
[2026-07-14 07:07:58][INFO] SIM_BRIDGE: Simulation data initialized for 36 neurons (3D). Synapses: 348. GPU memory: 23.0GB/51.2GB (44.8%)
[2026-07-14 07:07:58][WARNING] SIM_BRIDGE: No trait info available; all synapses default to E->E STP type.
[2026-07-14 07:07:58][INFO] SIM_BRIDGE: inject_explicit_wiring: installed 288 synapses across 2 populations.
[2026-07-14 07:11:21][INFO] SIM_BRIDGE: NumPy backend (CPU (NumPy backend), 47.7 GB RAM available)
[2026-07-14 07:11:21][INFO] SIM_BRIDGE: Initializing simulation data for model: IZHIKEVICH (3D)... (playback_init: False)
[2026-07-14 07:11:21][INFO] SIM_BRIDGE: RNG initialized with seed: 1616053271
[2026-07-14 07:11:21][INFO] SIM_BRIDGE: Initializing Izhikevich model specifics for 60 neurons...
[2026-07-14 07:11:21][INFO] SIM_BRIDGE: Applying parameter heterogeneity to neuron parameters...
[2026-07-14 07:11:21][INFO] SIM_BRIDGE: Applied heterogeneity to 4 parameters.
[2026-07-14 07:11:21][INFO] SIM_BRIDGE: Initializing OU process state (tau=15.0ms, sigma=100.0pA)...
[2026-07-14 07:11:21][INFO] SIM_BRIDGE: Generating 3D neuron positions for 60 neurons...
[2026-07-14 07:11:21][INFO] SIM_BRIDGE: Generating connections (3D)...
[2026-07-14 07:11:21][INFO] SIM_BRIDGE: Generating Watts-Strogatz 3D network (n=60, k=10, p_rewire=0.1)...
[2026-07-14 07:11:21][INFO] SIM_BRIDGE: Watts-Strogatz network complete: 595 connections (avg degree: 9.9, expected: 10). Time: 0.00s
[2026-07-14 07:11:21][INFO] SIM_BRIDGE: Initializing STP state for 595 synapses (capacity: 892)...
[2026-07-14 07:11:21][INFO] SIM_BRIDGE: Initializing eligibility traces for 595 synapses (capacity: 892, dtype: float32)...
[2026-07-14 07:11:21][WARNING] SIM_BRIDGE: No trait info available; all synapses default to E->E STP type.
[2026-07-14 07:11:21][INFO] SIM_BRIDGE: Initializing structural plasticity state...
[2026-07-14 07:11:21][INFO] SIM_BRIDGE: Simulation data initialized for 60 neurons (3D). Synapses: 595. GPU memory: 25.0GB/51.2GB (48.8%)
[2026-07-14 07:11:21][WARNING] SIM_BRIDGE: No trait info available; all synapses default to E->E STP type.
[2026-07-14 07:11:21][INFO] SIM_BRIDGE: inject_explicit_wiring: installed 864 synapses across 3 populations.
[2026-07-14 07:15:10][INFO] SIM_BRIDGE: NumPy backend (CPU (NumPy backend), 47.7 GB RAM available)
[2026-07-14 07:15:10][INFO] SIM_BRIDGE: Initializing simulation data for model: IZHIKEVICH (3D)... (playback_init: False)
[2026-07-14 07:15:10][INFO] SIM_BRIDGE: RNG initialized with seed: 1616282417
[2026-07-14 07:15:10][INFO] SIM_BRIDGE: Initializing Izhikevich model specifics for 60 neurons...
[2026-07-14 07:15:10][INFO] SIM_BRIDGE: Applying parameter heterogeneity to neuron parameters...
[2026-07-14 07:15:10][INFO] SIM_BRIDGE: Applied heterogeneity to 4 parameters.
[2026-07-14 07:15:10][INFO] SIM_BRIDGE: Initializing OU process state (tau=15.0ms, sigma=100.0pA)...
[2026-07-14 07:15:10][INFO] SIM_BRIDGE: Generating 3D neuron positions for 60 neurons...
[2026-07-14 07:15:10][INFO] SIM_BRIDGE: Generating connections (3D)...
[2026-07-14 07:15:10][INFO] SIM_BRIDGE: Generating Watts-Strogatz 3D network (n=60, k=10, p_rewire=0.1)...
[2026-07-14 07:15:10][INFO] SIM_BRIDGE: Watts-Strogatz network complete: 593 connections (avg degree: 9.9, expected: 10). Time: 0.00s
[2026-07-14 07:15:10][INFO] SIM_BRIDGE: Initializing STP state for 593 synapses (capacity: 889)...
[2026-07-14 07:15:10][INFO] SIM_BRIDGE: Initializing eligibility traces for 593 synapses (capacity: 889, dtype: float32)...
[2026-07-14 07:15:10][WARNING] SIM_BRIDGE: No trait info available; all synapses default to E->E STP type.
[2026-07-14 07:15:10][INFO] SIM_BRIDGE: Initializing structural plasticity state...
[2026-07-14 07:15:10][INFO] SIM_BRIDGE: Simulation data initialized for 60 neurons (3D). Synapses: 593. GPU memory: 23.0GB/51.2GB (44.8%)
[2026-07-14 07:15:10][WARNING] SIM_BRIDGE: No trait info available; all synapses default to E->E STP type.
[2026-07-14 07:15:10][INFO] SIM_BRIDGE: inject_explicit_wiring: installed 864 synapses across 3 populations.
----------------------------------------------------------------------------------------------------------------
[seed 43] chance 0.333 | STAGE0 depth-sep (rate oracle): 1-layer 0.370 vs deep-best 1.000 (gap +0.630) => DEPTH-SEPARATING True | oracle-ceiling 1.000
  ON-BRIDGE SPIKING plain-FA held-out INHERITANCE as a function of POPULATION K:
    K=1   inherit 0.148 | floor 0.259 | train 0.250 | ff-moved 3242.6 | read-SNR corr [0.244, 0.307] (mean 0.276) | TRAINS False
    [anti-cheat @K=1] permuted 0.148 (~chance 0.333) | apical-lesion 0.222 (must collapse)

================================================================================================================
[onbridge-deep-credit-population] HONEST NEGATIVE (1-seed smoke) -- population coding did NOT lift training at K in [1] AND the read-SNR corr did NOT clearly rise (+0.000). This maps toward a CREDIT-STRUCTURE residual (population would NOT fix it; the microcircuit clean-error channel is the lever) OR the smoke is too small/short to move either. K=1 reproduces the boundary (True). CONTROLLER: scale + run the microcircuit arm K-sweep + the temporal-matched control. (K=1: inh 0.148 (floor 0.259, corr 0.276, trains False))
[onbridge-deep-credit-population] wrote research/findings/raw/_dccap/cap_ep100cr40_s43.json
================================================================================================================
