[sc-pv] arm=sc_popvector seed=42 grid=32 n_steps=1800 warmup=600 scw=60.0 sigma=5.0 gain=0.02 with_conv=False
[g11] WARN: --spiking-reward-us WITHOUT --perceived-approach-reward -> the US rides on the COORD-based reward (not coord-free). Add --perceived-approach-reward for the fully-biologized (coord-free) reward chain.
[g11 seed=42] Spiking-SNc Stage A: dopamine modulator = from_region_firing_signed over ['snc'] (tonic=220.0pA, k_r=400.0, k_v=400.0); RPE is the SNc FIRING. V = host reward_ema (Stage-A scaffold).
[2026-06-20 16:06:09][INFO] SIM_BRIDGE: CuPy using GPU: NVIDIA GeForce RTX 3090 (24.0 GB), mempool limit: 80%
[2026-06-20 16:06:09][INFO] SIM_BRIDGE: Initializing simulation data for model: IZHIKEVICH (3D)... (playback_init: False)
[2026-06-20 16:06:09][INFO] SIM_BRIDGE: Brain-region framework: 71 regions, 7722 total neurons, 162 pathways.
[2026-06-20 16:06:09][INFO] SIM_BRIDGE: RNG initialized with seed: 42
[2026-06-20 16:06:09][INFO] SIM_BRIDGE: NMDA per-region mask: 12 regions enabled (300 neurons)
[2026-06-20 16:06:09][INFO] SIM_BRIDGE: Input-divisive-norm per-region mask: 4 regions enabled (100 neurons)
[2026-06-20 16:06:09][INFO] SIM_BRIDGE: Initializing Izhikevich model specifics for 7722 neurons...
[2026-06-20 16:06:09][INFO] SIM_BRIDGE: Region 'cortex_N' (25 neurons): using Izh type IZH2007_RS_CORTICAL_PYRAMIDAL
[2026-06-20 16:06:09][INFO] SIM_BRIDGE: Region 'cortex_E' (25 neurons): using Izh type IZH2007_RS_CORTICAL_PYRAMIDAL
[2026-06-20 16:06:09][INFO] SIM_BRIDGE: Region 'cortex_S' (25 neurons): using Izh type IZH2007_RS_CORTICAL_PYRAMIDAL
[2026-06-20 16:06:09][INFO] SIM_BRIDGE: Region 'cortex_W' (25 neurons): using Izh type IZH2007_RS_CORTICAL_PYRAMIDAL
[2026-06-20 16:06:09][INFO] SIM_BRIDGE: Region 'cortex_FS_N' (5 neurons): using Izh type IZH2007_FS_CORTICAL_INTERNEURON
[2026-06-20 16:06:09][INFO] SIM_BRIDGE: Region 'cortex_FS_E' (5 neurons): using Izh type IZH2007_FS_CORTICAL_INTERNEURON
[2026-06-20 16:06:09][INFO] SIM_BRIDGE: Region 'cortex_FS_S' (5 neurons): using Izh type IZH2007_FS_CORTICAL_INTERNEURON
[2026-06-20 16:06:09][INFO] SIM_BRIDGE: Region 'cortex_FS_W' (5 neurons): using Izh type IZH2007_FS_CORTICAL_INTERNEURON
[2026-06-20 16:06:09][INFO] SIM_BRIDGE: Region 'str_D1_N' (50 neurons): using Izh type IZH2007_STRIATAL_MSN_D1
[2026-06-20 16:06:09][INFO] SIM_BRIDGE: Region 'str_D2_N' (50 neurons): using Izh type IZH2007_STRIATAL_MSN_D2
[2026-06-20 16:06:09][INFO] SIM_BRIDGE: Region 'str_D1_E' (50 neurons): using Izh type IZH2007_STRIATAL_MSN_D1
[2026-06-20 16:06:09][INFO] SIM_BRIDGE: Region 'str_D2_E' (50 neurons): using Izh type IZH2007_STRIATAL_MSN_D2
[2026-06-20 16:06:09][INFO] SIM_BRIDGE: Region 'str_D1_S' (50 neurons): using Izh type IZH2007_STRIATAL_MSN_D1
[2026-06-20 16:06:09][INFO] SIM_BRIDGE: Region 'str_D2_S' (50 neurons): using Izh type IZH2007_STRIATAL_MSN_D2
[2026-06-20 16:06:09][INFO] SIM_BRIDGE: Region 'str_D1_W' (50 neurons): using Izh type IZH2007_STRIATAL_MSN_D1
[2026-06-20 16:06:09][INFO] SIM_BRIDGE: Region 'str_D2_W' (50 neurons): using Izh type IZH2007_STRIATAL_MSN_D2
[2026-06-20 16:06:09][INFO] SIM_BRIDGE: Region 'str_PV_FSI_N' (5 neurons): using Izh type IZH2007_FS_CORTICAL_INTERNEURON
[2026-06-20 16:06:09][INFO] SIM_BRIDGE: Region 'str_PV_FSI_E' (5 neurons): using Izh type IZH2007_FS_CORTICAL_INTERNEURON
[2026-06-20 16:06:09][INFO] SIM_BRIDGE: Region 'str_PV_FSI_S' (5 neurons): using Izh type IZH2007_FS_CORTICAL_INTERNEURON
[2026-06-20 16:06:09][INFO] SIM_BRIDGE: Region 'str_PV_FSI_W' (5 neurons): using Izh type IZH2007_FS_CORTICAL_INTERNEURON
[2026-06-20 16:06:09][INFO] SIM_BRIDGE: Region 'gpe_N' (10 neurons): using Izh type IZH2007_GPE_PACEMAKER
[2026-06-20 16:06:09][INFO] SIM_BRIDGE: Region 'gpe_arky_N' (4 neurons): using Izh type IZH2007_GPE_PACEMAKER
[2026-06-20 16:06:09][INFO] SIM_BRIDGE: Region 'gpi_N' (10 neurons): using Izh type IZH2007_GPI_OUTPUT
[2026-06-20 16:06:09][INFO] SIM_BRIDGE: Region 'str_striosome_N' (8 neurons): using Izh type IZH2007_STRIATAL_MSN_D1
[2026-06-20 16:06:09][INFO] SIM_BRIDGE: Region 'gpe_E' (10 neurons): using Izh type IZH2007_GPE_PACEMAKER
[2026-06-20 16:06:09][INFO] SIM_BRIDGE: Region 'gpe_arky_E' (4 neurons): using Izh type IZH2007_GPE_PACEMAKER
[2026-06-20 16:06:09][INFO] SIM_BRIDGE: Region 'gpi_E' (10 neurons): using Izh type IZH2007_GPI_OUTPUT
[2026-06-20 16:06:09][INFO] SIM_BRIDGE: Region 'str_striosome_E' (8 neurons): using Izh type IZH2007_STRIATAL_MSN_D1
[2026-06-20 16:06:09][INFO] SIM_BRIDGE: Region 'gpe_S' (10 neurons): using Izh type IZH2007_GPE_PACEMAKER
[2026-06-20 16:06:09][INFO] SIM_BRIDGE: Region 'gpe_arky_S' (4 neurons): using Izh type IZH2007_GPE_PACEMAKER
[2026-06-20 16:06:09][INFO] SIM_BRIDGE: Region 'gpi_S' (10 neurons): using Izh type IZH2007_GPI_OUTPUT
[2026-06-20 16:06:09][INFO] SIM_BRIDGE: Region 'str_striosome_S' (8 neurons): using Izh type IZH2007_STRIATAL_MSN_D1
[2026-06-20 16:06:09][INFO] SIM_BRIDGE: Region 'gpe_W' (10 neurons): using Izh type IZH2007_GPE_PACEMAKER
[2026-06-20 16:06:09][INFO] SIM_BRIDGE: Region 'gpe_arky_W' (4 neurons): using Izh type IZH2007_GPE_PACEMAKER
[2026-06-20 16:06:09][INFO] SIM_BRIDGE: Region 'gpi_W' (10 neurons): using Izh type IZH2007_GPI_OUTPUT
[2026-06-20 16:06:09][INFO] SIM_BRIDGE: Region 'str_striosome_W' (8 neurons): using Izh type IZH2007_STRIATAL_MSN_D1
[2026-06-20 16:06:09][INFO] SIM_BRIDGE: Region 'stn' (20 neurons): using Izh type IZH2007_STN_BURST
[2026-06-20 16:06:09][INFO] SIM_BRIDGE: Region 'thal_N' (10 neurons): using Izh type IZH2007_THALAMIC_RELAY
[2026-06-20 16:06:09][INFO] SIM_BRIDGE: Region 'motor_N' (10 neurons): using Izh type IZH2007_RS_CORTICAL_PYRAMIDAL
[2026-06-20 16:06:09][INFO] SIM_BRIDGE: Region 'thal_E' (10 neurons): using Izh type IZH2007_THALAMIC_RELAY
[2026-06-20 16:06:09][INFO] SIM_BRIDGE: Region 'motor_E' (10 neurons): using Izh type IZH2007_RS_CORTICAL_PYRAMIDAL
[2026-06-20 16:06:09][INFO] SIM_BRIDGE: Region 'thal_S' (10 neurons): using Izh type IZH2007_THALAMIC_RELAY
[2026-06-20 16:06:09][INFO] SIM_BRIDGE: Region 'motor_S' (10 neurons): using Izh type IZH2007_RS_CORTICAL_PYRAMIDAL
[2026-06-20 16:06:09][INFO] SIM_BRIDGE: Region 'thal_W' (10 neurons): using Izh type IZH2007_THALAMIC_RELAY
[2026-06-20 16:06:09][INFO] SIM_BRIDGE: Region 'motor_W' (10 neurons): using Izh type IZH2007_RS_CORTICAL_PYRAMIDAL
[2026-06-20 16:06:09][INFO] SIM_BRIDGE: Region 'snc' (10 neurons): using Izh type IZH2007_DOPAMINE
[2026-06-20 16:06:09][INFO] SIM_BRIDGE: Region 'reward_us' (40 neurons): using Izh type IZH2007_RS_CORTICAL_PYRAMIDAL
[2026-06-20 16:06:09][INFO] SIM_BRIDGE: Region 'vs_place_context' (200 neurons): using Izh type IZH2007_RS_CORTICAL_PYRAMIDAL
[2026-06-20 16:06:09][INFO] SIM_BRIDGE: Region 'striosome_value' (80 neurons): using Izh type IZH2007_STRIATAL_MSN_D1
[2026-06-20 16:06:09][INFO] SIM_BRIDGE: Region 'sel_N' (40 neurons): using Izh type IZH2007_RS_CORTICAL_PYRAMIDAL
[2026-06-20 16:06:09][INFO] SIM_BRIDGE: Region 'sel_FS_N' (10 neurons): using Izh type IZH2007_FS_CORTICAL_INTERNEURON
[2026-06-20 16:06:09][INFO] SIM_BRIDGE: Region 'commit_N' (40 neurons): using Izh type IZH2007_RS_CORTICAL_PYRAMIDAL
[2026-06-20 16:06:09][INFO] SIM_BRIDGE: Region 'sel_E' (40 neurons): using Izh type IZH2007_RS_CORTICAL_PYRAMIDAL
[2026-06-20 16:06:09][INFO] SIM_BRIDGE: Region 'sel_FS_E' (10 neurons): using Izh type IZH2007_FS_CORTICAL_INTERNEURON
[2026-06-20 16:06:09][INFO] SIM_BRIDGE: Region 'commit_E' (40 neurons): using Izh type IZH2007_RS_CORTICAL_PYRAMIDAL
[2026-06-20 16:06:09][INFO] SIM_BRIDGE: Region 'sel_S' (40 neurons): using Izh type IZH2007_RS_CORTICAL_PYRAMIDAL
[2026-06-20 16:06:09][INFO] SIM_BRIDGE: Region 'sel_FS_S' (10 neurons): using Izh type IZH2007_FS_CORTICAL_INTERNEURON
[2026-06-20 16:06:09][INFO] SIM_BRIDGE: Region 'commit_S' (40 neurons): using Izh type IZH2007_RS_CORTICAL_PYRAMIDAL
[2026-06-20 16:06:09][INFO] SIM_BRIDGE: Region 'sel_W' (40 neurons): using Izh type IZH2007_RS_CORTICAL_PYRAMIDAL
[2026-06-20 16:06:09][INFO] SIM_BRIDGE: Region 'sel_FS_W' (10 neurons): using Izh type IZH2007_FS_CORTICAL_INTERNEURON
[2026-06-20 16:06:09][INFO] SIM_BRIDGE: Region 'commit_W' (40 neurons): using Izh type IZH2007_RS_CORTICAL_PYRAMIDAL
[2026-06-20 16:06:09][INFO] SIM_BRIDGE: Region 'commit_OPN' (20 neurons): using Izh type IZH2007_FS_CORTICAL_INTERNEURON
[2026-06-20 16:06:09][INFO] SIM_BRIDGE: Region 'retina' (2048 neurons): using Izh type IZH2007_RS_CORTICAL_PYRAMIDAL
[2026-06-20 16:06:09][INFO] SIM_BRIDGE: Region 'cortex_v1_simple' (1024 neurons): using Izh type IZH2007_RS_CORTICAL_PYRAMIDAL
[2026-06-20 16:06:09][INFO] SIM_BRIDGE: Region 'cortex_v1_complex' (512 neurons): using Izh type IZH2007_RS_CORTICAL_PYRAMIDAL
[2026-06-20 16:06:09][INFO] SIM_BRIDGE: Region 'cortex_v2' (256 neurons): using Izh type IZH2007_RS_CORTICAL_PYRAMIDAL
[2026-06-20 16:06:09][INFO] SIM_BRIDGE: Region 'cortex_it' (64 neurons): using Izh type IZH2007_RS_CORTICAL_PYRAMIDAL
[2026-06-20 16:06:09][INFO] SIM_BRIDGE: Region 'sc_retina' (2048 neurons): using Izh type IZH2007_RS_CORTICAL_PYRAMIDAL
[2026-06-20 16:06:09][INFO] SIM_BRIDGE: Region 'sc_map' (256 neurons): using Izh type IZH2007_RS_CORTICAL_PYRAMIDAL
[2026-06-20 16:06:09][INFO] SIM_BRIDGE: Region 'sc_fs' (12 neurons): using Izh type IZH2007_FS_CORTICAL_INTERNEURON
[2026-06-20 16:06:09][INFO] SIM_BRIDGE: Region 'sc_rostral' (24 neurons): using Izh type IZH2007_RS_CORTICAL_PYRAMIDAL
[2026-06-20 16:06:09][INFO] SIM_BRIDGE: Generating 3D neuron positions for 7722 neurons...
[2026-06-20 16:06:09][INFO] SIM_BRIDGE: Generating connections (brain-region framework)...
[2026-06-20 16:06:10][INFO] SIM_BRIDGE: inject_explicit_wiring: installed 182986 synapses across 172 populations.
[2026-06-20 16:06:10][INFO] SIM_BRIDGE: Initializing eligibility traces for 182986 synapses (capacity: 274479, dtype: float32)...
[2026-06-20 16:06:10][INFO] SIM_BRIDGE: Initialized neuromodulator subsystem with 1 modulators: ['dopamine']
[2026-06-20 16:06:10][INFO] SIM_BRIDGE: Initializing STDP state for 7722 neurons...
[2026-06-20 16:06:10][INFO] SIM_BRIDGE: Simulation data initialized for 7722 neurons (3D). Synapses: 182986. GPU memory: 1.3GB/25.8GB (5.1%)
[g11 seed=42] Cluster K v2: applied 70592 Gabor weights to retina -> cortex_v1_simple
[g11 seed=42] Cluster K v2: visual_cortex_action gate frozen until warmup
[g11] spiking SC: installed 21828 synapses (retina->sc_map 16x16 + recurrent + sc_map->cortex_NESW + sc_map->sc_rostral (N5))
[g11 seed=42] #6 SC read-out: POPULATION-VECTOR (cosine) + cortex_X divisive-norm (sigma=5.0, gain=0.02)
[g11 seed=42] N5 reward: boosted sc_rostral->reward_us to 40.0 (960 synapses)
[g11 seed=42] Spiking-SNc Stage B: NEURAL value critic ON (striosome_value n=80, vs_place_context->value w0=0.20115986466407776); r-V subtracted via GABA_B/GIRK (E_K=-90mV, prop=0.02); critic->SNc gate = OPEN (continuous, Stage 1). Host _V_scaffold DROPPED.
[g11 seed=42] BG circuit: 71 regions, 7722 neurons, 272301 synapses
[g11 seed=42] step 100/1800  pos=(7,31)  goal=(30,30)  recent_dist=34.45  action=N  reward=+0.00  actions= 49N/ 20E/ 17S/ 14W
[PROGRESS] {"kind": "step", "current": 100, "total": 1800, "phase": "seed=42", "unit": "steps", "pos": [7, 31], "goal": [30, 30], "recent_dist": 34.45, "action": "N", "reward": 0.0}
[g11 seed=42] step 200/1800  pos=(16,30)  goal=(30,30)  recent_dist=20.76  action=E  reward=+1.00  actions= 39N/ 28E/ 14S/ 19W
[PROGRESS] {"kind": "step", "current": 200, "total": 1800, "phase": "seed=42", "unit": "steps", "pos": [16, 30], "goal": [30, 30], "recent_dist": 20.76, "action": "E", "reward": 1.0}
[g11 seed=42] step 300/1800  pos=(15,31)  goal=(30,30)  recent_dist=17.15  action=N  reward=+0.00  actions= 57N/ 16E/ 10S/ 17W
[PROGRESS] {"kind": "step", "current": 300, "total": 1800, "phase": "seed=42", "unit": "steps", "pos": [15, 31], "goal": [30, 30], "recent_dist": 17.15, "action": "N", "reward": 0.0}
[g11 seed=42] step 400/1800  pos=(24,31)  goal=(30,30)  recent_dist=12.94  action=N  reward=+0.00  actions= 48N/ 25E/ 11S/ 16W
[PROGRESS] {"kind": "step", "current": 400, "total": 1800, "phase": "seed=42", "unit": "steps", "pos": [24, 31], "goal": [30, 30], "recent_dist": 12.94, "action": "N", "reward": 0.0}
[g11 seed=42] step 450: GOAL CHANGED to (1, 30)
[g11 seed=42] step 500/1800  pos=(30,31)  goal=(1,30)  recent_dist=17.87  action=N  reward=+0.00  actions= 49N/ 25E/  9S/ 17W
[PROGRESS] {"kind": "step", "current": 500, "total": 1800, "phase": "seed=42", "unit": "steps", "pos": [30, 31], "goal": [1, 30], "recent_dist": 17.87, "action": "N", "reward": 0.0}
[g11 seed=42] step 600/1800  pos=(31,31)  goal=(1,30)  recent_dist=29.62  action=E  reward=-1.00  actions= 41N/ 26E/ 12S/ 21W
[PROGRESS] {"kind": "step", "current": 600, "total": 1800, "phase": "seed=42", "unit": "steps", "pos": [31, 31], "goal": [1, 30], "recent_dist": 29.62, "action": "E", "reward": -1.0}
[g11 seed=42] step 600: Cluster K v2 visual_cortex_action gate OPENED (warmup=600)
[g11 seed=42] step 700/1800  pos=(30,31)  goal=(1,30)  recent_dist=26.93  action=N  reward=-1.00  actions= 56N/ 16E/ 12S/ 16W
[PROGRESS] {"kind": "step", "current": 700, "total": 1800, "phase": "seed=42", "unit": "steps", "pos": [30, 31], "goal": [1, 30], "recent_dist": 26.93, "action": "N", "reward": -1.0}
[g11 seed=42] step 800/1800  pos=(31,31)  goal=(1,30)  recent_dist=30.27  action=N  reward=+0.00  actions= 42N/ 32E/ 13S/ 13W
[PROGRESS] {"kind": "step", "current": 800, "total": 1800, "phase": "seed=42", "unit": "steps", "pos": [31, 31], "goal": [1, 30], "recent_dist": 30.27, "action": "N", "reward": 0.0}
[g11 seed=42] step 900/1800  pos=(22,31)  goal=(1,30)  recent_dist=29.28  action=N  reward=+0.00  actions= 43N/ 25E/ 14S/ 18W
[PROGRESS] {"kind": "step", "current": 900, "total": 1800, "phase": "seed=42", "unit": "steps", "pos": [22, 31], "goal": [1, 30], "recent_dist": 29.28, "action": "N", "reward": 0.0}
[g11 seed=42] step 900: GOAL CHANGED to (1, 1)
[g11 seed=42] step 1000/1800  pos=(9,30)  goal=(1,1)  recent_dist=38.34  action=S  reward=+1.00  actions= 39N/ 20E/  8S/ 33W
[PROGRESS] {"kind": "step", "current": 1000, "total": 1800, "phase": "seed=42", "unit": "steps", "pos": [9, 30], "goal": [1, 1], "recent_dist": 38.34, "action": "S", "reward": 1.0}
[g11 seed=42] step 1100/1800  pos=(3,31)  goal=(1,1)  recent_dist=39.60  action=N  reward=+0.00  actions= 46N/ 17E/ 14S/ 23W
[PROGRESS] {"kind": "step", "current": 1100, "total": 1800, "phase": "seed=42", "unit": "steps", "pos": [3, 31], "goal": [1, 1], "recent_dist": 39.6, "action": "N", "reward": 0.0}
[g11 seed=42] step 1200/1800  pos=(8,31)  goal=(1,1)  recent_dist=33.81  action=N  reward=-1.00  actions= 47N/ 23E/ 12S/ 18W
[PROGRESS] {"kind": "step", "current": 1200, "total": 1800, "phase": "seed=42", "unit": "steps", "pos": [8, 31], "goal": [1, 1], "recent_dist": 33.81, "action": "N", "reward": -1.0}
[g11 seed=42] step 1300/1800  pos=(11,31)  goal=(1,1)  recent_dist=36.29  action=N  reward=+0.00  actions= 54N/ 19E/ 11S/ 16W
[PROGRESS] {"kind": "step", "current": 1300, "total": 1800, "phase": "seed=42", "unit": "steps", "pos": [11, 31], "goal": [1, 1], "recent_dist": 36.29, "action": "N", "reward": 0.0}
[g11 seed=42] step 1350: GOAL CHANGED to (30, 1)
[g11 seed=42] step 1400/1800  pos=(17,31)  goal=(30,1)  recent_dist=44.27  action=N  reward=+0.00  actions= 54N/ 22E/  8S/ 16W
[PROGRESS] {"kind": "step", "current": 1400, "total": 1800, "phase": "seed=42", "unit": "steps", "pos": [17, 31], "goal": [30, 1], "recent_dist": 44.27, "action": "N", "reward": 0.0}
[g11 seed=42] step 1500/1800  pos=(11,31)  goal=(30,1)  recent_dist=44.21  action=E  reward=+1.00  actions= 44N/ 17E/ 16S/ 23W
[PROGRESS] {"kind": "step", "current": 1500, "total": 1800, "phase": "seed=42", "unit": "steps", "pos": [11, 31], "goal": [30, 1], "recent_dist": 44.21, "action": "E", "reward": 1.0}
[g11 seed=42] step 1600/1800  pos=(17,31)  goal=(30,1)  recent_dist=46.94  action=E  reward=+1.00  actions= 49N/ 24E/  9S/ 18W
[PROGRESS] {"kind": "step", "current": 1600, "total": 1800, "phase": "seed=42", "unit": "steps", "pos": [17, 31], "goal": [30, 1], "recent_dist": 46.94, "action": "E", "reward": 1.0}
[g11 seed=42] step 1700/1800  pos=(24,30)  goal=(30,1)  recent_dist=35.75  action=S  reward=+1.00  actions= 48N/ 24E/ 11S/ 17W
[PROGRESS] {"kind": "step", "current": 1700, "total": 1800, "phase": "seed=42", "unit": "steps", "pos": [24, 30], "goal": [30, 1], "recent_dist": 35.75, "action": "S", "reward": 1.0}
[g11 seed=42] step 1800/1800  pos=(26,30)  goal=(30,1)  recent_dist=34.61  action=E  reward=+1.00  actions= 43N/ 23E/ 13S/ 21W
[PROGRESS] {"kind": "step", "current": 1800, "total": 1800, "phase": "seed=42", "unit": "steps", "pos": [26, 30], "goal": [30, 1], "recent_dist": 34.61, "action": "E", "reward": 1.0}
[g11 seed=42] NAV-GATE(a) stdp_w_max=400.0  sum_finalQ=115.5752  mean_distance_overall=31.8383  actor_max_cortex_to_D1_weight=205.93601989746094

[g11 seed=42] DONE in 698s. Phase stats:
  phase 0 goal=[30, 30] meanD=20.11 finalQ=10.69 actions=[220, 96, 55, 79]
  phase 1 goal=[1, 30] meanD=28.62 finalQ=29.37 actions=[204, 117, 57, 72]
  phase 2 goal=[1, 1] meanD=38.00 finalQ=40.79 actions=[212, 92, 50, 96]
  phase 3 goal=[30, 1] meanD=40.63 finalQ=34.73 actions=[212, 97, 52, 89]
[sc-pv] arm=sc_popvector: phase0_finalQ=10.690 post_change_finalQ=['29.372', '40.788', '34.726'] (sum 104.885) gate=115.57522123893804 late_sustain=0.412
[sc-pv] arm=sc_popvector per-phase dominant cardinal: ['N', 'N', 'N', 'N']
[sc-pv] arm=sc_popvector per-phase action frac: [{'N': 0.489, 'E': 0.213, 'S': 0.122, 'W': 0.176}, {'N': 0.453, 'E': 0.26, 'S': 0.127, 'W': 0.16}, {'N': 0.471, 'E': 0.204, 'S': 0.111, 'W': 0.213}, {'N': 0.471, 'E': 0.216, 'S': 0.116, 'W': 0.198}]

[sc-pv] ===== POPULATION-VECTOR READ-OUT RE-ORIENT VERDICT =====
  host_phase0_finalQ: None
  host_post_change_finalQ_sum: None
  ramp_post_change_finalQ_sum: None
  popvector_post_change_finalQ_sum: 104.88495575221239
  scramble_post_change_finalQ_sum: None
  host_tracking: None
  ramp_tracking: None
  popvector_tracking: {'dominant_per_phase': ['N', 'N', 'N', 'N'], 'n_distinct_dominant': 1, 'has_W_dominant_phase': False, 'has_E_dominant_phase': False, 'tracks_goal': False}
  scramble_tracking: None
  ramp_late_sustain: None
  popvector_late_sustain: 0.4122222222222222
  NOTE: GO (#6 CONVERTS) if popvector_tracking.tracks_goal is True AND popvector_post_change approaches host (host_over_popvector_post_ratio ~1, vs the ramp's ~0.01) AND the SCRAMBLE lesion collapses (scramble_tracking.tracks_goal False / much worse finalQ). HONEST NEGATIVE otherwise -- report whether popvector still does NOT track (under-selective) or a deeper issue.
[sc-pv] wrote research/findings/raw/nav_gate_2a/grid32_s6/scpv_summary_R1combo_s42.json
