[sc-pv] arm=sc_popvector seed=42 grid=32 n_steps=1800 warmup=600 scw=18.0 sigma=5.0 gain=0.02 with_conv=False
[g11] WARN: --spiking-reward-us WITHOUT --perceived-approach-reward -> the US rides on the COORD-based reward (not coord-free). Add --perceived-approach-reward for the fully-biologized (coord-free) reward chain.
[g11 seed=42] Spiking-SNc Stage A: dopamine modulator = from_region_firing_signed over ['snc'] (tonic=220.0pA, k_r=400.0, k_v=400.0); RPE is the SNc FIRING. V = host reward_ema (Stage-A scaffold).
[2026-06-20 15:51:39][INFO] SIM_BRIDGE: CuPy using GPU: NVIDIA GeForce RTX 3090 (24.0 GB), mempool limit: 80%
[2026-06-20 15:51:39][INFO] SIM_BRIDGE: Initializing simulation data for model: IZHIKEVICH (3D)... (playback_init: False)
[2026-06-20 15:51:39][INFO] SIM_BRIDGE: Brain-region framework: 71 regions, 7742 total neurons, 162 pathways.
[2026-06-20 15:51:39][INFO] SIM_BRIDGE: RNG initialized with seed: 42
[2026-06-20 15:51:39][INFO] SIM_BRIDGE: NMDA per-region mask: 12 regions enabled (300 neurons)
[2026-06-20 15:51:39][INFO] SIM_BRIDGE: Input-divisive-norm per-region mask: 4 regions enabled (100 neurons)
[2026-06-20 15:51:39][INFO] SIM_BRIDGE: Initializing Izhikevich model specifics for 7742 neurons...
[2026-06-20 15:51:39][INFO] SIM_BRIDGE: Region 'cortex_N' (25 neurons): using Izh type IZH2007_RS_CORTICAL_PYRAMIDAL
[2026-06-20 15:51:39][INFO] SIM_BRIDGE: Region 'cortex_E' (25 neurons): using Izh type IZH2007_RS_CORTICAL_PYRAMIDAL
[2026-06-20 15:51:39][INFO] SIM_BRIDGE: Region 'cortex_S' (25 neurons): using Izh type IZH2007_RS_CORTICAL_PYRAMIDAL
[2026-06-20 15:51:39][INFO] SIM_BRIDGE: Region 'cortex_W' (25 neurons): using Izh type IZH2007_RS_CORTICAL_PYRAMIDAL
[2026-06-20 15:51:39][INFO] SIM_BRIDGE: Region 'cortex_FS_N' (10 neurons): using Izh type IZH2007_FS_CORTICAL_INTERNEURON
[2026-06-20 15:51:39][INFO] SIM_BRIDGE: Region 'cortex_FS_E' (10 neurons): using Izh type IZH2007_FS_CORTICAL_INTERNEURON
[2026-06-20 15:51:39][INFO] SIM_BRIDGE: Region 'cortex_FS_S' (10 neurons): using Izh type IZH2007_FS_CORTICAL_INTERNEURON
[2026-06-20 15:51:39][INFO] SIM_BRIDGE: Region 'cortex_FS_W' (10 neurons): using Izh type IZH2007_FS_CORTICAL_INTERNEURON
[2026-06-20 15:51:39][INFO] SIM_BRIDGE: Region 'str_D1_N' (50 neurons): using Izh type IZH2007_STRIATAL_MSN_D1
[2026-06-20 15:51:39][INFO] SIM_BRIDGE: Region 'str_D2_N' (50 neurons): using Izh type IZH2007_STRIATAL_MSN_D2
[2026-06-20 15:51:39][INFO] SIM_BRIDGE: Region 'str_D1_E' (50 neurons): using Izh type IZH2007_STRIATAL_MSN_D1
[2026-06-20 15:51:39][INFO] SIM_BRIDGE: Region 'str_D2_E' (50 neurons): using Izh type IZH2007_STRIATAL_MSN_D2
[2026-06-20 15:51:39][INFO] SIM_BRIDGE: Region 'str_D1_S' (50 neurons): using Izh type IZH2007_STRIATAL_MSN_D1
[2026-06-20 15:51:39][INFO] SIM_BRIDGE: Region 'str_D2_S' (50 neurons): using Izh type IZH2007_STRIATAL_MSN_D2
[2026-06-20 15:51:39][INFO] SIM_BRIDGE: Region 'str_D1_W' (50 neurons): using Izh type IZH2007_STRIATAL_MSN_D1
[2026-06-20 15:51:39][INFO] SIM_BRIDGE: Region 'str_D2_W' (50 neurons): using Izh type IZH2007_STRIATAL_MSN_D2
[2026-06-20 15:51:39][INFO] SIM_BRIDGE: Region 'str_PV_FSI_N' (5 neurons): using Izh type IZH2007_FS_CORTICAL_INTERNEURON
[2026-06-20 15:51:39][INFO] SIM_BRIDGE: Region 'str_PV_FSI_E' (5 neurons): using Izh type IZH2007_FS_CORTICAL_INTERNEURON
[2026-06-20 15:51:39][INFO] SIM_BRIDGE: Region 'str_PV_FSI_S' (5 neurons): using Izh type IZH2007_FS_CORTICAL_INTERNEURON
[2026-06-20 15:51:39][INFO] SIM_BRIDGE: Region 'str_PV_FSI_W' (5 neurons): using Izh type IZH2007_FS_CORTICAL_INTERNEURON
[2026-06-20 15:51:39][INFO] SIM_BRIDGE: Region 'gpe_N' (10 neurons): using Izh type IZH2007_GPE_PACEMAKER
[2026-06-20 15:51:39][INFO] SIM_BRIDGE: Region 'gpe_arky_N' (4 neurons): using Izh type IZH2007_GPE_PACEMAKER
[2026-06-20 15:51:39][INFO] SIM_BRIDGE: Region 'gpi_N' (10 neurons): using Izh type IZH2007_GPI_OUTPUT
[2026-06-20 15:51:39][INFO] SIM_BRIDGE: Region 'str_striosome_N' (8 neurons): using Izh type IZH2007_STRIATAL_MSN_D1
[2026-06-20 15:51:39][INFO] SIM_BRIDGE: Region 'gpe_E' (10 neurons): using Izh type IZH2007_GPE_PACEMAKER
[2026-06-20 15:51:39][INFO] SIM_BRIDGE: Region 'gpe_arky_E' (4 neurons): using Izh type IZH2007_GPE_PACEMAKER
[2026-06-20 15:51:39][INFO] SIM_BRIDGE: Region 'gpi_E' (10 neurons): using Izh type IZH2007_GPI_OUTPUT
[2026-06-20 15:51:39][INFO] SIM_BRIDGE: Region 'str_striosome_E' (8 neurons): using Izh type IZH2007_STRIATAL_MSN_D1
[2026-06-20 15:51:39][INFO] SIM_BRIDGE: Region 'gpe_S' (10 neurons): using Izh type IZH2007_GPE_PACEMAKER
[2026-06-20 15:51:39][INFO] SIM_BRIDGE: Region 'gpe_arky_S' (4 neurons): using Izh type IZH2007_GPE_PACEMAKER
[2026-06-20 15:51:39][INFO] SIM_BRIDGE: Region 'gpi_S' (10 neurons): using Izh type IZH2007_GPI_OUTPUT
[2026-06-20 15:51:39][INFO] SIM_BRIDGE: Region 'str_striosome_S' (8 neurons): using Izh type IZH2007_STRIATAL_MSN_D1
[2026-06-20 15:51:39][INFO] SIM_BRIDGE: Region 'gpe_W' (10 neurons): using Izh type IZH2007_GPE_PACEMAKER
[2026-06-20 15:51:39][INFO] SIM_BRIDGE: Region 'gpe_arky_W' (4 neurons): using Izh type IZH2007_GPE_PACEMAKER
[2026-06-20 15:51:39][INFO] SIM_BRIDGE: Region 'gpi_W' (10 neurons): using Izh type IZH2007_GPI_OUTPUT
[2026-06-20 15:51:39][INFO] SIM_BRIDGE: Region 'str_striosome_W' (8 neurons): using Izh type IZH2007_STRIATAL_MSN_D1
[2026-06-20 15:51:39][INFO] SIM_BRIDGE: Region 'stn' (20 neurons): using Izh type IZH2007_STN_BURST
[2026-06-20 15:51:39][INFO] SIM_BRIDGE: Region 'thal_N' (10 neurons): using Izh type IZH2007_THALAMIC_RELAY
[2026-06-20 15:51:39][INFO] SIM_BRIDGE: Region 'motor_N' (10 neurons): using Izh type IZH2007_RS_CORTICAL_PYRAMIDAL
[2026-06-20 15:51:39][INFO] SIM_BRIDGE: Region 'thal_E' (10 neurons): using Izh type IZH2007_THALAMIC_RELAY
[2026-06-20 15:51:39][INFO] SIM_BRIDGE: Region 'motor_E' (10 neurons): using Izh type IZH2007_RS_CORTICAL_PYRAMIDAL
[2026-06-20 15:51:39][INFO] SIM_BRIDGE: Region 'thal_S' (10 neurons): using Izh type IZH2007_THALAMIC_RELAY
[2026-06-20 15:51:39][INFO] SIM_BRIDGE: Region 'motor_S' (10 neurons): using Izh type IZH2007_RS_CORTICAL_PYRAMIDAL
[2026-06-20 15:51:39][INFO] SIM_BRIDGE: Region 'thal_W' (10 neurons): using Izh type IZH2007_THALAMIC_RELAY
[2026-06-20 15:51:39][INFO] SIM_BRIDGE: Region 'motor_W' (10 neurons): using Izh type IZH2007_RS_CORTICAL_PYRAMIDAL
[2026-06-20 15:51:39][INFO] SIM_BRIDGE: Region 'snc' (10 neurons): using Izh type IZH2007_DOPAMINE
[2026-06-20 15:51:39][INFO] SIM_BRIDGE: Region 'reward_us' (40 neurons): using Izh type IZH2007_RS_CORTICAL_PYRAMIDAL
[2026-06-20 15:51:39][INFO] SIM_BRIDGE: Region 'vs_place_context' (200 neurons): using Izh type IZH2007_RS_CORTICAL_PYRAMIDAL
[2026-06-20 15:51:39][INFO] SIM_BRIDGE: Region 'striosome_value' (80 neurons): using Izh type IZH2007_STRIATAL_MSN_D1
[2026-06-20 15:51:39][INFO] SIM_BRIDGE: Region 'sel_N' (40 neurons): using Izh type IZH2007_RS_CORTICAL_PYRAMIDAL
[2026-06-20 15:51:39][INFO] SIM_BRIDGE: Region 'sel_FS_N' (10 neurons): using Izh type IZH2007_FS_CORTICAL_INTERNEURON
[2026-06-20 15:51:39][INFO] SIM_BRIDGE: Region 'commit_N' (40 neurons): using Izh type IZH2007_RS_CORTICAL_PYRAMIDAL
[2026-06-20 15:51:39][INFO] SIM_BRIDGE: Region 'sel_E' (40 neurons): using Izh type IZH2007_RS_CORTICAL_PYRAMIDAL
[2026-06-20 15:51:39][INFO] SIM_BRIDGE: Region 'sel_FS_E' (10 neurons): using Izh type IZH2007_FS_CORTICAL_INTERNEURON
[2026-06-20 15:51:39][INFO] SIM_BRIDGE: Region 'commit_E' (40 neurons): using Izh type IZH2007_RS_CORTICAL_PYRAMIDAL
[2026-06-20 15:51:39][INFO] SIM_BRIDGE: Region 'sel_S' (40 neurons): using Izh type IZH2007_RS_CORTICAL_PYRAMIDAL
[2026-06-20 15:51:39][INFO] SIM_BRIDGE: Region 'sel_FS_S' (10 neurons): using Izh type IZH2007_FS_CORTICAL_INTERNEURON
[2026-06-20 15:51:39][INFO] SIM_BRIDGE: Region 'commit_S' (40 neurons): using Izh type IZH2007_RS_CORTICAL_PYRAMIDAL
[2026-06-20 15:51:39][INFO] SIM_BRIDGE: Region 'sel_W' (40 neurons): using Izh type IZH2007_RS_CORTICAL_PYRAMIDAL
[2026-06-20 15:51:39][INFO] SIM_BRIDGE: Region 'sel_FS_W' (10 neurons): using Izh type IZH2007_FS_CORTICAL_INTERNEURON
[2026-06-20 15:51:39][INFO] SIM_BRIDGE: Region 'commit_W' (40 neurons): using Izh type IZH2007_RS_CORTICAL_PYRAMIDAL
[2026-06-20 15:51:39][INFO] SIM_BRIDGE: Region 'commit_OPN' (20 neurons): using Izh type IZH2007_FS_CORTICAL_INTERNEURON
[2026-06-20 15:51:39][INFO] SIM_BRIDGE: Region 'retina' (2048 neurons): using Izh type IZH2007_RS_CORTICAL_PYRAMIDAL
[2026-06-20 15:51:39][INFO] SIM_BRIDGE: Region 'cortex_v1_simple' (1024 neurons): using Izh type IZH2007_RS_CORTICAL_PYRAMIDAL
[2026-06-20 15:51:39][INFO] SIM_BRIDGE: Region 'cortex_v1_complex' (512 neurons): using Izh type IZH2007_RS_CORTICAL_PYRAMIDAL
[2026-06-20 15:51:39][INFO] SIM_BRIDGE: Region 'cortex_v2' (256 neurons): using Izh type IZH2007_RS_CORTICAL_PYRAMIDAL
[2026-06-20 15:51:39][INFO] SIM_BRIDGE: Region 'cortex_it' (64 neurons): using Izh type IZH2007_RS_CORTICAL_PYRAMIDAL
[2026-06-20 15:51:39][INFO] SIM_BRIDGE: Region 'sc_retina' (2048 neurons): using Izh type IZH2007_RS_CORTICAL_PYRAMIDAL
[2026-06-20 15:51:39][INFO] SIM_BRIDGE: Region 'sc_map' (256 neurons): using Izh type IZH2007_RS_CORTICAL_PYRAMIDAL
[2026-06-20 15:51:39][INFO] SIM_BRIDGE: Region 'sc_fs' (12 neurons): using Izh type IZH2007_FS_CORTICAL_INTERNEURON
[2026-06-20 15:51:39][INFO] SIM_BRIDGE: Region 'sc_rostral' (24 neurons): using Izh type IZH2007_RS_CORTICAL_PYRAMIDAL
[2026-06-20 15:51:39][INFO] SIM_BRIDGE: Generating 3D neuron positions for 7742 neurons...
[2026-06-20 15:51:39][INFO] SIM_BRIDGE: Generating connections (brain-region framework)...
[2026-06-20 15:51:40][INFO] SIM_BRIDGE: inject_explicit_wiring: installed 184983 synapses across 172 populations.
[2026-06-20 15:51:40][INFO] SIM_BRIDGE: Initializing eligibility traces for 184983 synapses (capacity: 277474, dtype: float32)...
[2026-06-20 15:51:40][INFO] SIM_BRIDGE: Initialized neuromodulator subsystem with 1 modulators: ['dopamine']
[2026-06-20 15:51:40][INFO] SIM_BRIDGE: Initializing STDP state for 7742 neurons...
[2026-06-20 15:51:40][INFO] SIM_BRIDGE: Simulation data initialized for 7742 neurons (3D). Synapses: 184983. GPU memory: 1.3GB/25.8GB (5.1%)
[g11 seed=42] Cluster K v2: applied 70592 Gabor weights to retina -> cortex_v1_simple
[g11 seed=42] Cluster K v2: visual_cortex_action gate frozen until warmup
[g11] spiking SC: installed 21828 synapses (retina->sc_map 16x16 + recurrent + sc_map->cortex_NESW + sc_map->sc_rostral (N5))
[g11 seed=42] #6 SC read-out: POPULATION-VECTOR (cosine) + cortex_X divisive-norm (sigma=5.0, gain=0.02)
[g11 seed=42] N5 reward: boosted sc_rostral->reward_us to 40.0 (960 synapses)
[g11 seed=42] Spiking-SNc Stage B: NEURAL value critic ON (striosome_value n=80, vs_place_context->value w0=0.20115986466407776); r-V subtracted via GABA_B/GIRK (E_K=-90mV, prop=0.02); critic->SNc gate = OPEN (continuous, Stage 1). Host _V_scaffold DROPPED.
[g11 seed=42] BG circuit: 71 regions, 7742 neurons, 274334 synapses
[g11 seed=42] step 100/1800  pos=(6,31)  goal=(30,30)  recent_dist=40.22  action=N  reward=-1.00  actions= 51N/ 18E/ 15S/ 16W
[PROGRESS] {"kind": "step", "current": 100, "total": 1800, "phase": "seed=42", "unit": "steps", "pos": [6, 31], "goal": [30, 30], "recent_dist": 40.22, "action": "N", "reward": -1.0}
[g11 seed=42] step 200/1800  pos=(11,28)  goal=(30,30)  recent_dist=21.35  action=N  reward=+1.00  actions= 50N/ 21E/ 13S/ 16W
[PROGRESS] {"kind": "step", "current": 200, "total": 1800, "phase": "seed=42", "unit": "steps", "pos": [11, 28], "goal": [30, 30], "recent_dist": 21.35, "action": "N", "reward": 1.0}
[g11 seed=42] step 300/1800  pos=(11,31)  goal=(30,30)  recent_dist=16.70  action=N  reward=-1.00  actions= 53N/ 19E/  9S/ 19W
[PROGRESS] {"kind": "step", "current": 300, "total": 1800, "phase": "seed=42", "unit": "steps", "pos": [11, 31], "goal": [30, 30], "recent_dist": 16.7, "action": "N", "reward": -1.0}
[g11 seed=42] step 400/1800  pos=(18,31)  goal=(30,30)  recent_dist=17.57  action=N  reward=+0.00  actions= 54N/ 20E/ 13S/ 13W
[PROGRESS] {"kind": "step", "current": 400, "total": 1800, "phase": "seed=42", "unit": "steps", "pos": [18, 31], "goal": [30, 30], "recent_dist": 17.57, "action": "N", "reward": 0.0}
[g11 seed=42] step 450: GOAL CHANGED to (1, 30)
[g11 seed=42] step 500/1800  pos=(27,30)  goal=(1,30)  recent_dist=18.78  action=N  reward=+1.00  actions= 47N/ 25E/ 12S/ 16W
[PROGRESS] {"kind": "step", "current": 500, "total": 1800, "phase": "seed=42", "unit": "steps", "pos": [27, 30], "goal": [1, 30], "recent_dist": 18.78, "action": "N", "reward": 1.0}
[g11 seed=42] step 600/1800  pos=(31,31)  goal=(1,30)  recent_dist=29.21  action=N  reward=+0.00  actions= 56N/ 20E/ 12S/ 12W
[PROGRESS] {"kind": "step", "current": 600, "total": 1800, "phase": "seed=42", "unit": "steps", "pos": [31, 31], "goal": [1, 30], "recent_dist": 29.21, "action": "N", "reward": 0.0}
[g11 seed=42] step 600: Cluster K v2 visual_cortex_action gate OPENED (warmup=600)
[g11 seed=42] step 700/1800  pos=(21,30)  goal=(1,30)  recent_dist=27.99  action=W  reward=+1.00  actions= 48N/ 21E/ 11S/ 20W
[PROGRESS] {"kind": "step", "current": 700, "total": 1800, "phase": "seed=42", "unit": "steps", "pos": [21, 30], "goal": [1, 30], "recent_dist": 27.99, "action": "W", "reward": 1.0}
[g11 seed=42] step 800/1800  pos=(28,31)  goal=(1,30)  recent_dist=23.08  action=N  reward=+0.00  actions= 52N/ 22E/ 11S/ 15W
[PROGRESS] {"kind": "step", "current": 800, "total": 1800, "phase": "seed=42", "unit": "steps", "pos": [28, 31], "goal": [1, 30], "recent_dist": 23.08, "action": "N", "reward": 0.0}
[g11 seed=42] step 900/1800  pos=(26,31)  goal=(1,30)  recent_dist=26.54  action=N  reward=+0.00  actions= 57N/ 14E/ 13S/ 16W
[PROGRESS] {"kind": "step", "current": 900, "total": 1800, "phase": "seed=42", "unit": "steps", "pos": [26, 31], "goal": [1, 30], "recent_dist": 26.54, "action": "N", "reward": 0.0}
[g11 seed=42] step 900: GOAL CHANGED to (1, 1)
[g11 seed=42] step 1000/1800  pos=(20,31)  goal=(1,1)  recent_dist=51.27  action=N  reward=-1.00  actions= 44N/ 20E/ 10S/ 26W
[PROGRESS] {"kind": "step", "current": 1000, "total": 1800, "phase": "seed=42", "unit": "steps", "pos": [20, 31], "goal": [1, 1], "recent_dist": 51.27, "action": "N", "reward": -1.0}
[g11 seed=42] step 1100/1800  pos=(31,31)  goal=(1,1)  recent_dist=52.84  action=N  reward=+0.00  actions= 45N/ 29E/ 11S/ 15W
[PROGRESS] {"kind": "step", "current": 1100, "total": 1800, "phase": "seed=42", "unit": "steps", "pos": [31, 31], "goal": [1, 1], "recent_dist": 52.84, "action": "N", "reward": 0.0}
[g11 seed=42] step 1200/1800  pos=(29,31)  goal=(1,1)  recent_dist=57.50  action=E  reward=-1.00  actions= 55N/ 20E/  5S/ 20W
[PROGRESS] {"kind": "step", "current": 1200, "total": 1800, "phase": "seed=42", "unit": "steps", "pos": [29, 31], "goal": [1, 1], "recent_dist": 57.5, "action": "E", "reward": -1.0}
[g11 seed=42] step 1300/1800  pos=(31,29)  goal=(1,1)  recent_dist=56.69  action=S  reward=+1.00  actions= 44N/ 23E/ 14S/ 19W
[PROGRESS] {"kind": "step", "current": 1300, "total": 1800, "phase": "seed=42", "unit": "steps", "pos": [31, 29], "goal": [1, 1], "recent_dist": 56.69, "action": "S", "reward": 1.0}
[g11 seed=42] step 1350: GOAL CHANGED to (30, 1)
[g11 seed=42] step 1400/1800  pos=(24,30)  goal=(30,1)  recent_dist=45.41  action=W  reward=-1.00  actions= 48N/ 18E/ 12S/ 22W
[PROGRESS] {"kind": "step", "current": 1400, "total": 1800, "phase": "seed=42", "unit": "steps", "pos": [24, 30], "goal": [30, 1], "recent_dist": 45.41, "action": "W", "reward": -1.0}
[g11 seed=42] step 1500/1800  pos=(31,31)  goal=(30,1)  recent_dist=31.64  action=E  reward=+0.00  actions= 48N/ 24E/ 16S/ 12W
[PROGRESS] {"kind": "step", "current": 1500, "total": 1800, "phase": "seed=42", "unit": "steps", "pos": [31, 31], "goal": [30, 1], "recent_dist": 31.64, "action": "E", "reward": 0.0}
[g11 seed=42] step 1600/1800  pos=(29,31)  goal=(30,1)  recent_dist=31.53  action=N  reward=+0.00  actions= 40N/ 25E/  8S/ 27W
[PROGRESS] {"kind": "step", "current": 1600, "total": 1800, "phase": "seed=42", "unit": "steps", "pos": [29, 31], "goal": [30, 1], "recent_dist": 31.53, "action": "N", "reward": 0.0}
[g11 seed=42] step 1700/1800  pos=(29,31)  goal=(30,1)  recent_dist=30.54  action=N  reward=+0.00  actions= 44N/ 33E/ 10S/ 13W
[PROGRESS] {"kind": "step", "current": 1700, "total": 1800, "phase": "seed=42", "unit": "steps", "pos": [29, 31], "goal": [30, 1], "recent_dist": 30.54, "action": "N", "reward": 0.0}
[g11 seed=42] step 1800/1800  pos=(29,31)  goal=(30,1)  recent_dist=30.72  action=W  reward=-1.00  actions= 45N/ 23E/ 15S/ 17W
[PROGRESS] {"kind": "step", "current": 1800, "total": 1800, "phase": "seed=42", "unit": "steps", "pos": [29, 31], "goal": [30, 1], "recent_dist": 30.72, "action": "W", "reward": -1.0}
[g11 seed=42] NAV-GATE(a) stdp_w_max=400.0  sum_finalQ=130.1416  mean_distance_overall=33.8656  actor_max_cortex_to_D1_weight=205.93601989746094

[g11 seed=42] DONE in 782s. Phase stats:
  phase 0 goal=[30, 30] meanD=22.93 finalQ=15.95 actions=[237, 84, 57, 72]
  phase 1 goal=[1, 30] meanD=26.28 finalQ=26.65 actions=[231, 96, 52, 71]
  phase 2 goal=[1, 1] meanD=54.93 finalQ=56.81 actions=[211, 103, 45, 91]
  phase 3 goal=[30, 1] meanD=31.32 finalQ=30.73 actions=[202, 112, 56, 80]
[sc-pv] arm=sc_popvector: phase0_finalQ=15.947 post_change_finalQ=['26.646', '56.814', '30.735'] (sum 114.195) gate=130.141592920354 late_sustain=0.428
[sc-pv] arm=sc_popvector per-phase dominant cardinal: ['N', 'N', 'N', 'N']
[sc-pv] arm=sc_popvector per-phase action frac: [{'N': 0.527, 'E': 0.187, 'S': 0.127, 'W': 0.16}, {'N': 0.513, 'E': 0.213, 'S': 0.116, 'W': 0.158}, {'N': 0.469, 'E': 0.229, 'S': 0.1, 'W': 0.202}, {'N': 0.449, 'E': 0.249, 'S': 0.124, 'W': 0.178}]

[sc-pv] ===== POPULATION-VECTOR READ-OUT RE-ORIENT VERDICT =====
  host_phase0_finalQ: None
  host_post_change_finalQ_sum: None
  ramp_post_change_finalQ_sum: None
  popvector_post_change_finalQ_sum: 114.19469026548673
  scramble_post_change_finalQ_sum: None
  host_tracking: None
  ramp_tracking: None
  popvector_tracking: {'dominant_per_phase': ['N', 'N', 'N', 'N'], 'n_distinct_dominant': 1, 'has_W_dominant_phase': False, 'has_E_dominant_phase': False, 'tracks_goal': False}
  scramble_tracking: None
  ramp_late_sustain: None
  popvector_late_sustain: 0.42777777777777776
  NOTE: GO (#6 CONVERTS) if popvector_tracking.tracks_goal is True AND popvector_post_change approaches host (host_over_popvector_post_ratio ~1, vs the ramp's ~0.01) AND the SCRAMBLE lesion collapses (scramble_tracking.tracks_goal False / much worse finalQ). HONEST NEGATIVE otherwise -- report whether popvector still does NOT track (under-selective) or a deeper issue.
[sc-pv] wrote research/findings/raw/nav_gate_2a/grid32_s6/scpv_summary_R1mid_s42.json
