[sc-pv] arm=sc_popvector_scr seed=42 grid=32 n_steps=1800 warmup=600 scw=18.0 sigma=5.0 gain=0.02 with_conv=False
[g11] WARN: --spiking-reward-us WITHOUT --perceived-approach-reward -> the US rides on the COORD-based reward (not coord-free). Add --perceived-approach-reward for the fully-biologized (coord-free) reward chain.
[g11 seed=42] Spiking-SNc Stage A: dopamine modulator = from_region_firing_signed over ['snc'] (tonic=220.0pA, k_r=400.0, k_v=400.0); RPE is the SNc FIRING. V = host reward_ema (Stage-A scaffold).
[2026-06-20 14:44:44][INFO] SIM_BRIDGE: CuPy using GPU: NVIDIA GeForce RTX 3090 (24.0 GB), mempool limit: 80%
[2026-06-20 14:44:44][INFO] SIM_BRIDGE: Initializing simulation data for model: IZHIKEVICH (3D)... (playback_init: False)
[2026-06-20 14:44:44][INFO] SIM_BRIDGE: Brain-region framework: 67 regions, 7702 total neurons, 146 pathways.
[2026-06-20 14:44:44][INFO] SIM_BRIDGE: RNG initialized with seed: 42
[2026-06-20 14:44:44][INFO] SIM_BRIDGE: NMDA per-region mask: 12 regions enabled (300 neurons)
[2026-06-20 14:44:44][INFO] SIM_BRIDGE: Input-divisive-norm per-region mask: 4 regions enabled (100 neurons)
[2026-06-20 14:44:44][INFO] SIM_BRIDGE: Initializing Izhikevich model specifics for 7702 neurons...
[2026-06-20 14:44:44][INFO] SIM_BRIDGE: Region 'cortex_N' (25 neurons): using Izh type IZH2007_RS_CORTICAL_PYRAMIDAL
[2026-06-20 14:44:44][INFO] SIM_BRIDGE: Region 'cortex_E' (25 neurons): using Izh type IZH2007_RS_CORTICAL_PYRAMIDAL
[2026-06-20 14:44:44][INFO] SIM_BRIDGE: Region 'cortex_S' (25 neurons): using Izh type IZH2007_RS_CORTICAL_PYRAMIDAL
[2026-06-20 14:44:44][INFO] SIM_BRIDGE: Region 'cortex_W' (25 neurons): using Izh type IZH2007_RS_CORTICAL_PYRAMIDAL
[2026-06-20 14:44:44][INFO] SIM_BRIDGE: Region 'str_D1_N' (50 neurons): using Izh type IZH2007_STRIATAL_MSN_D1
[2026-06-20 14:44:44][INFO] SIM_BRIDGE: Region 'str_D2_N' (50 neurons): using Izh type IZH2007_STRIATAL_MSN_D2
[2026-06-20 14:44:44][INFO] SIM_BRIDGE: Region 'str_D1_E' (50 neurons): using Izh type IZH2007_STRIATAL_MSN_D1
[2026-06-20 14:44:44][INFO] SIM_BRIDGE: Region 'str_D2_E' (50 neurons): using Izh type IZH2007_STRIATAL_MSN_D2
[2026-06-20 14:44:44][INFO] SIM_BRIDGE: Region 'str_D1_S' (50 neurons): using Izh type IZH2007_STRIATAL_MSN_D1
[2026-06-20 14:44:44][INFO] SIM_BRIDGE: Region 'str_D2_S' (50 neurons): using Izh type IZH2007_STRIATAL_MSN_D2
[2026-06-20 14:44:44][INFO] SIM_BRIDGE: Region 'str_D1_W' (50 neurons): using Izh type IZH2007_STRIATAL_MSN_D1
[2026-06-20 14:44:44][INFO] SIM_BRIDGE: Region 'str_D2_W' (50 neurons): using Izh type IZH2007_STRIATAL_MSN_D2
[2026-06-20 14:44:44][INFO] SIM_BRIDGE: Region 'str_PV_FSI_N' (5 neurons): using Izh type IZH2007_FS_CORTICAL_INTERNEURON
[2026-06-20 14:44:44][INFO] SIM_BRIDGE: Region 'str_PV_FSI_E' (5 neurons): using Izh type IZH2007_FS_CORTICAL_INTERNEURON
[2026-06-20 14:44:44][INFO] SIM_BRIDGE: Region 'str_PV_FSI_S' (5 neurons): using Izh type IZH2007_FS_CORTICAL_INTERNEURON
[2026-06-20 14:44:44][INFO] SIM_BRIDGE: Region 'str_PV_FSI_W' (5 neurons): using Izh type IZH2007_FS_CORTICAL_INTERNEURON
[2026-06-20 14:44:44][INFO] SIM_BRIDGE: Region 'gpe_N' (10 neurons): using Izh type IZH2007_GPE_PACEMAKER
[2026-06-20 14:44:44][INFO] SIM_BRIDGE: Region 'gpe_arky_N' (4 neurons): using Izh type IZH2007_GPE_PACEMAKER
[2026-06-20 14:44:44][INFO] SIM_BRIDGE: Region 'gpi_N' (10 neurons): using Izh type IZH2007_GPI_OUTPUT
[2026-06-20 14:44:44][INFO] SIM_BRIDGE: Region 'str_striosome_N' (8 neurons): using Izh type IZH2007_STRIATAL_MSN_D1
[2026-06-20 14:44:44][INFO] SIM_BRIDGE: Region 'gpe_E' (10 neurons): using Izh type IZH2007_GPE_PACEMAKER
[2026-06-20 14:44:44][INFO] SIM_BRIDGE: Region 'gpe_arky_E' (4 neurons): using Izh type IZH2007_GPE_PACEMAKER
[2026-06-20 14:44:44][INFO] SIM_BRIDGE: Region 'gpi_E' (10 neurons): using Izh type IZH2007_GPI_OUTPUT
[2026-06-20 14:44:44][INFO] SIM_BRIDGE: Region 'str_striosome_E' (8 neurons): using Izh type IZH2007_STRIATAL_MSN_D1
[2026-06-20 14:44:44][INFO] SIM_BRIDGE: Region 'gpe_S' (10 neurons): using Izh type IZH2007_GPE_PACEMAKER
[2026-06-20 14:44:44][INFO] SIM_BRIDGE: Region 'gpe_arky_S' (4 neurons): using Izh type IZH2007_GPE_PACEMAKER
[2026-06-20 14:44:44][INFO] SIM_BRIDGE: Region 'gpi_S' (10 neurons): using Izh type IZH2007_GPI_OUTPUT
[2026-06-20 14:44:44][INFO] SIM_BRIDGE: Region 'str_striosome_S' (8 neurons): using Izh type IZH2007_STRIATAL_MSN_D1
[2026-06-20 14:44:44][INFO] SIM_BRIDGE: Region 'gpe_W' (10 neurons): using Izh type IZH2007_GPE_PACEMAKER
[2026-06-20 14:44:44][INFO] SIM_BRIDGE: Region 'gpe_arky_W' (4 neurons): using Izh type IZH2007_GPE_PACEMAKER
[2026-06-20 14:44:44][INFO] SIM_BRIDGE: Region 'gpi_W' (10 neurons): using Izh type IZH2007_GPI_OUTPUT
[2026-06-20 14:44:44][INFO] SIM_BRIDGE: Region 'str_striosome_W' (8 neurons): using Izh type IZH2007_STRIATAL_MSN_D1
[2026-06-20 14:44:44][INFO] SIM_BRIDGE: Region 'stn' (20 neurons): using Izh type IZH2007_STN_BURST
[2026-06-20 14:44:44][INFO] SIM_BRIDGE: Region 'thal_N' (10 neurons): using Izh type IZH2007_THALAMIC_RELAY
[2026-06-20 14:44:44][INFO] SIM_BRIDGE: Region 'motor_N' (10 neurons): using Izh type IZH2007_RS_CORTICAL_PYRAMIDAL
[2026-06-20 14:44:44][INFO] SIM_BRIDGE: Region 'thal_E' (10 neurons): using Izh type IZH2007_THALAMIC_RELAY
[2026-06-20 14:44:44][INFO] SIM_BRIDGE: Region 'motor_E' (10 neurons): using Izh type IZH2007_RS_CORTICAL_PYRAMIDAL
[2026-06-20 14:44:44][INFO] SIM_BRIDGE: Region 'thal_S' (10 neurons): using Izh type IZH2007_THALAMIC_RELAY
[2026-06-20 14:44:44][INFO] SIM_BRIDGE: Region 'motor_S' (10 neurons): using Izh type IZH2007_RS_CORTICAL_PYRAMIDAL
[2026-06-20 14:44:44][INFO] SIM_BRIDGE: Region 'thal_W' (10 neurons): using Izh type IZH2007_THALAMIC_RELAY
[2026-06-20 14:44:44][INFO] SIM_BRIDGE: Region 'motor_W' (10 neurons): using Izh type IZH2007_RS_CORTICAL_PYRAMIDAL
[2026-06-20 14:44:44][INFO] SIM_BRIDGE: Region 'snc' (10 neurons): using Izh type IZH2007_DOPAMINE
[2026-06-20 14:44:44][INFO] SIM_BRIDGE: Region 'reward_us' (40 neurons): using Izh type IZH2007_RS_CORTICAL_PYRAMIDAL
[2026-06-20 14:44:44][INFO] SIM_BRIDGE: Region 'vs_place_context' (200 neurons): using Izh type IZH2007_RS_CORTICAL_PYRAMIDAL
[2026-06-20 14:44:44][INFO] SIM_BRIDGE: Region 'striosome_value' (80 neurons): using Izh type IZH2007_STRIATAL_MSN_D1
[2026-06-20 14:44:44][INFO] SIM_BRIDGE: Region 'sel_N' (40 neurons): using Izh type IZH2007_RS_CORTICAL_PYRAMIDAL
[2026-06-20 14:44:44][INFO] SIM_BRIDGE: Region 'sel_FS_N' (10 neurons): using Izh type IZH2007_FS_CORTICAL_INTERNEURON
[2026-06-20 14:44:44][INFO] SIM_BRIDGE: Region 'commit_N' (40 neurons): using Izh type IZH2007_RS_CORTICAL_PYRAMIDAL
[2026-06-20 14:44:44][INFO] SIM_BRIDGE: Region 'sel_E' (40 neurons): using Izh type IZH2007_RS_CORTICAL_PYRAMIDAL
[2026-06-20 14:44:44][INFO] SIM_BRIDGE: Region 'sel_FS_E' (10 neurons): using Izh type IZH2007_FS_CORTICAL_INTERNEURON
[2026-06-20 14:44:44][INFO] SIM_BRIDGE: Region 'commit_E' (40 neurons): using Izh type IZH2007_RS_CORTICAL_PYRAMIDAL
[2026-06-20 14:44:44][INFO] SIM_BRIDGE: Region 'sel_S' (40 neurons): using Izh type IZH2007_RS_CORTICAL_PYRAMIDAL
[2026-06-20 14:44:44][INFO] SIM_BRIDGE: Region 'sel_FS_S' (10 neurons): using Izh type IZH2007_FS_CORTICAL_INTERNEURON
[2026-06-20 14:44:44][INFO] SIM_BRIDGE: Region 'commit_S' (40 neurons): using Izh type IZH2007_RS_CORTICAL_PYRAMIDAL
[2026-06-20 14:44:44][INFO] SIM_BRIDGE: Region 'sel_W' (40 neurons): using Izh type IZH2007_RS_CORTICAL_PYRAMIDAL
[2026-06-20 14:44:44][INFO] SIM_BRIDGE: Region 'sel_FS_W' (10 neurons): using Izh type IZH2007_FS_CORTICAL_INTERNEURON
[2026-06-20 14:44:44][INFO] SIM_BRIDGE: Region 'commit_W' (40 neurons): using Izh type IZH2007_RS_CORTICAL_PYRAMIDAL
[2026-06-20 14:44:44][INFO] SIM_BRIDGE: Region 'commit_OPN' (20 neurons): using Izh type IZH2007_FS_CORTICAL_INTERNEURON
[2026-06-20 14:44:44][INFO] SIM_BRIDGE: Region 'retina' (2048 neurons): using Izh type IZH2007_RS_CORTICAL_PYRAMIDAL
[2026-06-20 14:44:44][INFO] SIM_BRIDGE: Region 'cortex_v1_simple' (1024 neurons): using Izh type IZH2007_RS_CORTICAL_PYRAMIDAL
[2026-06-20 14:44:44][INFO] SIM_BRIDGE: Region 'cortex_v1_complex' (512 neurons): using Izh type IZH2007_RS_CORTICAL_PYRAMIDAL
[2026-06-20 14:44:44][INFO] SIM_BRIDGE: Region 'cortex_v2' (256 neurons): using Izh type IZH2007_RS_CORTICAL_PYRAMIDAL
[2026-06-20 14:44:44][INFO] SIM_BRIDGE: Region 'cortex_it' (64 neurons): using Izh type IZH2007_RS_CORTICAL_PYRAMIDAL
[2026-06-20 14:44:44][INFO] SIM_BRIDGE: Region 'sc_retina' (2048 neurons): using Izh type IZH2007_RS_CORTICAL_PYRAMIDAL
[2026-06-20 14:44:44][INFO] SIM_BRIDGE: Region 'sc_map' (256 neurons): using Izh type IZH2007_RS_CORTICAL_PYRAMIDAL
[2026-06-20 14:44:44][INFO] SIM_BRIDGE: Region 'sc_fs' (12 neurons): using Izh type IZH2007_FS_CORTICAL_INTERNEURON
[2026-06-20 14:44:44][INFO] SIM_BRIDGE: Region 'sc_rostral' (24 neurons): using Izh type IZH2007_RS_CORTICAL_PYRAMIDAL
[2026-06-20 14:44:44][INFO] SIM_BRIDGE: Generating 3D neuron positions for 7702 neurons...
[2026-06-20 14:44:44][INFO] SIM_BRIDGE: Generating connections (brain-region framework)...
[2026-06-20 14:44:45][INFO] SIM_BRIDGE: inject_explicit_wiring: installed 180890 synapses across 156 populations.
[2026-06-20 14:44:45][INFO] SIM_BRIDGE: Initializing eligibility traces for 180890 synapses (capacity: 271335, dtype: float32)...
[2026-06-20 14:44:45][INFO] SIM_BRIDGE: Initialized neuromodulator subsystem with 1 modulators: ['dopamine']
[2026-06-20 14:44:45][INFO] SIM_BRIDGE: Initializing STDP state for 7702 neurons...
[2026-06-20 14:44:45][INFO] SIM_BRIDGE: Simulation data initialized for 7702 neurons (3D). Synapses: 180890. GPU memory: 1.3GB/25.8GB (5.1%)
[g11 seed=42] Cluster K v2: applied 70592 Gabor weights to retina -> cortex_v1_simple
[g11 seed=42] Cluster K v2: visual_cortex_action gate frozen until warmup
[g11] spiking SC: installed 21828 synapses (retina->sc_map 16x16 + recurrent + sc_map->cortex_NESW + sc_map->sc_rostral (N5))
[g11 seed=42] #6 SC read-out: POPULATION-VECTOR (cosine) + cortex_X divisive-norm (sigma=5.0, gain=0.02)
[g11 seed=42] N5 reward: boosted sc_rostral->reward_us to 40.0 (960 synapses)
[g11 seed=42] Spiking-SNc Stage B: NEURAL value critic ON (striosome_value n=80, vs_place_context->value w0=0.20115986466407776); r-V subtracted via GABA_B/GIRK (E_K=-90mV, prop=0.02); critic->SNc gate = OPEN (continuous, Stage 1). Host _V_scaffold DROPPED.
[g11 seed=42] BG circuit: 67 regions, 7702 neurons, 270188 synapses
[g11 seed=42] step 100/1800  pos=(7,31)  goal=(30,30)  recent_dist=36.43  action=N  reward=+0.00  actions= 52N/ 21E/ 10S/ 17W
[PROGRESS] {"kind": "step", "current": 100, "total": 1800, "phase": "seed=42", "unit": "steps", "pos": [7, 31], "goal": [30, 30], "recent_dist": 36.43, "action": "N", "reward": 0.0}
[g11 seed=42] step 200/1800  pos=(5,30)  goal=(30,30)  recent_dist=26.31  action=N  reward=+1.00  actions= 37N/ 22E/ 17S/ 24W
[PROGRESS] {"kind": "step", "current": 200, "total": 1800, "phase": "seed=42", "unit": "steps", "pos": [5, 30], "goal": [30, 30], "recent_dist": 26.31, "action": "N", "reward": 1.0}
[g11 seed=42] step 300/1800  pos=(9,30)  goal=(30,30)  recent_dist=23.08  action=S  reward=+1.00  actions= 52N/ 18E/ 16S/ 14W
[PROGRESS] {"kind": "step", "current": 300, "total": 1800, "phase": "seed=42", "unit": "steps", "pos": [9, 30], "goal": [30, 30], "recent_dist": 23.08, "action": "S", "reward": 1.0}
[g11 seed=42] step 400/1800  pos=(10,30)  goal=(30,30)  recent_dist=26.16  action=N  reward=+1.00  actions= 53N/ 17E/ 14S/ 16W
[PROGRESS] {"kind": "step", "current": 400, "total": 1800, "phase": "seed=42", "unit": "steps", "pos": [10, 30], "goal": [30, 30], "recent_dist": 26.16, "action": "N", "reward": 1.0}
[g11 seed=42] step 450: GOAL CHANGED to (1, 30)
[g11 seed=42] step 500/1800  pos=(16,30)  goal=(1,30)  recent_dist=17.43  action=N  reward=+1.00  actions= 41N/ 26E/ 13S/ 20W
[PROGRESS] {"kind": "step", "current": 500, "total": 1800, "phase": "seed=42", "unit": "steps", "pos": [16, 30], "goal": [1, 30], "recent_dist": 17.43, "action": "N", "reward": 1.0}
[g11 seed=42] step 600/1800  pos=(4,31)  goal=(1,30)  recent_dist=8.42  action=N  reward=+0.00  actions= 74N/  4E/  6S/ 16W
[PROGRESS] {"kind": "step", "current": 600, "total": 1800, "phase": "seed=42", "unit": "steps", "pos": [4, 31], "goal": [1, 30], "recent_dist": 8.42, "action": "N", "reward": 0.0}
[g11 seed=42] step 600: Cluster K v2 visual_cortex_action gate OPENED (warmup=600)
[g11 seed=42] step 700/1800  pos=(4,31)  goal=(1,30)  recent_dist=4.00  action=N  reward=+0.00  actions=100N/  0E/  0S/  0W
[PROGRESS] {"kind": "step", "current": 700, "total": 1800, "phase": "seed=42", "unit": "steps", "pos": [4, 31], "goal": [1, 30], "recent_dist": 4.0, "action": "N", "reward": 0.0}
[g11 seed=42] step 800/1800  pos=(5,30)  goal=(1,30)  recent_dist=3.99  action=S  reward=+1.00  actions= 96N/  2E/  1S/  1W
[PROGRESS] {"kind": "step", "current": 800, "total": 1800, "phase": "seed=42", "unit": "steps", "pos": [5, 30], "goal": [1, 30], "recent_dist": 3.99, "action": "S", "reward": 1.0}
[g11 seed=42] step 900/1800  pos=(6,29)  goal=(1,30)  recent_dist=5.11  action=S  reward=-1.00  actions= 37N/ 20E/ 24S/ 19W
[PROGRESS] {"kind": "step", "current": 900, "total": 1800, "phase": "seed=42", "unit": "steps", "pos": [6, 29], "goal": [1, 30], "recent_dist": 5.11, "action": "S", "reward": -1.0}
[g11 seed=42] step 900: GOAL CHANGED to (1, 1)
[g11 seed=42] step 1000/1800  pos=(7,31)  goal=(1,1)  recent_dist=33.99  action=N  reward=+0.00  actions= 55N/ 15E/ 16S/ 14W
[PROGRESS] {"kind": "step", "current": 1000, "total": 1800, "phase": "seed=42", "unit": "steps", "pos": [7, 31], "goal": [1, 1], "recent_dist": 33.99, "action": "N", "reward": 0.0}
[g11 seed=42] step 1100/1800  pos=(14,30)  goal=(1,1)  recent_dist=37.38  action=W  reward=+1.00  actions= 46N/ 24E/ 13S/ 17W
[PROGRESS] {"kind": "step", "current": 1100, "total": 1800, "phase": "seed=42", "unit": "steps", "pos": [14, 30], "goal": [1, 1], "recent_dist": 37.38, "action": "W", "reward": 1.0}
[g11 seed=42] step 1200/1800  pos=(12,31)  goal=(1,1)  recent_dist=37.76  action=N  reward=+0.00  actions= 47N/ 20E/ 11S/ 22W
[PROGRESS] {"kind": "step", "current": 1200, "total": 1800, "phase": "seed=42", "unit": "steps", "pos": [12, 31], "goal": [1, 1], "recent_dist": 37.76, "action": "N", "reward": 0.0}
[g11 seed=42] step 1300/1800  pos=(19,31)  goal=(1,1)  recent_dist=47.65  action=N  reward=-1.00  actions= 53N/ 22E/ 10S/ 15W
[PROGRESS] {"kind": "step", "current": 1300, "total": 1800, "phase": "seed=42", "unit": "steps", "pos": [19, 31], "goal": [1, 1], "recent_dist": 47.65, "action": "N", "reward": -1.0}
[g11 seed=42] step 1350: GOAL CHANGED to (30, 1)
[g11 seed=42] step 1400/1800  pos=(27,31)  goal=(30,1)  recent_dist=40.90  action=N  reward=+0.00  actions= 51N/ 23E/ 11S/ 15W
[PROGRESS] {"kind": "step", "current": 1400, "total": 1800, "phase": "seed=42", "unit": "steps", "pos": [27, 31], "goal": [30, 1], "recent_dist": 40.9, "action": "N", "reward": 0.0}
[g11 seed=42] step 1500/1800  pos=(24,31)  goal=(30,1)  recent_dist=30.86  action=N  reward=+0.00  actions= 45N/ 24E/ 11S/ 20W
[PROGRESS] {"kind": "step", "current": 1500, "total": 1800, "phase": "seed=42", "unit": "steps", "pos": [24, 31], "goal": [30, 1], "recent_dist": 30.86, "action": "N", "reward": 0.0}
[g11 seed=42] step 1600/1800  pos=(30,30)  goal=(30,1)  recent_dist=33.66  action=S  reward=+1.00  actions= 55N/ 21E/ 11S/ 13W
[PROGRESS] {"kind": "step", "current": 1600, "total": 1800, "phase": "seed=42", "unit": "steps", "pos": [30, 30], "goal": [30, 1], "recent_dist": 33.66, "action": "S", "reward": 1.0}
[g11 seed=42] step 1700/1800  pos=(25,31)  goal=(30,1)  recent_dist=34.13  action=E  reward=+1.00  actions= 49N/ 19E/  9S/ 23W
[PROGRESS] {"kind": "step", "current": 1700, "total": 1800, "phase": "seed=42", "unit": "steps", "pos": [25, 31], "goal": [30, 1], "recent_dist": 34.13, "action": "E", "reward": 1.0}
[g11 seed=42] step 1800/1800  pos=(26,31)  goal=(30,1)  recent_dist=31.94  action=N  reward=-1.00  actions= 48N/ 21E/ 14S/ 17W
[PROGRESS] {"kind": "step", "current": 1800, "total": 1800, "phase": "seed=42", "unit": "steps", "pos": [26, 31], "goal": [30, 1], "recent_dist": 31.94, "action": "N", "reward": -1.0}
[g11 seed=42] NAV-GATE(a) stdp_w_max=400.0  sum_finalQ=110.9292  mean_distance_overall=26.6222  actor_max_cortex_to_D1_weight=205.93601989746094

[g11 seed=42] DONE in 963s. Phase stats:
  phase 0 goal=[30, 30] meanD=27.27 finalQ=24.52 actions=[214, 91, 62, 83]
  phase 1 goal=[1, 30] meanD=6.27 finalQ=4.97 actions=[328, 39, 39, 44]
  phase 2 goal=[1, 1] meanD=40.28 finalQ=48.90 actions=[224, 95, 56, 75]
  phase 3 goal=[30, 1] meanD=32.66 finalQ=32.53 actions=[225, 94, 50, 81]
[sc-pv] arm=sc_popvector_scr: phase0_finalQ=24.522 post_change_finalQ=['4.973', '48.903', '32.531'] (sum 86.407) gate=110.92920353982302 late_sustain=0.413
[sc-pv] arm=sc_popvector_scr per-phase dominant cardinal: ['N', 'N', 'N', 'N']
[sc-pv] arm=sc_popvector_scr per-phase action frac: [{'N': 0.476, 'E': 0.202, 'S': 0.138, 'W': 0.184}, {'N': 0.729, 'E': 0.087, 'S': 0.087, 'W': 0.098}, {'N': 0.498, 'E': 0.211, 'S': 0.124, 'W': 0.167}, {'N': 0.5, 'E': 0.209, 'S': 0.111, 'W': 0.18}]

[sc-pv] ===== POPULATION-VECTOR READ-OUT RE-ORIENT VERDICT =====
  host_phase0_finalQ: None
  host_post_change_finalQ_sum: None
  ramp_post_change_finalQ_sum: None
  popvector_post_change_finalQ_sum: None
  scramble_post_change_finalQ_sum: 86.4070796460177
  host_tracking: None
  ramp_tracking: None
  popvector_tracking: None
  scramble_tracking: {'dominant_per_phase': ['N', 'N', 'N', 'N'], 'n_distinct_dominant': 1, 'has_W_dominant_phase': False, 'has_E_dominant_phase': False, 'tracks_goal': False}
  ramp_late_sustain: None
  popvector_late_sustain: None
  NOTE: GO (#6 CONVERTS) if popvector_tracking.tracks_goal is True AND popvector_post_change approaches host (host_over_popvector_post_ratio ~1, vs the ramp's ~0.01) AND the SCRAMBLE lesion collapses (scramble_tracking.tracks_goal False / much worse finalQ). HONEST NEGATIVE otherwise -- report whether popvector still does NOT track (under-selective) or a deeper issue.
[sc-pv] wrote research/findings/raw/nav_gate_2a/grid32_s6/scpv_summary_SCRAM_s42.json
