[2026-07-14 06:02:00][INFO] SIM_BRIDGE: NumPy backend (CPU (NumPy backend), 47.7 GB RAM available)
[2026-07-14 06:02:00][INFO] SIM_BRIDGE: Initializing simulation data for model: IZHIKEVICH (3D)... (playback_init: False)
[2026-07-14 06:02:00][INFO] SIM_BRIDGE: RNG initialized with seed: 1611892728
[2026-07-14 06:02:00][INFO] SIM_BRIDGE: Initializing Izhikevich model specifics for 60 neurons...
[2026-07-14 06:02:00][INFO] SIM_BRIDGE: Applying parameter heterogeneity to neuron parameters...
[2026-07-14 06:02:00][INFO] SIM_BRIDGE: Applied heterogeneity to 4 parameters.
[2026-07-14 06:02:00][INFO] SIM_BRIDGE: Initializing OU process state (tau=15.0ms, sigma=100.0pA)...
[2026-07-14 06:02:00][INFO] SIM_BRIDGE: Generating 3D neuron positions for 60 neurons...
[2026-07-14 06:02:00][INFO] SIM_BRIDGE: Generating connections (3D)...
[2026-07-14 06:02:00][INFO] SIM_BRIDGE: Generating Watts-Strogatz 3D network (n=60, k=10, p_rewire=0.1)...
[2026-07-14 06:02:00][INFO] SIM_BRIDGE: Watts-Strogatz network complete: 594 connections (avg degree: 9.9, expected: 10). Time: 0.00s
[2026-07-14 06:02:00][INFO] SIM_BRIDGE: Initializing STP state for 594 synapses (capacity: 891)...
[2026-07-14 06:02:00][INFO] SIM_BRIDGE: Initializing eligibility traces for 594 synapses (capacity: 891, dtype: float32)...
[2026-07-14 06:02:00][WARNING] SIM_BRIDGE: No trait info available; all synapses default to E->E STP type.
[2026-07-14 06:02:00][INFO] SIM_BRIDGE: Initializing structural plasticity state...
[2026-07-14 06:02:00][INFO] SIM_BRIDGE: Simulation data initialized for 60 neurons (3D). Synapses: 594. GPU memory: 27.1GB/51.2GB (52.9%)
[2026-07-14 06:02:00][WARNING] SIM_BRIDGE: No trait info available; all synapses default to E->E STP type.
[2026-07-14 06:02:00][INFO] SIM_BRIDGE: inject_explicit_wiring: installed 864 synapses across 3 populations.
[2026-07-14 06:02:02][INFO] SIM_BRIDGE: NumPy backend (CPU (NumPy backend), 47.7 GB RAM available)
[2026-07-14 06:02:02][INFO] SIM_BRIDGE: Initializing simulation data for model: IZHIKEVICH (3D)... (playback_init: False)
[2026-07-14 06:02:02][INFO] SIM_BRIDGE: RNG initialized with seed: 1611894884
[2026-07-14 06:02:02][INFO] SIM_BRIDGE: Initializing Izhikevich model specifics for 60 neurons...
[2026-07-14 06:02:02][INFO] SIM_BRIDGE: Applying parameter heterogeneity to neuron parameters...
[2026-07-14 06:02:02][INFO] SIM_BRIDGE: Applied heterogeneity to 4 parameters.
[2026-07-14 06:02:02][INFO] SIM_BRIDGE: Initializing OU process state (tau=15.0ms, sigma=100.0pA)...
[2026-07-14 06:02:02][INFO] SIM_BRIDGE: Generating 3D neuron positions for 60 neurons...
[2026-07-14 06:02:02][INFO] SIM_BRIDGE: Generating connections (3D)...
[2026-07-14 06:02:02][INFO] SIM_BRIDGE: Generating Watts-Strogatz 3D network (n=60, k=10, p_rewire=0.1)...
[2026-07-14 06:02:02][INFO] SIM_BRIDGE: Watts-Strogatz network complete: 586 connections (avg degree: 9.8, expected: 10). Time: 0.00s
[2026-07-14 06:02:02][INFO] SIM_BRIDGE: Initializing STP state for 586 synapses (capacity: 879)...
[2026-07-14 06:02:02][INFO] SIM_BRIDGE: Initializing eligibility traces for 586 synapses (capacity: 879, dtype: float32)...
[2026-07-14 06:02:02][WARNING] SIM_BRIDGE: No trait info available; all synapses default to E->E STP type.
[2026-07-14 06:02:02][INFO] SIM_BRIDGE: Initializing structural plasticity state...
[2026-07-14 06:02:02][INFO] SIM_BRIDGE: Simulation data initialized for 60 neurons (3D). Synapses: 586. GPU memory: 27.2GB/51.2GB (53.1%)
[2026-07-14 06:02:02][WARNING] SIM_BRIDGE: No trait info available; all synapses default to E->E STP type.
[2026-07-14 06:02:02][INFO] SIM_BRIDGE: inject_explicit_wiring: installed 864 synapses across 3 populations.
[2026-07-14 06:02:02][INFO] SIM_BRIDGE: Initializing OU process state (tau=15.0ms, sigma=50.0pA)...
[2026-07-14 06:02:04][INFO] SIM_BRIDGE: NumPy backend (CPU (NumPy backend), 47.7 GB RAM available)
[2026-07-14 06:02:04][INFO] SIM_BRIDGE: Initializing simulation data for model: IZHIKEVICH (3D)... (playback_init: False)
[2026-07-14 06:02:04][INFO] SIM_BRIDGE: RNG initialized with seed: 1611896928
[2026-07-14 06:02:04][INFO] SIM_BRIDGE: Initializing Izhikevich model specifics for 60 neurons...
[2026-07-14 06:02:04][INFO] SIM_BRIDGE: Applying parameter heterogeneity to neuron parameters...
[2026-07-14 06:02:04][INFO] SIM_BRIDGE: Applied heterogeneity to 4 parameters.
[2026-07-14 06:02:04][INFO] SIM_BRIDGE: Initializing OU process state (tau=15.0ms, sigma=100.0pA)...
[2026-07-14 06:02:04][INFO] SIM_BRIDGE: Generating 3D neuron positions for 60 neurons...
[2026-07-14 06:02:04][INFO] SIM_BRIDGE: Generating connections (3D)...
[2026-07-14 06:02:04][INFO] SIM_BRIDGE: Generating Watts-Strogatz 3D network (n=60, k=10, p_rewire=0.1)...
[2026-07-14 06:02:04][INFO] SIM_BRIDGE: Watts-Strogatz network complete: 593 connections (avg degree: 9.9, expected: 10). Time: 0.00s
[2026-07-14 06:02:04][INFO] SIM_BRIDGE: Initializing STP state for 593 synapses (capacity: 889)...
[2026-07-14 06:02:04][INFO] SIM_BRIDGE: Initializing eligibility traces for 593 synapses (capacity: 889, dtype: float32)...
[2026-07-14 06:02:04][WARNING] SIM_BRIDGE: No trait info available; all synapses default to E->E STP type.
[2026-07-14 06:02:04][INFO] SIM_BRIDGE: Initializing structural plasticity state...
[2026-07-14 06:02:04][INFO] SIM_BRIDGE: Simulation data initialized for 60 neurons (3D). Synapses: 593. GPU memory: 27.2GB/51.2GB (53.1%)
[2026-07-14 06:02:04][WARNING] SIM_BRIDGE: No trait info available; all synapses default to E->E STP type.
[2026-07-14 06:02:04][INFO] SIM_BRIDGE: inject_explicit_wiring: installed 864 synapses across 3 populations.
[2026-07-14 06:02:04][INFO] SIM_BRIDGE: Initializing OU process state (tau=15.0ms, sigma=100.0pA)...
[2026-07-14 06:02:06][INFO] SIM_BRIDGE: NumPy backend (CPU (NumPy backend), 47.7 GB RAM available)
[2026-07-14 06:02:06][INFO] SIM_BRIDGE: Initializing simulation data for model: IZHIKEVICH (3D)... (playback_init: False)
[2026-07-14 06:02:06][INFO] SIM_BRIDGE: RNG initialized with seed: 1611899003
[2026-07-14 06:02:06][INFO] SIM_BRIDGE: Initializing Izhikevich model specifics for 480 neurons...
[2026-07-14 06:02:06][INFO] SIM_BRIDGE: Applying parameter heterogeneity to neuron parameters...
[2026-07-14 06:02:06][INFO] SIM_BRIDGE: Applied heterogeneity to 4 parameters.
[2026-07-14 06:02:06][INFO] SIM_BRIDGE: Initializing OU process state (tau=15.0ms, sigma=100.0pA)...
[2026-07-14 06:02:06][INFO] SIM_BRIDGE: Generating 3D neuron positions for 480 neurons...
[2026-07-14 06:02:06][INFO] SIM_BRIDGE: Generating connections (3D)...
[2026-07-14 06:02:06][INFO] SIM_BRIDGE: Generating Watts-Strogatz 3D network (n=480, k=10, p_rewire=0.1)...
[2026-07-14 06:02:06][INFO] SIM_BRIDGE: Watts-Strogatz network complete: 4791 connections (avg degree: 10.0, expected: 10). Time: 0.02s
[2026-07-14 06:02:06][INFO] SIM_BRIDGE: Initializing STP state for 4791 synapses (capacity: 7186)...
[2026-07-14 06:02:06][INFO] SIM_BRIDGE: Initializing eligibility traces for 4791 synapses (capacity: 7186, dtype: float32)...
[2026-07-14 06:02:06][WARNING] SIM_BRIDGE: No trait info available; all synapses default to E->E STP type.
[2026-07-14 06:02:06][INFO] SIM_BRIDGE: Initializing structural plasticity state...
[2026-07-14 06:02:06][INFO] SIM_BRIDGE: Simulation data initialized for 480 neurons (3D). Synapses: 4791. GPU memory: 27.2GB/51.2GB (53.1%)
[2026-07-14 06:02:06][WARNING] SIM_BRIDGE: No trait info available; all synapses default to E->E STP type.
[2026-07-14 06:02:06][INFO] SIM_BRIDGE: inject_explicit_wiring: installed 55296 synapses across 3 populations.
[2026-07-14 06:02:30][INFO] SIM_BRIDGE: NumPy backend (CPU (NumPy backend), 47.7 GB RAM available)
[2026-07-14 06:02:30][INFO] SIM_BRIDGE: Initializing simulation data for model: IZHIKEVICH (3D)... (playback_init: False)
[2026-07-14 06:02:30][INFO] SIM_BRIDGE: RNG initialized with seed: 1611923093
[2026-07-14 06:02:30][INFO] SIM_BRIDGE: Initializing Izhikevich model specifics for 480 neurons...
[2026-07-14 06:02:30][INFO] SIM_BRIDGE: Applying parameter heterogeneity to neuron parameters...
[2026-07-14 06:02:30][INFO] SIM_BRIDGE: Applied heterogeneity to 4 parameters.
[2026-07-14 06:02:30][INFO] SIM_BRIDGE: Initializing OU process state (tau=15.0ms, sigma=100.0pA)...
[2026-07-14 06:02:30][INFO] SIM_BRIDGE: Generating 3D neuron positions for 480 neurons...
[2026-07-14 06:02:30][INFO] SIM_BRIDGE: Generating connections (3D)...
[2026-07-14 06:02:30][INFO] SIM_BRIDGE: Generating Watts-Strogatz 3D network (n=480, k=10, p_rewire=0.1)...
[2026-07-14 06:02:30][INFO] SIM_BRIDGE: Watts-Strogatz network complete: 4792 connections (avg degree: 10.0, expected: 10). Time: 0.03s
[2026-07-14 06:02:30][INFO] SIM_BRIDGE: Initializing STP state for 4792 synapses (capacity: 7188)...
[2026-07-14 06:02:30][INFO] SIM_BRIDGE: Initializing eligibility traces for 4792 synapses (capacity: 7188, dtype: float32)...
[2026-07-14 06:02:30][WARNING] SIM_BRIDGE: No trait info available; all synapses default to E->E STP type.
[2026-07-14 06:02:30][INFO] SIM_BRIDGE: Initializing structural plasticity state...
[2026-07-14 06:02:30][INFO] SIM_BRIDGE: Simulation data initialized for 480 neurons (3D). Synapses: 4792. GPU memory: 27.0GB/51.2GB (52.6%)
[2026-07-14 06:02:31][WARNING] SIM_BRIDGE: No trait info available; all synapses default to E->E STP type.
[2026-07-14 06:02:31][INFO] SIM_BRIDGE: inject_explicit_wiring: installed 55296 synapses across 3 populations.
[2026-07-14 06:02:31][INFO] SIM_BRIDGE: Initializing OU process state (tau=15.0ms, sigma=50.0pA)...
[2026-07-14 06:02:55][INFO] SIM_BRIDGE: NumPy backend (CPU (NumPy backend), 47.7 GB RAM available)
[2026-07-14 06:02:55][INFO] SIM_BRIDGE: Initializing simulation data for model: IZHIKEVICH (3D)... (playback_init: False)
[2026-07-14 06:02:55][INFO] SIM_BRIDGE: RNG initialized with seed: 1611947362
[2026-07-14 06:02:55][INFO] SIM_BRIDGE: Initializing Izhikevich model specifics for 480 neurons...
[2026-07-14 06:02:55][INFO] SIM_BRIDGE: Applying parameter heterogeneity to neuron parameters...
[2026-07-14 06:02:55][INFO] SIM_BRIDGE: Applied heterogeneity to 4 parameters.
[2026-07-14 06:02:55][INFO] SIM_BRIDGE: Initializing OU process state (tau=15.0ms, sigma=100.0pA)...
[2026-07-14 06:02:55][INFO] SIM_BRIDGE: Generating 3D neuron positions for 480 neurons...
[2026-07-14 06:02:55][INFO] SIM_BRIDGE: Generating connections (3D)...
[2026-07-14 06:02:55][INFO] SIM_BRIDGE: Generating Watts-Strogatz 3D network (n=480, k=10, p_rewire=0.1)...
[2026-07-14 06:02:55][INFO] SIM_BRIDGE: Watts-Strogatz network complete: 4788 connections (avg degree: 10.0, expected: 10). Time: 0.03s
[2026-07-14 06:02:55][INFO] SIM_BRIDGE: Initializing STP state for 4788 synapses (capacity: 7182)...
[2026-07-14 06:02:55][INFO] SIM_BRIDGE: Initializing eligibility traces for 4788 synapses (capacity: 7182, dtype: float32)...
[2026-07-14 06:02:55][WARNING] SIM_BRIDGE: No trait info available; all synapses default to E->E STP type.
[2026-07-14 06:02:55][INFO] SIM_BRIDGE: Initializing structural plasticity state...
[2026-07-14 06:02:55][INFO] SIM_BRIDGE: Simulation data initialized for 480 neurons (3D). Synapses: 4788. GPU memory: 27.0GB/51.2GB (52.7%)
[2026-07-14 06:02:55][WARNING] SIM_BRIDGE: No trait info available; all synapses default to E->E STP type.
[2026-07-14 06:02:55][INFO] SIM_BRIDGE: inject_explicit_wiring: installed 55296 synapses across 3 populations.
[2026-07-14 06:02:55][INFO] SIM_BRIDGE: Initializing OU process state (tau=15.0ms, sigma=100.0pA)...
[2026-07-14 06:03:20][INFO] SIM_BRIDGE: NumPy backend (CPU (NumPy backend), 47.7 GB RAM available)
[2026-07-14 06:03:20][INFO] SIM_BRIDGE: Initializing simulation data for model: IZHIKEVICH (3D)... (playback_init: False)
[2026-07-14 06:03:20][INFO] SIM_BRIDGE: RNG initialized with seed: 1611972274
[2026-07-14 06:03:20][INFO] SIM_BRIDGE: Initializing Izhikevich model specifics for 960 neurons...
[2026-07-14 06:03:20][INFO] SIM_BRIDGE: Applying parameter heterogeneity to neuron parameters...
[2026-07-14 06:03:20][INFO] SIM_BRIDGE: Applied heterogeneity to 4 parameters.
[2026-07-14 06:03:20][INFO] SIM_BRIDGE: Initializing OU process state (tau=15.0ms, sigma=100.0pA)...
[2026-07-14 06:03:20][INFO] SIM_BRIDGE: Generating 3D neuron positions for 960 neurons...
[2026-07-14 06:03:20][INFO] SIM_BRIDGE: Generating connections (3D)...
[2026-07-14 06:03:20][INFO] SIM_BRIDGE: Generating Watts-Strogatz 3D network (n=960, k=10, p_rewire=0.1)...
[2026-07-14 06:03:20][INFO] SIM_BRIDGE: Watts-Strogatz network complete: 9593 connections (avg degree: 10.0, expected: 10). Time: 0.05s
[2026-07-14 06:03:20][INFO] SIM_BRIDGE: Initializing STP state for 9593 synapses (capacity: 14389)...
[2026-07-14 06:03:20][INFO] SIM_BRIDGE: Initializing eligibility traces for 9593 synapses (capacity: 14389, dtype: float32)...
[2026-07-14 06:03:20][WARNING] SIM_BRIDGE: No trait info available; all synapses default to E->E STP type.
[2026-07-14 06:03:20][INFO] SIM_BRIDGE: Initializing structural plasticity state...
[2026-07-14 06:03:20][INFO] SIM_BRIDGE: Simulation data initialized for 960 neurons (3D). Synapses: 9593. GPU memory: 27.1GB/51.2GB (52.9%)
[2026-07-14 06:03:20][WARNING] SIM_BRIDGE: No trait info available; all synapses default to E->E STP type.
[2026-07-14 06:03:20][INFO] SIM_BRIDGE: inject_explicit_wiring: installed 221184 synapses across 3 populations.
[2026-07-14 06:05:09][INFO] SIM_BRIDGE: NumPy backend (CPU (NumPy backend), 47.7 GB RAM available)
[2026-07-14 06:05:09][INFO] SIM_BRIDGE: Initializing simulation data for model: IZHIKEVICH (3D)... (playback_init: False)
[2026-07-14 06:05:09][INFO] SIM_BRIDGE: RNG initialized with seed: 1612081537
[2026-07-14 06:05:09][INFO] SIM_BRIDGE: Initializing Izhikevich model specifics for 960 neurons...
[2026-07-14 06:05:09][INFO] SIM_BRIDGE: Applying parameter heterogeneity to neuron parameters...
[2026-07-14 06:05:09][INFO] SIM_BRIDGE: Applied heterogeneity to 4 parameters.
[2026-07-14 06:05:09][INFO] SIM_BRIDGE: Initializing OU process state (tau=15.0ms, sigma=100.0pA)...
[2026-07-14 06:05:09][INFO] SIM_BRIDGE: Generating 3D neuron positions for 960 neurons...
[2026-07-14 06:05:09][INFO] SIM_BRIDGE: Generating connections (3D)...
[2026-07-14 06:05:09][INFO] SIM_BRIDGE: Generating Watts-Strogatz 3D network (n=960, k=10, p_rewire=0.1)...
[2026-07-14 06:05:09][INFO] SIM_BRIDGE: Watts-Strogatz network complete: 9593 connections (avg degree: 10.0, expected: 10). Time: 0.06s
[2026-07-14 06:05:09][INFO] SIM_BRIDGE: Initializing STP state for 9593 synapses (capacity: 14389)...
[2026-07-14 06:05:09][INFO] SIM_BRIDGE: Initializing eligibility traces for 9593 synapses (capacity: 14389, dtype: float32)...
[2026-07-14 06:05:09][WARNING] SIM_BRIDGE: No trait info available; all synapses default to E->E STP type.
[2026-07-14 06:05:09][INFO] SIM_BRIDGE: Initializing structural plasticity state...
[2026-07-14 06:05:09][INFO] SIM_BRIDGE: Simulation data initialized for 960 neurons (3D). Synapses: 9593. GPU memory: 27.0GB/51.2GB (52.8%)
[2026-07-14 06:05:09][WARNING] SIM_BRIDGE: No trait info available; all synapses default to E->E STP type.
[2026-07-14 06:05:09][INFO] SIM_BRIDGE: inject_explicit_wiring: installed 221184 synapses across 3 populations.
[2026-07-14 06:05:09][INFO] SIM_BRIDGE: Initializing OU process state (tau=15.0ms, sigma=50.0pA)...
[2026-07-14 06:06:57][INFO] SIM_BRIDGE: NumPy backend (CPU (NumPy backend), 47.7 GB RAM available)
[2026-07-14 06:06:57][INFO] SIM_BRIDGE: Initializing simulation data for model: IZHIKEVICH (3D)... (playback_init: False)
[2026-07-14 06:06:57][INFO] SIM_BRIDGE: RNG initialized with seed: 1612189853
[2026-07-14 06:06:57][INFO] SIM_BRIDGE: Initializing Izhikevich model specifics for 960 neurons...
[2026-07-14 06:06:57][INFO] SIM_BRIDGE: Applying parameter heterogeneity to neuron parameters...
[2026-07-14 06:06:57][INFO] SIM_BRIDGE: Applied heterogeneity to 4 parameters.
[2026-07-14 06:06:57][INFO] SIM_BRIDGE: Initializing OU process state (tau=15.0ms, sigma=100.0pA)...
[2026-07-14 06:06:57][INFO] SIM_BRIDGE: Generating 3D neuron positions for 960 neurons...
[2026-07-14 06:06:57][INFO] SIM_BRIDGE: Generating connections (3D)...
[2026-07-14 06:06:57][INFO] SIM_BRIDGE: Generating Watts-Strogatz 3D network (n=960, k=10, p_rewire=0.1)...
[2026-07-14 06:06:57][INFO] SIM_BRIDGE: Watts-Strogatz network complete: 9597 connections (avg degree: 10.0, expected: 10). Time: 0.06s
[2026-07-14 06:06:57][INFO] SIM_BRIDGE: Initializing STP state for 9597 synapses (capacity: 14395)...
[2026-07-14 06:06:57][INFO] SIM_BRIDGE: Initializing eligibility traces for 9597 synapses (capacity: 14395, dtype: float32)...
[2026-07-14 06:06:57][WARNING] SIM_BRIDGE: No trait info available; all synapses default to E->E STP type.
[2026-07-14 06:06:57][INFO] SIM_BRIDGE: Initializing structural plasticity state...
[2026-07-14 06:06:57][INFO] SIM_BRIDGE: Simulation data initialized for 960 neurons (3D). Synapses: 9597. GPU memory: 24.9GB/51.2GB (48.5%)
[2026-07-14 06:06:58][WARNING] SIM_BRIDGE: No trait info available; all synapses default to E->E STP type.
[2026-07-14 06:06:58][INFO] SIM_BRIDGE: inject_explicit_wiring: installed 221184 synapses across 3 populations.
[2026-07-14 06:06:58][INFO] SIM_BRIDGE: Initializing OU process state (tau=15.0ms, sigma=100.0pA)...
----------------------------------------------------------------------------------------------------------------
[seed 102] n_in 7 | k_classes 5 | inputs 40 | fixed 6 x repeats 10 | K [1, 8, 16] | noise-pA [0.0, 50.0, 100.0]
(A) PAIRWISE WITHIN-UNIT CORRELATION of cp_bdsp_E  [HIGH=lockstep/correlated; LOW=decorrelated]
    across-input corr (signal+noise):
        K \ noise           0        50       100
        K=1              n/a       n/a       n/a
        K=8            0.028     0.023     0.010
        K=16           0.032     0.019     0.013
    pure-NOISE corr (fixed input, across repeats):
        K \ noise           0        50       100
        K=1              n/a       n/a       n/a
        K=8           -0.006     0.000     0.002
        K=16          -0.001     0.001     0.002
(B1) READ-SNR  corr(pooled E, clean soma-rate)  [should RISE with K only when decorrelated]
        K \ noise           0        50       100
        K=1            0.420     0.461     0.238
        K=8            0.228     0.243     0.319
        K=16           0.400     0.332     0.307
(B2) POOLING GAIN  single_CV / pooled_CV   [target ~sqrt(K): K=8->2.83, K=16->4.0; ~1=correlated]
        K \ noise           0        50       100
        K=1            1.000     1.000     1.000  (sqrt(K)=1.00)
        K=8            2.277     2.743     2.833  (sqrt(K)=2.83)
        K=16           3.375     3.903     3.972  (sqrt(K)=4.00)
     mean event rate cp_bdsp_E per hidden layer (activity sanity):
        K \ noise           0        50       100
        K=1            0.059     0.056     0.050
        K=8            0.061     0.058     0.055
        K=16           0.058     0.057     0.052

================================================================================================================
[onbridge-deep-credit-decorrelation] A0-PREMISE REFUTED / HONEST NEGATIVE (1-seed forward-only) -- DIRECT MEASUREMENT overturns the a0 correlated-pool root cause: at noise=0 the pool is ALREADY DECORRELATED (within-unit corr 0.032, not lockstep) and the ~sqrt(K) pooling gain is ALREADY present (gain@K16 3.38 vs sqrt(K) 4.00) -- pooling ALREADY averages independent variance (each hidden neuron has its own random FF weights + membrane-state carryover between passes decorrelate the K-block). YET the across-input read-SNR corr(pooled E, soma) does NOT rise with K (0.420->0.400) and independent OU noise does NOT help (it HURTS) it (0.400->0.307 at K16; OU also contaminates the soma reference). => the flat-read-SNR-across-K residual is NOT read-variance / not a correlated pool; independent noise is NOT the fix. REFRAME DEEPER: the residual is representational / credit-STRUCTURE (pooling cuts trial noise but not across-input signal fidelity). CONTROLLER: do NOT pursue independent-noise; the lever is the microcircuit clean-error channel / representation, not population read-variance. [baseline noise=0: within-unit corr 0.032, read-SNR K1->16 0.420->0.400, gain@K16 3.38/sqrt 4.00] [noise=100: within-unit corr 0.013 (noise-corr 0.002), read-SNR K1->16 0.238->0.307, gain@K16 3.97]
[onbridge-deep-credit-decorrelation] wrote research/findings/raw/_decorr/decorr_seed102.json
================================================================================================================
