[2026-07-14 06:02:00][INFO] SIM_BRIDGE: NumPy backend (CPU (NumPy backend), 47.7 GB RAM available)
[2026-07-14 06:02:00][INFO] SIM_BRIDGE: Initializing simulation data for model: IZHIKEVICH (3D)... (playback_init: False)
[2026-07-14 06:02:00][INFO] SIM_BRIDGE: RNG initialized with seed: 1611892729
[2026-07-14 06:02:00][INFO] SIM_BRIDGE: Initializing Izhikevich model specifics for 60 neurons...
[2026-07-14 06:02:00][INFO] SIM_BRIDGE: Applying parameter heterogeneity to neuron parameters...
[2026-07-14 06:02:00][INFO] SIM_BRIDGE: Applied heterogeneity to 4 parameters.
[2026-07-14 06:02:00][INFO] SIM_BRIDGE: Initializing OU process state (tau=15.0ms, sigma=100.0pA)...
[2026-07-14 06:02:00][INFO] SIM_BRIDGE: Generating 3D neuron positions for 60 neurons...
[2026-07-14 06:02:00][INFO] SIM_BRIDGE: Generating connections (3D)...
[2026-07-14 06:02:00][INFO] SIM_BRIDGE: Generating Watts-Strogatz 3D network (n=60, k=10, p_rewire=0.1)...
[2026-07-14 06:02:00][INFO] SIM_BRIDGE: Watts-Strogatz network complete: 592 connections (avg degree: 9.9, expected: 10). Time: 0.00s
[2026-07-14 06:02:00][INFO] SIM_BRIDGE: Initializing STP state for 592 synapses (capacity: 888)...
[2026-07-14 06:02:00][INFO] SIM_BRIDGE: Initializing eligibility traces for 592 synapses (capacity: 888, dtype: float32)...
[2026-07-14 06:02:00][WARNING] SIM_BRIDGE: No trait info available; all synapses default to E->E STP type.
[2026-07-14 06:02:00][INFO] SIM_BRIDGE: Initializing structural plasticity state...
[2026-07-14 06:02:00][INFO] SIM_BRIDGE: Simulation data initialized for 60 neurons (3D). Synapses: 592. GPU memory: 27.1GB/51.2GB (52.9%)
[2026-07-14 06:02:00][WARNING] SIM_BRIDGE: No trait info available; all synapses default to E->E STP type.
[2026-07-14 06:02:00][INFO] SIM_BRIDGE: inject_explicit_wiring: installed 864 synapses across 3 populations.
[2026-07-14 06:02:02][INFO] SIM_BRIDGE: NumPy backend (CPU (NumPy backend), 47.7 GB RAM available)
[2026-07-14 06:02:02][INFO] SIM_BRIDGE: Initializing simulation data for model: IZHIKEVICH (3D)... (playback_init: False)
[2026-07-14 06:02:02][INFO] SIM_BRIDGE: RNG initialized with seed: 1611895125
[2026-07-14 06:02:02][INFO] SIM_BRIDGE: Initializing Izhikevich model specifics for 60 neurons...
[2026-07-14 06:02:02][INFO] SIM_BRIDGE: Applying parameter heterogeneity to neuron parameters...
[2026-07-14 06:02:02][INFO] SIM_BRIDGE: Applied heterogeneity to 4 parameters.
[2026-07-14 06:02:02][INFO] SIM_BRIDGE: Initializing OU process state (tau=15.0ms, sigma=100.0pA)...
[2026-07-14 06:02:02][INFO] SIM_BRIDGE: Generating 3D neuron positions for 60 neurons...
[2026-07-14 06:02:02][INFO] SIM_BRIDGE: Generating connections (3D)...
[2026-07-14 06:02:02][INFO] SIM_BRIDGE: Generating Watts-Strogatz 3D network (n=60, k=10, p_rewire=0.1)...
[2026-07-14 06:02:02][INFO] SIM_BRIDGE: Watts-Strogatz network complete: 590 connections (avg degree: 9.8, expected: 10). Time: 0.01s
[2026-07-14 06:02:02][INFO] SIM_BRIDGE: Initializing STP state for 590 synapses (capacity: 885)...
[2026-07-14 06:02:02][INFO] SIM_BRIDGE: Initializing eligibility traces for 590 synapses (capacity: 885, dtype: float32)...
[2026-07-14 06:02:02][WARNING] SIM_BRIDGE: No trait info available; all synapses default to E->E STP type.
[2026-07-14 06:02:02][INFO] SIM_BRIDGE: Initializing structural plasticity state...
[2026-07-14 06:02:02][INFO] SIM_BRIDGE: Simulation data initialized for 60 neurons (3D). Synapses: 590. GPU memory: 27.2GB/51.2GB (53.1%)
[2026-07-14 06:02:02][WARNING] SIM_BRIDGE: No trait info available; all synapses default to E->E STP type.
[2026-07-14 06:02:02][INFO] SIM_BRIDGE: inject_explicit_wiring: installed 864 synapses across 3 populations.
[2026-07-14 06:02:02][INFO] SIM_BRIDGE: Initializing OU process state (tau=15.0ms, sigma=50.0pA)...
[2026-07-14 06:02:05][INFO] SIM_BRIDGE: NumPy backend (CPU (NumPy backend), 47.7 GB RAM available)
[2026-07-14 06:02:05][INFO] SIM_BRIDGE: Initializing simulation data for model: IZHIKEVICH (3D)... (playback_init: False)
[2026-07-14 06:02:05][INFO] SIM_BRIDGE: RNG initialized with seed: 1611897426
[2026-07-14 06:02:05][INFO] SIM_BRIDGE: Initializing Izhikevich model specifics for 60 neurons...
[2026-07-14 06:02:05][INFO] SIM_BRIDGE: Applying parameter heterogeneity to neuron parameters...
[2026-07-14 06:02:05][INFO] SIM_BRIDGE: Applied heterogeneity to 4 parameters.
[2026-07-14 06:02:05][INFO] SIM_BRIDGE: Initializing OU process state (tau=15.0ms, sigma=100.0pA)...
[2026-07-14 06:02:05][INFO] SIM_BRIDGE: Generating 3D neuron positions for 60 neurons...
[2026-07-14 06:02:05][INFO] SIM_BRIDGE: Generating connections (3D)...
[2026-07-14 06:02:05][INFO] SIM_BRIDGE: Generating Watts-Strogatz 3D network (n=60, k=10, p_rewire=0.1)...
[2026-07-14 06:02:05][INFO] SIM_BRIDGE: Watts-Strogatz network complete: 595 connections (avg degree: 9.9, expected: 10). Time: 0.00s
[2026-07-14 06:02:05][INFO] SIM_BRIDGE: Initializing STP state for 595 synapses (capacity: 892)...
[2026-07-14 06:02:05][INFO] SIM_BRIDGE: Initializing eligibility traces for 595 synapses (capacity: 892, dtype: float32)...
[2026-07-14 06:02:05][WARNING] SIM_BRIDGE: No trait info available; all synapses default to E->E STP type.
[2026-07-14 06:02:05][INFO] SIM_BRIDGE: Initializing structural plasticity state...
[2026-07-14 06:02:05][INFO] SIM_BRIDGE: Simulation data initialized for 60 neurons (3D). Synapses: 595. GPU memory: 27.2GB/51.2GB (53.1%)
[2026-07-14 06:02:05][WARNING] SIM_BRIDGE: No trait info available; all synapses default to E->E STP type.
[2026-07-14 06:02:05][INFO] SIM_BRIDGE: inject_explicit_wiring: installed 864 synapses across 3 populations.
[2026-07-14 06:02:05][INFO] SIM_BRIDGE: Initializing OU process state (tau=15.0ms, sigma=100.0pA)...
[2026-07-14 06:02:07][INFO] SIM_BRIDGE: NumPy backend (CPU (NumPy backend), 47.7 GB RAM available)
[2026-07-14 06:02:07][INFO] SIM_BRIDGE: Initializing simulation data for model: IZHIKEVICH (3D)... (playback_init: False)
[2026-07-14 06:02:07][INFO] SIM_BRIDGE: RNG initialized with seed: 1611899621
[2026-07-14 06:02:07][INFO] SIM_BRIDGE: Initializing Izhikevich model specifics for 480 neurons...
[2026-07-14 06:02:07][INFO] SIM_BRIDGE: Applying parameter heterogeneity to neuron parameters...
[2026-07-14 06:02:07][INFO] SIM_BRIDGE: Applied heterogeneity to 4 parameters.
[2026-07-14 06:02:07][INFO] SIM_BRIDGE: Initializing OU process state (tau=15.0ms, sigma=100.0pA)...
[2026-07-14 06:02:07][INFO] SIM_BRIDGE: Generating 3D neuron positions for 480 neurons...
[2026-07-14 06:02:07][INFO] SIM_BRIDGE: Generating connections (3D)...
[2026-07-14 06:02:07][INFO] SIM_BRIDGE: Generating Watts-Strogatz 3D network (n=480, k=10, p_rewire=0.1)...
[2026-07-14 06:02:07][INFO] SIM_BRIDGE: Watts-Strogatz network complete: 4795 connections (avg degree: 10.0, expected: 10). Time: 0.02s
[2026-07-14 06:02:07][INFO] SIM_BRIDGE: Initializing STP state for 4795 synapses (capacity: 7192)...
[2026-07-14 06:02:07][INFO] SIM_BRIDGE: Initializing eligibility traces for 4795 synapses (capacity: 7192, dtype: float32)...
[2026-07-14 06:02:07][WARNING] SIM_BRIDGE: No trait info available; all synapses default to E->E STP type.
[2026-07-14 06:02:07][INFO] SIM_BRIDGE: Initializing structural plasticity state...
[2026-07-14 06:02:07][INFO] SIM_BRIDGE: Simulation data initialized for 480 neurons (3D). Synapses: 4795. GPU memory: 27.2GB/51.2GB (53.1%)
[2026-07-14 06:02:07][WARNING] SIM_BRIDGE: No trait info available; all synapses default to E->E STP type.
[2026-07-14 06:02:07][INFO] SIM_BRIDGE: inject_explicit_wiring: installed 55296 synapses across 3 populations.
[2026-07-14 06:02:31][INFO] SIM_BRIDGE: NumPy backend (CPU (NumPy backend), 47.7 GB RAM available)
[2026-07-14 06:02:31][INFO] SIM_BRIDGE: Initializing simulation data for model: IZHIKEVICH (3D)... (playback_init: False)
[2026-07-14 06:02:31][INFO] SIM_BRIDGE: RNG initialized with seed: 1611923819
[2026-07-14 06:02:31][INFO] SIM_BRIDGE: Initializing Izhikevich model specifics for 480 neurons...
[2026-07-14 06:02:31][INFO] SIM_BRIDGE: Applying parameter heterogeneity to neuron parameters...
[2026-07-14 06:02:31][INFO] SIM_BRIDGE: Applied heterogeneity to 4 parameters.
[2026-07-14 06:02:31][INFO] SIM_BRIDGE: Initializing OU process state (tau=15.0ms, sigma=100.0pA)...
[2026-07-14 06:02:31][INFO] SIM_BRIDGE: Generating 3D neuron positions for 480 neurons...
[2026-07-14 06:02:31][INFO] SIM_BRIDGE: Generating connections (3D)...
[2026-07-14 06:02:31][INFO] SIM_BRIDGE: Generating Watts-Strogatz 3D network (n=480, k=10, p_rewire=0.1)...
[2026-07-14 06:02:31][INFO] SIM_BRIDGE: Watts-Strogatz network complete: 4790 connections (avg degree: 10.0, expected: 10). Time: 0.03s
[2026-07-14 06:02:31][INFO] SIM_BRIDGE: Initializing STP state for 4790 synapses (capacity: 7185)...
[2026-07-14 06:02:31][INFO] SIM_BRIDGE: Initializing eligibility traces for 4790 synapses (capacity: 7185, dtype: float32)...
[2026-07-14 06:02:31][WARNING] SIM_BRIDGE: No trait info available; all synapses default to E->E STP type.
[2026-07-14 06:02:31][INFO] SIM_BRIDGE: Initializing structural plasticity state...
[2026-07-14 06:02:31][INFO] SIM_BRIDGE: Simulation data initialized for 480 neurons (3D). Synapses: 4790. GPU memory: 27.0GB/51.2GB (52.8%)
[2026-07-14 06:02:31][WARNING] SIM_BRIDGE: No trait info available; all synapses default to E->E STP type.
[2026-07-14 06:02:31][INFO] SIM_BRIDGE: inject_explicit_wiring: installed 55296 synapses across 3 populations.
[2026-07-14 06:02:31][INFO] SIM_BRIDGE: Initializing OU process state (tau=15.0ms, sigma=50.0pA)...
[2026-07-14 06:02:56][INFO] SIM_BRIDGE: NumPy backend (CPU (NumPy backend), 47.7 GB RAM available)
[2026-07-14 06:02:56][INFO] SIM_BRIDGE: Initializing simulation data for model: IZHIKEVICH (3D)... (playback_init: False)
[2026-07-14 06:02:56][INFO] SIM_BRIDGE: RNG initialized with seed: 1611949063
[2026-07-14 06:02:56][INFO] SIM_BRIDGE: Initializing Izhikevich model specifics for 480 neurons...
[2026-07-14 06:02:56][INFO] SIM_BRIDGE: Applying parameter heterogeneity to neuron parameters...
[2026-07-14 06:02:56][INFO] SIM_BRIDGE: Applied heterogeneity to 4 parameters.
[2026-07-14 06:02:56][INFO] SIM_BRIDGE: Initializing OU process state (tau=15.0ms, sigma=100.0pA)...
[2026-07-14 06:02:56][INFO] SIM_BRIDGE: Generating 3D neuron positions for 480 neurons...
[2026-07-14 06:02:56][INFO] SIM_BRIDGE: Generating connections (3D)...
[2026-07-14 06:02:56][INFO] SIM_BRIDGE: Generating Watts-Strogatz 3D network (n=480, k=10, p_rewire=0.1)...
[2026-07-14 06:02:56][INFO] SIM_BRIDGE: Watts-Strogatz network complete: 4795 connections (avg degree: 10.0, expected: 10). Time: 0.03s
[2026-07-14 06:02:56][INFO] SIM_BRIDGE: Initializing STP state for 4795 synapses (capacity: 7192)...
[2026-07-14 06:02:56][INFO] SIM_BRIDGE: Initializing eligibility traces for 4795 synapses (capacity: 7192, dtype: float32)...
[2026-07-14 06:02:56][WARNING] SIM_BRIDGE: No trait info available; all synapses default to E->E STP type.
[2026-07-14 06:02:56][INFO] SIM_BRIDGE: Initializing structural plasticity state...
[2026-07-14 06:02:56][INFO] SIM_BRIDGE: Simulation data initialized for 480 neurons (3D). Synapses: 4795. GPU memory: 27.0GB/51.2GB (52.8%)
[2026-07-14 06:02:56][WARNING] SIM_BRIDGE: No trait info available; all synapses default to E->E STP type.
[2026-07-14 06:02:56][INFO] SIM_BRIDGE: inject_explicit_wiring: installed 55296 synapses across 3 populations.
[2026-07-14 06:02:57][INFO] SIM_BRIDGE: Initializing OU process state (tau=15.0ms, sigma=100.0pA)...
[2026-07-14 06:03:23][INFO] SIM_BRIDGE: NumPy backend (CPU (NumPy backend), 47.7 GB RAM available)
[2026-07-14 06:03:23][INFO] SIM_BRIDGE: Initializing simulation data for model: IZHIKEVICH (3D)... (playback_init: False)
[2026-07-14 06:03:23][INFO] SIM_BRIDGE: RNG initialized with seed: 1611975236
[2026-07-14 06:03:23][INFO] SIM_BRIDGE: Initializing Izhikevich model specifics for 960 neurons...
[2026-07-14 06:03:23][INFO] SIM_BRIDGE: Applying parameter heterogeneity to neuron parameters...
[2026-07-14 06:03:23][INFO] SIM_BRIDGE: Applied heterogeneity to 4 parameters.
[2026-07-14 06:03:23][INFO] SIM_BRIDGE: Initializing OU process state (tau=15.0ms, sigma=100.0pA)...
[2026-07-14 06:03:23][INFO] SIM_BRIDGE: Generating 3D neuron positions for 960 neurons...
[2026-07-14 06:03:23][INFO] SIM_BRIDGE: Generating connections (3D)...
[2026-07-14 06:03:23][INFO] SIM_BRIDGE: Generating Watts-Strogatz 3D network (n=960, k=10, p_rewire=0.1)...
[2026-07-14 06:03:23][INFO] SIM_BRIDGE: Watts-Strogatz network complete: 9591 connections (avg degree: 10.0, expected: 10). Time: 0.05s
[2026-07-14 06:03:23][INFO] SIM_BRIDGE: Initializing STP state for 9591 synapses (capacity: 14386)...
[2026-07-14 06:03:23][INFO] SIM_BRIDGE: Initializing eligibility traces for 9591 synapses (capacity: 14386, dtype: float32)...
[2026-07-14 06:03:23][WARNING] SIM_BRIDGE: No trait info available; all synapses default to E->E STP type.
[2026-07-14 06:03:23][INFO] SIM_BRIDGE: Initializing structural plasticity state...
[2026-07-14 06:03:23][INFO] SIM_BRIDGE: Simulation data initialized for 960 neurons (3D). Synapses: 9591. GPU memory: 27.0GB/51.2GB (52.7%)
[2026-07-14 06:03:23][WARNING] SIM_BRIDGE: No trait info available; all synapses default to E->E STP type.
[2026-07-14 06:03:23][INFO] SIM_BRIDGE: inject_explicit_wiring: installed 221184 synapses across 3 populations.
[2026-07-14 06:05:15][INFO] SIM_BRIDGE: NumPy backend (CPU (NumPy backend), 47.7 GB RAM available)
[2026-07-14 06:05:15][INFO] SIM_BRIDGE: Initializing simulation data for model: IZHIKEVICH (3D)... (playback_init: False)
[2026-07-14 06:05:15][INFO] SIM_BRIDGE: RNG initialized with seed: 1612087416
[2026-07-14 06:05:15][INFO] SIM_BRIDGE: Initializing Izhikevich model specifics for 960 neurons...
[2026-07-14 06:05:15][INFO] SIM_BRIDGE: Applying parameter heterogeneity to neuron parameters...
[2026-07-14 06:05:15][INFO] SIM_BRIDGE: Applied heterogeneity to 4 parameters.
[2026-07-14 06:05:15][INFO] SIM_BRIDGE: Initializing OU process state (tau=15.0ms, sigma=100.0pA)...
[2026-07-14 06:05:15][INFO] SIM_BRIDGE: Generating 3D neuron positions for 960 neurons...
[2026-07-14 06:05:15][INFO] SIM_BRIDGE: Generating connections (3D)...
[2026-07-14 06:05:15][INFO] SIM_BRIDGE: Generating Watts-Strogatz 3D network (n=960, k=10, p_rewire=0.1)...
[2026-07-14 06:05:15][INFO] SIM_BRIDGE: Watts-Strogatz network complete: 9596 connections (avg degree: 10.0, expected: 10). Time: 0.06s
[2026-07-14 06:05:15][INFO] SIM_BRIDGE: Initializing STP state for 9596 synapses (capacity: 14394)...
[2026-07-14 06:05:15][INFO] SIM_BRIDGE: Initializing eligibility traces for 9596 synapses (capacity: 14394, dtype: float32)...
[2026-07-14 06:05:15][WARNING] SIM_BRIDGE: No trait info available; all synapses default to E->E STP type.
[2026-07-14 06:05:15][INFO] SIM_BRIDGE: Initializing structural plasticity state...
[2026-07-14 06:05:15][INFO] SIM_BRIDGE: Simulation data initialized for 960 neurons (3D). Synapses: 9596. GPU memory: 27.0GB/51.2GB (52.7%)
[2026-07-14 06:05:15][WARNING] SIM_BRIDGE: No trait info available; all synapses default to E->E STP type.
[2026-07-14 06:05:15][INFO] SIM_BRIDGE: inject_explicit_wiring: installed 221184 synapses across 3 populations.
[2026-07-14 06:05:15][INFO] SIM_BRIDGE: Initializing OU process state (tau=15.0ms, sigma=50.0pA)...
[2026-07-14 06:07:06][INFO] SIM_BRIDGE: NumPy backend (CPU (NumPy backend), 47.7 GB RAM available)
[2026-07-14 06:07:06][INFO] SIM_BRIDGE: Initializing simulation data for model: IZHIKEVICH (3D)... (playback_init: False)
[2026-07-14 06:07:06][INFO] SIM_BRIDGE: RNG initialized with seed: 1612198737
[2026-07-14 06:07:06][INFO] SIM_BRIDGE: Initializing Izhikevich model specifics for 960 neurons...
[2026-07-14 06:07:06][INFO] SIM_BRIDGE: Applying parameter heterogeneity to neuron parameters...
[2026-07-14 06:07:06][INFO] SIM_BRIDGE: Applied heterogeneity to 4 parameters.
[2026-07-14 06:07:06][INFO] SIM_BRIDGE: Initializing OU process state (tau=15.0ms, sigma=100.0pA)...
[2026-07-14 06:07:06][INFO] SIM_BRIDGE: Generating 3D neuron positions for 960 neurons...
[2026-07-14 06:07:06][INFO] SIM_BRIDGE: Generating connections (3D)...
[2026-07-14 06:07:06][INFO] SIM_BRIDGE: Generating Watts-Strogatz 3D network (n=960, k=10, p_rewire=0.1)...
[2026-07-14 06:07:06][INFO] SIM_BRIDGE: Watts-Strogatz network complete: 9595 connections (avg degree: 10.0, expected: 10). Time: 0.06s
[2026-07-14 06:07:06][INFO] SIM_BRIDGE: Initializing STP state for 9595 synapses (capacity: 14392)...
[2026-07-14 06:07:06][INFO] SIM_BRIDGE: Initializing eligibility traces for 9595 synapses (capacity: 14392, dtype: float32)...
[2026-07-14 06:07:06][WARNING] SIM_BRIDGE: No trait info available; all synapses default to E->E STP type.
[2026-07-14 06:07:06][INFO] SIM_BRIDGE: Initializing structural plasticity state...
[2026-07-14 06:07:06][INFO] SIM_BRIDGE: Simulation data initialized for 960 neurons (3D). Synapses: 9595. GPU memory: 24.9GB/51.2GB (48.7%)
[2026-07-14 06:07:06][WARNING] SIM_BRIDGE: No trait info available; all synapses default to E->E STP type.
[2026-07-14 06:07:06][INFO] SIM_BRIDGE: inject_explicit_wiring: installed 221184 synapses across 3 populations.
[2026-07-14 06:07:07][INFO] SIM_BRIDGE: Initializing OU process state (tau=15.0ms, sigma=100.0pA)...
----------------------------------------------------------------------------------------------------------------
[seed 44] n_in 7 | k_classes 5 | inputs 40 | fixed 6 x repeats 10 | K [1, 8, 16] | noise-pA [0.0, 50.0, 100.0]
(A) PAIRWISE WITHIN-UNIT CORRELATION of cp_bdsp_E  [HIGH=lockstep/correlated; LOW=decorrelated]
    across-input corr (signal+noise):
        K \ noise           0        50       100
        K=1              n/a       n/a       n/a
        K=8            0.032     0.011     0.020
        K=16           0.035     0.025     0.016
    pure-NOISE corr (fixed input, across repeats):
        K \ noise           0        50       100
        K=1              n/a       n/a       n/a
        K=8           -0.002    -0.000     0.001
        K=16           0.001     0.002     0.004
(B1) READ-SNR  corr(pooled E, clean soma-rate)  [should RISE with K only when decorrelated]
        K \ noise           0        50       100
        K=1            0.358     0.314     0.304
        K=8            0.284     0.412     0.293
        K=16           0.221     0.311     0.265
(B2) POOLING GAIN  single_CV / pooled_CV   [target ~sqrt(K): K=8->2.83, K=16->4.0; ~1=correlated]
        K \ noise           0        50       100
        K=1            1.000     1.000     1.000  (sqrt(K)=1.00)
        K=8            2.302     2.709     2.863  (sqrt(K)=2.83)
        K=16           3.497     3.918     3.955  (sqrt(K)=4.00)
     mean event rate cp_bdsp_E per hidden layer (activity sanity):
        K \ noise           0        50       100
        K=1            0.065     0.058     0.059
        K=8            0.058     0.054     0.056
        K=16           0.060     0.059     0.051

================================================================================================================
[onbridge-deep-credit-decorrelation] A0-PREMISE REFUTED / HONEST NEGATIVE (1-seed forward-only) -- DIRECT MEASUREMENT overturns the a0 correlated-pool root cause: at noise=0 the pool is ALREADY DECORRELATED (within-unit corr 0.035, not lockstep) and the ~sqrt(K) pooling gain is ALREADY present (gain@K16 3.50 vs sqrt(K) 4.00) -- pooling ALREADY averages independent variance (each hidden neuron has its own random FF weights + membrane-state carryover between passes decorrelate the K-block). YET the across-input read-SNR corr(pooled E, soma) does NOT rise with K (0.358->0.221) and independent OU noise does NOT help (it HURTS) it (0.221->0.265 at K16; OU also contaminates the soma reference). => the flat-read-SNR-across-K residual is NOT read-variance / not a correlated pool; independent noise is NOT the fix. REFRAME DEEPER: the residual is representational / credit-STRUCTURE (pooling cuts trial noise but not across-input signal fidelity). CONTROLLER: do NOT pursue independent-noise; the lever is the microcircuit clean-error channel / representation, not population read-variance. [baseline noise=0: within-unit corr 0.035, read-SNR K1->16 0.358->0.221, gain@K16 3.50/sqrt 4.00] [noise=100: within-unit corr 0.016 (noise-corr 0.004), read-SNR K1->16 0.304->0.265, gain@K16 3.96]
[onbridge-deep-credit-decorrelation] wrote research/findings/raw/_decorr/decorr_seed44.json
================================================================================================================
