[2026-07-14 06:02:00][INFO] SIM_BRIDGE: NumPy backend (CPU (NumPy backend), 47.7 GB RAM available)
[2026-07-14 06:02:00][INFO] SIM_BRIDGE: Initializing simulation data for model: IZHIKEVICH (3D)... (playback_init: False)
[2026-07-14 06:02:00][INFO] SIM_BRIDGE: RNG initialized with seed: 1611892727
[2026-07-14 06:02:00][INFO] SIM_BRIDGE: Initializing Izhikevich model specifics for 60 neurons...
[2026-07-14 06:02:00][INFO] SIM_BRIDGE: Applying parameter heterogeneity to neuron parameters...
[2026-07-14 06:02:00][INFO] SIM_BRIDGE: Applied heterogeneity to 4 parameters.
[2026-07-14 06:02:00][INFO] SIM_BRIDGE: Initializing OU process state (tau=15.0ms, sigma=100.0pA)...
[2026-07-14 06:02:00][INFO] SIM_BRIDGE: Generating 3D neuron positions for 60 neurons...
[2026-07-14 06:02:00][INFO] SIM_BRIDGE: Generating connections (3D)...
[2026-07-14 06:02:00][INFO] SIM_BRIDGE: Generating Watts-Strogatz 3D network (n=60, k=10, p_rewire=0.1)...
[2026-07-14 06:02:00][INFO] SIM_BRIDGE: Watts-Strogatz network complete: 591 connections (avg degree: 9.8, expected: 10). Time: 0.00s
[2026-07-14 06:02:00][INFO] SIM_BRIDGE: Initializing STP state for 591 synapses (capacity: 886)...
[2026-07-14 06:02:00][INFO] SIM_BRIDGE: Initializing eligibility traces for 591 synapses (capacity: 886, dtype: float32)...
[2026-07-14 06:02:00][WARNING] SIM_BRIDGE: No trait info available; all synapses default to E->E STP type.
[2026-07-14 06:02:00][INFO] SIM_BRIDGE: Initializing structural plasticity state...
[2026-07-14 06:02:00][INFO] SIM_BRIDGE: Simulation data initialized for 60 neurons (3D). Synapses: 591. GPU memory: 27.1GB/51.2GB (52.9%)
[2026-07-14 06:02:00][WARNING] SIM_BRIDGE: No trait info available; all synapses default to E->E STP type.
[2026-07-14 06:02:00][INFO] SIM_BRIDGE: inject_explicit_wiring: installed 864 synapses across 3 populations.
[2026-07-14 06:02:02][INFO] SIM_BRIDGE: NumPy backend (CPU (NumPy backend), 47.7 GB RAM available)
[2026-07-14 06:02:02][INFO] SIM_BRIDGE: Initializing simulation data for model: IZHIKEVICH (3D)... (playback_init: False)
[2026-07-14 06:02:02][INFO] SIM_BRIDGE: RNG initialized with seed: 1611894966
[2026-07-14 06:02:02][INFO] SIM_BRIDGE: Initializing Izhikevich model specifics for 60 neurons...
[2026-07-14 06:02:02][INFO] SIM_BRIDGE: Applying parameter heterogeneity to neuron parameters...
[2026-07-14 06:02:02][INFO] SIM_BRIDGE: Applied heterogeneity to 4 parameters.
[2026-07-14 06:02:02][INFO] SIM_BRIDGE: Initializing OU process state (tau=15.0ms, sigma=100.0pA)...
[2026-07-14 06:02:02][INFO] SIM_BRIDGE: Generating 3D neuron positions for 60 neurons...
[2026-07-14 06:02:02][INFO] SIM_BRIDGE: Generating connections (3D)...
[2026-07-14 06:02:02][INFO] SIM_BRIDGE: Generating Watts-Strogatz 3D network (n=60, k=10, p_rewire=0.1)...
[2026-07-14 06:02:02][INFO] SIM_BRIDGE: Watts-Strogatz network complete: 593 connections (avg degree: 9.9, expected: 10). Time: 0.00s
[2026-07-14 06:02:02][INFO] SIM_BRIDGE: Initializing STP state for 593 synapses (capacity: 889)...
[2026-07-14 06:02:02][INFO] SIM_BRIDGE: Initializing eligibility traces for 593 synapses (capacity: 889, dtype: float32)...
[2026-07-14 06:02:02][WARNING] SIM_BRIDGE: No trait info available; all synapses default to E->E STP type.
[2026-07-14 06:02:02][INFO] SIM_BRIDGE: Initializing structural plasticity state...
[2026-07-14 06:02:02][INFO] SIM_BRIDGE: Simulation data initialized for 60 neurons (3D). Synapses: 593. GPU memory: 27.2GB/51.2GB (53.1%)
[2026-07-14 06:02:02][WARNING] SIM_BRIDGE: No trait info available; all synapses default to E->E STP type.
[2026-07-14 06:02:02][INFO] SIM_BRIDGE: inject_explicit_wiring: installed 864 synapses across 3 populations.
[2026-07-14 06:02:02][INFO] SIM_BRIDGE: Initializing OU process state (tau=15.0ms, sigma=50.0pA)...
[2026-07-14 06:02:05][INFO] SIM_BRIDGE: NumPy backend (CPU (NumPy backend), 47.7 GB RAM available)
[2026-07-14 06:02:05][INFO] SIM_BRIDGE: Initializing simulation data for model: IZHIKEVICH (3D)... (playback_init: False)
[2026-07-14 06:02:05][INFO] SIM_BRIDGE: RNG initialized with seed: 1611897178
[2026-07-14 06:02:05][INFO] SIM_BRIDGE: Initializing Izhikevich model specifics for 60 neurons...
[2026-07-14 06:02:05][INFO] SIM_BRIDGE: Applying parameter heterogeneity to neuron parameters...
[2026-07-14 06:02:05][INFO] SIM_BRIDGE: Applied heterogeneity to 4 parameters.
[2026-07-14 06:02:05][INFO] SIM_BRIDGE: Initializing OU process state (tau=15.0ms, sigma=100.0pA)...
[2026-07-14 06:02:05][INFO] SIM_BRIDGE: Generating 3D neuron positions for 60 neurons...
[2026-07-14 06:02:05][INFO] SIM_BRIDGE: Generating connections (3D)...
[2026-07-14 06:02:05][INFO] SIM_BRIDGE: Generating Watts-Strogatz 3D network (n=60, k=10, p_rewire=0.1)...
[2026-07-14 06:02:05][INFO] SIM_BRIDGE: Watts-Strogatz network complete: 592 connections (avg degree: 9.9, expected: 10). Time: 0.01s
[2026-07-14 06:02:05][INFO] SIM_BRIDGE: Initializing STP state for 592 synapses (capacity: 888)...
[2026-07-14 06:02:05][INFO] SIM_BRIDGE: Initializing eligibility traces for 592 synapses (capacity: 888, dtype: float32)...
[2026-07-14 06:02:05][WARNING] SIM_BRIDGE: No trait info available; all synapses default to E->E STP type.
[2026-07-14 06:02:05][INFO] SIM_BRIDGE: Initializing structural plasticity state...
[2026-07-14 06:02:05][INFO] SIM_BRIDGE: Simulation data initialized for 60 neurons (3D). Synapses: 592. GPU memory: 27.3GB/51.2GB (53.2%)
[2026-07-14 06:02:05][WARNING] SIM_BRIDGE: No trait info available; all synapses default to E->E STP type.
[2026-07-14 06:02:05][INFO] SIM_BRIDGE: inject_explicit_wiring: installed 864 synapses across 3 populations.
[2026-07-14 06:02:05][INFO] SIM_BRIDGE: Initializing OU process state (tau=15.0ms, sigma=100.0pA)...
[2026-07-14 06:02:07][INFO] SIM_BRIDGE: NumPy backend (CPU (NumPy backend), 47.7 GB RAM available)
[2026-07-14 06:02:07][INFO] SIM_BRIDGE: Initializing simulation data for model: IZHIKEVICH (3D)... (playback_init: False)
[2026-07-14 06:02:07][INFO] SIM_BRIDGE: RNG initialized with seed: 1611899315
[2026-07-14 06:02:07][INFO] SIM_BRIDGE: Initializing Izhikevich model specifics for 480 neurons...
[2026-07-14 06:02:07][INFO] SIM_BRIDGE: Applying parameter heterogeneity to neuron parameters...
[2026-07-14 06:02:07][INFO] SIM_BRIDGE: Applied heterogeneity to 4 parameters.
[2026-07-14 06:02:07][INFO] SIM_BRIDGE: Initializing OU process state (tau=15.0ms, sigma=100.0pA)...
[2026-07-14 06:02:07][INFO] SIM_BRIDGE: Generating 3D neuron positions for 480 neurons...
[2026-07-14 06:02:07][INFO] SIM_BRIDGE: Generating connections (3D)...
[2026-07-14 06:02:07][INFO] SIM_BRIDGE: Generating Watts-Strogatz 3D network (n=480, k=10, p_rewire=0.1)...
[2026-07-14 06:02:07][INFO] SIM_BRIDGE: Watts-Strogatz network complete: 4791 connections (avg degree: 10.0, expected: 10). Time: 0.02s
[2026-07-14 06:02:07][INFO] SIM_BRIDGE: Initializing STP state for 4791 synapses (capacity: 7186)...
[2026-07-14 06:02:07][INFO] SIM_BRIDGE: Initializing eligibility traces for 4791 synapses (capacity: 7186, dtype: float32)...
[2026-07-14 06:02:07][WARNING] SIM_BRIDGE: No trait info available; all synapses default to E->E STP type.
[2026-07-14 06:02:07][INFO] SIM_BRIDGE: Initializing structural plasticity state...
[2026-07-14 06:02:07][INFO] SIM_BRIDGE: Simulation data initialized for 480 neurons (3D). Synapses: 4791. GPU memory: 27.2GB/51.2GB (53.0%)
[2026-07-14 06:02:07][WARNING] SIM_BRIDGE: No trait info available; all synapses default to E->E STP type.
[2026-07-14 06:02:07][INFO] SIM_BRIDGE: inject_explicit_wiring: installed 55296 synapses across 3 populations.
[2026-07-14 06:02:31][INFO] SIM_BRIDGE: NumPy backend (CPU (NumPy backend), 47.7 GB RAM available)
[2026-07-14 06:02:31][INFO] SIM_BRIDGE: Initializing simulation data for model: IZHIKEVICH (3D)... (playback_init: False)
[2026-07-14 06:02:31][INFO] SIM_BRIDGE: RNG initialized with seed: 1611923376
[2026-07-14 06:02:31][INFO] SIM_BRIDGE: Initializing Izhikevich model specifics for 480 neurons...
[2026-07-14 06:02:31][INFO] SIM_BRIDGE: Applying parameter heterogeneity to neuron parameters...
[2026-07-14 06:02:31][INFO] SIM_BRIDGE: Applied heterogeneity to 4 parameters.
[2026-07-14 06:02:31][INFO] SIM_BRIDGE: Initializing OU process state (tau=15.0ms, sigma=100.0pA)...
[2026-07-14 06:02:31][INFO] SIM_BRIDGE: Generating 3D neuron positions for 480 neurons...
[2026-07-14 06:02:31][INFO] SIM_BRIDGE: Generating connections (3D)...
[2026-07-14 06:02:31][INFO] SIM_BRIDGE: Generating Watts-Strogatz 3D network (n=480, k=10, p_rewire=0.1)...
[2026-07-14 06:02:31][INFO] SIM_BRIDGE: Watts-Strogatz network complete: 4792 connections (avg degree: 10.0, expected: 10). Time: 0.02s
[2026-07-14 06:02:31][INFO] SIM_BRIDGE: Initializing STP state for 4792 synapses (capacity: 7188)...
[2026-07-14 06:02:31][INFO] SIM_BRIDGE: Initializing eligibility traces for 4792 synapses (capacity: 7188, dtype: float32)...
[2026-07-14 06:02:31][WARNING] SIM_BRIDGE: No trait info available; all synapses default to E->E STP type.
[2026-07-14 06:02:31][INFO] SIM_BRIDGE: Initializing structural plasticity state...
[2026-07-14 06:02:31][INFO] SIM_BRIDGE: Simulation data initialized for 480 neurons (3D). Synapses: 4792. GPU memory: 27.0GB/51.2GB (52.7%)
[2026-07-14 06:02:31][WARNING] SIM_BRIDGE: No trait info available; all synapses default to E->E STP type.
[2026-07-14 06:02:31][INFO] SIM_BRIDGE: inject_explicit_wiring: installed 55296 synapses across 3 populations.
[2026-07-14 06:02:31][INFO] SIM_BRIDGE: Initializing OU process state (tau=15.0ms, sigma=50.0pA)...
[2026-07-14 06:02:55][INFO] SIM_BRIDGE: NumPy backend (CPU (NumPy backend), 47.7 GB RAM available)
[2026-07-14 06:02:55][INFO] SIM_BRIDGE: Initializing simulation data for model: IZHIKEVICH (3D)... (playback_init: False)
[2026-07-14 06:02:55][INFO] SIM_BRIDGE: RNG initialized with seed: 1611947825
[2026-07-14 06:02:55][INFO] SIM_BRIDGE: Initializing Izhikevich model specifics for 480 neurons...
[2026-07-14 06:02:55][INFO] SIM_BRIDGE: Applying parameter heterogeneity to neuron parameters...
[2026-07-14 06:02:55][INFO] SIM_BRIDGE: Applied heterogeneity to 4 parameters.
[2026-07-14 06:02:55][INFO] SIM_BRIDGE: Initializing OU process state (tau=15.0ms, sigma=100.0pA)...
[2026-07-14 06:02:55][INFO] SIM_BRIDGE: Generating 3D neuron positions for 480 neurons...
[2026-07-14 06:02:55][INFO] SIM_BRIDGE: Generating connections (3D)...
[2026-07-14 06:02:55][INFO] SIM_BRIDGE: Generating Watts-Strogatz 3D network (n=480, k=10, p_rewire=0.1)...
[2026-07-14 06:02:55][INFO] SIM_BRIDGE: Watts-Strogatz network complete: 4793 connections (avg degree: 10.0, expected: 10). Time: 0.03s
[2026-07-14 06:02:55][INFO] SIM_BRIDGE: Initializing STP state for 4793 synapses (capacity: 7189)...
[2026-07-14 06:02:55][INFO] SIM_BRIDGE: Initializing eligibility traces for 4793 synapses (capacity: 7189, dtype: float32)...
[2026-07-14 06:02:55][WARNING] SIM_BRIDGE: No trait info available; all synapses default to E->E STP type.
[2026-07-14 06:02:55][INFO] SIM_BRIDGE: Initializing structural plasticity state...
[2026-07-14 06:02:55][INFO] SIM_BRIDGE: Simulation data initialized for 480 neurons (3D). Synapses: 4793. GPU memory: 27.0GB/51.2GB (52.7%)
[2026-07-14 06:02:55][WARNING] SIM_BRIDGE: No trait info available; all synapses default to E->E STP type.
[2026-07-14 06:02:55][INFO] SIM_BRIDGE: inject_explicit_wiring: installed 55296 synapses across 3 populations.
[2026-07-14 06:02:55][INFO] SIM_BRIDGE: Initializing OU process state (tau=15.0ms, sigma=100.0pA)...
[2026-07-14 06:03:20][INFO] SIM_BRIDGE: NumPy backend (CPU (NumPy backend), 47.7 GB RAM available)
[2026-07-14 06:03:20][INFO] SIM_BRIDGE: Initializing simulation data for model: IZHIKEVICH (3D)... (playback_init: False)
[2026-07-14 06:03:20][INFO] SIM_BRIDGE: RNG initialized with seed: 1611972223
[2026-07-14 06:03:20][INFO] SIM_BRIDGE: Initializing Izhikevich model specifics for 960 neurons...
[2026-07-14 06:03:20][INFO] SIM_BRIDGE: Applying parameter heterogeneity to neuron parameters...
[2026-07-14 06:03:20][INFO] SIM_BRIDGE: Applied heterogeneity to 4 parameters.
[2026-07-14 06:03:20][INFO] SIM_BRIDGE: Initializing OU process state (tau=15.0ms, sigma=100.0pA)...
[2026-07-14 06:03:20][INFO] SIM_BRIDGE: Generating 3D neuron positions for 960 neurons...
[2026-07-14 06:03:20][INFO] SIM_BRIDGE: Generating connections (3D)...
[2026-07-14 06:03:20][INFO] SIM_BRIDGE: Generating Watts-Strogatz 3D network (n=960, k=10, p_rewire=0.1)...
[2026-07-14 06:03:20][INFO] SIM_BRIDGE: Watts-Strogatz network complete: 9590 connections (avg degree: 10.0, expected: 10). Time: 0.05s
[2026-07-14 06:03:20][INFO] SIM_BRIDGE: Initializing STP state for 9590 synapses (capacity: 14385)...
[2026-07-14 06:03:20][INFO] SIM_BRIDGE: Initializing eligibility traces for 9590 synapses (capacity: 14385, dtype: float32)...
[2026-07-14 06:03:20][WARNING] SIM_BRIDGE: No trait info available; all synapses default to E->E STP type.
[2026-07-14 06:03:20][INFO] SIM_BRIDGE: Initializing structural plasticity state...
[2026-07-14 06:03:20][INFO] SIM_BRIDGE: Simulation data initialized for 960 neurons (3D). Synapses: 9590. GPU memory: 27.1GB/51.2GB (52.9%)
[2026-07-14 06:03:20][WARNING] SIM_BRIDGE: No trait info available; all synapses default to E->E STP type.
[2026-07-14 06:03:20][INFO] SIM_BRIDGE: inject_explicit_wiring: installed 221184 synapses across 3 populations.
[2026-07-14 06:05:06][INFO] SIM_BRIDGE: NumPy backend (CPU (NumPy backend), 47.7 GB RAM available)
[2026-07-14 06:05:06][INFO] SIM_BRIDGE: Initializing simulation data for model: IZHIKEVICH (3D)... (playback_init: False)
[2026-07-14 06:05:06][INFO] SIM_BRIDGE: RNG initialized with seed: 1612078819
[2026-07-14 06:05:06][INFO] SIM_BRIDGE: Initializing Izhikevich model specifics for 960 neurons...
[2026-07-14 06:05:06][INFO] SIM_BRIDGE: Applying parameter heterogeneity to neuron parameters...
[2026-07-14 06:05:06][INFO] SIM_BRIDGE: Applied heterogeneity to 4 parameters.
[2026-07-14 06:05:06][INFO] SIM_BRIDGE: Initializing OU process state (tau=15.0ms, sigma=100.0pA)...
[2026-07-14 06:05:06][INFO] SIM_BRIDGE: Generating 3D neuron positions for 960 neurons...
[2026-07-14 06:05:06][INFO] SIM_BRIDGE: Generating connections (3D)...
[2026-07-14 06:05:06][INFO] SIM_BRIDGE: Generating Watts-Strogatz 3D network (n=960, k=10, p_rewire=0.1)...
[2026-07-14 06:05:06][INFO] SIM_BRIDGE: Watts-Strogatz network complete: 9594 connections (avg degree: 10.0, expected: 10). Time: 0.07s
[2026-07-14 06:05:06][INFO] SIM_BRIDGE: Initializing STP state for 9594 synapses (capacity: 14391)...
[2026-07-14 06:05:06][INFO] SIM_BRIDGE: Initializing eligibility traces for 9594 synapses (capacity: 14391, dtype: float32)...
[2026-07-14 06:05:06][WARNING] SIM_BRIDGE: No trait info available; all synapses default to E->E STP type.
[2026-07-14 06:05:06][INFO] SIM_BRIDGE: Initializing structural plasticity state...
[2026-07-14 06:05:06][INFO] SIM_BRIDGE: Simulation data initialized for 960 neurons (3D). Synapses: 9594. GPU memory: 27.0GB/51.2GB (52.7%)
[2026-07-14 06:05:07][WARNING] SIM_BRIDGE: No trait info available; all synapses default to E->E STP type.
[2026-07-14 06:05:07][INFO] SIM_BRIDGE: inject_explicit_wiring: installed 221184 synapses across 3 populations.
[2026-07-14 06:05:07][INFO] SIM_BRIDGE: Initializing OU process state (tau=15.0ms, sigma=50.0pA)...
[2026-07-14 06:06:52][INFO] SIM_BRIDGE: NumPy backend (CPU (NumPy backend), 47.7 GB RAM available)
[2026-07-14 06:06:52][INFO] SIM_BRIDGE: Initializing simulation data for model: IZHIKEVICH (3D)... (playback_init: False)
[2026-07-14 06:06:52][INFO] SIM_BRIDGE: RNG initialized with seed: 1612184620
[2026-07-14 06:06:52][INFO] SIM_BRIDGE: Initializing Izhikevich model specifics for 960 neurons...
[2026-07-14 06:06:52][INFO] SIM_BRIDGE: Applying parameter heterogeneity to neuron parameters...
[2026-07-14 06:06:52][INFO] SIM_BRIDGE: Applied heterogeneity to 4 parameters.
[2026-07-14 06:06:52][INFO] SIM_BRIDGE: Initializing OU process state (tau=15.0ms, sigma=100.0pA)...
[2026-07-14 06:06:52][INFO] SIM_BRIDGE: Generating 3D neuron positions for 960 neurons...
[2026-07-14 06:06:52][INFO] SIM_BRIDGE: Generating connections (3D)...
[2026-07-14 06:06:52][INFO] SIM_BRIDGE: Generating Watts-Strogatz 3D network (n=960, k=10, p_rewire=0.1)...
[2026-07-14 06:06:52][INFO] SIM_BRIDGE: Watts-Strogatz network complete: 9594 connections (avg degree: 10.0, expected: 10). Time: 0.06s
[2026-07-14 06:06:52][INFO] SIM_BRIDGE: Initializing STP state for 9594 synapses (capacity: 14391)...
[2026-07-14 06:06:52][INFO] SIM_BRIDGE: Initializing eligibility traces for 9594 synapses (capacity: 14391, dtype: float32)...
[2026-07-14 06:06:52][WARNING] SIM_BRIDGE: No trait info available; all synapses default to E->E STP type.
[2026-07-14 06:06:52][INFO] SIM_BRIDGE: Initializing structural plasticity state...
[2026-07-14 06:06:52][INFO] SIM_BRIDGE: Simulation data initialized for 960 neurons (3D). Synapses: 9594. GPU memory: 26.4GB/51.2GB (51.6%)
[2026-07-14 06:06:52][WARNING] SIM_BRIDGE: No trait info available; all synapses default to E->E STP type.
[2026-07-14 06:06:52][INFO] SIM_BRIDGE: inject_explicit_wiring: installed 221184 synapses across 3 populations.
[2026-07-14 06:06:52][INFO] SIM_BRIDGE: Initializing OU process state (tau=15.0ms, sigma=100.0pA)...
----------------------------------------------------------------------------------------------------------------
[seed 42] n_in 7 | k_classes 5 | inputs 40 | fixed 6 x repeats 10 | K [1, 8, 16] | noise-pA [0.0, 50.0, 100.0]
(A) PAIRWISE WITHIN-UNIT CORRELATION of cp_bdsp_E  [HIGH=lockstep/correlated; LOW=decorrelated]
    across-input corr (signal+noise):
        K \ noise           0        50       100
        K=1              n/a       n/a       n/a
        K=8            0.031     0.036     0.011
        K=16           0.034     0.025     0.012
    pure-NOISE corr (fixed input, across repeats):
        K \ noise           0        50       100
        K=1              n/a       n/a       n/a
        K=8            0.008    -0.001    -0.006
        K=16          -0.003     0.007     0.005
(B1) READ-SNR  corr(pooled E, clean soma-rate)  [should RISE with K only when decorrelated]
        K \ noise           0        50       100
        K=1            0.174     0.493     0.411
        K=8            0.146     0.162     0.342
        K=16           0.249     0.180     0.315
(B2) POOLING GAIN  single_CV / pooled_CV   [target ~sqrt(K): K=8->2.83, K=16->4.0; ~1=correlated]
        K \ noise           0        50       100
        K=1            1.000     1.000     1.000  (sqrt(K)=1.00)
        K=8            2.219     2.866     2.857  (sqrt(K)=2.83)
        K=16           3.540     3.793     3.970  (sqrt(K)=4.00)
     mean event rate cp_bdsp_E per hidden layer (activity sanity):
        K \ noise           0        50       100
        K=1            0.063     0.048     0.054
        K=8            0.058     0.056     0.053
        K=16           0.059     0.057     0.051

================================================================================================================
[onbridge-deep-credit-decorrelation] HONEST NEGATIVE (1-seed forward-only) -- independent OU noise up to 100 pA did NOT decorrelate the pool (within-unit corr 0.034->0.012) -> the tonic drive dominates the spike timing and pooling still cannot average independent variance. This REFRAMES the boundary DEEPER: the correlated-pool is not fixed by this noise regime; the lever is either MUCH higher conductance-noise (a stronger high-conductance state) or a credit-STRUCTURE change (not read-variance). [baseline noise=0: within-unit corr 0.034, read-SNR K1->16 0.174->0.249, gain@K16 3.54/sqrt 4.00] [noise=100: within-unit corr 0.012 (noise-corr 0.005), read-SNR K1->16 0.411->0.315, gain@K16 3.97]
[onbridge-deep-credit-decorrelation] wrote research/findings/raw/_decorr/decorr_seed42.json
================================================================================================================
