[2026-07-14 06:02:00][INFO] SIM_BRIDGE: NumPy backend (CPU (NumPy backend), 47.7 GB RAM available)
[2026-07-14 06:02:00][INFO] SIM_BRIDGE: Initializing simulation data for model: IZHIKEVICH (3D)... (playback_init: False)
[2026-07-14 06:02:00][INFO] SIM_BRIDGE: RNG initialized with seed: 1611892727
[2026-07-14 06:02:00][INFO] SIM_BRIDGE: Initializing Izhikevich model specifics for 60 neurons...
[2026-07-14 06:02:00][INFO] SIM_BRIDGE: Applying parameter heterogeneity to neuron parameters...
[2026-07-14 06:02:00][INFO] SIM_BRIDGE: Applied heterogeneity to 4 parameters.
[2026-07-14 06:02:00][INFO] SIM_BRIDGE: Initializing OU process state (tau=15.0ms, sigma=100.0pA)...
[2026-07-14 06:02:00][INFO] SIM_BRIDGE: Generating 3D neuron positions for 60 neurons...
[2026-07-14 06:02:00][INFO] SIM_BRIDGE: Generating connections (3D)...
[2026-07-14 06:02:00][INFO] SIM_BRIDGE: Generating Watts-Strogatz 3D network (n=60, k=10, p_rewire=0.1)...
[2026-07-14 06:02:00][INFO] SIM_BRIDGE: Watts-Strogatz network complete: 591 connections (avg degree: 9.8, expected: 10). Time: 0.00s
[2026-07-14 06:02:00][INFO] SIM_BRIDGE: Initializing STP state for 591 synapses (capacity: 886)...
[2026-07-14 06:02:00][INFO] SIM_BRIDGE: Initializing eligibility traces for 591 synapses (capacity: 886, dtype: float32)...
[2026-07-14 06:02:00][WARNING] SIM_BRIDGE: No trait info available; all synapses default to E->E STP type.
[2026-07-14 06:02:00][INFO] SIM_BRIDGE: Initializing structural plasticity state...
[2026-07-14 06:02:00][INFO] SIM_BRIDGE: Simulation data initialized for 60 neurons (3D). Synapses: 591. GPU memory: 27.1GB/51.2GB (52.9%)
[2026-07-14 06:02:00][WARNING] SIM_BRIDGE: No trait info available; all synapses default to E->E STP type.
[2026-07-14 06:02:00][INFO] SIM_BRIDGE: inject_explicit_wiring: installed 864 synapses across 3 populations.
[2026-07-14 06:02:02][INFO] SIM_BRIDGE: NumPy backend (CPU (NumPy backend), 47.7 GB RAM available)
[2026-07-14 06:02:02][INFO] SIM_BRIDGE: Initializing simulation data for model: IZHIKEVICH (3D)... (playback_init: False)
[2026-07-14 06:02:02][INFO] SIM_BRIDGE: RNG initialized with seed: 1611895019
[2026-07-14 06:02:02][INFO] SIM_BRIDGE: Initializing Izhikevich model specifics for 60 neurons...
[2026-07-14 06:02:02][INFO] SIM_BRIDGE: Applying parameter heterogeneity to neuron parameters...
[2026-07-14 06:02:02][INFO] SIM_BRIDGE: Applied heterogeneity to 4 parameters.
[2026-07-14 06:02:02][INFO] SIM_BRIDGE: Initializing OU process state (tau=15.0ms, sigma=100.0pA)...
[2026-07-14 06:02:02][INFO] SIM_BRIDGE: Generating 3D neuron positions for 60 neurons...
[2026-07-14 06:02:02][INFO] SIM_BRIDGE: Generating connections (3D)...
[2026-07-14 06:02:02][INFO] SIM_BRIDGE: Generating Watts-Strogatz 3D network (n=60, k=10, p_rewire=0.1)...
[2026-07-14 06:02:02][INFO] SIM_BRIDGE: Watts-Strogatz network complete: 595 connections (avg degree: 9.9, expected: 10). Time: 0.01s
[2026-07-14 06:02:02][INFO] SIM_BRIDGE: Initializing STP state for 595 synapses (capacity: 892)...
[2026-07-14 06:02:02][INFO] SIM_BRIDGE: Initializing eligibility traces for 595 synapses (capacity: 892, dtype: float32)...
[2026-07-14 06:02:02][WARNING] SIM_BRIDGE: No trait info available; all synapses default to E->E STP type.
[2026-07-14 06:02:02][INFO] SIM_BRIDGE: Initializing structural plasticity state...
[2026-07-14 06:02:02][INFO] SIM_BRIDGE: Simulation data initialized for 60 neurons (3D). Synapses: 595. GPU memory: 27.2GB/51.2GB (53.1%)
[2026-07-14 06:02:02][WARNING] SIM_BRIDGE: No trait info available; all synapses default to E->E STP type.
[2026-07-14 06:02:02][INFO] SIM_BRIDGE: inject_explicit_wiring: installed 864 synapses across 3 populations.
[2026-07-14 06:02:02][INFO] SIM_BRIDGE: Initializing OU process state (tau=15.0ms, sigma=50.0pA)...
[2026-07-14 06:02:05][INFO] SIM_BRIDGE: NumPy backend (CPU (NumPy backend), 47.7 GB RAM available)
[2026-07-14 06:02:05][INFO] SIM_BRIDGE: Initializing simulation data for model: IZHIKEVICH (3D)... (playback_init: False)
[2026-07-14 06:02:05][INFO] SIM_BRIDGE: RNG initialized with seed: 1611897314
[2026-07-14 06:02:05][INFO] SIM_BRIDGE: Initializing Izhikevich model specifics for 60 neurons...
[2026-07-14 06:02:05][INFO] SIM_BRIDGE: Applying parameter heterogeneity to neuron parameters...
[2026-07-14 06:02:05][INFO] SIM_BRIDGE: Applied heterogeneity to 4 parameters.
[2026-07-14 06:02:05][INFO] SIM_BRIDGE: Initializing OU process state (tau=15.0ms, sigma=100.0pA)...
[2026-07-14 06:02:05][INFO] SIM_BRIDGE: Generating 3D neuron positions for 60 neurons...
[2026-07-14 06:02:05][INFO] SIM_BRIDGE: Generating connections (3D)...
[2026-07-14 06:02:05][INFO] SIM_BRIDGE: Generating Watts-Strogatz 3D network (n=60, k=10, p_rewire=0.1)...
[2026-07-14 06:02:05][INFO] SIM_BRIDGE: Watts-Strogatz network complete: 593 connections (avg degree: 9.9, expected: 10). Time: 0.00s
[2026-07-14 06:02:05][INFO] SIM_BRIDGE: Initializing STP state for 593 synapses (capacity: 889)...
[2026-07-14 06:02:05][INFO] SIM_BRIDGE: Initializing eligibility traces for 593 synapses (capacity: 889, dtype: float32)...
[2026-07-14 06:02:05][WARNING] SIM_BRIDGE: No trait info available; all synapses default to E->E STP type.
[2026-07-14 06:02:05][INFO] SIM_BRIDGE: Initializing structural plasticity state...
[2026-07-14 06:02:05][INFO] SIM_BRIDGE: Simulation data initialized for 60 neurons (3D). Synapses: 593. GPU memory: 27.2GB/51.2GB (53.1%)
[2026-07-14 06:02:05][WARNING] SIM_BRIDGE: No trait info available; all synapses default to E->E STP type.
[2026-07-14 06:02:05][INFO] SIM_BRIDGE: inject_explicit_wiring: installed 864 synapses across 3 populations.
[2026-07-14 06:02:05][INFO] SIM_BRIDGE: Initializing OU process state (tau=15.0ms, sigma=100.0pA)...
[2026-07-14 06:02:07][INFO] SIM_BRIDGE: NumPy backend (CPU (NumPy backend), 47.7 GB RAM available)
[2026-07-14 06:02:07][INFO] SIM_BRIDGE: Initializing simulation data for model: IZHIKEVICH (3D)... (playback_init: False)
[2026-07-14 06:02:07][INFO] SIM_BRIDGE: RNG initialized with seed: 1611899321
[2026-07-14 06:02:07][INFO] SIM_BRIDGE: Initializing Izhikevich model specifics for 480 neurons...
[2026-07-14 06:02:07][INFO] SIM_BRIDGE: Applying parameter heterogeneity to neuron parameters...
[2026-07-14 06:02:07][INFO] SIM_BRIDGE: Applied heterogeneity to 4 parameters.
[2026-07-14 06:02:07][INFO] SIM_BRIDGE: Initializing OU process state (tau=15.0ms, sigma=100.0pA)...
[2026-07-14 06:02:07][INFO] SIM_BRIDGE: Generating 3D neuron positions for 480 neurons...
[2026-07-14 06:02:07][INFO] SIM_BRIDGE: Generating connections (3D)...
[2026-07-14 06:02:07][INFO] SIM_BRIDGE: Generating Watts-Strogatz 3D network (n=480, k=10, p_rewire=0.1)...
[2026-07-14 06:02:07][INFO] SIM_BRIDGE: Watts-Strogatz network complete: 4790 connections (avg degree: 10.0, expected: 10). Time: 0.02s
[2026-07-14 06:02:07][INFO] SIM_BRIDGE: Initializing STP state for 4790 synapses (capacity: 7185)...
[2026-07-14 06:02:07][INFO] SIM_BRIDGE: Initializing eligibility traces for 4790 synapses (capacity: 7185, dtype: float32)...
[2026-07-14 06:02:07][WARNING] SIM_BRIDGE: No trait info available; all synapses default to E->E STP type.
[2026-07-14 06:02:07][INFO] SIM_BRIDGE: Initializing structural plasticity state...
[2026-07-14 06:02:07][INFO] SIM_BRIDGE: Simulation data initialized for 480 neurons (3D). Synapses: 4790. GPU memory: 27.2GB/51.2GB (53.1%)
[2026-07-14 06:02:07][WARNING] SIM_BRIDGE: No trait info available; all synapses default to E->E STP type.
[2026-07-14 06:02:07][INFO] SIM_BRIDGE: inject_explicit_wiring: installed 55296 synapses across 3 populations.
[2026-07-14 06:02:31][INFO] SIM_BRIDGE: NumPy backend (CPU (NumPy backend), 47.7 GB RAM available)
[2026-07-14 06:02:31][INFO] SIM_BRIDGE: Initializing simulation data for model: IZHIKEVICH (3D)... (playback_init: False)
[2026-07-14 06:02:31][INFO] SIM_BRIDGE: RNG initialized with seed: 1611923350
[2026-07-14 06:02:31][INFO] SIM_BRIDGE: Initializing Izhikevich model specifics for 480 neurons...
[2026-07-14 06:02:31][INFO] SIM_BRIDGE: Applying parameter heterogeneity to neuron parameters...
[2026-07-14 06:02:31][INFO] SIM_BRIDGE: Applied heterogeneity to 4 parameters.
[2026-07-14 06:02:31][INFO] SIM_BRIDGE: Initializing OU process state (tau=15.0ms, sigma=100.0pA)...
[2026-07-14 06:02:31][INFO] SIM_BRIDGE: Generating 3D neuron positions for 480 neurons...
[2026-07-14 06:02:31][INFO] SIM_BRIDGE: Generating connections (3D)...
[2026-07-14 06:02:31][INFO] SIM_BRIDGE: Generating Watts-Strogatz 3D network (n=480, k=10, p_rewire=0.1)...
[2026-07-14 06:02:31][INFO] SIM_BRIDGE: Watts-Strogatz network complete: 4794 connections (avg degree: 10.0, expected: 10). Time: 0.03s
[2026-07-14 06:02:31][INFO] SIM_BRIDGE: Initializing STP state for 4794 synapses (capacity: 7191)...
[2026-07-14 06:02:31][INFO] SIM_BRIDGE: Initializing eligibility traces for 4794 synapses (capacity: 7191, dtype: float32)...
[2026-07-14 06:02:31][WARNING] SIM_BRIDGE: No trait info available; all synapses default to E->E STP type.
[2026-07-14 06:02:31][INFO] SIM_BRIDGE: Initializing structural plasticity state...
[2026-07-14 06:02:31][INFO] SIM_BRIDGE: Simulation data initialized for 480 neurons (3D). Synapses: 4794. GPU memory: 27.0GB/51.2GB (52.6%)
[2026-07-14 06:02:31][WARNING] SIM_BRIDGE: No trait info available; all synapses default to E->E STP type.
[2026-07-14 06:02:31][INFO] SIM_BRIDGE: inject_explicit_wiring: installed 55296 synapses across 3 populations.
[2026-07-14 06:02:31][INFO] SIM_BRIDGE: Initializing OU process state (tau=15.0ms, sigma=50.0pA)...
[2026-07-14 06:02:56][INFO] SIM_BRIDGE: NumPy backend (CPU (NumPy backend), 47.7 GB RAM available)
[2026-07-14 06:02:56][INFO] SIM_BRIDGE: Initializing simulation data for model: IZHIKEVICH (3D)... (playback_init: False)
[2026-07-14 06:02:56][INFO] SIM_BRIDGE: RNG initialized with seed: 1611948260
[2026-07-14 06:02:56][INFO] SIM_BRIDGE: Initializing Izhikevich model specifics for 480 neurons...
[2026-07-14 06:02:56][INFO] SIM_BRIDGE: Applying parameter heterogeneity to neuron parameters...
[2026-07-14 06:02:56][INFO] SIM_BRIDGE: Applied heterogeneity to 4 parameters.
[2026-07-14 06:02:56][INFO] SIM_BRIDGE: Initializing OU process state (tau=15.0ms, sigma=100.0pA)...
[2026-07-14 06:02:56][INFO] SIM_BRIDGE: Generating 3D neuron positions for 480 neurons...
[2026-07-14 06:02:56][INFO] SIM_BRIDGE: Generating connections (3D)...
[2026-07-14 06:02:56][INFO] SIM_BRIDGE: Generating Watts-Strogatz 3D network (n=480, k=10, p_rewire=0.1)...
[2026-07-14 06:02:56][INFO] SIM_BRIDGE: Watts-Strogatz network complete: 4791 connections (avg degree: 10.0, expected: 10). Time: 0.03s
[2026-07-14 06:02:56][INFO] SIM_BRIDGE: Initializing STP state for 4791 synapses (capacity: 7186)...
[2026-07-14 06:02:56][INFO] SIM_BRIDGE: Initializing eligibility traces for 4791 synapses (capacity: 7186, dtype: float32)...
[2026-07-14 06:02:56][WARNING] SIM_BRIDGE: No trait info available; all synapses default to E->E STP type.
[2026-07-14 06:02:56][INFO] SIM_BRIDGE: Initializing structural plasticity state...
[2026-07-14 06:02:56][INFO] SIM_BRIDGE: Simulation data initialized for 480 neurons (3D). Synapses: 4791. GPU memory: 27.0GB/51.2GB (52.7%)
[2026-07-14 06:02:56][WARNING] SIM_BRIDGE: No trait info available; all synapses default to E->E STP type.
[2026-07-14 06:02:56][INFO] SIM_BRIDGE: inject_explicit_wiring: installed 55296 synapses across 3 populations.
[2026-07-14 06:02:56][INFO] SIM_BRIDGE: Initializing OU process state (tau=15.0ms, sigma=100.0pA)...
[2026-07-14 06:03:20][INFO] SIM_BRIDGE: NumPy backend (CPU (NumPy backend), 47.7 GB RAM available)
[2026-07-14 06:03:20][INFO] SIM_BRIDGE: Initializing simulation data for model: IZHIKEVICH (3D)... (playback_init: False)
[2026-07-14 06:03:20][INFO] SIM_BRIDGE: RNG initialized with seed: 1611972844
[2026-07-14 06:03:20][INFO] SIM_BRIDGE: Initializing Izhikevich model specifics for 960 neurons...
[2026-07-14 06:03:20][INFO] SIM_BRIDGE: Applying parameter heterogeneity to neuron parameters...
[2026-07-14 06:03:20][INFO] SIM_BRIDGE: Applied heterogeneity to 4 parameters.
[2026-07-14 06:03:20][INFO] SIM_BRIDGE: Initializing OU process state (tau=15.0ms, sigma=100.0pA)...
[2026-07-14 06:03:20][INFO] SIM_BRIDGE: Generating 3D neuron positions for 960 neurons...
[2026-07-14 06:03:20][INFO] SIM_BRIDGE: Generating connections (3D)...
[2026-07-14 06:03:20][INFO] SIM_BRIDGE: Generating Watts-Strogatz 3D network (n=960, k=10, p_rewire=0.1)...
[2026-07-14 06:03:20][INFO] SIM_BRIDGE: Watts-Strogatz network complete: 9593 connections (avg degree: 10.0, expected: 10). Time: 0.07s
[2026-07-14 06:03:20][INFO] SIM_BRIDGE: Initializing STP state for 9593 synapses (capacity: 14389)...
[2026-07-14 06:03:20][INFO] SIM_BRIDGE: Initializing eligibility traces for 9593 synapses (capacity: 14389, dtype: float32)...
[2026-07-14 06:03:20][WARNING] SIM_BRIDGE: No trait info available; all synapses default to E->E STP type.
[2026-07-14 06:03:20][INFO] SIM_BRIDGE: Initializing structural plasticity state...
[2026-07-14 06:03:20][INFO] SIM_BRIDGE: Simulation data initialized for 960 neurons (3D). Synapses: 9593. GPU memory: 27.1GB/51.2GB (52.8%)
[2026-07-14 06:03:21][WARNING] SIM_BRIDGE: No trait info available; all synapses default to E->E STP type.
[2026-07-14 06:03:21][INFO] SIM_BRIDGE: inject_explicit_wiring: installed 221184 synapses across 3 populations.
[2026-07-14 06:05:10][INFO] SIM_BRIDGE: NumPy backend (CPU (NumPy backend), 47.7 GB RAM available)
[2026-07-14 06:05:10][INFO] SIM_BRIDGE: Initializing simulation data for model: IZHIKEVICH (3D)... (playback_init: False)
[2026-07-14 06:05:10][INFO] SIM_BRIDGE: RNG initialized with seed: 1612082245
[2026-07-14 06:05:10][INFO] SIM_BRIDGE: Initializing Izhikevich model specifics for 960 neurons...
[2026-07-14 06:05:10][INFO] SIM_BRIDGE: Applying parameter heterogeneity to neuron parameters...
[2026-07-14 06:05:10][INFO] SIM_BRIDGE: Applied heterogeneity to 4 parameters.
[2026-07-14 06:05:10][INFO] SIM_BRIDGE: Initializing OU process state (tau=15.0ms, sigma=100.0pA)...
[2026-07-14 06:05:10][INFO] SIM_BRIDGE: Generating 3D neuron positions for 960 neurons...
[2026-07-14 06:05:10][INFO] SIM_BRIDGE: Generating connections (3D)...
[2026-07-14 06:05:10][INFO] SIM_BRIDGE: Generating Watts-Strogatz 3D network (n=960, k=10, p_rewire=0.1)...
[2026-07-14 06:05:10][INFO] SIM_BRIDGE: Watts-Strogatz network complete: 9591 connections (avg degree: 10.0, expected: 10). Time: 0.06s
[2026-07-14 06:05:10][INFO] SIM_BRIDGE: Initializing STP state for 9591 synapses (capacity: 14386)...
[2026-07-14 06:05:10][INFO] SIM_BRIDGE: Initializing eligibility traces for 9591 synapses (capacity: 14386, dtype: float32)...
[2026-07-14 06:05:10][WARNING] SIM_BRIDGE: No trait info available; all synapses default to E->E STP type.
[2026-07-14 06:05:10][INFO] SIM_BRIDGE: Initializing structural plasticity state...
[2026-07-14 06:05:10][INFO] SIM_BRIDGE: Simulation data initialized for 960 neurons (3D). Synapses: 9591. GPU memory: 26.9GB/51.2GB (52.6%)
[2026-07-14 06:05:10][WARNING] SIM_BRIDGE: No trait info available; all synapses default to E->E STP type.
[2026-07-14 06:05:10][INFO] SIM_BRIDGE: inject_explicit_wiring: installed 221184 synapses across 3 populations.
[2026-07-14 06:05:10][INFO] SIM_BRIDGE: Initializing OU process state (tau=15.0ms, sigma=50.0pA)...
[2026-07-14 06:06:56][INFO] SIM_BRIDGE: NumPy backend (CPU (NumPy backend), 47.7 GB RAM available)
[2026-07-14 06:06:56][INFO] SIM_BRIDGE: Initializing simulation data for model: IZHIKEVICH (3D)... (playback_init: False)
[2026-07-14 06:06:56][INFO] SIM_BRIDGE: RNG initialized with seed: 1612189000
[2026-07-14 06:06:56][INFO] SIM_BRIDGE: Initializing Izhikevich model specifics for 960 neurons...
[2026-07-14 06:06:56][INFO] SIM_BRIDGE: Applying parameter heterogeneity to neuron parameters...
[2026-07-14 06:06:56][INFO] SIM_BRIDGE: Applied heterogeneity to 4 parameters.
[2026-07-14 06:06:56][INFO] SIM_BRIDGE: Initializing OU process state (tau=15.0ms, sigma=100.0pA)...
[2026-07-14 06:06:56][INFO] SIM_BRIDGE: Generating 3D neuron positions for 960 neurons...
[2026-07-14 06:06:56][INFO] SIM_BRIDGE: Generating connections (3D)...
[2026-07-14 06:06:56][INFO] SIM_BRIDGE: Generating Watts-Strogatz 3D network (n=960, k=10, p_rewire=0.1)...
[2026-07-14 06:06:56][INFO] SIM_BRIDGE: Watts-Strogatz network complete: 9588 connections (avg degree: 10.0, expected: 10). Time: 0.06s
[2026-07-14 06:06:56][INFO] SIM_BRIDGE: Initializing STP state for 9588 synapses (capacity: 14382)...
[2026-07-14 06:06:56][INFO] SIM_BRIDGE: Initializing eligibility traces for 9588 synapses (capacity: 14382, dtype: float32)...
[2026-07-14 06:06:56][WARNING] SIM_BRIDGE: No trait info available; all synapses default to E->E STP type.
[2026-07-14 06:06:56][INFO] SIM_BRIDGE: Initializing structural plasticity state...
[2026-07-14 06:06:56][INFO] SIM_BRIDGE: Simulation data initialized for 960 neurons (3D). Synapses: 9588. GPU memory: 24.9GB/51.2GB (48.5%)
[2026-07-14 06:06:57][WARNING] SIM_BRIDGE: No trait info available; all synapses default to E->E STP type.
[2026-07-14 06:06:57][INFO] SIM_BRIDGE: inject_explicit_wiring: installed 221184 synapses across 3 populations.
[2026-07-14 06:06:57][INFO] SIM_BRIDGE: Initializing OU process state (tau=15.0ms, sigma=100.0pA)...
----------------------------------------------------------------------------------------------------------------
[seed 101] n_in 7 | k_classes 5 | inputs 40 | fixed 6 x repeats 10 | K [1, 8, 16] | noise-pA [0.0, 50.0, 100.0]
(A) PAIRWISE WITHIN-UNIT CORRELATION of cp_bdsp_E  [HIGH=lockstep/correlated; LOW=decorrelated]
    across-input corr (signal+noise):
        K \ noise           0        50       100
        K=1              n/a       n/a       n/a
        K=8            0.026     0.021     0.021
        K=16           0.028     0.023     0.013
    pure-NOISE corr (fixed input, across repeats):
        K \ noise           0        50       100
        K=1              n/a       n/a       n/a
        K=8           -0.009     0.000    -0.006
        K=16           0.005     0.006    -0.001
(B1) READ-SNR  corr(pooled E, clean soma-rate)  [should RISE with K only when decorrelated]
        K \ noise           0        50       100
        K=1            0.175     0.412     0.490
        K=8            0.354     0.236     0.337
        K=16           0.240     0.248     0.357
(B2) POOLING GAIN  single_CV / pooled_CV   [target ~sqrt(K): K=8->2.83, K=16->4.0; ~1=correlated]
        K \ noise           0        50       100
        K=1            1.000     1.000     1.000  (sqrt(K)=1.00)
        K=8            2.337     2.756     2.860  (sqrt(K)=2.83)
        K=16           3.444     3.823     4.020  (sqrt(K)=4.00)
     mean event rate cp_bdsp_E per hidden layer (activity sanity):
        K \ noise           0        50       100
        K=1            0.062     0.058     0.044
        K=8            0.053     0.055     0.054
        K=16           0.061     0.057     0.054

================================================================================================================
[onbridge-deep-credit-decorrelation] HONEST NEGATIVE (1-seed forward-only) -- independent OU noise up to 100 pA did NOT decorrelate the pool (within-unit corr 0.028->0.013) -> the tonic drive dominates the spike timing and pooling still cannot average independent variance. This REFRAMES the boundary DEEPER: the correlated-pool is not fixed by this noise regime; the lever is either MUCH higher conductance-noise (a stronger high-conductance state) or a credit-STRUCTURE change (not read-variance). [baseline noise=0: within-unit corr 0.028, read-SNR K1->16 0.175->0.240, gain@K16 3.44/sqrt 4.00] [noise=100: within-unit corr 0.013 (noise-corr -0.001), read-SNR K1->16 0.490->0.357, gain@K16 4.02]
[onbridge-deep-credit-decorrelation] wrote research/findings/raw/_decorr/decorr_seed101.json
================================================================================================================
