[phase1] brain backend=numpy vocab=57; loading the 21M generator (constrained core + free continuer)...
C:\Users\dant123\AppData\Roaming\Python\Python312\site-packages\torch\_utils.py:102: UserWarning: expandable_segments not supported on this platform (Triggered internally at C:\actions-runner\_work\pytorch\pytorch\pytorch\c10/cuda/CUDAAllocatorConfig.h:39.)
  untyped_storage = torch.UntypedStorage(self.size(), device=device)
[phase1] loaded ~21.3M (dev=cuda); seeds=[42, 43, 44]

[2026-07-01 07:57:40][INFO] SIM_BRIDGE: NumPy backend (CPU (NumPy backend), 47.7 GB RAM available)
[2026-07-01 07:57:40][INFO] SIM_BRIDGE: Initializing simulation data for model: IZHIKEVICH (3D)... (playback_init: False)
[2026-07-01 07:57:40][INFO] SIM_BRIDGE: RNG initialized with seed: 42
[2026-07-01 07:57:40][INFO] SIM_BRIDGE: Initializing Izhikevich model specifics for 126 neurons...
[2026-07-01 07:57:40][INFO] SIM_BRIDGE: Applying parameter heterogeneity to neuron parameters...
[2026-07-01 07:57:40][INFO] SIM_BRIDGE: Applied heterogeneity to 4 parameters.
[2026-07-01 07:57:40][INFO] SIM_BRIDGE: Initializing OU process state (tau=15.0ms, sigma=20.0pA)...
[2026-07-01 07:57:40][INFO] SIM_BRIDGE: Generating 3D neuron positions for 126 neurons...
[2026-07-01 07:57:40][INFO] SIM_BRIDGE: Generating connections (3D)...
[2026-07-01 07:57:40][INFO] SIM_BRIDGE: Simulation data initialized for 126 neurons (3D). Synapses: 0. GPU memory: 22.7GB/51.2GB (44.3%)
[2026-07-01 07:57:40][INFO] SIM_BRIDGE: inject_explicit_wiring: installed 720 synapses across 1 populations.
[2026-07-01 07:57:43][INFO] SIM_BRIDGE: NumPy backend (CPU (NumPy backend), 47.7 GB RAM available)
[2026-07-01 07:57:43][INFO] SIM_BRIDGE: Initializing simulation data for model: IZHIKEVICH (3D)... (playback_init: False)
[2026-07-01 07:57:43][INFO] SIM_BRIDGE: Brain-region framework: 2 regions, 484 total neurons, 0 pathways.
[2026-07-01 07:57:43][INFO] SIM_BRIDGE: RNG initialized with seed: 42
[2026-07-01 07:57:43][INFO] SIM_BRIDGE: Initializing Izhikevich model specifics for 484 neurons...
[2026-07-01 07:57:43][INFO] SIM_BRIDGE: Applying parameter heterogeneity to neuron parameters...
[2026-07-01 07:57:43][INFO] SIM_BRIDGE: Applied heterogeneity to 4 parameters.
[2026-07-01 07:57:43][INFO] SIM_BRIDGE: Generating 3D neuron positions for 484 neurons...
[2026-07-01 07:57:43][INFO] SIM_BRIDGE: Generating connections (brain-region framework)...
[2026-07-01 07:57:43][WARNING] SIM_BRIDGE: No trait info available; all synapses default to E->E STP type.
[2026-07-01 07:57:43][INFO] SIM_BRIDGE: inject_explicit_wiring: installed 12 synapses across 1 populations.
[2026-07-01 07:57:43][INFO] SIM_BRIDGE: Initializing STP state for 12 synapses (capacity: 18)...
[2026-07-01 07:57:43][INFO] SIM_BRIDGE: Initializing eligibility traces for 12 synapses (capacity: 18, dtype: float32)...
[2026-07-01 07:57:43][WARNING] SIM_BRIDGE: No trait info available; all synapses default to E->E STP type.
[2026-07-01 07:57:43][INFO] SIM_BRIDGE: Initializing structural plasticity state...
[2026-07-01 07:57:43][INFO] SIM_BRIDGE: Simulation data initialized for 484 neurons (3D). Synapses: 12. GPU memory: 22.8GB/51.2GB (44.4%)
[2026-07-01 07:57:43][INFO] SIM_BRIDGE: NumPy backend (CPU (NumPy backend), 47.7 GB RAM available)
[2026-07-01 07:57:43][INFO] SIM_BRIDGE: Initializing simulation data for model: IZHIKEVICH (3D)... (playback_init: False)
[2026-07-01 07:57:43][INFO] SIM_BRIDGE: RNG initialized with seed: 42
[2026-07-01 07:57:43][INFO] SIM_BRIDGE: Initializing Izhikevich model specifics for 224 neurons...
[2026-07-01 07:57:43][INFO] SIM_BRIDGE: Applying parameter heterogeneity to neuron parameters...
[2026-07-01 07:57:43][INFO] SIM_BRIDGE: Applied heterogeneity to 4 parameters.
[2026-07-01 07:57:43][INFO] SIM_BRIDGE: Initializing OU process state (tau=15.0ms, sigma=20.0pA)...
[2026-07-01 07:57:43][INFO] SIM_BRIDGE: Generating 3D neuron positions for 224 neurons...
[2026-07-01 07:57:43][INFO] SIM_BRIDGE: Generating connections (3D)...
[2026-07-01 07:57:43][INFO] SIM_BRIDGE: Simulation data initialized for 224 neurons (3D). Synapses: 0. GPU memory: 22.8GB/51.2GB (44.4%)
[2026-07-01 07:57:43][INFO] SIM_BRIDGE: inject_explicit_wiring: installed 4800 synapses across 1 populations.
[2026-07-01 07:57:47][INFO] SIM_BRIDGE: NumPy backend (CPU (NumPy backend), 47.7 GB RAM available)
[2026-07-01 07:57:47][INFO] SIM_BRIDGE: Initializing simulation data for model: IZHIKEVICH (3D)... (playback_init: False)
[2026-07-01 07:57:47][INFO] SIM_BRIDGE: RNG initialized with seed: 42
[2026-07-01 07:57:47][INFO] SIM_BRIDGE: Initializing Izhikevich model specifics for 256 neurons...
[2026-07-01 07:57:47][INFO] SIM_BRIDGE: Applying parameter heterogeneity to neuron parameters...
[2026-07-01 07:57:47][INFO] SIM_BRIDGE: Applied heterogeneity to 4 parameters.
[2026-07-01 07:57:47][INFO] SIM_BRIDGE: Initializing OU process state (tau=15.0ms, sigma=0.0pA)...
[2026-07-01 07:57:47][INFO] SIM_BRIDGE: Generating 3D neuron positions for 256 neurons...
[2026-07-01 07:57:47][INFO] SIM_BRIDGE: Generating connections (3D)...
[2026-07-01 07:57:47][INFO] SIM_BRIDGE: Simulation data initialized for 256 neurons (3D). Synapses: 0. GPU memory: 22.8GB/51.2GB (44.4%)
[2026-07-01 07:57:47][INFO] SIM_BRIDGE: NumPy backend (CPU (NumPy backend), 47.7 GB RAM available)
[2026-07-01 07:57:47][INFO] SIM_BRIDGE: Initializing simulation data for model: IZHIKEVICH (3D)... (playback_init: False)
[2026-07-01 07:57:47][INFO] SIM_BRIDGE: RNG initialized with seed: 42
[2026-07-01 07:57:47][INFO] SIM_BRIDGE: Initializing Izhikevich model specifics for 640 neurons...
[2026-07-01 07:57:47][INFO] SIM_BRIDGE: Applying parameter heterogeneity to neuron parameters...
[2026-07-01 07:57:47][INFO] SIM_BRIDGE: Applied heterogeneity to 4 parameters.
[2026-07-01 07:57:47][INFO] SIM_BRIDGE: Initializing OU process state (tau=15.0ms, sigma=0.0pA)...
[2026-07-01 07:57:47][INFO] SIM_BRIDGE: Generating 3D neuron positions for 640 neurons...
[2026-07-01 07:57:47][INFO] SIM_BRIDGE: Generating connections (3D)...
[2026-07-01 07:57:47][INFO] SIM_BRIDGE: Simulation data initialized for 640 neurons (3D). Synapses: 0. GPU memory: 22.8GB/51.2GB (44.4%)
[2026-07-01 07:57:48][INFO] SIM_BRIDGE: NumPy backend (CPU (NumPy backend), 47.7 GB RAM available)
[2026-07-01 07:57:48][INFO] SIM_BRIDGE: Initializing simulation data for model: IZHIKEVICH (3D)... (playback_init: False)
[2026-07-01 07:57:48][INFO] SIM_BRIDGE: RNG initialized with seed: 42
[2026-07-01 07:57:48][INFO] SIM_BRIDGE: Initializing Izhikevich model specifics for 512 neurons...
[2026-07-01 07:57:48][INFO] SIM_BRIDGE: Applying parameter heterogeneity to neuron parameters...
[2026-07-01 07:57:48][INFO] SIM_BRIDGE: Applied heterogeneity to 4 parameters.
[2026-07-01 07:57:48][INFO] SIM_BRIDGE: Initializing OU process state (tau=15.0ms, sigma=0.0pA)...
[2026-07-01 07:57:48][INFO] SIM_BRIDGE: Generating 3D neuron positions for 512 neurons...
[2026-07-01 07:57:48][INFO] SIM_BRIDGE: Generating connections (3D)...
[2026-07-01 07:57:48][INFO] SIM_BRIDGE: Simulation data initialized for 512 neurons (3D). Synapses: 0. GPU memory: 22.8GB/51.2GB (44.4%)
[2026-07-01 07:57:49][INFO] SIM_BRIDGE: NumPy backend (CPU (NumPy backend), 47.7 GB RAM available)
[2026-07-01 07:57:49][INFO] SIM_BRIDGE: Initializing simulation data for model: IZHIKEVICH (3D)... (playback_init: False)
[2026-07-01 07:57:49][INFO] SIM_BRIDGE: RNG initialized with seed: 42
[2026-07-01 07:57:49][INFO] SIM_BRIDGE: Initializing Izhikevich model specifics for 8704 neurons...
[2026-07-01 07:57:49][INFO] SIM_BRIDGE: Applying parameter heterogeneity to neuron parameters...
[2026-07-01 07:57:49][INFO] SIM_BRIDGE: Applied heterogeneity to 4 parameters.
[2026-07-01 07:57:49][INFO] SIM_BRIDGE: Initializing OU process state (tau=15.0ms, sigma=0.0pA)...
[2026-07-01 07:57:49][INFO] SIM_BRIDGE: Generating 3D neuron positions for 8704 neurons...
[2026-07-01 07:57:49][INFO] SIM_BRIDGE: Generating connections (3D)...
[2026-07-01 07:57:49][INFO] SIM_BRIDGE: Simulation data initialized for 8704 neurons (3D). Synapses: 0. GPU memory: 22.8GB/51.2GB (44.5%)
  [seed 42] fluid+grounded 0/5 | drift-caught 3/3 | untaught-abstain 3/3 | ungrounded asserted: grounded-path 4 vs free-baseline 0
[2026-07-01 07:57:52][INFO] SIM_BRIDGE: NumPy backend (CPU (NumPy backend), 47.7 GB RAM available)
[2026-07-01 07:57:52][INFO] SIM_BRIDGE: Initializing simulation data for model: IZHIKEVICH (3D)... (playback_init: False)
[2026-07-01 07:57:52][INFO] SIM_BRIDGE: RNG initialized with seed: 43
[2026-07-01 07:57:52][INFO] SIM_BRIDGE: Initializing Izhikevich model specifics for 126 neurons...
[2026-07-01 07:57:52][INFO] SIM_BRIDGE: Applying parameter heterogeneity to neuron parameters...
[2026-07-01 07:57:52][INFO] SIM_BRIDGE: Applied heterogeneity to 4 parameters.
[2026-07-01 07:57:52][INFO] SIM_BRIDGE: Initializing OU process state (tau=15.0ms, sigma=20.0pA)...
[2026-07-01 07:57:52][INFO] SIM_BRIDGE: Generating 3D neuron positions for 126 neurons...
[2026-07-01 07:57:52][INFO] SIM_BRIDGE: Generating connections (3D)...
[2026-07-01 07:57:52][INFO] SIM_BRIDGE: Simulation data initialized for 126 neurons (3D). Synapses: 0. GPU memory: 23.1GB/51.2GB (45.1%)
[2026-07-01 07:57:52][INFO] SIM_BRIDGE: inject_explicit_wiring: installed 720 synapses across 1 populations.
[2026-07-01 07:57:54][INFO] SIM_BRIDGE: NumPy backend (CPU (NumPy backend), 47.7 GB RAM available)
[2026-07-01 07:57:54][INFO] SIM_BRIDGE: Initializing simulation data for model: IZHIKEVICH (3D)... (playback_init: False)
[2026-07-01 07:57:54][INFO] SIM_BRIDGE: Brain-region framework: 2 regions, 484 total neurons, 0 pathways.
[2026-07-01 07:57:54][INFO] SIM_BRIDGE: RNG initialized with seed: 43
[2026-07-01 07:57:54][INFO] SIM_BRIDGE: Initializing Izhikevich model specifics for 484 neurons...
[2026-07-01 07:57:54][INFO] SIM_BRIDGE: Applying parameter heterogeneity to neuron parameters...
[2026-07-01 07:57:54][INFO] SIM_BRIDGE: Applied heterogeneity to 4 parameters.
[2026-07-01 07:57:54][INFO] SIM_BRIDGE: Generating 3D neuron positions for 484 neurons...
[2026-07-01 07:57:54][INFO] SIM_BRIDGE: Generating connections (brain-region framework)...
[2026-07-01 07:57:54][WARNING] SIM_BRIDGE: No trait info available; all synapses default to E->E STP type.
[2026-07-01 07:57:54][INFO] SIM_BRIDGE: inject_explicit_wiring: installed 12 synapses across 1 populations.
[2026-07-01 07:57:54][INFO] SIM_BRIDGE: Initializing STP state for 12 synapses (capacity: 18)...
[2026-07-01 07:57:54][INFO] SIM_BRIDGE: Initializing eligibility traces for 12 synapses (capacity: 18, dtype: float32)...
[2026-07-01 07:57:54][WARNING] SIM_BRIDGE: No trait info available; all synapses default to E->E STP type.
[2026-07-01 07:57:54][INFO] SIM_BRIDGE: Initializing structural plasticity state...
[2026-07-01 07:57:54][INFO] SIM_BRIDGE: Simulation data initialized for 484 neurons (3D). Synapses: 12. GPU memory: 23.1GB/51.2GB (45.2%)
[2026-07-01 07:57:54][INFO] SIM_BRIDGE: NumPy backend (CPU (NumPy backend), 47.7 GB RAM available)
[2026-07-01 07:57:54][INFO] SIM_BRIDGE: Initializing simulation data for model: IZHIKEVICH (3D)... (playback_init: False)
[2026-07-01 07:57:54][INFO] SIM_BRIDGE: RNG initialized with seed: 43
[2026-07-01 07:57:54][INFO] SIM_BRIDGE: Initializing Izhikevich model specifics for 224 neurons...
[2026-07-01 07:57:54][INFO] SIM_BRIDGE: Applying parameter heterogeneity to neuron parameters...
[2026-07-01 07:57:54][INFO] SIM_BRIDGE: Applied heterogeneity to 4 parameters.
[2026-07-01 07:57:54][INFO] SIM_BRIDGE: Initializing OU process state (tau=15.0ms, sigma=20.0pA)...
[2026-07-01 07:57:54][INFO] SIM_BRIDGE: Generating 3D neuron positions for 224 neurons...
[2026-07-01 07:57:54][INFO] SIM_BRIDGE: Generating connections (3D)...
[2026-07-01 07:57:54][INFO] SIM_BRIDGE: Simulation data initialized for 224 neurons (3D). Synapses: 0. GPU memory: 23.1GB/51.2GB (45.2%)
[2026-07-01 07:57:54][INFO] SIM_BRIDGE: inject_explicit_wiring: installed 4800 synapses across 1 populations.
[2026-07-01 07:57:58][INFO] SIM_BRIDGE: NumPy backend (CPU (NumPy backend), 47.7 GB RAM available)
[2026-07-01 07:57:58][INFO] SIM_BRIDGE: Initializing simulation data for model: IZHIKEVICH (3D)... (playback_init: False)
[2026-07-01 07:57:58][INFO] SIM_BRIDGE: RNG initialized with seed: 43
[2026-07-01 07:57:58][INFO] SIM_BRIDGE: Initializing Izhikevich model specifics for 256 neurons...
[2026-07-01 07:57:58][INFO] SIM_BRIDGE: Applying parameter heterogeneity to neuron parameters...
[2026-07-01 07:57:58][INFO] SIM_BRIDGE: Applied heterogeneity to 4 parameters.
[2026-07-01 07:57:58][INFO] SIM_BRIDGE: Initializing OU process state (tau=15.0ms, sigma=0.0pA)...
[2026-07-01 07:57:58][INFO] SIM_BRIDGE: Generating 3D neuron positions for 256 neurons...
[2026-07-01 07:57:58][INFO] SIM_BRIDGE: Generating connections (3D)...
[2026-07-01 07:57:58][INFO] SIM_BRIDGE: Simulation data initialized for 256 neurons (3D). Synapses: 0. GPU memory: 23.1GB/51.2GB (45.1%)
[2026-07-01 07:57:58][INFO] SIM_BRIDGE: NumPy backend (CPU (NumPy backend), 47.7 GB RAM available)
[2026-07-01 07:57:58][INFO] SIM_BRIDGE: Initializing simulation data for model: IZHIKEVICH (3D)... (playback_init: False)
[2026-07-01 07:57:58][INFO] SIM_BRIDGE: RNG initialized with seed: 43
[2026-07-01 07:57:58][INFO] SIM_BRIDGE: Initializing Izhikevich model specifics for 640 neurons...
[2026-07-01 07:57:58][INFO] SIM_BRIDGE: Applying parameter heterogeneity to neuron parameters...
[2026-07-01 07:57:58][INFO] SIM_BRIDGE: Applied heterogeneity to 4 parameters.
[2026-07-01 07:57:58][INFO] SIM_BRIDGE: Initializing OU process state (tau=15.0ms, sigma=0.0pA)...
[2026-07-01 07:57:58][INFO] SIM_BRIDGE: Generating 3D neuron positions for 640 neurons...
[2026-07-01 07:57:58][INFO] SIM_BRIDGE: Generating connections (3D)...
[2026-07-01 07:57:58][INFO] SIM_BRIDGE: Simulation data initialized for 640 neurons (3D). Synapses: 0. GPU memory: 23.1GB/51.2GB (45.1%)
[2026-07-01 07:58:00][INFO] SIM_BRIDGE: NumPy backend (CPU (NumPy backend), 47.7 GB RAM available)
[2026-07-01 07:58:00][INFO] SIM_BRIDGE: Initializing simulation data for model: IZHIKEVICH (3D)... (playback_init: False)
[2026-07-01 07:58:00][INFO] SIM_BRIDGE: RNG initialized with seed: 43
[2026-07-01 07:58:00][INFO] SIM_BRIDGE: Initializing Izhikevich model specifics for 512 neurons...
[2026-07-01 07:58:00][INFO] SIM_BRIDGE: Applying parameter heterogeneity to neuron parameters...
[2026-07-01 07:58:00][INFO] SIM_BRIDGE: Applied heterogeneity to 4 parameters.
[2026-07-01 07:58:00][INFO] SIM_BRIDGE: Initializing OU process state (tau=15.0ms, sigma=0.0pA)...
[2026-07-01 07:58:00][INFO] SIM_BRIDGE: Generating 3D neuron positions for 512 neurons...
[2026-07-01 07:58:00][INFO] SIM_BRIDGE: Generating connections (3D)...
[2026-07-01 07:58:00][INFO] SIM_BRIDGE: Simulation data initialized for 512 neurons (3D). Synapses: 0. GPU memory: 23.1GB/51.2GB (45.2%)
[2026-07-01 07:58:00][INFO] SIM_BRIDGE: NumPy backend (CPU (NumPy backend), 47.7 GB RAM available)
[2026-07-01 07:58:00][INFO] SIM_BRIDGE: Initializing simulation data for model: IZHIKEVICH (3D)... (playback_init: False)
[2026-07-01 07:58:00][INFO] SIM_BRIDGE: RNG initialized with seed: 43
[2026-07-01 07:58:00][INFO] SIM_BRIDGE: Initializing Izhikevich model specifics for 8704 neurons...
[2026-07-01 07:58:00][INFO] SIM_BRIDGE: Applying parameter heterogeneity to neuron parameters...
[2026-07-01 07:58:00][INFO] SIM_BRIDGE: Applied heterogeneity to 4 parameters.
[2026-07-01 07:58:00][INFO] SIM_BRIDGE: Initializing OU process state (tau=15.0ms, sigma=0.0pA)...
[2026-07-01 07:58:00][INFO] SIM_BRIDGE: Generating 3D neuron positions for 8704 neurons...
[2026-07-01 07:58:00][INFO] SIM_BRIDGE: Generating connections (3D)...
[2026-07-01 07:58:00][INFO] SIM_BRIDGE: Simulation data initialized for 8704 neurons (3D). Synapses: 0. GPU memory: 23.1GB/51.2GB (45.1%)
  [seed 43] fluid+grounded 0/5 | drift-caught 3/3 | untaught-abstain 3/3 | ungrounded asserted: grounded-path 4 vs free-baseline 0
[2026-07-01 07:58:04][INFO] SIM_BRIDGE: NumPy backend (CPU (NumPy backend), 47.7 GB RAM available)
[2026-07-01 07:58:04][INFO] SIM_BRIDGE: Initializing simulation data for model: IZHIKEVICH (3D)... (playback_init: False)
[2026-07-01 07:58:04][INFO] SIM_BRIDGE: RNG initialized with seed: 44
[2026-07-01 07:58:04][INFO] SIM_BRIDGE: Initializing Izhikevich model specifics for 126 neurons...
[2026-07-01 07:58:04][INFO] SIM_BRIDGE: Applying parameter heterogeneity to neuron parameters...
[2026-07-01 07:58:04][INFO] SIM_BRIDGE: Applied heterogeneity to 4 parameters.
[2026-07-01 07:58:04][INFO] SIM_BRIDGE: Initializing OU process state (tau=15.0ms, sigma=20.0pA)...
[2026-07-01 07:58:04][INFO] SIM_BRIDGE: Generating 3D neuron positions for 126 neurons...
[2026-07-01 07:58:04][INFO] SIM_BRIDGE: Generating connections (3D)...
[2026-07-01 07:58:04][INFO] SIM_BRIDGE: Simulation data initialized for 126 neurons (3D). Synapses: 0. GPU memory: 23.1GB/51.2GB (45.1%)
[2026-07-01 07:58:04][INFO] SIM_BRIDGE: inject_explicit_wiring: installed 720 synapses across 1 populations.
[2026-07-01 07:58:06][INFO] SIM_BRIDGE: NumPy backend (CPU (NumPy backend), 47.7 GB RAM available)
[2026-07-01 07:58:06][INFO] SIM_BRIDGE: Initializing simulation data for model: IZHIKEVICH (3D)... (playback_init: False)
[2026-07-01 07:58:06][INFO] SIM_BRIDGE: Brain-region framework: 2 regions, 484 total neurons, 0 pathways.
[2026-07-01 07:58:06][INFO] SIM_BRIDGE: RNG initialized with seed: 44
[2026-07-01 07:58:06][INFO] SIM_BRIDGE: Initializing Izhikevich model specifics for 484 neurons...
[2026-07-01 07:58:06][INFO] SIM_BRIDGE: Applying parameter heterogeneity to neuron parameters...
[2026-07-01 07:58:06][INFO] SIM_BRIDGE: Applied heterogeneity to 4 parameters.
[2026-07-01 07:58:06][INFO] SIM_BRIDGE: Generating 3D neuron positions for 484 neurons...
[2026-07-01 07:58:06][INFO] SIM_BRIDGE: Generating connections (brain-region framework)...
[2026-07-01 07:58:06][WARNING] SIM_BRIDGE: No trait info available; all synapses default to E->E STP type.
[2026-07-01 07:58:06][INFO] SIM_BRIDGE: inject_explicit_wiring: installed 12 synapses across 1 populations.
[2026-07-01 07:58:06][INFO] SIM_BRIDGE: Initializing STP state for 12 synapses (capacity: 18)...
[2026-07-01 07:58:06][INFO] SIM_BRIDGE: Initializing eligibility traces for 12 synapses (capacity: 18, dtype: float32)...
[2026-07-01 07:58:06][WARNING] SIM_BRIDGE: No trait info available; all synapses default to E->E STP type.
[2026-07-01 07:58:06][INFO] SIM_BRIDGE: Initializing structural plasticity state...
[2026-07-01 07:58:06][INFO] SIM_BRIDGE: Simulation data initialized for 484 neurons (3D). Synapses: 12. GPU memory: 23.1GB/51.2GB (45.1%)
[2026-07-01 07:58:06][INFO] SIM_BRIDGE: NumPy backend (CPU (NumPy backend), 47.7 GB RAM available)
[2026-07-01 07:58:06][INFO] SIM_BRIDGE: Initializing simulation data for model: IZHIKEVICH (3D)... (playback_init: False)
[2026-07-01 07:58:06][INFO] SIM_BRIDGE: RNG initialized with seed: 44
[2026-07-01 07:58:06][INFO] SIM_BRIDGE: Initializing Izhikevich model specifics for 224 neurons...
[2026-07-01 07:58:06][INFO] SIM_BRIDGE: Applying parameter heterogeneity to neuron parameters...
[2026-07-01 07:58:06][INFO] SIM_BRIDGE: Applied heterogeneity to 4 parameters.
[2026-07-01 07:58:06][INFO] SIM_BRIDGE: Initializing OU process state (tau=15.0ms, sigma=20.0pA)...
[2026-07-01 07:58:06][INFO] SIM_BRIDGE: Generating 3D neuron positions for 224 neurons...
[2026-07-01 07:58:06][INFO] SIM_BRIDGE: Generating connections (3D)...
[2026-07-01 07:58:06][INFO] SIM_BRIDGE: Simulation data initialized for 224 neurons (3D). Synapses: 0. GPU memory: 23.1GB/51.2GB (45.1%)
[2026-07-01 07:58:06][INFO] SIM_BRIDGE: inject_explicit_wiring: installed 4800 synapses across 1 populations.
[2026-07-01 07:58:10][INFO] SIM_BRIDGE: NumPy backend (CPU (NumPy backend), 47.7 GB RAM available)
[2026-07-01 07:58:10][INFO] SIM_BRIDGE: Initializing simulation data for model: IZHIKEVICH (3D)... (playback_init: False)
[2026-07-01 07:58:10][INFO] SIM_BRIDGE: RNG initialized with seed: 44
[2026-07-01 07:58:10][INFO] SIM_BRIDGE: Initializing Izhikevich model specifics for 256 neurons...
[2026-07-01 07:58:10][INFO] SIM_BRIDGE: Applying parameter heterogeneity to neuron parameters...
[2026-07-01 07:58:10][INFO] SIM_BRIDGE: Applied heterogeneity to 4 parameters.
[2026-07-01 07:58:10][INFO] SIM_BRIDGE: Initializing OU process state (tau=15.0ms, sigma=0.0pA)...
[2026-07-01 07:58:10][INFO] SIM_BRIDGE: Generating 3D neuron positions for 256 neurons...
[2026-07-01 07:58:10][INFO] SIM_BRIDGE: Generating connections (3D)...
[2026-07-01 07:58:10][INFO] SIM_BRIDGE: Simulation data initialized for 256 neurons (3D). Synapses: 0. GPU memory: 23.1GB/51.2GB (45.2%)
[2026-07-01 07:58:10][INFO] SIM_BRIDGE: NumPy backend (CPU (NumPy backend), 47.7 GB RAM available)
[2026-07-01 07:58:10][INFO] SIM_BRIDGE: Initializing simulation data for model: IZHIKEVICH (3D)... (playback_init: False)
[2026-07-01 07:58:10][INFO] SIM_BRIDGE: RNG initialized with seed: 44
[2026-07-01 07:58:10][INFO] SIM_BRIDGE: Initializing Izhikevich model specifics for 640 neurons...
[2026-07-01 07:58:10][INFO] SIM_BRIDGE: Applying parameter heterogeneity to neuron parameters...
[2026-07-01 07:58:10][INFO] SIM_BRIDGE: Applied heterogeneity to 4 parameters.
[2026-07-01 07:58:10][INFO] SIM_BRIDGE: Initializing OU process state (tau=15.0ms, sigma=0.0pA)...
[2026-07-01 07:58:10][INFO] SIM_BRIDGE: Generating 3D neuron positions for 640 neurons...
[2026-07-01 07:58:10][INFO] SIM_BRIDGE: Generating connections (3D)...
[2026-07-01 07:58:10][INFO] SIM_BRIDGE: Simulation data initialized for 640 neurons (3D). Synapses: 0. GPU memory: 23.1GB/51.2GB (45.2%)
[2026-07-01 07:58:11][INFO] SIM_BRIDGE: NumPy backend (CPU (NumPy backend), 47.7 GB RAM available)
[2026-07-01 07:58:11][INFO] SIM_BRIDGE: Initializing simulation data for model: IZHIKEVICH (3D)... (playback_init: False)
[2026-07-01 07:58:11][INFO] SIM_BRIDGE: RNG initialized with seed: 44
[2026-07-01 07:58:11][INFO] SIM_BRIDGE: Initializing Izhikevich model specifics for 512 neurons...
[2026-07-01 07:58:11][INFO] SIM_BRIDGE: Applying parameter heterogeneity to neuron parameters...
[2026-07-01 07:58:11][INFO] SIM_BRIDGE: Applied heterogeneity to 4 parameters.
[2026-07-01 07:58:11][INFO] SIM_BRIDGE: Initializing OU process state (tau=15.0ms, sigma=0.0pA)...
[2026-07-01 07:58:11][INFO] SIM_BRIDGE: Generating 3D neuron positions for 512 neurons...
[2026-07-01 07:58:11][INFO] SIM_BRIDGE: Generating connections (3D)...
[2026-07-01 07:58:11][INFO] SIM_BRIDGE: Simulation data initialized for 512 neurons (3D). Synapses: 0. GPU memory: 23.1GB/51.2GB (45.1%)
[2026-07-01 07:58:12][INFO] SIM_BRIDGE: NumPy backend (CPU (NumPy backend), 47.7 GB RAM available)
[2026-07-01 07:58:12][INFO] SIM_BRIDGE: Initializing simulation data for model: IZHIKEVICH (3D)... (playback_init: False)
[2026-07-01 07:58:12][INFO] SIM_BRIDGE: RNG initialized with seed: 44
[2026-07-01 07:58:12][INFO] SIM_BRIDGE: Initializing Izhikevich model specifics for 8704 neurons...
[2026-07-01 07:58:12][INFO] SIM_BRIDGE: Applying parameter heterogeneity to neuron parameters...
[2026-07-01 07:58:12][INFO] SIM_BRIDGE: Applied heterogeneity to 4 parameters.
[2026-07-01 07:58:12][INFO] SIM_BRIDGE: Initializing OU process state (tau=15.0ms, sigma=0.0pA)...
[2026-07-01 07:58:12][INFO] SIM_BRIDGE: Generating 3D neuron positions for 8704 neurons...
[2026-07-01 07:58:12][INFO] SIM_BRIDGE: Generating connections (3D)...
[2026-07-01 07:58:12][INFO] SIM_BRIDGE: Simulation data initialized for 8704 neurons (3D). Synapses: 0. GPU memory: 23.1GB/51.2GB (45.1%)
  [seed 44] fluid+grounded 0/5 | drift-caught 3/3 | untaught-abstain 3/3 | ungrounded asserted: grounded-path 4 vs free-baseline 0

============================================================================================================
[phase1] VERDICT: HONEST/PARTIAL -- fluid+grounded [0, 0, 0]/[5, 5, 5] (continuation degenerate or asserted ungrounded known-entity fact); constraint NOT load-bearing (free baseline drifts <= grounded path)
[phase1] wrote E:\Documents\Projects\sim\research\findings\raw\_fluidconv_phase1_grounded_continuation.json
============================================================================================================
