[2026-07-01 12:25:21][INFO] SIM_BRIDGE: NumPy backend (CPU (NumPy backend), 47.7 GB RAM available)
[2026-07-01 12:25:21][INFO] SIM_BRIDGE: Initializing simulation data for model: IZHIKEVICH (3D)... (playback_init: False)
[2026-07-01 12:25:21][INFO] SIM_BRIDGE: RNG initialized with seed: 42
[2026-07-01 12:25:21][INFO] SIM_BRIDGE: Initializing Izhikevich model specifics for 126 neurons...
[2026-07-01 12:25:21][INFO] SIM_BRIDGE: Applying parameter heterogeneity to neuron parameters...
[2026-07-01 12:25:21][INFO] SIM_BRIDGE: Applied heterogeneity to 4 parameters.
[2026-07-01 12:25:21][INFO] SIM_BRIDGE: Initializing OU process state (tau=15.0ms, sigma=20.0pA)...
[2026-07-01 12:25:21][INFO] SIM_BRIDGE: Generating 3D neuron positions for 126 neurons...
[2026-07-01 12:25:21][INFO] SIM_BRIDGE: Generating connections (3D)...
[2026-07-01 12:25:21][INFO] SIM_BRIDGE: Simulation data initialized for 126 neurons (3D). Synapses: 0. GPU memory: 23.8GB/51.2GB (46.4%)
[2026-07-01 12:25:21][INFO] SIM_BRIDGE: inject_explicit_wiring: installed 720 synapses across 1 populations.
[2026-07-01 12:25:24][INFO] SIM_BRIDGE: NumPy backend (CPU (NumPy backend), 47.7 GB RAM available)
[2026-07-01 12:25:24][INFO] SIM_BRIDGE: Initializing simulation data for model: IZHIKEVICH (3D)... (playback_init: False)
[2026-07-01 12:25:24][INFO] SIM_BRIDGE: Brain-region framework: 2 regions, 484 total neurons, 0 pathways.
[2026-07-01 12:25:24][INFO] SIM_BRIDGE: RNG initialized with seed: 42
[2026-07-01 12:25:24][INFO] SIM_BRIDGE: Initializing Izhikevich model specifics for 484 neurons...
[2026-07-01 12:25:24][INFO] SIM_BRIDGE: Applying parameter heterogeneity to neuron parameters...
[2026-07-01 12:25:24][INFO] SIM_BRIDGE: Applied heterogeneity to 4 parameters.
[2026-07-01 12:25:24][INFO] SIM_BRIDGE: Generating 3D neuron positions for 484 neurons...
[2026-07-01 12:25:24][INFO] SIM_BRIDGE: Generating connections (brain-region framework)...
[2026-07-01 12:25:24][WARNING] SIM_BRIDGE: No trait info available; all synapses default to E->E STP type.
[2026-07-01 12:25:24][INFO] SIM_BRIDGE: inject_explicit_wiring: installed 12 synapses across 1 populations.
[2026-07-01 12:25:24][INFO] SIM_BRIDGE: Initializing STP state for 12 synapses (capacity: 18)...
[2026-07-01 12:25:24][INFO] SIM_BRIDGE: Initializing eligibility traces for 12 synapses (capacity: 18, dtype: float32)...
[2026-07-01 12:25:24][WARNING] SIM_BRIDGE: No trait info available; all synapses default to E->E STP type.
[2026-07-01 12:25:24][INFO] SIM_BRIDGE: Initializing structural plasticity state...
[2026-07-01 12:25:24][INFO] SIM_BRIDGE: Simulation data initialized for 484 neurons (3D). Synapses: 12. GPU memory: 23.8GB/51.2GB (46.4%)
[2026-07-01 12:25:24][INFO] SIM_BRIDGE: NumPy backend (CPU (NumPy backend), 47.7 GB RAM available)
[2026-07-01 12:25:24][INFO] SIM_BRIDGE: Initializing simulation data for model: IZHIKEVICH (3D)... (playback_init: False)
[2026-07-01 12:25:24][INFO] SIM_BRIDGE: RNG initialized with seed: 42
[2026-07-01 12:25:24][INFO] SIM_BRIDGE: Initializing Izhikevich model specifics for 224 neurons...
[2026-07-01 12:25:24][INFO] SIM_BRIDGE: Applying parameter heterogeneity to neuron parameters...
[2026-07-01 12:25:24][INFO] SIM_BRIDGE: Applied heterogeneity to 4 parameters.
[2026-07-01 12:25:24][INFO] SIM_BRIDGE: Initializing OU process state (tau=15.0ms, sigma=20.0pA)...
[2026-07-01 12:25:24][INFO] SIM_BRIDGE: Generating 3D neuron positions for 224 neurons...
[2026-07-01 12:25:24][INFO] SIM_BRIDGE: Generating connections (3D)...
[2026-07-01 12:25:24][INFO] SIM_BRIDGE: Simulation data initialized for 224 neurons (3D). Synapses: 0. GPU memory: 23.8GB/51.2GB (46.4%)
[2026-07-01 12:25:24][INFO] SIM_BRIDGE: inject_explicit_wiring: installed 4800 synapses across 1 populations.
[2026-07-01 12:25:28][INFO] SIM_BRIDGE: NumPy backend (CPU (NumPy backend), 47.7 GB RAM available)
[2026-07-01 12:25:28][INFO] SIM_BRIDGE: Initializing simulation data for model: IZHIKEVICH (3D)... (playback_init: False)
[2026-07-01 12:25:28][INFO] SIM_BRIDGE: RNG initialized with seed: 42
[2026-07-01 12:25:28][INFO] SIM_BRIDGE: Initializing Izhikevich model specifics for 512 neurons...
[2026-07-01 12:25:28][INFO] SIM_BRIDGE: Applying parameter heterogeneity to neuron parameters...
[2026-07-01 12:25:28][INFO] SIM_BRIDGE: Applied heterogeneity to 4 parameters.
[2026-07-01 12:25:28][INFO] SIM_BRIDGE: Initializing OU process state (tau=15.0ms, sigma=0.0pA)...
[2026-07-01 12:25:28][INFO] SIM_BRIDGE: Generating 3D neuron positions for 512 neurons...
[2026-07-01 12:25:28][INFO] SIM_BRIDGE: Generating connections (3D)...
[2026-07-01 12:25:28][INFO] SIM_BRIDGE: Simulation data initialized for 512 neurons (3D). Synapses: 0. GPU memory: 23.8GB/51.2GB (46.5%)
[2026-07-01 12:25:28][INFO] SIM_BRIDGE: NumPy backend (CPU (NumPy backend), 47.7 GB RAM available)
[2026-07-01 12:25:28][INFO] SIM_BRIDGE: Initializing simulation data for model: IZHIKEVICH (3D)... (playback_init: False)
[2026-07-01 12:25:28][INFO] SIM_BRIDGE: RNG initialized with seed: 42
[2026-07-01 12:25:28][INFO] SIM_BRIDGE: Initializing Izhikevich model specifics for 1024 neurons...
[2026-07-01 12:25:28][INFO] SIM_BRIDGE: Applying parameter heterogeneity to neuron parameters...
[2026-07-01 12:25:28][INFO] SIM_BRIDGE: Applied heterogeneity to 4 parameters.
[2026-07-01 12:25:28][INFO] SIM_BRIDGE: Initializing OU process state (tau=15.0ms, sigma=0.0pA)...
[2026-07-01 12:25:28][INFO] SIM_BRIDGE: Generating 3D neuron positions for 1024 neurons...
[2026-07-01 12:25:28][INFO] SIM_BRIDGE: Generating connections (3D)...
[2026-07-01 12:25:28][INFO] SIM_BRIDGE: Simulation data initialized for 1024 neurons (3D). Synapses: 0. GPU memory: 23.8GB/51.2GB (46.5%)
[2026-07-01 12:25:28][INFO] SIM_BRIDGE: NumPy backend (CPU (NumPy backend), 47.7 GB RAM available)
[2026-07-01 12:25:28][INFO] SIM_BRIDGE: Initializing simulation data for model: IZHIKEVICH (3D)... (playback_init: False)
[2026-07-01 12:25:28][INFO] SIM_BRIDGE: RNG initialized with seed: 42
[2026-07-01 12:25:28][INFO] SIM_BRIDGE: Initializing Izhikevich model specifics for 3584 neurons...
[2026-07-01 12:25:28][INFO] SIM_BRIDGE: Applying parameter heterogeneity to neuron parameters...
[2026-07-01 12:25:28][INFO] SIM_BRIDGE: Applied heterogeneity to 4 parameters.
[2026-07-01 12:25:28][INFO] SIM_BRIDGE: Initializing OU process state (tau=15.0ms, sigma=0.0pA)...
[2026-07-01 12:25:28][INFO] SIM_BRIDGE: Generating 3D neuron positions for 3584 neurons...
[2026-07-01 12:25:28][INFO] SIM_BRIDGE: Generating connections (3D)...
[2026-07-01 12:25:28][INFO] SIM_BRIDGE: Simulation data initialized for 3584 neurons (3D). Synapses: 0. GPU memory: 23.8GB/51.2GB (46.5%)
[2026-07-01 12:25:28][INFO] SIM_BRIDGE: NumPy backend (CPU (NumPy backend), 47.7 GB RAM available)
[2026-07-01 12:25:28][INFO] SIM_BRIDGE: Initializing simulation data for model: IZHIKEVICH (3D)... (playback_init: False)
[2026-07-01 12:25:28][INFO] SIM_BRIDGE: RNG initialized with seed: 42
[2026-07-01 12:25:28][INFO] SIM_BRIDGE: Initializing Izhikevich model specifics for 126 neurons...
[2026-07-01 12:25:28][INFO] SIM_BRIDGE: Applying parameter heterogeneity to neuron parameters...
[2026-07-01 12:25:28][INFO] SIM_BRIDGE: Applied heterogeneity to 4 parameters.
[2026-07-01 12:25:28][INFO] SIM_BRIDGE: Initializing OU process state (tau=15.0ms, sigma=20.0pA)...
[2026-07-01 12:25:28][INFO] SIM_BRIDGE: Generating 3D neuron positions for 126 neurons...
[2026-07-01 12:25:28][INFO] SIM_BRIDGE: Generating connections (3D)...
[2026-07-01 12:25:28][INFO] SIM_BRIDGE: Simulation data initialized for 126 neurons (3D). Synapses: 0. GPU memory: 23.8GB/51.2GB (46.5%)
[2026-07-01 12:25:28][INFO] SIM_BRIDGE: inject_explicit_wiring: installed 720 synapses across 1 populations.
[2026-07-01 12:25:30][INFO] SIM_BRIDGE: NumPy backend (CPU (NumPy backend), 47.7 GB RAM available)
[2026-07-01 12:25:30][INFO] SIM_BRIDGE: Initializing simulation data for model: IZHIKEVICH (3D)... (playback_init: False)
[2026-07-01 12:25:30][INFO] SIM_BRIDGE: Brain-region framework: 2 regions, 484 total neurons, 0 pathways.
[2026-07-01 12:25:30][INFO] SIM_BRIDGE: RNG initialized with seed: 42
[2026-07-01 12:25:30][INFO] SIM_BRIDGE: Initializing Izhikevich model specifics for 484 neurons...
[2026-07-01 12:25:30][INFO] SIM_BRIDGE: Applying parameter heterogeneity to neuron parameters...
[2026-07-01 12:25:30][INFO] SIM_BRIDGE: Applied heterogeneity to 4 parameters.
[2026-07-01 12:25:30][INFO] SIM_BRIDGE: Generating 3D neuron positions for 484 neurons...
[2026-07-01 12:25:30][INFO] SIM_BRIDGE: Generating connections (brain-region framework)...
[2026-07-01 12:25:30][WARNING] SIM_BRIDGE: No trait info available; all synapses default to E->E STP type.
[2026-07-01 12:25:30][INFO] SIM_BRIDGE: inject_explicit_wiring: installed 12 synapses across 1 populations.
[2026-07-01 12:25:30][INFO] SIM_BRIDGE: Initializing STP state for 12 synapses (capacity: 18)...
[2026-07-01 12:25:30][INFO] SIM_BRIDGE: Initializing eligibility traces for 12 synapses (capacity: 18, dtype: float32)...
[2026-07-01 12:25:30][WARNING] SIM_BRIDGE: No trait info available; all synapses default to E->E STP type.
[2026-07-01 12:25:30][INFO] SIM_BRIDGE: Initializing structural plasticity state...
[2026-07-01 12:25:30][INFO] SIM_BRIDGE: Simulation data initialized for 484 neurons (3D). Synapses: 12. GPU memory: 23.8GB/51.2GB (46.5%)
[2026-07-01 12:25:30][INFO] SIM_BRIDGE: NumPy backend (CPU (NumPy backend), 47.7 GB RAM available)
[2026-07-01 12:25:30][INFO] SIM_BRIDGE: Initializing simulation data for model: IZHIKEVICH (3D)... (playback_init: False)
[2026-07-01 12:25:30][INFO] SIM_BRIDGE: RNG initialized with seed: 42
[2026-07-01 12:25:30][INFO] SIM_BRIDGE: Initializing Izhikevich model specifics for 224 neurons...
[2026-07-01 12:25:30][INFO] SIM_BRIDGE: Applying parameter heterogeneity to neuron parameters...
[2026-07-01 12:25:30][INFO] SIM_BRIDGE: Applied heterogeneity to 4 parameters.
[2026-07-01 12:25:30][INFO] SIM_BRIDGE: Initializing OU process state (tau=15.0ms, sigma=20.0pA)...
[2026-07-01 12:25:30][INFO] SIM_BRIDGE: Generating 3D neuron positions for 224 neurons...
[2026-07-01 12:25:30][INFO] SIM_BRIDGE: Generating connections (3D)...
[2026-07-01 12:25:30][INFO] SIM_BRIDGE: Simulation data initialized for 224 neurons (3D). Synapses: 0. GPU memory: 23.8GB/51.2GB (46.5%)
[2026-07-01 12:25:30][INFO] SIM_BRIDGE: inject_explicit_wiring: installed 4800 synapses across 1 populations.
[2026-07-01 12:25:34][INFO] SIM_BRIDGE: NumPy backend (CPU (NumPy backend), 47.7 GB RAM available)
[2026-07-01 12:25:34][INFO] SIM_BRIDGE: Initializing simulation data for model: IZHIKEVICH (3D)... (playback_init: False)
[2026-07-01 12:25:34][INFO] SIM_BRIDGE: RNG initialized with seed: 42
[2026-07-01 12:25:34][INFO] SIM_BRIDGE: Initializing Izhikevich model specifics for 512 neurons...
[2026-07-01 12:25:34][INFO] SIM_BRIDGE: Applying parameter heterogeneity to neuron parameters...
[2026-07-01 12:25:34][INFO] SIM_BRIDGE: Applied heterogeneity to 4 parameters.
[2026-07-01 12:25:34][INFO] SIM_BRIDGE: Initializing OU process state (tau=15.0ms, sigma=0.0pA)...
[2026-07-01 12:25:34][INFO] SIM_BRIDGE: Generating 3D neuron positions for 512 neurons...
[2026-07-01 12:25:34][INFO] SIM_BRIDGE: Generating connections (3D)...
[2026-07-01 12:25:34][INFO] SIM_BRIDGE: Simulation data initialized for 512 neurons (3D). Synapses: 0. GPU memory: 23.8GB/51.2GB (46.4%)
[2026-07-01 12:25:35][INFO] SIM_BRIDGE: NumPy backend (CPU (NumPy backend), 47.7 GB RAM available)
[2026-07-01 12:25:35][INFO] SIM_BRIDGE: Initializing simulation data for model: IZHIKEVICH (3D)... (playback_init: False)
[2026-07-01 12:25:35][INFO] SIM_BRIDGE: RNG initialized with seed: 42
[2026-07-01 12:25:35][INFO] SIM_BRIDGE: Initializing Izhikevich model specifics for 1024 neurons...
[2026-07-01 12:25:35][INFO] SIM_BRIDGE: Applying parameter heterogeneity to neuron parameters...
[2026-07-01 12:25:35][INFO] SIM_BRIDGE: Applied heterogeneity to 4 parameters.
[2026-07-01 12:25:35][INFO] SIM_BRIDGE: Initializing OU process state (tau=15.0ms, sigma=0.0pA)...
[2026-07-01 12:25:35][INFO] SIM_BRIDGE: Generating 3D neuron positions for 1024 neurons...
[2026-07-01 12:25:35][INFO] SIM_BRIDGE: Generating connections (3D)...
[2026-07-01 12:25:35][INFO] SIM_BRIDGE: Simulation data initialized for 1024 neurons (3D). Synapses: 0. GPU memory: 23.8GB/51.2GB (46.4%)
[2026-07-01 12:25:35][INFO] SIM_BRIDGE: NumPy backend (CPU (NumPy backend), 47.7 GB RAM available)
[2026-07-01 12:25:35][INFO] SIM_BRIDGE: Initializing simulation data for model: IZHIKEVICH (3D)... (playback_init: False)
[2026-07-01 12:25:35][INFO] SIM_BRIDGE: RNG initialized with seed: 42
[2026-07-01 12:25:35][INFO] SIM_BRIDGE: Initializing Izhikevich model specifics for 2560 neurons...
[2026-07-01 12:25:35][INFO] SIM_BRIDGE: Applying parameter heterogeneity to neuron parameters...
[2026-07-01 12:25:35][INFO] SIM_BRIDGE: Applied heterogeneity to 4 parameters.
[2026-07-01 12:25:35][INFO] SIM_BRIDGE: Initializing OU process state (tau=15.0ms, sigma=0.0pA)...
[2026-07-01 12:25:35][INFO] SIM_BRIDGE: Generating 3D neuron positions for 2560 neurons...
[2026-07-01 12:25:35][INFO] SIM_BRIDGE: Generating connections (3D)...
[2026-07-01 12:25:35][INFO] SIM_BRIDGE: Simulation data initialized for 2560 neurons (3D). Synapses: 0. GPU memory: 23.8GB/51.2GB (46.4%)
  [seed 42] instance-own 'brown' (True) | inherit 'meat' via inherited (True) | generic 'meat' (True) | distinct dog_two='black' (True) | moat True | [isa-lesion] inherit-now 'None' (breaks=True)
[2026-07-01 12:25:35][INFO] SIM_BRIDGE: NumPy backend (CPU (NumPy backend), 47.7 GB RAM available)
[2026-07-01 12:25:35][INFO] SIM_BRIDGE: Initializing simulation data for model: IZHIKEVICH (3D)... (playback_init: False)
[2026-07-01 12:25:35][INFO] SIM_BRIDGE: RNG initialized with seed: 43
[2026-07-01 12:25:35][INFO] SIM_BRIDGE: Initializing Izhikevich model specifics for 126 neurons...
[2026-07-01 12:25:35][INFO] SIM_BRIDGE: Applying parameter heterogeneity to neuron parameters...
[2026-07-01 12:25:35][INFO] SIM_BRIDGE: Applied heterogeneity to 4 parameters.
[2026-07-01 12:25:35][INFO] SIM_BRIDGE: Initializing OU process state (tau=15.0ms, sigma=20.0pA)...
[2026-07-01 12:25:35][INFO] SIM_BRIDGE: Generating 3D neuron positions for 126 neurons...
[2026-07-01 12:25:35][INFO] SIM_BRIDGE: Generating connections (3D)...
[2026-07-01 12:25:35][INFO] SIM_BRIDGE: Simulation data initialized for 126 neurons (3D). Synapses: 0. GPU memory: 23.8GB/51.2GB (46.4%)
[2026-07-01 12:25:35][INFO] SIM_BRIDGE: inject_explicit_wiring: installed 720 synapses across 1 populations.
[2026-07-01 12:25:37][INFO] SIM_BRIDGE: NumPy backend (CPU (NumPy backend), 47.7 GB RAM available)
[2026-07-01 12:25:37][INFO] SIM_BRIDGE: Initializing simulation data for model: IZHIKEVICH (3D)... (playback_init: False)
[2026-07-01 12:25:37][INFO] SIM_BRIDGE: Brain-region framework: 2 regions, 484 total neurons, 0 pathways.
[2026-07-01 12:25:37][INFO] SIM_BRIDGE: RNG initialized with seed: 43
[2026-07-01 12:25:37][INFO] SIM_BRIDGE: Initializing Izhikevich model specifics for 484 neurons...
[2026-07-01 12:25:37][INFO] SIM_BRIDGE: Applying parameter heterogeneity to neuron parameters...
[2026-07-01 12:25:37][INFO] SIM_BRIDGE: Applied heterogeneity to 4 parameters.
[2026-07-01 12:25:37][INFO] SIM_BRIDGE: Generating 3D neuron positions for 484 neurons...
[2026-07-01 12:25:37][INFO] SIM_BRIDGE: Generating connections (brain-region framework)...
[2026-07-01 12:25:37][WARNING] SIM_BRIDGE: No trait info available; all synapses default to E->E STP type.
[2026-07-01 12:25:37][INFO] SIM_BRIDGE: inject_explicit_wiring: installed 12 synapses across 1 populations.
[2026-07-01 12:25:37][INFO] SIM_BRIDGE: Initializing STP state for 12 synapses (capacity: 18)...
[2026-07-01 12:25:37][INFO] SIM_BRIDGE: Initializing eligibility traces for 12 synapses (capacity: 18, dtype: float32)...
[2026-07-01 12:25:37][WARNING] SIM_BRIDGE: No trait info available; all synapses default to E->E STP type.
[2026-07-01 12:25:37][INFO] SIM_BRIDGE: Initializing structural plasticity state...
[2026-07-01 12:25:37][INFO] SIM_BRIDGE: Simulation data initialized for 484 neurons (3D). Synapses: 12. GPU memory: 23.8GB/51.2GB (46.4%)
[2026-07-01 12:25:37][INFO] SIM_BRIDGE: NumPy backend (CPU (NumPy backend), 47.7 GB RAM available)
[2026-07-01 12:25:37][INFO] SIM_BRIDGE: Initializing simulation data for model: IZHIKEVICH (3D)... (playback_init: False)
[2026-07-01 12:25:37][INFO] SIM_BRIDGE: RNG initialized with seed: 43
[2026-07-01 12:25:37][INFO] SIM_BRIDGE: Initializing Izhikevich model specifics for 224 neurons...
[2026-07-01 12:25:37][INFO] SIM_BRIDGE: Applying parameter heterogeneity to neuron parameters...
[2026-07-01 12:25:37][INFO] SIM_BRIDGE: Applied heterogeneity to 4 parameters.
[2026-07-01 12:25:37][INFO] SIM_BRIDGE: Initializing OU process state (tau=15.0ms, sigma=20.0pA)...
[2026-07-01 12:25:37][INFO] SIM_BRIDGE: Generating 3D neuron positions for 224 neurons...
[2026-07-01 12:25:37][INFO] SIM_BRIDGE: Generating connections (3D)...
[2026-07-01 12:25:37][INFO] SIM_BRIDGE: Simulation data initialized for 224 neurons (3D). Synapses: 0. GPU memory: 23.8GB/51.2GB (46.4%)
[2026-07-01 12:25:37][INFO] SIM_BRIDGE: inject_explicit_wiring: installed 4800 synapses across 1 populations.
[2026-07-01 12:25:41][INFO] SIM_BRIDGE: NumPy backend (CPU (NumPy backend), 47.7 GB RAM available)
[2026-07-01 12:25:41][INFO] SIM_BRIDGE: Initializing simulation data for model: IZHIKEVICH (3D)... (playback_init: False)
[2026-07-01 12:25:41][INFO] SIM_BRIDGE: RNG initialized with seed: 43
[2026-07-01 12:25:41][INFO] SIM_BRIDGE: Initializing Izhikevich model specifics for 512 neurons...
[2026-07-01 12:25:41][INFO] SIM_BRIDGE: Applying parameter heterogeneity to neuron parameters...
[2026-07-01 12:25:41][INFO] SIM_BRIDGE: Applied heterogeneity to 4 parameters.
[2026-07-01 12:25:41][INFO] SIM_BRIDGE: Initializing OU process state (tau=15.0ms, sigma=0.0pA)...
[2026-07-01 12:25:41][INFO] SIM_BRIDGE: Generating 3D neuron positions for 512 neurons...
[2026-07-01 12:25:41][INFO] SIM_BRIDGE: Generating connections (3D)...
[2026-07-01 12:25:41][INFO] SIM_BRIDGE: Simulation data initialized for 512 neurons (3D). Synapses: 0. GPU memory: 23.8GB/51.2GB (46.5%)
[2026-07-01 12:25:41][INFO] SIM_BRIDGE: NumPy backend (CPU (NumPy backend), 47.7 GB RAM available)
[2026-07-01 12:25:41][INFO] SIM_BRIDGE: Initializing simulation data for model: IZHIKEVICH (3D)... (playback_init: False)
[2026-07-01 12:25:41][INFO] SIM_BRIDGE: RNG initialized with seed: 43
[2026-07-01 12:25:41][INFO] SIM_BRIDGE: Initializing Izhikevich model specifics for 1024 neurons...
[2026-07-01 12:25:41][INFO] SIM_BRIDGE: Applying parameter heterogeneity to neuron parameters...
[2026-07-01 12:25:41][INFO] SIM_BRIDGE: Applied heterogeneity to 4 parameters.
[2026-07-01 12:25:41][INFO] SIM_BRIDGE: Initializing OU process state (tau=15.0ms, sigma=0.0pA)...
[2026-07-01 12:25:41][INFO] SIM_BRIDGE: Generating 3D neuron positions for 1024 neurons...
[2026-07-01 12:25:41][INFO] SIM_BRIDGE: Generating connections (3D)...
[2026-07-01 12:25:41][INFO] SIM_BRIDGE: Simulation data initialized for 1024 neurons (3D). Synapses: 0. GPU memory: 23.8GB/51.2GB (46.5%)
[2026-07-01 12:25:41][INFO] SIM_BRIDGE: NumPy backend (CPU (NumPy backend), 47.7 GB RAM available)
[2026-07-01 12:25:41][INFO] SIM_BRIDGE: Initializing simulation data for model: IZHIKEVICH (3D)... (playback_init: False)
[2026-07-01 12:25:41][INFO] SIM_BRIDGE: RNG initialized with seed: 43
[2026-07-01 12:25:41][INFO] SIM_BRIDGE: Initializing Izhikevich model specifics for 3584 neurons...
[2026-07-01 12:25:41][INFO] SIM_BRIDGE: Applying parameter heterogeneity to neuron parameters...
[2026-07-01 12:25:41][INFO] SIM_BRIDGE: Applied heterogeneity to 4 parameters.
[2026-07-01 12:25:41][INFO] SIM_BRIDGE: Initializing OU process state (tau=15.0ms, sigma=0.0pA)...
[2026-07-01 12:25:41][INFO] SIM_BRIDGE: Generating 3D neuron positions for 3584 neurons...
[2026-07-01 12:25:41][INFO] SIM_BRIDGE: Generating connections (3D)...
[2026-07-01 12:25:41][INFO] SIM_BRIDGE: Simulation data initialized for 3584 neurons (3D). Synapses: 0. GPU memory: 23.8GB/51.2GB (46.5%)
[2026-07-01 12:25:41][INFO] SIM_BRIDGE: NumPy backend (CPU (NumPy backend), 47.7 GB RAM available)
[2026-07-01 12:25:41][INFO] SIM_BRIDGE: Initializing simulation data for model: IZHIKEVICH (3D)... (playback_init: False)
[2026-07-01 12:25:41][INFO] SIM_BRIDGE: RNG initialized with seed: 43
[2026-07-01 12:25:41][INFO] SIM_BRIDGE: Initializing Izhikevich model specifics for 126 neurons...
[2026-07-01 12:25:41][INFO] SIM_BRIDGE: Applying parameter heterogeneity to neuron parameters...
[2026-07-01 12:25:41][INFO] SIM_BRIDGE: Applied heterogeneity to 4 parameters.
[2026-07-01 12:25:41][INFO] SIM_BRIDGE: Initializing OU process state (tau=15.0ms, sigma=20.0pA)...
[2026-07-01 12:25:41][INFO] SIM_BRIDGE: Generating 3D neuron positions for 126 neurons...
[2026-07-01 12:25:41][INFO] SIM_BRIDGE: Generating connections (3D)...
[2026-07-01 12:25:41][INFO] SIM_BRIDGE: Simulation data initialized for 126 neurons (3D). Synapses: 0. GPU memory: 23.8GB/51.2GB (46.5%)
[2026-07-01 12:25:41][INFO] SIM_BRIDGE: inject_explicit_wiring: installed 720 synapses across 1 populations.
[2026-07-01 12:25:43][INFO] SIM_BRIDGE: NumPy backend (CPU (NumPy backend), 47.7 GB RAM available)
[2026-07-01 12:25:43][INFO] SIM_BRIDGE: Initializing simulation data for model: IZHIKEVICH (3D)... (playback_init: False)
[2026-07-01 12:25:43][INFO] SIM_BRIDGE: Brain-region framework: 2 regions, 484 total neurons, 0 pathways.
[2026-07-01 12:25:43][INFO] SIM_BRIDGE: RNG initialized with seed: 43
[2026-07-01 12:25:43][INFO] SIM_BRIDGE: Initializing Izhikevich model specifics for 484 neurons...
[2026-07-01 12:25:43][INFO] SIM_BRIDGE: Applying parameter heterogeneity to neuron parameters...
[2026-07-01 12:25:43][INFO] SIM_BRIDGE: Applied heterogeneity to 4 parameters.
[2026-07-01 12:25:43][INFO] SIM_BRIDGE: Generating 3D neuron positions for 484 neurons...
[2026-07-01 12:25:43][INFO] SIM_BRIDGE: Generating connections (brain-region framework)...
[2026-07-01 12:25:43][WARNING] SIM_BRIDGE: No trait info available; all synapses default to E->E STP type.
[2026-07-01 12:25:43][INFO] SIM_BRIDGE: inject_explicit_wiring: installed 12 synapses across 1 populations.
[2026-07-01 12:25:43][INFO] SIM_BRIDGE: Initializing STP state for 12 synapses (capacity: 18)...
[2026-07-01 12:25:43][INFO] SIM_BRIDGE: Initializing eligibility traces for 12 synapses (capacity: 18, dtype: float32)...
[2026-07-01 12:25:43][WARNING] SIM_BRIDGE: No trait info available; all synapses default to E->E STP type.
[2026-07-01 12:25:43][INFO] SIM_BRIDGE: Initializing structural plasticity state...
[2026-07-01 12:25:43][INFO] SIM_BRIDGE: Simulation data initialized for 484 neurons (3D). Synapses: 12. GPU memory: 23.8GB/51.2GB (46.5%)
[2026-07-01 12:25:43][INFO] SIM_BRIDGE: NumPy backend (CPU (NumPy backend), 47.7 GB RAM available)
[2026-07-01 12:25:43][INFO] SIM_BRIDGE: Initializing simulation data for model: IZHIKEVICH (3D)... (playback_init: False)
[2026-07-01 12:25:43][INFO] SIM_BRIDGE: RNG initialized with seed: 43
[2026-07-01 12:25:43][INFO] SIM_BRIDGE: Initializing Izhikevich model specifics for 224 neurons...
[2026-07-01 12:25:43][INFO] SIM_BRIDGE: Applying parameter heterogeneity to neuron parameters...
[2026-07-01 12:25:43][INFO] SIM_BRIDGE: Applied heterogeneity to 4 parameters.
[2026-07-01 12:25:43][INFO] SIM_BRIDGE: Initializing OU process state (tau=15.0ms, sigma=20.0pA)...
[2026-07-01 12:25:43][INFO] SIM_BRIDGE: Generating 3D neuron positions for 224 neurons...
[2026-07-01 12:25:43][INFO] SIM_BRIDGE: Generating connections (3D)...
[2026-07-01 12:25:43][INFO] SIM_BRIDGE: Simulation data initialized for 224 neurons (3D). Synapses: 0. GPU memory: 23.8GB/51.2GB (46.5%)
[2026-07-01 12:25:43][INFO] SIM_BRIDGE: inject_explicit_wiring: installed 4800 synapses across 1 populations.
[2026-07-01 12:25:47][INFO] SIM_BRIDGE: NumPy backend (CPU (NumPy backend), 47.7 GB RAM available)
[2026-07-01 12:25:47][INFO] SIM_BRIDGE: Initializing simulation data for model: IZHIKEVICH (3D)... (playback_init: False)
[2026-07-01 12:25:47][INFO] SIM_BRIDGE: RNG initialized with seed: 43
[2026-07-01 12:25:47][INFO] SIM_BRIDGE: Initializing Izhikevich model specifics for 512 neurons...
[2026-07-01 12:25:47][INFO] SIM_BRIDGE: Applying parameter heterogeneity to neuron parameters...
[2026-07-01 12:25:47][INFO] SIM_BRIDGE: Applied heterogeneity to 4 parameters.
[2026-07-01 12:25:47][INFO] SIM_BRIDGE: Initializing OU process state (tau=15.0ms, sigma=0.0pA)...
[2026-07-01 12:25:47][INFO] SIM_BRIDGE: Generating 3D neuron positions for 512 neurons...
[2026-07-01 12:25:47][INFO] SIM_BRIDGE: Generating connections (3D)...
[2026-07-01 12:25:47][INFO] SIM_BRIDGE: Simulation data initialized for 512 neurons (3D). Synapses: 0. GPU memory: 23.8GB/51.2GB (46.5%)
[2026-07-01 12:25:47][INFO] SIM_BRIDGE: NumPy backend (CPU (NumPy backend), 47.7 GB RAM available)
[2026-07-01 12:25:47][INFO] SIM_BRIDGE: Initializing simulation data for model: IZHIKEVICH (3D)... (playback_init: False)
[2026-07-01 12:25:47][INFO] SIM_BRIDGE: RNG initialized with seed: 43
[2026-07-01 12:25:47][INFO] SIM_BRIDGE: Initializing Izhikevich model specifics for 1024 neurons...
[2026-07-01 12:25:47][INFO] SIM_BRIDGE: Applying parameter heterogeneity to neuron parameters...
[2026-07-01 12:25:47][INFO] SIM_BRIDGE: Applied heterogeneity to 4 parameters.
[2026-07-01 12:25:47][INFO] SIM_BRIDGE: Initializing OU process state (tau=15.0ms, sigma=0.0pA)...
[2026-07-01 12:25:47][INFO] SIM_BRIDGE: Generating 3D neuron positions for 1024 neurons...
[2026-07-01 12:25:47][INFO] SIM_BRIDGE: Generating connections (3D)...
[2026-07-01 12:25:47][INFO] SIM_BRIDGE: Simulation data initialized for 1024 neurons (3D). Synapses: 0. GPU memory: 23.8GB/51.2GB (46.5%)
[2026-07-01 12:25:48][INFO] SIM_BRIDGE: NumPy backend (CPU (NumPy backend), 47.7 GB RAM available)
[2026-07-01 12:25:48][INFO] SIM_BRIDGE: Initializing simulation data for model: IZHIKEVICH (3D)... (playback_init: False)
[2026-07-01 12:25:48][INFO] SIM_BRIDGE: RNG initialized with seed: 43
[2026-07-01 12:25:48][INFO] SIM_BRIDGE: Initializing Izhikevich model specifics for 2560 neurons...
[2026-07-01 12:25:48][INFO] SIM_BRIDGE: Applying parameter heterogeneity to neuron parameters...
[2026-07-01 12:25:48][INFO] SIM_BRIDGE: Applied heterogeneity to 4 parameters.
[2026-07-01 12:25:48][INFO] SIM_BRIDGE: Initializing OU process state (tau=15.0ms, sigma=0.0pA)...
[2026-07-01 12:25:48][INFO] SIM_BRIDGE: Generating 3D neuron positions for 2560 neurons...
[2026-07-01 12:25:48][INFO] SIM_BRIDGE: Generating connections (3D)...
[2026-07-01 12:25:48][INFO] SIM_BRIDGE: Simulation data initialized for 2560 neurons (3D). Synapses: 0. GPU memory: 23.8GB/51.2GB (46.4%)
  [seed 43] instance-own 'brown' (True) | inherit 'meat' via inherited (True) | generic 'meat' (True) | distinct dog_two='black' (True) | moat True | [isa-lesion] inherit-now 'None' (breaks=True)
[2026-07-01 12:25:48][INFO] SIM_BRIDGE: NumPy backend (CPU (NumPy backend), 47.7 GB RAM available)
[2026-07-01 12:25:48][INFO] SIM_BRIDGE: Initializing simulation data for model: IZHIKEVICH (3D)... (playback_init: False)
[2026-07-01 12:25:48][INFO] SIM_BRIDGE: RNG initialized with seed: 44
[2026-07-01 12:25:48][INFO] SIM_BRIDGE: Initializing Izhikevich model specifics for 126 neurons...
[2026-07-01 12:25:48][INFO] SIM_BRIDGE: Applying parameter heterogeneity to neuron parameters...
[2026-07-01 12:25:48][INFO] SIM_BRIDGE: Applied heterogeneity to 4 parameters.
[2026-07-01 12:25:48][INFO] SIM_BRIDGE: Initializing OU process state (tau=15.0ms, sigma=20.0pA)...
[2026-07-01 12:25:48][INFO] SIM_BRIDGE: Generating 3D neuron positions for 126 neurons...
[2026-07-01 12:25:48][INFO] SIM_BRIDGE: Generating connections (3D)...
[2026-07-01 12:25:48][INFO] SIM_BRIDGE: Simulation data initialized for 126 neurons (3D). Synapses: 0. GPU memory: 23.8GB/51.2GB (46.4%)
[2026-07-01 12:25:48][INFO] SIM_BRIDGE: inject_explicit_wiring: installed 720 synapses across 1 populations.
[2026-07-01 12:25:50][INFO] SIM_BRIDGE: NumPy backend (CPU (NumPy backend), 47.7 GB RAM available)
[2026-07-01 12:25:50][INFO] SIM_BRIDGE: Initializing simulation data for model: IZHIKEVICH (3D)... (playback_init: False)
[2026-07-01 12:25:50][INFO] SIM_BRIDGE: Brain-region framework: 2 regions, 484 total neurons, 0 pathways.
[2026-07-01 12:25:50][INFO] SIM_BRIDGE: RNG initialized with seed: 44
[2026-07-01 12:25:50][INFO] SIM_BRIDGE: Initializing Izhikevich model specifics for 484 neurons...
[2026-07-01 12:25:50][INFO] SIM_BRIDGE: Applying parameter heterogeneity to neuron parameters...
[2026-07-01 12:25:50][INFO] SIM_BRIDGE: Applied heterogeneity to 4 parameters.
[2026-07-01 12:25:50][INFO] SIM_BRIDGE: Generating 3D neuron positions for 484 neurons...
[2026-07-01 12:25:50][INFO] SIM_BRIDGE: Generating connections (brain-region framework)...
[2026-07-01 12:25:50][WARNING] SIM_BRIDGE: No trait info available; all synapses default to E->E STP type.
[2026-07-01 12:25:50][INFO] SIM_BRIDGE: inject_explicit_wiring: installed 12 synapses across 1 populations.
[2026-07-01 12:25:50][INFO] SIM_BRIDGE: Initializing STP state for 12 synapses (capacity: 18)...
[2026-07-01 12:25:50][INFO] SIM_BRIDGE: Initializing eligibility traces for 12 synapses (capacity: 18, dtype: float32)...
[2026-07-01 12:25:50][WARNING] SIM_BRIDGE: No trait info available; all synapses default to E->E STP type.
[2026-07-01 12:25:50][INFO] SIM_BRIDGE: Initializing structural plasticity state...
[2026-07-01 12:25:50][INFO] SIM_BRIDGE: Simulation data initialized for 484 neurons (3D). Synapses: 12. GPU memory: 23.8GB/51.2GB (46.4%)
[2026-07-01 12:25:50][INFO] SIM_BRIDGE: NumPy backend (CPU (NumPy backend), 47.7 GB RAM available)
[2026-07-01 12:25:50][INFO] SIM_BRIDGE: Initializing simulation data for model: IZHIKEVICH (3D)... (playback_init: False)
[2026-07-01 12:25:50][INFO] SIM_BRIDGE: RNG initialized with seed: 44
[2026-07-01 12:25:50][INFO] SIM_BRIDGE: Initializing Izhikevich model specifics for 224 neurons...
[2026-07-01 12:25:50][INFO] SIM_BRIDGE: Applying parameter heterogeneity to neuron parameters...
[2026-07-01 12:25:50][INFO] SIM_BRIDGE: Applied heterogeneity to 4 parameters.
[2026-07-01 12:25:50][INFO] SIM_BRIDGE: Initializing OU process state (tau=15.0ms, sigma=20.0pA)...
[2026-07-01 12:25:50][INFO] SIM_BRIDGE: Generating 3D neuron positions for 224 neurons...
[2026-07-01 12:25:50][INFO] SIM_BRIDGE: Generating connections (3D)...
[2026-07-01 12:25:50][INFO] SIM_BRIDGE: Simulation data initialized for 224 neurons (3D). Synapses: 0. GPU memory: 23.8GB/51.2GB (46.4%)
[2026-07-01 12:25:50][INFO] SIM_BRIDGE: inject_explicit_wiring: installed 4800 synapses across 1 populations.
[2026-07-01 12:25:54][INFO] SIM_BRIDGE: NumPy backend (CPU (NumPy backend), 47.7 GB RAM available)
[2026-07-01 12:25:54][INFO] SIM_BRIDGE: Initializing simulation data for model: IZHIKEVICH (3D)... (playback_init: False)
[2026-07-01 12:25:54][INFO] SIM_BRIDGE: RNG initialized with seed: 44
[2026-07-01 12:25:54][INFO] SIM_BRIDGE: Initializing Izhikevich model specifics for 512 neurons...
[2026-07-01 12:25:54][INFO] SIM_BRIDGE: Applying parameter heterogeneity to neuron parameters...
[2026-07-01 12:25:54][INFO] SIM_BRIDGE: Applied heterogeneity to 4 parameters.
[2026-07-01 12:25:54][INFO] SIM_BRIDGE: Initializing OU process state (tau=15.0ms, sigma=0.0pA)...
[2026-07-01 12:25:54][INFO] SIM_BRIDGE: Generating 3D neuron positions for 512 neurons...
[2026-07-01 12:25:54][INFO] SIM_BRIDGE: Generating connections (3D)...
[2026-07-01 12:25:54][INFO] SIM_BRIDGE: Simulation data initialized for 512 neurons (3D). Synapses: 0. GPU memory: 23.8GB/51.2GB (46.4%)
[2026-07-01 12:25:54][INFO] SIM_BRIDGE: NumPy backend (CPU (NumPy backend), 47.7 GB RAM available)
[2026-07-01 12:25:54][INFO] SIM_BRIDGE: Initializing simulation data for model: IZHIKEVICH (3D)... (playback_init: False)
[2026-07-01 12:25:54][INFO] SIM_BRIDGE: RNG initialized with seed: 44
[2026-07-01 12:25:54][INFO] SIM_BRIDGE: Initializing Izhikevich model specifics for 1024 neurons...
[2026-07-01 12:25:54][INFO] SIM_BRIDGE: Applying parameter heterogeneity to neuron parameters...
[2026-07-01 12:25:54][INFO] SIM_BRIDGE: Applied heterogeneity to 4 parameters.
[2026-07-01 12:25:54][INFO] SIM_BRIDGE: Initializing OU process state (tau=15.0ms, sigma=0.0pA)...
[2026-07-01 12:25:54][INFO] SIM_BRIDGE: Generating 3D neuron positions for 1024 neurons...
[2026-07-01 12:25:54][INFO] SIM_BRIDGE: Generating connections (3D)...
[2026-07-01 12:25:54][INFO] SIM_BRIDGE: Simulation data initialized for 1024 neurons (3D). Synapses: 0. GPU memory: 23.8GB/51.2GB (46.4%)
[2026-07-01 12:25:54][INFO] SIM_BRIDGE: NumPy backend (CPU (NumPy backend), 47.7 GB RAM available)
[2026-07-01 12:25:54][INFO] SIM_BRIDGE: Initializing simulation data for model: IZHIKEVICH (3D)... (playback_init: False)
[2026-07-01 12:25:54][INFO] SIM_BRIDGE: RNG initialized with seed: 44
[2026-07-01 12:25:54][INFO] SIM_BRIDGE: Initializing Izhikevich model specifics for 3584 neurons...
[2026-07-01 12:25:54][INFO] SIM_BRIDGE: Applying parameter heterogeneity to neuron parameters...
[2026-07-01 12:25:54][INFO] SIM_BRIDGE: Applied heterogeneity to 4 parameters.
[2026-07-01 12:25:54][INFO] SIM_BRIDGE: Initializing OU process state (tau=15.0ms, sigma=0.0pA)...
[2026-07-01 12:25:54][INFO] SIM_BRIDGE: Generating 3D neuron positions for 3584 neurons...
[2026-07-01 12:25:54][INFO] SIM_BRIDGE: Generating connections (3D)...
[2026-07-01 12:25:54][INFO] SIM_BRIDGE: Simulation data initialized for 3584 neurons (3D). Synapses: 0. GPU memory: 23.8GB/51.2GB (46.4%)
[2026-07-01 12:25:54][INFO] SIM_BRIDGE: NumPy backend (CPU (NumPy backend), 47.7 GB RAM available)
[2026-07-01 12:25:54][INFO] SIM_BRIDGE: Initializing simulation data for model: IZHIKEVICH (3D)... (playback_init: False)
[2026-07-01 12:25:54][INFO] SIM_BRIDGE: RNG initialized with seed: 44
[2026-07-01 12:25:54][INFO] SIM_BRIDGE: Initializing Izhikevich model specifics for 126 neurons...
[2026-07-01 12:25:54][INFO] SIM_BRIDGE: Applying parameter heterogeneity to neuron parameters...
[2026-07-01 12:25:54][INFO] SIM_BRIDGE: Applied heterogeneity to 4 parameters.
[2026-07-01 12:25:54][INFO] SIM_BRIDGE: Initializing OU process state (tau=15.0ms, sigma=20.0pA)...
[2026-07-01 12:25:54][INFO] SIM_BRIDGE: Generating 3D neuron positions for 126 neurons...
[2026-07-01 12:25:54][INFO] SIM_BRIDGE: Generating connections (3D)...
[2026-07-01 12:25:54][INFO] SIM_BRIDGE: Simulation data initialized for 126 neurons (3D). Synapses: 0. GPU memory: 23.8GB/51.2GB (46.4%)
[2026-07-01 12:25:54][INFO] SIM_BRIDGE: inject_explicit_wiring: installed 720 synapses across 1 populations.
[2026-07-01 12:25:57][INFO] SIM_BRIDGE: NumPy backend (CPU (NumPy backend), 47.7 GB RAM available)
[2026-07-01 12:25:57][INFO] SIM_BRIDGE: Initializing simulation data for model: IZHIKEVICH (3D)... (playback_init: False)
[2026-07-01 12:25:57][INFO] SIM_BRIDGE: Brain-region framework: 2 regions, 484 total neurons, 0 pathways.
[2026-07-01 12:25:57][INFO] SIM_BRIDGE: RNG initialized with seed: 44
[2026-07-01 12:25:57][INFO] SIM_BRIDGE: Initializing Izhikevich model specifics for 484 neurons...
[2026-07-01 12:25:57][INFO] SIM_BRIDGE: Applying parameter heterogeneity to neuron parameters...
[2026-07-01 12:25:57][INFO] SIM_BRIDGE: Applied heterogeneity to 4 parameters.
[2026-07-01 12:25:57][INFO] SIM_BRIDGE: Generating 3D neuron positions for 484 neurons...
[2026-07-01 12:25:57][INFO] SIM_BRIDGE: Generating connections (brain-region framework)...
[2026-07-01 12:25:57][WARNING] SIM_BRIDGE: No trait info available; all synapses default to E->E STP type.
[2026-07-01 12:25:57][INFO] SIM_BRIDGE: inject_explicit_wiring: installed 12 synapses across 1 populations.
[2026-07-01 12:25:57][INFO] SIM_BRIDGE: Initializing STP state for 12 synapses (capacity: 18)...
[2026-07-01 12:25:57][INFO] SIM_BRIDGE: Initializing eligibility traces for 12 synapses (capacity: 18, dtype: float32)...
[2026-07-01 12:25:57][WARNING] SIM_BRIDGE: No trait info available; all synapses default to E->E STP type.
[2026-07-01 12:25:57][INFO] SIM_BRIDGE: Initializing structural plasticity state...
[2026-07-01 12:25:57][INFO] SIM_BRIDGE: Simulation data initialized for 484 neurons (3D). Synapses: 12. GPU memory: 23.7GB/51.2GB (46.3%)
[2026-07-01 12:25:57][INFO] SIM_BRIDGE: NumPy backend (CPU (NumPy backend), 47.7 GB RAM available)
[2026-07-01 12:25:57][INFO] SIM_BRIDGE: Initializing simulation data for model: IZHIKEVICH (3D)... (playback_init: False)
[2026-07-01 12:25:57][INFO] SIM_BRIDGE: RNG initialized with seed: 44
[2026-07-01 12:25:57][INFO] SIM_BRIDGE: Initializing Izhikevich model specifics for 224 neurons...
[2026-07-01 12:25:57][INFO] SIM_BRIDGE: Applying parameter heterogeneity to neuron parameters...
[2026-07-01 12:25:57][INFO] SIM_BRIDGE: Applied heterogeneity to 4 parameters.
[2026-07-01 12:25:57][INFO] SIM_BRIDGE: Initializing OU process state (tau=15.0ms, sigma=20.0pA)...
[2026-07-01 12:25:57][INFO] SIM_BRIDGE: Generating 3D neuron positions for 224 neurons...
[2026-07-01 12:25:57][INFO] SIM_BRIDGE: Generating connections (3D)...
[2026-07-01 12:25:57][INFO] SIM_BRIDGE: Simulation data initialized for 224 neurons (3D). Synapses: 0. GPU memory: 23.7GB/51.2GB (46.3%)
[2026-07-01 12:25:57][INFO] SIM_BRIDGE: inject_explicit_wiring: installed 4800 synapses across 1 populations.
[2026-07-01 12:26:01][INFO] SIM_BRIDGE: NumPy backend (CPU (NumPy backend), 47.7 GB RAM available)
[2026-07-01 12:26:01][INFO] SIM_BRIDGE: Initializing simulation data for model: IZHIKEVICH (3D)... (playback_init: False)
[2026-07-01 12:26:01][INFO] SIM_BRIDGE: RNG initialized with seed: 44
[2026-07-01 12:26:01][INFO] SIM_BRIDGE: Initializing Izhikevich model specifics for 512 neurons...
[2026-07-01 12:26:01][INFO] SIM_BRIDGE: Applying parameter heterogeneity to neuron parameters...
[2026-07-01 12:26:01][INFO] SIM_BRIDGE: Applied heterogeneity to 4 parameters.
[2026-07-01 12:26:01][INFO] SIM_BRIDGE: Initializing OU process state (tau=15.0ms, sigma=0.0pA)...
[2026-07-01 12:26:01][INFO] SIM_BRIDGE: Generating 3D neuron positions for 512 neurons...
[2026-07-01 12:26:01][INFO] SIM_BRIDGE: Generating connections (3D)...
[2026-07-01 12:26:01][INFO] SIM_BRIDGE: Simulation data initialized for 512 neurons (3D). Synapses: 0. GPU memory: 23.7GB/51.2GB (46.3%)
[2026-07-01 12:26:01][INFO] SIM_BRIDGE: NumPy backend (CPU (NumPy backend), 47.7 GB RAM available)
[2026-07-01 12:26:01][INFO] SIM_BRIDGE: Initializing simulation data for model: IZHIKEVICH (3D)... (playback_init: False)
[2026-07-01 12:26:01][INFO] SIM_BRIDGE: RNG initialized with seed: 44
[2026-07-01 12:26:01][INFO] SIM_BRIDGE: Initializing Izhikevich model specifics for 1024 neurons...
[2026-07-01 12:26:01][INFO] SIM_BRIDGE: Applying parameter heterogeneity to neuron parameters...
[2026-07-01 12:26:01][INFO] SIM_BRIDGE: Applied heterogeneity to 4 parameters.
[2026-07-01 12:26:01][INFO] SIM_BRIDGE: Initializing OU process state (tau=15.0ms, sigma=0.0pA)...
[2026-07-01 12:26:01][INFO] SIM_BRIDGE: Generating 3D neuron positions for 1024 neurons...
[2026-07-01 12:26:01][INFO] SIM_BRIDGE: Generating connections (3D)...
[2026-07-01 12:26:01][INFO] SIM_BRIDGE: Simulation data initialized for 1024 neurons (3D). Synapses: 0. GPU memory: 23.7GB/51.2GB (46.3%)
[2026-07-01 12:26:01][INFO] SIM_BRIDGE: NumPy backend (CPU (NumPy backend), 47.7 GB RAM available)
[2026-07-01 12:26:01][INFO] SIM_BRIDGE: Initializing simulation data for model: IZHIKEVICH (3D)... (playback_init: False)
[2026-07-01 12:26:01][INFO] SIM_BRIDGE: RNG initialized with seed: 44
[2026-07-01 12:26:01][INFO] SIM_BRIDGE: Initializing Izhikevich model specifics for 2560 neurons...
[2026-07-01 12:26:01][INFO] SIM_BRIDGE: Applying parameter heterogeneity to neuron parameters...
[2026-07-01 12:26:01][INFO] SIM_BRIDGE: Applied heterogeneity to 4 parameters.
[2026-07-01 12:26:01][INFO] SIM_BRIDGE: Initializing OU process state (tau=15.0ms, sigma=0.0pA)...
[2026-07-01 12:26:01][INFO] SIM_BRIDGE: Generating 3D neuron positions for 2560 neurons...
[2026-07-01 12:26:01][INFO] SIM_BRIDGE: Generating connections (3D)...
[2026-07-01 12:26:01][INFO] SIM_BRIDGE: Simulation data initialized for 2560 neurons (3D). Synapses: 0. GPU memory: 23.7GB/51.2GB (46.3%)
  [seed 44] instance-own 'brown' (True) | inherit 'meat' via inherited (True) | generic 'meat' (True) | distinct dog_two='black' (True) | moat True | [isa-lesion] inherit-now 'None' (breaks=True)

============================================================================================================
[phase13-instance] VERDICT: GO -- KIND vs INSTANCE: 'the dog' (definite) resolves to the INSTANCE (its own fact, brown, NOT the kind); the instance INHERITS kind facts via isa ('what does the dog eat?' -> meat); 'dogs' (generic) -> the kind; two instances stay DISTINCT (brown vs black); the ISA-LESION BREAKS inheritance (load-bearing); the moat abstains on an unknown instance. >=3 seeds. The owner's 'which dog?' distinction, with inheritance + no cross-leakage + moat -- reuse-by-import, NO sim/ edit.
[phase13-instance] wrote E:\Documents\Projects\sim\research\findings\raw\_fluidconv_phase13_instance_representation.json
============================================================================================================
