[2026-07-01 09:53:29][INFO] SIM_BRIDGE: NumPy backend (CPU (NumPy backend), 47.7 GB RAM available)
[2026-07-01 09:53:29][INFO] SIM_BRIDGE: Initializing simulation data for model: IZHIKEVICH (3D)... (playback_init: False)
[2026-07-01 09:53:29][INFO] SIM_BRIDGE: RNG initialized with seed: 42
[2026-07-01 09:53:29][INFO] SIM_BRIDGE: Initializing Izhikevich model specifics for 126 neurons...
[2026-07-01 09:53:29][INFO] SIM_BRIDGE: Applying parameter heterogeneity to neuron parameters...
[2026-07-01 09:53:29][INFO] SIM_BRIDGE: Applied heterogeneity to 4 parameters.
[2026-07-01 09:53:29][INFO] SIM_BRIDGE: Initializing OU process state (tau=15.0ms, sigma=20.0pA)...
[2026-07-01 09:53:29][INFO] SIM_BRIDGE: Generating 3D neuron positions for 126 neurons...
[2026-07-01 09:53:29][INFO] SIM_BRIDGE: Generating connections (3D)...
[2026-07-01 09:53:29][INFO] SIM_BRIDGE: Simulation data initialized for 126 neurons (3D). Synapses: 0. GPU memory: 22.3GB/51.2GB (43.6%)
[2026-07-01 09:53:29][INFO] SIM_BRIDGE: inject_explicit_wiring: installed 720 synapses across 1 populations.
[2026-07-01 09:53:32][INFO] SIM_BRIDGE: NumPy backend (CPU (NumPy backend), 47.7 GB RAM available)
[2026-07-01 09:53:32][INFO] SIM_BRIDGE: Initializing simulation data for model: IZHIKEVICH (3D)... (playback_init: False)
[2026-07-01 09:53:32][INFO] SIM_BRIDGE: Brain-region framework: 2 regions, 484 total neurons, 0 pathways.
[2026-07-01 09:53:32][INFO] SIM_BRIDGE: RNG initialized with seed: 42
[2026-07-01 09:53:32][INFO] SIM_BRIDGE: Initializing Izhikevich model specifics for 484 neurons...
[2026-07-01 09:53:32][INFO] SIM_BRIDGE: Applying parameter heterogeneity to neuron parameters...
[2026-07-01 09:53:32][INFO] SIM_BRIDGE: Applied heterogeneity to 4 parameters.
[2026-07-01 09:53:32][INFO] SIM_BRIDGE: Generating 3D neuron positions for 484 neurons...
[2026-07-01 09:53:32][INFO] SIM_BRIDGE: Generating connections (brain-region framework)...
[2026-07-01 09:53:32][WARNING] SIM_BRIDGE: No trait info available; all synapses default to E->E STP type.
[2026-07-01 09:53:32][INFO] SIM_BRIDGE: inject_explicit_wiring: installed 12 synapses across 1 populations.
[2026-07-01 09:53:32][INFO] SIM_BRIDGE: Initializing STP state for 12 synapses (capacity: 18)...
[2026-07-01 09:53:32][INFO] SIM_BRIDGE: Initializing eligibility traces for 12 synapses (capacity: 18, dtype: float32)...
[2026-07-01 09:53:32][WARNING] SIM_BRIDGE: No trait info available; all synapses default to E->E STP type.
[2026-07-01 09:53:32][INFO] SIM_BRIDGE: Initializing structural plasticity state...
[2026-07-01 09:53:32][INFO] SIM_BRIDGE: Simulation data initialized for 484 neurons (3D). Synapses: 12. GPU memory: 22.3GB/51.2GB (43.6%)
[2026-07-01 09:53:32][INFO] SIM_BRIDGE: NumPy backend (CPU (NumPy backend), 47.7 GB RAM available)
[2026-07-01 09:53:32][INFO] SIM_BRIDGE: Initializing simulation data for model: IZHIKEVICH (3D)... (playback_init: False)
[2026-07-01 09:53:32][INFO] SIM_BRIDGE: RNG initialized with seed: 42
[2026-07-01 09:53:32][INFO] SIM_BRIDGE: Initializing Izhikevich model specifics for 224 neurons...
[2026-07-01 09:53:32][INFO] SIM_BRIDGE: Applying parameter heterogeneity to neuron parameters...
[2026-07-01 09:53:32][INFO] SIM_BRIDGE: Applied heterogeneity to 4 parameters.
[2026-07-01 09:53:32][INFO] SIM_BRIDGE: Initializing OU process state (tau=15.0ms, sigma=20.0pA)...
[2026-07-01 09:53:32][INFO] SIM_BRIDGE: Generating 3D neuron positions for 224 neurons...
[2026-07-01 09:53:32][INFO] SIM_BRIDGE: Generating connections (3D)...
[2026-07-01 09:53:32][INFO] SIM_BRIDGE: Simulation data initialized for 224 neurons (3D). Synapses: 0. GPU memory: 22.3GB/51.2GB (43.6%)
[2026-07-01 09:53:32][INFO] SIM_BRIDGE: inject_explicit_wiring: installed 4800 synapses across 1 populations.
[2026-07-01 09:53:36][INFO] SIM_BRIDGE: NumPy backend (CPU (NumPy backend), 47.7 GB RAM available)
[2026-07-01 09:53:36][INFO] SIM_BRIDGE: Initializing simulation data for model: IZHIKEVICH (3D)... (playback_init: False)
[2026-07-01 09:53:36][INFO] SIM_BRIDGE: RNG initialized with seed: 42
[2026-07-01 09:53:36][INFO] SIM_BRIDGE: Initializing Izhikevich model specifics for 256 neurons...
[2026-07-01 09:53:36][INFO] SIM_BRIDGE: Applying parameter heterogeneity to neuron parameters...
[2026-07-01 09:53:36][INFO] SIM_BRIDGE: Applied heterogeneity to 4 parameters.
[2026-07-01 09:53:36][INFO] SIM_BRIDGE: Initializing OU process state (tau=15.0ms, sigma=0.0pA)...
[2026-07-01 09:53:36][INFO] SIM_BRIDGE: Generating 3D neuron positions for 256 neurons...
[2026-07-01 09:53:36][INFO] SIM_BRIDGE: Generating connections (3D)...
[2026-07-01 09:53:36][INFO] SIM_BRIDGE: Simulation data initialized for 256 neurons (3D). Synapses: 0. GPU memory: 22.4GB/51.2GB (43.7%)
[2026-07-01 09:53:36][INFO] SIM_BRIDGE: NumPy backend (CPU (NumPy backend), 47.7 GB RAM available)
[2026-07-01 09:53:36][INFO] SIM_BRIDGE: Initializing simulation data for model: IZHIKEVICH (3D)... (playback_init: False)
[2026-07-01 09:53:36][INFO] SIM_BRIDGE: RNG initialized with seed: 42
[2026-07-01 09:53:36][INFO] SIM_BRIDGE: Initializing Izhikevich model specifics for 512 neurons...
[2026-07-01 09:53:36][INFO] SIM_BRIDGE: Applying parameter heterogeneity to neuron parameters...
[2026-07-01 09:53:36][INFO] SIM_BRIDGE: Applied heterogeneity to 4 parameters.
[2026-07-01 09:53:36][INFO] SIM_BRIDGE: Initializing OU process state (tau=15.0ms, sigma=0.0pA)...
[2026-07-01 09:53:36][INFO] SIM_BRIDGE: Generating 3D neuron positions for 512 neurons...
[2026-07-01 09:53:36][INFO] SIM_BRIDGE: Generating connections (3D)...
[2026-07-01 09:53:36][INFO] SIM_BRIDGE: Simulation data initialized for 512 neurons (3D). Synapses: 0. GPU memory: 22.4GB/51.2GB (43.7%)
[2026-07-01 09:53:36][INFO] SIM_BRIDGE: NumPy backend (CPU (NumPy backend), 47.7 GB RAM available)
[2026-07-01 09:53:36][INFO] SIM_BRIDGE: Initializing simulation data for model: IZHIKEVICH (3D)... (playback_init: False)
[2026-07-01 09:53:36][INFO] SIM_BRIDGE: RNG initialized with seed: 42
[2026-07-01 09:53:36][INFO] SIM_BRIDGE: Initializing Izhikevich model specifics for 1024 neurons...
[2026-07-01 09:53:36][INFO] SIM_BRIDGE: Applying parameter heterogeneity to neuron parameters...
[2026-07-01 09:53:36][INFO] SIM_BRIDGE: Applied heterogeneity to 4 parameters.
[2026-07-01 09:53:36][INFO] SIM_BRIDGE: Initializing OU process state (tau=15.0ms, sigma=0.0pA)...
[2026-07-01 09:53:36][INFO] SIM_BRIDGE: Generating 3D neuron positions for 1024 neurons...
[2026-07-01 09:53:36][INFO] SIM_BRIDGE: Generating connections (3D)...
[2026-07-01 09:53:36][INFO] SIM_BRIDGE: Simulation data initialized for 1024 neurons (3D). Synapses: 0. GPU memory: 22.4GB/51.2GB (43.6%)
  [seed 42] NEURAL match 10/10 | qt_correct 10/10
[2026-07-01 09:53:36][INFO] SIM_BRIDGE: NumPy backend (CPU (NumPy backend), 47.7 GB RAM available)
[2026-07-01 09:53:36][INFO] SIM_BRIDGE: Initializing simulation data for model: IZHIKEVICH (3D)... (playback_init: False)
[2026-07-01 09:53:36][INFO] SIM_BRIDGE: RNG initialized with seed: 42
[2026-07-01 09:53:36][INFO] SIM_BRIDGE: Initializing Izhikevich model specifics for 126 neurons...
[2026-07-01 09:53:36][INFO] SIM_BRIDGE: Applying parameter heterogeneity to neuron parameters...
[2026-07-01 09:53:36][INFO] SIM_BRIDGE: Applied heterogeneity to 4 parameters.
[2026-07-01 09:53:36][INFO] SIM_BRIDGE: Initializing OU process state (tau=15.0ms, sigma=20.0pA)...
[2026-07-01 09:53:36][INFO] SIM_BRIDGE: Generating 3D neuron positions for 126 neurons...
[2026-07-01 09:53:36][INFO] SIM_BRIDGE: Generating connections (3D)...
[2026-07-01 09:53:36][INFO] SIM_BRIDGE: Simulation data initialized for 126 neurons (3D). Synapses: 0. GPU memory: 22.3GB/51.2GB (43.6%)
[2026-07-01 09:53:36][INFO] SIM_BRIDGE: inject_explicit_wiring: installed 720 synapses across 1 populations.
[2026-07-01 09:53:38][INFO] SIM_BRIDGE: NumPy backend (CPU (NumPy backend), 47.7 GB RAM available)
[2026-07-01 09:53:38][INFO] SIM_BRIDGE: Initializing simulation data for model: IZHIKEVICH (3D)... (playback_init: False)
[2026-07-01 09:53:38][INFO] SIM_BRIDGE: Brain-region framework: 2 regions, 484 total neurons, 0 pathways.
[2026-07-01 09:53:38][INFO] SIM_BRIDGE: RNG initialized with seed: 42
[2026-07-01 09:53:38][INFO] SIM_BRIDGE: Initializing Izhikevich model specifics for 484 neurons...
[2026-07-01 09:53:38][INFO] SIM_BRIDGE: Applying parameter heterogeneity to neuron parameters...
[2026-07-01 09:53:38][INFO] SIM_BRIDGE: Applied heterogeneity to 4 parameters.
[2026-07-01 09:53:38][INFO] SIM_BRIDGE: Generating 3D neuron positions for 484 neurons...
[2026-07-01 09:53:38][INFO] SIM_BRIDGE: Generating connections (brain-region framework)...
[2026-07-01 09:53:38][WARNING] SIM_BRIDGE: No trait info available; all synapses default to E->E STP type.
[2026-07-01 09:53:38][INFO] SIM_BRIDGE: inject_explicit_wiring: installed 12 synapses across 1 populations.
[2026-07-01 09:53:38][INFO] SIM_BRIDGE: Initializing STP state for 12 synapses (capacity: 18)...
[2026-07-01 09:53:38][INFO] SIM_BRIDGE: Initializing eligibility traces for 12 synapses (capacity: 18, dtype: float32)...
[2026-07-01 09:53:38][WARNING] SIM_BRIDGE: No trait info available; all synapses default to E->E STP type.
[2026-07-01 09:53:38][INFO] SIM_BRIDGE: Initializing structural plasticity state...
[2026-07-01 09:53:38][INFO] SIM_BRIDGE: Simulation data initialized for 484 neurons (3D). Synapses: 12. GPU memory: 22.4GB/51.2GB (43.6%)
[2026-07-01 09:53:38][INFO] SIM_BRIDGE: NumPy backend (CPU (NumPy backend), 47.7 GB RAM available)
[2026-07-01 09:53:38][INFO] SIM_BRIDGE: Initializing simulation data for model: IZHIKEVICH (3D)... (playback_init: False)
[2026-07-01 09:53:38][INFO] SIM_BRIDGE: RNG initialized with seed: 42
[2026-07-01 09:53:38][INFO] SIM_BRIDGE: Initializing Izhikevich model specifics for 224 neurons...
[2026-07-01 09:53:38][INFO] SIM_BRIDGE: Applying parameter heterogeneity to neuron parameters...
[2026-07-01 09:53:38][INFO] SIM_BRIDGE: Applied heterogeneity to 4 parameters.
[2026-07-01 09:53:38][INFO] SIM_BRIDGE: Initializing OU process state (tau=15.0ms, sigma=20.0pA)...
[2026-07-01 09:53:38][INFO] SIM_BRIDGE: Generating 3D neuron positions for 224 neurons...
[2026-07-01 09:53:38][INFO] SIM_BRIDGE: Generating connections (3D)...
[2026-07-01 09:53:38][INFO] SIM_BRIDGE: Simulation data initialized for 224 neurons (3D). Synapses: 0. GPU memory: 22.4GB/51.2GB (43.6%)
[2026-07-01 09:53:38][INFO] SIM_BRIDGE: inject_explicit_wiring: installed 4800 synapses across 1 populations.
[2026-07-01 09:53:42][INFO] SIM_BRIDGE: NumPy backend (CPU (NumPy backend), 47.7 GB RAM available)
[2026-07-01 09:53:42][INFO] SIM_BRIDGE: Initializing simulation data for model: IZHIKEVICH (3D)... (playback_init: False)
[2026-07-01 09:53:42][INFO] SIM_BRIDGE: RNG initialized with seed: 42
[2026-07-01 09:53:42][INFO] SIM_BRIDGE: Initializing Izhikevich model specifics for 256 neurons...
[2026-07-01 09:53:42][INFO] SIM_BRIDGE: Applying parameter heterogeneity to neuron parameters...
[2026-07-01 09:53:42][INFO] SIM_BRIDGE: Applied heterogeneity to 4 parameters.
[2026-07-01 09:53:42][INFO] SIM_BRIDGE: Initializing OU process state (tau=15.0ms, sigma=0.0pA)...
[2026-07-01 09:53:42][INFO] SIM_BRIDGE: Generating 3D neuron positions for 256 neurons...
[2026-07-01 09:53:42][INFO] SIM_BRIDGE: Generating connections (3D)...
[2026-07-01 09:53:42][INFO] SIM_BRIDGE: Simulation data initialized for 256 neurons (3D). Synapses: 0. GPU memory: 22.4GB/51.2GB (43.6%)
[2026-07-01 09:53:42][INFO] SIM_BRIDGE: NumPy backend (CPU (NumPy backend), 47.7 GB RAM available)
[2026-07-01 09:53:42][INFO] SIM_BRIDGE: Initializing simulation data for model: IZHIKEVICH (3D)... (playback_init: False)
[2026-07-01 09:53:42][INFO] SIM_BRIDGE: RNG initialized with seed: 42
[2026-07-01 09:53:42][INFO] SIM_BRIDGE: Initializing Izhikevich model specifics for 512 neurons...
[2026-07-01 09:53:42][INFO] SIM_BRIDGE: Applying parameter heterogeneity to neuron parameters...
[2026-07-01 09:53:42][INFO] SIM_BRIDGE: Applied heterogeneity to 4 parameters.
[2026-07-01 09:53:42][INFO] SIM_BRIDGE: Initializing OU process state (tau=15.0ms, sigma=0.0pA)...
[2026-07-01 09:53:42][INFO] SIM_BRIDGE: Generating 3D neuron positions for 512 neurons...
[2026-07-01 09:53:42][INFO] SIM_BRIDGE: Generating connections (3D)...
[2026-07-01 09:53:42][INFO] SIM_BRIDGE: Simulation data initialized for 512 neurons (3D). Synapses: 0. GPU memory: 22.4GB/51.2GB (43.6%)
[2026-07-01 09:53:42][INFO] SIM_BRIDGE: NumPy backend (CPU (NumPy backend), 47.7 GB RAM available)
[2026-07-01 09:53:42][INFO] SIM_BRIDGE: Initializing simulation data for model: IZHIKEVICH (3D)... (playback_init: False)
[2026-07-01 09:53:42][INFO] SIM_BRIDGE: RNG initialized with seed: 42
[2026-07-01 09:53:42][INFO] SIM_BRIDGE: Initializing Izhikevich model specifics for 1024 neurons...
[2026-07-01 09:53:42][INFO] SIM_BRIDGE: Applying parameter heterogeneity to neuron parameters...
[2026-07-01 09:53:42][INFO] SIM_BRIDGE: Applied heterogeneity to 4 parameters.
[2026-07-01 09:53:42][INFO] SIM_BRIDGE: Initializing OU process state (tau=15.0ms, sigma=0.0pA)...
[2026-07-01 09:53:42][INFO] SIM_BRIDGE: Generating 3D neuron positions for 1024 neurons...
[2026-07-01 09:53:42][INFO] SIM_BRIDGE: Generating connections (3D)...
[2026-07-01 09:53:42][INFO] SIM_BRIDGE: Simulation data initialized for 1024 neurons (3D). Synapses: 0. GPU memory: 22.4GB/51.2GB (43.6%)
[2026-07-01 09:53:43][INFO] SIM_BRIDGE: NumPy backend (CPU (NumPy backend), 47.7 GB RAM available)
[2026-07-01 09:53:43][INFO] SIM_BRIDGE: Initializing simulation data for model: IZHIKEVICH (3D)... (playback_init: False)
[2026-07-01 09:53:43][INFO] SIM_BRIDGE: RNG initialized with seed: 42
[2026-07-01 09:53:43][INFO] SIM_BRIDGE: Initializing Izhikevich model specifics for 126 neurons...
[2026-07-01 09:53:43][INFO] SIM_BRIDGE: Applying parameter heterogeneity to neuron parameters...
[2026-07-01 09:53:43][INFO] SIM_BRIDGE: Applied heterogeneity to 4 parameters.
[2026-07-01 09:53:43][INFO] SIM_BRIDGE: Initializing OU process state (tau=15.0ms, sigma=20.0pA)...
[2026-07-01 09:53:43][INFO] SIM_BRIDGE: Generating 3D neuron positions for 126 neurons...
[2026-07-01 09:53:43][INFO] SIM_BRIDGE: Generating connections (3D)...
[2026-07-01 09:53:43][INFO] SIM_BRIDGE: Simulation data initialized for 126 neurons (3D). Synapses: 0. GPU memory: 22.4GB/51.2GB (43.6%)
[2026-07-01 09:53:43][INFO] SIM_BRIDGE: inject_explicit_wiring: installed 720 synapses across 1 populations.
[2026-07-01 09:53:45][INFO] SIM_BRIDGE: NumPy backend (CPU (NumPy backend), 47.7 GB RAM available)
[2026-07-01 09:53:45][INFO] SIM_BRIDGE: Initializing simulation data for model: IZHIKEVICH (3D)... (playback_init: False)
[2026-07-01 09:53:45][INFO] SIM_BRIDGE: Brain-region framework: 2 regions, 484 total neurons, 0 pathways.
[2026-07-01 09:53:45][INFO] SIM_BRIDGE: RNG initialized with seed: 42
[2026-07-01 09:53:45][INFO] SIM_BRIDGE: Initializing Izhikevich model specifics for 484 neurons...
[2026-07-01 09:53:45][INFO] SIM_BRIDGE: Applying parameter heterogeneity to neuron parameters...
[2026-07-01 09:53:45][INFO] SIM_BRIDGE: Applied heterogeneity to 4 parameters.
[2026-07-01 09:53:45][INFO] SIM_BRIDGE: Generating 3D neuron positions for 484 neurons...
[2026-07-01 09:53:45][INFO] SIM_BRIDGE: Generating connections (brain-region framework)...
[2026-07-01 09:53:45][WARNING] SIM_BRIDGE: No trait info available; all synapses default to E->E STP type.
[2026-07-01 09:53:45][INFO] SIM_BRIDGE: inject_explicit_wiring: installed 12 synapses across 1 populations.
[2026-07-01 09:53:45][INFO] SIM_BRIDGE: Initializing STP state for 12 synapses (capacity: 18)...
[2026-07-01 09:53:45][INFO] SIM_BRIDGE: Initializing eligibility traces for 12 synapses (capacity: 18, dtype: float32)...
[2026-07-01 09:53:45][WARNING] SIM_BRIDGE: No trait info available; all synapses default to E->E STP type.
[2026-07-01 09:53:45][INFO] SIM_BRIDGE: Initializing structural plasticity state...
[2026-07-01 09:53:45][INFO] SIM_BRIDGE: Simulation data initialized for 484 neurons (3D). Synapses: 12. GPU memory: 22.4GB/51.2GB (43.6%)
[2026-07-01 09:53:45][INFO] SIM_BRIDGE: NumPy backend (CPU (NumPy backend), 47.7 GB RAM available)
[2026-07-01 09:53:45][INFO] SIM_BRIDGE: Initializing simulation data for model: IZHIKEVICH (3D)... (playback_init: False)
[2026-07-01 09:53:45][INFO] SIM_BRIDGE: RNG initialized with seed: 42
[2026-07-01 09:53:45][INFO] SIM_BRIDGE: Initializing Izhikevich model specifics for 224 neurons...
[2026-07-01 09:53:45][INFO] SIM_BRIDGE: Applying parameter heterogeneity to neuron parameters...
[2026-07-01 09:53:45][INFO] SIM_BRIDGE: Applied heterogeneity to 4 parameters.
[2026-07-01 09:53:45][INFO] SIM_BRIDGE: Initializing OU process state (tau=15.0ms, sigma=20.0pA)...
[2026-07-01 09:53:45][INFO] SIM_BRIDGE: Generating 3D neuron positions for 224 neurons...
[2026-07-01 09:53:45][INFO] SIM_BRIDGE: Generating connections (3D)...
[2026-07-01 09:53:45][INFO] SIM_BRIDGE: Simulation data initialized for 224 neurons (3D). Synapses: 0. GPU memory: 22.4GB/51.2GB (43.6%)
[2026-07-01 09:53:45][INFO] SIM_BRIDGE: inject_explicit_wiring: installed 4800 synapses across 1 populations.
           permuted match 3/10 (want low) | lesion abstain 10/10 (want all)
[2026-07-01 09:53:49][INFO] SIM_BRIDGE: NumPy backend (CPU (NumPy backend), 47.7 GB RAM available)
[2026-07-01 09:53:49][INFO] SIM_BRIDGE: Initializing simulation data for model: IZHIKEVICH (3D)... (playback_init: False)
[2026-07-01 09:53:49][INFO] SIM_BRIDGE: RNG initialized with seed: 43
[2026-07-01 09:53:49][INFO] SIM_BRIDGE: Initializing Izhikevich model specifics for 126 neurons...
[2026-07-01 09:53:49][INFO] SIM_BRIDGE: Applying parameter heterogeneity to neuron parameters...
[2026-07-01 09:53:49][INFO] SIM_BRIDGE: Applied heterogeneity to 4 parameters.
[2026-07-01 09:53:49][INFO] SIM_BRIDGE: Initializing OU process state (tau=15.0ms, sigma=20.0pA)...
[2026-07-01 09:53:49][INFO] SIM_BRIDGE: Generating 3D neuron positions for 126 neurons...
[2026-07-01 09:53:49][INFO] SIM_BRIDGE: Generating connections (3D)...
[2026-07-01 09:53:49][INFO] SIM_BRIDGE: Simulation data initialized for 126 neurons (3D). Synapses: 0. GPU memory: 22.4GB/51.2GB (43.6%)
[2026-07-01 09:53:49][INFO] SIM_BRIDGE: inject_explicit_wiring: installed 720 synapses across 1 populations.
[2026-07-01 09:53:51][INFO] SIM_BRIDGE: NumPy backend (CPU (NumPy backend), 47.7 GB RAM available)
[2026-07-01 09:53:51][INFO] SIM_BRIDGE: Initializing simulation data for model: IZHIKEVICH (3D)... (playback_init: False)
[2026-07-01 09:53:51][INFO] SIM_BRIDGE: Brain-region framework: 2 regions, 484 total neurons, 0 pathways.
[2026-07-01 09:53:51][INFO] SIM_BRIDGE: RNG initialized with seed: 43
[2026-07-01 09:53:51][INFO] SIM_BRIDGE: Initializing Izhikevich model specifics for 484 neurons...
[2026-07-01 09:53:51][INFO] SIM_BRIDGE: Applying parameter heterogeneity to neuron parameters...
[2026-07-01 09:53:51][INFO] SIM_BRIDGE: Applied heterogeneity to 4 parameters.
[2026-07-01 09:53:51][INFO] SIM_BRIDGE: Generating 3D neuron positions for 484 neurons...
[2026-07-01 09:53:51][INFO] SIM_BRIDGE: Generating connections (brain-region framework)...
[2026-07-01 09:53:51][WARNING] SIM_BRIDGE: No trait info available; all synapses default to E->E STP type.
[2026-07-01 09:53:51][INFO] SIM_BRIDGE: inject_explicit_wiring: installed 12 synapses across 1 populations.
[2026-07-01 09:53:51][INFO] SIM_BRIDGE: Initializing STP state for 12 synapses (capacity: 18)...
[2026-07-01 09:53:51][INFO] SIM_BRIDGE: Initializing eligibility traces for 12 synapses (capacity: 18, dtype: float32)...
[2026-07-01 09:53:51][WARNING] SIM_BRIDGE: No trait info available; all synapses default to E->E STP type.
[2026-07-01 09:53:51][INFO] SIM_BRIDGE: Initializing structural plasticity state...
[2026-07-01 09:53:51][INFO] SIM_BRIDGE: Simulation data initialized for 484 neurons (3D). Synapses: 12. GPU memory: 22.4GB/51.2GB (43.6%)
[2026-07-01 09:53:51][INFO] SIM_BRIDGE: NumPy backend (CPU (NumPy backend), 47.7 GB RAM available)
[2026-07-01 09:53:51][INFO] SIM_BRIDGE: Initializing simulation data for model: IZHIKEVICH (3D)... (playback_init: False)
[2026-07-01 09:53:51][INFO] SIM_BRIDGE: RNG initialized with seed: 43
[2026-07-01 09:53:51][INFO] SIM_BRIDGE: Initializing Izhikevich model specifics for 224 neurons...
[2026-07-01 09:53:51][INFO] SIM_BRIDGE: Applying parameter heterogeneity to neuron parameters...
[2026-07-01 09:53:51][INFO] SIM_BRIDGE: Applied heterogeneity to 4 parameters.
[2026-07-01 09:53:51][INFO] SIM_BRIDGE: Initializing OU process state (tau=15.0ms, sigma=20.0pA)...
[2026-07-01 09:53:51][INFO] SIM_BRIDGE: Generating 3D neuron positions for 224 neurons...
[2026-07-01 09:53:51][INFO] SIM_BRIDGE: Generating connections (3D)...
[2026-07-01 09:53:51][INFO] SIM_BRIDGE: Simulation data initialized for 224 neurons (3D). Synapses: 0. GPU memory: 22.4GB/51.2GB (43.6%)
[2026-07-01 09:53:51][INFO] SIM_BRIDGE: inject_explicit_wiring: installed 4800 synapses across 1 populations.
[2026-07-01 09:53:55][INFO] SIM_BRIDGE: NumPy backend (CPU (NumPy backend), 47.7 GB RAM available)
[2026-07-01 09:53:55][INFO] SIM_BRIDGE: Initializing simulation data for model: IZHIKEVICH (3D)... (playback_init: False)
[2026-07-01 09:53:55][INFO] SIM_BRIDGE: RNG initialized with seed: 43
[2026-07-01 09:53:55][INFO] SIM_BRIDGE: Initializing Izhikevich model specifics for 256 neurons...
[2026-07-01 09:53:55][INFO] SIM_BRIDGE: Applying parameter heterogeneity to neuron parameters...
[2026-07-01 09:53:55][INFO] SIM_BRIDGE: Applied heterogeneity to 4 parameters.
[2026-07-01 09:53:55][INFO] SIM_BRIDGE: Initializing OU process state (tau=15.0ms, sigma=0.0pA)...
[2026-07-01 09:53:55][INFO] SIM_BRIDGE: Generating 3D neuron positions for 256 neurons...
[2026-07-01 09:53:55][INFO] SIM_BRIDGE: Generating connections (3D)...
[2026-07-01 09:53:55][INFO] SIM_BRIDGE: Simulation data initialized for 256 neurons (3D). Synapses: 0. GPU memory: 22.4GB/51.2GB (43.6%)
[2026-07-01 09:53:55][INFO] SIM_BRIDGE: NumPy backend (CPU (NumPy backend), 47.7 GB RAM available)
[2026-07-01 09:53:55][INFO] SIM_BRIDGE: Initializing simulation data for model: IZHIKEVICH (3D)... (playback_init: False)
[2026-07-01 09:53:55][INFO] SIM_BRIDGE: RNG initialized with seed: 43
[2026-07-01 09:53:55][INFO] SIM_BRIDGE: Initializing Izhikevich model specifics for 512 neurons...
[2026-07-01 09:53:55][INFO] SIM_BRIDGE: Applying parameter heterogeneity to neuron parameters...
[2026-07-01 09:53:55][INFO] SIM_BRIDGE: Applied heterogeneity to 4 parameters.
[2026-07-01 09:53:55][INFO] SIM_BRIDGE: Initializing OU process state (tau=15.0ms, sigma=0.0pA)...
[2026-07-01 09:53:55][INFO] SIM_BRIDGE: Generating 3D neuron positions for 512 neurons...
[2026-07-01 09:53:55][INFO] SIM_BRIDGE: Generating connections (3D)...
[2026-07-01 09:53:55][INFO] SIM_BRIDGE: Simulation data initialized for 512 neurons (3D). Synapses: 0. GPU memory: 22.4GB/51.2GB (43.6%)
[2026-07-01 09:53:55][INFO] SIM_BRIDGE: NumPy backend (CPU (NumPy backend), 47.7 GB RAM available)
[2026-07-01 09:53:55][INFO] SIM_BRIDGE: Initializing simulation data for model: IZHIKEVICH (3D)... (playback_init: False)
[2026-07-01 09:53:55][INFO] SIM_BRIDGE: RNG initialized with seed: 43
[2026-07-01 09:53:55][INFO] SIM_BRIDGE: Initializing Izhikevich model specifics for 1024 neurons...
[2026-07-01 09:53:55][INFO] SIM_BRIDGE: Applying parameter heterogeneity to neuron parameters...
[2026-07-01 09:53:55][INFO] SIM_BRIDGE: Applied heterogeneity to 4 parameters.
[2026-07-01 09:53:55][INFO] SIM_BRIDGE: Initializing OU process state (tau=15.0ms, sigma=0.0pA)...
[2026-07-01 09:53:55][INFO] SIM_BRIDGE: Generating 3D neuron positions for 1024 neurons...
[2026-07-01 09:53:55][INFO] SIM_BRIDGE: Generating connections (3D)...
[2026-07-01 09:53:55][INFO] SIM_BRIDGE: Simulation data initialized for 1024 neurons (3D). Synapses: 0. GPU memory: 22.4GB/51.2GB (43.6%)
  [seed 43] NEURAL match 10/10 | qt_correct 10/10
[2026-07-01 09:53:56][INFO] SIM_BRIDGE: NumPy backend (CPU (NumPy backend), 47.7 GB RAM available)
[2026-07-01 09:53:56][INFO] SIM_BRIDGE: Initializing simulation data for model: IZHIKEVICH (3D)... (playback_init: False)
[2026-07-01 09:53:56][INFO] SIM_BRIDGE: RNG initialized with seed: 43
[2026-07-01 09:53:56][INFO] SIM_BRIDGE: Initializing Izhikevich model specifics for 126 neurons...
[2026-07-01 09:53:56][INFO] SIM_BRIDGE: Applying parameter heterogeneity to neuron parameters...
[2026-07-01 09:53:56][INFO] SIM_BRIDGE: Applied heterogeneity to 4 parameters.
[2026-07-01 09:53:56][INFO] SIM_BRIDGE: Initializing OU process state (tau=15.0ms, sigma=20.0pA)...
[2026-07-01 09:53:56][INFO] SIM_BRIDGE: Generating 3D neuron positions for 126 neurons...
[2026-07-01 09:53:56][INFO] SIM_BRIDGE: Generating connections (3D)...
[2026-07-01 09:53:56][INFO] SIM_BRIDGE: Simulation data initialized for 126 neurons (3D). Synapses: 0. GPU memory: 22.4GB/51.2GB (43.7%)
[2026-07-01 09:53:56][INFO] SIM_BRIDGE: inject_explicit_wiring: installed 720 synapses across 1 populations.
[2026-07-01 09:53:58][INFO] SIM_BRIDGE: NumPy backend (CPU (NumPy backend), 47.7 GB RAM available)
[2026-07-01 09:53:58][INFO] SIM_BRIDGE: Initializing simulation data for model: IZHIKEVICH (3D)... (playback_init: False)
[2026-07-01 09:53:58][INFO] SIM_BRIDGE: Brain-region framework: 2 regions, 484 total neurons, 0 pathways.
[2026-07-01 09:53:58][INFO] SIM_BRIDGE: RNG initialized with seed: 43
[2026-07-01 09:53:58][INFO] SIM_BRIDGE: Initializing Izhikevich model specifics for 484 neurons...
[2026-07-01 09:53:58][INFO] SIM_BRIDGE: Applying parameter heterogeneity to neuron parameters...
[2026-07-01 09:53:58][INFO] SIM_BRIDGE: Applied heterogeneity to 4 parameters.
[2026-07-01 09:53:58][INFO] SIM_BRIDGE: Generating 3D neuron positions for 484 neurons...
[2026-07-01 09:53:58][INFO] SIM_BRIDGE: Generating connections (brain-region framework)...
[2026-07-01 09:53:58][WARNING] SIM_BRIDGE: No trait info available; all synapses default to E->E STP type.
[2026-07-01 09:53:58][INFO] SIM_BRIDGE: inject_explicit_wiring: installed 12 synapses across 1 populations.
[2026-07-01 09:53:58][INFO] SIM_BRIDGE: Initializing STP state for 12 synapses (capacity: 18)...
[2026-07-01 09:53:58][INFO] SIM_BRIDGE: Initializing eligibility traces for 12 synapses (capacity: 18, dtype: float32)...
[2026-07-01 09:53:58][WARNING] SIM_BRIDGE: No trait info available; all synapses default to E->E STP type.
[2026-07-01 09:53:58][INFO] SIM_BRIDGE: Initializing structural plasticity state...
[2026-07-01 09:53:58][INFO] SIM_BRIDGE: Simulation data initialized for 484 neurons (3D). Synapses: 12. GPU memory: 22.4GB/51.2GB (43.6%)
[2026-07-01 09:53:58][INFO] SIM_BRIDGE: NumPy backend (CPU (NumPy backend), 47.7 GB RAM available)
[2026-07-01 09:53:58][INFO] SIM_BRIDGE: Initializing simulation data for model: IZHIKEVICH (3D)... (playback_init: False)
[2026-07-01 09:53:58][INFO] SIM_BRIDGE: RNG initialized with seed: 43
[2026-07-01 09:53:58][INFO] SIM_BRIDGE: Initializing Izhikevich model specifics for 224 neurons...
[2026-07-01 09:53:58][INFO] SIM_BRIDGE: Applying parameter heterogeneity to neuron parameters...
[2026-07-01 09:53:58][INFO] SIM_BRIDGE: Applied heterogeneity to 4 parameters.
[2026-07-01 09:53:58][INFO] SIM_BRIDGE: Initializing OU process state (tau=15.0ms, sigma=20.0pA)...
[2026-07-01 09:53:58][INFO] SIM_BRIDGE: Generating 3D neuron positions for 224 neurons...
[2026-07-01 09:53:58][INFO] SIM_BRIDGE: Generating connections (3D)...
[2026-07-01 09:53:58][INFO] SIM_BRIDGE: Simulation data initialized for 224 neurons (3D). Synapses: 0. GPU memory: 22.4GB/51.2GB (43.6%)
[2026-07-01 09:53:58][INFO] SIM_BRIDGE: inject_explicit_wiring: installed 4800 synapses across 1 populations.
[2026-07-01 09:54:02][INFO] SIM_BRIDGE: NumPy backend (CPU (NumPy backend), 47.7 GB RAM available)
[2026-07-01 09:54:02][INFO] SIM_BRIDGE: Initializing simulation data for model: IZHIKEVICH (3D)... (playback_init: False)
[2026-07-01 09:54:02][INFO] SIM_BRIDGE: RNG initialized with seed: 43
[2026-07-01 09:54:02][INFO] SIM_BRIDGE: Initializing Izhikevich model specifics for 256 neurons...
[2026-07-01 09:54:02][INFO] SIM_BRIDGE: Applying parameter heterogeneity to neuron parameters...
[2026-07-01 09:54:02][INFO] SIM_BRIDGE: Applied heterogeneity to 4 parameters.
[2026-07-01 09:54:02][INFO] SIM_BRIDGE: Initializing OU process state (tau=15.0ms, sigma=0.0pA)...
[2026-07-01 09:54:02][INFO] SIM_BRIDGE: Generating 3D neuron positions for 256 neurons...
[2026-07-01 09:54:02][INFO] SIM_BRIDGE: Generating connections (3D)...
[2026-07-01 09:54:02][INFO] SIM_BRIDGE: Simulation data initialized for 256 neurons (3D). Synapses: 0. GPU memory: 22.4GB/51.2GB (43.6%)
[2026-07-01 09:54:02][INFO] SIM_BRIDGE: NumPy backend (CPU (NumPy backend), 47.7 GB RAM available)
[2026-07-01 09:54:02][INFO] SIM_BRIDGE: Initializing simulation data for model: IZHIKEVICH (3D)... (playback_init: False)
[2026-07-01 09:54:02][INFO] SIM_BRIDGE: RNG initialized with seed: 43
[2026-07-01 09:54:02][INFO] SIM_BRIDGE: Initializing Izhikevich model specifics for 512 neurons...
[2026-07-01 09:54:02][INFO] SIM_BRIDGE: Applying parameter heterogeneity to neuron parameters...
[2026-07-01 09:54:02][INFO] SIM_BRIDGE: Applied heterogeneity to 4 parameters.
[2026-07-01 09:54:02][INFO] SIM_BRIDGE: Initializing OU process state (tau=15.0ms, sigma=0.0pA)...
[2026-07-01 09:54:02][INFO] SIM_BRIDGE: Generating 3D neuron positions for 512 neurons...
[2026-07-01 09:54:02][INFO] SIM_BRIDGE: Generating connections (3D)...
[2026-07-01 09:54:02][INFO] SIM_BRIDGE: Simulation data initialized for 512 neurons (3D). Synapses: 0. GPU memory: 22.4GB/51.2GB (43.6%)
[2026-07-01 09:54:02][INFO] SIM_BRIDGE: NumPy backend (CPU (NumPy backend), 47.7 GB RAM available)
[2026-07-01 09:54:02][INFO] SIM_BRIDGE: Initializing simulation data for model: IZHIKEVICH (3D)... (playback_init: False)
[2026-07-01 09:54:02][INFO] SIM_BRIDGE: RNG initialized with seed: 43
[2026-07-01 09:54:02][INFO] SIM_BRIDGE: Initializing Izhikevich model specifics for 1024 neurons...
[2026-07-01 09:54:02][INFO] SIM_BRIDGE: Applying parameter heterogeneity to neuron parameters...
[2026-07-01 09:54:02][INFO] SIM_BRIDGE: Applied heterogeneity to 4 parameters.
[2026-07-01 09:54:02][INFO] SIM_BRIDGE: Initializing OU process state (tau=15.0ms, sigma=0.0pA)...
[2026-07-01 09:54:02][INFO] SIM_BRIDGE: Generating 3D neuron positions for 1024 neurons...
[2026-07-01 09:54:02][INFO] SIM_BRIDGE: Generating connections (3D)...
[2026-07-01 09:54:02][INFO] SIM_BRIDGE: Simulation data initialized for 1024 neurons (3D). Synapses: 0. GPU memory: 22.4GB/51.2GB (43.6%)
[2026-07-01 09:54:02][INFO] SIM_BRIDGE: NumPy backend (CPU (NumPy backend), 47.7 GB RAM available)
[2026-07-01 09:54:02][INFO] SIM_BRIDGE: Initializing simulation data for model: IZHIKEVICH (3D)... (playback_init: False)
[2026-07-01 09:54:02][INFO] SIM_BRIDGE: RNG initialized with seed: 43
[2026-07-01 09:54:02][INFO] SIM_BRIDGE: Initializing Izhikevich model specifics for 126 neurons...
[2026-07-01 09:54:02][INFO] SIM_BRIDGE: Applying parameter heterogeneity to neuron parameters...
[2026-07-01 09:54:02][INFO] SIM_BRIDGE: Applied heterogeneity to 4 parameters.
[2026-07-01 09:54:02][INFO] SIM_BRIDGE: Initializing OU process state (tau=15.0ms, sigma=20.0pA)...
[2026-07-01 09:54:02][INFO] SIM_BRIDGE: Generating 3D neuron positions for 126 neurons...
[2026-07-01 09:54:02][INFO] SIM_BRIDGE: Generating connections (3D)...
[2026-07-01 09:54:02][INFO] SIM_BRIDGE: Simulation data initialized for 126 neurons (3D). Synapses: 0. GPU memory: 22.4GB/51.2GB (43.6%)
[2026-07-01 09:54:02][INFO] SIM_BRIDGE: inject_explicit_wiring: installed 720 synapses across 1 populations.
[2026-07-01 09:54:04][INFO] SIM_BRIDGE: NumPy backend (CPU (NumPy backend), 47.7 GB RAM available)
[2026-07-01 09:54:04][INFO] SIM_BRIDGE: Initializing simulation data for model: IZHIKEVICH (3D)... (playback_init: False)
[2026-07-01 09:54:04][INFO] SIM_BRIDGE: Brain-region framework: 2 regions, 484 total neurons, 0 pathways.
[2026-07-01 09:54:04][INFO] SIM_BRIDGE: RNG initialized with seed: 43
[2026-07-01 09:54:04][INFO] SIM_BRIDGE: Initializing Izhikevich model specifics for 484 neurons...
[2026-07-01 09:54:04][INFO] SIM_BRIDGE: Applying parameter heterogeneity to neuron parameters...
[2026-07-01 09:54:04][INFO] SIM_BRIDGE: Applied heterogeneity to 4 parameters.
[2026-07-01 09:54:04][INFO] SIM_BRIDGE: Generating 3D neuron positions for 484 neurons...
[2026-07-01 09:54:04][INFO] SIM_BRIDGE: Generating connections (brain-region framework)...
[2026-07-01 09:54:04][WARNING] SIM_BRIDGE: No trait info available; all synapses default to E->E STP type.
[2026-07-01 09:54:04][INFO] SIM_BRIDGE: inject_explicit_wiring: installed 12 synapses across 1 populations.
[2026-07-01 09:54:04][INFO] SIM_BRIDGE: Initializing STP state for 12 synapses (capacity: 18)...
[2026-07-01 09:54:04][INFO] SIM_BRIDGE: Initializing eligibility traces for 12 synapses (capacity: 18, dtype: float32)...
[2026-07-01 09:54:04][WARNING] SIM_BRIDGE: No trait info available; all synapses default to E->E STP type.
[2026-07-01 09:54:04][INFO] SIM_BRIDGE: Initializing structural plasticity state...
[2026-07-01 09:54:04][INFO] SIM_BRIDGE: Simulation data initialized for 484 neurons (3D). Synapses: 12. GPU memory: 22.4GB/51.2GB (43.6%)
[2026-07-01 09:54:04][INFO] SIM_BRIDGE: NumPy backend (CPU (NumPy backend), 47.7 GB RAM available)
[2026-07-01 09:54:04][INFO] SIM_BRIDGE: Initializing simulation data for model: IZHIKEVICH (3D)... (playback_init: False)
[2026-07-01 09:54:04][INFO] SIM_BRIDGE: RNG initialized with seed: 43
[2026-07-01 09:54:04][INFO] SIM_BRIDGE: Initializing Izhikevich model specifics for 224 neurons...
[2026-07-01 09:54:04][INFO] SIM_BRIDGE: Applying parameter heterogeneity to neuron parameters...
[2026-07-01 09:54:04][INFO] SIM_BRIDGE: Applied heterogeneity to 4 parameters.
[2026-07-01 09:54:04][INFO] SIM_BRIDGE: Initializing OU process state (tau=15.0ms, sigma=20.0pA)...
[2026-07-01 09:54:04][INFO] SIM_BRIDGE: Generating 3D neuron positions for 224 neurons...
[2026-07-01 09:54:04][INFO] SIM_BRIDGE: Generating connections (3D)...
[2026-07-01 09:54:04][INFO] SIM_BRIDGE: Simulation data initialized for 224 neurons (3D). Synapses: 0. GPU memory: 22.4GB/51.2GB (43.6%)
[2026-07-01 09:54:04][INFO] SIM_BRIDGE: inject_explicit_wiring: installed 4800 synapses across 1 populations.
           permuted match 3/10 (want low) | lesion abstain 10/10 (want all)
[2026-07-01 09:54:08][INFO] SIM_BRIDGE: NumPy backend (CPU (NumPy backend), 47.7 GB RAM available)
[2026-07-01 09:54:08][INFO] SIM_BRIDGE: Initializing simulation data for model: IZHIKEVICH (3D)... (playback_init: False)
[2026-07-01 09:54:08][INFO] SIM_BRIDGE: RNG initialized with seed: 44
[2026-07-01 09:54:08][INFO] SIM_BRIDGE: Initializing Izhikevich model specifics for 126 neurons...
[2026-07-01 09:54:08][INFO] SIM_BRIDGE: Applying parameter heterogeneity to neuron parameters...
[2026-07-01 09:54:08][INFO] SIM_BRIDGE: Applied heterogeneity to 4 parameters.
[2026-07-01 09:54:08][INFO] SIM_BRIDGE: Initializing OU process state (tau=15.0ms, sigma=20.0pA)...
[2026-07-01 09:54:08][INFO] SIM_BRIDGE: Generating 3D neuron positions for 126 neurons...
[2026-07-01 09:54:08][INFO] SIM_BRIDGE: Generating connections (3D)...
[2026-07-01 09:54:08][INFO] SIM_BRIDGE: Simulation data initialized for 126 neurons (3D). Synapses: 0. GPU memory: 22.4GB/51.2GB (43.6%)
[2026-07-01 09:54:08][INFO] SIM_BRIDGE: inject_explicit_wiring: installed 720 synapses across 1 populations.
[2026-07-01 09:54:10][INFO] SIM_BRIDGE: NumPy backend (CPU (NumPy backend), 47.7 GB RAM available)
[2026-07-01 09:54:10][INFO] SIM_BRIDGE: Initializing simulation data for model: IZHIKEVICH (3D)... (playback_init: False)
[2026-07-01 09:54:10][INFO] SIM_BRIDGE: Brain-region framework: 2 regions, 484 total neurons, 0 pathways.
[2026-07-01 09:54:10][INFO] SIM_BRIDGE: RNG initialized with seed: 44
[2026-07-01 09:54:10][INFO] SIM_BRIDGE: Initializing Izhikevich model specifics for 484 neurons...
[2026-07-01 09:54:10][INFO] SIM_BRIDGE: Applying parameter heterogeneity to neuron parameters...
[2026-07-01 09:54:10][INFO] SIM_BRIDGE: Applied heterogeneity to 4 parameters.
[2026-07-01 09:54:10][INFO] SIM_BRIDGE: Generating 3D neuron positions for 484 neurons...
[2026-07-01 09:54:10][INFO] SIM_BRIDGE: Generating connections (brain-region framework)...
[2026-07-01 09:54:10][WARNING] SIM_BRIDGE: No trait info available; all synapses default to E->E STP type.
[2026-07-01 09:54:10][INFO] SIM_BRIDGE: inject_explicit_wiring: installed 12 synapses across 1 populations.
[2026-07-01 09:54:10][INFO] SIM_BRIDGE: Initializing STP state for 12 synapses (capacity: 18)...
[2026-07-01 09:54:10][INFO] SIM_BRIDGE: Initializing eligibility traces for 12 synapses (capacity: 18, dtype: float32)...
[2026-07-01 09:54:10][WARNING] SIM_BRIDGE: No trait info available; all synapses default to E->E STP type.
[2026-07-01 09:54:10][INFO] SIM_BRIDGE: Initializing structural plasticity state...
[2026-07-01 09:54:10][INFO] SIM_BRIDGE: Simulation data initialized for 484 neurons (3D). Synapses: 12. GPU memory: 22.4GB/51.2GB (43.6%)
[2026-07-01 09:54:10][INFO] SIM_BRIDGE: NumPy backend (CPU (NumPy backend), 47.7 GB RAM available)
[2026-07-01 09:54:10][INFO] SIM_BRIDGE: Initializing simulation data for model: IZHIKEVICH (3D)... (playback_init: False)
[2026-07-01 09:54:10][INFO] SIM_BRIDGE: RNG initialized with seed: 44
[2026-07-01 09:54:10][INFO] SIM_BRIDGE: Initializing Izhikevich model specifics for 224 neurons...
[2026-07-01 09:54:10][INFO] SIM_BRIDGE: Applying parameter heterogeneity to neuron parameters...
[2026-07-01 09:54:10][INFO] SIM_BRIDGE: Applied heterogeneity to 4 parameters.
[2026-07-01 09:54:10][INFO] SIM_BRIDGE: Initializing OU process state (tau=15.0ms, sigma=20.0pA)...
[2026-07-01 09:54:10][INFO] SIM_BRIDGE: Generating 3D neuron positions for 224 neurons...
[2026-07-01 09:54:10][INFO] SIM_BRIDGE: Generating connections (3D)...
[2026-07-01 09:54:10][INFO] SIM_BRIDGE: Simulation data initialized for 224 neurons (3D). Synapses: 0. GPU memory: 22.4GB/51.2GB (43.6%)
[2026-07-01 09:54:10][INFO] SIM_BRIDGE: inject_explicit_wiring: installed 4800 synapses across 1 populations.
[2026-07-01 09:54:14][INFO] SIM_BRIDGE: NumPy backend (CPU (NumPy backend), 47.7 GB RAM available)
[2026-07-01 09:54:14][INFO] SIM_BRIDGE: Initializing simulation data for model: IZHIKEVICH (3D)... (playback_init: False)
[2026-07-01 09:54:14][INFO] SIM_BRIDGE: RNG initialized with seed: 44
[2026-07-01 09:54:14][INFO] SIM_BRIDGE: Initializing Izhikevich model specifics for 256 neurons...
[2026-07-01 09:54:14][INFO] SIM_BRIDGE: Applying parameter heterogeneity to neuron parameters...
[2026-07-01 09:54:14][INFO] SIM_BRIDGE: Applied heterogeneity to 4 parameters.
[2026-07-01 09:54:14][INFO] SIM_BRIDGE: Initializing OU process state (tau=15.0ms, sigma=0.0pA)...
[2026-07-01 09:54:14][INFO] SIM_BRIDGE: Generating 3D neuron positions for 256 neurons...
[2026-07-01 09:54:14][INFO] SIM_BRIDGE: Generating connections (3D)...
[2026-07-01 09:54:14][INFO] SIM_BRIDGE: Simulation data initialized for 256 neurons (3D). Synapses: 0. GPU memory: 22.4GB/51.2GB (43.6%)
[2026-07-01 09:54:14][INFO] SIM_BRIDGE: NumPy backend (CPU (NumPy backend), 47.7 GB RAM available)
[2026-07-01 09:54:14][INFO] SIM_BRIDGE: Initializing simulation data for model: IZHIKEVICH (3D)... (playback_init: False)
[2026-07-01 09:54:14][INFO] SIM_BRIDGE: RNG initialized with seed: 44
[2026-07-01 09:54:14][INFO] SIM_BRIDGE: Initializing Izhikevich model specifics for 512 neurons...
[2026-07-01 09:54:14][INFO] SIM_BRIDGE: Applying parameter heterogeneity to neuron parameters...
[2026-07-01 09:54:14][INFO] SIM_BRIDGE: Applied heterogeneity to 4 parameters.
[2026-07-01 09:54:14][INFO] SIM_BRIDGE: Initializing OU process state (tau=15.0ms, sigma=0.0pA)...
[2026-07-01 09:54:14][INFO] SIM_BRIDGE: Generating 3D neuron positions for 512 neurons...
[2026-07-01 09:54:14][INFO] SIM_BRIDGE: Generating connections (3D)...
[2026-07-01 09:54:14][INFO] SIM_BRIDGE: Simulation data initialized for 512 neurons (3D). Synapses: 0. GPU memory: 22.4GB/51.2GB (43.6%)
[2026-07-01 09:54:14][INFO] SIM_BRIDGE: NumPy backend (CPU (NumPy backend), 47.7 GB RAM available)
[2026-07-01 09:54:14][INFO] SIM_BRIDGE: Initializing simulation data for model: IZHIKEVICH (3D)... (playback_init: False)
[2026-07-01 09:54:14][INFO] SIM_BRIDGE: RNG initialized with seed: 44
[2026-07-01 09:54:14][INFO] SIM_BRIDGE: Initializing Izhikevich model specifics for 1024 neurons...
[2026-07-01 09:54:14][INFO] SIM_BRIDGE: Applying parameter heterogeneity to neuron parameters...
[2026-07-01 09:54:14][INFO] SIM_BRIDGE: Applied heterogeneity to 4 parameters.
[2026-07-01 09:54:14][INFO] SIM_BRIDGE: Initializing OU process state (tau=15.0ms, sigma=0.0pA)...
[2026-07-01 09:54:14][INFO] SIM_BRIDGE: Generating 3D neuron positions for 1024 neurons...
[2026-07-01 09:54:14][INFO] SIM_BRIDGE: Generating connections (3D)...
[2026-07-01 09:54:14][INFO] SIM_BRIDGE: Simulation data initialized for 1024 neurons (3D). Synapses: 0. GPU memory: 22.4GB/51.2GB (43.7%)
  [seed 44] NEURAL match 10/10 | qt_correct 10/10
[2026-07-01 09:54:15][INFO] SIM_BRIDGE: NumPy backend (CPU (NumPy backend), 47.7 GB RAM available)
[2026-07-01 09:54:15][INFO] SIM_BRIDGE: Initializing simulation data for model: IZHIKEVICH (3D)... (playback_init: False)
[2026-07-01 09:54:15][INFO] SIM_BRIDGE: RNG initialized with seed: 44
[2026-07-01 09:54:15][INFO] SIM_BRIDGE: Initializing Izhikevich model specifics for 126 neurons...
[2026-07-01 09:54:15][INFO] SIM_BRIDGE: Applying parameter heterogeneity to neuron parameters...
[2026-07-01 09:54:15][INFO] SIM_BRIDGE: Applied heterogeneity to 4 parameters.
[2026-07-01 09:54:15][INFO] SIM_BRIDGE: Initializing OU process state (tau=15.0ms, sigma=20.0pA)...
[2026-07-01 09:54:15][INFO] SIM_BRIDGE: Generating 3D neuron positions for 126 neurons...
[2026-07-01 09:54:15][INFO] SIM_BRIDGE: Generating connections (3D)...
[2026-07-01 09:54:15][INFO] SIM_BRIDGE: Simulation data initialized for 126 neurons (3D). Synapses: 0. GPU memory: 22.4GB/51.2GB (43.7%)
[2026-07-01 09:54:15][INFO] SIM_BRIDGE: inject_explicit_wiring: installed 720 synapses across 1 populations.
[2026-07-01 09:54:17][INFO] SIM_BRIDGE: NumPy backend (CPU (NumPy backend), 47.7 GB RAM available)
[2026-07-01 09:54:17][INFO] SIM_BRIDGE: Initializing simulation data for model: IZHIKEVICH (3D)... (playback_init: False)
[2026-07-01 09:54:17][INFO] SIM_BRIDGE: Brain-region framework: 2 regions, 484 total neurons, 0 pathways.
[2026-07-01 09:54:17][INFO] SIM_BRIDGE: RNG initialized with seed: 44
[2026-07-01 09:54:17][INFO] SIM_BRIDGE: Initializing Izhikevich model specifics for 484 neurons...
[2026-07-01 09:54:17][INFO] SIM_BRIDGE: Applying parameter heterogeneity to neuron parameters...
[2026-07-01 09:54:17][INFO] SIM_BRIDGE: Applied heterogeneity to 4 parameters.
[2026-07-01 09:54:17][INFO] SIM_BRIDGE: Generating 3D neuron positions for 484 neurons...
[2026-07-01 09:54:17][INFO] SIM_BRIDGE: Generating connections (brain-region framework)...
[2026-07-01 09:54:17][WARNING] SIM_BRIDGE: No trait info available; all synapses default to E->E STP type.
[2026-07-01 09:54:17][INFO] SIM_BRIDGE: inject_explicit_wiring: installed 12 synapses across 1 populations.
[2026-07-01 09:54:17][INFO] SIM_BRIDGE: Initializing STP state for 12 synapses (capacity: 18)...
[2026-07-01 09:54:17][INFO] SIM_BRIDGE: Initializing eligibility traces for 12 synapses (capacity: 18, dtype: float32)...
[2026-07-01 09:54:17][WARNING] SIM_BRIDGE: No trait info available; all synapses default to E->E STP type.
[2026-07-01 09:54:17][INFO] SIM_BRIDGE: Initializing structural plasticity state...
[2026-07-01 09:54:17][INFO] SIM_BRIDGE: Simulation data initialized for 484 neurons (3D). Synapses: 12. GPU memory: 22.4GB/51.2GB (43.6%)
[2026-07-01 09:54:17][INFO] SIM_BRIDGE: NumPy backend (CPU (NumPy backend), 47.7 GB RAM available)
[2026-07-01 09:54:17][INFO] SIM_BRIDGE: Initializing simulation data for model: IZHIKEVICH (3D)... (playback_init: False)
[2026-07-01 09:54:17][INFO] SIM_BRIDGE: RNG initialized with seed: 44
[2026-07-01 09:54:17][INFO] SIM_BRIDGE: Initializing Izhikevich model specifics for 224 neurons...
[2026-07-01 09:54:17][INFO] SIM_BRIDGE: Applying parameter heterogeneity to neuron parameters...
[2026-07-01 09:54:17][INFO] SIM_BRIDGE: Applied heterogeneity to 4 parameters.
[2026-07-01 09:54:17][INFO] SIM_BRIDGE: Initializing OU process state (tau=15.0ms, sigma=20.0pA)...
[2026-07-01 09:54:17][INFO] SIM_BRIDGE: Generating 3D neuron positions for 224 neurons...
[2026-07-01 09:54:17][INFO] SIM_BRIDGE: Generating connections (3D)...
[2026-07-01 09:54:17][INFO] SIM_BRIDGE: Simulation data initialized for 224 neurons (3D). Synapses: 0. GPU memory: 22.4GB/51.2GB (43.6%)
[2026-07-01 09:54:17][INFO] SIM_BRIDGE: inject_explicit_wiring: installed 4800 synapses across 1 populations.
[2026-07-01 09:54:21][INFO] SIM_BRIDGE: NumPy backend (CPU (NumPy backend), 47.7 GB RAM available)
[2026-07-01 09:54:21][INFO] SIM_BRIDGE: Initializing simulation data for model: IZHIKEVICH (3D)... (playback_init: False)
[2026-07-01 09:54:21][INFO] SIM_BRIDGE: RNG initialized with seed: 44
[2026-07-01 09:54:21][INFO] SIM_BRIDGE: Initializing Izhikevich model specifics for 256 neurons...
[2026-07-01 09:54:21][INFO] SIM_BRIDGE: Applying parameter heterogeneity to neuron parameters...
[2026-07-01 09:54:21][INFO] SIM_BRIDGE: Applied heterogeneity to 4 parameters.
[2026-07-01 09:54:21][INFO] SIM_BRIDGE: Initializing OU process state (tau=15.0ms, sigma=0.0pA)...
[2026-07-01 09:54:21][INFO] SIM_BRIDGE: Generating 3D neuron positions for 256 neurons...
[2026-07-01 09:54:21][INFO] SIM_BRIDGE: Generating connections (3D)...
[2026-07-01 09:54:21][INFO] SIM_BRIDGE: Simulation data initialized for 256 neurons (3D). Synapses: 0. GPU memory: 22.4GB/51.2GB (43.7%)
[2026-07-01 09:54:21][INFO] SIM_BRIDGE: NumPy backend (CPU (NumPy backend), 47.7 GB RAM available)
[2026-07-01 09:54:21][INFO] SIM_BRIDGE: Initializing simulation data for model: IZHIKEVICH (3D)... (playback_init: False)
[2026-07-01 09:54:21][INFO] SIM_BRIDGE: RNG initialized with seed: 44
[2026-07-01 09:54:21][INFO] SIM_BRIDGE: Initializing Izhikevich model specifics for 512 neurons...
[2026-07-01 09:54:21][INFO] SIM_BRIDGE: Applying parameter heterogeneity to neuron parameters...
[2026-07-01 09:54:21][INFO] SIM_BRIDGE: Applied heterogeneity to 4 parameters.
[2026-07-01 09:54:21][INFO] SIM_BRIDGE: Initializing OU process state (tau=15.0ms, sigma=0.0pA)...
[2026-07-01 09:54:21][INFO] SIM_BRIDGE: Generating 3D neuron positions for 512 neurons...
[2026-07-01 09:54:21][INFO] SIM_BRIDGE: Generating connections (3D)...
[2026-07-01 09:54:21][INFO] SIM_BRIDGE: Simulation data initialized for 512 neurons (3D). Synapses: 0. GPU memory: 22.4GB/51.2GB (43.7%)
[2026-07-01 09:54:21][INFO] SIM_BRIDGE: NumPy backend (CPU (NumPy backend), 47.7 GB RAM available)
[2026-07-01 09:54:21][INFO] SIM_BRIDGE: Initializing simulation data for model: IZHIKEVICH (3D)... (playback_init: False)
[2026-07-01 09:54:21][INFO] SIM_BRIDGE: RNG initialized with seed: 44
[2026-07-01 09:54:21][INFO] SIM_BRIDGE: Initializing Izhikevich model specifics for 1024 neurons...
[2026-07-01 09:54:21][INFO] SIM_BRIDGE: Applying parameter heterogeneity to neuron parameters...
[2026-07-01 09:54:21][INFO] SIM_BRIDGE: Applied heterogeneity to 4 parameters.
[2026-07-01 09:54:21][INFO] SIM_BRIDGE: Initializing OU process state (tau=15.0ms, sigma=0.0pA)...
[2026-07-01 09:54:21][INFO] SIM_BRIDGE: Generating 3D neuron positions for 1024 neurons...
[2026-07-01 09:54:21][INFO] SIM_BRIDGE: Generating connections (3D)...
[2026-07-01 09:54:21][INFO] SIM_BRIDGE: Simulation data initialized for 1024 neurons (3D). Synapses: 0. GPU memory: 22.4GB/51.2GB (43.8%)
[2026-07-01 09:54:22][INFO] SIM_BRIDGE: NumPy backend (CPU (NumPy backend), 47.7 GB RAM available)
[2026-07-01 09:54:22][INFO] SIM_BRIDGE: Initializing simulation data for model: IZHIKEVICH (3D)... (playback_init: False)
[2026-07-01 09:54:22][INFO] SIM_BRIDGE: RNG initialized with seed: 44
[2026-07-01 09:54:22][INFO] SIM_BRIDGE: Initializing Izhikevich model specifics for 126 neurons...
[2026-07-01 09:54:22][INFO] SIM_BRIDGE: Applying parameter heterogeneity to neuron parameters...
[2026-07-01 09:54:22][INFO] SIM_BRIDGE: Applied heterogeneity to 4 parameters.
[2026-07-01 09:54:22][INFO] SIM_BRIDGE: Initializing OU process state (tau=15.0ms, sigma=20.0pA)...
[2026-07-01 09:54:22][INFO] SIM_BRIDGE: Generating 3D neuron positions for 126 neurons...
[2026-07-01 09:54:22][INFO] SIM_BRIDGE: Generating connections (3D)...
[2026-07-01 09:54:22][INFO] SIM_BRIDGE: Simulation data initialized for 126 neurons (3D). Synapses: 0. GPU memory: 22.5GB/51.2GB (43.9%)
[2026-07-01 09:54:22][INFO] SIM_BRIDGE: inject_explicit_wiring: installed 720 synapses across 1 populations.
[2026-07-01 09:54:24][INFO] SIM_BRIDGE: NumPy backend (CPU (NumPy backend), 47.7 GB RAM available)
[2026-07-01 09:54:24][INFO] SIM_BRIDGE: Initializing simulation data for model: IZHIKEVICH (3D)... (playback_init: False)
[2026-07-01 09:54:24][INFO] SIM_BRIDGE: Brain-region framework: 2 regions, 484 total neurons, 0 pathways.
[2026-07-01 09:54:24][INFO] SIM_BRIDGE: RNG initialized with seed: 44
[2026-07-01 09:54:24][INFO] SIM_BRIDGE: Initializing Izhikevich model specifics for 484 neurons...
[2026-07-01 09:54:24][INFO] SIM_BRIDGE: Applying parameter heterogeneity to neuron parameters...
[2026-07-01 09:54:24][INFO] SIM_BRIDGE: Applied heterogeneity to 4 parameters.
[2026-07-01 09:54:24][INFO] SIM_BRIDGE: Generating 3D neuron positions for 484 neurons...
[2026-07-01 09:54:24][INFO] SIM_BRIDGE: Generating connections (brain-region framework)...
[2026-07-01 09:54:24][WARNING] SIM_BRIDGE: No trait info available; all synapses default to E->E STP type.
[2026-07-01 09:54:24][INFO] SIM_BRIDGE: inject_explicit_wiring: installed 12 synapses across 1 populations.
[2026-07-01 09:54:24][INFO] SIM_BRIDGE: Initializing STP state for 12 synapses (capacity: 18)...
[2026-07-01 09:54:24][INFO] SIM_BRIDGE: Initializing eligibility traces for 12 synapses (capacity: 18, dtype: float32)...
[2026-07-01 09:54:24][WARNING] SIM_BRIDGE: No trait info available; all synapses default to E->E STP type.
[2026-07-01 09:54:24][INFO] SIM_BRIDGE: Initializing structural plasticity state...
[2026-07-01 09:54:24][INFO] SIM_BRIDGE: Simulation data initialized for 484 neurons (3D). Synapses: 12. GPU memory: 22.4GB/51.2GB (43.6%)
[2026-07-01 09:54:24][INFO] SIM_BRIDGE: NumPy backend (CPU (NumPy backend), 47.7 GB RAM available)
[2026-07-01 09:54:24][INFO] SIM_BRIDGE: Initializing simulation data for model: IZHIKEVICH (3D)... (playback_init: False)
[2026-07-01 09:54:24][INFO] SIM_BRIDGE: RNG initialized with seed: 44
[2026-07-01 09:54:24][INFO] SIM_BRIDGE: Initializing Izhikevich model specifics for 224 neurons...
[2026-07-01 09:54:24][INFO] SIM_BRIDGE: Applying parameter heterogeneity to neuron parameters...
[2026-07-01 09:54:24][INFO] SIM_BRIDGE: Applied heterogeneity to 4 parameters.
[2026-07-01 09:54:24][INFO] SIM_BRIDGE: Initializing OU process state (tau=15.0ms, sigma=20.0pA)...
[2026-07-01 09:54:24][INFO] SIM_BRIDGE: Generating 3D neuron positions for 224 neurons...
[2026-07-01 09:54:24][INFO] SIM_BRIDGE: Generating connections (3D)...
[2026-07-01 09:54:24][INFO] SIM_BRIDGE: Simulation data initialized for 224 neurons (3D). Synapses: 0. GPU memory: 22.4GB/51.2GB (43.6%)
[2026-07-01 09:54:24][INFO] SIM_BRIDGE: inject_explicit_wiring: installed 4800 synapses across 1 populations.
           permuted match 3/10 (want low) | lesion abstain 10/10 (want all)

  --- sample neural parses (seed 42) ---
    'what does the dog eat ?' -> neural ['patient', ['dog', 'eat']]  (gt ['patient', ['dog', 'eat']])
    'what does the cat eat ?' -> neural ['patient', ['cat', 'eat']]  (gt ['patient', ['cat', 'eat']])
    'what does the dog like ?' -> neural ['patient', ['dog', 'like']]  (gt ['patient', ['dog', 'like']])
    'what does the dog like ?' -> neural ['patient', ['dog', 'like']]  (gt ['patient', ['dog', 'like']])

============================================================================================================
[phase7-parser] VERDICT: GO -- the NEURAL interrogative parser matches the host scaffold on held-out questions (query-type + cue) via the composer (wh->type) + BridgeParser (content-in-frame), the PERMUTED wh->type map breaks it (load-bearing, not a host fallback), and the LESION abstains. >=3 seeds. The wh/aux question-parse scaffold is burned down to brain mechanisms.
[phase7-parser] wrote E:\Documents\Projects\sim\research\findings\raw\_fluidconv_phase7_neural_interrog_parser.json
============================================================================================================
