C:\Users\dant123\AppData\Roaming\Python\Python312\site-packages\torch\nn\modules\module.py:1367: UserWarning: expandable_segments not supported on this platform (Triggered internally at C:\actions-runner\_work\pytorch\pytorch\pytorch\c10/cuda/CUDAAllocatorConfig.h:39.)
  return t.to(
[2026-07-01 12:41:08][INFO] SIM_BRIDGE: NumPy backend (CPU (NumPy backend), 47.7 GB RAM available)
[2026-07-01 12:41:08][INFO] SIM_BRIDGE: Initializing simulation data for model: IZHIKEVICH (3D)... (playback_init: False)
[2026-07-01 12:41:08][INFO] SIM_BRIDGE: RNG initialized with seed: 42
[2026-07-01 12:41:08][INFO] SIM_BRIDGE: Initializing Izhikevich model specifics for 126 neurons...
[2026-07-01 12:41:08][INFO] SIM_BRIDGE: Applying parameter heterogeneity to neuron parameters...
[2026-07-01 12:41:08][INFO] SIM_BRIDGE: Applied heterogeneity to 4 parameters.
[2026-07-01 12:41:08][INFO] SIM_BRIDGE: Initializing OU process state (tau=15.0ms, sigma=20.0pA)...
[2026-07-01 12:41:08][INFO] SIM_BRIDGE: Generating 3D neuron positions for 126 neurons...
[2026-07-01 12:41:08][INFO] SIM_BRIDGE: Generating connections (3D)...
[2026-07-01 12:41:08][INFO] SIM_BRIDGE: Simulation data initialized for 126 neurons (3D). Synapses: 0. GPU memory: 22.3GB/51.2GB (43.5%)
[2026-07-01 12:41:08][INFO] SIM_BRIDGE: inject_explicit_wiring: installed 720 synapses across 1 populations.
[2026-07-01 12:41:11][INFO] SIM_BRIDGE: NumPy backend (CPU (NumPy backend), 47.7 GB RAM available)
[2026-07-01 12:41:11][INFO] SIM_BRIDGE: Initializing simulation data for model: IZHIKEVICH (3D)... (playback_init: False)
[2026-07-01 12:41:11][INFO] SIM_BRIDGE: Brain-region framework: 2 regions, 484 total neurons, 0 pathways.
[2026-07-01 12:41:11][INFO] SIM_BRIDGE: RNG initialized with seed: 42
[2026-07-01 12:41:11][INFO] SIM_BRIDGE: Initializing Izhikevich model specifics for 484 neurons...
[2026-07-01 12:41:11][INFO] SIM_BRIDGE: Applying parameter heterogeneity to neuron parameters...
[2026-07-01 12:41:11][INFO] SIM_BRIDGE: Applied heterogeneity to 4 parameters.
[2026-07-01 12:41:11][INFO] SIM_BRIDGE: Generating 3D neuron positions for 484 neurons...
[2026-07-01 12:41:11][INFO] SIM_BRIDGE: Generating connections (brain-region framework)...
[2026-07-01 12:41:11][WARNING] SIM_BRIDGE: No trait info available; all synapses default to E->E STP type.
[2026-07-01 12:41:11][INFO] SIM_BRIDGE: inject_explicit_wiring: installed 12 synapses across 1 populations.
[2026-07-01 12:41:11][INFO] SIM_BRIDGE: Initializing STP state for 12 synapses (capacity: 18)...
[2026-07-01 12:41:11][INFO] SIM_BRIDGE: Initializing eligibility traces for 12 synapses (capacity: 18, dtype: float32)...
[2026-07-01 12:41:11][WARNING] SIM_BRIDGE: No trait info available; all synapses default to E->E STP type.
[2026-07-01 12:41:11][INFO] SIM_BRIDGE: Initializing structural plasticity state...
[2026-07-01 12:41:11][INFO] SIM_BRIDGE: Simulation data initialized for 484 neurons (3D). Synapses: 12. GPU memory: 22.3GB/51.2GB (43.5%)
[2026-07-01 12:41:11][INFO] SIM_BRIDGE: NumPy backend (CPU (NumPy backend), 47.7 GB RAM available)
[2026-07-01 12:41:11][INFO] SIM_BRIDGE: Initializing simulation data for model: IZHIKEVICH (3D)... (playback_init: False)
[2026-07-01 12:41:11][INFO] SIM_BRIDGE: RNG initialized with seed: 42
[2026-07-01 12:41:11][INFO] SIM_BRIDGE: Initializing Izhikevich model specifics for 224 neurons...
[2026-07-01 12:41:11][INFO] SIM_BRIDGE: Applying parameter heterogeneity to neuron parameters...
[2026-07-01 12:41:11][INFO] SIM_BRIDGE: Applied heterogeneity to 4 parameters.
[2026-07-01 12:41:11][INFO] SIM_BRIDGE: Initializing OU process state (tau=15.0ms, sigma=20.0pA)...
[2026-07-01 12:41:11][INFO] SIM_BRIDGE: Generating 3D neuron positions for 224 neurons...
[2026-07-01 12:41:11][INFO] SIM_BRIDGE: Generating connections (3D)...
[2026-07-01 12:41:11][INFO] SIM_BRIDGE: Simulation data initialized for 224 neurons (3D). Synapses: 0. GPU memory: 22.3GB/51.2GB (43.5%)
[2026-07-01 12:41:11][INFO] SIM_BRIDGE: inject_explicit_wiring: installed 4800 synapses across 1 populations.
[2026-07-01 12:41:15][INFO] SIM_BRIDGE: NumPy backend (CPU (NumPy backend), 47.7 GB RAM available)
[2026-07-01 12:41:15][INFO] SIM_BRIDGE: Initializing simulation data for model: IZHIKEVICH (3D)... (playback_init: False)
[2026-07-01 12:41:15][INFO] SIM_BRIDGE: RNG initialized with seed: 42
[2026-07-01 12:41:15][INFO] SIM_BRIDGE: Initializing Izhikevich model specifics for 256 neurons...
[2026-07-01 12:41:15][INFO] SIM_BRIDGE: Applying parameter heterogeneity to neuron parameters...
[2026-07-01 12:41:15][INFO] SIM_BRIDGE: Applied heterogeneity to 4 parameters.
[2026-07-01 12:41:15][INFO] SIM_BRIDGE: Initializing OU process state (tau=15.0ms, sigma=0.0pA)...
[2026-07-01 12:41:15][INFO] SIM_BRIDGE: Generating 3D neuron positions for 256 neurons...
[2026-07-01 12:41:15][INFO] SIM_BRIDGE: Generating connections (3D)...
[2026-07-01 12:41:15][INFO] SIM_BRIDGE: Simulation data initialized for 256 neurons (3D). Synapses: 0. GPU memory: 22.3GB/51.2GB (43.5%)
[2026-07-01 12:41:15][INFO] SIM_BRIDGE: NumPy backend (CPU (NumPy backend), 47.7 GB RAM available)
[2026-07-01 12:41:15][INFO] SIM_BRIDGE: Initializing simulation data for model: IZHIKEVICH (3D)... (playback_init: False)
[2026-07-01 12:41:15][INFO] SIM_BRIDGE: RNG initialized with seed: 42
[2026-07-01 12:41:15][INFO] SIM_BRIDGE: Initializing Izhikevich model specifics for 512 neurons...
[2026-07-01 12:41:15][INFO] SIM_BRIDGE: Applying parameter heterogeneity to neuron parameters...
[2026-07-01 12:41:15][INFO] SIM_BRIDGE: Applied heterogeneity to 4 parameters.
[2026-07-01 12:41:15][INFO] SIM_BRIDGE: Initializing OU process state (tau=15.0ms, sigma=0.0pA)...
[2026-07-01 12:41:15][INFO] SIM_BRIDGE: Generating 3D neuron positions for 512 neurons...
[2026-07-01 12:41:15][INFO] SIM_BRIDGE: Generating connections (3D)...
[2026-07-01 12:41:15][INFO] SIM_BRIDGE: Simulation data initialized for 512 neurons (3D). Synapses: 0. GPU memory: 22.3GB/51.2GB (43.5%)
[2026-07-01 12:41:17][INFO] SIM_BRIDGE: NumPy backend (CPU (NumPy backend), 47.7 GB RAM available)
[2026-07-01 12:41:17][INFO] SIM_BRIDGE: Initializing simulation data for model: IZHIKEVICH (3D)... (playback_init: False)
[2026-07-01 12:41:17][INFO] SIM_BRIDGE: RNG initialized with seed: 42
[2026-07-01 12:41:17][INFO] SIM_BRIDGE: Initializing Izhikevich model specifics for 126 neurons...
[2026-07-01 12:41:17][INFO] SIM_BRIDGE: Applying parameter heterogeneity to neuron parameters...
[2026-07-01 12:41:17][INFO] SIM_BRIDGE: Applied heterogeneity to 4 parameters.
[2026-07-01 12:41:17][INFO] SIM_BRIDGE: Initializing OU process state (tau=15.0ms, sigma=20.0pA)...
[2026-07-01 12:41:17][INFO] SIM_BRIDGE: Generating 3D neuron positions for 126 neurons...
[2026-07-01 12:41:17][INFO] SIM_BRIDGE: Generating connections (3D)...
[2026-07-01 12:41:17][INFO] SIM_BRIDGE: Simulation data initialized for 126 neurons (3D). Synapses: 0. GPU memory: 23.0GB/51.2GB (44.9%)
[2026-07-01 12:41:17][INFO] SIM_BRIDGE: inject_explicit_wiring: installed 720 synapses across 1 populations.
[2026-07-01 12:41:19][INFO] SIM_BRIDGE: NumPy backend (CPU (NumPy backend), 47.7 GB RAM available)
[2026-07-01 12:41:19][INFO] SIM_BRIDGE: Initializing simulation data for model: IZHIKEVICH (3D)... (playback_init: False)
[2026-07-01 12:41:19][INFO] SIM_BRIDGE: Brain-region framework: 2 regions, 484 total neurons, 0 pathways.
[2026-07-01 12:41:19][INFO] SIM_BRIDGE: RNG initialized with seed: 42
[2026-07-01 12:41:19][INFO] SIM_BRIDGE: Initializing Izhikevich model specifics for 484 neurons...
[2026-07-01 12:41:19][INFO] SIM_BRIDGE: Applying parameter heterogeneity to neuron parameters...
[2026-07-01 12:41:19][INFO] SIM_BRIDGE: Applied heterogeneity to 4 parameters.
[2026-07-01 12:41:19][INFO] SIM_BRIDGE: Generating 3D neuron positions for 484 neurons...
[2026-07-01 12:41:19][INFO] SIM_BRIDGE: Generating connections (brain-region framework)...
[2026-07-01 12:41:19][WARNING] SIM_BRIDGE: No trait info available; all synapses default to E->E STP type.
[2026-07-01 12:41:19][INFO] SIM_BRIDGE: inject_explicit_wiring: installed 12 synapses across 1 populations.
[2026-07-01 12:41:19][INFO] SIM_BRIDGE: Initializing STP state for 12 synapses (capacity: 18)...
[2026-07-01 12:41:19][INFO] SIM_BRIDGE: Initializing eligibility traces for 12 synapses (capacity: 18, dtype: float32)...
[2026-07-01 12:41:19][WARNING] SIM_BRIDGE: No trait info available; all synapses default to E->E STP type.
[2026-07-01 12:41:19][INFO] SIM_BRIDGE: Initializing structural plasticity state...
[2026-07-01 12:41:19][INFO] SIM_BRIDGE: Simulation data initialized for 484 neurons (3D). Synapses: 12. GPU memory: 23.0GB/51.2GB (44.9%)
[2026-07-01 12:41:19][INFO] SIM_BRIDGE: NumPy backend (CPU (NumPy backend), 47.7 GB RAM available)
[2026-07-01 12:41:19][INFO] SIM_BRIDGE: Initializing simulation data for model: IZHIKEVICH (3D)... (playback_init: False)
[2026-07-01 12:41:19][INFO] SIM_BRIDGE: RNG initialized with seed: 42
[2026-07-01 12:41:19][INFO] SIM_BRIDGE: Initializing Izhikevich model specifics for 224 neurons...
[2026-07-01 12:41:19][INFO] SIM_BRIDGE: Applying parameter heterogeneity to neuron parameters...
[2026-07-01 12:41:19][INFO] SIM_BRIDGE: Applied heterogeneity to 4 parameters.
[2026-07-01 12:41:19][INFO] SIM_BRIDGE: Initializing OU process state (tau=15.0ms, sigma=20.0pA)...
[2026-07-01 12:41:19][INFO] SIM_BRIDGE: Generating 3D neuron positions for 224 neurons...
[2026-07-01 12:41:19][INFO] SIM_BRIDGE: Generating connections (3D)...
[2026-07-01 12:41:19][INFO] SIM_BRIDGE: Simulation data initialized for 224 neurons (3D). Synapses: 0. GPU memory: 23.0GB/51.2GB (44.9%)
[2026-07-01 12:41:19][INFO] SIM_BRIDGE: inject_explicit_wiring: installed 4800 synapses across 1 populations.
[2026-07-01 12:41:23][INFO] SIM_BRIDGE: NumPy backend (CPU (NumPy backend), 47.7 GB RAM available)
[2026-07-01 12:41:23][INFO] SIM_BRIDGE: Initializing simulation data for model: IZHIKEVICH (3D)... (playback_init: False)
[2026-07-01 12:41:23][INFO] SIM_BRIDGE: RNG initialized with seed: 42
[2026-07-01 12:41:23][INFO] SIM_BRIDGE: Initializing Izhikevich model specifics for 256 neurons...
[2026-07-01 12:41:23][INFO] SIM_BRIDGE: Applying parameter heterogeneity to neuron parameters...
[2026-07-01 12:41:23][INFO] SIM_BRIDGE: Applied heterogeneity to 4 parameters.
[2026-07-01 12:41:23][INFO] SIM_BRIDGE: Initializing OU process state (tau=15.0ms, sigma=0.0pA)...
[2026-07-01 12:41:23][INFO] SIM_BRIDGE: Generating 3D neuron positions for 256 neurons...
[2026-07-01 12:41:23][INFO] SIM_BRIDGE: Generating connections (3D)...
[2026-07-01 12:41:23][INFO] SIM_BRIDGE: Simulation data initialized for 256 neurons (3D). Synapses: 0. GPU memory: 23.0GB/51.2GB (44.9%)
[2026-07-01 12:41:23][INFO] SIM_BRIDGE: NumPy backend (CPU (NumPy backend), 47.7 GB RAM available)
[2026-07-01 12:41:23][INFO] SIM_BRIDGE: Initializing simulation data for model: IZHIKEVICH (3D)... (playback_init: False)
[2026-07-01 12:41:23][INFO] SIM_BRIDGE: RNG initialized with seed: 42
[2026-07-01 12:41:23][INFO] SIM_BRIDGE: Initializing Izhikevich model specifics for 512 neurons...
[2026-07-01 12:41:23][INFO] SIM_BRIDGE: Applying parameter heterogeneity to neuron parameters...
[2026-07-01 12:41:23][INFO] SIM_BRIDGE: Applied heterogeneity to 4 parameters.
[2026-07-01 12:41:23][INFO] SIM_BRIDGE: Initializing OU process state (tau=15.0ms, sigma=0.0pA)...
[2026-07-01 12:41:23][INFO] SIM_BRIDGE: Generating 3D neuron positions for 512 neurons...
[2026-07-01 12:41:23][INFO] SIM_BRIDGE: Generating connections (3D)...
[2026-07-01 12:41:23][INFO] SIM_BRIDGE: Simulation data initialized for 512 neurons (3D). Synapses: 0. GPU memory: 23.0GB/51.2GB (44.9%)
  [seed 42] richness toy 3 -> rich 9 (scaled True) | grounded True | generic True | moat True | dog-facts renderable 12/12 (unrenderable 0)
      TOY  'tell me about the dog': Here's what I know about the dog: the dog eats meat . the dog chases cat . the dog likes bone , yes .
      RICH 'tell me about dogs':    Here's what I know about the dog: the dog eats meat . the dog chases cat . the dog likes bone , yes . the dog sees human , yes . the dog finds toy . the dog catches ball . the dog helps human , yes . the dog herds sheep , yes . the dog chases wolf .
[2026-07-01 12:41:25][INFO] SIM_BRIDGE: NumPy backend (CPU (NumPy backend), 47.7 GB RAM available)
[2026-07-01 12:41:25][INFO] SIM_BRIDGE: Initializing simulation data for model: IZHIKEVICH (3D)... (playback_init: False)
[2026-07-01 12:41:25][INFO] SIM_BRIDGE: RNG initialized with seed: 43
[2026-07-01 12:41:25][INFO] SIM_BRIDGE: Initializing Izhikevich model specifics for 126 neurons...
[2026-07-01 12:41:25][INFO] SIM_BRIDGE: Applying parameter heterogeneity to neuron parameters...
[2026-07-01 12:41:25][INFO] SIM_BRIDGE: Applied heterogeneity to 4 parameters.
[2026-07-01 12:41:25][INFO] SIM_BRIDGE: Initializing OU process state (tau=15.0ms, sigma=20.0pA)...
[2026-07-01 12:41:25][INFO] SIM_BRIDGE: Generating 3D neuron positions for 126 neurons...
[2026-07-01 12:41:25][INFO] SIM_BRIDGE: Generating connections (3D)...
[2026-07-01 12:41:25][INFO] SIM_BRIDGE: Simulation data initialized for 126 neurons (3D). Synapses: 0. GPU memory: 23.3GB/51.2GB (45.6%)
[2026-07-01 12:41:25][INFO] SIM_BRIDGE: inject_explicit_wiring: installed 720 synapses across 1 populations.
[2026-07-01 12:41:27][INFO] SIM_BRIDGE: NumPy backend (CPU (NumPy backend), 47.7 GB RAM available)
[2026-07-01 12:41:27][INFO] SIM_BRIDGE: Initializing simulation data for model: IZHIKEVICH (3D)... (playback_init: False)
[2026-07-01 12:41:27][INFO] SIM_BRIDGE: Brain-region framework: 2 regions, 484 total neurons, 0 pathways.
[2026-07-01 12:41:27][INFO] SIM_BRIDGE: RNG initialized with seed: 43
[2026-07-01 12:41:27][INFO] SIM_BRIDGE: Initializing Izhikevich model specifics for 484 neurons...
[2026-07-01 12:41:27][INFO] SIM_BRIDGE: Applying parameter heterogeneity to neuron parameters...
[2026-07-01 12:41:27][INFO] SIM_BRIDGE: Applied heterogeneity to 4 parameters.
[2026-07-01 12:41:27][INFO] SIM_BRIDGE: Generating 3D neuron positions for 484 neurons...
[2026-07-01 12:41:27][INFO] SIM_BRIDGE: Generating connections (brain-region framework)...
[2026-07-01 12:41:27][WARNING] SIM_BRIDGE: No trait info available; all synapses default to E->E STP type.
[2026-07-01 12:41:27][INFO] SIM_BRIDGE: inject_explicit_wiring: installed 12 synapses across 1 populations.
[2026-07-01 12:41:27][INFO] SIM_BRIDGE: Initializing STP state for 12 synapses (capacity: 18)...
[2026-07-01 12:41:27][INFO] SIM_BRIDGE: Initializing eligibility traces for 12 synapses (capacity: 18, dtype: float32)...
[2026-07-01 12:41:27][WARNING] SIM_BRIDGE: No trait info available; all synapses default to E->E STP type.
[2026-07-01 12:41:27][INFO] SIM_BRIDGE: Initializing structural plasticity state...
[2026-07-01 12:41:27][INFO] SIM_BRIDGE: Simulation data initialized for 484 neurons (3D). Synapses: 12. GPU memory: 23.4GB/51.2GB (45.6%)
[2026-07-01 12:41:27][INFO] SIM_BRIDGE: NumPy backend (CPU (NumPy backend), 47.7 GB RAM available)
[2026-07-01 12:41:27][INFO] SIM_BRIDGE: Initializing simulation data for model: IZHIKEVICH (3D)... (playback_init: False)
[2026-07-01 12:41:27][INFO] SIM_BRIDGE: RNG initialized with seed: 43
[2026-07-01 12:41:27][INFO] SIM_BRIDGE: Initializing Izhikevich model specifics for 224 neurons...
[2026-07-01 12:41:27][INFO] SIM_BRIDGE: Applying parameter heterogeneity to neuron parameters...
[2026-07-01 12:41:27][INFO] SIM_BRIDGE: Applied heterogeneity to 4 parameters.
[2026-07-01 12:41:27][INFO] SIM_BRIDGE: Initializing OU process state (tau=15.0ms, sigma=20.0pA)...
[2026-07-01 12:41:27][INFO] SIM_BRIDGE: Generating 3D neuron positions for 224 neurons...
[2026-07-01 12:41:27][INFO] SIM_BRIDGE: Generating connections (3D)...
[2026-07-01 12:41:27][INFO] SIM_BRIDGE: Simulation data initialized for 224 neurons (3D). Synapses: 0. GPU memory: 23.4GB/51.2GB (45.6%)
[2026-07-01 12:41:27][INFO] SIM_BRIDGE: inject_explicit_wiring: installed 4800 synapses across 1 populations.
[2026-07-01 12:41:31][INFO] SIM_BRIDGE: NumPy backend (CPU (NumPy backend), 47.7 GB RAM available)
[2026-07-01 12:41:31][INFO] SIM_BRIDGE: Initializing simulation data for model: IZHIKEVICH (3D)... (playback_init: False)
[2026-07-01 12:41:31][INFO] SIM_BRIDGE: RNG initialized with seed: 43
[2026-07-01 12:41:31][INFO] SIM_BRIDGE: Initializing Izhikevich model specifics for 256 neurons...
[2026-07-01 12:41:31][INFO] SIM_BRIDGE: Applying parameter heterogeneity to neuron parameters...
[2026-07-01 12:41:31][INFO] SIM_BRIDGE: Applied heterogeneity to 4 parameters.
[2026-07-01 12:41:31][INFO] SIM_BRIDGE: Initializing OU process state (tau=15.0ms, sigma=0.0pA)...
[2026-07-01 12:41:31][INFO] SIM_BRIDGE: Generating 3D neuron positions for 256 neurons...
[2026-07-01 12:41:31][INFO] SIM_BRIDGE: Generating connections (3D)...
[2026-07-01 12:41:31][INFO] SIM_BRIDGE: Simulation data initialized for 256 neurons (3D). Synapses: 0. GPU memory: 23.4GB/51.2GB (45.6%)
[2026-07-01 12:41:31][INFO] SIM_BRIDGE: NumPy backend (CPU (NumPy backend), 47.7 GB RAM available)
[2026-07-01 12:41:31][INFO] SIM_BRIDGE: Initializing simulation data for model: IZHIKEVICH (3D)... (playback_init: False)
[2026-07-01 12:41:31][INFO] SIM_BRIDGE: RNG initialized with seed: 43
[2026-07-01 12:41:31][INFO] SIM_BRIDGE: Initializing Izhikevich model specifics for 512 neurons...
[2026-07-01 12:41:31][INFO] SIM_BRIDGE: Applying parameter heterogeneity to neuron parameters...
[2026-07-01 12:41:31][INFO] SIM_BRIDGE: Applied heterogeneity to 4 parameters.
[2026-07-01 12:41:31][INFO] SIM_BRIDGE: Initializing OU process state (tau=15.0ms, sigma=0.0pA)...
[2026-07-01 12:41:31][INFO] SIM_BRIDGE: Generating 3D neuron positions for 512 neurons...
[2026-07-01 12:41:31][INFO] SIM_BRIDGE: Generating connections (3D)...
[2026-07-01 12:41:31][INFO] SIM_BRIDGE: Simulation data initialized for 512 neurons (3D). Synapses: 0. GPU memory: 23.4GB/51.2GB (45.6%)
[2026-07-01 12:41:31][INFO] SIM_BRIDGE: NumPy backend (CPU (NumPy backend), 47.7 GB RAM available)
[2026-07-01 12:41:31][INFO] SIM_BRIDGE: Initializing simulation data for model: IZHIKEVICH (3D)... (playback_init: False)
[2026-07-01 12:41:31][INFO] SIM_BRIDGE: RNG initialized with seed: 43
[2026-07-01 12:41:31][INFO] SIM_BRIDGE: Initializing Izhikevich model specifics for 126 neurons...
[2026-07-01 12:41:31][INFO] SIM_BRIDGE: Applying parameter heterogeneity to neuron parameters...
[2026-07-01 12:41:31][INFO] SIM_BRIDGE: Applied heterogeneity to 4 parameters.
[2026-07-01 12:41:31][INFO] SIM_BRIDGE: Initializing OU process state (tau=15.0ms, sigma=20.0pA)...
[2026-07-01 12:41:31][INFO] SIM_BRIDGE: Generating 3D neuron positions for 126 neurons...
[2026-07-01 12:41:31][INFO] SIM_BRIDGE: Generating connections (3D)...
[2026-07-01 12:41:31][INFO] SIM_BRIDGE: Simulation data initialized for 126 neurons (3D). Synapses: 0. GPU memory: 23.3GB/51.2GB (45.5%)
[2026-07-01 12:41:31][INFO] SIM_BRIDGE: inject_explicit_wiring: installed 720 synapses across 1 populations.
[2026-07-01 12:41:33][INFO] SIM_BRIDGE: NumPy backend (CPU (NumPy backend), 47.7 GB RAM available)
[2026-07-01 12:41:33][INFO] SIM_BRIDGE: Initializing simulation data for model: IZHIKEVICH (3D)... (playback_init: False)
[2026-07-01 12:41:33][INFO] SIM_BRIDGE: Brain-region framework: 2 regions, 484 total neurons, 0 pathways.
[2026-07-01 12:41:33][INFO] SIM_BRIDGE: RNG initialized with seed: 43
[2026-07-01 12:41:33][INFO] SIM_BRIDGE: Initializing Izhikevich model specifics for 484 neurons...
[2026-07-01 12:41:33][INFO] SIM_BRIDGE: Applying parameter heterogeneity to neuron parameters...
[2026-07-01 12:41:33][INFO] SIM_BRIDGE: Applied heterogeneity to 4 parameters.
[2026-07-01 12:41:33][INFO] SIM_BRIDGE: Generating 3D neuron positions for 484 neurons...
[2026-07-01 12:41:33][INFO] SIM_BRIDGE: Generating connections (brain-region framework)...
[2026-07-01 12:41:33][WARNING] SIM_BRIDGE: No trait info available; all synapses default to E->E STP type.
[2026-07-01 12:41:33][INFO] SIM_BRIDGE: inject_explicit_wiring: installed 12 synapses across 1 populations.
[2026-07-01 12:41:33][INFO] SIM_BRIDGE: Initializing STP state for 12 synapses (capacity: 18)...
[2026-07-01 12:41:33][INFO] SIM_BRIDGE: Initializing eligibility traces for 12 synapses (capacity: 18, dtype: float32)...
[2026-07-01 12:41:33][WARNING] SIM_BRIDGE: No trait info available; all synapses default to E->E STP type.
[2026-07-01 12:41:33][INFO] SIM_BRIDGE: Initializing structural plasticity state...
[2026-07-01 12:41:33][INFO] SIM_BRIDGE: Simulation data initialized for 484 neurons (3D). Synapses: 12. GPU memory: 23.3GB/51.2GB (45.4%)
[2026-07-01 12:41:33][INFO] SIM_BRIDGE: NumPy backend (CPU (NumPy backend), 47.7 GB RAM available)
[2026-07-01 12:41:33][INFO] SIM_BRIDGE: Initializing simulation data for model: IZHIKEVICH (3D)... (playback_init: False)
[2026-07-01 12:41:33][INFO] SIM_BRIDGE: RNG initialized with seed: 43
[2026-07-01 12:41:33][INFO] SIM_BRIDGE: Initializing Izhikevich model specifics for 224 neurons...
[2026-07-01 12:41:33][INFO] SIM_BRIDGE: Applying parameter heterogeneity to neuron parameters...
[2026-07-01 12:41:33][INFO] SIM_BRIDGE: Applied heterogeneity to 4 parameters.
[2026-07-01 12:41:33][INFO] SIM_BRIDGE: Initializing OU process state (tau=15.0ms, sigma=20.0pA)...
[2026-07-01 12:41:33][INFO] SIM_BRIDGE: Generating 3D neuron positions for 224 neurons...
[2026-07-01 12:41:33][INFO] SIM_BRIDGE: Generating connections (3D)...
[2026-07-01 12:41:33][INFO] SIM_BRIDGE: Simulation data initialized for 224 neurons (3D). Synapses: 0. GPU memory: 23.3GB/51.2GB (45.4%)
[2026-07-01 12:41:33][INFO] SIM_BRIDGE: inject_explicit_wiring: installed 4800 synapses across 1 populations.
[2026-07-01 12:41:37][INFO] SIM_BRIDGE: NumPy backend (CPU (NumPy backend), 47.7 GB RAM available)
[2026-07-01 12:41:37][INFO] SIM_BRIDGE: Initializing simulation data for model: IZHIKEVICH (3D)... (playback_init: False)
[2026-07-01 12:41:37][INFO] SIM_BRIDGE: RNG initialized with seed: 43
[2026-07-01 12:41:37][INFO] SIM_BRIDGE: Initializing Izhikevich model specifics for 256 neurons...
[2026-07-01 12:41:37][INFO] SIM_BRIDGE: Applying parameter heterogeneity to neuron parameters...
[2026-07-01 12:41:37][INFO] SIM_BRIDGE: Applied heterogeneity to 4 parameters.
[2026-07-01 12:41:37][INFO] SIM_BRIDGE: Initializing OU process state (tau=15.0ms, sigma=0.0pA)...
[2026-07-01 12:41:37][INFO] SIM_BRIDGE: Generating 3D neuron positions for 256 neurons...
[2026-07-01 12:41:37][INFO] SIM_BRIDGE: Generating connections (3D)...
[2026-07-01 12:41:37][INFO] SIM_BRIDGE: Simulation data initialized for 256 neurons (3D). Synapses: 0. GPU memory: 23.3GB/51.2GB (45.4%)
[2026-07-01 12:41:37][INFO] SIM_BRIDGE: NumPy backend (CPU (NumPy backend), 47.7 GB RAM available)
[2026-07-01 12:41:37][INFO] SIM_BRIDGE: Initializing simulation data for model: IZHIKEVICH (3D)... (playback_init: False)
[2026-07-01 12:41:37][INFO] SIM_BRIDGE: RNG initialized with seed: 43
[2026-07-01 12:41:37][INFO] SIM_BRIDGE: Initializing Izhikevich model specifics for 512 neurons...
[2026-07-01 12:41:37][INFO] SIM_BRIDGE: Applying parameter heterogeneity to neuron parameters...
[2026-07-01 12:41:37][INFO] SIM_BRIDGE: Applied heterogeneity to 4 parameters.
[2026-07-01 12:41:37][INFO] SIM_BRIDGE: Initializing OU process state (tau=15.0ms, sigma=0.0pA)...
[2026-07-01 12:41:37][INFO] SIM_BRIDGE: Generating 3D neuron positions for 512 neurons...
[2026-07-01 12:41:37][INFO] SIM_BRIDGE: Generating connections (3D)...
[2026-07-01 12:41:37][INFO] SIM_BRIDGE: Simulation data initialized for 512 neurons (3D). Synapses: 0. GPU memory: 23.3GB/51.2GB (45.4%)
  [seed 43] richness toy 3 -> rich 9 (scaled True) | grounded True | generic True | moat True | dog-facts renderable 12/12 (unrenderable 0)
[2026-07-01 12:41:39][INFO] SIM_BRIDGE: NumPy backend (CPU (NumPy backend), 47.7 GB RAM available)
[2026-07-01 12:41:39][INFO] SIM_BRIDGE: Initializing simulation data for model: IZHIKEVICH (3D)... (playback_init: False)
[2026-07-01 12:41:39][INFO] SIM_BRIDGE: RNG initialized with seed: 44
[2026-07-01 12:41:39][INFO] SIM_BRIDGE: Initializing Izhikevich model specifics for 126 neurons...
[2026-07-01 12:41:39][INFO] SIM_BRIDGE: Applying parameter heterogeneity to neuron parameters...
[2026-07-01 12:41:39][INFO] SIM_BRIDGE: Applied heterogeneity to 4 parameters.
[2026-07-01 12:41:39][INFO] SIM_BRIDGE: Initializing OU process state (tau=15.0ms, sigma=20.0pA)...
[2026-07-01 12:41:39][INFO] SIM_BRIDGE: Generating 3D neuron positions for 126 neurons...
[2026-07-01 12:41:39][INFO] SIM_BRIDGE: Generating connections (3D)...
[2026-07-01 12:41:39][INFO] SIM_BRIDGE: Simulation data initialized for 126 neurons (3D). Synapses: 0. GPU memory: 23.2GB/51.2GB (45.4%)
[2026-07-01 12:41:39][INFO] SIM_BRIDGE: inject_explicit_wiring: installed 720 synapses across 1 populations.
[2026-07-01 12:41:41][INFO] SIM_BRIDGE: NumPy backend (CPU (NumPy backend), 47.7 GB RAM available)
[2026-07-01 12:41:41][INFO] SIM_BRIDGE: Initializing simulation data for model: IZHIKEVICH (3D)... (playback_init: False)
[2026-07-01 12:41:41][INFO] SIM_BRIDGE: Brain-region framework: 2 regions, 484 total neurons, 0 pathways.
[2026-07-01 12:41:41][INFO] SIM_BRIDGE: RNG initialized with seed: 44
[2026-07-01 12:41:41][INFO] SIM_BRIDGE: Initializing Izhikevich model specifics for 484 neurons...
[2026-07-01 12:41:41][INFO] SIM_BRIDGE: Applying parameter heterogeneity to neuron parameters...
[2026-07-01 12:41:41][INFO] SIM_BRIDGE: Applied heterogeneity to 4 parameters.
[2026-07-01 12:41:41][INFO] SIM_BRIDGE: Generating 3D neuron positions for 484 neurons...
[2026-07-01 12:41:41][INFO] SIM_BRIDGE: Generating connections (brain-region framework)...
[2026-07-01 12:41:41][WARNING] SIM_BRIDGE: No trait info available; all synapses default to E->E STP type.
[2026-07-01 12:41:41][INFO] SIM_BRIDGE: inject_explicit_wiring: installed 12 synapses across 1 populations.
[2026-07-01 12:41:41][INFO] SIM_BRIDGE: Initializing STP state for 12 synapses (capacity: 18)...
[2026-07-01 12:41:41][INFO] SIM_BRIDGE: Initializing eligibility traces for 12 synapses (capacity: 18, dtype: float32)...
[2026-07-01 12:41:41][WARNING] SIM_BRIDGE: No trait info available; all synapses default to E->E STP type.
[2026-07-01 12:41:41][INFO] SIM_BRIDGE: Initializing structural plasticity state...
[2026-07-01 12:41:41][INFO] SIM_BRIDGE: Simulation data initialized for 484 neurons (3D). Synapses: 12. GPU memory: 23.2GB/51.2GB (45.4%)
[2026-07-01 12:41:41][INFO] SIM_BRIDGE: NumPy backend (CPU (NumPy backend), 47.7 GB RAM available)
[2026-07-01 12:41:41][INFO] SIM_BRIDGE: Initializing simulation data for model: IZHIKEVICH (3D)... (playback_init: False)
[2026-07-01 12:41:41][INFO] SIM_BRIDGE: RNG initialized with seed: 44
[2026-07-01 12:41:41][INFO] SIM_BRIDGE: Initializing Izhikevich model specifics for 224 neurons...
[2026-07-01 12:41:41][INFO] SIM_BRIDGE: Applying parameter heterogeneity to neuron parameters...
[2026-07-01 12:41:41][INFO] SIM_BRIDGE: Applied heterogeneity to 4 parameters.
[2026-07-01 12:41:41][INFO] SIM_BRIDGE: Initializing OU process state (tau=15.0ms, sigma=20.0pA)...
[2026-07-01 12:41:41][INFO] SIM_BRIDGE: Generating 3D neuron positions for 224 neurons...
[2026-07-01 12:41:41][INFO] SIM_BRIDGE: Generating connections (3D)...
[2026-07-01 12:41:41][INFO] SIM_BRIDGE: Simulation data initialized for 224 neurons (3D). Synapses: 0. GPU memory: 23.2GB/51.2GB (45.4%)
[2026-07-01 12:41:41][INFO] SIM_BRIDGE: inject_explicit_wiring: installed 4800 synapses across 1 populations.
[2026-07-01 12:41:45][INFO] SIM_BRIDGE: NumPy backend (CPU (NumPy backend), 47.7 GB RAM available)
[2026-07-01 12:41:45][INFO] SIM_BRIDGE: Initializing simulation data for model: IZHIKEVICH (3D)... (playback_init: False)
[2026-07-01 12:41:45][INFO] SIM_BRIDGE: RNG initialized with seed: 44
[2026-07-01 12:41:45][INFO] SIM_BRIDGE: Initializing Izhikevich model specifics for 256 neurons...
[2026-07-01 12:41:45][INFO] SIM_BRIDGE: Applying parameter heterogeneity to neuron parameters...
[2026-07-01 12:41:45][INFO] SIM_BRIDGE: Applied heterogeneity to 4 parameters.
[2026-07-01 12:41:45][INFO] SIM_BRIDGE: Initializing OU process state (tau=15.0ms, sigma=0.0pA)...
[2026-07-01 12:41:45][INFO] SIM_BRIDGE: Generating 3D neuron positions for 256 neurons...
[2026-07-01 12:41:45][INFO] SIM_BRIDGE: Generating connections (3D)...
[2026-07-01 12:41:45][INFO] SIM_BRIDGE: Simulation data initialized for 256 neurons (3D). Synapses: 0. GPU memory: 23.2GB/51.2GB (45.3%)
[2026-07-01 12:41:45][INFO] SIM_BRIDGE: NumPy backend (CPU (NumPy backend), 47.7 GB RAM available)
[2026-07-01 12:41:45][INFO] SIM_BRIDGE: Initializing simulation data for model: IZHIKEVICH (3D)... (playback_init: False)
[2026-07-01 12:41:45][INFO] SIM_BRIDGE: RNG initialized with seed: 44
[2026-07-01 12:41:45][INFO] SIM_BRIDGE: Initializing Izhikevich model specifics for 512 neurons...
[2026-07-01 12:41:45][INFO] SIM_BRIDGE: Applying parameter heterogeneity to neuron parameters...
[2026-07-01 12:41:45][INFO] SIM_BRIDGE: Applied heterogeneity to 4 parameters.
[2026-07-01 12:41:45][INFO] SIM_BRIDGE: Initializing OU process state (tau=15.0ms, sigma=0.0pA)...
[2026-07-01 12:41:45][INFO] SIM_BRIDGE: Generating 3D neuron positions for 512 neurons...
[2026-07-01 12:41:45][INFO] SIM_BRIDGE: Generating connections (3D)...
[2026-07-01 12:41:45][INFO] SIM_BRIDGE: Simulation data initialized for 512 neurons (3D). Synapses: 0. GPU memory: 23.2GB/51.2GB (45.3%)
[2026-07-01 12:41:45][INFO] SIM_BRIDGE: NumPy backend (CPU (NumPy backend), 47.7 GB RAM available)
[2026-07-01 12:41:45][INFO] SIM_BRIDGE: Initializing simulation data for model: IZHIKEVICH (3D)... (playback_init: False)
[2026-07-01 12:41:45][INFO] SIM_BRIDGE: RNG initialized with seed: 44
[2026-07-01 12:41:45][INFO] SIM_BRIDGE: Initializing Izhikevich model specifics for 126 neurons...
[2026-07-01 12:41:45][INFO] SIM_BRIDGE: Applying parameter heterogeneity to neuron parameters...
[2026-07-01 12:41:45][INFO] SIM_BRIDGE: Applied heterogeneity to 4 parameters.
[2026-07-01 12:41:45][INFO] SIM_BRIDGE: Initializing OU process state (tau=15.0ms, sigma=20.0pA)...
[2026-07-01 12:41:45][INFO] SIM_BRIDGE: Generating 3D neuron positions for 126 neurons...
[2026-07-01 12:41:45][INFO] SIM_BRIDGE: Generating connections (3D)...
[2026-07-01 12:41:45][INFO] SIM_BRIDGE: Simulation data initialized for 126 neurons (3D). Synapses: 0. GPU memory: 23.2GB/51.2GB (45.3%)
[2026-07-01 12:41:45][INFO] SIM_BRIDGE: inject_explicit_wiring: installed 720 synapses across 1 populations.
[2026-07-01 12:41:47][INFO] SIM_BRIDGE: NumPy backend (CPU (NumPy backend), 47.7 GB RAM available)
[2026-07-01 12:41:47][INFO] SIM_BRIDGE: Initializing simulation data for model: IZHIKEVICH (3D)... (playback_init: False)
[2026-07-01 12:41:47][INFO] SIM_BRIDGE: Brain-region framework: 2 regions, 484 total neurons, 0 pathways.
[2026-07-01 12:41:47][INFO] SIM_BRIDGE: RNG initialized with seed: 44
[2026-07-01 12:41:47][INFO] SIM_BRIDGE: Initializing Izhikevich model specifics for 484 neurons...
[2026-07-01 12:41:47][INFO] SIM_BRIDGE: Applying parameter heterogeneity to neuron parameters...
[2026-07-01 12:41:47][INFO] SIM_BRIDGE: Applied heterogeneity to 4 parameters.
[2026-07-01 12:41:47][INFO] SIM_BRIDGE: Generating 3D neuron positions for 484 neurons...
[2026-07-01 12:41:47][INFO] SIM_BRIDGE: Generating connections (brain-region framework)...
[2026-07-01 12:41:47][WARNING] SIM_BRIDGE: No trait info available; all synapses default to E->E STP type.
[2026-07-01 12:41:47][INFO] SIM_BRIDGE: inject_explicit_wiring: installed 12 synapses across 1 populations.
[2026-07-01 12:41:47][INFO] SIM_BRIDGE: Initializing STP state for 12 synapses (capacity: 18)...
[2026-07-01 12:41:47][INFO] SIM_BRIDGE: Initializing eligibility traces for 12 synapses (capacity: 18, dtype: float32)...
[2026-07-01 12:41:47][WARNING] SIM_BRIDGE: No trait info available; all synapses default to E->E STP type.
[2026-07-01 12:41:47][INFO] SIM_BRIDGE: Initializing structural plasticity state...
[2026-07-01 12:41:47][INFO] SIM_BRIDGE: Simulation data initialized for 484 neurons (3D). Synapses: 12. GPU memory: 23.2GB/51.2GB (45.3%)
[2026-07-01 12:41:47][INFO] SIM_BRIDGE: NumPy backend (CPU (NumPy backend), 47.7 GB RAM available)
[2026-07-01 12:41:47][INFO] SIM_BRIDGE: Initializing simulation data for model: IZHIKEVICH (3D)... (playback_init: False)
[2026-07-01 12:41:47][INFO] SIM_BRIDGE: RNG initialized with seed: 44
[2026-07-01 12:41:47][INFO] SIM_BRIDGE: Initializing Izhikevich model specifics for 224 neurons...
[2026-07-01 12:41:47][INFO] SIM_BRIDGE: Applying parameter heterogeneity to neuron parameters...
[2026-07-01 12:41:47][INFO] SIM_BRIDGE: Applied heterogeneity to 4 parameters.
[2026-07-01 12:41:47][INFO] SIM_BRIDGE: Initializing OU process state (tau=15.0ms, sigma=20.0pA)...
[2026-07-01 12:41:47][INFO] SIM_BRIDGE: Generating 3D neuron positions for 224 neurons...
[2026-07-01 12:41:47][INFO] SIM_BRIDGE: Generating connections (3D)...
[2026-07-01 12:41:47][INFO] SIM_BRIDGE: Simulation data initialized for 224 neurons (3D). Synapses: 0. GPU memory: 23.2GB/51.2GB (45.3%)
[2026-07-01 12:41:47][INFO] SIM_BRIDGE: inject_explicit_wiring: installed 4800 synapses across 1 populations.
[2026-07-01 12:41:52][INFO] SIM_BRIDGE: NumPy backend (CPU (NumPy backend), 47.7 GB RAM available)
[2026-07-01 12:41:52][INFO] SIM_BRIDGE: Initializing simulation data for model: IZHIKEVICH (3D)... (playback_init: False)
[2026-07-01 12:41:52][INFO] SIM_BRIDGE: RNG initialized with seed: 44
[2026-07-01 12:41:52][INFO] SIM_BRIDGE: Initializing Izhikevich model specifics for 256 neurons...
[2026-07-01 12:41:52][INFO] SIM_BRIDGE: Applying parameter heterogeneity to neuron parameters...
[2026-07-01 12:41:52][INFO] SIM_BRIDGE: Applied heterogeneity to 4 parameters.
[2026-07-01 12:41:52][INFO] SIM_BRIDGE: Initializing OU process state (tau=15.0ms, sigma=0.0pA)...
[2026-07-01 12:41:52][INFO] SIM_BRIDGE: Generating 3D neuron positions for 256 neurons...
[2026-07-01 12:41:52][INFO] SIM_BRIDGE: Generating connections (3D)...
[2026-07-01 12:41:52][INFO] SIM_BRIDGE: Simulation data initialized for 256 neurons (3D). Synapses: 0. GPU memory: 23.2GB/51.2GB (45.2%)
[2026-07-01 12:41:52][INFO] SIM_BRIDGE: NumPy backend (CPU (NumPy backend), 47.7 GB RAM available)
[2026-07-01 12:41:52][INFO] SIM_BRIDGE: Initializing simulation data for model: IZHIKEVICH (3D)... (playback_init: False)
[2026-07-01 12:41:52][INFO] SIM_BRIDGE: RNG initialized with seed: 44
[2026-07-01 12:41:52][INFO] SIM_BRIDGE: Initializing Izhikevich model specifics for 512 neurons...
[2026-07-01 12:41:52][INFO] SIM_BRIDGE: Applying parameter heterogeneity to neuron parameters...
[2026-07-01 12:41:52][INFO] SIM_BRIDGE: Applied heterogeneity to 4 parameters.
[2026-07-01 12:41:52][INFO] SIM_BRIDGE: Initializing OU process state (tau=15.0ms, sigma=0.0pA)...
[2026-07-01 12:41:52][INFO] SIM_BRIDGE: Generating 3D neuron positions for 512 neurons...
[2026-07-01 12:41:52][INFO] SIM_BRIDGE: Generating connections (3D)...
[2026-07-01 12:41:52][INFO] SIM_BRIDGE: Simulation data initialized for 512 neurons (3D). Synapses: 0. GPU memory: 23.2GB/51.2GB (45.2%)
  [seed 44] richness toy 3 -> rich 9 (scaled True) | grounded True | generic True | moat True | dog-facts renderable 12/12 (unrenderable 0)

============================================================================================================
[phase11-grow] VERDICT: GO -- GROW GROUNDED KNOWLEDGE: a richer grounded KB yields a richer grounded discussion (rich 9.0 vs toy 3.0 facts cited), 0 ungrounded, generic 'dogs'->the kind, moat hedges on the unknown. The bottleneck is the KB (grows via parse+store), NOT the mechanism. HONEST render-map: 12 of the 12 rich dog facts use in-fine-tune verbs (RENDERABLE); 0 use out-of-vocab verbs (KNOWN by the brain, but the RA generator can't render them -> a broader render fine-tune / the brain's own render is the next lever). >=3 seeds.
[phase11-grow] wrote E:\Documents\Projects\sim\research\findings\raw\_fluidconv_phase11_grow_knowledge.json
============================================================================================================
