C:\Users\dant123\AppData\Roaming\Python\Python312\site-packages\torch\nn\modules\module.py:1367: UserWarning: expandable_segments not supported on this platform (Triggered internally at C:\actions-runner\_work\pytorch\pytorch\pytorch\c10/cuda/CUDAAllocatorConfig.h:39.)
  return t.to(
[phase4-mt] loaded RA-fine-tuned ~21.3M (dev=cuda)

Traceback (most recent call last):
  File "E:\Documents\Projects\sim\research\runners\_fluidconv_phase4_multiturn_derisk.py", line 160, in main
    r = run(cur, vocab, s, faculty)
        ^^^^^^^^^^^^^^^^^^^^^^^^^^^
  File "E:\Documents\Projects\sim\research\runners\_fluidconv_phase4_multiturn_derisk.py", line 117, in run
    t2 = _turn(m, faculty, "it", v2, vs)                     # "what does it eat?" -> it->cat -> fish
         ^^^^^^^^^^^^^^^^^^^^^^^^^^^^^^^
  File "E:\Documents\Projects\sim\research\runners\_fluidconv_phase4_multiturn_derisk.py", line 58, in _turn
    resolved = mta._resolve(subj_or_it, query_verb=verb)     # 'it' -> held referent; a concrete word -> itself
               ^^^^^^^^^^^^^^^^^^^^^^^^^^^^^^^^^^^^^^^^^
  File "E:\Documents\Projects\sim\research\runners\multi_turn_agent.py", line 230, in _resolve
    return self.held_referent()[0]
           ^^^^^^^^^^^^^^^^^^^^
  File "E:\Documents\Projects\sim\research\runners\multi_turn_agent.py", line 172, in held_referent
    rates = self._ensure_wm().read(window=window)
            ^^^^^^^^^^^^^^^^^^^^^^^^^^^^^^^^^^^^^
  File "E:\Documents\Projects\sim\research\runners\content_selection_spiking.py", line 280, in read
    acc += xp.add.reduceat(fs[concat].astype(xp.float64), starts)   # per-concept integer sums, on-device
           ^^^^^^^^^^^^^^^^^^^^^^^^^^^^^^^^^^^^^^^^^^^^^^^^^^^^^^
IndexError: index 600 out-of-bounds in add.reduceat [0, 600)
[2026-07-01 09:09:48][INFO] SIM_BRIDGE: NumPy backend (CPU (NumPy backend), 47.7 GB RAM available)
[2026-07-01 09:09:48][INFO] SIM_BRIDGE: Initializing simulation data for model: IZHIKEVICH (3D)... (playback_init: False)
[2026-07-01 09:09:48][INFO] SIM_BRIDGE: RNG initialized with seed: 42
[2026-07-01 09:09:48][INFO] SIM_BRIDGE: Initializing Izhikevich model specifics for 126 neurons...
[2026-07-01 09:09:48][INFO] SIM_BRIDGE: Applying parameter heterogeneity to neuron parameters...
[2026-07-01 09:09:48][INFO] SIM_BRIDGE: Applied heterogeneity to 4 parameters.
[2026-07-01 09:09:48][INFO] SIM_BRIDGE: Initializing OU process state (tau=15.0ms, sigma=20.0pA)...
[2026-07-01 09:09:48][INFO] SIM_BRIDGE: Generating 3D neuron positions for 126 neurons...
[2026-07-01 09:09:48][INFO] SIM_BRIDGE: Generating connections (3D)...
[2026-07-01 09:09:48][INFO] SIM_BRIDGE: Simulation data initialized for 126 neurons (3D). Synapses: 0. GPU memory: 23.0GB/51.2GB (44.9%)
[2026-07-01 09:09:48][INFO] SIM_BRIDGE: inject_explicit_wiring: installed 720 synapses across 1 populations.
[2026-07-01 09:09:51][INFO] SIM_BRIDGE: NumPy backend (CPU (NumPy backend), 47.7 GB RAM available)
[2026-07-01 09:09:51][INFO] SIM_BRIDGE: Initializing simulation data for model: IZHIKEVICH (3D)... (playback_init: False)
[2026-07-01 09:09:51][INFO] SIM_BRIDGE: Brain-region framework: 2 regions, 484 total neurons, 0 pathways.
[2026-07-01 09:09:51][INFO] SIM_BRIDGE: RNG initialized with seed: 42
[2026-07-01 09:09:51][INFO] SIM_BRIDGE: Initializing Izhikevich model specifics for 484 neurons...
[2026-07-01 09:09:51][INFO] SIM_BRIDGE: Applying parameter heterogeneity to neuron parameters...
[2026-07-01 09:09:51][INFO] SIM_BRIDGE: Applied heterogeneity to 4 parameters.
[2026-07-01 09:09:51][INFO] SIM_BRIDGE: Generating 3D neuron positions for 484 neurons...
[2026-07-01 09:09:51][INFO] SIM_BRIDGE: Generating connections (brain-region framework)...
[2026-07-01 09:09:51][WARNING] SIM_BRIDGE: No trait info available; all synapses default to E->E STP type.
[2026-07-01 09:09:51][INFO] SIM_BRIDGE: inject_explicit_wiring: installed 12 synapses across 1 populations.
[2026-07-01 09:09:51][INFO] SIM_BRIDGE: Initializing STP state for 12 synapses (capacity: 18)...
[2026-07-01 09:09:51][INFO] SIM_BRIDGE: Initializing eligibility traces for 12 synapses (capacity: 18, dtype: float32)...
[2026-07-01 09:09:51][WARNING] SIM_BRIDGE: No trait info available; all synapses default to E->E STP type.
[2026-07-01 09:09:51][INFO] SIM_BRIDGE: Initializing structural plasticity state...
[2026-07-01 09:09:51][INFO] SIM_BRIDGE: Simulation data initialized for 484 neurons (3D). Synapses: 12. GPU memory: 23.0GB/51.2GB (44.9%)
[2026-07-01 09:09:51][INFO] SIM_BRIDGE: NumPy backend (CPU (NumPy backend), 47.7 GB RAM available)
[2026-07-01 09:09:51][INFO] SIM_BRIDGE: Initializing simulation data for model: IZHIKEVICH (3D)... (playback_init: False)
[2026-07-01 09:09:51][INFO] SIM_BRIDGE: RNG initialized with seed: 42
[2026-07-01 09:09:51][INFO] SIM_BRIDGE: Initializing Izhikevich model specifics for 224 neurons...
[2026-07-01 09:09:51][INFO] SIM_BRIDGE: Applying parameter heterogeneity to neuron parameters...
[2026-07-01 09:09:51][INFO] SIM_BRIDGE: Applied heterogeneity to 4 parameters.
[2026-07-01 09:09:51][INFO] SIM_BRIDGE: Initializing OU process state (tau=15.0ms, sigma=20.0pA)...
[2026-07-01 09:09:51][INFO] SIM_BRIDGE: Generating 3D neuron positions for 224 neurons...
[2026-07-01 09:09:51][INFO] SIM_BRIDGE: Generating connections (3D)...
[2026-07-01 09:09:51][INFO] SIM_BRIDGE: Simulation data initialized for 224 neurons (3D). Synapses: 0. GPU memory: 23.0GB/51.2GB (44.9%)
[2026-07-01 09:09:51][INFO] SIM_BRIDGE: inject_explicit_wiring: installed 4800 synapses across 1 populations.
[2026-07-01 09:09:55][INFO] SIM_BRIDGE: NumPy backend (CPU (NumPy backend), 47.7 GB RAM available)
[2026-07-01 09:09:55][INFO] SIM_BRIDGE: Initializing simulation data for model: IZHIKEVICH (3D)... (playback_init: False)
[2026-07-01 09:09:55][INFO] SIM_BRIDGE: RNG initialized with seed: 42
[2026-07-01 09:09:55][INFO] SIM_BRIDGE: Initializing Izhikevich model specifics for 256 neurons...
[2026-07-01 09:09:55][INFO] SIM_BRIDGE: Applying parameter heterogeneity to neuron parameters...
[2026-07-01 09:09:55][INFO] SIM_BRIDGE: Applied heterogeneity to 4 parameters.
[2026-07-01 09:09:55][INFO] SIM_BRIDGE: Initializing OU process state (tau=15.0ms, sigma=0.0pA)...
[2026-07-01 09:09:55][INFO] SIM_BRIDGE: Generating 3D neuron positions for 256 neurons...
[2026-07-01 09:09:55][INFO] SIM_BRIDGE: Generating connections (3D)...
[2026-07-01 09:09:55][INFO] SIM_BRIDGE: Simulation data initialized for 256 neurons (3D). Synapses: 0. GPU memory: 23.0GB/51.2GB (44.9%)
[2026-07-01 09:09:55][INFO] SIM_BRIDGE: NumPy backend (CPU (NumPy backend), 47.7 GB RAM available)
[2026-07-01 09:09:55][INFO] SIM_BRIDGE: Initializing simulation data for model: IZHIKEVICH (3D)... (playback_init: False)
[2026-07-01 09:09:55][INFO] SIM_BRIDGE: RNG initialized with seed: 42
[2026-07-01 09:09:55][INFO] SIM_BRIDGE: Initializing Izhikevich model specifics for 640 neurons...
[2026-07-01 09:09:55][INFO] SIM_BRIDGE: Applying parameter heterogeneity to neuron parameters...
[2026-07-01 09:09:55][INFO] SIM_BRIDGE: Applied heterogeneity to 4 parameters.
[2026-07-01 09:09:55][INFO] SIM_BRIDGE: Initializing OU process state (tau=15.0ms, sigma=0.0pA)...
[2026-07-01 09:09:55][INFO] SIM_BRIDGE: Generating 3D neuron positions for 640 neurons...
[2026-07-01 09:09:55][INFO] SIM_BRIDGE: Generating connections (3D)...
[2026-07-01 09:09:55][INFO] SIM_BRIDGE: Simulation data initialized for 640 neurons (3D). Synapses: 0. GPU memory: 23.0GB/51.2GB (44.9%)
[2026-07-01 09:09:56][INFO] SIM_BRIDGE: NumPy backend (CPU (NumPy backend), 47.7 GB RAM available)
[2026-07-01 09:09:56][INFO] SIM_BRIDGE: Initializing simulation data for model: IZHIKEVICH (3D)... (playback_init: False)
[2026-07-01 09:09:56][INFO] SIM_BRIDGE: RNG initialized with seed: 42
[2026-07-01 09:09:56][INFO] SIM_BRIDGE: Initializing Izhikevich model specifics for 512 neurons...
[2026-07-01 09:09:56][INFO] SIM_BRIDGE: Applying parameter heterogeneity to neuron parameters...
[2026-07-01 09:09:56][INFO] SIM_BRIDGE: Applied heterogeneity to 4 parameters.
[2026-07-01 09:09:56][INFO] SIM_BRIDGE: Initializing OU process state (tau=15.0ms, sigma=0.0pA)...
[2026-07-01 09:09:56][INFO] SIM_BRIDGE: Generating 3D neuron positions for 512 neurons...
[2026-07-01 09:09:56][INFO] SIM_BRIDGE: Generating connections (3D)...
[2026-07-01 09:09:56][INFO] SIM_BRIDGE: Simulation data initialized for 512 neurons (3D). Synapses: 0. GPU memory: 23.0GB/51.2GB (44.9%)
[2026-07-01 09:09:57][INFO] SIM_BRIDGE: NumPy backend (CPU (NumPy backend), 47.7 GB RAM available)
[2026-07-01 09:09:57][INFO] SIM_BRIDGE: Initializing simulation data for model: IZHIKEVICH (3D)... (playback_init: False)
[2026-07-01 09:09:57][INFO] SIM_BRIDGE: RNG initialized with seed: 42
[2026-07-01 09:09:57][INFO] SIM_BRIDGE: Initializing Izhikevich model specifics for 8704 neurons...
[2026-07-01 09:09:57][INFO] SIM_BRIDGE: Applying parameter heterogeneity to neuron parameters...
[2026-07-01 09:09:57][INFO] SIM_BRIDGE: Applied heterogeneity to 4 parameters.
[2026-07-01 09:09:57][INFO] SIM_BRIDGE: Initializing OU process state (tau=15.0ms, sigma=0.0pA)...
[2026-07-01 09:09:57][INFO] SIM_BRIDGE: Generating 3D neuron positions for 8704 neurons...
[2026-07-01 09:09:57][INFO] SIM_BRIDGE: Generating connections (3D)...
[2026-07-01 09:09:57][INFO] SIM_BRIDGE: Simulation data initialized for 8704 neurons (3D). Synapses: 0. GPU memory: 23.0GB/51.2GB (44.9%)
[2026-07-01 09:09:57][INFO] SIM_BRIDGE: NumPy backend (CPU (NumPy backend), 47.7 GB RAM available)
[2026-07-01 09:09:57][INFO] SIM_BRIDGE: Initializing simulation data for model: IZHIKEVICH (3D)... (playback_init: False)
[2026-07-01 09:09:57][INFO] SIM_BRIDGE: Brain-region framework: 2 regions, 1200 total neurons, 2 pathways.
[2026-07-01 09:09:57][INFO] SIM_BRIDGE: RNG initialized with seed: 42
[2026-07-01 09:09:57][INFO] SIM_BRIDGE: NMDA per-region mask: 2 regions enabled (1200 neurons)
[2026-07-01 09:09:57][INFO] SIM_BRIDGE: Initializing Izhikevich model specifics for 1200 neurons...
[2026-07-01 09:09:57][INFO] SIM_BRIDGE: Region 'cortex_ctx' (600 neurons): using Izh type IZH2007_HIPPO_PYRAMIDAL
[2026-07-01 09:09:57][INFO] SIM_BRIDGE: Region 'dlpfc_wm' (600 neurons): using Izh type IZH2007_HIPPO_PYRAMIDAL
[2026-07-01 09:09:57][INFO] SIM_BRIDGE: Applying parameter heterogeneity to neuron parameters...
[2026-07-01 09:09:57][INFO] SIM_BRIDGE: Applied heterogeneity to 4 parameters.
[2026-07-01 09:09:57][INFO] SIM_BRIDGE: Generating 3D neuron positions for 1200 neurons...
[2026-07-01 09:09:57][INFO] SIM_BRIDGE: Generating connections (brain-region framework)...
[2026-07-01 09:09:57][INFO] SIM_BRIDGE: inject_explicit_wiring: installed 107786 synapses across 4 populations.
[2026-07-01 09:09:57][INFO] SIM_BRIDGE: Initializing eligibility traces for 107786 synapses (capacity: 161679, dtype: float32)...
[2026-07-01 09:09:57][INFO] SIM_BRIDGE: Initializing STDP state for 1200 neurons...
[2026-07-01 09:09:57][INFO] SIM_BRIDGE: Simulation data initialized for 1200 neurons (3D). Synapses: 107786. GPU memory: 23.3GB/51.2GB (45.5%)

============================================================================================================
[phase4-mt] VERDICT: ERROR -- IndexError('index 600 out-of-bounds in add.reduceat [0, 600)')
[phase4-mt] wrote E:\Documents\Projects\sim\research\findings\raw\_fluidconv_phase4_multiturn.json
============================================================================================================
