C:\Users\dant123\AppData\Roaming\Python\Python312\site-packages\torch\nn\modules\module.py:1367: UserWarning: expandable_segments not supported on this platform (Triggered internally at C:\actions-runner\_work\pytorch\pytorch\pytorch\c10/cuda/CUDAAllocatorConfig.h:39.)
  return t.to(
[2026-07-01 11:16:34][INFO] SIM_BRIDGE: NumPy backend (CPU (NumPy backend), 47.7 GB RAM available)
[2026-07-01 11:16:34][INFO] SIM_BRIDGE: Initializing simulation data for model: IZHIKEVICH (3D)... (playback_init: False)
[2026-07-01 11:16:34][INFO] SIM_BRIDGE: RNG initialized with seed: 42
[2026-07-01 11:16:34][INFO] SIM_BRIDGE: Initializing Izhikevich model specifics for 126 neurons...
[2026-07-01 11:16:34][INFO] SIM_BRIDGE: Applying parameter heterogeneity to neuron parameters...
[2026-07-01 11:16:34][INFO] SIM_BRIDGE: Applied heterogeneity to 4 parameters.
[2026-07-01 11:16:34][INFO] SIM_BRIDGE: Initializing OU process state (tau=15.0ms, sigma=20.0pA)...
[2026-07-01 11:16:34][INFO] SIM_BRIDGE: Generating 3D neuron positions for 126 neurons...
[2026-07-01 11:16:34][INFO] SIM_BRIDGE: Generating connections (3D)...
[2026-07-01 11:16:34][INFO] SIM_BRIDGE: Simulation data initialized for 126 neurons (3D). Synapses: 0. GPU memory: 22.2GB/51.2GB (43.3%)
[2026-07-01 11:16:34][INFO] SIM_BRIDGE: inject_explicit_wiring: installed 720 synapses across 1 populations.
[2026-07-01 11:16:37][INFO] SIM_BRIDGE: NumPy backend (CPU (NumPy backend), 47.7 GB RAM available)
[2026-07-01 11:16:37][INFO] SIM_BRIDGE: Initializing simulation data for model: IZHIKEVICH (3D)... (playback_init: False)
[2026-07-01 11:16:37][INFO] SIM_BRIDGE: Brain-region framework: 2 regions, 484 total neurons, 0 pathways.
[2026-07-01 11:16:37][INFO] SIM_BRIDGE: RNG initialized with seed: 42
[2026-07-01 11:16:37][INFO] SIM_BRIDGE: Initializing Izhikevich model specifics for 484 neurons...
[2026-07-01 11:16:37][INFO] SIM_BRIDGE: Applying parameter heterogeneity to neuron parameters...
[2026-07-01 11:16:37][INFO] SIM_BRIDGE: Applied heterogeneity to 4 parameters.
[2026-07-01 11:16:37][INFO] SIM_BRIDGE: Generating 3D neuron positions for 484 neurons...
[2026-07-01 11:16:37][INFO] SIM_BRIDGE: Generating connections (brain-region framework)...
[2026-07-01 11:16:37][WARNING] SIM_BRIDGE: No trait info available; all synapses default to E->E STP type.
[2026-07-01 11:16:37][INFO] SIM_BRIDGE: inject_explicit_wiring: installed 12 synapses across 1 populations.
[2026-07-01 11:16:37][INFO] SIM_BRIDGE: Initializing STP state for 12 synapses (capacity: 18)...
[2026-07-01 11:16:37][INFO] SIM_BRIDGE: Initializing eligibility traces for 12 synapses (capacity: 18, dtype: float32)...
[2026-07-01 11:16:37][WARNING] SIM_BRIDGE: No trait info available; all synapses default to E->E STP type.
[2026-07-01 11:16:37][INFO] SIM_BRIDGE: Initializing structural plasticity state...
[2026-07-01 11:16:37][INFO] SIM_BRIDGE: Simulation data initialized for 484 neurons (3D). Synapses: 12. GPU memory: 22.2GB/51.2GB (43.3%)
[2026-07-01 11:16:37][INFO] SIM_BRIDGE: NumPy backend (CPU (NumPy backend), 47.7 GB RAM available)
[2026-07-01 11:16:37][INFO] SIM_BRIDGE: Initializing simulation data for model: IZHIKEVICH (3D)... (playback_init: False)
[2026-07-01 11:16:37][INFO] SIM_BRIDGE: RNG initialized with seed: 42
[2026-07-01 11:16:37][INFO] SIM_BRIDGE: Initializing Izhikevich model specifics for 224 neurons...
[2026-07-01 11:16:37][INFO] SIM_BRIDGE: Applying parameter heterogeneity to neuron parameters...
[2026-07-01 11:16:37][INFO] SIM_BRIDGE: Applied heterogeneity to 4 parameters.
[2026-07-01 11:16:37][INFO] SIM_BRIDGE: Initializing OU process state (tau=15.0ms, sigma=20.0pA)...
[2026-07-01 11:16:37][INFO] SIM_BRIDGE: Generating 3D neuron positions for 224 neurons...
[2026-07-01 11:16:37][INFO] SIM_BRIDGE: Generating connections (3D)...
[2026-07-01 11:16:37][INFO] SIM_BRIDGE: Simulation data initialized for 224 neurons (3D). Synapses: 0. GPU memory: 22.2GB/51.2GB (43.3%)
[2026-07-01 11:16:37][INFO] SIM_BRIDGE: inject_explicit_wiring: installed 4800 synapses across 1 populations.
[2026-07-01 11:16:41][INFO] SIM_BRIDGE: NumPy backend (CPU (NumPy backend), 47.7 GB RAM available)
[2026-07-01 11:16:41][INFO] SIM_BRIDGE: Initializing simulation data for model: IZHIKEVICH (3D)... (playback_init: False)
[2026-07-01 11:16:41][INFO] SIM_BRIDGE: RNG initialized with seed: 42
[2026-07-01 11:16:41][INFO] SIM_BRIDGE: Initializing Izhikevich model specifics for 256 neurons...
[2026-07-01 11:16:41][INFO] SIM_BRIDGE: Applying parameter heterogeneity to neuron parameters...
[2026-07-01 11:16:41][INFO] SIM_BRIDGE: Applied heterogeneity to 4 parameters.
[2026-07-01 11:16:41][INFO] SIM_BRIDGE: Initializing OU process state (tau=15.0ms, sigma=0.0pA)...
[2026-07-01 11:16:41][INFO] SIM_BRIDGE: Generating 3D neuron positions for 256 neurons...
[2026-07-01 11:16:41][INFO] SIM_BRIDGE: Generating connections (3D)...
[2026-07-01 11:16:41][INFO] SIM_BRIDGE: Simulation data initialized for 256 neurons (3D). Synapses: 0. GPU memory: 22.2GB/51.2GB (43.3%)
[2026-07-01 11:16:41][INFO] SIM_BRIDGE: NumPy backend (CPU (NumPy backend), 47.7 GB RAM available)
[2026-07-01 11:16:41][INFO] SIM_BRIDGE: Initializing simulation data for model: IZHIKEVICH (3D)... (playback_init: False)
[2026-07-01 11:16:41][INFO] SIM_BRIDGE: RNG initialized with seed: 42
[2026-07-01 11:16:41][INFO] SIM_BRIDGE: Initializing Izhikevich model specifics for 512 neurons...
[2026-07-01 11:16:41][INFO] SIM_BRIDGE: Applying parameter heterogeneity to neuron parameters...
[2026-07-01 11:16:41][INFO] SIM_BRIDGE: Applied heterogeneity to 4 parameters.
[2026-07-01 11:16:41][INFO] SIM_BRIDGE: Initializing OU process state (tau=15.0ms, sigma=0.0pA)...
[2026-07-01 11:16:41][INFO] SIM_BRIDGE: Generating 3D neuron positions for 512 neurons...
[2026-07-01 11:16:41][INFO] SIM_BRIDGE: Generating connections (3D)...
[2026-07-01 11:16:41][INFO] SIM_BRIDGE: Simulation data initialized for 512 neurons (3D). Synapses: 0. GPU memory: 22.2GB/51.2GB (43.3%)
  [seed 42] concept False | about False | lesion-hedge True | permuted-loadbearing True | confab-dropped True
      Q 'tell me about predators' -> "the dog eats fish ." (grounded facts: 0)
      Q 'tell me about the dog'   -> "the dog likes to eat meat ." (grounded facts: 1)
[2026-07-01 11:16:44][INFO] SIM_BRIDGE: NumPy backend (CPU (NumPy backend), 47.7 GB RAM available)
[2026-07-01 11:16:44][INFO] SIM_BRIDGE: Initializing simulation data for model: IZHIKEVICH (3D)... (playback_init: False)
[2026-07-01 11:16:44][INFO] SIM_BRIDGE: RNG initialized with seed: 43
[2026-07-01 11:16:44][INFO] SIM_BRIDGE: Initializing Izhikevich model specifics for 126 neurons...
[2026-07-01 11:16:44][INFO] SIM_BRIDGE: Applying parameter heterogeneity to neuron parameters...
[2026-07-01 11:16:44][INFO] SIM_BRIDGE: Applied heterogeneity to 4 parameters.
[2026-07-01 11:16:44][INFO] SIM_BRIDGE: Initializing OU process state (tau=15.0ms, sigma=20.0pA)...
[2026-07-01 11:16:44][INFO] SIM_BRIDGE: Generating 3D neuron positions for 126 neurons...
[2026-07-01 11:16:44][INFO] SIM_BRIDGE: Generating connections (3D)...
[2026-07-01 11:16:44][INFO] SIM_BRIDGE: Simulation data initialized for 126 neurons (3D). Synapses: 0. GPU memory: 23.2GB/51.2GB (45.3%)
[2026-07-01 11:16:44][INFO] SIM_BRIDGE: inject_explicit_wiring: installed 720 synapses across 1 populations.
[2026-07-01 11:16:46][INFO] SIM_BRIDGE: NumPy backend (CPU (NumPy backend), 47.7 GB RAM available)
[2026-07-01 11:16:46][INFO] SIM_BRIDGE: Initializing simulation data for model: IZHIKEVICH (3D)... (playback_init: False)
[2026-07-01 11:16:46][INFO] SIM_BRIDGE: Brain-region framework: 2 regions, 484 total neurons, 0 pathways.
[2026-07-01 11:16:46][INFO] SIM_BRIDGE: RNG initialized with seed: 43
[2026-07-01 11:16:46][INFO] SIM_BRIDGE: Initializing Izhikevich model specifics for 484 neurons...
[2026-07-01 11:16:46][INFO] SIM_BRIDGE: Applying parameter heterogeneity to neuron parameters...
[2026-07-01 11:16:46][INFO] SIM_BRIDGE: Applied heterogeneity to 4 parameters.
[2026-07-01 11:16:46][INFO] SIM_BRIDGE: Generating 3D neuron positions for 484 neurons...
[2026-07-01 11:16:46][INFO] SIM_BRIDGE: Generating connections (brain-region framework)...
[2026-07-01 11:16:46][WARNING] SIM_BRIDGE: No trait info available; all synapses default to E->E STP type.
[2026-07-01 11:16:46][INFO] SIM_BRIDGE: inject_explicit_wiring: installed 12 synapses across 1 populations.
[2026-07-01 11:16:46][INFO] SIM_BRIDGE: Initializing STP state for 12 synapses (capacity: 18)...
[2026-07-01 11:16:46][INFO] SIM_BRIDGE: Initializing eligibility traces for 12 synapses (capacity: 18, dtype: float32)...
[2026-07-01 11:16:46][WARNING] SIM_BRIDGE: No trait info available; all synapses default to E->E STP type.
[2026-07-01 11:16:46][INFO] SIM_BRIDGE: Initializing structural plasticity state...
[2026-07-01 11:16:46][INFO] SIM_BRIDGE: Simulation data initialized for 484 neurons (3D). Synapses: 12. GPU memory: 23.2GB/51.2GB (45.3%)
[2026-07-01 11:16:46][INFO] SIM_BRIDGE: NumPy backend (CPU (NumPy backend), 47.7 GB RAM available)
[2026-07-01 11:16:46][INFO] SIM_BRIDGE: Initializing simulation data for model: IZHIKEVICH (3D)... (playback_init: False)
[2026-07-01 11:16:46][INFO] SIM_BRIDGE: RNG initialized with seed: 43
[2026-07-01 11:16:46][INFO] SIM_BRIDGE: Initializing Izhikevich model specifics for 224 neurons...
[2026-07-01 11:16:46][INFO] SIM_BRIDGE: Applying parameter heterogeneity to neuron parameters...
[2026-07-01 11:16:46][INFO] SIM_BRIDGE: Applied heterogeneity to 4 parameters.
[2026-07-01 11:16:46][INFO] SIM_BRIDGE: Initializing OU process state (tau=15.0ms, sigma=20.0pA)...
[2026-07-01 11:16:46][INFO] SIM_BRIDGE: Generating 3D neuron positions for 224 neurons...
[2026-07-01 11:16:46][INFO] SIM_BRIDGE: Generating connections (3D)...
[2026-07-01 11:16:46][INFO] SIM_BRIDGE: Simulation data initialized for 224 neurons (3D). Synapses: 0. GPU memory: 23.2GB/51.2GB (45.3%)
[2026-07-01 11:16:46][INFO] SIM_BRIDGE: inject_explicit_wiring: installed 4800 synapses across 1 populations.
[2026-07-01 11:16:50][INFO] SIM_BRIDGE: NumPy backend (CPU (NumPy backend), 47.7 GB RAM available)
[2026-07-01 11:16:50][INFO] SIM_BRIDGE: Initializing simulation data for model: IZHIKEVICH (3D)... (playback_init: False)
[2026-07-01 11:16:50][INFO] SIM_BRIDGE: RNG initialized with seed: 43
[2026-07-01 11:16:50][INFO] SIM_BRIDGE: Initializing Izhikevich model specifics for 256 neurons...
[2026-07-01 11:16:50][INFO] SIM_BRIDGE: Applying parameter heterogeneity to neuron parameters...
[2026-07-01 11:16:50][INFO] SIM_BRIDGE: Applied heterogeneity to 4 parameters.
[2026-07-01 11:16:50][INFO] SIM_BRIDGE: Initializing OU process state (tau=15.0ms, sigma=0.0pA)...
[2026-07-01 11:16:50][INFO] SIM_BRIDGE: Generating 3D neuron positions for 256 neurons...
[2026-07-01 11:16:50][INFO] SIM_BRIDGE: Generating connections (3D)...
[2026-07-01 11:16:50][INFO] SIM_BRIDGE: Simulation data initialized for 256 neurons (3D). Synapses: 0. GPU memory: 23.2GB/51.2GB (45.4%)
[2026-07-01 11:16:50][INFO] SIM_BRIDGE: NumPy backend (CPU (NumPy backend), 47.7 GB RAM available)
[2026-07-01 11:16:50][INFO] SIM_BRIDGE: Initializing simulation data for model: IZHIKEVICH (3D)... (playback_init: False)
[2026-07-01 11:16:50][INFO] SIM_BRIDGE: RNG initialized with seed: 43
[2026-07-01 11:16:50][INFO] SIM_BRIDGE: Initializing Izhikevich model specifics for 512 neurons...
[2026-07-01 11:16:50][INFO] SIM_BRIDGE: Applying parameter heterogeneity to neuron parameters...
[2026-07-01 11:16:50][INFO] SIM_BRIDGE: Applied heterogeneity to 4 parameters.
[2026-07-01 11:16:50][INFO] SIM_BRIDGE: Initializing OU process state (tau=15.0ms, sigma=0.0pA)...
[2026-07-01 11:16:50][INFO] SIM_BRIDGE: Generating 3D neuron positions for 512 neurons...
[2026-07-01 11:16:50][INFO] SIM_BRIDGE: Generating connections (3D)...
[2026-07-01 11:16:50][INFO] SIM_BRIDGE: Simulation data initialized for 512 neurons (3D). Synapses: 0. GPU memory: 23.2GB/51.2GB (45.4%)
  [seed 43] concept False | about False | lesion-hedge True | permuted-loadbearing True | confab-dropped True
      Q 'tell me about predators' -> "the dog eats fish ." (grounded facts: 0)
      Q 'tell me about the dog'   -> "the dog likes to eat meat ." (grounded facts: 1)
[2026-07-01 11:16:51][INFO] SIM_BRIDGE: NumPy backend (CPU (NumPy backend), 47.7 GB RAM available)
[2026-07-01 11:16:51][INFO] SIM_BRIDGE: Initializing simulation data for model: IZHIKEVICH (3D)... (playback_init: False)
[2026-07-01 11:16:51][INFO] SIM_BRIDGE: RNG initialized with seed: 44
[2026-07-01 11:16:51][INFO] SIM_BRIDGE: Initializing Izhikevich model specifics for 126 neurons...
[2026-07-01 11:16:51][INFO] SIM_BRIDGE: Applying parameter heterogeneity to neuron parameters...
[2026-07-01 11:16:51][INFO] SIM_BRIDGE: Applied heterogeneity to 4 parameters.
[2026-07-01 11:16:51][INFO] SIM_BRIDGE: Initializing OU process state (tau=15.0ms, sigma=20.0pA)...
[2026-07-01 11:16:51][INFO] SIM_BRIDGE: Generating 3D neuron positions for 126 neurons...
[2026-07-01 11:16:51][INFO] SIM_BRIDGE: Generating connections (3D)...
[2026-07-01 11:16:51][INFO] SIM_BRIDGE: Simulation data initialized for 126 neurons (3D). Synapses: 0. GPU memory: 23.3GB/51.2GB (45.4%)
[2026-07-01 11:16:51][INFO] SIM_BRIDGE: inject_explicit_wiring: installed 720 synapses across 1 populations.
[2026-07-01 11:16:53][INFO] SIM_BRIDGE: NumPy backend (CPU (NumPy backend), 47.7 GB RAM available)
[2026-07-01 11:16:53][INFO] SIM_BRIDGE: Initializing simulation data for model: IZHIKEVICH (3D)... (playback_init: False)
[2026-07-01 11:16:53][INFO] SIM_BRIDGE: Brain-region framework: 2 regions, 484 total neurons, 0 pathways.
[2026-07-01 11:16:53][INFO] SIM_BRIDGE: RNG initialized with seed: 44
[2026-07-01 11:16:53][INFO] SIM_BRIDGE: Initializing Izhikevich model specifics for 484 neurons...
[2026-07-01 11:16:53][INFO] SIM_BRIDGE: Applying parameter heterogeneity to neuron parameters...
[2026-07-01 11:16:53][INFO] SIM_BRIDGE: Applied heterogeneity to 4 parameters.
[2026-07-01 11:16:53][INFO] SIM_BRIDGE: Generating 3D neuron positions for 484 neurons...
[2026-07-01 11:16:53][INFO] SIM_BRIDGE: Generating connections (brain-region framework)...
[2026-07-01 11:16:53][WARNING] SIM_BRIDGE: No trait info available; all synapses default to E->E STP type.
[2026-07-01 11:16:53][INFO] SIM_BRIDGE: inject_explicit_wiring: installed 12 synapses across 1 populations.
[2026-07-01 11:16:53][INFO] SIM_BRIDGE: Initializing STP state for 12 synapses (capacity: 18)...
[2026-07-01 11:16:53][INFO] SIM_BRIDGE: Initializing eligibility traces for 12 synapses (capacity: 18, dtype: float32)...
[2026-07-01 11:16:53][WARNING] SIM_BRIDGE: No trait info available; all synapses default to E->E STP type.
[2026-07-01 11:16:53][INFO] SIM_BRIDGE: Initializing structural plasticity state...
[2026-07-01 11:16:53][INFO] SIM_BRIDGE: Simulation data initialized for 484 neurons (3D). Synapses: 12. GPU memory: 23.3GB/51.2GB (45.4%)
[2026-07-01 11:16:53][INFO] SIM_BRIDGE: NumPy backend (CPU (NumPy backend), 47.7 GB RAM available)
[2026-07-01 11:16:53][INFO] SIM_BRIDGE: Initializing simulation data for model: IZHIKEVICH (3D)... (playback_init: False)
[2026-07-01 11:16:53][INFO] SIM_BRIDGE: RNG initialized with seed: 44
[2026-07-01 11:16:53][INFO] SIM_BRIDGE: Initializing Izhikevich model specifics for 224 neurons...
[2026-07-01 11:16:53][INFO] SIM_BRIDGE: Applying parameter heterogeneity to neuron parameters...
[2026-07-01 11:16:53][INFO] SIM_BRIDGE: Applied heterogeneity to 4 parameters.
[2026-07-01 11:16:53][INFO] SIM_BRIDGE: Initializing OU process state (tau=15.0ms, sigma=20.0pA)...
[2026-07-01 11:16:53][INFO] SIM_BRIDGE: Generating 3D neuron positions for 224 neurons...
[2026-07-01 11:16:53][INFO] SIM_BRIDGE: Generating connections (3D)...
[2026-07-01 11:16:53][INFO] SIM_BRIDGE: Simulation data initialized for 224 neurons (3D). Synapses: 0. GPU memory: 23.3GB/51.2GB (45.4%)
[2026-07-01 11:16:53][INFO] SIM_BRIDGE: inject_explicit_wiring: installed 4800 synapses across 1 populations.
[2026-07-01 11:16:57][INFO] SIM_BRIDGE: NumPy backend (CPU (NumPy backend), 47.7 GB RAM available)
[2026-07-01 11:16:57][INFO] SIM_BRIDGE: Initializing simulation data for model: IZHIKEVICH (3D)... (playback_init: False)
[2026-07-01 11:16:57][INFO] SIM_BRIDGE: RNG initialized with seed: 44
[2026-07-01 11:16:57][INFO] SIM_BRIDGE: Initializing Izhikevich model specifics for 256 neurons...
[2026-07-01 11:16:57][INFO] SIM_BRIDGE: Applying parameter heterogeneity to neuron parameters...
[2026-07-01 11:16:57][INFO] SIM_BRIDGE: Applied heterogeneity to 4 parameters.
[2026-07-01 11:16:57][INFO] SIM_BRIDGE: Initializing OU process state (tau=15.0ms, sigma=0.0pA)...
[2026-07-01 11:16:57][INFO] SIM_BRIDGE: Generating 3D neuron positions for 256 neurons...
[2026-07-01 11:16:57][INFO] SIM_BRIDGE: Generating connections (3D)...
[2026-07-01 11:16:57][INFO] SIM_BRIDGE: Simulation data initialized for 256 neurons (3D). Synapses: 0. GPU memory: 23.3GB/51.2GB (45.4%)
[2026-07-01 11:16:57][INFO] SIM_BRIDGE: NumPy backend (CPU (NumPy backend), 47.7 GB RAM available)
[2026-07-01 11:16:57][INFO] SIM_BRIDGE: Initializing simulation data for model: IZHIKEVICH (3D)... (playback_init: False)
[2026-07-01 11:16:57][INFO] SIM_BRIDGE: RNG initialized with seed: 44
[2026-07-01 11:16:57][INFO] SIM_BRIDGE: Initializing Izhikevich model specifics for 512 neurons...
[2026-07-01 11:16:57][INFO] SIM_BRIDGE: Applying parameter heterogeneity to neuron parameters...
[2026-07-01 11:16:57][INFO] SIM_BRIDGE: Applied heterogeneity to 4 parameters.
[2026-07-01 11:16:57][INFO] SIM_BRIDGE: Initializing OU process state (tau=15.0ms, sigma=0.0pA)...
[2026-07-01 11:16:57][INFO] SIM_BRIDGE: Generating 3D neuron positions for 512 neurons...
[2026-07-01 11:16:57][INFO] SIM_BRIDGE: Generating connections (3D)...
[2026-07-01 11:16:57][INFO] SIM_BRIDGE: Simulation data initialized for 512 neurons (3D). Synapses: 0. GPU memory: 23.3GB/51.2GB (45.4%)
  [seed 44] concept False | about False | lesion-hedge True | permuted-loadbearing True | confab-dropped True
      Q 'tell me about predators' -> "the dog eats fish ." (grounded facts: 0)
      Q 'tell me about the dog'   -> "the dog likes to eat meat ." (grounded facts: 1)

============================================================================================================
[phase10-discussion] VERDICT: HONEST/PARTIAL -- discuss concept/about [(False, False), (False, False), (False, False)] (the RA synthesis didn't cite >=2 grounded facts, or leaked an ungrounded claim)
[phase10-discussion] wrote E:\Documents\Projects\sim\research\findings\raw\_fluidconv_phase10_discussion.json
============================================================================================================
