[gap5-ramp-DENDRITIC] APICAL-RAMP-PHASE-ADVANCE READOUT (candidate #3 DENDRITIC; two-compartment dAP) on the DECOUPLED forward-asymmetric store | n_ca3=2000 n_mem=3 sel_spare=20.0 theta_period=125 depth=400.0 ramp_apical_mv=30.0 ramp_rise=1000 ramp_frac=1.0 self_regen_read=0.15 d_abs=40.0 rest_steps=2200 r_floor=0.15 seeds=[42, 43, 44, 100, 101, 102] backend=cupy
[2026-07-24 05:55:53][INFO] SIM_BRIDGE: CuPy using GPU: NVIDIA GeForce RTX 3090 (23.5 GB), mempool limit: 80%
[2026-07-24 05:55:53][INFO] SIM_BRIDGE: Initializing simulation data for model: IZHIKEVICH (3D)... (playback_init: False)
[2026-07-24 05:55:53][INFO] SIM_BRIDGE: Brain-region framework: 16 regions, 4028 total neurons, 39 pathways.
[2026-07-24 05:55:53][INFO] SIM_BRIDGE: RNG initialized with seed: 42
[2026-07-24 05:55:53][INFO] SIM_BRIDGE: Initializing Izhikevich model specifics for 4028 neurons...
[2026-07-24 05:55:53][INFO] SIM_BRIDGE: Region 'language_input' (384 neurons): using Izh type IZH2007_RS_CORTICAL_PYRAMIDAL
[2026-07-24 05:55:53][INFO] SIM_BRIDGE: Region 'motor_N' (16 neurons): using Izh type IZH2007_RS_CORTICAL_PYRAMIDAL
[2026-07-24 05:55:53][INFO] SIM_BRIDGE: Region 'motor_E' (16 neurons): using Izh type IZH2007_RS_CORTICAL_PYRAMIDAL
[2026-07-24 05:55:53][INFO] SIM_BRIDGE: Region 'motor_S' (16 neurons): using Izh type IZH2007_RS_CORTICAL_PYRAMIDAL
[2026-07-24 05:55:53][INFO] SIM_BRIDGE: Region 'motor_W' (16 neurons): using Izh type IZH2007_RS_CORTICAL_PYRAMIDAL
[2026-07-24 05:55:53][INFO] SIM_BRIDGE: Region 'language_output' (384 neurons): using Izh type IZH2007_RS_CORTICAL_PYRAMIDAL
[2026-07-24 05:55:53][INFO] SIM_BRIDGE: Region 'ec' (200 neurons): using Izh type IZH2007_RS_CORTICAL_PYRAMIDAL
[2026-07-24 05:55:53][INFO] SIM_BRIDGE: Region 'dg' (300 neurons): using Izh type IZH2007_HIPPO_PYRAMIDAL
[2026-07-24 05:55:53][INFO] SIM_BRIDGE: Region 'dg_pv_basket' (60 neurons): using Izh type IZH2007_FS_CORTICAL_INTERNEURON
[2026-07-24 05:55:53][INFO] SIM_BRIDGE: Region 'ca3' (2000 neurons): using Izh type IZH2007_HIPPO_PYRAMIDAL
[2026-07-24 05:55:53][INFO] SIM_BRIDGE: Region 'ca1' (120 neurons): using Izh type IZH2007_HIPPO_PYRAMIDAL
[2026-07-24 05:55:53][INFO] SIM_BRIDGE: Region 'motor_FS_N' (4 neurons): using Izh type IZH2007_FS_CORTICAL_INTERNEURON
[2026-07-24 05:55:53][INFO] SIM_BRIDGE: Region 'motor_FS_E' (4 neurons): using Izh type IZH2007_FS_CORTICAL_INTERNEURON
[2026-07-24 05:55:53][INFO] SIM_BRIDGE: Region 'motor_FS_S' (4 neurons): using Izh type IZH2007_FS_CORTICAL_INTERNEURON
[2026-07-24 05:55:53][INFO] SIM_BRIDGE: Region 'motor_FS_W' (4 neurons): using Izh type IZH2007_FS_CORTICAL_INTERNEURON
[2026-07-24 05:55:53][INFO] SIM_BRIDGE: Region 'ca3_pv_basket' (500 neurons): using Izh type IZH2007_FS_CORTICAL_INTERNEURON
[2026-07-24 05:55:53][INFO] SIM_BRIDGE: Applying parameter heterogeneity to neuron parameters...
[2026-07-24 05:55:53][INFO] SIM_BRIDGE: Applied heterogeneity to 4 parameters.
[2026-07-24 05:55:53][INFO] SIM_BRIDGE: Generating 3D neuron positions for 4028 neurons...
[2026-07-24 05:55:53][INFO] SIM_BRIDGE: Generating connections (brain-region framework)...
[2026-07-24 05:55:55][INFO] SIM_BRIDGE: inject_explicit_wiring: installed 1853342 synapses across 47 populations.
[2026-07-24 05:55:55][INFO] SIM_BRIDGE: Initializing STP state for 1853342 synapses (capacity: 2780013)...
[2026-07-24 05:55:55][INFO] SIM_BRIDGE: Initializing eligibility traces for 1853342 synapses (capacity: 2780013, dtype: float32)...
[2026-07-24 05:55:55][INFO] SIM_BRIDGE: Initializing STDP state for 4028 neurons...
[2026-07-24 05:55:55][INFO] SIM_BRIDGE: Simulation data initialized for 4028 neurons (3D). Synapses: 1853342. GPU memory: 2.3GB/25.3GB (9.3%)
  [seed 42] DECOUPLED store: within=197.6 adj_fwd=38.58 adj_rev=5.00 ratio=7.72x (n_fwd=8494 n_rev=8547) sel_spare=20.0 two_comp=True (24s)
      [dend-ramp target=apical ramp_on=True basket_on=True k_ramp=240 apical_mv=30.0 soma_pa=1000.0 rise=1000 settle=60 theta_period=125 depth=400.0 basket_n=500 self_regen=0.15 two_comp=True has_apical=True adapt=True]
  [seed 42] MAIN dendritic (theta-BASKET + APICAL ramp): phases(cyc)=[0.56, 0.6358, 0.7154] R=[0.9916, 0.0291, 0.048] wt=[6.0, 64282.0, 39632.0] lags=[0.0, 0.0758, 0.1554] locked=False mono=True FWDorder=False meanR=0.356 | per-cycle FWD=1.000 REV=0.000 chance=0.500 n_multi=2 act=[0, 3, 2] apical(mean/max)=-77.54/-75.98 basket_n=500 frozen=True (27s)
[2026-07-24 05:56:20][INFO] SIM_BRIDGE: CuPy using GPU: NVIDIA GeForce RTX 3090 (23.5 GB), mempool limit: 80%
[2026-07-24 05:56:20][INFO] SIM_BRIDGE: Initializing simulation data for model: IZHIKEVICH (3D)... (playback_init: False)
[2026-07-24 05:56:20][INFO] SIM_BRIDGE: Brain-region framework: 16 regions, 4028 total neurons, 39 pathways.
[2026-07-24 05:56:20][INFO] SIM_BRIDGE: RNG initialized with seed: 42
[2026-07-24 05:56:20][INFO] SIM_BRIDGE: Initializing Izhikevich model specifics for 4028 neurons...
[2026-07-24 05:56:20][INFO] SIM_BRIDGE: Region 'language_input' (384 neurons): using Izh type IZH2007_RS_CORTICAL_PYRAMIDAL
[2026-07-24 05:56:20][INFO] SIM_BRIDGE: Region 'motor_N' (16 neurons): using Izh type IZH2007_RS_CORTICAL_PYRAMIDAL
[2026-07-24 05:56:20][INFO] SIM_BRIDGE: Region 'motor_E' (16 neurons): using Izh type IZH2007_RS_CORTICAL_PYRAMIDAL
[2026-07-24 05:56:20][INFO] SIM_BRIDGE: Region 'motor_S' (16 neurons): using Izh type IZH2007_RS_CORTICAL_PYRAMIDAL
[2026-07-24 05:56:20][INFO] SIM_BRIDGE: Region 'motor_W' (16 neurons): using Izh type IZH2007_RS_CORTICAL_PYRAMIDAL
[2026-07-24 05:56:20][INFO] SIM_BRIDGE: Region 'language_output' (384 neurons): using Izh type IZH2007_RS_CORTICAL_PYRAMIDAL
[2026-07-24 05:56:20][INFO] SIM_BRIDGE: Region 'ec' (200 neurons): using Izh type IZH2007_RS_CORTICAL_PYRAMIDAL
[2026-07-24 05:56:20][INFO] SIM_BRIDGE: Region 'dg' (300 neurons): using Izh type IZH2007_HIPPO_PYRAMIDAL
[2026-07-24 05:56:20][INFO] SIM_BRIDGE: Region 'dg_pv_basket' (60 neurons): using Izh type IZH2007_FS_CORTICAL_INTERNEURON
[2026-07-24 05:56:20][INFO] SIM_BRIDGE: Region 'ca3' (2000 neurons): using Izh type IZH2007_HIPPO_PYRAMIDAL
[2026-07-24 05:56:20][INFO] SIM_BRIDGE: Region 'ca1' (120 neurons): using Izh type IZH2007_HIPPO_PYRAMIDAL
[2026-07-24 05:56:20][INFO] SIM_BRIDGE: Region 'motor_FS_N' (4 neurons): using Izh type IZH2007_FS_CORTICAL_INTERNEURON
[2026-07-24 05:56:20][INFO] SIM_BRIDGE: Region 'motor_FS_E' (4 neurons): using Izh type IZH2007_FS_CORTICAL_INTERNEURON
[2026-07-24 05:56:20][INFO] SIM_BRIDGE: Region 'motor_FS_S' (4 neurons): using Izh type IZH2007_FS_CORTICAL_INTERNEURON
[2026-07-24 05:56:20][INFO] SIM_BRIDGE: Region 'motor_FS_W' (4 neurons): using Izh type IZH2007_FS_CORTICAL_INTERNEURON
[2026-07-24 05:56:20][INFO] SIM_BRIDGE: Region 'ca3_pv_basket' (500 neurons): using Izh type IZH2007_FS_CORTICAL_INTERNEURON
[2026-07-24 05:56:20][INFO] SIM_BRIDGE: Applying parameter heterogeneity to neuron parameters...
[2026-07-24 05:56:20][INFO] SIM_BRIDGE: Applied heterogeneity to 4 parameters.
[2026-07-24 05:56:20][INFO] SIM_BRIDGE: Generating 3D neuron positions for 4028 neurons...
[2026-07-24 05:56:20][INFO] SIM_BRIDGE: Generating connections (brain-region framework)...
[2026-07-24 05:56:22][INFO] SIM_BRIDGE: inject_explicit_wiring: installed 1853342 synapses across 47 populations.
[2026-07-24 05:56:22][INFO] SIM_BRIDGE: Initializing STP state for 1853342 synapses (capacity: 2780013)...
[2026-07-24 05:56:22][INFO] SIM_BRIDGE: Initializing eligibility traces for 1853342 synapses (capacity: 2780013, dtype: float32)...
[2026-07-24 05:56:22][INFO] SIM_BRIDGE: Initializing STDP state for 4028 neurons...
[2026-07-24 05:56:22][INFO] SIM_BRIDGE: Simulation data initialized for 4028 neurons (3D). Synapses: 1853342. GPU memory: 2.5GB/25.3GB (9.8%)
  [seed 42] SHUFFLED-STORE (17041 edges): phases(cyc)=[0.6533, 0.6437, 0.7617] R=[0.0275, 0.045, 0.0373] wt=[74819.0, 74899.0, 26255.0] lags=[0.0, 0.9904, 0.1084] locked=False mono=False FWDorder=False meanR=0.037 | per-cycle FWD=0.200 REV=0.200 chance=0.167 n_multi=5 act=[5, 5, 5] apical(mean/max)=-263636.02/73806.74 basket_n=500 frozen=True (54s)
[2026-07-24 05:56:47][INFO] SIM_BRIDGE: CuPy using GPU: NVIDIA GeForce RTX 3090 (23.5 GB), mempool limit: 80%
[2026-07-24 05:56:47][INFO] SIM_BRIDGE: Initializing simulation data for model: IZHIKEVICH (3D)... (playback_init: False)
[2026-07-24 05:56:47][INFO] SIM_BRIDGE: Brain-region framework: 16 regions, 4028 total neurons, 39 pathways.
[2026-07-24 05:56:47][INFO] SIM_BRIDGE: RNG initialized with seed: 42
[2026-07-24 05:56:47][INFO] SIM_BRIDGE: Initializing Izhikevich model specifics for 4028 neurons...
[2026-07-24 05:56:47][INFO] SIM_BRIDGE: Region 'language_input' (384 neurons): using Izh type IZH2007_RS_CORTICAL_PYRAMIDAL
[2026-07-24 05:56:47][INFO] SIM_BRIDGE: Region 'motor_N' (16 neurons): using Izh type IZH2007_RS_CORTICAL_PYRAMIDAL
[2026-07-24 05:56:47][INFO] SIM_BRIDGE: Region 'motor_E' (16 neurons): using Izh type IZH2007_RS_CORTICAL_PYRAMIDAL
[2026-07-24 05:56:47][INFO] SIM_BRIDGE: Region 'motor_S' (16 neurons): using Izh type IZH2007_RS_CORTICAL_PYRAMIDAL
[2026-07-24 05:56:47][INFO] SIM_BRIDGE: Region 'motor_W' (16 neurons): using Izh type IZH2007_RS_CORTICAL_PYRAMIDAL
[2026-07-24 05:56:47][INFO] SIM_BRIDGE: Region 'language_output' (384 neurons): using Izh type IZH2007_RS_CORTICAL_PYRAMIDAL
[2026-07-24 05:56:47][INFO] SIM_BRIDGE: Region 'ec' (200 neurons): using Izh type IZH2007_RS_CORTICAL_PYRAMIDAL
[2026-07-24 05:56:47][INFO] SIM_BRIDGE: Region 'dg' (300 neurons): using Izh type IZH2007_HIPPO_PYRAMIDAL
[2026-07-24 05:56:47][INFO] SIM_BRIDGE: Region 'dg_pv_basket' (60 neurons): using Izh type IZH2007_FS_CORTICAL_INTERNEURON
[2026-07-24 05:56:47][INFO] SIM_BRIDGE: Region 'ca3' (2000 neurons): using Izh type IZH2007_HIPPO_PYRAMIDAL
[2026-07-24 05:56:47][INFO] SIM_BRIDGE: Region 'ca1' (120 neurons): using Izh type IZH2007_HIPPO_PYRAMIDAL
[2026-07-24 05:56:47][INFO] SIM_BRIDGE: Region 'motor_FS_N' (4 neurons): using Izh type IZH2007_FS_CORTICAL_INTERNEURON
[2026-07-24 05:56:47][INFO] SIM_BRIDGE: Region 'motor_FS_E' (4 neurons): using Izh type IZH2007_FS_CORTICAL_INTERNEURON
[2026-07-24 05:56:47][INFO] SIM_BRIDGE: Region 'motor_FS_S' (4 neurons): using Izh type IZH2007_FS_CORTICAL_INTERNEURON
[2026-07-24 05:56:47][INFO] SIM_BRIDGE: Region 'motor_FS_W' (4 neurons): using Izh type IZH2007_FS_CORTICAL_INTERNEURON
[2026-07-24 05:56:47][INFO] SIM_BRIDGE: Region 'ca3_pv_basket' (500 neurons): using Izh type IZH2007_FS_CORTICAL_INTERNEURON
[2026-07-24 05:56:47][INFO] SIM_BRIDGE: Applying parameter heterogeneity to neuron parameters...
[2026-07-24 05:56:47][INFO] SIM_BRIDGE: Applied heterogeneity to 4 parameters.
[2026-07-24 05:56:47][INFO] SIM_BRIDGE: Generating 3D neuron positions for 4028 neurons...
[2026-07-24 05:56:47][INFO] SIM_BRIDGE: Generating connections (brain-region framework)...
[2026-07-24 05:56:49][INFO] SIM_BRIDGE: inject_explicit_wiring: installed 1853342 synapses across 47 populations.
[2026-07-24 05:56:49][INFO] SIM_BRIDGE: Initializing STP state for 1853342 synapses (capacity: 2780013)...
[2026-07-24 05:56:49][INFO] SIM_BRIDGE: Initializing eligibility traces for 1853342 synapses (capacity: 2780013, dtype: float32)...
[2026-07-24 05:56:49][INFO] SIM_BRIDGE: Initializing STDP state for 4028 neurons...
[2026-07-24 05:56:49][INFO] SIM_BRIDGE: Simulation data initialized for 4028 neurons (3D). Synapses: 1853342. GPU memory: 2.6GB/25.3GB (10.3%)
  [seed 42] REVERSE-ASYM-LESION (17041 edges): phases(cyc)=[0.5384, 0.5316, 0.6139] R=[0.0572, 0.0516, 0.0291] wt=[37591.0, 77674.0, 14649.0] lags=[0.0, 0.9932, 0.0754] locked=False mono=False FWDorder=False meanR=0.046 | per-cycle FWD=0.000 REV=0.000 chance=0.167 n_multi=2 act=[2, 4, 2] apical(mean/max)=-113537.88/59958.1 basket_n=500 frozen=True (81s)
  [seed 42] BASKET-OFF (no clock): phases(cyc)=[None, None, None] R=[0.0, 0.0, 0.0] wt=[0.0, 0.0, 0.0] lags=None locked=False mono=False FWDorder=False meanR=0.000 | per-cycle FWD=0.000 REV=0.000 chance=0.000 n_multi=0 act=[0, 0, 0] apical(mean/max)=-77.12/-76.01 basket_n=500 frozen=True (83s)
  [seed 42] NO-CUE (apical ramp off): phases(cyc)=[0.6695, 0.5513, 0.6317] R=[0.051, 0.0599, 0.0509] wt=[35593.0, 66869.0, 33180.0] lags=[0.0, 0.8818, 0.9622] locked=False mono=False FWDorder=False meanR=0.054 | per-cycle FWD=0.333 REV=0.333 chance=0.278 n_multi=3 act=[2, 3, 3] apical(mean/max)=-106937.14/52635.01 basket_n=500 frozen=True (86s)
  [seed 42] POINT-NEURON control (self_regen=0, ramp-on-SOMA): phases(cyc)=[0.2617, None, 0.3156] R=[0.0237, 0.0, 0.0366] wt=[96469.0, 0.0, 21454.0] lags=[0.0, None, 0.0539] locked=False mono=False FWDorder=False meanR=0.020 | per-cycle FWD=0.750 REV=0.250 chance=0.500 n_multi=4 act=[4, 0, 4] apical(mean/max)=-185326.36/65779.33 basket_n=500 frozen=True (89s)
  [seed 42] => no  mean_R: main=0.356 pt-neuron=0.020 basket-off=0.000 no-cue=0.054  checks={'main_phase_order': False, 'R_substantially_above_point': True, 'per_cycle_support': True, 'shuffled_collapses': True, 'reverse_collapses': True, 'basket_off_collapses': True, 'nocue_collapses': True, 'point_neuron_collapses': True, 'frozen_ok': True, 'dendrite_reset_ok': True, 'apical_present': True, 'n_active': 3, 'mean_R_main': 0.3562, 'mean_R_basketoff': 0.0, 'mean_R_nocue': 0.0539, 'mean_R_pointneuron': 0.0201} (89s)
[2026-07-24 05:57:22][INFO] SIM_BRIDGE: CuPy using GPU: NVIDIA GeForce RTX 3090 (23.5 GB), mempool limit: 80%
[2026-07-24 05:57:22][INFO] SIM_BRIDGE: Initializing simulation data for model: IZHIKEVICH (3D)... (playback_init: False)
[2026-07-24 05:57:22][INFO] SIM_BRIDGE: Brain-region framework: 16 regions, 4028 total neurons, 39 pathways.
[2026-07-24 05:57:22][INFO] SIM_BRIDGE: RNG initialized with seed: 43
[2026-07-24 05:57:22][INFO] SIM_BRIDGE: Initializing Izhikevich model specifics for 4028 neurons...
[2026-07-24 05:57:22][INFO] SIM_BRIDGE: Region 'language_input' (384 neurons): using Izh type IZH2007_RS_CORTICAL_PYRAMIDAL
[2026-07-24 05:57:22][INFO] SIM_BRIDGE: Region 'motor_N' (16 neurons): using Izh type IZH2007_RS_CORTICAL_PYRAMIDAL
[2026-07-24 05:57:22][INFO] SIM_BRIDGE: Region 'motor_E' (16 neurons): using Izh type IZH2007_RS_CORTICAL_PYRAMIDAL
[2026-07-24 05:57:22][INFO] SIM_BRIDGE: Region 'motor_S' (16 neurons): using Izh type IZH2007_RS_CORTICAL_PYRAMIDAL
[2026-07-24 05:57:22][INFO] SIM_BRIDGE: Region 'motor_W' (16 neurons): using Izh type IZH2007_RS_CORTICAL_PYRAMIDAL
[2026-07-24 05:57:22][INFO] SIM_BRIDGE: Region 'language_output' (384 neurons): using Izh type IZH2007_RS_CORTICAL_PYRAMIDAL
[2026-07-24 05:57:22][INFO] SIM_BRIDGE: Region 'ec' (200 neurons): using Izh type IZH2007_RS_CORTICAL_PYRAMIDAL
[2026-07-24 05:57:22][INFO] SIM_BRIDGE: Region 'dg' (300 neurons): using Izh type IZH2007_HIPPO_PYRAMIDAL
[2026-07-24 05:57:22][INFO] SIM_BRIDGE: Region 'dg_pv_basket' (60 neurons): using Izh type IZH2007_FS_CORTICAL_INTERNEURON
[2026-07-24 05:57:22][INFO] SIM_BRIDGE: Region 'ca3' (2000 neurons): using Izh type IZH2007_HIPPO_PYRAMIDAL
[2026-07-24 05:57:22][INFO] SIM_BRIDGE: Region 'ca1' (120 neurons): using Izh type IZH2007_HIPPO_PYRAMIDAL
[2026-07-24 05:57:22][INFO] SIM_BRIDGE: Region 'motor_FS_N' (4 neurons): using Izh type IZH2007_FS_CORTICAL_INTERNEURON
[2026-07-24 05:57:22][INFO] SIM_BRIDGE: Region 'motor_FS_E' (4 neurons): using Izh type IZH2007_FS_CORTICAL_INTERNEURON
[2026-07-24 05:57:22][INFO] SIM_BRIDGE: Region 'motor_FS_S' (4 neurons): using Izh type IZH2007_FS_CORTICAL_INTERNEURON
[2026-07-24 05:57:22][INFO] SIM_BRIDGE: Region 'motor_FS_W' (4 neurons): using Izh type IZH2007_FS_CORTICAL_INTERNEURON
[2026-07-24 05:57:22][INFO] SIM_BRIDGE: Region 'ca3_pv_basket' (500 neurons): using Izh type IZH2007_FS_CORTICAL_INTERNEURON
[2026-07-24 05:57:22][INFO] SIM_BRIDGE: Applying parameter heterogeneity to neuron parameters...
[2026-07-24 05:57:22][INFO] SIM_BRIDGE: Applied heterogeneity to 4 parameters.
[2026-07-24 05:57:22][INFO] SIM_BRIDGE: Generating 3D neuron positions for 4028 neurons...
[2026-07-24 05:57:22][INFO] SIM_BRIDGE: Generating connections (brain-region framework)...
[2026-07-24 05:57:24][INFO] SIM_BRIDGE: inject_explicit_wiring: installed 1850216 synapses across 47 populations.
[2026-07-24 05:57:24][INFO] SIM_BRIDGE: Initializing STP state for 1850216 synapses (capacity: 2775324)...
[2026-07-24 05:57:24][INFO] SIM_BRIDGE: Initializing eligibility traces for 1850216 synapses (capacity: 2775324, dtype: float32)...
[2026-07-24 05:57:24][INFO] SIM_BRIDGE: Initializing STDP state for 4028 neurons...
[2026-07-24 05:57:24][INFO] SIM_BRIDGE: Simulation data initialized for 4028 neurons (3D). Synapses: 1850216. GPU memory: 2.7GB/25.3GB (10.7%)
  [seed 43] DECOUPLED store: within=196.7 adj_fwd=37.75 adj_rev=5.00 ratio=7.55x (n_fwd=8590 n_rev=8641) sel_spare=20.0 two_comp=True (24s)
      [dend-ramp target=apical ramp_on=True basket_on=True k_ramp=240 apical_mv=30.0 soma_pa=1000.0 rise=1000 settle=60 theta_period=125 depth=400.0 basket_n=500 self_regen=0.15 two_comp=True has_apical=True adapt=True]
  [seed 43] MAIN dendritic (theta-BASKET + APICAL ramp): phases(cyc)=[0.6489, 0.6071, 0.677] R=[0.0389, 0.0744, 0.0542] wt=[97567.0, 65554.0, 58965.0] lags=[0.0, 0.9582, 0.0281] locked=False mono=False FWDorder=False meanR=0.056 | per-cycle FWD=0.000 REV=0.000 chance=0.000 n_multi=0 act=[0, 0, 0] apical(mean/max)=-294373.7/80627.15 basket_n=500 frozen=True (27s)
[2026-07-24 05:57:49][INFO] SIM_BRIDGE: CuPy using GPU: NVIDIA GeForce RTX 3090 (23.5 GB), mempool limit: 80%
[2026-07-24 05:57:49][INFO] SIM_BRIDGE: Initializing simulation data for model: IZHIKEVICH (3D)... (playback_init: False)
[2026-07-24 05:57:49][INFO] SIM_BRIDGE: Brain-region framework: 16 regions, 4028 total neurons, 39 pathways.
[2026-07-24 05:57:49][INFO] SIM_BRIDGE: RNG initialized with seed: 43
[2026-07-24 05:57:49][INFO] SIM_BRIDGE: Initializing Izhikevich model specifics for 4028 neurons...
[2026-07-24 05:57:49][INFO] SIM_BRIDGE: Region 'language_input' (384 neurons): using Izh type IZH2007_RS_CORTICAL_PYRAMIDAL
[2026-07-24 05:57:49][INFO] SIM_BRIDGE: Region 'motor_N' (16 neurons): using Izh type IZH2007_RS_CORTICAL_PYRAMIDAL
[2026-07-24 05:57:49][INFO] SIM_BRIDGE: Region 'motor_E' (16 neurons): using Izh type IZH2007_RS_CORTICAL_PYRAMIDAL
[2026-07-24 05:57:49][INFO] SIM_BRIDGE: Region 'motor_S' (16 neurons): using Izh type IZH2007_RS_CORTICAL_PYRAMIDAL
[2026-07-24 05:57:49][INFO] SIM_BRIDGE: Region 'motor_W' (16 neurons): using Izh type IZH2007_RS_CORTICAL_PYRAMIDAL
[2026-07-24 05:57:49][INFO] SIM_BRIDGE: Region 'language_output' (384 neurons): using Izh type IZH2007_RS_CORTICAL_PYRAMIDAL
[2026-07-24 05:57:49][INFO] SIM_BRIDGE: Region 'ec' (200 neurons): using Izh type IZH2007_RS_CORTICAL_PYRAMIDAL
[2026-07-24 05:57:49][INFO] SIM_BRIDGE: Region 'dg' (300 neurons): using Izh type IZH2007_HIPPO_PYRAMIDAL
[2026-07-24 05:57:49][INFO] SIM_BRIDGE: Region 'dg_pv_basket' (60 neurons): using Izh type IZH2007_FS_CORTICAL_INTERNEURON
[2026-07-24 05:57:49][INFO] SIM_BRIDGE: Region 'ca3' (2000 neurons): using Izh type IZH2007_HIPPO_PYRAMIDAL
[2026-07-24 05:57:49][INFO] SIM_BRIDGE: Region 'ca1' (120 neurons): using Izh type IZH2007_HIPPO_PYRAMIDAL
[2026-07-24 05:57:49][INFO] SIM_BRIDGE: Region 'motor_FS_N' (4 neurons): using Izh type IZH2007_FS_CORTICAL_INTERNEURON
[2026-07-24 05:57:49][INFO] SIM_BRIDGE: Region 'motor_FS_E' (4 neurons): using Izh type IZH2007_FS_CORTICAL_INTERNEURON
[2026-07-24 05:57:49][INFO] SIM_BRIDGE: Region 'motor_FS_S' (4 neurons): using Izh type IZH2007_FS_CORTICAL_INTERNEURON
[2026-07-24 05:57:49][INFO] SIM_BRIDGE: Region 'motor_FS_W' (4 neurons): using Izh type IZH2007_FS_CORTICAL_INTERNEURON
[2026-07-24 05:57:49][INFO] SIM_BRIDGE: Region 'ca3_pv_basket' (500 neurons): using Izh type IZH2007_FS_CORTICAL_INTERNEURON
[2026-07-24 05:57:49][INFO] SIM_BRIDGE: Applying parameter heterogeneity to neuron parameters...
[2026-07-24 05:57:49][INFO] SIM_BRIDGE: Applied heterogeneity to 4 parameters.
[2026-07-24 05:57:49][INFO] SIM_BRIDGE: Generating 3D neuron positions for 4028 neurons...
[2026-07-24 05:57:49][INFO] SIM_BRIDGE: Generating connections (brain-region framework)...
[2026-07-24 05:57:51][INFO] SIM_BRIDGE: inject_explicit_wiring: installed 1850216 synapses across 47 populations.
[2026-07-24 05:57:51][INFO] SIM_BRIDGE: Initializing STP state for 1850216 synapses (capacity: 2775324)...
[2026-07-24 05:57:51][INFO] SIM_BRIDGE: Initializing eligibility traces for 1850216 synapses (capacity: 2775324, dtype: float32)...
[2026-07-24 05:57:51][INFO] SIM_BRIDGE: Initializing STDP state for 4028 neurons...
[2026-07-24 05:57:51][INFO] SIM_BRIDGE: Simulation data initialized for 4028 neurons (3D). Synapses: 1850216. GPU memory: 2.7GB/25.3GB (10.7%)
  [seed 43] SHUFFLED-STORE (17231 edges): phases(cyc)=[0.5666, 0.5397, 0.6117] R=[0.0706, 0.0644, 0.0793] wt=[71647.0, 70753.0, 26786.0] lags=[0.0, 0.9732, 0.0451] locked=False mono=False FWDorder=False meanR=0.071 | per-cycle FWD=0.500 REV=0.250 chance=0.167 n_multi=4 act=[4, 4, 4] apical(mean/max)=-218079.12/71238.73 basket_n=500 frozen=True (54s)
[2026-07-24 05:58:16][INFO] SIM_BRIDGE: CuPy using GPU: NVIDIA GeForce RTX 3090 (23.5 GB), mempool limit: 80%
[2026-07-24 05:58:16][INFO] SIM_BRIDGE: Initializing simulation data for model: IZHIKEVICH (3D)... (playback_init: False)
[2026-07-24 05:58:16][INFO] SIM_BRIDGE: Brain-region framework: 16 regions, 4028 total neurons, 39 pathways.
[2026-07-24 05:58:16][INFO] SIM_BRIDGE: RNG initialized with seed: 43
[2026-07-24 05:58:16][INFO] SIM_BRIDGE: Initializing Izhikevich model specifics for 4028 neurons...
[2026-07-24 05:58:16][INFO] SIM_BRIDGE: Region 'language_input' (384 neurons): using Izh type IZH2007_RS_CORTICAL_PYRAMIDAL
[2026-07-24 05:58:16][INFO] SIM_BRIDGE: Region 'motor_N' (16 neurons): using Izh type IZH2007_RS_CORTICAL_PYRAMIDAL
[2026-07-24 05:58:16][INFO] SIM_BRIDGE: Region 'motor_E' (16 neurons): using Izh type IZH2007_RS_CORTICAL_PYRAMIDAL
[2026-07-24 05:58:16][INFO] SIM_BRIDGE: Region 'motor_S' (16 neurons): using Izh type IZH2007_RS_CORTICAL_PYRAMIDAL
[2026-07-24 05:58:16][INFO] SIM_BRIDGE: Region 'motor_W' (16 neurons): using Izh type IZH2007_RS_CORTICAL_PYRAMIDAL
[2026-07-24 05:58:16][INFO] SIM_BRIDGE: Region 'language_output' (384 neurons): using Izh type IZH2007_RS_CORTICAL_PYRAMIDAL
[2026-07-24 05:58:16][INFO] SIM_BRIDGE: Region 'ec' (200 neurons): using Izh type IZH2007_RS_CORTICAL_PYRAMIDAL
[2026-07-24 05:58:16][INFO] SIM_BRIDGE: Region 'dg' (300 neurons): using Izh type IZH2007_HIPPO_PYRAMIDAL
[2026-07-24 05:58:16][INFO] SIM_BRIDGE: Region 'dg_pv_basket' (60 neurons): using Izh type IZH2007_FS_CORTICAL_INTERNEURON
[2026-07-24 05:58:16][INFO] SIM_BRIDGE: Region 'ca3' (2000 neurons): using Izh type IZH2007_HIPPO_PYRAMIDAL
[2026-07-24 05:58:16][INFO] SIM_BRIDGE: Region 'ca1' (120 neurons): using Izh type IZH2007_HIPPO_PYRAMIDAL
[2026-07-24 05:58:16][INFO] SIM_BRIDGE: Region 'motor_FS_N' (4 neurons): using Izh type IZH2007_FS_CORTICAL_INTERNEURON
[2026-07-24 05:58:16][INFO] SIM_BRIDGE: Region 'motor_FS_E' (4 neurons): using Izh type IZH2007_FS_CORTICAL_INTERNEURON
[2026-07-24 05:58:16][INFO] SIM_BRIDGE: Region 'motor_FS_S' (4 neurons): using Izh type IZH2007_FS_CORTICAL_INTERNEURON
[2026-07-24 05:58:16][INFO] SIM_BRIDGE: Region 'motor_FS_W' (4 neurons): using Izh type IZH2007_FS_CORTICAL_INTERNEURON
[2026-07-24 05:58:16][INFO] SIM_BRIDGE: Region 'ca3_pv_basket' (500 neurons): using Izh type IZH2007_FS_CORTICAL_INTERNEURON
[2026-07-24 05:58:16][INFO] SIM_BRIDGE: Applying parameter heterogeneity to neuron parameters...
[2026-07-24 05:58:16][INFO] SIM_BRIDGE: Applied heterogeneity to 4 parameters.
[2026-07-24 05:58:16][INFO] SIM_BRIDGE: Generating 3D neuron positions for 4028 neurons...
[2026-07-24 05:58:16][INFO] SIM_BRIDGE: Generating connections (brain-region framework)...
[2026-07-24 05:58:18][INFO] SIM_BRIDGE: inject_explicit_wiring: installed 1850216 synapses across 47 populations.
[2026-07-24 05:58:18][INFO] SIM_BRIDGE: Initializing STP state for 1850216 synapses (capacity: 2775324)...
[2026-07-24 05:58:18][INFO] SIM_BRIDGE: Initializing eligibility traces for 1850216 synapses (capacity: 2775324, dtype: float32)...
[2026-07-24 05:58:18][INFO] SIM_BRIDGE: Initializing STDP state for 4028 neurons...
[2026-07-24 05:58:18][INFO] SIM_BRIDGE: Simulation data initialized for 4028 neurons (3D). Synapses: 1850216. GPU memory: 2.7GB/25.3GB (10.7%)
  [seed 43] REVERSE-ASYM-LESION (17231 edges): phases(cyc)=[0.6418, 0.6425, 0.7044] R=[0.0414, 0.0575, 0.0695] wt=[69871.0, 69089.0, 21963.0] lags=[0.0, 0.0007, 0.0626] locked=False mono=True FWDorder=False meanR=0.056 | per-cycle FWD=0.750 REV=0.000 chance=0.250 n_multi=4 act=[4, 4, 3] apical(mean/max)=-224747.81/71597.76 basket_n=500 frozen=True (80s)
  [seed 43] BASKET-OFF (no clock): phases(cyc)=[None, None, None] R=[0.0, 0.0, 0.0] wt=[0.0, 0.0, 0.0] lags=None locked=False mono=False FWDorder=False meanR=0.000 | per-cycle FWD=0.000 REV=0.000 chance=0.000 n_multi=0 act=[0, 0, 0] apical(mean/max)=-77.12/-76.01 basket_n=500 frozen=True (83s)
  [seed 43] NO-CUE (apical ramp off): phases(cyc)=[0.5685, 0.6463, 0.6719] R=[0.0334, 0.0491, 0.0366] wt=[47237.0, 67702.0, 53778.0] lags=[0.0, 0.0777, 0.1034] locked=False mono=True FWDorder=False meanR=0.040 | per-cycle FWD=0.143 REV=0.429 chance=0.262 n_multi=7 act=[5, 7, 7] apical(mean/max)=-270255.4/85245.92 basket_n=500 frozen=True (86s)
  [seed 43] POINT-NEURON control (self_regen=0, ramp-on-SOMA): phases(cyc)=[0.303, 0.5543, 0.3788] R=[0.0223, 0.9934, 0.0887] wt=[90215.0, 60.0, 19025.0] lags=[0.0, 0.2513, 0.0758] locked=False mono=False FWDorder=False meanR=0.368 | per-cycle FWD=0.600 REV=0.400 chance=0.500 n_multi=5 act=[5, 0, 5] apical(mean/max)=-113824.05/49826.33 basket_n=500 frozen=True (89s)
  [seed 43] => no  mean_R: main=0.056 pt-neuron=0.368 basket-off=0.000 no-cue=0.040  checks={'main_phase_order': False, 'R_substantially_above_point': False, 'per_cycle_support': False, 'shuffled_collapses': True, 'reverse_collapses': True, 'basket_off_collapses': True, 'nocue_collapses': True, 'point_neuron_collapses': True, 'frozen_ok': True, 'dendrite_reset_ok': True, 'apical_present': True, 'n_active': 3, 'mean_R_main': 0.0558, 'mean_R_basketoff': 0.0, 'mean_R_nocue': 0.0397, 'mean_R_pointneuron': 0.3681} (89s)
[2026-07-24 05:58:51][INFO] SIM_BRIDGE: CuPy using GPU: NVIDIA GeForce RTX 3090 (23.5 GB), mempool limit: 80%
[2026-07-24 05:58:51][INFO] SIM_BRIDGE: Initializing simulation data for model: IZHIKEVICH (3D)... (playback_init: False)
[2026-07-24 05:58:51][INFO] SIM_BRIDGE: Brain-region framework: 16 regions, 4028 total neurons, 39 pathways.
[2026-07-24 05:58:51][INFO] SIM_BRIDGE: RNG initialized with seed: 44
[2026-07-24 05:58:51][INFO] SIM_BRIDGE: Initializing Izhikevich model specifics for 4028 neurons...
[2026-07-24 05:58:51][INFO] SIM_BRIDGE: Region 'language_input' (384 neurons): using Izh type IZH2007_RS_CORTICAL_PYRAMIDAL
[2026-07-24 05:58:51][INFO] SIM_BRIDGE: Region 'motor_N' (16 neurons): using Izh type IZH2007_RS_CORTICAL_PYRAMIDAL
[2026-07-24 05:58:51][INFO] SIM_BRIDGE: Region 'motor_E' (16 neurons): using Izh type IZH2007_RS_CORTICAL_PYRAMIDAL
[2026-07-24 05:58:51][INFO] SIM_BRIDGE: Region 'motor_S' (16 neurons): using Izh type IZH2007_RS_CORTICAL_PYRAMIDAL
[2026-07-24 05:58:51][INFO] SIM_BRIDGE: Region 'motor_W' (16 neurons): using Izh type IZH2007_RS_CORTICAL_PYRAMIDAL
[2026-07-24 05:58:51][INFO] SIM_BRIDGE: Region 'language_output' (384 neurons): using Izh type IZH2007_RS_CORTICAL_PYRAMIDAL
[2026-07-24 05:58:51][INFO] SIM_BRIDGE: Region 'ec' (200 neurons): using Izh type IZH2007_RS_CORTICAL_PYRAMIDAL
[2026-07-24 05:58:51][INFO] SIM_BRIDGE: Region 'dg' (300 neurons): using Izh type IZH2007_HIPPO_PYRAMIDAL
[2026-07-24 05:58:51][INFO] SIM_BRIDGE: Region 'dg_pv_basket' (60 neurons): using Izh type IZH2007_FS_CORTICAL_INTERNEURON
[2026-07-24 05:58:51][INFO] SIM_BRIDGE: Region 'ca3' (2000 neurons): using Izh type IZH2007_HIPPO_PYRAMIDAL
[2026-07-24 05:58:51][INFO] SIM_BRIDGE: Region 'ca1' (120 neurons): using Izh type IZH2007_HIPPO_PYRAMIDAL
[2026-07-24 05:58:51][INFO] SIM_BRIDGE: Region 'motor_FS_N' (4 neurons): using Izh type IZH2007_FS_CORTICAL_INTERNEURON
[2026-07-24 05:58:51][INFO] SIM_BRIDGE: Region 'motor_FS_E' (4 neurons): using Izh type IZH2007_FS_CORTICAL_INTERNEURON
[2026-07-24 05:58:51][INFO] SIM_BRIDGE: Region 'motor_FS_S' (4 neurons): using Izh type IZH2007_FS_CORTICAL_INTERNEURON
[2026-07-24 05:58:51][INFO] SIM_BRIDGE: Region 'motor_FS_W' (4 neurons): using Izh type IZH2007_FS_CORTICAL_INTERNEURON
[2026-07-24 05:58:51][INFO] SIM_BRIDGE: Region 'ca3_pv_basket' (500 neurons): using Izh type IZH2007_FS_CORTICAL_INTERNEURON
[2026-07-24 05:58:51][INFO] SIM_BRIDGE: Applying parameter heterogeneity to neuron parameters...
[2026-07-24 05:58:51][INFO] SIM_BRIDGE: Applied heterogeneity to 4 parameters.
[2026-07-24 05:58:51][INFO] SIM_BRIDGE: Generating 3D neuron positions for 4028 neurons...
[2026-07-24 05:58:51][INFO] SIM_BRIDGE: Generating connections (brain-region framework)...
[2026-07-24 05:58:53][INFO] SIM_BRIDGE: inject_explicit_wiring: installed 1852722 synapses across 47 populations.
[2026-07-24 05:58:53][INFO] SIM_BRIDGE: Initializing STP state for 1852722 synapses (capacity: 2779083)...
[2026-07-24 05:58:53][INFO] SIM_BRIDGE: Initializing eligibility traces for 1852722 synapses (capacity: 2779083, dtype: float32)...
[2026-07-24 05:58:53][INFO] SIM_BRIDGE: Initializing STDP state for 4028 neurons...
[2026-07-24 05:58:53][INFO] SIM_BRIDGE: Simulation data initialized for 4028 neurons (3D). Synapses: 1852722. GPU memory: 2.7GB/25.3GB (10.7%)
  [seed 44] DECOUPLED store: within=195.6 adj_fwd=38.47 adj_rev=5.00 ratio=7.69x (n_fwd=8461 n_rev=8799) sel_spare=20.0 two_comp=True (23s)
      [dend-ramp target=apical ramp_on=True basket_on=True k_ramp=240 apical_mv=30.0 soma_pa=1000.0 rise=1000 settle=60 theta_period=125 depth=400.0 basket_n=500 self_regen=0.15 two_comp=True has_apical=True adapt=True]
  [seed 44] MAIN dendritic (theta-BASKET + APICAL ramp): phases(cyc)=[0.6707, 0.5625, 0.5681] R=[0.0551, 0.0652, 0.0702] wt=[33012.0, 68559.0, 43752.0] lags=[0.0, 0.8917, 0.8974] locked=False mono=False FWDorder=False meanR=0.064 | per-cycle FWD=0.000 REV=0.750 chance=0.333 n_multi=4 act=[2, 4, 4] apical(mean/max)=-89098.53/56435.0 basket_n=500 frozen=True (27s)
[2026-07-24 05:59:18][INFO] SIM_BRIDGE: CuPy using GPU: NVIDIA GeForce RTX 3090 (23.5 GB), mempool limit: 80%
[2026-07-24 05:59:18][INFO] SIM_BRIDGE: Initializing simulation data for model: IZHIKEVICH (3D)... (playback_init: False)
[2026-07-24 05:59:18][INFO] SIM_BRIDGE: Brain-region framework: 16 regions, 4028 total neurons, 39 pathways.
[2026-07-24 05:59:18][INFO] SIM_BRIDGE: RNG initialized with seed: 44
[2026-07-24 05:59:18][INFO] SIM_BRIDGE: Initializing Izhikevich model specifics for 4028 neurons...
[2026-07-24 05:59:18][INFO] SIM_BRIDGE: Region 'language_input' (384 neurons): using Izh type IZH2007_RS_CORTICAL_PYRAMIDAL
[2026-07-24 05:59:18][INFO] SIM_BRIDGE: Region 'motor_N' (16 neurons): using Izh type IZH2007_RS_CORTICAL_PYRAMIDAL
[2026-07-24 05:59:18][INFO] SIM_BRIDGE: Region 'motor_E' (16 neurons): using Izh type IZH2007_RS_CORTICAL_PYRAMIDAL
[2026-07-24 05:59:18][INFO] SIM_BRIDGE: Region 'motor_S' (16 neurons): using Izh type IZH2007_RS_CORTICAL_PYRAMIDAL
[2026-07-24 05:59:18][INFO] SIM_BRIDGE: Region 'motor_W' (16 neurons): using Izh type IZH2007_RS_CORTICAL_PYRAMIDAL
[2026-07-24 05:59:18][INFO] SIM_BRIDGE: Region 'language_output' (384 neurons): using Izh type IZH2007_RS_CORTICAL_PYRAMIDAL
[2026-07-24 05:59:18][INFO] SIM_BRIDGE: Region 'ec' (200 neurons): using Izh type IZH2007_RS_CORTICAL_PYRAMIDAL
[2026-07-24 05:59:18][INFO] SIM_BRIDGE: Region 'dg' (300 neurons): using Izh type IZH2007_HIPPO_PYRAMIDAL
[2026-07-24 05:59:18][INFO] SIM_BRIDGE: Region 'dg_pv_basket' (60 neurons): using Izh type IZH2007_FS_CORTICAL_INTERNEURON
[2026-07-24 05:59:18][INFO] SIM_BRIDGE: Region 'ca3' (2000 neurons): using Izh type IZH2007_HIPPO_PYRAMIDAL
[2026-07-24 05:59:18][INFO] SIM_BRIDGE: Region 'ca1' (120 neurons): using Izh type IZH2007_HIPPO_PYRAMIDAL
[2026-07-24 05:59:18][INFO] SIM_BRIDGE: Region 'motor_FS_N' (4 neurons): using Izh type IZH2007_FS_CORTICAL_INTERNEURON
[2026-07-24 05:59:18][INFO] SIM_BRIDGE: Region 'motor_FS_E' (4 neurons): using Izh type IZH2007_FS_CORTICAL_INTERNEURON
[2026-07-24 05:59:18][INFO] SIM_BRIDGE: Region 'motor_FS_S' (4 neurons): using Izh type IZH2007_FS_CORTICAL_INTERNEURON
[2026-07-24 05:59:18][INFO] SIM_BRIDGE: Region 'motor_FS_W' (4 neurons): using Izh type IZH2007_FS_CORTICAL_INTERNEURON
[2026-07-24 05:59:18][INFO] SIM_BRIDGE: Region 'ca3_pv_basket' (500 neurons): using Izh type IZH2007_FS_CORTICAL_INTERNEURON
[2026-07-24 05:59:18][INFO] SIM_BRIDGE: Applying parameter heterogeneity to neuron parameters...
[2026-07-24 05:59:18][INFO] SIM_BRIDGE: Applied heterogeneity to 4 parameters.
[2026-07-24 05:59:18][INFO] SIM_BRIDGE: Generating 3D neuron positions for 4028 neurons...
[2026-07-24 05:59:18][INFO] SIM_BRIDGE: Generating connections (brain-region framework)...
[2026-07-24 05:59:20][INFO] SIM_BRIDGE: inject_explicit_wiring: installed 1852722 synapses across 47 populations.
[2026-07-24 05:59:20][INFO] SIM_BRIDGE: Initializing STP state for 1852722 synapses (capacity: 2779083)...
[2026-07-24 05:59:20][INFO] SIM_BRIDGE: Initializing eligibility traces for 1852722 synapses (capacity: 2779083, dtype: float32)...
[2026-07-24 05:59:20][INFO] SIM_BRIDGE: Initializing STDP state for 4028 neurons...
[2026-07-24 05:59:20][INFO] SIM_BRIDGE: Simulation data initialized for 4028 neurons (3D). Synapses: 1852722. GPU memory: 2.7GB/25.3GB (10.7%)
  [seed 44] SHUFFLED-STORE (17260 edges): phases(cyc)=[0.6137, 0.5464, 0.7249] R=[0.0191, 0.03, 0.0493] wt=[101307.0, 102575.0, 28035.0] lags=[0.0, 0.9327, 0.1111] locked=False mono=False FWDorder=False meanR=0.033 | per-cycle FWD=0.000 REV=0.000 chance=0.000 n_multi=0 act=[0, 0, 0] apical(mean/max)=-357780.68/75207.27 basket_n=500 frozen=True (53s)
[2026-07-24 05:59:45][INFO] SIM_BRIDGE: CuPy using GPU: NVIDIA GeForce RTX 3090 (23.5 GB), mempool limit: 80%
[2026-07-24 05:59:45][INFO] SIM_BRIDGE: Initializing simulation data for model: IZHIKEVICH (3D)... (playback_init: False)
[2026-07-24 05:59:45][INFO] SIM_BRIDGE: Brain-region framework: 16 regions, 4028 total neurons, 39 pathways.
[2026-07-24 05:59:45][INFO] SIM_BRIDGE: RNG initialized with seed: 44
[2026-07-24 05:59:45][INFO] SIM_BRIDGE: Initializing Izhikevich model specifics for 4028 neurons...
[2026-07-24 05:59:45][INFO] SIM_BRIDGE: Region 'language_input' (384 neurons): using Izh type IZH2007_RS_CORTICAL_PYRAMIDAL
[2026-07-24 05:59:45][INFO] SIM_BRIDGE: Region 'motor_N' (16 neurons): using Izh type IZH2007_RS_CORTICAL_PYRAMIDAL
[2026-07-24 05:59:45][INFO] SIM_BRIDGE: Region 'motor_E' (16 neurons): using Izh type IZH2007_RS_CORTICAL_PYRAMIDAL
[2026-07-24 05:59:45][INFO] SIM_BRIDGE: Region 'motor_S' (16 neurons): using Izh type IZH2007_RS_CORTICAL_PYRAMIDAL
[2026-07-24 05:59:45][INFO] SIM_BRIDGE: Region 'motor_W' (16 neurons): using Izh type IZH2007_RS_CORTICAL_PYRAMIDAL
[2026-07-24 05:59:45][INFO] SIM_BRIDGE: Region 'language_output' (384 neurons): using Izh type IZH2007_RS_CORTICAL_PYRAMIDAL
[2026-07-24 05:59:45][INFO] SIM_BRIDGE: Region 'ec' (200 neurons): using Izh type IZH2007_RS_CORTICAL_PYRAMIDAL
[2026-07-24 05:59:45][INFO] SIM_BRIDGE: Region 'dg' (300 neurons): using Izh type IZH2007_HIPPO_PYRAMIDAL
[2026-07-24 05:59:45][INFO] SIM_BRIDGE: Region 'dg_pv_basket' (60 neurons): using Izh type IZH2007_FS_CORTICAL_INTERNEURON
[2026-07-24 05:59:45][INFO] SIM_BRIDGE: Region 'ca3' (2000 neurons): using Izh type IZH2007_HIPPO_PYRAMIDAL
[2026-07-24 05:59:45][INFO] SIM_BRIDGE: Region 'ca1' (120 neurons): using Izh type IZH2007_HIPPO_PYRAMIDAL
[2026-07-24 05:59:45][INFO] SIM_BRIDGE: Region 'motor_FS_N' (4 neurons): using Izh type IZH2007_FS_CORTICAL_INTERNEURON
[2026-07-24 05:59:45][INFO] SIM_BRIDGE: Region 'motor_FS_E' (4 neurons): using Izh type IZH2007_FS_CORTICAL_INTERNEURON
[2026-07-24 05:59:45][INFO] SIM_BRIDGE: Region 'motor_FS_S' (4 neurons): using Izh type IZH2007_FS_CORTICAL_INTERNEURON
[2026-07-24 05:59:45][INFO] SIM_BRIDGE: Region 'motor_FS_W' (4 neurons): using Izh type IZH2007_FS_CORTICAL_INTERNEURON
[2026-07-24 05:59:45][INFO] SIM_BRIDGE: Region 'ca3_pv_basket' (500 neurons): using Izh type IZH2007_FS_CORTICAL_INTERNEURON
[2026-07-24 05:59:45][INFO] SIM_BRIDGE: Applying parameter heterogeneity to neuron parameters...
[2026-07-24 05:59:45][INFO] SIM_BRIDGE: Applied heterogeneity to 4 parameters.
[2026-07-24 05:59:45][INFO] SIM_BRIDGE: Generating 3D neuron positions for 4028 neurons...
[2026-07-24 05:59:45][INFO] SIM_BRIDGE: Generating connections (brain-region framework)...
[2026-07-24 05:59:47][INFO] SIM_BRIDGE: inject_explicit_wiring: installed 1852722 synapses across 47 populations.
[2026-07-24 05:59:47][INFO] SIM_BRIDGE: Initializing STP state for 1852722 synapses (capacity: 2779083)...
[2026-07-24 05:59:47][INFO] SIM_BRIDGE: Initializing eligibility traces for 1852722 synapses (capacity: 2779083, dtype: float32)...
[2026-07-24 05:59:47][INFO] SIM_BRIDGE: Initializing STDP state for 4028 neurons...
[2026-07-24 05:59:47][INFO] SIM_BRIDGE: Simulation data initialized for 4028 neurons (3D). Synapses: 1852722. GPU memory: 2.7GB/25.3GB (10.7%)
  [seed 44] REVERSE-ASYM-LESION (17260 edges): phases(cyc)=[0.5221, 0.5213, 0.6799] R=[0.0463, 0.0486, 0.0846] wt=[90321.0, 92808.0, 21483.0] lags=[0.0, 0.9992, 0.1578] locked=False mono=False FWDorder=False meanR=0.060 | per-cycle FWD=0.000 REV=0.000 chance=0.167 n_multi=3 act=[3, 3, 3] apical(mean/max)=-332530.27/73622.45 basket_n=500 frozen=True (80s)
  [seed 44] BASKET-OFF (no clock): phases(cyc)=[None, 0.7865, None] R=[0.0, 0.2224, 0.0] wt=[0.0, 30.0, 0.0] lags=None locked=False mono=False FWDorder=False meanR=0.074 | per-cycle FWD=0.000 REV=0.000 chance=0.000 n_multi=0 act=[0, 0, 0] apical(mean/max)=-77.12/-76.01 basket_n=500 frozen=True (82s)
  [seed 44] NO-CUE (apical ramp off): phases(cyc)=[0.5981, 0.6518, 0.6644] R=[0.0415, 0.0652, 0.0524] wt=[45523.0, 68429.0, 51756.0] lags=[0.0, 0.0537, 0.0663] locked=False mono=True FWDorder=False meanR=0.053 | per-cycle FWD=0.286 REV=0.143 chance=0.262 n_multi=7 act=[5, 7, 7] apical(mean/max)=-226423.73/78857.54 basket_n=500 frozen=True (85s)
  [seed 44] POINT-NEURON control (self_regen=0, ramp-on-SOMA): phases(cyc)=[0.2642, 0.5231, 0.4718] R=[0.021, 0.0833, 0.0875] wt=[87854.0, 101745.0, 63830.0] lags=[0.0, 0.2589, 0.2075] locked=False mono=False FWDorder=False meanR=0.064 | per-cycle FWD=0.000 REV=0.000 chance=0.000 n_multi=0 act=[0, 0, 0] apical(mean/max)=-114717.86/64882.84 basket_n=500 frozen=True (89s)
  [seed 44] => no  mean_R: main=0.064 pt-neuron=0.064 basket-off=0.074 no-cue=0.053  checks={'main_phase_order': False, 'R_substantially_above_point': False, 'per_cycle_support': False, 'shuffled_collapses': True, 'reverse_collapses': True, 'basket_off_collapses': True, 'nocue_collapses': True, 'point_neuron_collapses': True, 'frozen_ok': True, 'dendrite_reset_ok': True, 'apical_present': True, 'n_active': 3, 'mean_R_main': 0.0635, 'mean_R_basketoff': 0.0741, 'mean_R_nocue': 0.0531, 'mean_R_pointneuron': 0.0639} (89s)
[2026-07-24 06:00:20][INFO] SIM_BRIDGE: CuPy using GPU: NVIDIA GeForce RTX 3090 (23.5 GB), mempool limit: 80%
[2026-07-24 06:00:20][INFO] SIM_BRIDGE: Initializing simulation data for model: IZHIKEVICH (3D)... (playback_init: False)
[2026-07-24 06:00:20][INFO] SIM_BRIDGE: Brain-region framework: 16 regions, 4028 total neurons, 39 pathways.
[2026-07-24 06:00:20][INFO] SIM_BRIDGE: RNG initialized with seed: 100
[2026-07-24 06:00:20][INFO] SIM_BRIDGE: Initializing Izhikevich model specifics for 4028 neurons...
[2026-07-24 06:00:20][INFO] SIM_BRIDGE: Region 'language_input' (384 neurons): using Izh type IZH2007_RS_CORTICAL_PYRAMIDAL
[2026-07-24 06:00:20][INFO] SIM_BRIDGE: Region 'motor_N' (16 neurons): using Izh type IZH2007_RS_CORTICAL_PYRAMIDAL
[2026-07-24 06:00:20][INFO] SIM_BRIDGE: Region 'motor_E' (16 neurons): using Izh type IZH2007_RS_CORTICAL_PYRAMIDAL
[2026-07-24 06:00:20][INFO] SIM_BRIDGE: Region 'motor_S' (16 neurons): using Izh type IZH2007_RS_CORTICAL_PYRAMIDAL
[2026-07-24 06:00:20][INFO] SIM_BRIDGE: Region 'motor_W' (16 neurons): using Izh type IZH2007_RS_CORTICAL_PYRAMIDAL
[2026-07-24 06:00:20][INFO] SIM_BRIDGE: Region 'language_output' (384 neurons): using Izh type IZH2007_RS_CORTICAL_PYRAMIDAL
[2026-07-24 06:00:20][INFO] SIM_BRIDGE: Region 'ec' (200 neurons): using Izh type IZH2007_RS_CORTICAL_PYRAMIDAL
[2026-07-24 06:00:20][INFO] SIM_BRIDGE: Region 'dg' (300 neurons): using Izh type IZH2007_HIPPO_PYRAMIDAL
[2026-07-24 06:00:20][INFO] SIM_BRIDGE: Region 'dg_pv_basket' (60 neurons): using Izh type IZH2007_FS_CORTICAL_INTERNEURON
[2026-07-24 06:00:20][INFO] SIM_BRIDGE: Region 'ca3' (2000 neurons): using Izh type IZH2007_HIPPO_PYRAMIDAL
[2026-07-24 06:00:20][INFO] SIM_BRIDGE: Region 'ca1' (120 neurons): using Izh type IZH2007_HIPPO_PYRAMIDAL
[2026-07-24 06:00:20][INFO] SIM_BRIDGE: Region 'motor_FS_N' (4 neurons): using Izh type IZH2007_FS_CORTICAL_INTERNEURON
[2026-07-24 06:00:20][INFO] SIM_BRIDGE: Region 'motor_FS_E' (4 neurons): using Izh type IZH2007_FS_CORTICAL_INTERNEURON
[2026-07-24 06:00:20][INFO] SIM_BRIDGE: Region 'motor_FS_S' (4 neurons): using Izh type IZH2007_FS_CORTICAL_INTERNEURON
[2026-07-24 06:00:20][INFO] SIM_BRIDGE: Region 'motor_FS_W' (4 neurons): using Izh type IZH2007_FS_CORTICAL_INTERNEURON
[2026-07-24 06:00:20][INFO] SIM_BRIDGE: Region 'ca3_pv_basket' (500 neurons): using Izh type IZH2007_FS_CORTICAL_INTERNEURON
[2026-07-24 06:00:20][INFO] SIM_BRIDGE: Applying parameter heterogeneity to neuron parameters...
[2026-07-24 06:00:20][INFO] SIM_BRIDGE: Applied heterogeneity to 4 parameters.
[2026-07-24 06:00:20][INFO] SIM_BRIDGE: Generating 3D neuron positions for 4028 neurons...
[2026-07-24 06:00:20][INFO] SIM_BRIDGE: Generating connections (brain-region framework)...
[2026-07-24 06:00:22][INFO] SIM_BRIDGE: inject_explicit_wiring: installed 1850628 synapses across 47 populations.
[2026-07-24 06:00:22][INFO] SIM_BRIDGE: Initializing STP state for 1850628 synapses (capacity: 2775942)...
[2026-07-24 06:00:22][INFO] SIM_BRIDGE: Initializing eligibility traces for 1850628 synapses (capacity: 2775942, dtype: float32)...
[2026-07-24 06:00:22][INFO] SIM_BRIDGE: Initializing STDP state for 4028 neurons...
[2026-07-24 06:00:22][INFO] SIM_BRIDGE: Simulation data initialized for 4028 neurons (3D). Synapses: 1850628. GPU memory: 2.7GB/25.3GB (10.7%)
  [seed 100] DECOUPLED store: within=199.0 adj_fwd=38.28 adj_rev=5.00 ratio=7.66x (n_fwd=8641 n_rev=8621) sel_spare=20.0 two_comp=True (23s)
      [dend-ramp target=apical ramp_on=True basket_on=True k_ramp=240 apical_mv=30.0 soma_pa=1000.0 rise=1000 settle=60 theta_period=125 depth=400.0 basket_n=500 self_regen=0.15 two_comp=True has_apical=True adapt=True]
  [seed 100] MAIN dendritic (theta-BASKET + APICAL ramp): phases(cyc)=[0.5623, 0.6189, 0.6267] R=[0.0655, 0.0662, 0.0712] wt=[66789.0, 69995.0, 56679.0] lags=[0.0, 0.0566, 0.0644] locked=False mono=True FWDorder=False meanR=0.068 | per-cycle FWD=0.250 REV=0.000 chance=0.167 n_multi=4 act=[4, 4, 4] apical(mean/max)=-198999.41/63862.41 basket_n=500 frozen=True (27s)
[2026-07-24 06:00:47][INFO] SIM_BRIDGE: CuPy using GPU: NVIDIA GeForce RTX 3090 (23.5 GB), mempool limit: 80%
[2026-07-24 06:00:47][INFO] SIM_BRIDGE: Initializing simulation data for model: IZHIKEVICH (3D)... (playback_init: False)
[2026-07-24 06:00:47][INFO] SIM_BRIDGE: Brain-region framework: 16 regions, 4028 total neurons, 39 pathways.
[2026-07-24 06:00:47][INFO] SIM_BRIDGE: RNG initialized with seed: 100
[2026-07-24 06:00:47][INFO] SIM_BRIDGE: Initializing Izhikevich model specifics for 4028 neurons...
[2026-07-24 06:00:47][INFO] SIM_BRIDGE: Region 'language_input' (384 neurons): using Izh type IZH2007_RS_CORTICAL_PYRAMIDAL
[2026-07-24 06:00:47][INFO] SIM_BRIDGE: Region 'motor_N' (16 neurons): using Izh type IZH2007_RS_CORTICAL_PYRAMIDAL
[2026-07-24 06:00:47][INFO] SIM_BRIDGE: Region 'motor_E' (16 neurons): using Izh type IZH2007_RS_CORTICAL_PYRAMIDAL
[2026-07-24 06:00:47][INFO] SIM_BRIDGE: Region 'motor_S' (16 neurons): using Izh type IZH2007_RS_CORTICAL_PYRAMIDAL
[2026-07-24 06:00:47][INFO] SIM_BRIDGE: Region 'motor_W' (16 neurons): using Izh type IZH2007_RS_CORTICAL_PYRAMIDAL
[2026-07-24 06:00:47][INFO] SIM_BRIDGE: Region 'language_output' (384 neurons): using Izh type IZH2007_RS_CORTICAL_PYRAMIDAL
[2026-07-24 06:00:47][INFO] SIM_BRIDGE: Region 'ec' (200 neurons): using Izh type IZH2007_RS_CORTICAL_PYRAMIDAL
[2026-07-24 06:00:47][INFO] SIM_BRIDGE: Region 'dg' (300 neurons): using Izh type IZH2007_HIPPO_PYRAMIDAL
[2026-07-24 06:00:47][INFO] SIM_BRIDGE: Region 'dg_pv_basket' (60 neurons): using Izh type IZH2007_FS_CORTICAL_INTERNEURON
[2026-07-24 06:00:47][INFO] SIM_BRIDGE: Region 'ca3' (2000 neurons): using Izh type IZH2007_HIPPO_PYRAMIDAL
[2026-07-24 06:00:47][INFO] SIM_BRIDGE: Region 'ca1' (120 neurons): using Izh type IZH2007_HIPPO_PYRAMIDAL
[2026-07-24 06:00:47][INFO] SIM_BRIDGE: Region 'motor_FS_N' (4 neurons): using Izh type IZH2007_FS_CORTICAL_INTERNEURON
[2026-07-24 06:00:47][INFO] SIM_BRIDGE: Region 'motor_FS_E' (4 neurons): using Izh type IZH2007_FS_CORTICAL_INTERNEURON
[2026-07-24 06:00:47][INFO] SIM_BRIDGE: Region 'motor_FS_S' (4 neurons): using Izh type IZH2007_FS_CORTICAL_INTERNEURON
[2026-07-24 06:00:47][INFO] SIM_BRIDGE: Region 'motor_FS_W' (4 neurons): using Izh type IZH2007_FS_CORTICAL_INTERNEURON
[2026-07-24 06:00:47][INFO] SIM_BRIDGE: Region 'ca3_pv_basket' (500 neurons): using Izh type IZH2007_FS_CORTICAL_INTERNEURON
[2026-07-24 06:00:47][INFO] SIM_BRIDGE: Applying parameter heterogeneity to neuron parameters...
[2026-07-24 06:00:47][INFO] SIM_BRIDGE: Applied heterogeneity to 4 parameters.
[2026-07-24 06:00:47][INFO] SIM_BRIDGE: Generating 3D neuron positions for 4028 neurons...
[2026-07-24 06:00:47][INFO] SIM_BRIDGE: Generating connections (brain-region framework)...
[2026-07-24 06:00:49][INFO] SIM_BRIDGE: inject_explicit_wiring: installed 1850628 synapses across 47 populations.
[2026-07-24 06:00:49][INFO] SIM_BRIDGE: Initializing STP state for 1850628 synapses (capacity: 2775942)...
[2026-07-24 06:00:49][INFO] SIM_BRIDGE: Initializing eligibility traces for 1850628 synapses (capacity: 2775942, dtype: float32)...
[2026-07-24 06:00:49][INFO] SIM_BRIDGE: Initializing STDP state for 4028 neurons...
[2026-07-24 06:00:49][INFO] SIM_BRIDGE: Simulation data initialized for 4028 neurons (3D). Synapses: 1850628. GPU memory: 2.7GB/25.3GB (10.7%)
  [seed 100] SHUFFLED-STORE (17262 edges): phases(cyc)=[0.666, 0.66, 0.7248] R=[0.0387, 0.0485, 0.0586] wt=[105757.0, 105371.0, 34138.0] lags=[0.0, 0.994, 0.0589] locked=False mono=False FWDorder=False meanR=0.049 | per-cycle FWD=0.000 REV=0.000 chance=0.000 n_multi=0 act=[0, 0, 0] apical(mean/max)=-336224.13/73928.29 basket_n=500 frozen=True (54s)
[2026-07-24 06:01:14][INFO] SIM_BRIDGE: CuPy using GPU: NVIDIA GeForce RTX 3090 (23.5 GB), mempool limit: 80%
[2026-07-24 06:01:14][INFO] SIM_BRIDGE: Initializing simulation data for model: IZHIKEVICH (3D)... (playback_init: False)
[2026-07-24 06:01:14][INFO] SIM_BRIDGE: Brain-region framework: 16 regions, 4028 total neurons, 39 pathways.
[2026-07-24 06:01:14][INFO] SIM_BRIDGE: RNG initialized with seed: 100
[2026-07-24 06:01:14][INFO] SIM_BRIDGE: Initializing Izhikevich model specifics for 4028 neurons...
[2026-07-24 06:01:14][INFO] SIM_BRIDGE: Region 'language_input' (384 neurons): using Izh type IZH2007_RS_CORTICAL_PYRAMIDAL
[2026-07-24 06:01:14][INFO] SIM_BRIDGE: Region 'motor_N' (16 neurons): using Izh type IZH2007_RS_CORTICAL_PYRAMIDAL
[2026-07-24 06:01:14][INFO] SIM_BRIDGE: Region 'motor_E' (16 neurons): using Izh type IZH2007_RS_CORTICAL_PYRAMIDAL
[2026-07-24 06:01:14][INFO] SIM_BRIDGE: Region 'motor_S' (16 neurons): using Izh type IZH2007_RS_CORTICAL_PYRAMIDAL
[2026-07-24 06:01:14][INFO] SIM_BRIDGE: Region 'motor_W' (16 neurons): using Izh type IZH2007_RS_CORTICAL_PYRAMIDAL
[2026-07-24 06:01:14][INFO] SIM_BRIDGE: Region 'language_output' (384 neurons): using Izh type IZH2007_RS_CORTICAL_PYRAMIDAL
[2026-07-24 06:01:14][INFO] SIM_BRIDGE: Region 'ec' (200 neurons): using Izh type IZH2007_RS_CORTICAL_PYRAMIDAL
[2026-07-24 06:01:14][INFO] SIM_BRIDGE: Region 'dg' (300 neurons): using Izh type IZH2007_HIPPO_PYRAMIDAL
[2026-07-24 06:01:14][INFO] SIM_BRIDGE: Region 'dg_pv_basket' (60 neurons): using Izh type IZH2007_FS_CORTICAL_INTERNEURON
[2026-07-24 06:01:14][INFO] SIM_BRIDGE: Region 'ca3' (2000 neurons): using Izh type IZH2007_HIPPO_PYRAMIDAL
[2026-07-24 06:01:14][INFO] SIM_BRIDGE: Region 'ca1' (120 neurons): using Izh type IZH2007_HIPPO_PYRAMIDAL
[2026-07-24 06:01:14][INFO] SIM_BRIDGE: Region 'motor_FS_N' (4 neurons): using Izh type IZH2007_FS_CORTICAL_INTERNEURON
[2026-07-24 06:01:14][INFO] SIM_BRIDGE: Region 'motor_FS_E' (4 neurons): using Izh type IZH2007_FS_CORTICAL_INTERNEURON
[2026-07-24 06:01:14][INFO] SIM_BRIDGE: Region 'motor_FS_S' (4 neurons): using Izh type IZH2007_FS_CORTICAL_INTERNEURON
[2026-07-24 06:01:14][INFO] SIM_BRIDGE: Region 'motor_FS_W' (4 neurons): using Izh type IZH2007_FS_CORTICAL_INTERNEURON
[2026-07-24 06:01:14][INFO] SIM_BRIDGE: Region 'ca3_pv_basket' (500 neurons): using Izh type IZH2007_FS_CORTICAL_INTERNEURON
[2026-07-24 06:01:14][INFO] SIM_BRIDGE: Applying parameter heterogeneity to neuron parameters...
[2026-07-24 06:01:14][INFO] SIM_BRIDGE: Applied heterogeneity to 4 parameters.
[2026-07-24 06:01:14][INFO] SIM_BRIDGE: Generating 3D neuron positions for 4028 neurons...
[2026-07-24 06:01:14][INFO] SIM_BRIDGE: Generating connections (brain-region framework)...
[2026-07-24 06:01:16][INFO] SIM_BRIDGE: inject_explicit_wiring: installed 1850628 synapses across 47 populations.
[2026-07-24 06:01:16][INFO] SIM_BRIDGE: Initializing STP state for 1850628 synapses (capacity: 2775942)...
[2026-07-24 06:01:16][INFO] SIM_BRIDGE: Initializing eligibility traces for 1850628 synapses (capacity: 2775942, dtype: float32)...
[2026-07-24 06:01:16][INFO] SIM_BRIDGE: Initializing STDP state for 4028 neurons...
[2026-07-24 06:01:16][INFO] SIM_BRIDGE: Simulation data initialized for 4028 neurons (3D). Synapses: 1850628. GPU memory: 2.7GB/25.3GB (10.7%)
  [seed 100] REVERSE-ASYM-LESION (17262 edges): phases(cyc)=[0.5594, 0.6362, 0.6981] R=[0.0846, 0.0547, 0.0588] wt=[35862.0, 68181.0, 20020.0] lags=[0.0, 0.0768, 0.1387] locked=False mono=True FWDorder=False meanR=0.066 | per-cycle FWD=0.333 REV=0.000 chance=0.167 n_multi=3 act=[3, 6, 3] apical(mean/max)=-118232.07/73521.76 basket_n=500 frozen=True (81s)
  [seed 100] BASKET-OFF (no clock): phases(cyc)=[None, None, None] R=[0.0, 0.0, 0.0] wt=[0.0, 0.0, 0.0] lags=None locked=False mono=False FWDorder=False meanR=0.000 | per-cycle FWD=0.000 REV=0.000 chance=0.000 n_multi=0 act=[0, 0, 0] apical(mean/max)=-77.12/-76.02 basket_n=500 frozen=True (83s)
  [seed 100] NO-CUE (apical ramp off): phases(cyc)=[0.6642, 0.6423, 0.6973] R=[0.0513, 0.0546, 0.0478] wt=[70322.0, 35373.0, 48711.0] lags=[0.0, 0.9781, 0.0331] locked=False mono=False FWDorder=False meanR=0.051 | per-cycle FWD=0.500 REV=0.000 chance=0.333 n_multi=4 act=[3, 3, 4] apical(mean/max)=-214278.88/61157.24 basket_n=500 frozen=True (87s)
  [seed 100] POINT-NEURON control (self_regen=0, ramp-on-SOMA): phases(cyc)=[0.2358, 0.5572, 0.515] R=[0.03, 0.0749, 0.0701] wt=[92106.0, 107273.0, 65793.0] lags=[0.0, 0.3214, 0.2792] locked=False mono=False FWDorder=False meanR=0.058 | per-cycle FWD=0.000 REV=0.000 chance=0.000 n_multi=0 act=[0, 0, 0] apical(mean/max)=-137623.75/68606.01 basket_n=500 frozen=True (90s)
  [seed 100] => no  mean_R: main=0.068 pt-neuron=0.058 basket-off=0.000 no-cue=0.051  checks={'main_phase_order': False, 'R_substantially_above_point': False, 'per_cycle_support': True, 'shuffled_collapses': True, 'reverse_collapses': True, 'basket_off_collapses': True, 'nocue_collapses': True, 'point_neuron_collapses': True, 'frozen_ok': True, 'dendrite_reset_ok': True, 'apical_present': True, 'n_active': 3, 'mean_R_main': 0.0676, 'mean_R_basketoff': 0.0, 'mean_R_nocue': 0.0512, 'mean_R_pointneuron': 0.0583} (90s)
[2026-07-24 06:01:50][INFO] SIM_BRIDGE: CuPy using GPU: NVIDIA GeForce RTX 3090 (23.5 GB), mempool limit: 80%
[2026-07-24 06:01:50][INFO] SIM_BRIDGE: Initializing simulation data for model: IZHIKEVICH (3D)... (playback_init: False)
[2026-07-24 06:01:50][INFO] SIM_BRIDGE: Brain-region framework: 16 regions, 4028 total neurons, 39 pathways.
[2026-07-24 06:01:50][INFO] SIM_BRIDGE: RNG initialized with seed: 101
[2026-07-24 06:01:50][INFO] SIM_BRIDGE: Initializing Izhikevich model specifics for 4028 neurons...
[2026-07-24 06:01:50][INFO] SIM_BRIDGE: Region 'language_input' (384 neurons): using Izh type IZH2007_RS_CORTICAL_PYRAMIDAL
[2026-07-24 06:01:50][INFO] SIM_BRIDGE: Region 'motor_N' (16 neurons): using Izh type IZH2007_RS_CORTICAL_PYRAMIDAL
[2026-07-24 06:01:50][INFO] SIM_BRIDGE: Region 'motor_E' (16 neurons): using Izh type IZH2007_RS_CORTICAL_PYRAMIDAL
[2026-07-24 06:01:50][INFO] SIM_BRIDGE: Region 'motor_S' (16 neurons): using Izh type IZH2007_RS_CORTICAL_PYRAMIDAL
[2026-07-24 06:01:50][INFO] SIM_BRIDGE: Region 'motor_W' (16 neurons): using Izh type IZH2007_RS_CORTICAL_PYRAMIDAL
[2026-07-24 06:01:50][INFO] SIM_BRIDGE: Region 'language_output' (384 neurons): using Izh type IZH2007_RS_CORTICAL_PYRAMIDAL
[2026-07-24 06:01:50][INFO] SIM_BRIDGE: Region 'ec' (200 neurons): using Izh type IZH2007_RS_CORTICAL_PYRAMIDAL
[2026-07-24 06:01:50][INFO] SIM_BRIDGE: Region 'dg' (300 neurons): using Izh type IZH2007_HIPPO_PYRAMIDAL
[2026-07-24 06:01:50][INFO] SIM_BRIDGE: Region 'dg_pv_basket' (60 neurons): using Izh type IZH2007_FS_CORTICAL_INTERNEURON
[2026-07-24 06:01:50][INFO] SIM_BRIDGE: Region 'ca3' (2000 neurons): using Izh type IZH2007_HIPPO_PYRAMIDAL
[2026-07-24 06:01:50][INFO] SIM_BRIDGE: Region 'ca1' (120 neurons): using Izh type IZH2007_HIPPO_PYRAMIDAL
[2026-07-24 06:01:50][INFO] SIM_BRIDGE: Region 'motor_FS_N' (4 neurons): using Izh type IZH2007_FS_CORTICAL_INTERNEURON
[2026-07-24 06:01:50][INFO] SIM_BRIDGE: Region 'motor_FS_E' (4 neurons): using Izh type IZH2007_FS_CORTICAL_INTERNEURON
[2026-07-24 06:01:50][INFO] SIM_BRIDGE: Region 'motor_FS_S' (4 neurons): using Izh type IZH2007_FS_CORTICAL_INTERNEURON
[2026-07-24 06:01:50][INFO] SIM_BRIDGE: Region 'motor_FS_W' (4 neurons): using Izh type IZH2007_FS_CORTICAL_INTERNEURON
[2026-07-24 06:01:50][INFO] SIM_BRIDGE: Region 'ca3_pv_basket' (500 neurons): using Izh type IZH2007_FS_CORTICAL_INTERNEURON
[2026-07-24 06:01:50][INFO] SIM_BRIDGE: Applying parameter heterogeneity to neuron parameters...
[2026-07-24 06:01:50][INFO] SIM_BRIDGE: Applied heterogeneity to 4 parameters.
[2026-07-24 06:01:50][INFO] SIM_BRIDGE: Generating 3D neuron positions for 4028 neurons...
[2026-07-24 06:01:50][INFO] SIM_BRIDGE: Generating connections (brain-region framework)...
[2026-07-24 06:01:52][INFO] SIM_BRIDGE: inject_explicit_wiring: installed 1852696 synapses across 47 populations.
[2026-07-24 06:01:52][INFO] SIM_BRIDGE: Initializing STP state for 1852696 synapses (capacity: 2779044)...
[2026-07-24 06:01:52][INFO] SIM_BRIDGE: Initializing eligibility traces for 1852696 synapses (capacity: 2779044, dtype: float32)...
[2026-07-24 06:01:52][INFO] SIM_BRIDGE: Initializing STDP state for 4028 neurons...
[2026-07-24 06:01:52][INFO] SIM_BRIDGE: Simulation data initialized for 4028 neurons (3D). Synapses: 1852696. GPU memory: 2.7GB/25.3GB (10.7%)
  [seed 101] DECOUPLED store: within=203.0 adj_fwd=37.93 adj_rev=5.00 ratio=7.59x (n_fwd=8758 n_rev=8545) sel_spare=20.0 two_comp=True (23s)
      [dend-ramp target=apical ramp_on=True basket_on=True k_ramp=240 apical_mv=30.0 soma_pa=1000.0 rise=1000 settle=60 theta_period=125 depth=400.0 basket_n=500 self_regen=0.15 two_comp=True has_apical=True adapt=True]
  [seed 101] MAIN dendritic (theta-BASKET + APICAL ramp): phases(cyc)=[0.6624, 0.6299, 0.6814] R=[0.0512, 0.0393, 0.0371] wt=[71240.0, 80480.0, 62058.0] lags=[0.0, 0.9674, 0.019] locked=False mono=False FWDorder=False meanR=0.043 | per-cycle FWD=0.000 REV=0.000 chance=0.167 n_multi=6 act=[6, 6, 6] apical(mean/max)=-214382.93/82380.14 basket_n=500 frozen=True (27s)
[2026-07-24 06:02:17][INFO] SIM_BRIDGE: CuPy using GPU: NVIDIA GeForce RTX 3090 (23.5 GB), mempool limit: 80%
[2026-07-24 06:02:17][INFO] SIM_BRIDGE: Initializing simulation data for model: IZHIKEVICH (3D)... (playback_init: False)
[2026-07-24 06:02:17][INFO] SIM_BRIDGE: Brain-region framework: 16 regions, 4028 total neurons, 39 pathways.
[2026-07-24 06:02:17][INFO] SIM_BRIDGE: RNG initialized with seed: 101
[2026-07-24 06:02:17][INFO] SIM_BRIDGE: Initializing Izhikevich model specifics for 4028 neurons...
[2026-07-24 06:02:17][INFO] SIM_BRIDGE: Region 'language_input' (384 neurons): using Izh type IZH2007_RS_CORTICAL_PYRAMIDAL
[2026-07-24 06:02:17][INFO] SIM_BRIDGE: Region 'motor_N' (16 neurons): using Izh type IZH2007_RS_CORTICAL_PYRAMIDAL
[2026-07-24 06:02:17][INFO] SIM_BRIDGE: Region 'motor_E' (16 neurons): using Izh type IZH2007_RS_CORTICAL_PYRAMIDAL
[2026-07-24 06:02:17][INFO] SIM_BRIDGE: Region 'motor_S' (16 neurons): using Izh type IZH2007_RS_CORTICAL_PYRAMIDAL
[2026-07-24 06:02:17][INFO] SIM_BRIDGE: Region 'motor_W' (16 neurons): using Izh type IZH2007_RS_CORTICAL_PYRAMIDAL
[2026-07-24 06:02:17][INFO] SIM_BRIDGE: Region 'language_output' (384 neurons): using Izh type IZH2007_RS_CORTICAL_PYRAMIDAL
[2026-07-24 06:02:17][INFO] SIM_BRIDGE: Region 'ec' (200 neurons): using Izh type IZH2007_RS_CORTICAL_PYRAMIDAL
[2026-07-24 06:02:17][INFO] SIM_BRIDGE: Region 'dg' (300 neurons): using Izh type IZH2007_HIPPO_PYRAMIDAL
[2026-07-24 06:02:17][INFO] SIM_BRIDGE: Region 'dg_pv_basket' (60 neurons): using Izh type IZH2007_FS_CORTICAL_INTERNEURON
[2026-07-24 06:02:17][INFO] SIM_BRIDGE: Region 'ca3' (2000 neurons): using Izh type IZH2007_HIPPO_PYRAMIDAL
[2026-07-24 06:02:17][INFO] SIM_BRIDGE: Region 'ca1' (120 neurons): using Izh type IZH2007_HIPPO_PYRAMIDAL
[2026-07-24 06:02:17][INFO] SIM_BRIDGE: Region 'motor_FS_N' (4 neurons): using Izh type IZH2007_FS_CORTICAL_INTERNEURON
[2026-07-24 06:02:17][INFO] SIM_BRIDGE: Region 'motor_FS_E' (4 neurons): using Izh type IZH2007_FS_CORTICAL_INTERNEURON
[2026-07-24 06:02:17][INFO] SIM_BRIDGE: Region 'motor_FS_S' (4 neurons): using Izh type IZH2007_FS_CORTICAL_INTERNEURON
[2026-07-24 06:02:17][INFO] SIM_BRIDGE: Region 'motor_FS_W' (4 neurons): using Izh type IZH2007_FS_CORTICAL_INTERNEURON
[2026-07-24 06:02:17][INFO] SIM_BRIDGE: Region 'ca3_pv_basket' (500 neurons): using Izh type IZH2007_FS_CORTICAL_INTERNEURON
[2026-07-24 06:02:17][INFO] SIM_BRIDGE: Applying parameter heterogeneity to neuron parameters...
[2026-07-24 06:02:17][INFO] SIM_BRIDGE: Applied heterogeneity to 4 parameters.
[2026-07-24 06:02:17][INFO] SIM_BRIDGE: Generating 3D neuron positions for 4028 neurons...
[2026-07-24 06:02:17][INFO] SIM_BRIDGE: Generating connections (brain-region framework)...
[2026-07-24 06:02:19][INFO] SIM_BRIDGE: inject_explicit_wiring: installed 1852696 synapses across 47 populations.
[2026-07-24 06:02:19][INFO] SIM_BRIDGE: Initializing STP state for 1852696 synapses (capacity: 2779044)...
[2026-07-24 06:02:19][INFO] SIM_BRIDGE: Initializing eligibility traces for 1852696 synapses (capacity: 2779044, dtype: float32)...
[2026-07-24 06:02:19][INFO] SIM_BRIDGE: Initializing STDP state for 4028 neurons...
[2026-07-24 06:02:19][INFO] SIM_BRIDGE: Simulation data initialized for 4028 neurons (3D). Synapses: 1852696. GPU memory: 3.2GB/25.3GB (12.7%)
  [seed 101] SHUFFLED-STORE (17303 edges): phases(cyc)=[0.5628, 0.5396, 0.6323] R=[0.0667, 0.0619, 0.0847] wt=[59567.0, 60894.0, 29299.0] lags=[0.0, 0.9767, 0.0695] locked=False mono=False FWDorder=False meanR=0.071 | per-cycle FWD=0.333 REV=0.333 chance=0.278 n_multi=3 act=[3, 3, 2] apical(mean/max)=-209441.15/74416.55 basket_n=500 frozen=True (53s)
[2026-07-24 06:02:44][INFO] SIM_BRIDGE: CuPy using GPU: NVIDIA GeForce RTX 3090 (23.5 GB), mempool limit: 80%
[2026-07-24 06:02:44][INFO] SIM_BRIDGE: Initializing simulation data for model: IZHIKEVICH (3D)... (playback_init: False)
[2026-07-24 06:02:44][INFO] SIM_BRIDGE: Brain-region framework: 16 regions, 4028 total neurons, 39 pathways.
[2026-07-24 06:02:44][INFO] SIM_BRIDGE: RNG initialized with seed: 101
[2026-07-24 06:02:44][INFO] SIM_BRIDGE: Initializing Izhikevich model specifics for 4028 neurons...
[2026-07-24 06:02:44][INFO] SIM_BRIDGE: Region 'language_input' (384 neurons): using Izh type IZH2007_RS_CORTICAL_PYRAMIDAL
[2026-07-24 06:02:44][INFO] SIM_BRIDGE: Region 'motor_N' (16 neurons): using Izh type IZH2007_RS_CORTICAL_PYRAMIDAL
[2026-07-24 06:02:44][INFO] SIM_BRIDGE: Region 'motor_E' (16 neurons): using Izh type IZH2007_RS_CORTICAL_PYRAMIDAL
[2026-07-24 06:02:44][INFO] SIM_BRIDGE: Region 'motor_S' (16 neurons): using Izh type IZH2007_RS_CORTICAL_PYRAMIDAL
[2026-07-24 06:02:44][INFO] SIM_BRIDGE: Region 'motor_W' (16 neurons): using Izh type IZH2007_RS_CORTICAL_PYRAMIDAL
[2026-07-24 06:02:44][INFO] SIM_BRIDGE: Region 'language_output' (384 neurons): using Izh type IZH2007_RS_CORTICAL_PYRAMIDAL
[2026-07-24 06:02:44][INFO] SIM_BRIDGE: Region 'ec' (200 neurons): using Izh type IZH2007_RS_CORTICAL_PYRAMIDAL
[2026-07-24 06:02:44][INFO] SIM_BRIDGE: Region 'dg' (300 neurons): using Izh type IZH2007_HIPPO_PYRAMIDAL
[2026-07-24 06:02:44][INFO] SIM_BRIDGE: Region 'dg_pv_basket' (60 neurons): using Izh type IZH2007_FS_CORTICAL_INTERNEURON
[2026-07-24 06:02:44][INFO] SIM_BRIDGE: Region 'ca3' (2000 neurons): using Izh type IZH2007_HIPPO_PYRAMIDAL
[2026-07-24 06:02:44][INFO] SIM_BRIDGE: Region 'ca1' (120 neurons): using Izh type IZH2007_HIPPO_PYRAMIDAL
[2026-07-24 06:02:44][INFO] SIM_BRIDGE: Region 'motor_FS_N' (4 neurons): using Izh type IZH2007_FS_CORTICAL_INTERNEURON
[2026-07-24 06:02:44][INFO] SIM_BRIDGE: Region 'motor_FS_E' (4 neurons): using Izh type IZH2007_FS_CORTICAL_INTERNEURON
[2026-07-24 06:02:44][INFO] SIM_BRIDGE: Region 'motor_FS_S' (4 neurons): using Izh type IZH2007_FS_CORTICAL_INTERNEURON
[2026-07-24 06:02:44][INFO] SIM_BRIDGE: Region 'motor_FS_W' (4 neurons): using Izh type IZH2007_FS_CORTICAL_INTERNEURON
[2026-07-24 06:02:44][INFO] SIM_BRIDGE: Region 'ca3_pv_basket' (500 neurons): using Izh type IZH2007_FS_CORTICAL_INTERNEURON
[2026-07-24 06:02:44][INFO] SIM_BRIDGE: Applying parameter heterogeneity to neuron parameters...
[2026-07-24 06:02:44][INFO] SIM_BRIDGE: Applied heterogeneity to 4 parameters.
[2026-07-24 06:02:44][INFO] SIM_BRIDGE: Generating 3D neuron positions for 4028 neurons...
[2026-07-24 06:02:44][INFO] SIM_BRIDGE: Generating connections (brain-region framework)...
[2026-07-24 06:02:46][INFO] SIM_BRIDGE: inject_explicit_wiring: installed 1852696 synapses across 47 populations.
[2026-07-24 06:02:46][INFO] SIM_BRIDGE: Initializing STP state for 1852696 synapses (capacity: 2779044)...
[2026-07-24 06:02:46][INFO] SIM_BRIDGE: Initializing eligibility traces for 1852696 synapses (capacity: 2779044, dtype: float32)...
[2026-07-24 06:02:46][INFO] SIM_BRIDGE: Initializing STDP state for 4028 neurons...
[2026-07-24 06:02:46][INFO] SIM_BRIDGE: Simulation data initialized for 4028 neurons (3D). Synapses: 1852696. GPU memory: 2.7GB/25.3GB (10.7%)
  [seed 101] REVERSE-ASYM-LESION (17303 edges): phases(cyc)=[0.5255, 0.5225, 0.6892] R=[0.0503, 0.0536, 0.0636] wt=[106763.0, 68173.0, 22274.0] lags=[0.0, 0.997, 0.1636] locked=False mono=False FWDorder=False meanR=0.056 | per-cycle FWD=0.000 REV=0.000 chance=0.000 n_multi=0 act=[0, 0, 0] apical(mean/max)=-333915.69/73569.76 basket_n=500 frozen=True (80s)
  [seed 101] BASKET-OFF (no clock): phases(cyc)=[0.8689, None, 0.8879] R=[0.0191, 0.0, 0.0212] wt=[52735.0, 0.0, 28373.0] lags=[0.0, None, 0.019] locked=False mono=False FWDorder=False meanR=0.013 | per-cycle FWD=0.500 REV=0.500 chance=0.500 n_multi=2 act=[2, 0, 2] apical(mean/max)=-126610.46/55830.12 basket_n=500 frozen=True (83s)
  [seed 101] NO-CUE (apical ramp off): phases(cyc)=[0.6634, 0.586, 0.6189] R=[0.0531, 0.072, 0.0729] wt=[68052.0, 72614.0, 58220.0] lags=[0.0, 0.9226, 0.9555] locked=False mono=False FWDorder=False meanR=0.066 | per-cycle FWD=0.000 REV=0.000 chance=0.000 n_multi=0 act=[0, 0, 0] apical(mean/max)=-189795.13/72806.58 basket_n=500 frozen=True (87s)
  [seed 101] POINT-NEURON control (self_regen=0, ramp-on-SOMA): phases(cyc)=[0.2701, None, 0.3839] R=[0.0398, 0.0, 0.0886] wt=[96626.0, 0.0, 20913.0] lags=[0.0, None, 0.1138] locked=False mono=False FWDorder=False meanR=0.043 | per-cycle FWD=0.600 REV=0.400 chance=0.500 n_multi=5 act=[5, 0, 5] apical(mean/max)=-146817.45/51812.23 basket_n=500 frozen=True (90s)
  [seed 101] => no  mean_R: main=0.043 pt-neuron=0.043 basket-off=0.013 no-cue=0.066  checks={'main_phase_order': False, 'R_substantially_above_point': False, 'per_cycle_support': False, 'shuffled_collapses': True, 'reverse_collapses': True, 'basket_off_collapses': True, 'nocue_collapses': True, 'point_neuron_collapses': True, 'frozen_ok': True, 'dendrite_reset_ok': True, 'apical_present': True, 'n_active': 3, 'mean_R_main': 0.0425, 'mean_R_basketoff': 0.0134, 'mean_R_nocue': 0.066, 'mean_R_pointneuron': 0.0428} (90s)
[2026-07-24 06:03:21][INFO] SIM_BRIDGE: CuPy using GPU: NVIDIA GeForce RTX 3090 (23.5 GB), mempool limit: 80%
[2026-07-24 06:03:21][INFO] SIM_BRIDGE: Initializing simulation data for model: IZHIKEVICH (3D)... (playback_init: False)
[2026-07-24 06:03:21][INFO] SIM_BRIDGE: Brain-region framework: 16 regions, 4028 total neurons, 39 pathways.
[2026-07-24 06:03:21][INFO] SIM_BRIDGE: RNG initialized with seed: 102
[2026-07-24 06:03:21][INFO] SIM_BRIDGE: Initializing Izhikevich model specifics for 4028 neurons...
[2026-07-24 06:03:21][INFO] SIM_BRIDGE: Region 'language_input' (384 neurons): using Izh type IZH2007_RS_CORTICAL_PYRAMIDAL
[2026-07-24 06:03:21][INFO] SIM_BRIDGE: Region 'motor_N' (16 neurons): using Izh type IZH2007_RS_CORTICAL_PYRAMIDAL
[2026-07-24 06:03:21][INFO] SIM_BRIDGE: Region 'motor_E' (16 neurons): using Izh type IZH2007_RS_CORTICAL_PYRAMIDAL
[2026-07-24 06:03:21][INFO] SIM_BRIDGE: Region 'motor_S' (16 neurons): using Izh type IZH2007_RS_CORTICAL_PYRAMIDAL
[2026-07-24 06:03:21][INFO] SIM_BRIDGE: Region 'motor_W' (16 neurons): using Izh type IZH2007_RS_CORTICAL_PYRAMIDAL
[2026-07-24 06:03:21][INFO] SIM_BRIDGE: Region 'language_output' (384 neurons): using Izh type IZH2007_RS_CORTICAL_PYRAMIDAL
[2026-07-24 06:03:21][INFO] SIM_BRIDGE: Region 'ec' (200 neurons): using Izh type IZH2007_RS_CORTICAL_PYRAMIDAL
[2026-07-24 06:03:21][INFO] SIM_BRIDGE: Region 'dg' (300 neurons): using Izh type IZH2007_HIPPO_PYRAMIDAL
[2026-07-24 06:03:21][INFO] SIM_BRIDGE: Region 'dg_pv_basket' (60 neurons): using Izh type IZH2007_FS_CORTICAL_INTERNEURON
[2026-07-24 06:03:21][INFO] SIM_BRIDGE: Region 'ca3' (2000 neurons): using Izh type IZH2007_HIPPO_PYRAMIDAL
[2026-07-24 06:03:21][INFO] SIM_BRIDGE: Region 'ca1' (120 neurons): using Izh type IZH2007_HIPPO_PYRAMIDAL
[2026-07-24 06:03:21][INFO] SIM_BRIDGE: Region 'motor_FS_N' (4 neurons): using Izh type IZH2007_FS_CORTICAL_INTERNEURON
[2026-07-24 06:03:21][INFO] SIM_BRIDGE: Region 'motor_FS_E' (4 neurons): using Izh type IZH2007_FS_CORTICAL_INTERNEURON
[2026-07-24 06:03:21][INFO] SIM_BRIDGE: Region 'motor_FS_S' (4 neurons): using Izh type IZH2007_FS_CORTICAL_INTERNEURON
[2026-07-24 06:03:21][INFO] SIM_BRIDGE: Region 'motor_FS_W' (4 neurons): using Izh type IZH2007_FS_CORTICAL_INTERNEURON
[2026-07-24 06:03:21][INFO] SIM_BRIDGE: Region 'ca3_pv_basket' (500 neurons): using Izh type IZH2007_FS_CORTICAL_INTERNEURON
[2026-07-24 06:03:21][INFO] SIM_BRIDGE: Applying parameter heterogeneity to neuron parameters...
[2026-07-24 06:03:21][INFO] SIM_BRIDGE: Applied heterogeneity to 4 parameters.
[2026-07-24 06:03:21][INFO] SIM_BRIDGE: Generating 3D neuron positions for 4028 neurons...
[2026-07-24 06:03:21][INFO] SIM_BRIDGE: Generating connections (brain-region framework)...
[2026-07-24 06:03:23][INFO] SIM_BRIDGE: inject_explicit_wiring: installed 1851158 synapses across 47 populations.
[2026-07-24 06:03:23][INFO] SIM_BRIDGE: Initializing STP state for 1851158 synapses (capacity: 2776737)...
[2026-07-24 06:03:23][INFO] SIM_BRIDGE: Initializing eligibility traces for 1851158 synapses (capacity: 2776737, dtype: float32)...
[2026-07-24 06:03:23][INFO] SIM_BRIDGE: Initializing STDP state for 4028 neurons...
[2026-07-24 06:03:23][INFO] SIM_BRIDGE: Simulation data initialized for 4028 neurons (3D). Synapses: 1851158. GPU memory: 2.7GB/25.3GB (10.8%)
  [seed 102] DECOUPLED store: within=204.3 adj_fwd=38.09 adj_rev=5.00 ratio=7.62x (n_fwd=8467 n_rev=8754) sel_spare=20.0 two_comp=True (23s)
      [dend-ramp target=apical ramp_on=True basket_on=True k_ramp=240 apical_mv=30.0 soma_pa=1000.0 rise=1000 settle=60 theta_period=125 depth=400.0 basket_n=500 self_regen=0.15 two_comp=True has_apical=True adapt=True]
  [seed 102] MAIN dendritic (theta-BASKET + APICAL ramp): phases(cyc)=[0.5658, 0.6395, 0.6338] R=[0.0298, 0.0395, 0.0328] wt=[92251.0, 83375.0, 68122.0] lags=[0.0, 0.0738, 0.068] locked=False mono=False FWDorder=False meanR=0.034 | per-cycle FWD=0.500 REV=0.000 chance=0.167 n_multi=2 act=[2, 2, 2] apical(mean/max)=-335719.14/73455.96 basket_n=500 frozen=True (27s)
[2026-07-24 06:03:48][INFO] SIM_BRIDGE: CuPy using GPU: NVIDIA GeForce RTX 3090 (23.5 GB), mempool limit: 80%
[2026-07-24 06:03:48][INFO] SIM_BRIDGE: Initializing simulation data for model: IZHIKEVICH (3D)... (playback_init: False)
[2026-07-24 06:03:48][INFO] SIM_BRIDGE: Brain-region framework: 16 regions, 4028 total neurons, 39 pathways.
[2026-07-24 06:03:48][INFO] SIM_BRIDGE: RNG initialized with seed: 102
[2026-07-24 06:03:48][INFO] SIM_BRIDGE: Initializing Izhikevich model specifics for 4028 neurons...
[2026-07-24 06:03:48][INFO] SIM_BRIDGE: Region 'language_input' (384 neurons): using Izh type IZH2007_RS_CORTICAL_PYRAMIDAL
[2026-07-24 06:03:48][INFO] SIM_BRIDGE: Region 'motor_N' (16 neurons): using Izh type IZH2007_RS_CORTICAL_PYRAMIDAL
[2026-07-24 06:03:48][INFO] SIM_BRIDGE: Region 'motor_E' (16 neurons): using Izh type IZH2007_RS_CORTICAL_PYRAMIDAL
[2026-07-24 06:03:48][INFO] SIM_BRIDGE: Region 'motor_S' (16 neurons): using Izh type IZH2007_RS_CORTICAL_PYRAMIDAL
[2026-07-24 06:03:48][INFO] SIM_BRIDGE: Region 'motor_W' (16 neurons): using Izh type IZH2007_RS_CORTICAL_PYRAMIDAL
[2026-07-24 06:03:48][INFO] SIM_BRIDGE: Region 'language_output' (384 neurons): using Izh type IZH2007_RS_CORTICAL_PYRAMIDAL
[2026-07-24 06:03:48][INFO] SIM_BRIDGE: Region 'ec' (200 neurons): using Izh type IZH2007_RS_CORTICAL_PYRAMIDAL
[2026-07-24 06:03:48][INFO] SIM_BRIDGE: Region 'dg' (300 neurons): using Izh type IZH2007_HIPPO_PYRAMIDAL
[2026-07-24 06:03:48][INFO] SIM_BRIDGE: Region 'dg_pv_basket' (60 neurons): using Izh type IZH2007_FS_CORTICAL_INTERNEURON
[2026-07-24 06:03:48][INFO] SIM_BRIDGE: Region 'ca3' (2000 neurons): using Izh type IZH2007_HIPPO_PYRAMIDAL
[2026-07-24 06:03:48][INFO] SIM_BRIDGE: Region 'ca1' (120 neurons): using Izh type IZH2007_HIPPO_PYRAMIDAL
[2026-07-24 06:03:48][INFO] SIM_BRIDGE: Region 'motor_FS_N' (4 neurons): using Izh type IZH2007_FS_CORTICAL_INTERNEURON
[2026-07-24 06:03:48][INFO] SIM_BRIDGE: Region 'motor_FS_E' (4 neurons): using Izh type IZH2007_FS_CORTICAL_INTERNEURON
[2026-07-24 06:03:48][INFO] SIM_BRIDGE: Region 'motor_FS_S' (4 neurons): using Izh type IZH2007_FS_CORTICAL_INTERNEURON
[2026-07-24 06:03:48][INFO] SIM_BRIDGE: Region 'motor_FS_W' (4 neurons): using Izh type IZH2007_FS_CORTICAL_INTERNEURON
[2026-07-24 06:03:48][INFO] SIM_BRIDGE: Region 'ca3_pv_basket' (500 neurons): using Izh type IZH2007_FS_CORTICAL_INTERNEURON
[2026-07-24 06:03:48][INFO] SIM_BRIDGE: Applying parameter heterogeneity to neuron parameters...
[2026-07-24 06:03:48][INFO] SIM_BRIDGE: Applied heterogeneity to 4 parameters.
[2026-07-24 06:03:48][INFO] SIM_BRIDGE: Generating 3D neuron positions for 4028 neurons...
[2026-07-24 06:03:48][INFO] SIM_BRIDGE: Generating connections (brain-region framework)...
[2026-07-24 06:03:49][INFO] SIM_BRIDGE: inject_explicit_wiring: installed 1851158 synapses across 47 populations.
[2026-07-24 06:03:50][INFO] SIM_BRIDGE: Initializing STP state for 1851158 synapses (capacity: 2776737)...
[2026-07-24 06:03:50][INFO] SIM_BRIDGE: Initializing eligibility traces for 1851158 synapses (capacity: 2776737, dtype: float32)...
[2026-07-24 06:03:50][INFO] SIM_BRIDGE: Initializing STDP state for 4028 neurons...
[2026-07-24 06:03:50][INFO] SIM_BRIDGE: Simulation data initialized for 4028 neurons (3D). Synapses: 1851158. GPU memory: 2.7GB/25.3GB (10.8%)
  [seed 102] SHUFFLED-STORE (17221 edges): phases(cyc)=[0.6392, 0.6637, 0.7297] R=[0.0288, 0.0395, 0.0663] wt=[100150.0, 100489.0, 27794.0] lags=[0.0, 0.0245, 0.0905] locked=False mono=True FWDorder=False meanR=0.045 | per-cycle FWD=0.000 REV=0.000 chance=0.000 n_multi=0 act=[0, 0, 0] apical(mean/max)=-311085.5/73050.25 basket_n=500 frozen=True (53s)
[2026-07-24 06:04:14][INFO] SIM_BRIDGE: CuPy using GPU: NVIDIA GeForce RTX 3090 (23.5 GB), mempool limit: 80%
[2026-07-24 06:04:14][INFO] SIM_BRIDGE: Initializing simulation data for model: IZHIKEVICH (3D)... (playback_init: False)
[2026-07-24 06:04:14][INFO] SIM_BRIDGE: Brain-region framework: 16 regions, 4028 total neurons, 39 pathways.
[2026-07-24 06:04:14][INFO] SIM_BRIDGE: RNG initialized with seed: 102
[2026-07-24 06:04:14][INFO] SIM_BRIDGE: Initializing Izhikevich model specifics for 4028 neurons...
[2026-07-24 06:04:14][INFO] SIM_BRIDGE: Region 'language_input' (384 neurons): using Izh type IZH2007_RS_CORTICAL_PYRAMIDAL
[2026-07-24 06:04:14][INFO] SIM_BRIDGE: Region 'motor_N' (16 neurons): using Izh type IZH2007_RS_CORTICAL_PYRAMIDAL
[2026-07-24 06:04:14][INFO] SIM_BRIDGE: Region 'motor_E' (16 neurons): using Izh type IZH2007_RS_CORTICAL_PYRAMIDAL
[2026-07-24 06:04:14][INFO] SIM_BRIDGE: Region 'motor_S' (16 neurons): using Izh type IZH2007_RS_CORTICAL_PYRAMIDAL
[2026-07-24 06:04:14][INFO] SIM_BRIDGE: Region 'motor_W' (16 neurons): using Izh type IZH2007_RS_CORTICAL_PYRAMIDAL
[2026-07-24 06:04:14][INFO] SIM_BRIDGE: Region 'language_output' (384 neurons): using Izh type IZH2007_RS_CORTICAL_PYRAMIDAL
[2026-07-24 06:04:14][INFO] SIM_BRIDGE: Region 'ec' (200 neurons): using Izh type IZH2007_RS_CORTICAL_PYRAMIDAL
[2026-07-24 06:04:14][INFO] SIM_BRIDGE: Region 'dg' (300 neurons): using Izh type IZH2007_HIPPO_PYRAMIDAL
[2026-07-24 06:04:14][INFO] SIM_BRIDGE: Region 'dg_pv_basket' (60 neurons): using Izh type IZH2007_FS_CORTICAL_INTERNEURON
[2026-07-24 06:04:14][INFO] SIM_BRIDGE: Region 'ca3' (2000 neurons): using Izh type IZH2007_HIPPO_PYRAMIDAL
[2026-07-24 06:04:14][INFO] SIM_BRIDGE: Region 'ca1' (120 neurons): using Izh type IZH2007_HIPPO_PYRAMIDAL
[2026-07-24 06:04:14][INFO] SIM_BRIDGE: Region 'motor_FS_N' (4 neurons): using Izh type IZH2007_FS_CORTICAL_INTERNEURON
[2026-07-24 06:04:14][INFO] SIM_BRIDGE: Region 'motor_FS_E' (4 neurons): using Izh type IZH2007_FS_CORTICAL_INTERNEURON
[2026-07-24 06:04:14][INFO] SIM_BRIDGE: Region 'motor_FS_S' (4 neurons): using Izh type IZH2007_FS_CORTICAL_INTERNEURON
[2026-07-24 06:04:14][INFO] SIM_BRIDGE: Region 'motor_FS_W' (4 neurons): using Izh type IZH2007_FS_CORTICAL_INTERNEURON
[2026-07-24 06:04:14][INFO] SIM_BRIDGE: Region 'ca3_pv_basket' (500 neurons): using Izh type IZH2007_FS_CORTICAL_INTERNEURON
[2026-07-24 06:04:14][INFO] SIM_BRIDGE: Applying parameter heterogeneity to neuron parameters...
[2026-07-24 06:04:14][INFO] SIM_BRIDGE: Applied heterogeneity to 4 parameters.
[2026-07-24 06:04:14][INFO] SIM_BRIDGE: Generating 3D neuron positions for 4028 neurons...
[2026-07-24 06:04:14][INFO] SIM_BRIDGE: Generating connections (brain-region framework)...
[2026-07-24 06:04:16][INFO] SIM_BRIDGE: inject_explicit_wiring: installed 1851158 synapses across 47 populations.
[2026-07-24 06:04:16][INFO] SIM_BRIDGE: Initializing STP state for 1851158 synapses (capacity: 2776737)...
[2026-07-24 06:04:16][INFO] SIM_BRIDGE: Initializing eligibility traces for 1851158 synapses (capacity: 2776737, dtype: float32)...
[2026-07-24 06:04:16][INFO] SIM_BRIDGE: Initializing STDP state for 4028 neurons...
[2026-07-24 06:04:16][INFO] SIM_BRIDGE: Simulation data initialized for 4028 neurons (3D). Synapses: 1851158. GPU memory: 2.7GB/25.3GB (10.8%)
  [seed 102] REVERSE-ASYM-LESION (17221 edges): phases(cyc)=[0.6369, 0.6637, 0.7237] R=[0.036, 0.0462, 0.0761] wt=[100711.0, 71294.0, 23405.0] lags=[0.0, 0.0268, 0.0868] locked=False mono=True FWDorder=False meanR=0.053 | per-cycle FWD=0.000 REV=0.000 chance=0.000 n_multi=0 act=[0, 0, 0] apical(mean/max)=-332530.56/79277.34 basket_n=500 frozen=True (80s)
  [seed 102] BASKET-OFF (no clock): phases(cyc)=[None, None, None] R=[0.0, 0.0, 0.0] wt=[0.0, 0.0, 0.0] lags=None locked=False mono=False FWDorder=False meanR=0.000 | per-cycle FWD=0.000 REV=0.000 chance=0.000 n_multi=0 act=[0, 0, 0] apical(mean/max)=-77.12/-76.01 basket_n=500 frozen=True (81s)
  [seed 102] NO-CUE (apical ramp off): phases(cyc)=[0.6673, 0.6627, 0.6761] R=[0.0553, 0.0596, 0.0548] wt=[71757.0, 73429.0, 58422.0] lags=[0.0, 0.9954, 0.0089] locked=False mono=False FWDorder=False meanR=0.057 | per-cycle FWD=0.600 REV=0.000 chance=0.233 n_multi=5 act=[5, 4, 5] apical(mean/max)=-222139.15/61692.14 basket_n=500 frozen=True (85s)
  [seed 102] POINT-NEURON control (self_regen=0, ramp-on-SOMA): phases(cyc)=[0.3154, 0.5279, 0.4724] R=[0.0446, 0.0791, 0.0809] wt=[92715.0, 102962.0, 67835.0] lags=[0.0, 0.2124, 0.1569] locked=False mono=False FWDorder=False meanR=0.068 | per-cycle FWD=0.000 REV=0.000 chance=0.000 n_multi=0 act=[0, 0, 0] apical(mean/max)=-137040.91/61083.43 basket_n=500 frozen=True (89s)
  [seed 102] => no  mean_R: main=0.034 pt-neuron=0.068 basket-off=0.000 no-cue=0.057  checks={'main_phase_order': False, 'R_substantially_above_point': False, 'per_cycle_support': True, 'shuffled_collapses': True, 'reverse_collapses': True, 'basket_off_collapses': True, 'nocue_collapses': True, 'point_neuron_collapses': True, 'frozen_ok': True, 'dendrite_reset_ok': True, 'apical_present': True, 'n_active': 3, 'mean_R_main': 0.034, 'mean_R_basketoff': 0.0, 'mean_R_nocue': 0.0566, 'mean_R_pointneuron': 0.0682} (89s)

======================================================================================================================
[gap5-ramp-DENDRITIC] VERDICT: HONEST NEGATIVE 0/6 -- the two-compartment APICAL substrate is present (apical_present 6/6, basket_n>=1 on 6/6) and the ramp targets the apical, but the DENDRITIC ramp-phase-advance readout did NOT produce clean forward-ordered phase-locking (phase-order-forward 0/6; per-asm active [[0, 3, 2], [0, 0, 0], [2, 4, 4], [4, 4, 4], [6, 6, 6], [2, 2, 2]]; per-cycle forward_frac 0.292 vs chance 0.222; MAIN mean R 0.103 vs point-neuron control 0.104). Per THE LAW this is a verdict on THIS dendritic operating point, NOT on the phase-order CAPABILITY -- read the per-seed apical_read(mean/max) + per-asm-active + mean_R numbers to scope the next move (e.g. the bistable plateau LATCHES so it can't reset each theta cycle -> a NON-latching sub-threshold dendritic oscillation / stronger basket->soma->apical reset / lower self_regen).
[gap5-ramp-DENDRITIC] wrote research/findings/raw/gap5_r4/dend_ramp_6seed.json
======================================================================================================================
