[gap5-spont] n_ca3=2000 n_mem=2 assy~240 noise=poisson levels=['Poisson r=0.015 pA=1500 dur=10'] rest_steps=1500 seeds=[101, 102] backend=numpy
  [seed 101] POS-CTRL skipped (0s)
SIM_BACKEND=numpy selected, but a CUDA GPU + CuPy ARE available -> this run is on the CPU (typically 10-50x slower). If you did not mean that, pass SIM_BACKEND=cupy explicitly: many research runners do os.environ.setdefault('SIM_BACKEND','numpy'), which silently wins unless the caller overrides it.
[2026-07-22 03:46:55][INFO] SIM_BRIDGE: NumPy backend (CPU (NumPy backend), 8589934592.0 GB RAM available)
[2026-07-22 03:46:55][INFO] SIM_BRIDGE: Initializing simulation data for model: IZHIKEVICH (3D)... (playback_init: False)
[2026-07-22 03:46:55][INFO] SIM_BRIDGE: Brain-region framework: 16 regions, 4028 total neurons, 39 pathways.
[2026-07-22 03:46:55][INFO] SIM_BRIDGE: RNG initialized with seed: 101
[2026-07-22 03:46:55][INFO] SIM_BRIDGE: Initializing Izhikevich model specifics for 4028 neurons...
[2026-07-22 03:46:55][INFO] SIM_BRIDGE: Region 'language_input' (384 neurons): using Izh type IZH2007_RS_CORTICAL_PYRAMIDAL
[2026-07-22 03:46:55][INFO] SIM_BRIDGE: Region 'motor_N' (16 neurons): using Izh type IZH2007_RS_CORTICAL_PYRAMIDAL
[2026-07-22 03:46:55][INFO] SIM_BRIDGE: Region 'motor_E' (16 neurons): using Izh type IZH2007_RS_CORTICAL_PYRAMIDAL
[2026-07-22 03:46:55][INFO] SIM_BRIDGE: Region 'motor_S' (16 neurons): using Izh type IZH2007_RS_CORTICAL_PYRAMIDAL
[2026-07-22 03:46:55][INFO] SIM_BRIDGE: Region 'motor_W' (16 neurons): using Izh type IZH2007_RS_CORTICAL_PYRAMIDAL
[2026-07-22 03:46:55][INFO] SIM_BRIDGE: Region 'language_output' (384 neurons): using Izh type IZH2007_RS_CORTICAL_PYRAMIDAL
[2026-07-22 03:46:55][INFO] SIM_BRIDGE: Region 'ec' (200 neurons): using Izh type IZH2007_RS_CORTICAL_PYRAMIDAL
[2026-07-22 03:46:55][INFO] SIM_BRIDGE: Region 'dg' (300 neurons): using Izh type IZH2007_HIPPO_PYRAMIDAL
[2026-07-22 03:46:55][INFO] SIM_BRIDGE: Region 'dg_pv_basket' (60 neurons): using Izh type IZH2007_FS_CORTICAL_INTERNEURON
[2026-07-22 03:46:55][INFO] SIM_BRIDGE: Region 'ca3' (2000 neurons): using Izh type IZH2007_HIPPO_PYRAMIDAL
[2026-07-22 03:46:55][INFO] SIM_BRIDGE: Region 'ca1' (120 neurons): using Izh type IZH2007_HIPPO_PYRAMIDAL
[2026-07-22 03:46:55][INFO] SIM_BRIDGE: Region 'motor_FS_N' (4 neurons): using Izh type IZH2007_FS_CORTICAL_INTERNEURON
[2026-07-22 03:46:55][INFO] SIM_BRIDGE: Region 'motor_FS_E' (4 neurons): using Izh type IZH2007_FS_CORTICAL_INTERNEURON
[2026-07-22 03:46:55][INFO] SIM_BRIDGE: Region 'motor_FS_S' (4 neurons): using Izh type IZH2007_FS_CORTICAL_INTERNEURON
[2026-07-22 03:46:55][INFO] SIM_BRIDGE: Region 'motor_FS_W' (4 neurons): using Izh type IZH2007_FS_CORTICAL_INTERNEURON
[2026-07-22 03:46:55][INFO] SIM_BRIDGE: Region 'ca3_pv_basket' (500 neurons): using Izh type IZH2007_FS_CORTICAL_INTERNEURON
[2026-07-22 03:46:55][INFO] SIM_BRIDGE: Applying parameter heterogeneity to neuron parameters...
[2026-07-22 03:46:55][INFO] SIM_BRIDGE: Applied heterogeneity to 4 parameters.
[2026-07-22 03:46:55][INFO] SIM_BRIDGE: Generating 3D neuron positions for 4028 neurons...
[2026-07-22 03:46:55][INFO] SIM_BRIDGE: Generating connections (brain-region framework)...
[2026-07-22 03:46:57][INFO] SIM_BRIDGE: inject_explicit_wiring: installed 1852696 synapses across 47 populations.
[2026-07-22 03:46:57][INFO] SIM_BRIDGE: Initializing STP state for 1852696 synapses (capacity: 2779044)...
[2026-07-22 03:46:57][INFO] SIM_BRIDGE: Initializing eligibility traces for 1852696 synapses (capacity: 2779044, dtype: float32)...
[2026-07-22 03:46:57][INFO] SIM_BRIDGE: Initializing STDP state for 4028 neurons...
[2026-07-22 03:46:57][INFO] SIM_BRIDGE: Simulation data initialized for 4028 neurons (3D). Synapses: 1852696. GPU memory: 0.0GB/9223372036.9GB (0.0%)
/home/dant123/Projects/sim/sim/bridge.py:7407: RuntimeWarning: overflow encountered in exp
  _dvb = _dvb + (cp.float32(_sr) / (1.0 + cp.exp(-_vhk * (self.cp_v_apical - _vhold)))) \
/home/dant123/Projects/sim/sim/kernels.py:247: RuntimeWarning: overflow encountered in exp
  mg_block = 1.0 / (1.0 + (mg_conc / 3.57) * cp.exp(-0.062 * v))
/home/dant123/Projects/sim/sim/kernels.py:275: RuntimeWarning: overflow encountered in exp
  _mg = 1.0 / (1.0 + (mg_conc / 3.57) * cp.exp(-0.062 * v))
/home/dant123/Projects/sim/sim/kernels.py:276: RuntimeWarning: overflow encountered in exp
  sustain = self_regen * _mg / (1.0 + cp.exp(-v_hold_k * (v - v_hold)))
/home/dant123/Projects/sim/sim/kernels.py:284: RuntimeWarning: overflow encountered in exp
  mg_block = 1.0 / (1.0 + (mg_conc / 3.57) * cp.exp(-0.062 * v))
/home/dant123/Projects/sim/sim/bridge.py:7414: RuntimeWarning: overflow encountered in exp
  _gkirb = cp.float32(_kir_gb) / (1.0 + cp.exp((self.cp_v_apical - _kvhb) / _kkb))
/home/dant123/Projects/sim/sim/bridge.py:6675: RuntimeWarning: overflow encountered in exp
  _gkir = cp.float32(_kir_g) / (1.0 + cp.exp((self.cp_v_apical - _vh) / _kk))
  [seed 101] GO Poisson r=0.015 pA=1500 dur=10: events=  6 specific=  5 rate/1k=4.00 duty=0.023 memb=0.305 rand=0.050 cross=0.069 spec=+0.255 peak=0.335 pop=0.0587 frozen=True apical_max=-80.44525988434715 latched=0 (344s)
  [seed 101] NO-NOISE (acid): events=0 specific=0 duty=0.0000 memb=0.000 pop=0.00000 apical_max=-79.21700754139802 latched=0 (384s)
[2026-07-22 03:53:18][INFO] SIM_BRIDGE: NumPy backend (CPU (NumPy backend), 8589934592.0 GB RAM available)
[2026-07-22 03:53:18][INFO] SIM_BRIDGE: Initializing simulation data for model: IZHIKEVICH (3D)... (playback_init: False)
[2026-07-22 03:53:18][INFO] SIM_BRIDGE: Brain-region framework: 16 regions, 4028 total neurons, 39 pathways.
[2026-07-22 03:53:18][INFO] SIM_BRIDGE: RNG initialized with seed: 101
[2026-07-22 03:53:18][INFO] SIM_BRIDGE: Initializing Izhikevich model specifics for 4028 neurons...
[2026-07-22 03:53:18][INFO] SIM_BRIDGE: Region 'language_input' (384 neurons): using Izh type IZH2007_RS_CORTICAL_PYRAMIDAL
[2026-07-22 03:53:18][INFO] SIM_BRIDGE: Region 'motor_N' (16 neurons): using Izh type IZH2007_RS_CORTICAL_PYRAMIDAL
[2026-07-22 03:53:18][INFO] SIM_BRIDGE: Region 'motor_E' (16 neurons): using Izh type IZH2007_RS_CORTICAL_PYRAMIDAL
[2026-07-22 03:53:18][INFO] SIM_BRIDGE: Region 'motor_S' (16 neurons): using Izh type IZH2007_RS_CORTICAL_PYRAMIDAL
[2026-07-22 03:53:18][INFO] SIM_BRIDGE: Region 'motor_W' (16 neurons): using Izh type IZH2007_RS_CORTICAL_PYRAMIDAL
[2026-07-22 03:53:18][INFO] SIM_BRIDGE: Region 'language_output' (384 neurons): using Izh type IZH2007_RS_CORTICAL_PYRAMIDAL
[2026-07-22 03:53:18][INFO] SIM_BRIDGE: Region 'ec' (200 neurons): using Izh type IZH2007_RS_CORTICAL_PYRAMIDAL
[2026-07-22 03:53:18][INFO] SIM_BRIDGE: Region 'dg' (300 neurons): using Izh type IZH2007_HIPPO_PYRAMIDAL
[2026-07-22 03:53:18][INFO] SIM_BRIDGE: Region 'dg_pv_basket' (60 neurons): using Izh type IZH2007_FS_CORTICAL_INTERNEURON
[2026-07-22 03:53:18][INFO] SIM_BRIDGE: Region 'ca3' (2000 neurons): using Izh type IZH2007_HIPPO_PYRAMIDAL
[2026-07-22 03:53:18][INFO] SIM_BRIDGE: Region 'ca1' (120 neurons): using Izh type IZH2007_HIPPO_PYRAMIDAL
[2026-07-22 03:53:18][INFO] SIM_BRIDGE: Region 'motor_FS_N' (4 neurons): using Izh type IZH2007_FS_CORTICAL_INTERNEURON
[2026-07-22 03:53:18][INFO] SIM_BRIDGE: Region 'motor_FS_E' (4 neurons): using Izh type IZH2007_FS_CORTICAL_INTERNEURON
[2026-07-22 03:53:18][INFO] SIM_BRIDGE: Region 'motor_FS_S' (4 neurons): using Izh type IZH2007_FS_CORTICAL_INTERNEURON
[2026-07-22 03:53:18][INFO] SIM_BRIDGE: Region 'motor_FS_W' (4 neurons): using Izh type IZH2007_FS_CORTICAL_INTERNEURON
[2026-07-22 03:53:18][INFO] SIM_BRIDGE: Region 'ca3_pv_basket' (500 neurons): using Izh type IZH2007_FS_CORTICAL_INTERNEURON
[2026-07-22 03:53:18][INFO] SIM_BRIDGE: Applying parameter heterogeneity to neuron parameters...
[2026-07-22 03:53:18][INFO] SIM_BRIDGE: Applied heterogeneity to 4 parameters.
[2026-07-22 03:53:18][INFO] SIM_BRIDGE: Generating 3D neuron positions for 4028 neurons...
[2026-07-22 03:53:18][INFO] SIM_BRIDGE: Generating connections (brain-region framework)...
[2026-07-22 03:53:20][INFO] SIM_BRIDGE: inject_explicit_wiring: installed 1852696 synapses across 47 populations.
[2026-07-22 03:53:20][INFO] SIM_BRIDGE: Initializing STP state for 1852696 synapses (capacity: 2779044)...
[2026-07-22 03:53:20][INFO] SIM_BRIDGE: Initializing eligibility traces for 1852696 synapses (capacity: 2779044, dtype: float32)...
[2026-07-22 03:53:20][INFO] SIM_BRIDGE: Initializing STDP state for 4028 neurons...
[2026-07-22 03:53:20][INFO] SIM_BRIDGE: Simulation data initialized for 4028 neurons (3D). Synapses: 1852696. GPU memory: 0.0GB/9223372036.9GB (0.0%)
  [seed 101] NO-ENCODE Poisson r=0.015 pA=1500 dur=10: events=0 specific=0 memb=0.000 rand=0.000 spec=+0.000 pop=0.0480 w_within(prepare)=0.50 (455s)
[2026-07-22 03:54:29][INFO] SIM_BRIDGE: NumPy backend (CPU (NumPy backend), 8589934592.0 GB RAM available)
[2026-07-22 03:54:29][INFO] SIM_BRIDGE: Initializing simulation data for model: IZHIKEVICH (3D)... (playback_init: False)
[2026-07-22 03:54:29][INFO] SIM_BRIDGE: Brain-region framework: 16 regions, 4028 total neurons, 39 pathways.
[2026-07-22 03:54:29][INFO] SIM_BRIDGE: RNG initialized with seed: 101
[2026-07-22 03:54:29][INFO] SIM_BRIDGE: Initializing Izhikevich model specifics for 4028 neurons...
[2026-07-22 03:54:29][INFO] SIM_BRIDGE: Region 'language_input' (384 neurons): using Izh type IZH2007_RS_CORTICAL_PYRAMIDAL
[2026-07-22 03:54:29][INFO] SIM_BRIDGE: Region 'motor_N' (16 neurons): using Izh type IZH2007_RS_CORTICAL_PYRAMIDAL
[2026-07-22 03:54:29][INFO] SIM_BRIDGE: Region 'motor_E' (16 neurons): using Izh type IZH2007_RS_CORTICAL_PYRAMIDAL
[2026-07-22 03:54:29][INFO] SIM_BRIDGE: Region 'motor_S' (16 neurons): using Izh type IZH2007_RS_CORTICAL_PYRAMIDAL
[2026-07-22 03:54:29][INFO] SIM_BRIDGE: Region 'motor_W' (16 neurons): using Izh type IZH2007_RS_CORTICAL_PYRAMIDAL
[2026-07-22 03:54:29][INFO] SIM_BRIDGE: Region 'language_output' (384 neurons): using Izh type IZH2007_RS_CORTICAL_PYRAMIDAL
[2026-07-22 03:54:29][INFO] SIM_BRIDGE: Region 'ec' (200 neurons): using Izh type IZH2007_RS_CORTICAL_PYRAMIDAL
[2026-07-22 03:54:29][INFO] SIM_BRIDGE: Region 'dg' (300 neurons): using Izh type IZH2007_HIPPO_PYRAMIDAL
[2026-07-22 03:54:29][INFO] SIM_BRIDGE: Region 'dg_pv_basket' (60 neurons): using Izh type IZH2007_FS_CORTICAL_INTERNEURON
[2026-07-22 03:54:29][INFO] SIM_BRIDGE: Region 'ca3' (2000 neurons): using Izh type IZH2007_HIPPO_PYRAMIDAL
[2026-07-22 03:54:29][INFO] SIM_BRIDGE: Region 'ca1' (120 neurons): using Izh type IZH2007_HIPPO_PYRAMIDAL
[2026-07-22 03:54:29][INFO] SIM_BRIDGE: Region 'motor_FS_N' (4 neurons): using Izh type IZH2007_FS_CORTICAL_INTERNEURON
[2026-07-22 03:54:29][INFO] SIM_BRIDGE: Region 'motor_FS_E' (4 neurons): using Izh type IZH2007_FS_CORTICAL_INTERNEURON
[2026-07-22 03:54:29][INFO] SIM_BRIDGE: Region 'motor_FS_S' (4 neurons): using Izh type IZH2007_FS_CORTICAL_INTERNEURON
[2026-07-22 03:54:29][INFO] SIM_BRIDGE: Region 'motor_FS_W' (4 neurons): using Izh type IZH2007_FS_CORTICAL_INTERNEURON
[2026-07-22 03:54:29][INFO] SIM_BRIDGE: Region 'ca3_pv_basket' (500 neurons): using Izh type IZH2007_FS_CORTICAL_INTERNEURON
[2026-07-22 03:54:29][INFO] SIM_BRIDGE: Applying parameter heterogeneity to neuron parameters...
[2026-07-22 03:54:29][INFO] SIM_BRIDGE: Applied heterogeneity to 4 parameters.
[2026-07-22 03:54:29][INFO] SIM_BRIDGE: Generating 3D neuron positions for 4028 neurons...
[2026-07-22 03:54:29][INFO] SIM_BRIDGE: Generating connections (brain-region framework)...
[2026-07-22 03:54:31][INFO] SIM_BRIDGE: inject_explicit_wiring: installed 1852696 synapses across 47 populations.
[2026-07-22 03:54:31][INFO] SIM_BRIDGE: Initializing STP state for 1852696 synapses (capacity: 2779044)...
[2026-07-22 03:54:31][INFO] SIM_BRIDGE: Initializing eligibility traces for 1852696 synapses (capacity: 2779044, dtype: float32)...
[2026-07-22 03:54:31][INFO] SIM_BRIDGE: Initializing STDP state for 4028 neurons...
[2026-07-22 03:54:31][INFO] SIM_BRIDGE: Simulation data initialized for 4028 neurons (3D). Synapses: 1852696. GPU memory: 0.0GB/9223372036.9GB (0.0%)
  [seed 101] SHUFFLED-W Poisson r=0.015 pA=1500 dur=10: shuffled 9362 edges; events=5 specific=0 memb=0.194 rand=0.051 spec=+0.144 pop=0.0578 (781s)
[2026-07-22 03:59:55][INFO] SIM_BRIDGE: NumPy backend (CPU (NumPy backend), 8589934592.0 GB RAM available)
[2026-07-22 03:59:55][INFO] SIM_BRIDGE: Initializing simulation data for model: IZHIKEVICH (3D)... (playback_init: False)
[2026-07-22 03:59:55][INFO] SIM_BRIDGE: Brain-region framework: 16 regions, 4028 total neurons, 39 pathways.
[2026-07-22 03:59:55][INFO] SIM_BRIDGE: RNG initialized with seed: 101
[2026-07-22 03:59:55][INFO] SIM_BRIDGE: Initializing Izhikevich model specifics for 4028 neurons...
[2026-07-22 03:59:55][INFO] SIM_BRIDGE: Region 'language_input' (384 neurons): using Izh type IZH2007_RS_CORTICAL_PYRAMIDAL
[2026-07-22 03:59:55][INFO] SIM_BRIDGE: Region 'motor_N' (16 neurons): using Izh type IZH2007_RS_CORTICAL_PYRAMIDAL
[2026-07-22 03:59:55][INFO] SIM_BRIDGE: Region 'motor_E' (16 neurons): using Izh type IZH2007_RS_CORTICAL_PYRAMIDAL
[2026-07-22 03:59:55][INFO] SIM_BRIDGE: Region 'motor_S' (16 neurons): using Izh type IZH2007_RS_CORTICAL_PYRAMIDAL
[2026-07-22 03:59:55][INFO] SIM_BRIDGE: Region 'motor_W' (16 neurons): using Izh type IZH2007_RS_CORTICAL_PYRAMIDAL
[2026-07-22 03:59:55][INFO] SIM_BRIDGE: Region 'language_output' (384 neurons): using Izh type IZH2007_RS_CORTICAL_PYRAMIDAL
[2026-07-22 03:59:55][INFO] SIM_BRIDGE: Region 'ec' (200 neurons): using Izh type IZH2007_RS_CORTICAL_PYRAMIDAL
[2026-07-22 03:59:55][INFO] SIM_BRIDGE: Region 'dg' (300 neurons): using Izh type IZH2007_HIPPO_PYRAMIDAL
[2026-07-22 03:59:55][INFO] SIM_BRIDGE: Region 'dg_pv_basket' (60 neurons): using Izh type IZH2007_FS_CORTICAL_INTERNEURON
[2026-07-22 03:59:55][INFO] SIM_BRIDGE: Region 'ca3' (2000 neurons): using Izh type IZH2007_HIPPO_PYRAMIDAL
[2026-07-22 03:59:55][INFO] SIM_BRIDGE: Region 'ca1' (120 neurons): using Izh type IZH2007_HIPPO_PYRAMIDAL
[2026-07-22 03:59:55][INFO] SIM_BRIDGE: Region 'motor_FS_N' (4 neurons): using Izh type IZH2007_FS_CORTICAL_INTERNEURON
[2026-07-22 03:59:55][INFO] SIM_BRIDGE: Region 'motor_FS_E' (4 neurons): using Izh type IZH2007_FS_CORTICAL_INTERNEURON
[2026-07-22 03:59:55][INFO] SIM_BRIDGE: Region 'motor_FS_S' (4 neurons): using Izh type IZH2007_FS_CORTICAL_INTERNEURON
[2026-07-22 03:59:55][INFO] SIM_BRIDGE: Region 'motor_FS_W' (4 neurons): using Izh type IZH2007_FS_CORTICAL_INTERNEURON
[2026-07-22 03:59:55][INFO] SIM_BRIDGE: Region 'ca3_pv_basket' (500 neurons): using Izh type IZH2007_FS_CORTICAL_INTERNEURON
[2026-07-22 03:59:55][INFO] SIM_BRIDGE: Applying parameter heterogeneity to neuron parameters...
[2026-07-22 03:59:55][INFO] SIM_BRIDGE: Applied heterogeneity to 4 parameters.
[2026-07-22 03:59:55][INFO] SIM_BRIDGE: Generating 3D neuron positions for 4028 neurons...
[2026-07-22 03:59:55][INFO] SIM_BRIDGE: Generating connections (brain-region framework)...
[2026-07-22 03:59:57][INFO] SIM_BRIDGE: inject_explicit_wiring: installed 1852696 synapses across 47 populations.
[2026-07-22 03:59:58][INFO] SIM_BRIDGE: Initializing STP state for 1852696 synapses (capacity: 2779044)...
[2026-07-22 03:59:58][INFO] SIM_BRIDGE: Initializing eligibility traces for 1852696 synapses (capacity: 2779044, dtype: float32)...
[2026-07-22 03:59:58][INFO] SIM_BRIDGE: Initializing STDP state for 4028 neurons...
[2026-07-22 03:59:58][INFO] SIM_BRIDGE: Simulation data initialized for 4028 neurons (3D). Synapses: 1852696. GPU memory: 0.0GB/9223372036.9GB (0.0%)
  [seed 101] NO-STRUCT (learned wts, no sep/sel-inhib) Poisson r=0.015 pA=1500 dur=10: events=6 specific=0 memb=0.269 rand=0.053 spec=+0.216 pop=0.0585 (1085s)
  [seed 101] => GO  checks={'specific_events': True, 'discrete': True, 'acid_noise_off': True, 'frozen_ok': True, 'dendrite_reset_ok': True, 'noencode_retired': True, 'shuffle_retired': True, 'permuted_retired': True, 'learned_weight_carries': False}  best_noise=Poisson r=0.015 pA=1500 dur=10 (1085s)
  [seed 102] POS-CTRL skipped (0s)
[2026-07-22 04:04:59][INFO] SIM_BRIDGE: NumPy backend (CPU (NumPy backend), 8589934592.0 GB RAM available)
[2026-07-22 04:04:59][INFO] SIM_BRIDGE: Initializing simulation data for model: IZHIKEVICH (3D)... (playback_init: False)
[2026-07-22 04:04:59][INFO] SIM_BRIDGE: Brain-region framework: 16 regions, 4028 total neurons, 39 pathways.
[2026-07-22 04:04:59][INFO] SIM_BRIDGE: RNG initialized with seed: 102
[2026-07-22 04:04:59][INFO] SIM_BRIDGE: Initializing Izhikevich model specifics for 4028 neurons...
[2026-07-22 04:04:59][INFO] SIM_BRIDGE: Region 'language_input' (384 neurons): using Izh type IZH2007_RS_CORTICAL_PYRAMIDAL
[2026-07-22 04:04:59][INFO] SIM_BRIDGE: Region 'motor_N' (16 neurons): using Izh type IZH2007_RS_CORTICAL_PYRAMIDAL
[2026-07-22 04:04:59][INFO] SIM_BRIDGE: Region 'motor_E' (16 neurons): using Izh type IZH2007_RS_CORTICAL_PYRAMIDAL
[2026-07-22 04:04:59][INFO] SIM_BRIDGE: Region 'motor_S' (16 neurons): using Izh type IZH2007_RS_CORTICAL_PYRAMIDAL
[2026-07-22 04:04:59][INFO] SIM_BRIDGE: Region 'motor_W' (16 neurons): using Izh type IZH2007_RS_CORTICAL_PYRAMIDAL
[2026-07-22 04:04:59][INFO] SIM_BRIDGE: Region 'language_output' (384 neurons): using Izh type IZH2007_RS_CORTICAL_PYRAMIDAL
[2026-07-22 04:04:59][INFO] SIM_BRIDGE: Region 'ec' (200 neurons): using Izh type IZH2007_RS_CORTICAL_PYRAMIDAL
[2026-07-22 04:04:59][INFO] SIM_BRIDGE: Region 'dg' (300 neurons): using Izh type IZH2007_HIPPO_PYRAMIDAL
[2026-07-22 04:04:59][INFO] SIM_BRIDGE: Region 'dg_pv_basket' (60 neurons): using Izh type IZH2007_FS_CORTICAL_INTERNEURON
[2026-07-22 04:04:59][INFO] SIM_BRIDGE: Region 'ca3' (2000 neurons): using Izh type IZH2007_HIPPO_PYRAMIDAL
[2026-07-22 04:04:59][INFO] SIM_BRIDGE: Region 'ca1' (120 neurons): using Izh type IZH2007_HIPPO_PYRAMIDAL
[2026-07-22 04:04:59][INFO] SIM_BRIDGE: Region 'motor_FS_N' (4 neurons): using Izh type IZH2007_FS_CORTICAL_INTERNEURON
[2026-07-22 04:04:59][INFO] SIM_BRIDGE: Region 'motor_FS_E' (4 neurons): using Izh type IZH2007_FS_CORTICAL_INTERNEURON
[2026-07-22 04:04:59][INFO] SIM_BRIDGE: Region 'motor_FS_S' (4 neurons): using Izh type IZH2007_FS_CORTICAL_INTERNEURON
[2026-07-22 04:04:59][INFO] SIM_BRIDGE: Region 'motor_FS_W' (4 neurons): using Izh type IZH2007_FS_CORTICAL_INTERNEURON
[2026-07-22 04:04:59][INFO] SIM_BRIDGE: Region 'ca3_pv_basket' (500 neurons): using Izh type IZH2007_FS_CORTICAL_INTERNEURON
[2026-07-22 04:04:59][INFO] SIM_BRIDGE: Applying parameter heterogeneity to neuron parameters...
[2026-07-22 04:04:59][INFO] SIM_BRIDGE: Applied heterogeneity to 4 parameters.
[2026-07-22 04:04:59][INFO] SIM_BRIDGE: Generating 3D neuron positions for 4028 neurons...
[2026-07-22 04:04:59][INFO] SIM_BRIDGE: Generating connections (brain-region framework)...
[2026-07-22 04:05:01][INFO] SIM_BRIDGE: inject_explicit_wiring: installed 1851158 synapses across 47 populations.
[2026-07-22 04:05:01][INFO] SIM_BRIDGE: Initializing STP state for 1851158 synapses (capacity: 2776737)...
[2026-07-22 04:05:01][INFO] SIM_BRIDGE: Initializing eligibility traces for 1851158 synapses (capacity: 2776737, dtype: float32)...
[2026-07-22 04:05:01][INFO] SIM_BRIDGE: Initializing STDP state for 4028 neurons...
[2026-07-22 04:05:01][INFO] SIM_BRIDGE: Simulation data initialized for 4028 neurons (3D). Synapses: 1851158. GPU memory: 0.0GB/9223372036.9GB (0.0%)
  [seed 102] GO Poisson r=0.015 pA=1500 dur=10: events=  5 specific=  4 rate/1k=3.33 duty=0.076 memb=0.323 rand=0.052 cross=0.087 spec=+0.271 peak=0.417 pop=0.0609 frozen=True apical_max=-80.47537740776228 latched=0 (341s)
  [seed 102] NO-NOISE (acid): events=0 specific=0 duty=0.0000 memb=0.000 pop=0.00000 apical_max=-75.47461585765991 latched=0 (378s)
[2026-07-22 04:11:17][INFO] SIM_BRIDGE: NumPy backend (CPU (NumPy backend), 8589934592.0 GB RAM available)
[2026-07-22 04:11:17][INFO] SIM_BRIDGE: Initializing simulation data for model: IZHIKEVICH (3D)... (playback_init: False)
[2026-07-22 04:11:17][INFO] SIM_BRIDGE: Brain-region framework: 16 regions, 4028 total neurons, 39 pathways.
[2026-07-22 04:11:17][INFO] SIM_BRIDGE: RNG initialized with seed: 102
[2026-07-22 04:11:17][INFO] SIM_BRIDGE: Initializing Izhikevich model specifics for 4028 neurons...
[2026-07-22 04:11:17][INFO] SIM_BRIDGE: Region 'language_input' (384 neurons): using Izh type IZH2007_RS_CORTICAL_PYRAMIDAL
[2026-07-22 04:11:17][INFO] SIM_BRIDGE: Region 'motor_N' (16 neurons): using Izh type IZH2007_RS_CORTICAL_PYRAMIDAL
[2026-07-22 04:11:17][INFO] SIM_BRIDGE: Region 'motor_E' (16 neurons): using Izh type IZH2007_RS_CORTICAL_PYRAMIDAL
[2026-07-22 04:11:17][INFO] SIM_BRIDGE: Region 'motor_S' (16 neurons): using Izh type IZH2007_RS_CORTICAL_PYRAMIDAL
[2026-07-22 04:11:17][INFO] SIM_BRIDGE: Region 'motor_W' (16 neurons): using Izh type IZH2007_RS_CORTICAL_PYRAMIDAL
[2026-07-22 04:11:17][INFO] SIM_BRIDGE: Region 'language_output' (384 neurons): using Izh type IZH2007_RS_CORTICAL_PYRAMIDAL
[2026-07-22 04:11:17][INFO] SIM_BRIDGE: Region 'ec' (200 neurons): using Izh type IZH2007_RS_CORTICAL_PYRAMIDAL
[2026-07-22 04:11:17][INFO] SIM_BRIDGE: Region 'dg' (300 neurons): using Izh type IZH2007_HIPPO_PYRAMIDAL
[2026-07-22 04:11:17][INFO] SIM_BRIDGE: Region 'dg_pv_basket' (60 neurons): using Izh type IZH2007_FS_CORTICAL_INTERNEURON
[2026-07-22 04:11:17][INFO] SIM_BRIDGE: Region 'ca3' (2000 neurons): using Izh type IZH2007_HIPPO_PYRAMIDAL
[2026-07-22 04:11:17][INFO] SIM_BRIDGE: Region 'ca1' (120 neurons): using Izh type IZH2007_HIPPO_PYRAMIDAL
[2026-07-22 04:11:17][INFO] SIM_BRIDGE: Region 'motor_FS_N' (4 neurons): using Izh type IZH2007_FS_CORTICAL_INTERNEURON
[2026-07-22 04:11:17][INFO] SIM_BRIDGE: Region 'motor_FS_E' (4 neurons): using Izh type IZH2007_FS_CORTICAL_INTERNEURON
[2026-07-22 04:11:17][INFO] SIM_BRIDGE: Region 'motor_FS_S' (4 neurons): using Izh type IZH2007_FS_CORTICAL_INTERNEURON
[2026-07-22 04:11:17][INFO] SIM_BRIDGE: Region 'motor_FS_W' (4 neurons): using Izh type IZH2007_FS_CORTICAL_INTERNEURON
[2026-07-22 04:11:17][INFO] SIM_BRIDGE: Region 'ca3_pv_basket' (500 neurons): using Izh type IZH2007_FS_CORTICAL_INTERNEURON
[2026-07-22 04:11:17][INFO] SIM_BRIDGE: Applying parameter heterogeneity to neuron parameters...
[2026-07-22 04:11:17][INFO] SIM_BRIDGE: Applied heterogeneity to 4 parameters.
[2026-07-22 04:11:17][INFO] SIM_BRIDGE: Generating 3D neuron positions for 4028 neurons...
[2026-07-22 04:11:17][INFO] SIM_BRIDGE: Generating connections (brain-region framework)...
[2026-07-22 04:11:19][INFO] SIM_BRIDGE: inject_explicit_wiring: installed 1851158 synapses across 47 populations.
[2026-07-22 04:11:19][INFO] SIM_BRIDGE: Initializing STP state for 1851158 synapses (capacity: 2776737)...
[2026-07-22 04:11:19][INFO] SIM_BRIDGE: Initializing eligibility traces for 1851158 synapses (capacity: 2776737, dtype: float32)...
[2026-07-22 04:11:19][INFO] SIM_BRIDGE: Initializing STDP state for 4028 neurons...
[2026-07-22 04:11:19][INFO] SIM_BRIDGE: Simulation data initialized for 4028 neurons (3D). Synapses: 1851158. GPU memory: 0.0GB/9223372036.9GB (0.0%)
  [seed 102] NO-ENCODE Poisson r=0.015 pA=1500 dur=10: events=0 specific=0 memb=0.000 rand=0.000 spec=+0.000 pop=0.0478 w_within(prepare)=0.50 (446s)
[2026-07-22 04:12:25][INFO] SIM_BRIDGE: NumPy backend (CPU (NumPy backend), 8589934592.0 GB RAM available)
[2026-07-22 04:12:25][INFO] SIM_BRIDGE: Initializing simulation data for model: IZHIKEVICH (3D)... (playback_init: False)
[2026-07-22 04:12:25][INFO] SIM_BRIDGE: Brain-region framework: 16 regions, 4028 total neurons, 39 pathways.
[2026-07-22 04:12:25][INFO] SIM_BRIDGE: RNG initialized with seed: 102
[2026-07-22 04:12:25][INFO] SIM_BRIDGE: Initializing Izhikevich model specifics for 4028 neurons...
[2026-07-22 04:12:25][INFO] SIM_BRIDGE: Region 'language_input' (384 neurons): using Izh type IZH2007_RS_CORTICAL_PYRAMIDAL
[2026-07-22 04:12:25][INFO] SIM_BRIDGE: Region 'motor_N' (16 neurons): using Izh type IZH2007_RS_CORTICAL_PYRAMIDAL
[2026-07-22 04:12:25][INFO] SIM_BRIDGE: Region 'motor_E' (16 neurons): using Izh type IZH2007_RS_CORTICAL_PYRAMIDAL
[2026-07-22 04:12:25][INFO] SIM_BRIDGE: Region 'motor_S' (16 neurons): using Izh type IZH2007_RS_CORTICAL_PYRAMIDAL
[2026-07-22 04:12:25][INFO] SIM_BRIDGE: Region 'motor_W' (16 neurons): using Izh type IZH2007_RS_CORTICAL_PYRAMIDAL
[2026-07-22 04:12:25][INFO] SIM_BRIDGE: Region 'language_output' (384 neurons): using Izh type IZH2007_RS_CORTICAL_PYRAMIDAL
[2026-07-22 04:12:25][INFO] SIM_BRIDGE: Region 'ec' (200 neurons): using Izh type IZH2007_RS_CORTICAL_PYRAMIDAL
[2026-07-22 04:12:25][INFO] SIM_BRIDGE: Region 'dg' (300 neurons): using Izh type IZH2007_HIPPO_PYRAMIDAL
[2026-07-22 04:12:25][INFO] SIM_BRIDGE: Region 'dg_pv_basket' (60 neurons): using Izh type IZH2007_FS_CORTICAL_INTERNEURON
[2026-07-22 04:12:25][INFO] SIM_BRIDGE: Region 'ca3' (2000 neurons): using Izh type IZH2007_HIPPO_PYRAMIDAL
[2026-07-22 04:12:25][INFO] SIM_BRIDGE: Region 'ca1' (120 neurons): using Izh type IZH2007_HIPPO_PYRAMIDAL
[2026-07-22 04:12:25][INFO] SIM_BRIDGE: Region 'motor_FS_N' (4 neurons): using Izh type IZH2007_FS_CORTICAL_INTERNEURON
[2026-07-22 04:12:25][INFO] SIM_BRIDGE: Region 'motor_FS_E' (4 neurons): using Izh type IZH2007_FS_CORTICAL_INTERNEURON
[2026-07-22 04:12:25][INFO] SIM_BRIDGE: Region 'motor_FS_S' (4 neurons): using Izh type IZH2007_FS_CORTICAL_INTERNEURON
[2026-07-22 04:12:25][INFO] SIM_BRIDGE: Region 'motor_FS_W' (4 neurons): using Izh type IZH2007_FS_CORTICAL_INTERNEURON
[2026-07-22 04:12:25][INFO] SIM_BRIDGE: Region 'ca3_pv_basket' (500 neurons): using Izh type IZH2007_FS_CORTICAL_INTERNEURON
[2026-07-22 04:12:25][INFO] SIM_BRIDGE: Applying parameter heterogeneity to neuron parameters...
[2026-07-22 04:12:25][INFO] SIM_BRIDGE: Applied heterogeneity to 4 parameters.
[2026-07-22 04:12:25][INFO] SIM_BRIDGE: Generating 3D neuron positions for 4028 neurons...
[2026-07-22 04:12:25][INFO] SIM_BRIDGE: Generating connections (brain-region framework)...
[2026-07-22 04:12:27][INFO] SIM_BRIDGE: inject_explicit_wiring: installed 1851158 synapses across 47 populations.
[2026-07-22 04:12:27][INFO] SIM_BRIDGE: Initializing STP state for 1851158 synapses (capacity: 2776737)...
[2026-07-22 04:12:27][INFO] SIM_BRIDGE: Initializing eligibility traces for 1851158 synapses (capacity: 2776737, dtype: float32)...
[2026-07-22 04:12:27][INFO] SIM_BRIDGE: Initializing STDP state for 4028 neurons...
[2026-07-22 04:12:27][INFO] SIM_BRIDGE: Simulation data initialized for 4028 neurons (3D). Synapses: 1851158. GPU memory: 0.0GB/9223372036.9GB (0.0%)
  [seed 102] SHUFFLED-W Poisson r=0.015 pA=1500 dur=10: shuffled 9991 edges; events=2 specific=0 memb=0.237 rand=0.051 spec=+0.186 pop=0.0613 (779s)
[2026-07-22 04:17:59][INFO] SIM_BRIDGE: NumPy backend (CPU (NumPy backend), 8589934592.0 GB RAM available)
[2026-07-22 04:17:59][INFO] SIM_BRIDGE: Initializing simulation data for model: IZHIKEVICH (3D)... (playback_init: False)
[2026-07-22 04:17:59][INFO] SIM_BRIDGE: Brain-region framework: 16 regions, 4028 total neurons, 39 pathways.
[2026-07-22 04:17:59][INFO] SIM_BRIDGE: RNG initialized with seed: 102
[2026-07-22 04:17:59][INFO] SIM_BRIDGE: Initializing Izhikevich model specifics for 4028 neurons...
[2026-07-22 04:17:59][INFO] SIM_BRIDGE: Region 'language_input' (384 neurons): using Izh type IZH2007_RS_CORTICAL_PYRAMIDAL
[2026-07-22 04:17:59][INFO] SIM_BRIDGE: Region 'motor_N' (16 neurons): using Izh type IZH2007_RS_CORTICAL_PYRAMIDAL
[2026-07-22 04:17:59][INFO] SIM_BRIDGE: Region 'motor_E' (16 neurons): using Izh type IZH2007_RS_CORTICAL_PYRAMIDAL
[2026-07-22 04:17:59][INFO] SIM_BRIDGE: Region 'motor_S' (16 neurons): using Izh type IZH2007_RS_CORTICAL_PYRAMIDAL
[2026-07-22 04:17:59][INFO] SIM_BRIDGE: Region 'motor_W' (16 neurons): using Izh type IZH2007_RS_CORTICAL_PYRAMIDAL
[2026-07-22 04:17:59][INFO] SIM_BRIDGE: Region 'language_output' (384 neurons): using Izh type IZH2007_RS_CORTICAL_PYRAMIDAL
[2026-07-22 04:17:59][INFO] SIM_BRIDGE: Region 'ec' (200 neurons): using Izh type IZH2007_RS_CORTICAL_PYRAMIDAL
[2026-07-22 04:17:59][INFO] SIM_BRIDGE: Region 'dg' (300 neurons): using Izh type IZH2007_HIPPO_PYRAMIDAL
[2026-07-22 04:17:59][INFO] SIM_BRIDGE: Region 'dg_pv_basket' (60 neurons): using Izh type IZH2007_FS_CORTICAL_INTERNEURON
[2026-07-22 04:17:59][INFO] SIM_BRIDGE: Region 'ca3' (2000 neurons): using Izh type IZH2007_HIPPO_PYRAMIDAL
[2026-07-22 04:17:59][INFO] SIM_BRIDGE: Region 'ca1' (120 neurons): using Izh type IZH2007_HIPPO_PYRAMIDAL
[2026-07-22 04:17:59][INFO] SIM_BRIDGE: Region 'motor_FS_N' (4 neurons): using Izh type IZH2007_FS_CORTICAL_INTERNEURON
[2026-07-22 04:17:59][INFO] SIM_BRIDGE: Region 'motor_FS_E' (4 neurons): using Izh type IZH2007_FS_CORTICAL_INTERNEURON
[2026-07-22 04:17:59][INFO] SIM_BRIDGE: Region 'motor_FS_S' (4 neurons): using Izh type IZH2007_FS_CORTICAL_INTERNEURON
[2026-07-22 04:17:59][INFO] SIM_BRIDGE: Region 'motor_FS_W' (4 neurons): using Izh type IZH2007_FS_CORTICAL_INTERNEURON
[2026-07-22 04:17:59][INFO] SIM_BRIDGE: Region 'ca3_pv_basket' (500 neurons): using Izh type IZH2007_FS_CORTICAL_INTERNEURON
[2026-07-22 04:17:59][INFO] SIM_BRIDGE: Applying parameter heterogeneity to neuron parameters...
[2026-07-22 04:17:59][INFO] SIM_BRIDGE: Applied heterogeneity to 4 parameters.
[2026-07-22 04:17:59][INFO] SIM_BRIDGE: Generating 3D neuron positions for 4028 neurons...
[2026-07-22 04:17:59][INFO] SIM_BRIDGE: Generating connections (brain-region framework)...
[2026-07-22 04:18:01][INFO] SIM_BRIDGE: inject_explicit_wiring: installed 1851158 synapses across 47 populations.
[2026-07-22 04:18:01][INFO] SIM_BRIDGE: Initializing STP state for 1851158 synapses (capacity: 2776737)...
[2026-07-22 04:18:01][INFO] SIM_BRIDGE: Initializing eligibility traces for 1851158 synapses (capacity: 2776737, dtype: float32)...
[2026-07-22 04:18:01][INFO] SIM_BRIDGE: Initializing STDP state for 4028 neurons...
[2026-07-22 04:18:01][INFO] SIM_BRIDGE: Simulation data initialized for 4028 neurons (3D). Synapses: 1851158. GPU memory: 0.0GB/9223372036.9GB (0.0%)
  [seed 102] NO-STRUCT (learned wts, no sep/sel-inhib) Poisson r=0.015 pA=1500 dur=10: events=6 specific=5 memb=0.329 rand=0.052 spec=+0.277 pop=0.0608 (1114s)
  [seed 102] => GO  checks={'specific_events': True, 'discrete': True, 'acid_noise_off': True, 'frozen_ok': True, 'dendrite_reset_ok': True, 'noencode_retired': True, 'shuffle_retired': True, 'permuted_retired': True, 'learned_weight_carries': True}  best_noise=Poisson r=0.015 pA=1500 dur=10 (1114s)

==============================================================================================================
[gap5-spont] VERDICT: GO 2/2 -- a stored bistable CA3 assembly SPONTANEOUSLY + BASIN-SELECTIVELY reactivates under weak non-specific background: member_frac 0.314 vs random 0.051 / cross-assembly 0.078, duty 0.050; NO-NOISE assembly rest 0.0000 (acid: must be ~0). => the FIRST non-artifact spontaneous-reactivation piece of the SWR loop is de-risked; run the 6-seed GPU confirm.
[gap5-spont] wrote /home/dant123/Projects/sim/research/findings/raw/_gap5_spontaneous_reactivation_derisk.json
==============================================================================================================
