[gap5-seq] n_ca3=2000 n_mem=2 assy~240 within=30 chain_fwd=24 chain_rev=0 noise=Poisson r=0.015 pA=1500 dur=10 rest_steps=1400 seeds=[42, 43, 44, 100, 101, 102] backend=auto
[2026-07-22 09:07:37][INFO] SIM_BRIDGE: CuPy using GPU: NVIDIA GeForce RTX 3090 (23.5 GB), mempool limit: 80%
[2026-07-22 09:07:37][INFO] SIM_BRIDGE: Initializing simulation data for model: IZHIKEVICH (3D)... (playback_init: False)
[2026-07-22 09:07:37][INFO] SIM_BRIDGE: Brain-region framework: 16 regions, 4028 total neurons, 39 pathways.
[2026-07-22 09:07:37][INFO] SIM_BRIDGE: RNG initialized with seed: 42
[2026-07-22 09:07:37][INFO] SIM_BRIDGE: Initializing Izhikevich model specifics for 4028 neurons...
[2026-07-22 09:07:37][INFO] SIM_BRIDGE: Region 'language_input' (384 neurons): using Izh type IZH2007_RS_CORTICAL_PYRAMIDAL
[2026-07-22 09:07:37][INFO] SIM_BRIDGE: Region 'motor_N' (16 neurons): using Izh type IZH2007_RS_CORTICAL_PYRAMIDAL
[2026-07-22 09:07:37][INFO] SIM_BRIDGE: Region 'motor_E' (16 neurons): using Izh type IZH2007_RS_CORTICAL_PYRAMIDAL
[2026-07-22 09:07:37][INFO] SIM_BRIDGE: Region 'motor_S' (16 neurons): using Izh type IZH2007_RS_CORTICAL_PYRAMIDAL
[2026-07-22 09:07:37][INFO] SIM_BRIDGE: Region 'motor_W' (16 neurons): using Izh type IZH2007_RS_CORTICAL_PYRAMIDAL
[2026-07-22 09:07:37][INFO] SIM_BRIDGE: Region 'language_output' (384 neurons): using Izh type IZH2007_RS_CORTICAL_PYRAMIDAL
[2026-07-22 09:07:37][INFO] SIM_BRIDGE: Region 'ec' (200 neurons): using Izh type IZH2007_RS_CORTICAL_PYRAMIDAL
[2026-07-22 09:07:37][INFO] SIM_BRIDGE: Region 'dg' (300 neurons): using Izh type IZH2007_HIPPO_PYRAMIDAL
[2026-07-22 09:07:37][INFO] SIM_BRIDGE: Region 'dg_pv_basket' (60 neurons): using Izh type IZH2007_FS_CORTICAL_INTERNEURON
[2026-07-22 09:07:37][INFO] SIM_BRIDGE: Region 'ca3' (2000 neurons): using Izh type IZH2007_HIPPO_PYRAMIDAL
[2026-07-22 09:07:37][INFO] SIM_BRIDGE: Region 'ca1' (120 neurons): using Izh type IZH2007_HIPPO_PYRAMIDAL
[2026-07-22 09:07:37][INFO] SIM_BRIDGE: Region 'motor_FS_N' (4 neurons): using Izh type IZH2007_FS_CORTICAL_INTERNEURON
[2026-07-22 09:07:37][INFO] SIM_BRIDGE: Region 'motor_FS_E' (4 neurons): using Izh type IZH2007_FS_CORTICAL_INTERNEURON
[2026-07-22 09:07:37][INFO] SIM_BRIDGE: Region 'motor_FS_S' (4 neurons): using Izh type IZH2007_FS_CORTICAL_INTERNEURON
[2026-07-22 09:07:37][INFO] SIM_BRIDGE: Region 'motor_FS_W' (4 neurons): using Izh type IZH2007_FS_CORTICAL_INTERNEURON
[2026-07-22 09:07:37][INFO] SIM_BRIDGE: Region 'ca3_pv_basket' (500 neurons): using Izh type IZH2007_FS_CORTICAL_INTERNEURON
[2026-07-22 09:07:37][INFO] SIM_BRIDGE: Applying parameter heterogeneity to neuron parameters...
[2026-07-22 09:07:37][INFO] SIM_BRIDGE: Applied heterogeneity to 4 parameters.
[2026-07-22 09:07:37][INFO] SIM_BRIDGE: Generating 3D neuron positions for 4028 neurons...
[2026-07-22 09:07:37][INFO] SIM_BRIDGE: Generating connections (brain-region framework)...
[2026-07-22 09:07:39][INFO] SIM_BRIDGE: inject_explicit_wiring: installed 1853342 synapses across 47 populations.
[2026-07-22 09:07:39][INFO] SIM_BRIDGE: Initializing STP state for 1853342 synapses (capacity: 2780013)...
[2026-07-22 09:07:39][INFO] SIM_BRIDGE: Initializing eligibility traces for 1853342 synapses (capacity: 2780013, dtype: float32)...
[2026-07-22 09:07:39][INFO] SIM_BRIDGE: Initializing STDP state for 4028 neurons...
[2026-07-22 09:07:39][INFO] SIM_BRIDGE: Simulation data initialized for 4028 neurons (3D). Synapses: 1853342. GPU memory: 8.9GB/25.3GB (35.2%)
  [seed 42] ENCODE w_within=147.5 w_fwd=29.51 w_rev=21.22 (adj fwd=29.51 rev=21.22) asym=+8.29 (126s)
  [seed 42] GO Poisson r=0.015 pA=1500 dur=10: events=9 multi=6 full3=6 | FWD=0.500 REV=0.500 (full3 fwd=0.500 rev=0.500) tau=+0.000 chance=0.500 | duty=0.069 pop=0.0657 asm_active=[6, 6] frozen=True apic_latched=0 (158s)
  [seed 42] NO-NOISE (acid): events=0 multi=0 pop=0.00001 assembly_rest=0.0001 (170s)
[2026-07-22 09:10:27][INFO] SIM_BRIDGE: CuPy using GPU: NVIDIA GeForce RTX 3090 (23.5 GB), mempool limit: 80%
[2026-07-22 09:10:27][INFO] SIM_BRIDGE: Initializing simulation data for model: IZHIKEVICH (3D)... (playback_init: False)
[2026-07-22 09:10:27][INFO] SIM_BRIDGE: Brain-region framework: 16 regions, 4028 total neurons, 39 pathways.
[2026-07-22 09:10:27][INFO] SIM_BRIDGE: RNG initialized with seed: 42
[2026-07-22 09:10:27][INFO] SIM_BRIDGE: Initializing Izhikevich model specifics for 4028 neurons...
[2026-07-22 09:10:27][INFO] SIM_BRIDGE: Region 'language_input' (384 neurons): using Izh type IZH2007_RS_CORTICAL_PYRAMIDAL
[2026-07-22 09:10:27][INFO] SIM_BRIDGE: Region 'motor_N' (16 neurons): using Izh type IZH2007_RS_CORTICAL_PYRAMIDAL
[2026-07-22 09:10:27][INFO] SIM_BRIDGE: Region 'motor_E' (16 neurons): using Izh type IZH2007_RS_CORTICAL_PYRAMIDAL
[2026-07-22 09:10:27][INFO] SIM_BRIDGE: Region 'motor_S' (16 neurons): using Izh type IZH2007_RS_CORTICAL_PYRAMIDAL
[2026-07-22 09:10:27][INFO] SIM_BRIDGE: Region 'motor_W' (16 neurons): using Izh type IZH2007_RS_CORTICAL_PYRAMIDAL
[2026-07-22 09:10:27][INFO] SIM_BRIDGE: Region 'language_output' (384 neurons): using Izh type IZH2007_RS_CORTICAL_PYRAMIDAL
[2026-07-22 09:10:27][INFO] SIM_BRIDGE: Region 'ec' (200 neurons): using Izh type IZH2007_RS_CORTICAL_PYRAMIDAL
[2026-07-22 09:10:27][INFO] SIM_BRIDGE: Region 'dg' (300 neurons): using Izh type IZH2007_HIPPO_PYRAMIDAL
[2026-07-22 09:10:27][INFO] SIM_BRIDGE: Region 'dg_pv_basket' (60 neurons): using Izh type IZH2007_FS_CORTICAL_INTERNEURON
[2026-07-22 09:10:27][INFO] SIM_BRIDGE: Region 'ca3' (2000 neurons): using Izh type IZH2007_HIPPO_PYRAMIDAL
[2026-07-22 09:10:27][INFO] SIM_BRIDGE: Region 'ca1' (120 neurons): using Izh type IZH2007_HIPPO_PYRAMIDAL
[2026-07-22 09:10:27][INFO] SIM_BRIDGE: Region 'motor_FS_N' (4 neurons): using Izh type IZH2007_FS_CORTICAL_INTERNEURON
[2026-07-22 09:10:27][INFO] SIM_BRIDGE: Region 'motor_FS_E' (4 neurons): using Izh type IZH2007_FS_CORTICAL_INTERNEURON
[2026-07-22 09:10:27][INFO] SIM_BRIDGE: Region 'motor_FS_S' (4 neurons): using Izh type IZH2007_FS_CORTICAL_INTERNEURON
[2026-07-22 09:10:27][INFO] SIM_BRIDGE: Region 'motor_FS_W' (4 neurons): using Izh type IZH2007_FS_CORTICAL_INTERNEURON
[2026-07-22 09:10:27][INFO] SIM_BRIDGE: Region 'ca3_pv_basket' (500 neurons): using Izh type IZH2007_FS_CORTICAL_INTERNEURON
[2026-07-22 09:10:27][INFO] SIM_BRIDGE: Applying parameter heterogeneity to neuron parameters...
[2026-07-22 09:10:27][INFO] SIM_BRIDGE: Applied heterogeneity to 4 parameters.
[2026-07-22 09:10:27][INFO] SIM_BRIDGE: Generating 3D neuron positions for 4028 neurons...
[2026-07-22 09:10:27][INFO] SIM_BRIDGE: Generating connections (brain-region framework)...
[2026-07-22 09:10:29][INFO] SIM_BRIDGE: inject_explicit_wiring: installed 1853342 synapses across 47 populations.
[2026-07-22 09:10:29][INFO] SIM_BRIDGE: Initializing STP state for 1853342 synapses (capacity: 2780013)...
[2026-07-22 09:10:29][INFO] SIM_BRIDGE: Initializing eligibility traces for 1853342 synapses (capacity: 2780013, dtype: float32)...
[2026-07-22 09:10:29][INFO] SIM_BRIDGE: Initializing STDP state for 4028 neurons...
[2026-07-22 09:10:29][INFO] SIM_BRIDGE: Simulation data initialized for 4028 neurons (3D). Synapses: 1853342. GPU memory: 9.6GB/25.3GB (38.0%)
  [seed 42] NO-ENCODE: events=0 multi=0 FWD=0.000 REV=0.000 w_within=0.50 pop=0.0477 (205s)
[2026-07-22 09:11:01][INFO] SIM_BRIDGE: CuPy using GPU: NVIDIA GeForce RTX 3090 (23.5 GB), mempool limit: 80%
[2026-07-22 09:11:01][INFO] SIM_BRIDGE: Initializing simulation data for model: IZHIKEVICH (3D)... (playback_init: False)
[2026-07-22 09:11:01][INFO] SIM_BRIDGE: Brain-region framework: 16 regions, 4028 total neurons, 39 pathways.
[2026-07-22 09:11:01][INFO] SIM_BRIDGE: RNG initialized with seed: 42
[2026-07-22 09:11:01][INFO] SIM_BRIDGE: Initializing Izhikevich model specifics for 4028 neurons...
[2026-07-22 09:11:01][INFO] SIM_BRIDGE: Region 'language_input' (384 neurons): using Izh type IZH2007_RS_CORTICAL_PYRAMIDAL
[2026-07-22 09:11:01][INFO] SIM_BRIDGE: Region 'motor_N' (16 neurons): using Izh type IZH2007_RS_CORTICAL_PYRAMIDAL
[2026-07-22 09:11:01][INFO] SIM_BRIDGE: Region 'motor_E' (16 neurons): using Izh type IZH2007_RS_CORTICAL_PYRAMIDAL
[2026-07-22 09:11:01][INFO] SIM_BRIDGE: Region 'motor_S' (16 neurons): using Izh type IZH2007_RS_CORTICAL_PYRAMIDAL
[2026-07-22 09:11:01][INFO] SIM_BRIDGE: Region 'motor_W' (16 neurons): using Izh type IZH2007_RS_CORTICAL_PYRAMIDAL
[2026-07-22 09:11:01][INFO] SIM_BRIDGE: Region 'language_output' (384 neurons): using Izh type IZH2007_RS_CORTICAL_PYRAMIDAL
[2026-07-22 09:11:01][INFO] SIM_BRIDGE: Region 'ec' (200 neurons): using Izh type IZH2007_RS_CORTICAL_PYRAMIDAL
[2026-07-22 09:11:01][INFO] SIM_BRIDGE: Region 'dg' (300 neurons): using Izh type IZH2007_HIPPO_PYRAMIDAL
[2026-07-22 09:11:01][INFO] SIM_BRIDGE: Region 'dg_pv_basket' (60 neurons): using Izh type IZH2007_FS_CORTICAL_INTERNEURON
[2026-07-22 09:11:01][INFO] SIM_BRIDGE: Region 'ca3' (2000 neurons): using Izh type IZH2007_HIPPO_PYRAMIDAL
[2026-07-22 09:11:01][INFO] SIM_BRIDGE: Region 'ca1' (120 neurons): using Izh type IZH2007_HIPPO_PYRAMIDAL
[2026-07-22 09:11:01][INFO] SIM_BRIDGE: Region 'motor_FS_N' (4 neurons): using Izh type IZH2007_FS_CORTICAL_INTERNEURON
[2026-07-22 09:11:01][INFO] SIM_BRIDGE: Region 'motor_FS_E' (4 neurons): using Izh type IZH2007_FS_CORTICAL_INTERNEURON
[2026-07-22 09:11:01][INFO] SIM_BRIDGE: Region 'motor_FS_S' (4 neurons): using Izh type IZH2007_FS_CORTICAL_INTERNEURON
[2026-07-22 09:11:01][INFO] SIM_BRIDGE: Region 'motor_FS_W' (4 neurons): using Izh type IZH2007_FS_CORTICAL_INTERNEURON
[2026-07-22 09:11:01][INFO] SIM_BRIDGE: Region 'ca3_pv_basket' (500 neurons): using Izh type IZH2007_FS_CORTICAL_INTERNEURON
[2026-07-22 09:11:01][INFO] SIM_BRIDGE: Applying parameter heterogeneity to neuron parameters...
[2026-07-22 09:11:01][INFO] SIM_BRIDGE: Applied heterogeneity to 4 parameters.
[2026-07-22 09:11:01][INFO] SIM_BRIDGE: Generating 3D neuron positions for 4028 neurons...
[2026-07-22 09:11:01][INFO] SIM_BRIDGE: Generating connections (brain-region framework)...
[2026-07-22 09:11:03][INFO] SIM_BRIDGE: inject_explicit_wiring: installed 1853342 synapses across 47 populations.
[2026-07-22 09:11:03][INFO] SIM_BRIDGE: Initializing STP state for 1853342 synapses (capacity: 2780013)...
[2026-07-22 09:11:03][INFO] SIM_BRIDGE: Initializing eligibility traces for 1853342 synapses (capacity: 2780013, dtype: float32)...
[2026-07-22 09:11:03][INFO] SIM_BRIDGE: Initializing STDP state for 4028 neurons...
[2026-07-22 09:11:03][INFO] SIM_BRIDGE: Simulation data initialized for 4028 neurons (3D). Synapses: 1853342. GPU memory: 9.7GB/25.3GB (38.4%)
  [seed 42] SCRAMBLE-BETWEEN (5630 edges): events=7 multi=0 FWD=0.000 REV=0.000 tau=+0.000 (358s)
  [seed 42] => no  checks={'forward_ordered': False, 'discrete': True, 'acid_silent': True, 'frozen_ok': True, 'dendrite_reset_ok': True, 'scramble_collapses': True, 'noencode_retired': True, 'enough_multi': True, 'reverse_present': False} (358s)
[2026-07-22 09:13:35][INFO] SIM_BRIDGE: CuPy using GPU: NVIDIA GeForce RTX 3090 (23.5 GB), mempool limit: 80%
[2026-07-22 09:13:35][INFO] SIM_BRIDGE: Initializing simulation data for model: IZHIKEVICH (3D)... (playback_init: False)
[2026-07-22 09:13:35][INFO] SIM_BRIDGE: Brain-region framework: 16 regions, 4028 total neurons, 39 pathways.
[2026-07-22 09:13:35][INFO] SIM_BRIDGE: RNG initialized with seed: 43
[2026-07-22 09:13:35][INFO] SIM_BRIDGE: Initializing Izhikevich model specifics for 4028 neurons...
[2026-07-22 09:13:35][INFO] SIM_BRIDGE: Region 'language_input' (384 neurons): using Izh type IZH2007_RS_CORTICAL_PYRAMIDAL
[2026-07-22 09:13:35][INFO] SIM_BRIDGE: Region 'motor_N' (16 neurons): using Izh type IZH2007_RS_CORTICAL_PYRAMIDAL
[2026-07-22 09:13:35][INFO] SIM_BRIDGE: Region 'motor_E' (16 neurons): using Izh type IZH2007_RS_CORTICAL_PYRAMIDAL
[2026-07-22 09:13:35][INFO] SIM_BRIDGE: Region 'motor_S' (16 neurons): using Izh type IZH2007_RS_CORTICAL_PYRAMIDAL
[2026-07-22 09:13:35][INFO] SIM_BRIDGE: Region 'motor_W' (16 neurons): using Izh type IZH2007_RS_CORTICAL_PYRAMIDAL
[2026-07-22 09:13:35][INFO] SIM_BRIDGE: Region 'language_output' (384 neurons): using Izh type IZH2007_RS_CORTICAL_PYRAMIDAL
[2026-07-22 09:13:35][INFO] SIM_BRIDGE: Region 'ec' (200 neurons): using Izh type IZH2007_RS_CORTICAL_PYRAMIDAL
[2026-07-22 09:13:35][INFO] SIM_BRIDGE: Region 'dg' (300 neurons): using Izh type IZH2007_HIPPO_PYRAMIDAL
[2026-07-22 09:13:35][INFO] SIM_BRIDGE: Region 'dg_pv_basket' (60 neurons): using Izh type IZH2007_FS_CORTICAL_INTERNEURON
[2026-07-22 09:13:35][INFO] SIM_BRIDGE: Region 'ca3' (2000 neurons): using Izh type IZH2007_HIPPO_PYRAMIDAL
[2026-07-22 09:13:35][INFO] SIM_BRIDGE: Region 'ca1' (120 neurons): using Izh type IZH2007_HIPPO_PYRAMIDAL
[2026-07-22 09:13:35][INFO] SIM_BRIDGE: Region 'motor_FS_N' (4 neurons): using Izh type IZH2007_FS_CORTICAL_INTERNEURON
[2026-07-22 09:13:35][INFO] SIM_BRIDGE: Region 'motor_FS_E' (4 neurons): using Izh type IZH2007_FS_CORTICAL_INTERNEURON
[2026-07-22 09:13:35][INFO] SIM_BRIDGE: Region 'motor_FS_S' (4 neurons): using Izh type IZH2007_FS_CORTICAL_INTERNEURON
[2026-07-22 09:13:35][INFO] SIM_BRIDGE: Region 'motor_FS_W' (4 neurons): using Izh type IZH2007_FS_CORTICAL_INTERNEURON
[2026-07-22 09:13:35][INFO] SIM_BRIDGE: Region 'ca3_pv_basket' (500 neurons): using Izh type IZH2007_FS_CORTICAL_INTERNEURON
[2026-07-22 09:13:35][INFO] SIM_BRIDGE: Applying parameter heterogeneity to neuron parameters...
[2026-07-22 09:13:35][INFO] SIM_BRIDGE: Applied heterogeneity to 4 parameters.
[2026-07-22 09:13:35][INFO] SIM_BRIDGE: Generating 3D neuron positions for 4028 neurons...
[2026-07-22 09:13:35][INFO] SIM_BRIDGE: Generating connections (brain-region framework)...
[2026-07-22 09:13:37][INFO] SIM_BRIDGE: inject_explicit_wiring: installed 1850216 synapses across 47 populations.
[2026-07-22 09:13:37][INFO] SIM_BRIDGE: Initializing STP state for 1850216 synapses (capacity: 2775324)...
[2026-07-22 09:13:37][INFO] SIM_BRIDGE: Initializing eligibility traces for 1850216 synapses (capacity: 2775324, dtype: float32)...
[2026-07-22 09:13:37][INFO] SIM_BRIDGE: Initializing STDP state for 4028 neurons...
[2026-07-22 09:13:37][INFO] SIM_BRIDGE: Simulation data initialized for 4028 neurons (3D). Synapses: 1850216. GPU memory: 10.0GB/25.3GB (39.7%)
  [seed 43] ENCODE w_within=146.8 w_fwd=29.91 w_rev=25.04 (adj fwd=29.91 rev=25.04) asym=+4.87 (124s)
  [seed 43] GO Poisson r=0.015 pA=1500 dur=10: events=6 multi=5 full3=5 | FWD=0.800 REV=0.200 (full3 fwd=0.800 rev=0.200) tau=+0.600 chance=0.500 | duty=0.113 pop=0.0657 asm_active=[5, 5] frozen=True apic_latched=0 (155s)
  [seed 43] NO-NOISE (acid): events=0 multi=0 pop=0.00000 assembly_rest=0.0000 (173s)
[2026-07-22 09:16:27][INFO] SIM_BRIDGE: CuPy using GPU: NVIDIA GeForce RTX 3090 (23.5 GB), mempool limit: 80%
[2026-07-22 09:16:27][INFO] SIM_BRIDGE: Initializing simulation data for model: IZHIKEVICH (3D)... (playback_init: False)
[2026-07-22 09:16:27][INFO] SIM_BRIDGE: Brain-region framework: 16 regions, 4028 total neurons, 39 pathways.
[2026-07-22 09:16:27][INFO] SIM_BRIDGE: RNG initialized with seed: 43
[2026-07-22 09:16:27][INFO] SIM_BRIDGE: Initializing Izhikevich model specifics for 4028 neurons...
[2026-07-22 09:16:27][INFO] SIM_BRIDGE: Region 'language_input' (384 neurons): using Izh type IZH2007_RS_CORTICAL_PYRAMIDAL
[2026-07-22 09:16:27][INFO] SIM_BRIDGE: Region 'motor_N' (16 neurons): using Izh type IZH2007_RS_CORTICAL_PYRAMIDAL
[2026-07-22 09:16:27][INFO] SIM_BRIDGE: Region 'motor_E' (16 neurons): using Izh type IZH2007_RS_CORTICAL_PYRAMIDAL
[2026-07-22 09:16:27][INFO] SIM_BRIDGE: Region 'motor_S' (16 neurons): using Izh type IZH2007_RS_CORTICAL_PYRAMIDAL
[2026-07-22 09:16:27][INFO] SIM_BRIDGE: Region 'motor_W' (16 neurons): using Izh type IZH2007_RS_CORTICAL_PYRAMIDAL
[2026-07-22 09:16:27][INFO] SIM_BRIDGE: Region 'language_output' (384 neurons): using Izh type IZH2007_RS_CORTICAL_PYRAMIDAL
[2026-07-22 09:16:27][INFO] SIM_BRIDGE: Region 'ec' (200 neurons): using Izh type IZH2007_RS_CORTICAL_PYRAMIDAL
[2026-07-22 09:16:27][INFO] SIM_BRIDGE: Region 'dg' (300 neurons): using Izh type IZH2007_HIPPO_PYRAMIDAL
[2026-07-22 09:16:27][INFO] SIM_BRIDGE: Region 'dg_pv_basket' (60 neurons): using Izh type IZH2007_FS_CORTICAL_INTERNEURON
[2026-07-22 09:16:27][INFO] SIM_BRIDGE: Region 'ca3' (2000 neurons): using Izh type IZH2007_HIPPO_PYRAMIDAL
[2026-07-22 09:16:27][INFO] SIM_BRIDGE: Region 'ca1' (120 neurons): using Izh type IZH2007_HIPPO_PYRAMIDAL
[2026-07-22 09:16:27][INFO] SIM_BRIDGE: Region 'motor_FS_N' (4 neurons): using Izh type IZH2007_FS_CORTICAL_INTERNEURON
[2026-07-22 09:16:27][INFO] SIM_BRIDGE: Region 'motor_FS_E' (4 neurons): using Izh type IZH2007_FS_CORTICAL_INTERNEURON
[2026-07-22 09:16:27][INFO] SIM_BRIDGE: Region 'motor_FS_S' (4 neurons): using Izh type IZH2007_FS_CORTICAL_INTERNEURON
[2026-07-22 09:16:27][INFO] SIM_BRIDGE: Region 'motor_FS_W' (4 neurons): using Izh type IZH2007_FS_CORTICAL_INTERNEURON
[2026-07-22 09:16:27][INFO] SIM_BRIDGE: Region 'ca3_pv_basket' (500 neurons): using Izh type IZH2007_FS_CORTICAL_INTERNEURON
[2026-07-22 09:16:27][INFO] SIM_BRIDGE: Applying parameter heterogeneity to neuron parameters...
[2026-07-22 09:16:27][INFO] SIM_BRIDGE: Applied heterogeneity to 4 parameters.
[2026-07-22 09:16:27][INFO] SIM_BRIDGE: Generating 3D neuron positions for 4028 neurons...
[2026-07-22 09:16:27][INFO] SIM_BRIDGE: Generating connections (brain-region framework)...
[2026-07-22 09:16:29][INFO] SIM_BRIDGE: inject_explicit_wiring: installed 1850216 synapses across 47 populations.
[2026-07-22 09:16:30][INFO] SIM_BRIDGE: Initializing STP state for 1850216 synapses (capacity: 2775324)...
[2026-07-22 09:16:30][INFO] SIM_BRIDGE: Initializing eligibility traces for 1850216 synapses (capacity: 2775324, dtype: float32)...
[2026-07-22 09:16:30][INFO] SIM_BRIDGE: Initializing STDP state for 4028 neurons...
[2026-07-22 09:16:30][INFO] SIM_BRIDGE: Simulation data initialized for 4028 neurons (3D). Synapses: 1850216. GPU memory: 9.2GB/25.3GB (36.4%)
  [seed 43] NO-ENCODE: events=0 multi=0 FWD=0.000 REV=0.000 w_within=0.50 pop=0.0479 (193s)
[2026-07-22 09:16:48][INFO] SIM_BRIDGE: CuPy using GPU: NVIDIA GeForce RTX 3090 (23.5 GB), mempool limit: 80%
[2026-07-22 09:16:48][INFO] SIM_BRIDGE: Initializing simulation data for model: IZHIKEVICH (3D)... (playback_init: False)
[2026-07-22 09:16:48][INFO] SIM_BRIDGE: Brain-region framework: 16 regions, 4028 total neurons, 39 pathways.
[2026-07-22 09:16:48][INFO] SIM_BRIDGE: RNG initialized with seed: 43
[2026-07-22 09:16:48][INFO] SIM_BRIDGE: Initializing Izhikevich model specifics for 4028 neurons...
[2026-07-22 09:16:48][INFO] SIM_BRIDGE: Region 'language_input' (384 neurons): using Izh type IZH2007_RS_CORTICAL_PYRAMIDAL
[2026-07-22 09:16:48][INFO] SIM_BRIDGE: Region 'motor_N' (16 neurons): using Izh type IZH2007_RS_CORTICAL_PYRAMIDAL
[2026-07-22 09:16:48][INFO] SIM_BRIDGE: Region 'motor_E' (16 neurons): using Izh type IZH2007_RS_CORTICAL_PYRAMIDAL
[2026-07-22 09:16:48][INFO] SIM_BRIDGE: Region 'motor_S' (16 neurons): using Izh type IZH2007_RS_CORTICAL_PYRAMIDAL
[2026-07-22 09:16:48][INFO] SIM_BRIDGE: Region 'motor_W' (16 neurons): using Izh type IZH2007_RS_CORTICAL_PYRAMIDAL
[2026-07-22 09:16:48][INFO] SIM_BRIDGE: Region 'language_output' (384 neurons): using Izh type IZH2007_RS_CORTICAL_PYRAMIDAL
[2026-07-22 09:16:48][INFO] SIM_BRIDGE: Region 'ec' (200 neurons): using Izh type IZH2007_RS_CORTICAL_PYRAMIDAL
[2026-07-22 09:16:48][INFO] SIM_BRIDGE: Region 'dg' (300 neurons): using Izh type IZH2007_HIPPO_PYRAMIDAL
[2026-07-22 09:16:48][INFO] SIM_BRIDGE: Region 'dg_pv_basket' (60 neurons): using Izh type IZH2007_FS_CORTICAL_INTERNEURON
[2026-07-22 09:16:48][INFO] SIM_BRIDGE: Region 'ca3' (2000 neurons): using Izh type IZH2007_HIPPO_PYRAMIDAL
[2026-07-22 09:16:48][INFO] SIM_BRIDGE: Region 'ca1' (120 neurons): using Izh type IZH2007_HIPPO_PYRAMIDAL
[2026-07-22 09:16:48][INFO] SIM_BRIDGE: Region 'motor_FS_N' (4 neurons): using Izh type IZH2007_FS_CORTICAL_INTERNEURON
[2026-07-22 09:16:48][INFO] SIM_BRIDGE: Region 'motor_FS_E' (4 neurons): using Izh type IZH2007_FS_CORTICAL_INTERNEURON
[2026-07-22 09:16:48][INFO] SIM_BRIDGE: Region 'motor_FS_S' (4 neurons): using Izh type IZH2007_FS_CORTICAL_INTERNEURON
[2026-07-22 09:16:48][INFO] SIM_BRIDGE: Region 'motor_FS_W' (4 neurons): using Izh type IZH2007_FS_CORTICAL_INTERNEURON
[2026-07-22 09:16:48][INFO] SIM_BRIDGE: Region 'ca3_pv_basket' (500 neurons): using Izh type IZH2007_FS_CORTICAL_INTERNEURON
[2026-07-22 09:16:48][INFO] SIM_BRIDGE: Applying parameter heterogeneity to neuron parameters...
[2026-07-22 09:16:48][INFO] SIM_BRIDGE: Applied heterogeneity to 4 parameters.
[2026-07-22 09:16:48][INFO] SIM_BRIDGE: Generating 3D neuron positions for 4028 neurons...
[2026-07-22 09:16:48][INFO] SIM_BRIDGE: Generating connections (brain-region framework)...
[2026-07-22 09:16:49][INFO] SIM_BRIDGE: inject_explicit_wiring: installed 1850216 synapses across 47 populations.
[2026-07-22 09:16:49][INFO] SIM_BRIDGE: Initializing STP state for 1850216 synapses (capacity: 2775324)...
[2026-07-22 09:16:49][INFO] SIM_BRIDGE: Initializing eligibility traces for 1850216 synapses (capacity: 2775324, dtype: float32)...
[2026-07-22 09:16:49][INFO] SIM_BRIDGE: Initializing STDP state for 4028 neurons...
[2026-07-22 09:16:49][INFO] SIM_BRIDGE: Simulation data initialized for 4028 neurons (3D). Synapses: 1850216. GPU memory: 9.2GB/25.3GB (36.5%)
  [seed 43] SCRAMBLE-BETWEEN (5792 edges): events=5 multi=4 FWD=1.000 REV=0.000 tau=+1.000 (327s)
  [seed 43] => no  checks={'forward_ordered': False, 'discrete': True, 'acid_silent': True, 'frozen_ok': True, 'dendrite_reset_ok': True, 'scramble_collapses': False, 'noencode_retired': True, 'enough_multi': True, 'reverse_present': False} (327s)
[2026-07-22 09:19:02][INFO] SIM_BRIDGE: CuPy using GPU: NVIDIA GeForce RTX 3090 (23.5 GB), mempool limit: 80%
[2026-07-22 09:19:02][INFO] SIM_BRIDGE: Initializing simulation data for model: IZHIKEVICH (3D)... (playback_init: False)
[2026-07-22 09:19:02][INFO] SIM_BRIDGE: Brain-region framework: 16 regions, 4028 total neurons, 39 pathways.
[2026-07-22 09:19:02][INFO] SIM_BRIDGE: RNG initialized with seed: 44
[2026-07-22 09:19:02][INFO] SIM_BRIDGE: Initializing Izhikevich model specifics for 4028 neurons...
[2026-07-22 09:19:02][INFO] SIM_BRIDGE: Region 'language_input' (384 neurons): using Izh type IZH2007_RS_CORTICAL_PYRAMIDAL
[2026-07-22 09:19:02][INFO] SIM_BRIDGE: Region 'motor_N' (16 neurons): using Izh type IZH2007_RS_CORTICAL_PYRAMIDAL
[2026-07-22 09:19:02][INFO] SIM_BRIDGE: Region 'motor_E' (16 neurons): using Izh type IZH2007_RS_CORTICAL_PYRAMIDAL
[2026-07-22 09:19:02][INFO] SIM_BRIDGE: Region 'motor_S' (16 neurons): using Izh type IZH2007_RS_CORTICAL_PYRAMIDAL
[2026-07-22 09:19:02][INFO] SIM_BRIDGE: Region 'motor_W' (16 neurons): using Izh type IZH2007_RS_CORTICAL_PYRAMIDAL
[2026-07-22 09:19:02][INFO] SIM_BRIDGE: Region 'language_output' (384 neurons): using Izh type IZH2007_RS_CORTICAL_PYRAMIDAL
[2026-07-22 09:19:02][INFO] SIM_BRIDGE: Region 'ec' (200 neurons): using Izh type IZH2007_RS_CORTICAL_PYRAMIDAL
[2026-07-22 09:19:02][INFO] SIM_BRIDGE: Region 'dg' (300 neurons): using Izh type IZH2007_HIPPO_PYRAMIDAL
[2026-07-22 09:19:02][INFO] SIM_BRIDGE: Region 'dg_pv_basket' (60 neurons): using Izh type IZH2007_FS_CORTICAL_INTERNEURON
[2026-07-22 09:19:02][INFO] SIM_BRIDGE: Region 'ca3' (2000 neurons): using Izh type IZH2007_HIPPO_PYRAMIDAL
[2026-07-22 09:19:02][INFO] SIM_BRIDGE: Region 'ca1' (120 neurons): using Izh type IZH2007_HIPPO_PYRAMIDAL
[2026-07-22 09:19:02][INFO] SIM_BRIDGE: Region 'motor_FS_N' (4 neurons): using Izh type IZH2007_FS_CORTICAL_INTERNEURON
[2026-07-22 09:19:02][INFO] SIM_BRIDGE: Region 'motor_FS_E' (4 neurons): using Izh type IZH2007_FS_CORTICAL_INTERNEURON
[2026-07-22 09:19:02][INFO] SIM_BRIDGE: Region 'motor_FS_S' (4 neurons): using Izh type IZH2007_FS_CORTICAL_INTERNEURON
[2026-07-22 09:19:02][INFO] SIM_BRIDGE: Region 'motor_FS_W' (4 neurons): using Izh type IZH2007_FS_CORTICAL_INTERNEURON
[2026-07-22 09:19:02][INFO] SIM_BRIDGE: Region 'ca3_pv_basket' (500 neurons): using Izh type IZH2007_FS_CORTICAL_INTERNEURON
[2026-07-22 09:19:02][INFO] SIM_BRIDGE: Applying parameter heterogeneity to neuron parameters...
[2026-07-22 09:19:02][INFO] SIM_BRIDGE: Applied heterogeneity to 4 parameters.
[2026-07-22 09:19:02][INFO] SIM_BRIDGE: Generating 3D neuron positions for 4028 neurons...
[2026-07-22 09:19:02][INFO] SIM_BRIDGE: Generating connections (brain-region framework)...
[2026-07-22 09:19:04][INFO] SIM_BRIDGE: inject_explicit_wiring: installed 1852722 synapses across 47 populations.
[2026-07-22 09:19:04][INFO] SIM_BRIDGE: Initializing STP state for 1852722 synapses (capacity: 2779083)...
[2026-07-22 09:19:04][INFO] SIM_BRIDGE: Initializing eligibility traces for 1852722 synapses (capacity: 2779083, dtype: float32)...
[2026-07-22 09:19:04][INFO] SIM_BRIDGE: Initializing STDP state for 4028 neurons...
[2026-07-22 09:19:04][INFO] SIM_BRIDGE: Simulation data initialized for 4028 neurons (3D). Synapses: 1852722. GPU memory: 9.3GB/25.3GB (36.6%)
  [seed 44] ENCODE w_within=146.6 w_fwd=29.02 w_rev=21.87 (adj fwd=29.02 rev=21.87) asym=+7.16 (113s)
  [seed 44] GO Poisson r=0.015 pA=1500 dur=10: events=3 multi=2 full3=2 | FWD=1.000 REV=0.000 (full3 fwd=1.000 rev=0.000) tau=+1.000 chance=0.500 | duty=0.112 pop=0.0654 asm_active=[2, 2] frozen=True apic_latched=0 (135s)
  [seed 44] NO-NOISE (acid): events=0 multi=0 pop=0.00002 assembly_rest=0.0002 (136s)
[2026-07-22 09:21:18][INFO] SIM_BRIDGE: CuPy using GPU: NVIDIA GeForce RTX 3090 (23.5 GB), mempool limit: 80%
[2026-07-22 09:21:18][INFO] SIM_BRIDGE: Initializing simulation data for model: IZHIKEVICH (3D)... (playback_init: False)
[2026-07-22 09:21:18][INFO] SIM_BRIDGE: Brain-region framework: 16 regions, 4028 total neurons, 39 pathways.
[2026-07-22 09:21:18][INFO] SIM_BRIDGE: RNG initialized with seed: 44
[2026-07-22 09:21:18][INFO] SIM_BRIDGE: Initializing Izhikevich model specifics for 4028 neurons...
[2026-07-22 09:21:18][INFO] SIM_BRIDGE: Region 'language_input' (384 neurons): using Izh type IZH2007_RS_CORTICAL_PYRAMIDAL
[2026-07-22 09:21:18][INFO] SIM_BRIDGE: Region 'motor_N' (16 neurons): using Izh type IZH2007_RS_CORTICAL_PYRAMIDAL
[2026-07-22 09:21:18][INFO] SIM_BRIDGE: Region 'motor_E' (16 neurons): using Izh type IZH2007_RS_CORTICAL_PYRAMIDAL
[2026-07-22 09:21:18][INFO] SIM_BRIDGE: Region 'motor_S' (16 neurons): using Izh type IZH2007_RS_CORTICAL_PYRAMIDAL
[2026-07-22 09:21:18][INFO] SIM_BRIDGE: Region 'motor_W' (16 neurons): using Izh type IZH2007_RS_CORTICAL_PYRAMIDAL
[2026-07-22 09:21:18][INFO] SIM_BRIDGE: Region 'language_output' (384 neurons): using Izh type IZH2007_RS_CORTICAL_PYRAMIDAL
[2026-07-22 09:21:18][INFO] SIM_BRIDGE: Region 'ec' (200 neurons): using Izh type IZH2007_RS_CORTICAL_PYRAMIDAL
[2026-07-22 09:21:18][INFO] SIM_BRIDGE: Region 'dg' (300 neurons): using Izh type IZH2007_HIPPO_PYRAMIDAL
[2026-07-22 09:21:18][INFO] SIM_BRIDGE: Region 'dg_pv_basket' (60 neurons): using Izh type IZH2007_FS_CORTICAL_INTERNEURON
[2026-07-22 09:21:18][INFO] SIM_BRIDGE: Region 'ca3' (2000 neurons): using Izh type IZH2007_HIPPO_PYRAMIDAL
[2026-07-22 09:21:18][INFO] SIM_BRIDGE: Region 'ca1' (120 neurons): using Izh type IZH2007_HIPPO_PYRAMIDAL
[2026-07-22 09:21:18][INFO] SIM_BRIDGE: Region 'motor_FS_N' (4 neurons): using Izh type IZH2007_FS_CORTICAL_INTERNEURON
[2026-07-22 09:21:18][INFO] SIM_BRIDGE: Region 'motor_FS_E' (4 neurons): using Izh type IZH2007_FS_CORTICAL_INTERNEURON
[2026-07-22 09:21:18][INFO] SIM_BRIDGE: Region 'motor_FS_S' (4 neurons): using Izh type IZH2007_FS_CORTICAL_INTERNEURON
[2026-07-22 09:21:18][INFO] SIM_BRIDGE: Region 'motor_FS_W' (4 neurons): using Izh type IZH2007_FS_CORTICAL_INTERNEURON
[2026-07-22 09:21:18][INFO] SIM_BRIDGE: Region 'ca3_pv_basket' (500 neurons): using Izh type IZH2007_FS_CORTICAL_INTERNEURON
[2026-07-22 09:21:18][INFO] SIM_BRIDGE: Applying parameter heterogeneity to neuron parameters...
[2026-07-22 09:21:18][INFO] SIM_BRIDGE: Applied heterogeneity to 4 parameters.
[2026-07-22 09:21:18][INFO] SIM_BRIDGE: Generating 3D neuron positions for 4028 neurons...
[2026-07-22 09:21:18][INFO] SIM_BRIDGE: Generating connections (brain-region framework)...
[2026-07-22 09:21:20][INFO] SIM_BRIDGE: inject_explicit_wiring: installed 1852722 synapses across 47 populations.
[2026-07-22 09:21:20][INFO] SIM_BRIDGE: Initializing STP state for 1852722 synapses (capacity: 2779083)...
[2026-07-22 09:21:20][INFO] SIM_BRIDGE: Initializing eligibility traces for 1852722 synapses (capacity: 2779083, dtype: float32)...
[2026-07-22 09:21:20][INFO] SIM_BRIDGE: Initializing STDP state for 4028 neurons...
[2026-07-22 09:21:20][INFO] SIM_BRIDGE: Simulation data initialized for 4028 neurons (3D). Synapses: 1852722. GPU memory: 9.2GB/25.3GB (36.6%)
  [seed 44] NO-ENCODE: events=0 multi=0 FWD=0.000 REV=0.000 w_within=0.50 pop=0.0478 (166s)
[2026-07-22 09:21:48][INFO] SIM_BRIDGE: CuPy using GPU: NVIDIA GeForce RTX 3090 (23.5 GB), mempool limit: 80%
[2026-07-22 09:21:48][INFO] SIM_BRIDGE: Initializing simulation data for model: IZHIKEVICH (3D)... (playback_init: False)
[2026-07-22 09:21:48][INFO] SIM_BRIDGE: Brain-region framework: 16 regions, 4028 total neurons, 39 pathways.
[2026-07-22 09:21:48][INFO] SIM_BRIDGE: RNG initialized with seed: 44
[2026-07-22 09:21:48][INFO] SIM_BRIDGE: Initializing Izhikevich model specifics for 4028 neurons...
[2026-07-22 09:21:48][INFO] SIM_BRIDGE: Region 'language_input' (384 neurons): using Izh type IZH2007_RS_CORTICAL_PYRAMIDAL
[2026-07-22 09:21:48][INFO] SIM_BRIDGE: Region 'motor_N' (16 neurons): using Izh type IZH2007_RS_CORTICAL_PYRAMIDAL
[2026-07-22 09:21:48][INFO] SIM_BRIDGE: Region 'motor_E' (16 neurons): using Izh type IZH2007_RS_CORTICAL_PYRAMIDAL
[2026-07-22 09:21:48][INFO] SIM_BRIDGE: Region 'motor_S' (16 neurons): using Izh type IZH2007_RS_CORTICAL_PYRAMIDAL
[2026-07-22 09:21:48][INFO] SIM_BRIDGE: Region 'motor_W' (16 neurons): using Izh type IZH2007_RS_CORTICAL_PYRAMIDAL
[2026-07-22 09:21:48][INFO] SIM_BRIDGE: Region 'language_output' (384 neurons): using Izh type IZH2007_RS_CORTICAL_PYRAMIDAL
[2026-07-22 09:21:48][INFO] SIM_BRIDGE: Region 'ec' (200 neurons): using Izh type IZH2007_RS_CORTICAL_PYRAMIDAL
[2026-07-22 09:21:48][INFO] SIM_BRIDGE: Region 'dg' (300 neurons): using Izh type IZH2007_HIPPO_PYRAMIDAL
[2026-07-22 09:21:48][INFO] SIM_BRIDGE: Region 'dg_pv_basket' (60 neurons): using Izh type IZH2007_FS_CORTICAL_INTERNEURON
[2026-07-22 09:21:48][INFO] SIM_BRIDGE: Region 'ca3' (2000 neurons): using Izh type IZH2007_HIPPO_PYRAMIDAL
[2026-07-22 09:21:48][INFO] SIM_BRIDGE: Region 'ca1' (120 neurons): using Izh type IZH2007_HIPPO_PYRAMIDAL
[2026-07-22 09:21:48][INFO] SIM_BRIDGE: Region 'motor_FS_N' (4 neurons): using Izh type IZH2007_FS_CORTICAL_INTERNEURON
[2026-07-22 09:21:48][INFO] SIM_BRIDGE: Region 'motor_FS_E' (4 neurons): using Izh type IZH2007_FS_CORTICAL_INTERNEURON
[2026-07-22 09:21:48][INFO] SIM_BRIDGE: Region 'motor_FS_S' (4 neurons): using Izh type IZH2007_FS_CORTICAL_INTERNEURON
[2026-07-22 09:21:48][INFO] SIM_BRIDGE: Region 'motor_FS_W' (4 neurons): using Izh type IZH2007_FS_CORTICAL_INTERNEURON
[2026-07-22 09:21:48][INFO] SIM_BRIDGE: Region 'ca3_pv_basket' (500 neurons): using Izh type IZH2007_FS_CORTICAL_INTERNEURON
[2026-07-22 09:21:48][INFO] SIM_BRIDGE: Applying parameter heterogeneity to neuron parameters...
[2026-07-22 09:21:48][INFO] SIM_BRIDGE: Applied heterogeneity to 4 parameters.
[2026-07-22 09:21:48][INFO] SIM_BRIDGE: Generating 3D neuron positions for 4028 neurons...
[2026-07-22 09:21:48][INFO] SIM_BRIDGE: Generating connections (brain-region framework)...
[2026-07-22 09:21:50][INFO] SIM_BRIDGE: inject_explicit_wiring: installed 1852722 synapses across 47 populations.
[2026-07-22 09:21:50][INFO] SIM_BRIDGE: Initializing STP state for 1852722 synapses (capacity: 2779083)...
[2026-07-22 09:21:50][INFO] SIM_BRIDGE: Initializing eligibility traces for 1852722 synapses (capacity: 2779083, dtype: float32)...
[2026-07-22 09:21:50][INFO] SIM_BRIDGE: Initializing STDP state for 4028 neurons...
[2026-07-22 09:21:50][INFO] SIM_BRIDGE: Simulation data initialized for 4028 neurons (3D). Synapses: 1852722. GPU memory: 9.2GB/25.3GB (36.6%)
  [seed 44] SCRAMBLE-BETWEEN (5694 edges): events=13 multi=4 FWD=0.750 REV=0.250 tau=+0.500 (297s)
  [seed 44] => no  checks={'forward_ordered': False, 'discrete': True, 'acid_silent': True, 'frozen_ok': True, 'dendrite_reset_ok': True, 'scramble_collapses': True, 'noencode_retired': True, 'enough_multi': False, 'reverse_present': False} (297s)
[2026-07-22 09:23:59][INFO] SIM_BRIDGE: CuPy using GPU: NVIDIA GeForce RTX 3090 (23.5 GB), mempool limit: 80%
[2026-07-22 09:23:59][INFO] SIM_BRIDGE: Initializing simulation data for model: IZHIKEVICH (3D)... (playback_init: False)
[2026-07-22 09:23:59][INFO] SIM_BRIDGE: Brain-region framework: 16 regions, 4028 total neurons, 39 pathways.
[2026-07-22 09:23:59][INFO] SIM_BRIDGE: RNG initialized with seed: 100
[2026-07-22 09:23:59][INFO] SIM_BRIDGE: Initializing Izhikevich model specifics for 4028 neurons...
[2026-07-22 09:23:59][INFO] SIM_BRIDGE: Region 'language_input' (384 neurons): using Izh type IZH2007_RS_CORTICAL_PYRAMIDAL
[2026-07-22 09:23:59][INFO] SIM_BRIDGE: Region 'motor_N' (16 neurons): using Izh type IZH2007_RS_CORTICAL_PYRAMIDAL
[2026-07-22 09:23:59][INFO] SIM_BRIDGE: Region 'motor_E' (16 neurons): using Izh type IZH2007_RS_CORTICAL_PYRAMIDAL
[2026-07-22 09:23:59][INFO] SIM_BRIDGE: Region 'motor_S' (16 neurons): using Izh type IZH2007_RS_CORTICAL_PYRAMIDAL
[2026-07-22 09:23:59][INFO] SIM_BRIDGE: Region 'motor_W' (16 neurons): using Izh type IZH2007_RS_CORTICAL_PYRAMIDAL
[2026-07-22 09:23:59][INFO] SIM_BRIDGE: Region 'language_output' (384 neurons): using Izh type IZH2007_RS_CORTICAL_PYRAMIDAL
[2026-07-22 09:23:59][INFO] SIM_BRIDGE: Region 'ec' (200 neurons): using Izh type IZH2007_RS_CORTICAL_PYRAMIDAL
[2026-07-22 09:23:59][INFO] SIM_BRIDGE: Region 'dg' (300 neurons): using Izh type IZH2007_HIPPO_PYRAMIDAL
[2026-07-22 09:23:59][INFO] SIM_BRIDGE: Region 'dg_pv_basket' (60 neurons): using Izh type IZH2007_FS_CORTICAL_INTERNEURON
[2026-07-22 09:23:59][INFO] SIM_BRIDGE: Region 'ca3' (2000 neurons): using Izh type IZH2007_HIPPO_PYRAMIDAL
[2026-07-22 09:23:59][INFO] SIM_BRIDGE: Region 'ca1' (120 neurons): using Izh type IZH2007_HIPPO_PYRAMIDAL
[2026-07-22 09:23:59][INFO] SIM_BRIDGE: Region 'motor_FS_N' (4 neurons): using Izh type IZH2007_FS_CORTICAL_INTERNEURON
[2026-07-22 09:23:59][INFO] SIM_BRIDGE: Region 'motor_FS_E' (4 neurons): using Izh type IZH2007_FS_CORTICAL_INTERNEURON
[2026-07-22 09:23:59][INFO] SIM_BRIDGE: Region 'motor_FS_S' (4 neurons): using Izh type IZH2007_FS_CORTICAL_INTERNEURON
[2026-07-22 09:23:59][INFO] SIM_BRIDGE: Region 'motor_FS_W' (4 neurons): using Izh type IZH2007_FS_CORTICAL_INTERNEURON
[2026-07-22 09:23:59][INFO] SIM_BRIDGE: Region 'ca3_pv_basket' (500 neurons): using Izh type IZH2007_FS_CORTICAL_INTERNEURON
[2026-07-22 09:23:59][INFO] SIM_BRIDGE: Applying parameter heterogeneity to neuron parameters...
[2026-07-22 09:23:59][INFO] SIM_BRIDGE: Applied heterogeneity to 4 parameters.
[2026-07-22 09:23:59][INFO] SIM_BRIDGE: Generating 3D neuron positions for 4028 neurons...
[2026-07-22 09:23:59][INFO] SIM_BRIDGE: Generating connections (brain-region framework)...
[2026-07-22 09:24:01][INFO] SIM_BRIDGE: inject_explicit_wiring: installed 1850628 synapses across 47 populations.
[2026-07-22 09:24:01][INFO] SIM_BRIDGE: Initializing STP state for 1850628 synapses (capacity: 2775942)...
[2026-07-22 09:24:01][INFO] SIM_BRIDGE: Initializing eligibility traces for 1850628 synapses (capacity: 2775942, dtype: float32)...
[2026-07-22 09:24:01][INFO] SIM_BRIDGE: Initializing STDP state for 4028 neurons...
[2026-07-22 09:24:01][INFO] SIM_BRIDGE: Simulation data initialized for 4028 neurons (3D). Synapses: 1850628. GPU memory: 9.3GB/25.3GB (36.8%)
  [seed 100] ENCODE w_within=145.1 w_fwd=28.63 w_rev=24.22 (adj fwd=28.63 rev=24.22) asym=+4.41 (108s)
  [seed 100] GO Poisson r=0.015 pA=1500 dur=10: events=4 multi=3 full3=3 | FWD=0.667 REV=0.333 (full3 fwd=0.667 rev=0.333) tau=+0.333 chance=0.500 | duty=0.116 pop=0.0659 asm_active=[3, 3] frozen=True apic_latched=0 (134s)
  [seed 100] NO-NOISE (acid): events=0 multi=0 pop=0.00000 assembly_rest=0.0000 (152s)
[2026-07-22 09:26:31][INFO] SIM_BRIDGE: CuPy using GPU: NVIDIA GeForce RTX 3090 (23.5 GB), mempool limit: 80%
[2026-07-22 09:26:31][INFO] SIM_BRIDGE: Initializing simulation data for model: IZHIKEVICH (3D)... (playback_init: False)
[2026-07-22 09:26:31][INFO] SIM_BRIDGE: Brain-region framework: 16 regions, 4028 total neurons, 39 pathways.
[2026-07-22 09:26:31][INFO] SIM_BRIDGE: RNG initialized with seed: 100
[2026-07-22 09:26:31][INFO] SIM_BRIDGE: Initializing Izhikevich model specifics for 4028 neurons...
[2026-07-22 09:26:31][INFO] SIM_BRIDGE: Region 'language_input' (384 neurons): using Izh type IZH2007_RS_CORTICAL_PYRAMIDAL
[2026-07-22 09:26:31][INFO] SIM_BRIDGE: Region 'motor_N' (16 neurons): using Izh type IZH2007_RS_CORTICAL_PYRAMIDAL
[2026-07-22 09:26:31][INFO] SIM_BRIDGE: Region 'motor_E' (16 neurons): using Izh type IZH2007_RS_CORTICAL_PYRAMIDAL
[2026-07-22 09:26:31][INFO] SIM_BRIDGE: Region 'motor_S' (16 neurons): using Izh type IZH2007_RS_CORTICAL_PYRAMIDAL
[2026-07-22 09:26:31][INFO] SIM_BRIDGE: Region 'motor_W' (16 neurons): using Izh type IZH2007_RS_CORTICAL_PYRAMIDAL
[2026-07-22 09:26:31][INFO] SIM_BRIDGE: Region 'language_output' (384 neurons): using Izh type IZH2007_RS_CORTICAL_PYRAMIDAL
[2026-07-22 09:26:31][INFO] SIM_BRIDGE: Region 'ec' (200 neurons): using Izh type IZH2007_RS_CORTICAL_PYRAMIDAL
[2026-07-22 09:26:31][INFO] SIM_BRIDGE: Region 'dg' (300 neurons): using Izh type IZH2007_HIPPO_PYRAMIDAL
[2026-07-22 09:26:31][INFO] SIM_BRIDGE: Region 'dg_pv_basket' (60 neurons): using Izh type IZH2007_FS_CORTICAL_INTERNEURON
[2026-07-22 09:26:31][INFO] SIM_BRIDGE: Region 'ca3' (2000 neurons): using Izh type IZH2007_HIPPO_PYRAMIDAL
[2026-07-22 09:26:31][INFO] SIM_BRIDGE: Region 'ca1' (120 neurons): using Izh type IZH2007_HIPPO_PYRAMIDAL
[2026-07-22 09:26:31][INFO] SIM_BRIDGE: Region 'motor_FS_N' (4 neurons): using Izh type IZH2007_FS_CORTICAL_INTERNEURON
[2026-07-22 09:26:31][INFO] SIM_BRIDGE: Region 'motor_FS_E' (4 neurons): using Izh type IZH2007_FS_CORTICAL_INTERNEURON
[2026-07-22 09:26:31][INFO] SIM_BRIDGE: Region 'motor_FS_S' (4 neurons): using Izh type IZH2007_FS_CORTICAL_INTERNEURON
[2026-07-22 09:26:31][INFO] SIM_BRIDGE: Region 'motor_FS_W' (4 neurons): using Izh type IZH2007_FS_CORTICAL_INTERNEURON
[2026-07-22 09:26:31][INFO] SIM_BRIDGE: Region 'ca3_pv_basket' (500 neurons): using Izh type IZH2007_FS_CORTICAL_INTERNEURON
[2026-07-22 09:26:31][INFO] SIM_BRIDGE: Applying parameter heterogeneity to neuron parameters...
[2026-07-22 09:26:31][INFO] SIM_BRIDGE: Applied heterogeneity to 4 parameters.
[2026-07-22 09:26:31][INFO] SIM_BRIDGE: Generating 3D neuron positions for 4028 neurons...
[2026-07-22 09:26:31][INFO] SIM_BRIDGE: Generating connections (brain-region framework)...
[2026-07-22 09:26:33][INFO] SIM_BRIDGE: inject_explicit_wiring: installed 1850628 synapses across 47 populations.
[2026-07-22 09:26:33][INFO] SIM_BRIDGE: Initializing STP state for 1850628 synapses (capacity: 2775942)...
[2026-07-22 09:26:33][INFO] SIM_BRIDGE: Initializing eligibility traces for 1850628 synapses (capacity: 2775942, dtype: float32)...
[2026-07-22 09:26:33][INFO] SIM_BRIDGE: Initializing STDP state for 4028 neurons...
[2026-07-22 09:26:33][INFO] SIM_BRIDGE: Simulation data initialized for 4028 neurons (3D). Synapses: 1850628. GPU memory: 9.3GB/25.3GB (36.8%)
  [seed 100] NO-ENCODE: events=0 multi=0 FWD=0.000 REV=0.000 w_within=0.50 pop=0.0483 (184s)
[2026-07-22 09:27:03][INFO] SIM_BRIDGE: CuPy using GPU: NVIDIA GeForce RTX 3090 (23.5 GB), mempool limit: 80%
[2026-07-22 09:27:03][INFO] SIM_BRIDGE: Initializing simulation data for model: IZHIKEVICH (3D)... (playback_init: False)
[2026-07-22 09:27:03][INFO] SIM_BRIDGE: Brain-region framework: 16 regions, 4028 total neurons, 39 pathways.
[2026-07-22 09:27:03][INFO] SIM_BRIDGE: RNG initialized with seed: 100
[2026-07-22 09:27:03][INFO] SIM_BRIDGE: Initializing Izhikevich model specifics for 4028 neurons...
[2026-07-22 09:27:03][INFO] SIM_BRIDGE: Region 'language_input' (384 neurons): using Izh type IZH2007_RS_CORTICAL_PYRAMIDAL
[2026-07-22 09:27:03][INFO] SIM_BRIDGE: Region 'motor_N' (16 neurons): using Izh type IZH2007_RS_CORTICAL_PYRAMIDAL
[2026-07-22 09:27:03][INFO] SIM_BRIDGE: Region 'motor_E' (16 neurons): using Izh type IZH2007_RS_CORTICAL_PYRAMIDAL
[2026-07-22 09:27:03][INFO] SIM_BRIDGE: Region 'motor_S' (16 neurons): using Izh type IZH2007_RS_CORTICAL_PYRAMIDAL
[2026-07-22 09:27:03][INFO] SIM_BRIDGE: Region 'motor_W' (16 neurons): using Izh type IZH2007_RS_CORTICAL_PYRAMIDAL
[2026-07-22 09:27:03][INFO] SIM_BRIDGE: Region 'language_output' (384 neurons): using Izh type IZH2007_RS_CORTICAL_PYRAMIDAL
[2026-07-22 09:27:03][INFO] SIM_BRIDGE: Region 'ec' (200 neurons): using Izh type IZH2007_RS_CORTICAL_PYRAMIDAL
[2026-07-22 09:27:03][INFO] SIM_BRIDGE: Region 'dg' (300 neurons): using Izh type IZH2007_HIPPO_PYRAMIDAL
[2026-07-22 09:27:03][INFO] SIM_BRIDGE: Region 'dg_pv_basket' (60 neurons): using Izh type IZH2007_FS_CORTICAL_INTERNEURON
[2026-07-22 09:27:03][INFO] SIM_BRIDGE: Region 'ca3' (2000 neurons): using Izh type IZH2007_HIPPO_PYRAMIDAL
[2026-07-22 09:27:03][INFO] SIM_BRIDGE: Region 'ca1' (120 neurons): using Izh type IZH2007_HIPPO_PYRAMIDAL
[2026-07-22 09:27:03][INFO] SIM_BRIDGE: Region 'motor_FS_N' (4 neurons): using Izh type IZH2007_FS_CORTICAL_INTERNEURON
[2026-07-22 09:27:03][INFO] SIM_BRIDGE: Region 'motor_FS_E' (4 neurons): using Izh type IZH2007_FS_CORTICAL_INTERNEURON
[2026-07-22 09:27:03][INFO] SIM_BRIDGE: Region 'motor_FS_S' (4 neurons): using Izh type IZH2007_FS_CORTICAL_INTERNEURON
[2026-07-22 09:27:03][INFO] SIM_BRIDGE: Region 'motor_FS_W' (4 neurons): using Izh type IZH2007_FS_CORTICAL_INTERNEURON
[2026-07-22 09:27:03][INFO] SIM_BRIDGE: Region 'ca3_pv_basket' (500 neurons): using Izh type IZH2007_FS_CORTICAL_INTERNEURON
[2026-07-22 09:27:03][INFO] SIM_BRIDGE: Applying parameter heterogeneity to neuron parameters...
[2026-07-22 09:27:03][INFO] SIM_BRIDGE: Applied heterogeneity to 4 parameters.
[2026-07-22 09:27:03][INFO] SIM_BRIDGE: Generating 3D neuron positions for 4028 neurons...
[2026-07-22 09:27:03][INFO] SIM_BRIDGE: Generating connections (brain-region framework)...
[2026-07-22 09:27:06][INFO] SIM_BRIDGE: inject_explicit_wiring: installed 1850628 synapses across 47 populations.
[2026-07-22 09:27:06][INFO] SIM_BRIDGE: Initializing STP state for 1850628 synapses (capacity: 2775942)...
[2026-07-22 09:27:06][INFO] SIM_BRIDGE: Initializing eligibility traces for 1850628 synapses (capacity: 2775942, dtype: float32)...
[2026-07-22 09:27:06][INFO] SIM_BRIDGE: Initializing STDP state for 4028 neurons...
[2026-07-22 09:27:06][INFO] SIM_BRIDGE: Simulation data initialized for 4028 neurons (3D). Synapses: 1850628. GPU memory: 9.3GB/25.3GB (36.8%)
  [seed 100] SCRAMBLE-BETWEEN (5664 edges): events=10 multi=4 FWD=0.750 REV=0.250 tau=+0.500 (317s)
  [seed 100] => no  checks={'forward_ordered': False, 'discrete': True, 'acid_silent': True, 'frozen_ok': True, 'dendrite_reset_ok': True, 'scramble_collapses': True, 'noencode_retired': True, 'enough_multi': False, 'reverse_present': False} (317s)
[2026-07-22 09:29:16][INFO] SIM_BRIDGE: CuPy using GPU: NVIDIA GeForce RTX 3090 (23.5 GB), mempool limit: 80%
[2026-07-22 09:29:16][INFO] SIM_BRIDGE: Initializing simulation data for model: IZHIKEVICH (3D)... (playback_init: False)
[2026-07-22 09:29:16][INFO] SIM_BRIDGE: Brain-region framework: 16 regions, 4028 total neurons, 39 pathways.
[2026-07-22 09:29:16][INFO] SIM_BRIDGE: RNG initialized with seed: 101
[2026-07-22 09:29:16][INFO] SIM_BRIDGE: Initializing Izhikevich model specifics for 4028 neurons...
[2026-07-22 09:29:16][INFO] SIM_BRIDGE: Region 'language_input' (384 neurons): using Izh type IZH2007_RS_CORTICAL_PYRAMIDAL
[2026-07-22 09:29:16][INFO] SIM_BRIDGE: Region 'motor_N' (16 neurons): using Izh type IZH2007_RS_CORTICAL_PYRAMIDAL
[2026-07-22 09:29:16][INFO] SIM_BRIDGE: Region 'motor_E' (16 neurons): using Izh type IZH2007_RS_CORTICAL_PYRAMIDAL
[2026-07-22 09:29:16][INFO] SIM_BRIDGE: Region 'motor_S' (16 neurons): using Izh type IZH2007_RS_CORTICAL_PYRAMIDAL
[2026-07-22 09:29:16][INFO] SIM_BRIDGE: Region 'motor_W' (16 neurons): using Izh type IZH2007_RS_CORTICAL_PYRAMIDAL
[2026-07-22 09:29:16][INFO] SIM_BRIDGE: Region 'language_output' (384 neurons): using Izh type IZH2007_RS_CORTICAL_PYRAMIDAL
[2026-07-22 09:29:16][INFO] SIM_BRIDGE: Region 'ec' (200 neurons): using Izh type IZH2007_RS_CORTICAL_PYRAMIDAL
[2026-07-22 09:29:16][INFO] SIM_BRIDGE: Region 'dg' (300 neurons): using Izh type IZH2007_HIPPO_PYRAMIDAL
[2026-07-22 09:29:16][INFO] SIM_BRIDGE: Region 'dg_pv_basket' (60 neurons): using Izh type IZH2007_FS_CORTICAL_INTERNEURON
[2026-07-22 09:29:16][INFO] SIM_BRIDGE: Region 'ca3' (2000 neurons): using Izh type IZH2007_HIPPO_PYRAMIDAL
[2026-07-22 09:29:16][INFO] SIM_BRIDGE: Region 'ca1' (120 neurons): using Izh type IZH2007_HIPPO_PYRAMIDAL
[2026-07-22 09:29:16][INFO] SIM_BRIDGE: Region 'motor_FS_N' (4 neurons): using Izh type IZH2007_FS_CORTICAL_INTERNEURON
[2026-07-22 09:29:16][INFO] SIM_BRIDGE: Region 'motor_FS_E' (4 neurons): using Izh type IZH2007_FS_CORTICAL_INTERNEURON
[2026-07-22 09:29:16][INFO] SIM_BRIDGE: Region 'motor_FS_S' (4 neurons): using Izh type IZH2007_FS_CORTICAL_INTERNEURON
[2026-07-22 09:29:16][INFO] SIM_BRIDGE: Region 'motor_FS_W' (4 neurons): using Izh type IZH2007_FS_CORTICAL_INTERNEURON
[2026-07-22 09:29:16][INFO] SIM_BRIDGE: Region 'ca3_pv_basket' (500 neurons): using Izh type IZH2007_FS_CORTICAL_INTERNEURON
[2026-07-22 09:29:16][INFO] SIM_BRIDGE: Applying parameter heterogeneity to neuron parameters...
[2026-07-22 09:29:16][INFO] SIM_BRIDGE: Applied heterogeneity to 4 parameters.
[2026-07-22 09:29:16][INFO] SIM_BRIDGE: Generating 3D neuron positions for 4028 neurons...
[2026-07-22 09:29:16][INFO] SIM_BRIDGE: Generating connections (brain-region framework)...
[2026-07-22 09:29:18][INFO] SIM_BRIDGE: inject_explicit_wiring: installed 1852696 synapses across 47 populations.
[2026-07-22 09:29:18][INFO] SIM_BRIDGE: Initializing STP state for 1852696 synapses (capacity: 2779044)...
[2026-07-22 09:29:18][INFO] SIM_BRIDGE: Initializing eligibility traces for 1852696 synapses (capacity: 2779044, dtype: float32)...
[2026-07-22 09:29:18][INFO] SIM_BRIDGE: Initializing STDP state for 4028 neurons...
[2026-07-22 09:29:18][INFO] SIM_BRIDGE: Simulation data initialized for 4028 neurons (3D). Synapses: 1852696. GPU memory: 9.3GB/25.3GB (36.8%)
  [seed 101] ENCODE w_within=145.1 w_fwd=26.54 w_rev=22.51 (adj fwd=26.54 rev=22.51) asym=+4.03 (104s)
  [seed 101] GO Poisson r=0.015 pA=1500 dur=10: events=8 multi=5 full3=5 | FWD=0.800 REV=0.200 (full3 fwd=0.800 rev=0.200) tau=+0.600 chance=0.500 | duty=0.095 pop=0.0661 asm_active=[5, 5] frozen=True apic_latched=0 (134s)
  [seed 101] NO-NOISE (acid): events=0 multi=0 pop=0.00000 assembly_rest=0.0000 (144s)
[2026-07-22 09:31:40][INFO] SIM_BRIDGE: CuPy using GPU: NVIDIA GeForce RTX 3090 (23.5 GB), mempool limit: 80%
[2026-07-22 09:31:40][INFO] SIM_BRIDGE: Initializing simulation data for model: IZHIKEVICH (3D)... (playback_init: False)
[2026-07-22 09:31:40][INFO] SIM_BRIDGE: Brain-region framework: 16 regions, 4028 total neurons, 39 pathways.
[2026-07-22 09:31:40][INFO] SIM_BRIDGE: RNG initialized with seed: 101
[2026-07-22 09:31:40][INFO] SIM_BRIDGE: Initializing Izhikevich model specifics for 4028 neurons...
[2026-07-22 09:31:40][INFO] SIM_BRIDGE: Region 'language_input' (384 neurons): using Izh type IZH2007_RS_CORTICAL_PYRAMIDAL
[2026-07-22 09:31:40][INFO] SIM_BRIDGE: Region 'motor_N' (16 neurons): using Izh type IZH2007_RS_CORTICAL_PYRAMIDAL
[2026-07-22 09:31:40][INFO] SIM_BRIDGE: Region 'motor_E' (16 neurons): using Izh type IZH2007_RS_CORTICAL_PYRAMIDAL
[2026-07-22 09:31:40][INFO] SIM_BRIDGE: Region 'motor_S' (16 neurons): using Izh type IZH2007_RS_CORTICAL_PYRAMIDAL
[2026-07-22 09:31:40][INFO] SIM_BRIDGE: Region 'motor_W' (16 neurons): using Izh type IZH2007_RS_CORTICAL_PYRAMIDAL
[2026-07-22 09:31:40][INFO] SIM_BRIDGE: Region 'language_output' (384 neurons): using Izh type IZH2007_RS_CORTICAL_PYRAMIDAL
[2026-07-22 09:31:40][INFO] SIM_BRIDGE: Region 'ec' (200 neurons): using Izh type IZH2007_RS_CORTICAL_PYRAMIDAL
[2026-07-22 09:31:40][INFO] SIM_BRIDGE: Region 'dg' (300 neurons): using Izh type IZH2007_HIPPO_PYRAMIDAL
[2026-07-22 09:31:40][INFO] SIM_BRIDGE: Region 'dg_pv_basket' (60 neurons): using Izh type IZH2007_FS_CORTICAL_INTERNEURON
[2026-07-22 09:31:40][INFO] SIM_BRIDGE: Region 'ca3' (2000 neurons): using Izh type IZH2007_HIPPO_PYRAMIDAL
[2026-07-22 09:31:40][INFO] SIM_BRIDGE: Region 'ca1' (120 neurons): using Izh type IZH2007_HIPPO_PYRAMIDAL
[2026-07-22 09:31:40][INFO] SIM_BRIDGE: Region 'motor_FS_N' (4 neurons): using Izh type IZH2007_FS_CORTICAL_INTERNEURON
[2026-07-22 09:31:40][INFO] SIM_BRIDGE: Region 'motor_FS_E' (4 neurons): using Izh type IZH2007_FS_CORTICAL_INTERNEURON
[2026-07-22 09:31:40][INFO] SIM_BRIDGE: Region 'motor_FS_S' (4 neurons): using Izh type IZH2007_FS_CORTICAL_INTERNEURON
[2026-07-22 09:31:40][INFO] SIM_BRIDGE: Region 'motor_FS_W' (4 neurons): using Izh type IZH2007_FS_CORTICAL_INTERNEURON
[2026-07-22 09:31:40][INFO] SIM_BRIDGE: Region 'ca3_pv_basket' (500 neurons): using Izh type IZH2007_FS_CORTICAL_INTERNEURON
[2026-07-22 09:31:40][INFO] SIM_BRIDGE: Applying parameter heterogeneity to neuron parameters...
[2026-07-22 09:31:40][INFO] SIM_BRIDGE: Applied heterogeneity to 4 parameters.
[2026-07-22 09:31:40][INFO] SIM_BRIDGE: Generating 3D neuron positions for 4028 neurons...
[2026-07-22 09:31:40][INFO] SIM_BRIDGE: Generating connections (brain-region framework)...
[2026-07-22 09:31:42][INFO] SIM_BRIDGE: inject_explicit_wiring: installed 1852696 synapses across 47 populations.
[2026-07-22 09:31:42][INFO] SIM_BRIDGE: Initializing STP state for 1852696 synapses (capacity: 2779044)...
[2026-07-22 09:31:42][INFO] SIM_BRIDGE: Initializing eligibility traces for 1852696 synapses (capacity: 2779044, dtype: float32)...
[2026-07-22 09:31:42][INFO] SIM_BRIDGE: Initializing STDP state for 4028 neurons...
[2026-07-22 09:31:42][INFO] SIM_BRIDGE: Simulation data initialized for 4028 neurons (3D). Synapses: 1852696. GPU memory: 9.4GB/25.3GB (37.1%)
  [seed 101] NO-ENCODE: events=0 multi=0 FWD=0.000 REV=0.000 w_within=0.50 pop=0.0486 (176s)
[2026-07-22 09:32:12][INFO] SIM_BRIDGE: CuPy using GPU: NVIDIA GeForce RTX 3090 (23.5 GB), mempool limit: 80%
[2026-07-22 09:32:12][INFO] SIM_BRIDGE: Initializing simulation data for model: IZHIKEVICH (3D)... (playback_init: False)
[2026-07-22 09:32:12][INFO] SIM_BRIDGE: Brain-region framework: 16 regions, 4028 total neurons, 39 pathways.
[2026-07-22 09:32:12][INFO] SIM_BRIDGE: RNG initialized with seed: 101
[2026-07-22 09:32:12][INFO] SIM_BRIDGE: Initializing Izhikevich model specifics for 4028 neurons...
[2026-07-22 09:32:12][INFO] SIM_BRIDGE: Region 'language_input' (384 neurons): using Izh type IZH2007_RS_CORTICAL_PYRAMIDAL
[2026-07-22 09:32:12][INFO] SIM_BRIDGE: Region 'motor_N' (16 neurons): using Izh type IZH2007_RS_CORTICAL_PYRAMIDAL
[2026-07-22 09:32:12][INFO] SIM_BRIDGE: Region 'motor_E' (16 neurons): using Izh type IZH2007_RS_CORTICAL_PYRAMIDAL
[2026-07-22 09:32:12][INFO] SIM_BRIDGE: Region 'motor_S' (16 neurons): using Izh type IZH2007_RS_CORTICAL_PYRAMIDAL
[2026-07-22 09:32:12][INFO] SIM_BRIDGE: Region 'motor_W' (16 neurons): using Izh type IZH2007_RS_CORTICAL_PYRAMIDAL
[2026-07-22 09:32:12][INFO] SIM_BRIDGE: Region 'language_output' (384 neurons): using Izh type IZH2007_RS_CORTICAL_PYRAMIDAL
[2026-07-22 09:32:12][INFO] SIM_BRIDGE: Region 'ec' (200 neurons): using Izh type IZH2007_RS_CORTICAL_PYRAMIDAL
[2026-07-22 09:32:12][INFO] SIM_BRIDGE: Region 'dg' (300 neurons): using Izh type IZH2007_HIPPO_PYRAMIDAL
[2026-07-22 09:32:12][INFO] SIM_BRIDGE: Region 'dg_pv_basket' (60 neurons): using Izh type IZH2007_FS_CORTICAL_INTERNEURON
[2026-07-22 09:32:12][INFO] SIM_BRIDGE: Region 'ca3' (2000 neurons): using Izh type IZH2007_HIPPO_PYRAMIDAL
[2026-07-22 09:32:12][INFO] SIM_BRIDGE: Region 'ca1' (120 neurons): using Izh type IZH2007_HIPPO_PYRAMIDAL
[2026-07-22 09:32:12][INFO] SIM_BRIDGE: Region 'motor_FS_N' (4 neurons): using Izh type IZH2007_FS_CORTICAL_INTERNEURON
[2026-07-22 09:32:12][INFO] SIM_BRIDGE: Region 'motor_FS_E' (4 neurons): using Izh type IZH2007_FS_CORTICAL_INTERNEURON
[2026-07-22 09:32:12][INFO] SIM_BRIDGE: Region 'motor_FS_S' (4 neurons): using Izh type IZH2007_FS_CORTICAL_INTERNEURON
[2026-07-22 09:32:12][INFO] SIM_BRIDGE: Region 'motor_FS_W' (4 neurons): using Izh type IZH2007_FS_CORTICAL_INTERNEURON
[2026-07-22 09:32:12][INFO] SIM_BRIDGE: Region 'ca3_pv_basket' (500 neurons): using Izh type IZH2007_FS_CORTICAL_INTERNEURON
[2026-07-22 09:32:12][INFO] SIM_BRIDGE: Applying parameter heterogeneity to neuron parameters...
[2026-07-22 09:32:12][INFO] SIM_BRIDGE: Applied heterogeneity to 4 parameters.
[2026-07-22 09:32:12][INFO] SIM_BRIDGE: Generating 3D neuron positions for 4028 neurons...
[2026-07-22 09:32:12][INFO] SIM_BRIDGE: Generating connections (brain-region framework)...
[2026-07-22 09:32:14][INFO] SIM_BRIDGE: inject_explicit_wiring: installed 1852696 synapses across 47 populations.
[2026-07-22 09:32:14][INFO] SIM_BRIDGE: Initializing STP state for 1852696 synapses (capacity: 2779044)...
[2026-07-22 09:32:14][INFO] SIM_BRIDGE: Initializing eligibility traces for 1852696 synapses (capacity: 2779044, dtype: float32)...
[2026-07-22 09:32:14][INFO] SIM_BRIDGE: Initializing STDP state for 4028 neurons...
[2026-07-22 09:32:14][INFO] SIM_BRIDGE: Simulation data initialized for 4028 neurons (3D). Synapses: 1852696. GPU memory: 9.4GB/25.3GB (37.1%)
  [seed 101] SCRAMBLE-BETWEEN (5905 edges): events=5 multi=4 FWD=1.000 REV=0.000 tau=+1.000 (308s)
  [seed 101] => no  checks={'forward_ordered': False, 'discrete': True, 'acid_silent': True, 'frozen_ok': True, 'dendrite_reset_ok': True, 'scramble_collapses': False, 'noencode_retired': True, 'enough_multi': True, 'reverse_present': False} (308s)
[2026-07-22 09:34:24][INFO] SIM_BRIDGE: CuPy using GPU: NVIDIA GeForce RTX 3090 (23.5 GB), mempool limit: 80%
[2026-07-22 09:34:24][INFO] SIM_BRIDGE: Initializing simulation data for model: IZHIKEVICH (3D)... (playback_init: False)
[2026-07-22 09:34:24][INFO] SIM_BRIDGE: Brain-region framework: 16 regions, 4028 total neurons, 39 pathways.
[2026-07-22 09:34:24][INFO] SIM_BRIDGE: RNG initialized with seed: 102
[2026-07-22 09:34:24][INFO] SIM_BRIDGE: Initializing Izhikevich model specifics for 4028 neurons...
[2026-07-22 09:34:24][INFO] SIM_BRIDGE: Region 'language_input' (384 neurons): using Izh type IZH2007_RS_CORTICAL_PYRAMIDAL
[2026-07-22 09:34:24][INFO] SIM_BRIDGE: Region 'motor_N' (16 neurons): using Izh type IZH2007_RS_CORTICAL_PYRAMIDAL
[2026-07-22 09:34:24][INFO] SIM_BRIDGE: Region 'motor_E' (16 neurons): using Izh type IZH2007_RS_CORTICAL_PYRAMIDAL
[2026-07-22 09:34:24][INFO] SIM_BRIDGE: Region 'motor_S' (16 neurons): using Izh type IZH2007_RS_CORTICAL_PYRAMIDAL
[2026-07-22 09:34:24][INFO] SIM_BRIDGE: Region 'motor_W' (16 neurons): using Izh type IZH2007_RS_CORTICAL_PYRAMIDAL
[2026-07-22 09:34:24][INFO] SIM_BRIDGE: Region 'language_output' (384 neurons): using Izh type IZH2007_RS_CORTICAL_PYRAMIDAL
[2026-07-22 09:34:24][INFO] SIM_BRIDGE: Region 'ec' (200 neurons): using Izh type IZH2007_RS_CORTICAL_PYRAMIDAL
[2026-07-22 09:34:24][INFO] SIM_BRIDGE: Region 'dg' (300 neurons): using Izh type IZH2007_HIPPO_PYRAMIDAL
[2026-07-22 09:34:24][INFO] SIM_BRIDGE: Region 'dg_pv_basket' (60 neurons): using Izh type IZH2007_FS_CORTICAL_INTERNEURON
[2026-07-22 09:34:24][INFO] SIM_BRIDGE: Region 'ca3' (2000 neurons): using Izh type IZH2007_HIPPO_PYRAMIDAL
[2026-07-22 09:34:24][INFO] SIM_BRIDGE: Region 'ca1' (120 neurons): using Izh type IZH2007_HIPPO_PYRAMIDAL
[2026-07-22 09:34:24][INFO] SIM_BRIDGE: Region 'motor_FS_N' (4 neurons): using Izh type IZH2007_FS_CORTICAL_INTERNEURON
[2026-07-22 09:34:24][INFO] SIM_BRIDGE: Region 'motor_FS_E' (4 neurons): using Izh type IZH2007_FS_CORTICAL_INTERNEURON
[2026-07-22 09:34:24][INFO] SIM_BRIDGE: Region 'motor_FS_S' (4 neurons): using Izh type IZH2007_FS_CORTICAL_INTERNEURON
[2026-07-22 09:34:24][INFO] SIM_BRIDGE: Region 'motor_FS_W' (4 neurons): using Izh type IZH2007_FS_CORTICAL_INTERNEURON
[2026-07-22 09:34:24][INFO] SIM_BRIDGE: Region 'ca3_pv_basket' (500 neurons): using Izh type IZH2007_FS_CORTICAL_INTERNEURON
[2026-07-22 09:34:25][INFO] SIM_BRIDGE: Applying parameter heterogeneity to neuron parameters...
[2026-07-22 09:34:25][INFO] SIM_BRIDGE: Applied heterogeneity to 4 parameters.
[2026-07-22 09:34:25][INFO] SIM_BRIDGE: Generating 3D neuron positions for 4028 neurons...
[2026-07-22 09:34:25][INFO] SIM_BRIDGE: Generating connections (brain-region framework)...
[2026-07-22 09:34:27][INFO] SIM_BRIDGE: inject_explicit_wiring: installed 1851158 synapses across 47 populations.
[2026-07-22 09:34:27][INFO] SIM_BRIDGE: Initializing STP state for 1851158 synapses (capacity: 2776737)...
[2026-07-22 09:34:27][INFO] SIM_BRIDGE: Initializing eligibility traces for 1851158 synapses (capacity: 2776737, dtype: float32)...
[2026-07-22 09:34:27][INFO] SIM_BRIDGE: Initializing STDP state for 4028 neurons...
[2026-07-22 09:34:27][INFO] SIM_BRIDGE: Simulation data initialized for 4028 neurons (3D). Synapses: 1851158. GPU memory: 9.8GB/25.3GB (38.9%)
  [seed 102] ENCODE w_within=144.7 w_fwd=29.80 w_rev=23.18 (adj fwd=29.80 rev=23.18) asym=+6.62 (104s)
  [seed 102] GO Poisson r=0.015 pA=1500 dur=10: events=3 multi=3 full3=3 | FWD=1.000 REV=0.000 (full3 fwd=1.000 rev=0.000) tau=+1.000 chance=0.500 | duty=0.126 pop=0.0659 asm_active=[3, 3] frozen=True apic_latched=0 (134s)
  [seed 102] NO-NOISE (acid): events=0 multi=0 pop=0.00004 assembly_rest=0.0003 (145s)
[2026-07-22 09:36:50][INFO] SIM_BRIDGE: CuPy using GPU: NVIDIA GeForce RTX 3090 (23.5 GB), mempool limit: 80%
[2026-07-22 09:36:50][INFO] SIM_BRIDGE: Initializing simulation data for model: IZHIKEVICH (3D)... (playback_init: False)
[2026-07-22 09:36:50][INFO] SIM_BRIDGE: Brain-region framework: 16 regions, 4028 total neurons, 39 pathways.
[2026-07-22 09:36:50][INFO] SIM_BRIDGE: RNG initialized with seed: 102
[2026-07-22 09:36:50][INFO] SIM_BRIDGE: Initializing Izhikevich model specifics for 4028 neurons...
[2026-07-22 09:36:50][INFO] SIM_BRIDGE: Region 'language_input' (384 neurons): using Izh type IZH2007_RS_CORTICAL_PYRAMIDAL
[2026-07-22 09:36:50][INFO] SIM_BRIDGE: Region 'motor_N' (16 neurons): using Izh type IZH2007_RS_CORTICAL_PYRAMIDAL
[2026-07-22 09:36:50][INFO] SIM_BRIDGE: Region 'motor_E' (16 neurons): using Izh type IZH2007_RS_CORTICAL_PYRAMIDAL
[2026-07-22 09:36:50][INFO] SIM_BRIDGE: Region 'motor_S' (16 neurons): using Izh type IZH2007_RS_CORTICAL_PYRAMIDAL
[2026-07-22 09:36:50][INFO] SIM_BRIDGE: Region 'motor_W' (16 neurons): using Izh type IZH2007_RS_CORTICAL_PYRAMIDAL
[2026-07-22 09:36:50][INFO] SIM_BRIDGE: Region 'language_output' (384 neurons): using Izh type IZH2007_RS_CORTICAL_PYRAMIDAL
[2026-07-22 09:36:50][INFO] SIM_BRIDGE: Region 'ec' (200 neurons): using Izh type IZH2007_RS_CORTICAL_PYRAMIDAL
[2026-07-22 09:36:50][INFO] SIM_BRIDGE: Region 'dg' (300 neurons): using Izh type IZH2007_HIPPO_PYRAMIDAL
[2026-07-22 09:36:50][INFO] SIM_BRIDGE: Region 'dg_pv_basket' (60 neurons): using Izh type IZH2007_FS_CORTICAL_INTERNEURON
[2026-07-22 09:36:50][INFO] SIM_BRIDGE: Region 'ca3' (2000 neurons): using Izh type IZH2007_HIPPO_PYRAMIDAL
[2026-07-22 09:36:50][INFO] SIM_BRIDGE: Region 'ca1' (120 neurons): using Izh type IZH2007_HIPPO_PYRAMIDAL
[2026-07-22 09:36:50][INFO] SIM_BRIDGE: Region 'motor_FS_N' (4 neurons): using Izh type IZH2007_FS_CORTICAL_INTERNEURON
[2026-07-22 09:36:50][INFO] SIM_BRIDGE: Region 'motor_FS_E' (4 neurons): using Izh type IZH2007_FS_CORTICAL_INTERNEURON
[2026-07-22 09:36:50][INFO] SIM_BRIDGE: Region 'motor_FS_S' (4 neurons): using Izh type IZH2007_FS_CORTICAL_INTERNEURON
[2026-07-22 09:36:50][INFO] SIM_BRIDGE: Region 'motor_FS_W' (4 neurons): using Izh type IZH2007_FS_CORTICAL_INTERNEURON
[2026-07-22 09:36:50][INFO] SIM_BRIDGE: Region 'ca3_pv_basket' (500 neurons): using Izh type IZH2007_FS_CORTICAL_INTERNEURON
[2026-07-22 09:36:50][INFO] SIM_BRIDGE: Applying parameter heterogeneity to neuron parameters...
[2026-07-22 09:36:50][INFO] SIM_BRIDGE: Applied heterogeneity to 4 parameters.
[2026-07-22 09:36:50][INFO] SIM_BRIDGE: Generating 3D neuron positions for 4028 neurons...
[2026-07-22 09:36:50][INFO] SIM_BRIDGE: Generating connections (brain-region framework)...
[2026-07-22 09:36:52][INFO] SIM_BRIDGE: inject_explicit_wiring: installed 1851158 synapses across 47 populations.
[2026-07-22 09:36:52][INFO] SIM_BRIDGE: Initializing STP state for 1851158 synapses (capacity: 2776737)...
[2026-07-22 09:36:52][INFO] SIM_BRIDGE: Initializing eligibility traces for 1851158 synapses (capacity: 2776737, dtype: float32)...
[2026-07-22 09:36:52][INFO] SIM_BRIDGE: Initializing STDP state for 4028 neurons...
[2026-07-22 09:36:52][INFO] SIM_BRIDGE: Simulation data initialized for 4028 neurons (3D). Synapses: 1851158. GPU memory: 9.2GB/25.3GB (36.5%)
  [seed 102] NO-ENCODE: events=0 multi=0 FWD=0.000 REV=0.000 w_within=0.50 pop=0.0482 (165s)
[2026-07-22 09:37:10][INFO] SIM_BRIDGE: CuPy using GPU: NVIDIA GeForce RTX 3090 (23.5 GB), mempool limit: 80%
[2026-07-22 09:37:10][INFO] SIM_BRIDGE: Initializing simulation data for model: IZHIKEVICH (3D)... (playback_init: False)
[2026-07-22 09:37:10][INFO] SIM_BRIDGE: Brain-region framework: 16 regions, 4028 total neurons, 39 pathways.
[2026-07-22 09:37:10][INFO] SIM_BRIDGE: RNG initialized with seed: 102
[2026-07-22 09:37:10][INFO] SIM_BRIDGE: Initializing Izhikevich model specifics for 4028 neurons...
[2026-07-22 09:37:10][INFO] SIM_BRIDGE: Region 'language_input' (384 neurons): using Izh type IZH2007_RS_CORTICAL_PYRAMIDAL
[2026-07-22 09:37:10][INFO] SIM_BRIDGE: Region 'motor_N' (16 neurons): using Izh type IZH2007_RS_CORTICAL_PYRAMIDAL
[2026-07-22 09:37:10][INFO] SIM_BRIDGE: Region 'motor_E' (16 neurons): using Izh type IZH2007_RS_CORTICAL_PYRAMIDAL
[2026-07-22 09:37:10][INFO] SIM_BRIDGE: Region 'motor_S' (16 neurons): using Izh type IZH2007_RS_CORTICAL_PYRAMIDAL
[2026-07-22 09:37:10][INFO] SIM_BRIDGE: Region 'motor_W' (16 neurons): using Izh type IZH2007_RS_CORTICAL_PYRAMIDAL
[2026-07-22 09:37:10][INFO] SIM_BRIDGE: Region 'language_output' (384 neurons): using Izh type IZH2007_RS_CORTICAL_PYRAMIDAL
[2026-07-22 09:37:10][INFO] SIM_BRIDGE: Region 'ec' (200 neurons): using Izh type IZH2007_RS_CORTICAL_PYRAMIDAL
[2026-07-22 09:37:10][INFO] SIM_BRIDGE: Region 'dg' (300 neurons): using Izh type IZH2007_HIPPO_PYRAMIDAL
[2026-07-22 09:37:10][INFO] SIM_BRIDGE: Region 'dg_pv_basket' (60 neurons): using Izh type IZH2007_FS_CORTICAL_INTERNEURON
[2026-07-22 09:37:10][INFO] SIM_BRIDGE: Region 'ca3' (2000 neurons): using Izh type IZH2007_HIPPO_PYRAMIDAL
[2026-07-22 09:37:10][INFO] SIM_BRIDGE: Region 'ca1' (120 neurons): using Izh type IZH2007_HIPPO_PYRAMIDAL
[2026-07-22 09:37:10][INFO] SIM_BRIDGE: Region 'motor_FS_N' (4 neurons): using Izh type IZH2007_FS_CORTICAL_INTERNEURON
[2026-07-22 09:37:10][INFO] SIM_BRIDGE: Region 'motor_FS_E' (4 neurons): using Izh type IZH2007_FS_CORTICAL_INTERNEURON
[2026-07-22 09:37:10][INFO] SIM_BRIDGE: Region 'motor_FS_S' (4 neurons): using Izh type IZH2007_FS_CORTICAL_INTERNEURON
[2026-07-22 09:37:10][INFO] SIM_BRIDGE: Region 'motor_FS_W' (4 neurons): using Izh type IZH2007_FS_CORTICAL_INTERNEURON
[2026-07-22 09:37:10][INFO] SIM_BRIDGE: Region 'ca3_pv_basket' (500 neurons): using Izh type IZH2007_FS_CORTICAL_INTERNEURON
[2026-07-22 09:37:10][INFO] SIM_BRIDGE: Applying parameter heterogeneity to neuron parameters...
[2026-07-22 09:37:10][INFO] SIM_BRIDGE: Applied heterogeneity to 4 parameters.
[2026-07-22 09:37:10][INFO] SIM_BRIDGE: Generating 3D neuron positions for 4028 neurons...
[2026-07-22 09:37:10][INFO] SIM_BRIDGE: Generating connections (brain-region framework)...
[2026-07-22 09:37:12][INFO] SIM_BRIDGE: inject_explicit_wiring: installed 1851158 synapses across 47 populations.
[2026-07-22 09:37:12][INFO] SIM_BRIDGE: Initializing STP state for 1851158 synapses (capacity: 2776737)...
[2026-07-22 09:37:12][INFO] SIM_BRIDGE: Initializing eligibility traces for 1851158 synapses (capacity: 2776737, dtype: float32)...
[2026-07-22 09:37:12][INFO] SIM_BRIDGE: Initializing STDP state for 4028 neurons...
[2026-07-22 09:37:12][INFO] SIM_BRIDGE: Simulation data initialized for 4028 neurons (3D). Synapses: 1851158. GPU memory: 9.2GB/25.3GB (36.5%)
  [seed 102] SCRAMBLE-BETWEEN (5728 edges): events=11 multi=4 FWD=0.500 REV=0.500 tau=+0.000 (294s)
  [seed 102] => no  checks={'forward_ordered': False, 'discrete': True, 'acid_silent': True, 'frozen_ok': True, 'dendrite_reset_ok': True, 'scramble_collapses': True, 'noencode_retired': True, 'enough_multi': False, 'reverse_present': False} (294s)

====================================================================================================================
[gap5-seq] VERDICT: PARTIAL/NEGATIVE 0/6 -- a stored 3-assembly chain did NOT cleanly replay in forward order under weak non-specific background: forward_frac 0.794 vs reverse 0.206 vs SCRAMBLE 0.667 vs chance 0.500; encode asym w_fwd-w_rev +5.89; NO-NOISE assembly rest 0.0001 (acid: ~0). Per THE LAW: a stored-sequence forward-order rung is the genuine open question -- tune the chain vs within strength (chain_fwd/within_events), noise (poisson pa/rate), seq_win_steps, recall_k_thresh; a partial/negative on the traveling-wave hand-off is a real, honestly-reported result.
[gap5-seq] wrote research/findings/raw/gap5_r4/rank2_nmem2_6seed.json
====================================================================================================================
