experiment/__init__.py: OK
experiment/engine.py: OK
experiment/groups.py: OK
experiment/presets.py: OK
experiment/readout.py: OK
experiment/stimulus.py: OK
experiment/training.py: OK
research/runners/_D_sparse_heteroassoc.py: OK
research/runners/_D_swr_v16_derisk.py: OK
research/runners/__init__.py: OK
research/runners/_a1_teacher_contingent_eprop_derisk.py: OK
research/runners/_advantage_actor_critic_probe.py: OK
research/runners/_affect_distributional_tag_derisk.py: OK
research/runners/_affect_eviction_derisk.py: OK
research/runners/_affect_state_region_derisk.py: OK
research/runners/_affective_tom_derisk.py: OK
research/runners/_agency_authorship_tag_derisk.py: OK
research/runners/_b1_v1_selforg_onbridge_derisk.py: OK
research/runners/_b1_v1_selforg_rf_derisk.py: OK
research/runners/_batched_onbridge_forward_derisk.py: OK
research/runners/_bg_inhibition_probe.py: OK
research/runners/_bridge_cores_fullfwd_derisk.py: OK
research/runners/_bridge_cores_layer_derisk.py: OK
research/runners/_bridge_cores_perf_derisk.py: OK
research/runners/_bridge_cores_perf_lever2_derisk.py: OK
research/runners/_bridge_cores_qproj_derisk.py: OK
research/runners/_bucketB_corpus_mined_frames_derisk.py: OK
research/runners/_bucketB_corpus_mined_wh_map_derisk.py: OK
research/runners/_burndown9_critic_graded_readout_derisk.py: OK
research/runners/_burndown_1A_c2_smallvocab_derisk.py: OK
research/runners/_burndown_2A_full_build_o1_o3.py: OK
research/runners/_burndown_2A_perf_o1_onbridge_forward.py: OK
research/runners/_burndown_3B_deep_dendritic_binder_derisk.py: OK
research/runners/_burndown_3D_onbridge_llm_grounding_integration.py: OK
research/runners/_burndown_3E_brain_owns_generation.py: OK
research/runners/_burndown_C1_framecq_spiking_derisk.py: OK
research/runners/_burndown_C2_console_spiking_render_derisk.py: OK
research/runners/_burndown_C4_typed_frame_onebrain_derisk.py: OK
research/runners/_burndown_I1_op_handoff_build.py: OK
research/runners/_burndown_I1a_op_handoff_probe.py: OK
research/runners/_burndown_I5a_synaptic_parser_composer.py: OK
research/runners/_burndown_I7_dopamine_encoding_deploy_derisk.py: OK
research/runners/_capacity_curve_probe.py: OK
research/runners/_capstone_console_A1_bundle_validate.py: OK
research/runners/_capstone_console_brain_load_speedup.py: OK
research/runners/_closeout_3G_planner_default_validate.py: OK
research/runners/_closure1_assemble_final.py: OK
research/runners/_closure1_buildfix_answer_identity.py: OK
research/runners/_closure1_optionA_gate3.py: OK
research/runners/_closure1_optionA_gate3A.py: OK
research/runners/_closure1_optionA_gate3_fast.py: OK
research/runners/_closure5_persistent_loop_all_ops.py: OK
research/runners/_closure5_reconsolidation_onsub_pe_derisk.py: OK
research/runners/_codeswap_12codes_ppmi_ab.py: OK
research/runners/_combine_facts.py: OK
research/runners/_communicable_brain_probe1_whatdoyouthink.py: OK
research/runners/_communicable_turn_stageA_derisk.py: OK
research/runners/_communicable_turn_stageB_wirein.py: OK
research/runners/_consol_ca1_sparsify_sweep.py: OK
research/runners/_consol_coactivation_derisk.py: OK
research/runners/_consol_cortical_store_probe.py: OK
research/runners/_consol_decoupled_plateau_probe.py: OK
research/runners/_consol_dendritic_derisk.py: OK
research/runners/_consol_dendritic_opsweep.py: OK
research/runners/_consol_dg_natural_probe.py: OK
research/runners/_consol_dg_overlap_probe.py: OK
research/runners/_consol_direct_weight_probe.py: OK
research/runners/_consol_ff_reinstate_probe.py: OK
research/runners/_consol_meansub_gate.sh: OK
research/runners/_consol_metaplastic_alloc_substrate.py: OK
research/runners/_consol_metaplasticity_alloc_toy.py: OK
research/runners/_consol_multibranch_oracle.py: OK
research/runners/_consol_occupancy_separability.py: OK
research/runners/_consol_occupancy_vs_match_saturation.py: OK
research/runners/_consol_operating_point_calibration.py: OK
research/runners/_consol_replay_apical_probe.py: OK
research/runners/_consol_replay_carryover_probe.py: OK
research/runners/_consol_replay_firing_probe.py: OK
research/runners/_consol_selectivity_boundary_6seed.py: OK
research/runners/_consol_slot_excitability_probe.py: OK
research/runners/_consol_twosided_generalize_probe.py: OK
research/runners/_consol_write_selectivity_probe.py: OK
research/runners/_consolidation_attr_multiframe_validate.py: OK
research/runners/_consolidation_probe1_byteident.py: OK
research/runners/_consolidation_probe2_limbic.py: OK
research/runners/_corpus_compare_gen_probe.py: OK
research/runners/_corpus_develop_curriculum.py: OK
research/runners/_corpus_pos_map.py: OK
research/runners/_corpus_svo_extract.py: OK
research/runners/_cotrain_iso_aggregate.py: OK
research/runners/_cotrain_stream_cortex_isolation_derisk.py: OK
research/runners/_counterfactual_recombination_derisk.py: OK
research/runners/_csr_cache_answer_identity.py: OK
research/runners/_curiosity_reward_omission_veto_derisk.py: OK
research/runners/_curiosity_seek_learn_cheap_first_probe.py: OK
research/runners/_curiosity_seek_learn_onbridge_derisk.py: OK
research/runners/_curriculum_gen_C0_substrate_vs_scale.py: OK
research/runners/_curriculum_kill_safety_test.py: OK
research/runners/_curriculum_pause_test.py: OK
research/runners/_curriculum_step1_320_real_corpus.py: OK
research/runners/_d1_ampa_vs_nmda_propagation_probe.py: OK
research/runners/_d1_apical_soma_coupling_derisk.py: OK
research/runners/_d1_apical_soma_coupling_learns_derisk.py: OK
research/runners/_d1_apical_soma_coupling_probe.py: OK
research/runners/_d1_bdsp_moat_regime_derisk.py: OK
research/runners/_d1_bdsp_wmax_clip_probe.py: OK
research/runners/_d1_learn_isolation_probe.py: OK
research/runners/_d1_onbridge_accuracy_sweep.py: OK
research/runners/_d1_onbridge_forward_propagation_probe.py: OK
research/runners/_d1_onbridge_input_propagation_probe.py: OK
research/runners/_d1_onbridge_learn_to_accuracy_derisk.py: OK
research/runners/_d1_onbridge_strong_forward_probe.py: OK
research/runners/_d1_reconcile_diag.py: OK
research/runners/_d1_transient_trace.py: OK
research/runners/_d3_agent_centering_wire_derisk.py: OK
research/runners/_d3_alignment_probe.py: OK
research/runners/_d3_anaphora_integration_derisk.py: OK
research/runners/_d3_centering_focus_derisk.py: OK
research/runners/_d3_credit_by_clause_type_probe.py: OK
research/runners/_d3_delta_cleanerror_derisk.py: OK
research/runners/_d3_emergent_console_wire_derisk.py: OK
research/runners/_d3_endlabel_supervision_derisk.py: OK
research/runners/_d3_event_agent_derisk.py: OK
research/runners/_d3_event_composition_derisk.py: OK
research/runners/_d3_event_connective_derisk.py: OK
research/runners/_d3_event_connective_spiking_derisk.py: OK
research/runners/_d3_event_gated_copy_derisk.py: OK
research/runners/_d3_event_gated_copy_spiking_derisk.py: OK
research/runners/_d3_event_gatedcopy_agent_derisk.py: OK
research/runners/_d3_event_gatedcopy_spiking_agent_derisk.py: OK
research/runners/_d3_event_multiturn_qa_derisk.py: OK
research/runners/_d3_event_onbridge_loop_derisk.py: OK
research/runners/_d3_event_pair_agent_derisk.py: OK
research/runners/_d3_event_pair_spiking_derisk.py: OK
research/runners/_d3_event_pop_gate_derisk.py: OK
research/runners/_d3_event_popgate_agent_derisk.py: OK
research/runners/_d3_event_popgate_spiking_agent_derisk.py: OK
research/runners/_d3_event_qa_derisk.py: OK
research/runners/_d3_event_qa_spiking_derisk.py: OK
research/runners/_d3_event_qa_wire_derisk.py: OK
research/runners/_d3_event_selfsup_capstone_derisk.py: OK
research/runners/_d3_event_selfsup_derisk.py: OK
research/runners/_d3_event_selfsup_pair_agent_derisk.py: OK
research/runners/_d3_event_selfsup_pair_derisk.py: OK
research/runners/_d3_event_selfsup_spiking_derisk.py: OK
research/runners/_d3_event_spiking_derisk.py: OK
research/runners/_d3_event_spiking_learning_derisk.py: OK
research/runners/_d3_event_weak_supervision_derisk.py: OK
research/runners/_d3_group_composition_derisk.py: OK
research/runners/_d3_persistent_slot_derisk.py: OK
research/runners/_d3_reference_selfsup_derisk.py: OK
research/runners/_d3_reference_spiking_derisk.py: OK
research/runners/_d3_reference_tracking_derisk.py: OK
research/runners/_d3_sparse_supervision_derisk.py: OK
research/runners/_d3_spiking_attractor_derisk.py: OK
research/runners/_d3_spiking_onbridge_loop_derisk.py: OK
research/runners/_d3_spiking_transition_derisk.py: OK
research/runners/_d3_spiking_weak_learning_derisk.py: OK
research/runners/_d3_weak_supervision_derisk.py: OK
research/runners/_d3_weaklearned_spiking_derisk.py: OK
research/runners/_da_composer_salience_cleanup_derisk.py: OK
research/runners/_da_salience_gate_wireup_smoke.py: OK
research/runners/_deep_eprop_binder_bundling_derisk.py: OK
research/runners/_dendrite_ca_toy_derisk.py: OK
research/runners/_dendrite_deriskA_extension_conversational_cortex.py: OK
research/runners/_dendrite_deriskA_graded_plateau_readout.py: OK
research/runners/_dendrite_stage1_onbridge_graded_plateau.py: OK
research/runners/_dendritic_cortex_diagnose.py: OK
research/runners/_derisk_5a_diag.py: OK
research/runners/_derisk_5a_isolate.py: OK
research/runners/_developmental_vocal_convention_derisk.py: OK
research/runners/_developmental_vocal_intrinsic_reversal_derisk.py: OK
research/runners/_diagnose_recall_degradation.py: OK
research/runners/_discourse_marker_dispatch_derisk.py: OK
research/runners/_discourse_marker_router.py: OK
research/runners/_discursive_turn_stage0_derisk.py: OK
research/runners/_download_simplewiki.py: OK
research/runners/_edge5_binder_store_role_recall_derisk.py: OK
research/runners/_edge5_rung2_stp_store_onbridge_derisk.py: OK
research/runners/_edge5_rung3_delta_store_onbridge_derisk.py: OK
research/runners/_edge5_rung3b_high_interference_probe.py: OK
research/runners/_emerge10_stageA_dap_fire_first_derisk.py: OK
research/runners/_emerge11_stageB_wta_dap_derisk.py: OK
research/runners/_emerge12_stageB2_bridge_tm_derisk.py: OK
research/runners/_emerge13_stageC_flat_permanence_derisk.py: OK
research/runners/_emerge14_stageC_onbridge_learning_derisk.py: OK
research/runners/_emerge15_online_grow_derisk.py: OK
research/runners/_emerge15_sparse_pool_scale_derisk.py: OK
research/runners/_emerge15_word_sequence_lm_derisk.py: OK
research/runners/_emerge16_word_generation_derisk.py: OK
research/runners/_emerge17_generalizing_word_codes_derisk.py: OK
research/runners/_emerge18_sequence_generalization_derisk.py: OK
research/runners/_emerge19_real_ppmi_generalization_derisk.py: OK
research/runners/_emerge1_deep_dendritic_representation_derisk.py: OK
research/runners/_emerge1b_burstprop_derisk.py: OK
research/runners/_emerge20_grounded_moat_derisk.py: OK
research/runners/_emerge21_language_console.py: OK
research/runners/_emerge22_pos_frame_grammar_derisk.py: OK
research/runners/_emerge23_grammatical_grounded_production_derisk.py: OK
research/runners/_emerge24_online_growth_derisk.py: OK
research/runners/_emerge25_grounded_growing_console.py: OK
research/runners/_emerge26_emergent_inheritance_derisk.py: OK
research/runners/_emerge27_multilevel_taxonomy_derisk.py: OK
research/runners/_emerge28_emergent_codes_transitive_derisk.py: OK
research/runners/_emerge28_transitive_inference_derisk.py: OK
research/runners/_emerge29_inference_console.py: OK
research/runners/_emerge2_selfsup_burst_emergence_derisk.py: OK
research/runners/_emerge2b_selfsup_nextsymbol_derisk.py: OK
research/runners/_emerge30_emergent_superordinate_derisk.py: OK
research/runners/_emerge31_experiential_console.py: OK
research/runners/_emerge32_varied_context_emergence_derisk.py: OK
research/runners/_emerge33_spatial_pooler_emergence_derisk.py: OK
research/runners/_emerge34_perception_grounded_emergence_derisk.py: OK
research/runners/_emerge35_spiking_pooler_derisk.py: OK
research/runners/_emerge36_spiking_perception_pipeline_derisk.py: OK
research/runners/_emerge37_cancellation_emergent_codes_derisk.py: OK
research/runners/_emerge38_competitive_pooler_derisk.py: OK
research/runners/_emerge39_onsubstrate_competitive_pooler_derisk.py: OK
research/runners/_emerge3_microcircuit_derisk.py: OK
research/runners/_emerge3b_interneuron_selforganize_derisk.py: OK
research/runners/_emerge40_spiking_htm_sp_kernel_derisk.py: OK
research/runners/_emerge41_fs_wta_kwinners_derisk.py: OK
research/runners/_emerge42_pooler_inference_derisk.py: OK
research/runners/_emerge43_multi_override_derisk.py: OK
research/runners/_emerge44_stacked_pooler_derisk.py: OK
research/runners/_emerge45_three_level_hierarchy_derisk.py: OK
research/runners/_emerge46_spiking_stacked_pooler_derisk.py: OK
research/runners/_emerge47_l2_input_normalization_derisk.py: OK
research/runners/_emerge48_soft_l2_pooling_derisk.py: OK
research/runners/_emerge49_graded_read_derisk.py: OK
research/runners/_emerge4_burst_multiplexing_derisk.py: OK
research/runners/_emerge50_trace_rule_derisk.py: OK
research/runners/_emerge51_experiential_conversational_console.py: OK
research/runners/_emerge52_multilevel_conversational_console.py: OK
research/runners/_emerge53_perception_grounded_conversation.py: OK
research/runners/_emerge54_per_dimension_cancellation_derisk.py: OK
research/runners/_emerge55_emergent_dimensions_derisk.py: OK
research/runners/_emerge56_reasoning_to_fluent_wire_derisk.py: OK
research/runners/_emerge57_ra_refinetune_emerge_frames_derisk.py: OK
research/runners/_emerge58_unified_fluent_console.py: OK
research/runners/_emerge59_spiking_broca_frame_slots_derisk.py: OK
research/runners/_emerge5_spiking_burstprop_derisk.py: OK
research/runners/_emerge5b_credit_vs_readout_derisk.py: OK
research/runners/_emerge5c_microcircuit_noise_derisk.py: OK
research/runners/_emerge60_console_spiking_broca_derisk.py: OK
research/runners/_emerge61_spiking_broca_order_robustness_derisk.py: OK
research/runners/_emerge62_discover_function_words_derisk.py: OK
research/runners/_emerge62b_function_words_position_cue_derisk.py: OK
research/runners/_emerge62c_morphological_invariance_cue_derisk.py: OK
research/runners/_emerge63_corpus_taught_slot_order_derisk.py: OK
research/runners/_emerge64_mine_slot_inventory_derisk.py: OK
research/runners/_emerge64b_shuffle_invariant_bagkey_derisk.py: OK
research/runners/_emerge65_self_organized_producer_derisk.py: OK
research/runners/_emerge66_console_self_organized_derisk.py: OK
research/runners/_emerge67_neural_spell_wirein_derisk.py: OK
research/runners/_emerge68_function_word_spell_derisk.py: OK
research/runners/_emerge69_console_fully_spiking_derisk.py: OK
research/runners/_emerge6_recurrent_microcircuit_seq_derisk.py: OK
research/runners/_emerge70_one_brain_single_backend_probe_derisk.py: OK
research/runners/_emerge72_construction_registry_derisk.py: OK
research/runners/_emerge73_adjective_position_cue_derisk.py: OK
research/runners/_emerge74_transitive_ditransitive_derisk.py: OK
research/runners/_emerge75_aw_vocab_scaling_derisk.py: OK
research/runners/_emerge75b_history_independent_aw_derisk.py: OK
research/runners/_emerge76_heldout_one_attestation_derisk.py: OK
research/runners/_emerge77_ditransitive_render_derisk.py: OK
research/runners/_emerge78_reservoir_form_to_role_derisk.py: OK
research/runners/_emerge79_reservoir_variable_distance_derisk.py: OK
research/runners/_emerge7_nextsymbol_context_derisk.py: OK
research/runners/_emerge80_spiking_lsm_port_derisk.py: OK
research/runners/_emerge81_spiking_memory_depth_derisk.py: OK
research/runners/_emerge82_onbridge_lsm_derisk.py: OK
research/runners/_emerge83_reservoir_recursion_depth_derisk.py: OK
research/runners/_emerge84_reservoir_stack_recursion_derisk.py: OK
research/runners/_emerge85_wm_buffer_recursion_derisk.py: OK
research/runners/_emerge86_spiking_wm_buffer_recursion_derisk.py: OK
research/runners/_emerge87_reservoir_coresident_derisk.py: OK
research/runners/_emerge88_reservoir_comprehends_composer_answers_derisk.py: OK
research/runners/_emerge89_spiking_reservoir_comprehends_composer_answers_derisk.py: OK
research/runners/_emerge8_predictive_alignment_derisk.py: OK
research/runners/_emerge90_conversational_turn_capstone_derisk.py: OK
research/runners/_emerge90_objrel_comprehends_composer_answers_derisk.py: OK
research/runners/_emerge91_passive_comprehends_composer_answers_derisk.py: OK
research/runners/_emerge92_producer_coresident_derisk.py: OK
research/runners/_emerge93_two_spiking_onebridge_turn_derisk.py: OK
research/runners/_emerge94_reservoir_dt_probe.py: OK
research/runners/_emerge95_three_spiking_onebridge_turn_derisk.py: OK
research/runners/_emerge9_temporal_memory_derisk.py: OK
research/runners/_emerge9b_htm_faithful_derisk.py: OK
research/runners/_emerge9c_spiking_tm_derisk.py: OK
research/runners/_emerge9d_spiking_learning_derisk.py: OK
research/runners/_emerge_graded_confidence_completion_derisk.py: OK
research/runners/_emerge_graded_confidence_console_derisk.py: OK
research/runners/_emerge_graded_confidence_console_scale_derisk.py: OK
research/runners/_emerge_graded_perception_console_derisk.py: OK
research/runners/_emerge_reservoir_lm_content_addr_derisk.py: OK
research/runners/_emerge_reservoir_lm_context_depth_derisk.py: OK
research/runners/_emerge_reservoir_lm_corpus_cooccurrence_codes_derisk.py: OK
research/runners/_emerge_reservoir_lm_crosssentence_retrieval_derisk.py: OK
research/runners/_emerge_reservoir_lm_derisk.py: OK
research/runners/_emerge_reservoir_lm_emergent_category_codes_derisk.py: OK
research/runners/_emerge_reservoir_lm_eprop_CONTROLS_derisk.py: OK
research/runners/_emerge_reservoir_lm_eprop_recurrent_derisk.py: OK
research/runners/_emerge_reservoir_lm_learned_attention_derisk.py: OK
research/runners/_emerge_reservoir_lm_multicat_scale_derisk.py: OK
research/runners/_emerge_reservoir_lm_ngram_hybrid_derisk.py: OK
research/runners/_emerge_reservoir_lm_onbridge_bdsp_derisk.py: OK
research/runners/_emerge_reservoir_lm_perception_grounded_codes_derisk.py: OK
research/runners/_emerge_reservoir_lm_realcorpus_derisk.py: OK
research/runners/_emerge_reservoir_lm_rung2_distal_referent_derisk.py: OK
research/runners/_emerge_reservoir_lm_rung3_systematic_generation_derisk.py: OK
research/runners/_emerge_reservoir_lm_rung4_order_decisive_recombination_derisk.py: OK
research/runners/_emerge_reservoir_lm_spiking_perception_codes_derisk.py: OK
research/runners/_emerge_spreading_activation_completion_derisk.py: OK
research/runners/_emerge_stream_eprop_lm_derisk.py: OK
research/runners/_emerge_wkv_lm_derisk.py: OK
research/runners/_emerge_wkv_m2_nef_onbridge_derisk.py: OK
research/runners/_emerge_wkv_onbridge_derisk.py: OK
research/runners/_emerge_wkv_tokensdr_writefidelity_derisk.py: OK
research/runners/_emergent_graceful_degradation_derisk.py: OK
research/runners/_emergent_reconsolidation_in_loop_derisk.py: OK
research/runners/_emergent_vocab_breadth_scale_derisk.py: OK
research/runners/_emervocab_freq_partial_probe.py: OK
research/runners/_eprop_aggregate.py: OK
research/runners/_facts_capacity_probe.py: OK
research/runners/_false_belief_register_derisk.py: OK
research/runners/_fhrr_b_cleanup_codebook_local_conj_derisk.py: OK
research/runners/_fhrr_b_mechanism1_local_reciprocal_unbind_derisk.py: OK
research/runners/_firstchat_gpu_latency_probe.py: OK
research/runners/_fixedbind_systematicity_derisk.py: OK
research/runners/_fluidconv_chat_repl.py: OK
research/runners/_fluidconv_graded_hedging.py: OK
research/runners/_fluidconv_phase0_dropin_derisk.py: OK
research/runners/_fluidconv_phase10_discussion_derisk.py: OK
research/runners/_fluidconv_phase11_grow_knowledge_derisk.py: OK
research/runners/_fluidconv_phase12_knowledge_acquisition_derisk.py: OK
research/runners/_fluidconv_phase13_instance_representation_derisk.py: OK
research/runners/_fluidconv_phase14_instance_conversation_derisk.py: OK
research/runners/_fluidconv_phase15_wikidata_breadth_derisk.py: OK
research/runners/_fluidconv_phase16_discourse_plan_derisk.py: OK
research/runners/_fluidconv_phase17_persistence_derisk.py: OK
research/runners/_fluidconv_phase1_broadened_veto_derisk.py: OK
research/runners/_fluidconv_phase1_conditioned_freegen_derisk.py: OK
research/runners/_fluidconv_phase1_grounded_continuation_derisk.py: OK
research/runners/_fluidconv_phase2_ra_finetune.py: OK
research/runners/_fluidconv_phase2_ra_qa_eval_derisk.py: OK
research/runners/_fluidconv_phase3_conversational_turn_derisk.py: OK
research/runners/_fluidconv_phase4_multiturn_derisk.py: OK
research/runners/_fluidconv_phase5_growth_derisk.py: OK
research/runners/_fluidconv_phase6_breadth_derisk.py: OK
research/runners/_fluidconv_phase7_neural_interrog_parser_derisk.py: OK
research/runners/_fluidconv_phase8_experience_derisk.py: OK
research/runners/_fluidconv_phase9_embodied_loop_smoke.py: OK
research/runners/_followon1_spiking_generative_sampler.py: OK
research/runners/_followon2_consolidation_merged_routes.py: OK
research/runners/_followon2_spiking_wta_sampler_derisk.py: OK
research/runners/_followon3_rf_dense_weights_purity.py: OK
research/runners/_framework_inhibition_minimal_probe.py: OK
research/runners/_fsg_watermaze_derisk.py: OK
research/runners/_gabor_cifar_deep_credit_derisk.py: OK
research/runners/_gap1_rf_phase_deployed_preflight.py: OK
research/runners/_gap1_rf_phase_preflight.py: OK
research/runners/_gap1_rf_synaptic_deployed_preflight.py: OK
research/runners/_gap1_rf_synaptic_onbridge_rung2_probe.py: OK
research/runners/_gap1_rf_synaptic_transduction_probe.py: OK
research/runners/_gap1_wkv_vs_bigram_ceiling.py: OK
research/runners/_gap235_unified_competitive_read_derisk.py: OK
research/runners/_gap2_attribute_slot_derisk.py: OK
research/runners/_gap2_binder_resonator_ceiling.py: OK
research/runners/_gap2_correlated_key_binder_derisk.py: OK
research/runners/_gap2_pointer_clause_derisk.py: OK
research/runners/_gap2_spiking_deltarule_binder_derisk.py: OK
research/runners/_gap3_biased_competition_multiref_derisk.py: OK
research/runners/_gap3_learned_feature_compat_derisk.py: OK
research/runners/_gap3_multireferent_wta_disambiguation_derisk.py: OK
research/runners/_gap3_spiking_feature_compat_derisk.py: OK
research/runners/_gap4_bdsp_faithful_credit_derisk.py: OK
research/runners/_gap4_bptt_snn_chained_fa_transport_free_derisk.py: OK
research/runners/_gap4_btsp_completion_unification_6seed.py: OK
research/runners/_gap4_btsp_multicell_map_derisk.py: OK
research/runners/_gap4_btsp_onbridge_behavioral_timescale_derisk.py: OK
research/runners/_gap4_btsp_oneshot_place_field_task_derisk.py: OK
research/runners/_gap4_btsp_plateau_gated_derisk.py: OK
research/runners/_gap4_btsp_recall_bias_probe.py: OK
research/runners/_gap4_btsp_rung3_downstream_read_derisk.py: OK
research/runners/_gap4_btsp_stores_recurrent_assembly_derisk.py: OK
research/runners/_gap4_credit_on_expanded_forward_derisk.py: OK
research/runners/_gap4_credit_vs_forward_probe.py: OK
research/runners/_gap4_credit_vs_reservoir_mnist_derisk.py: OK
research/runners/_gap4_deconfounded_credit_vs_reservoir_derisk.py: OK
research/runners/_gap4_deep_credit_on_expanded_forward_derisk.py: OK
research/runners/_gap4_depth2_bdsp_credit_derisk.py: OK
research/runners/_gap4_depth2_spiking_bdsp_derisk.py: OK
research/runners/_gap4_dfc_plateau_credit_derisk.py: OK
research/runners/_gap4_expansion_probe.py: OK
research/runners/_gap4_fa_kp_alignment_hier3.py: OK
research/runners/_gap4_fa_kp_alignment_probe.py: OK
research/runners/_gap4_l2_extract_validation.py: OK
research/runners/_gap4_l2_pedestal_probe.py: OK
research/runners/_gap4_layerwise_kp_transportfree_mnist_derisk.py: OK
research/runners/_gap4_learned_instructive_drives_ff_derisk.py: OK
research/runners/_gap4_learned_microcircuit_selfpredict_derisk.py: OK
research/runners/_gap4_onbridge_spiking_selfpredict_derisk.py: OK
research/runners/_gap4_plastic_plateau_credit_derisk.py: OK
research/runners/_gap4_plateau_expander_probe.py: OK
research/runners/_gap4_realspikes_bdsp_credit_derisk.py: OK
research/runners/_gap4_realspikes_credit_derisk.py: OK
research/runners/_gap4_realspikes_multihop_chained_credit_derisk.py: OK
research/runners/_gap4_realspikes_pregate_probe.py: OK
research/runners/_gap4_realspikes_sigmaprime_credit_derisk.py: OK
research/runners/_gap4_representability_probe.py: OK
research/runners/_gap4_representable_forward_plus_credit_derisk.py: OK
research/runners/_gap4_seq_deep_credit_derisk.py: OK
research/runners/_gap4_sparse_hidden_credit_derisk.py: OK
research/runners/_gap4_supervised_plateau_credit_derisk.py: OK
research/runners/_gap5_R0_start_randomization_diag.py: OK
research/runners/_gap5_R1_hetero_encode_sweep.py: OK
research/runners/_gap5_btsp_place_field_derisk.py: OK
research/runners/_gap5_completion_kopsick_sweep.py: OK
research/runners/_gap5_completion_probe.py: OK
research/runners/_gap5_decoupled_store_bistable_readout_derisk.py: OK
research/runners/_gap5_dendritic_subunit_blocks_derisk.py: OK
research/runners/_gap5_dg_detonator_ignition_derisk.py: OK
research/runners/_gap5_dg_selection_reset_scale_driver.py: OK
research/runners/_gap5_ecker_recurrent_replay.py: OK
research/runners/_gap5_emergent_dg_selection_derisk.py: OK
research/runners/_gap5_emergent_into_swr_derisk.py: OK
research/runners/_gap5_fieldquality_gpu6.py: OK
research/runners/_gap5_gabab_plateau_termination_derisk.py: OK
research/runners/_gap5_gamma_recombination_derisk.py: OK
research/runners/_gap5_gamma_wta_replay_derisk.py: OK
research/runners/_gap5_ignition_sweep_probe.py: OK
research/runners/_gap5_intrinsic_fatigue_replay_derisk.py: OK
research/runners/_gap5_izh_replay_merge_derisk.py: OK
research/runners/_gap5_learned_band_emergence.py: OK
research/runners/_gap5_learned_tuning_order_read_derisk.py: OK
research/runners/_gap5_moving_bump_replay_decode.py: OK
research/runners/_gap5_onebrain_capstone.py: OK
research/runners/_gap5_onebrain_sleepcycle_merge.py: OK
research/runners/_gap5_onsubstrate_continuous_sweep_derisk.py: OK
research/runners/_gap5_onsubstrate_order_detector_derisk.py: OK
research/runners/_gap5_onsubstrate_population_vote_derisk.py: OK
research/runners/_gap5_r1_fanout.sh: OK
research/runners/_gap5_r4_emergent_btsp_store.py: OK
research/runners/_gap5_ramp_dendritic_phase_advance_derisk.py: OK
research/runners/_gap5_ramp_phase_advance_readout_derisk.py: OK
research/runners/_gap5_reader_stdp_resonance_derisk.py: OK
research/runners/_gap5_recombination_derisk.py: OK
research/runners/_gap5_sequence_replay_derisk.py: OK
research/runners/_gap5_spare_sweep_diag.py: OK
research/runners/_gap5_spiking_gamma_replay_derisk.py: OK
research/runners/_gap5_spontaneous_reactivation_derisk.py: OK
research/runners/_gap5_swr_envelope_replay_derisk.py: OK
research/runners/_gap5_swr_specificity_stack_derisk.py: OK
research/runners/_gap5_theta_sweep_replay_derisk.py: OK
research/runners/_gap5_wake_sleep_phase_switch.py: OK
research/runners/_gap5_wake_sleep_roundtrip.py: OK
research/runners/_gap_grounded_wkv_ceiling_probe.py: OK
research/runners/_gap_grounded_wkv_finetune.py: OK
research/runners/_gap_grounded_wkv_local_readout.py: OK
research/runners/_gap_grounded_wkv_multiseed_firm.py: OK
research/runners/_gap_onbridge_fluency_derisk.py: OK
research/runners/_gap_onbridge_ssm_readout_learn_derisk.py: OK
research/runners/_gap_onebridge_capstone_derisk.py: OK
research/runners/_gap_onebridge_conversation_demo.py: OK
research/runners/_gap_onebridge_coresidence_derisk.py: OK
research/runners/_gap_onebridge_learning_coresident_derisk.py: OK
research/runners/_gap_persistent_store_readfidelity_derisk.py: OK
research/runners/_gap_pretraining_shallow_fluency_derisk.py: OK
research/runners/_gap_wkv_onebridge_merged_derisk.py: OK
research/runners/_genfrontier_b2_generative_replay_derisk.py: OK
research/runners/_genfrontier_capstone_verbalize_derisk.py: OK
research/runners/_genfrontier_capstone_vision_to_concept_derisk.py: OK
research/runners/_genfrontier_crossmodal_unify_derisk.py: OK
research/runners/_genfrontier_graded_propagation_derisk.py: OK
research/runners/_genfrontier_learned_vs_raw_category_readout.py: OK
research/runners/_genfrontier_onsubstrate_convergence_derisk.py: OK
research/runners/_genfrontier_optionB_visual_similarity_derisk.py: OK
research/runners/_genfrontier_within_category_conversation_signature.py: OK
research/runners/_genseq_C2_demo_design_derisk.py: OK
research/runners/_genseq_C2_grow_no_forget_derisk.py: OK
research/runners/_genseq_C2_moderate_shift_derisk.py: OK
research/runners/_genseq_C2_scaleup_runner.py: OK
research/runners/_genseq_allspiking_forward_compose_derisk.py: OK
research/runners/_genseq_convert_derisk.py: OK
research/runners/_genseq_loopstep3_attn_rf_distill_derisk.py: OK
research/runners/_genseq_loopstep3_distill_derisk.py: OK
research/runners/_genseq_loopstep3_full_genf_generate_derisk.py: OK
research/runners/_genseq_loopstep3_fullblock_rf_derisk.py: OK
research/runners/_genseq_loopstep3_graded_derisk.py: OK
research/runners/_genseq_loopstep3_mlp_gelu_rf_distill_derisk.py: OK
research/runners/_genseq_loopstep3_multilayer_signed_derisk.py: OK
research/runners/_genseq_loopstep3_popcode_derisk.py: OK
research/runners/_genseq_loopstep3_rf_distill_derisk.py: OK
research/runners/_genseq_loopstep3_rf_probe.py: OK
research/runners/_genseq_spiking_gelu_derisk.py: OK
research/runners/_genseq_spiking_layernorm_derisk.py: OK
research/runners/_genseq_spiking_softmax_derisk.py: OK
research/runners/_genseq_step0_bridge_load_probe.py: OK
research/runners/_gnw_d1_microcircuit_control_probe.py: OK
research/runners/_gnw_d1_spiking_bdsp_derisk.py: OK
research/runners/_gnw_rung1_ignition_curve_derisk.py: OK
research/runners/_gnw_rung2_competitive_access_derisk.py: OK
research/runners/_gnw_rung3_report_reasoning_identity_derisk.py: OK
research/runners/_gnw_rung3b_emergent_inheritance_reasoning_derisk.py: OK
research/runners/_gnw_rung3c_learned_inheritance_derisk.py: OK
research/runners/_gnw_rung4_real_faculty_wirein_derisk.py: OK
research/runners/_gpu_resonator_capacity.py: OK
research/runners/_grounded_lang_integration_derisk.py: OK
research/runners/_grounded_lang_p1b_ann_baseline.py: OK
research/runners/_grounded_lang_p1b_stepB0_ops_derisk.py: OK
research/runners/_grounded_lang_p1b_stepB1_forward_derisk.py: OK
research/runners/_grounded_lang_p2_derisk.py: OK
research/runners/_grounded_lang_p3_derisk.py: OK
research/runners/_grounded_lang_scaled_demo.py: OK
research/runners/_grounded_speech_action_loop_derisk.py: OK
research/runners/_homeostatic_drive_rl_cheap_first_probe.py: OK
research/runners/_homeostatic_g11bg_reuse_aggregate.py: OK
research/runners/_homeostatic_g11bg_reuse_probe.py: OK
research/runners/_homeostatic_spiking_agent_integration.py: OK
research/runners/_homeostatic_spiking_drive_mechanism_derisk.py: OK
research/runners/_homeostatic_spiking_reward_plasticity_derisk.py: OK
research/runners/_homeostatic_sustained_agency_derisk.py: OK
research/runners/_imaginative_scenario_recombination_derisk.py: OK
research/runners/_keystone2_spiking_slot_binder_derisk.py: OK
research/runners/_kwta_learning_gate_place_read_probe.py: OK
research/runners/_l1_centered_online_pca_probe.py: OK
research/runners/_l1_nonneg_simmatch_check.py: OK
research/runners/_l1_oja_validated.py: OK
research/runners/_l1_phaseA_end_to_end_spiking.py: OK
research/runners/_l1_scale_capacity_check.py: OK
research/runners/_l1_simmatch_convergence_sweep.py: OK
research/runners/_l1_simmatch_converges_check.py: OK
research/runners/_l1_spiking_oja_smoke.py: OK
research/runners/_laneC_plastic_source_memory_derisk.py: OK
research/runners/_laneC_self_schema_honesty_wirein_derisk.py: OK
research/runners/_laneC_self_schema_metacog_integration_derisk.py: OK
research/runners/_laneC_source_monitor_coresidency_gate.py: OK
research/runners/_laneC_source_monitor_coresidency_gate_v2.py: OK
research/runners/_laneC_source_monitor_coresidency_gate_v3.py: OK
research/runners/_laneC_source_monitor_coresidency_gate_v4.py: OK
research/runners/_laneD_v1_pooler_trace_invariance_derisk.py: OK
research/runners/_laneD_visual_hierarchical_part_identity_gate.py: OK
research/runners/_laneD_visual_identity_homeostasis_gate.py: OK
research/runners/_laneD_visual_identity_temporal_binding_gate.py: OK
research/runners/_latency_cache_poc.py: OK
research/runners/_latency_profile_onebrain.py: OK
research/runners/_latency_profile_sections.py: OK
research/runners/_learned_bilinear_binder_systematicity_derisk.py: OK
research/runners/_learned_dispatch_console_wire_derisk.py: OK
research/runners/_learned_dispatch_derisk.py: OK
research/runners/_learned_talkativeness_derisk.py: OK
research/runners/_limbic_core_rpe_battery_derisk.py: OK
research/runners/_limbic_loadbearing_probe.py: OK
research/runners/_lmtrain_chunked_scan.py: OK
research/runners/_lmtrain_compile_smoke.py: OK
research/runners/_lmtrain_optim_probe.py: OK
research/runners/_lmtrain_resume_correctness_derisk.py: OK
research/runners/_lmtrain_stream_cursor_derisk.py: OK
research/runners/_lmtrain_throughput_probe.py: OK
research/runners/_longitudinal_develop_loop.py: OK
research/runners/_longitudinal_develop_loop_gpu.py: OK
research/runners/_mdgl_offdiagonal_credit_derisk.py: OK
research/runners/_mdgl_popcoded_spiking_derisk.py: OK
research/runners/_mdgl_replica_popcoded_spiking_derisk.py: OK
research/runners/_mdgl_spiking_port_derisk.py: OK
research/runners/_merged_limbic_coresident_validate.py: OK
research/runners/_merged_navcritic_valuetrain.py: OK
research/runners/_merged_neural_reward_scope_derisk.py: OK
research/runners/_merged_neural_reward_validate.py: OK
research/runners/_merged_spiking_readout_derisk.py: OK
research/runners/_merged_spiking_readout_navcmp.py: OK
research/runners/_merged_td_cueshift_consolidation_derisk.py: OK
research/runners/_merged_td_cueshift_opsearch.py: OK
research/runners/_msn_synaptic_drive_probe.py: OK
research/runners/_multibridge_3000_validate.py: OK
research/runners/_multibridge_stage0_derisk.py: OK
research/runners/_n5_closeA_graded_on_selforg_probe.py: OK
research/runners/_n5_grid_frontend_onbridge_probe.py: OK
research/runners/_n5_grid_frontend_selectivity_smoke.py: OK
research/runners/_n5_place_sparsify_probe.py: OK
research/runners/_n8_thal_disinhibition_probe.py: OK
research/runners/_nav_fixA_sweep.py: OK
research/runners/_nav_fixB_sweep.py: OK
research/runners/_nav_gate_merged_run.py: OK
research/runners/_nav_loop_closure_derisk.py: OK
research/runners/_nav_sc_drive_reorient_derisk.py: OK
research/runners/_nav_sc_fixA_arm2_sweep.py: OK
research/runners/_nav_sc_fixA_arm3_aggregate.py: OK
research/runners/_nav_sc_fixA_arm3_multiseed.py: OK
research/runners/_nav_sc_fixB_arm3_multiseed.py: OK
research/runners/_nav_sc_popvector_calibrate.py: OK
research/runners/_nav_sc_popvector_readout_derisk.py: OK
research/runners/_navcloseout_R2_opponent_decode_smoke.py: OK
research/runners/_navcloseout_R4_delayed_reward_value.py: OK
research/runners/_navcloseout_R5_value_driven_choice.py: OK
research/runners/_navcloseout_R5b_learned_value_choice.py: OK
research/runners/_navcritic_msn_fi_probe.py: OK
research/runners/_navcritic_valuetrain_opmap_derisk.py: OK
research/runners/_navsc_merged_opcheck.py: OK
research/runners/_neuromodulator_affect_axes_derisk.py: OK
research/runners/_ngram_fair_baseline_probe.py: OK
research/runners/_nodepert_deep_credit_derisk.py: OK
research/runners/_nodepert_onbridge_derisk.py: OK
research/runners/_novel_referent_hebbian_fastweight_derisk.py: OK
research/runners/_np_feedforward_win_credit_derisk.py: OK
research/runners/_np_onbridge_diag.py: OK
research/runners/_np_onbridge_eligibility_probe.py: OK
research/runners/_np_onbridge_fixedpool_probe.py: OK
research/runners/_np_onbridge_fwdsweep.py: OK
research/runners/_np_onbridge_oppoint.py: OK
research/runners/_oja_subtractive_place_tuning_probe.py: OK
research/runners/_onbridge_deep_credit_decolle_derisk.py: OK
research/runners/_onbridge_deep_credit_decorrelation_derisk.py: OK
research/runners/_onbridge_deep_credit_graded_derisk.py: OK
research/runners/_onbridge_deep_credit_population_derisk.py: OK
research/runners/_onbridge_eprop_port_derisk.py: OK
research/runners/_onebrain_latency_diagnostic.py: OK
research/runners/_onsubstrate_bind_learned_readout_derisk.py: OK
research/runners/_onsubstrate_bind_onbridge_bdsp_readout_derisk.py: OK
research/runners/_onsubstrate_coincidence_systematicity_derisk.py: OK
research/runners/_onsubstrate_systematicity_scale_hardening.py: OK
research/runners/_optionA_onestep_probe.py: OK
research/runners/_optionA_rng_vs_fp_probe.py: OK
research/runners/_organ_lift_homeo_generalize_derisk.py: OK
research/runners/_p1_2_affect_directed_deliberation_derisk.py: OK
research/runners/_p1_2_prefix_repro.py: OK
research/runners/_p1_2_workspace_deliberation_loop_derisk.py: OK
research/runners/_p2_teacher_to_brain_derisk.py: OK
research/runners/_perception_v2it_validate_or_retire_derisk.py: OK
research/runners/_persistent_loop_flat_derisk.py: OK
research/runners/_phase1_binding_probe.py: OK
research/runners/_phaseB_antihebbian_lateral_derisk.py: OK
research/runners/_phaseB_assembled_pipeline_ppmi_derisk.py: OK
research/runners/_phaseB_attributed_entity_parser_derisk.py: OK
research/runners/_phaseB_biased_competition_derisk.py: OK
research/runners/_phaseB_biased_competition_graded_derisk.py: OK
research/runners/_phaseB_biased_competition_wta_derisk.py: OK
research/runners/_phaseB_biologize_binding_pm1_streamcodes_derisk.py: OK
research/runners/_phaseB_biologize_cleanup_streamcodes_derisk.py: OK
research/runners/_phaseB_biologize_moat_streamcodes_derisk.py: OK
research/runners/_phaseB_biologize_readout_norm_derisk.py: OK
research/runners/_phaseB_c1b_derisk_perneuron_centering.py: OK
research/runners/_phaseB_case_cue_crosslanguage_derisk.py: OK
research/runners/_phaseB_clause_period_sweep.py: OK
research/runners/_phaseB_cmpool_match_probe.py: OK
research/runners/_phaseB_composer_op_breakdown.py: OK
research/runners/_phaseB_continual_separable_derisk.py: OK
research/runners/_phaseB_continual_sequence_derisk.py: OK
research/runners/_phaseB_correlation_binding_tradeoff_derisk.py: OK
research/runners/_phaseB_cortex_readout.py: OK
research/runners/_phaseB_cross_sentence_coherence_derisk.py: OK
research/runners/_phaseB_deltarule_bind_bundled_derisk.py: OK
research/runners/_phaseB_dendritic_bind_derisk.py: OK
research/runners/_phaseB_dendritic_continual_derisk.py: OK
research/runners/_phaseB_dendritic_real_derisk.py: OK
research/runners/_phaseB_dense_firing_readout.py: OK
research/runners/_phaseB_dense_gate.py: OK
research/runners/_phaseB_dopamine_encoding_gain_derisk.py: OK
research/runners/_phaseB_ei_architecture_derisk.py: OK
research/runners/_phaseB_embedded_clause_parse_derisk.py: OK
research/runners/_phaseB_fhrr_b_learned_iterative_cleanup_derisk.py: OK
research/runners/_phaseB_fhrr_b_option2_deep_binder_derisk.py: OK
research/runners/_phaseB_fhrr_b_option3_orthogonal_tpr_derisk.py: OK
research/runners/_phaseB_fixed_fhrr_bundled_control.py: OK
research/runners/_phaseB_fixed_role_learned_filler_bundled_derisk.py: OK
research/runners/_phaseB_fixed_role_learned_filler_bundling_derisk.py: OK
research/runners/_phaseB_frame_selection_derisk.py: OK
research/runners/_phaseB_frlf_capacity_sweep.py: OK
research/runners/_phaseB_harden_320_learned_moat_derisk.py: OK
research/runners/_phaseB_harden_320_neural_readout_derisk.py: OK
research/runners/_phaseB_homeo_off_readout.py: OK
research/runners/_phaseB_homeostatic_centering_derisk.py: OK
research/runners/_phaseB_hub_encoding_regime.py: OK
research/runners/_phaseB_input_centering_derisk.py: OK
research/runners/_phaseB_input_mean_bridge.py: OK
research/runners/_phaseB_interneuron_whitening_derisk.py: OK
research/runners/_phaseB_learned_bind_bundle_trained_derisk.py: OK
research/runners/_phaseB_learned_bind_bundled_facts_derisk.py: OK
research/runners/_phaseB_learned_bind_ratenoise_derisk.py: OK
research/runners/_phaseB_learned_bind_streamcodes_derisk.py: OK
research/runners/_phaseB_learned_multiframe_word_order_derisk.py: OK
research/runners/_phaseB_logdomain_cortex_derisk.py: OK
research/runners/_phaseB_lowrank_lateral_derisk.py: OK
research/runners/_phaseB_megakernel_clean_speedup.py: OK
research/runners/_phaseB_megakernel_conversation_validation.py: OK
research/runners/_phaseB_multicue_competition_derisk.py: OK
research/runners/_phaseB_multicue_competition_spiking_derisk.py: OK
research/runners/_phaseB_multicue_comprehension_moat_derisk.py: OK
research/runners/_phaseB_multihop_query_chain_derisk.py: OK
research/runners/_phaseB_multiplicative_bind_bundled_derisk.py: OK
research/runners/_phaseB_multireferent_disambiguation_derisk.py: OK
research/runners/_phaseB_multisentence_ordered_emission_derisk.py: OK
research/runners/_phaseB_multiturn_anaphora_derisk.py: OK
research/runners/_phaseB_neural_attributed_endtoend_derisk.py: OK
research/runners/_phaseB_neural_attributed_parser_derisk.py: OK
research/runners/_phaseB_neural_error_localrule_derisk.py: OK
research/runners/_phaseB_neural_error_tracking_diag.py: OK
research/runners/_phaseB_neural_norm_cortex_derisk.py: OK
research/runners/_phaseB_nonnegative_sm_derisk.py: OK
research/runners/_phaseB_offdiagonal_dendritic_pc_derisk.py: OK
research/runners/_phaseB_offdiagonal_derisk.py: OK
research/runners/_phaseB_onbridge_bind_nonlinearity_derisk.py: OK
research/runners/_phaseB_onbridge_frlf_bundle_derisk.py: OK
research/runners/_phaseB_onbridge_learned_composer_derisk.py: OK
research/runners/_phaseB_onbridge_neural_error_readout_derisk.py: OK
research/runners/_phaseB_onbridge_stream_conversation_derisk.py: OK
research/runners/_phaseB_onbridge_stream_cortex_derisk.py: OK
research/runners/_phaseB_onebrain_agent_integration_derisk.py: OK
research/runners/_phaseB_onebrain_batched_scan_derisk.py: OK
research/runners/_phaseB_onebrain_bindstore_handoff_derisk.py: OK
research/runners/_phaseB_onebrain_cleanup_onbridge_derisk.py: OK
research/runners/_phaseB_onebrain_composer_derisk.py: OK
research/runners/_phaseB_onebrain_cue_scan_derisk.py: OK
research/runners/_phaseB_onebrain_fact_store_query_derisk.py: OK
research/runners/_phaseB_onebrain_integrated_loop_fold_derisk.py: OK
research/runners/_phaseB_onebrain_latency_probe.py: OK
research/runners/_phaseB_onebrain_moat_onbridge_derisk.py: OK
research/runners/_phaseB_onebrain_multifact_store_derisk.py: OK
research/runners/_phaseB_onebrain_multirole_coherence_derisk.py: OK
research/runners/_phaseB_onebrain_parser_coresident_smoke.py: OK
research/runners/_phaseB_onebrain_parser_frontend_derisk.py: OK
research/runners/_phaseB_onebrain_query_profile.py: OK
research/runners/_phaseB_onebrain_register_handoff_derisk.py: OK
research/runners/_phaseB_onebrain_sequencerK_derisk.py: OK
research/runners/_phaseB_onebrain_sequencerK_divnorm_derisk.py: OK
research/runners/_phaseB_onebrain_sequencerK_k32_margin_derisk.py: OK
research/runners/_phaseB_onebrain_sequencerK_k32_parallel.py: OK
research/runners/_phaseB_onebrain_sequencer_derisk.py: OK
research/runners/_phaseB_online_stream_cortex_derisk.py: OK
research/runners/_phaseB_onoff_whitened_derisk.py: OK
research/runners/_phaseB_onsubstrate_localrule_spikerate_derisk.py: OK
research/runners/_phaseB_onsubstrate_readout_bridge_derisk.py: OK
research/runners/_phaseB_ordered_wm_position_binding_derisk.py: OK
research/runners/_phaseB_perhub_adaptation_derisk.py: OK
research/runners/_phaseB_phasor_derisk.py: OK
research/runners/_phaseB_ppmi_bridge_faithful_read_derisk.py: OK
research/runners/_phaseB_ppmi_centering_verify_derisk.py: OK
research/runners/_phaseB_production_spiking_flags_validation.py: OK
research/runners/_phaseB_projection_isolation.py: OK
research/runners/_phaseB_projection_sign_derisk.py: OK
research/runners/_phaseB_real_dense_gate.py: OK
research/runners/_phaseB_real_ge_check.py: OK
research/runners/_phaseB_real_ppmi_input.py: OK
research/runners/_phaseB_reconsolidation_update_derisk.py: OK
research/runners/_phaseB_resonate_cudagraph_prototype.py: OK
research/runners/_phaseB_resonate_period_sweep.py: OK
research/runners/_phaseB_retinal_cortex.py: OK
research/runners/_phaseB_salience_pointer_derisk.py: OK
research/runners/_phaseB_scale_ordered_wm_probe.py: OK
research/runners/_phaseB_self_cued_chain_of_thought_derisk.py: OK
research/runners/_phaseB_serial_order_cq_derisk.py: OK
research/runners/_phaseB_serial_order_multiframe_derisk.py: OK
research/runners/_phaseB_serial_order_multiframe_spiking_derisk.py: OK
research/runners/_phaseB_serial_order_spiking_derisk.py: OK
research/runners/_phaseB_spiking_bind_derisk.py: OK
research/runners/_phaseB_spiking_bind_feedback_align_derisk.py: OK
research/runners/_phaseB_spiking_bind_onoff_derisk.py: OK
research/runners/_phaseB_spiking_mean_derisk.py: OK
research/runners/_phaseB_stdp_cooccurrence_derisk.py: OK
research/runners/_phaseB_strong_drive_gate.py: OK
research/runners/_phaseB_timescale_convergence_derisk.py: OK
research/runners/_phaseB_whitening_axis_probe.py: OK
research/runners/_phaseB_whitening_locus_probe.py: OK
research/runners/_phaseB_wm_coupling_derisk.py: OK
research/runners/_phaseC_S5_divnorm_derisk.py: OK
research/runners/_phaseC_task0_phase0_confirm.py: OK
research/runners/_phaseC_task1_S5_seam_derisk.py: OK
research/runners/_phaseC_task1_cleanup_probe.py: OK
research/runners/_phaseC_task2_wholeturn_loop.py: OK
research/runners/_place_value_sparser_driver.py: OK
research/runners/_productive_morphology_construction_derisk.py: OK
research/runners/_productive_morphology_dual_route_derisk.py: OK
research/runners/_productive_morphology_two_pool_derisk.py: OK
research/runners/_profile_turn.py: OK
research/runners/_r3_structured_input_rate_probe.py: OK
research/runners/_r4_grounding_onbridge.py: OK
research/runners/_readout_norm_R0_optionB_derisk.py: OK
research/runners/_realcorpus_analogical_transfer_derisk.py: OK
research/runners/_realcorpus_cancellation_derisk.py: OK
research/runners/_realcorpus_cancellation_spiking_derisk.py: OK
research/runners/_realcorpus_copular_isa_miner_derisk.py: OK
research/runners/_realcorpus_ditransitive_store_derisk.py: OK
research/runners/_realcorpus_emergent_pos_mining_derisk.py: OK
research/runners/_realcorpus_full_frame_speech_derisk.py: OK
research/runners/_realcorpus_full_pipeline_reason_to_frame_derisk.py: OK
research/runners/_realcorpus_fully_spiking_reason_speak_derisk.py: OK
research/runners/_realcorpus_inheritance_emergent_clusters_derisk.py: OK
research/runners/_realcorpus_inheritance_multilevel_derisk.py: OK
research/runners/_realcorpus_inheritance_rung1_derisk.py: OK
research/runners/_realcorpus_inheritance_rung2_spiking_derisk.py: OK
research/runners/_realcorpus_inheritance_rung3_mined_properties_derisk.py: OK
research/runners/_realcorpus_inheritance_rung4_conversation_derisk.py: OK
research/runners/_realcorpus_isa_definitional_inheritance_derisk.py: OK
research/runners/_realcorpus_learn_corpus_facts_derisk.py: OK
research/runners/_realcorpus_multi_bridge_speaker.py: OK
research/runners/_realcorpus_multilevel_stacked_derisk.py: OK
research/runners/_realcorpus_multireferent_wta_derisk.py: OK
research/runners/_realcorpus_neural_question_routing_derisk.py: OK
research/runners/_realcorpus_neural_role_extraction_derisk.py: OK
research/runners/_realcorpus_one_brain_both_dims_smoke.py: OK
research/runners/_realcorpus_one_brain_spoken_smoke.py: OK
research/runners/_realcorpus_pp_relation_store_derisk.py: OK
research/runners/_realcorpus_productive_inflection_derisk.py: OK
research/runners/_realcorpus_productive_multi_speaker.py: OK
research/runners/_realcorpus_simplewiki_isa_derisk.py: OK
research/runners/_realcorpus_simplewiki_taxonomy_qa_derisk.py: OK
research/runners/_realcorpus_speak_answer_onspikes_derisk.py: OK
research/runners/_realcorpus_spiking_broca_ditransitive_answer_derisk.py: OK
research/runners/_realcorpus_spiking_broca_pp_answer_derisk.py: OK
research/runners/_realcorpus_spiking_broca_property_answer_derisk.py: OK
research/runners/_realcorpus_spiking_broca_relational_answer_derisk.py: OK
research/runners/_realcorpus_spoken_cancellation_derisk.py: OK
research/runners/_realcorpus_spoken_cancellation_spiking_derisk.py: OK
research/runners/_realcorpus_spoken_svo_qa_derisk.py: OK
research/runners/_realcorpus_spreading_activation_completion_derisk.py: OK
research/runners/_realcorpus_svo_compose_probe.py: OK
research/runners/_realcorpus_svo_qa_derisk.py: OK
research/runners/_realcorpus_svo_spiking_derisk.py: OK
research/runners/_realcorpus_taxonomy_cancellation_derisk.py: OK
research/runners/_realcorpus_taxonomy_qa_console_derisk.py: OK
research/runners/_realcorpus_train_affix_pool.py: OK
research/runners/_realcorpus_train_breadth_aw.py: OK
research/runners/_realcorpus_train_breadth_aw2.py: OK
research/runners/_realcorpus_train_breadth_aw3.py: OK
research/runners/_realcorpus_train_breadth_aw4.py: OK
research/runners/_realcorpus_train_breadth_aw5.py: OK
research/runners/_realcorpus_two_bridge_speaker.py: OK
research/runners/_realcorpus_unified_talkable_console.py: OK
research/runners/_realcorpus_wikidata_2up_chained_derisk.py: OK
research/runners/_realcorpus_wikidata_2up_inheritance_derisk.py: OK
research/runners/_realcorpus_wikidata_inheritance_derisk.py: OK
research/runners/_realcorpus_wikidata_taxonomy_derisk.py: OK
research/runners/_recurrent_lm_ceiling.py: OK
research/runners/_recursive_tom_rsa_derisk.py: OK
research/runners/_regen_curriculum_vocab.py: OK
research/runners/_regimeb_corpus_mined_axis_derisk.py: OK
research/runners/_replay_cortical_consolidation_gate.py: OK
research/runners/_replay_cortical_consolidation_gate_v2.py: OK
research/runners/_replay_cortical_consolidation_gate_v3.py: OK
research/runners/_replay_cortical_consolidation_gate_v4.py: OK
research/runners/_reslm_batched_reservoir_derisk.py: OK
research/runners/_reslm_batched_scale_run.py: OK
research/runners/_reslm_batched_scale_selssm_derisk.py: OK
research/runners/_reslm_batched_scale_trained_selssm_derisk.py: OK
research/runners/_reslm_conjunction_readout_derisk.py: OK
research/runners/_reslm_conjunction_subclaimB_ridge_derisk.py: OK
research/runners/_reslm_controlled_lag_eprop_derisk.py: OK
research/runners/_reslm_couple_selssm_into_eprop_generator_derisk.py: OK
research/runners/_reslm_deltastore_horizon_derisk.py: OK
research/runners/_reslm_generalize_rate_check.py: OK
research/runners/_reslm_joint_selssm_eprop_generator_derisk.py: OK
research/runners/_reslm_multitimescale_derisk.py: OK
research/runners/_reslm_np_learn_win_gated_derisk.py: OK
research/runners/_reslm_onbridge_couple_selssm_reservoir_derisk.py: OK
research/runners/_reslm_onbridge_generalize_derisk.py: OK
research/runners/_reslm_onbridge_learn_win_derisk.py: OK
research/runners/_reslm_overlap_rate_check.py: OK
research/runners/_reslm_rate_headroom_sweep.py: OK
research/runners/_reslm_realcorpus_devnorm_derisk.py: OK
research/runners/_reslm_rung2_selective_ssm_derisk.py: OK
research/runners/_reslm_rung3_selective_ssm_realtext_derisk.py: OK
research/runners/_reslm_rung4_conductance_shunt_ssm_derisk.py: OK
research/runners/_reslm_rung4b_ii_onbridge_slow_ssm_state_derisk.py: OK
research/runners/_reslm_rung4b_iii_onbridge_ssm_equivalence_derisk.py: OK
research/runners/_reslm_rung4b_iiib_onbridge_selective_ssm_task_derisk.py: OK
research/runners/_reslm_rung4b_onbridge_shunt_primitive_derisk.py: OK
research/runners/_reslm_rung6_pushpop_register_derisk.py: OK
research/runners/_reslm_rung6_spiking_composition_derisk.py: OK
research/runners/_reslm_scale_trained_selssm_vectorized_derisk.py: OK
research/runners/_reslm_spiking_readout_derisk.py: OK
research/runners/_reslm_talkable_console.py: OK
research/runners/_resonator_on_learned_codes_probe.py: OK
research/runners/_rf_unified_agent_probe.py: OK
research/runners/_riii_ca1_transmission_probe.py: OK
research/runners/_riii_ca3_attractor_diag.py: OK
research/runners/_riii_ca3_coincidence_completion_derisk.py: OK
research/runners/_riii_ca3_competitive_completion_payoff_derisk.py: OK
research/runners/_riii_ca3_competitive_formation_derisk.py: OK
research/runners/_riii_ca3_completion_specificity_derisk.py: OK
research/runners/_riii_ca3_direct_assembly_derisk.py: OK
research/runners/_riii_ca3_emergent_completion_derisk.py: OK
research/runners/_riii_ca3_intrinsic_probe.py: OK
research/runners/_riii_ca3_synchronous_assembly_derisk.py: OK
research/runners/_riii_coinc_aggregate.py: OK
research/runners/_riii_dendritic_completion_derisk.py: OK
research/runners/_riii_hippo_coresidence_validate.py: OK
research/runners/_riii_onsubstrate_readout_test.py: OK
research/runners/_riii_swr_generative_replay_derisk.py: OK
research/runners/_riii_swr_reactivation_probe.py: OK
research/runners/_rolefiller_binding_deep_credit_derisk.py: OK
research/runners/_route_b_agent_wirein_validate.py: OK
research/runners/_run3_ra_grounded_finetune_derisk.py: OK
research/runners/_rung4_onsub_probe.py: OK
research/runners/_rung5_reslm_spiking_spellout_derisk.py: OK
research/runners/_rung6_reslm_discourse_referent_derisk.py: OK
research/runners/_rung6b_reslm_plus_d3_attractor_derisk.py: OK
research/runners/_rungB1_aw_neural_words_transitive_derisk.py: OK
research/runners/_rungB1_fully_spiking_words_capstone_derisk.py: OK
research/runners/_rungB1_reservoir_synaptic_handoff_derisk.py: OK
research/runners/_rungB1b_neural_role_wta_derisk.py: OK
research/runners/_rungB1c_objrel_dann_readout_derisk.py: OK
research/runners/_rungB1c_objrel_divisive_norm_derisk.py: OK
research/runners/_rungB1c_objrel_dopamine_plasticity_derisk.py: OK
research/runners/_rungB1c_objrel_emergent_gradedtie_smoke.py: OK
research/runners/_rungB1c_objrel_ff_inhibition_derisk.py: OK
research/runners/_rungB1c_objrel_first_to_fire_derisk.py: OK
research/runners/_rungB1c_objrel_freq_vs_geometry_isolation_derisk.py: OK
research/runners/_rungB1c_objrel_opponent_accumulator_derisk.py: OK
research/runners/_rungB1c_objrel_per_role_readout_derisk.py: OK
research/runners/_rungB1c_objrel_reservoir_robustness_sweep_derisk.py: OK
research/runners/_rungB1c_objrel_restart_aggregate.py: OK
research/runners/_rungB1c_objrel_restart_basin_escape_derisk.py: OK
research/runners/_rungB1c_objrel_trained_spiking_readout_derisk.py: OK
research/runners/_rungB1c_signed_readout_derisk.py: OK
research/runners/_rungB1c_spiking_reservoir_synaptic_readout_derisk.py: OK
research/runners/_scale787_analyze.py: OK
research/runners/_schema_script_default_filling_derisk.py: OK
research/runners/_second_order_metacog_monitor_derisk.py: OK
research/runners/_self_knowledge_assemble_deliverable.py: OK
research/runners/_self_knowledge_chat_e2e_probe.py: OK
research/runners/_self_knowledge_chat_verify.py: OK
research/runners/_self_knowledge_demo.py: OK
research/runners/_self_knowledge_multiturn_test.py: OK
research/runners/_self_knowledge_qwen_fix_probe.py: OK
research/runners/_self_knowledge_qwen_realrepro.py: OK
research/runners/_self_knowledge_recall_probe.py: OK
research/runners/_self_schema_region_derisk.py: OK
research/runners/_semantic_inheritance_deep_credit_derisk.py: OK
research/runners/_semantic_inheritance_onbridge_spiking_derisk.py: OK
research/runners/_semantic_inheritance_ppmi_deep_credit_derisk.py: OK
research/runners/_seq_fused_fabric.py: OK
research/runners/_seq_fused_fabric_320.py: OK
research/runners/_seq_vocab_shrink_derisk.py: OK
research/runners/_shortcut6_logpolar_aggregate.py: OK
research/runners/_shortcut6_logpolar_remaining5seeds.sh: OK
research/runners/_shortcut6_logpolar_render_smoke.py: OK
research/runners/_shortcut9_trace_conditioning_bridge_probe.py: OK
research/runners/_shortcut9_trace_conditioning_numpy_probe.py: OK
research/runners/_sk_load_planner_speedup_validate.py: OK
research/runners/_slotbinder_content_addressable_probe.py: OK
research/runners/_snn_bptt_forward_vs_learning_isolation_derisk.py: OK
research/runners/_sparse_aw_speak_derisk.py: OK
research/runners/_sparse_capacity_sweep.py: OK
research/runners/_spiking_pattern_completion_probe.py: OK
research/runners/_spiking_sequencer_RA1_close_derisk.py: OK
research/runners/_spiking_sequencer_RB_close_derisk.py: OK
research/runners/_ssm_context_depth_derisk.py: OK
research/runners/_ssm_fixed_structured_reservoir_derisk.py: OK
research/runners/_ssm_reservoir_lm_derisk.py: OK
research/runners/_stage2_gen_erosion_diag.py: OK
research/runners/_stage2_gen_moat_probe.py: OK
research/runners/_stdp_sweep_place_tuning_probe.py: OK
research/runners/_step1_merged_cascade_move_probe.py: OK
research/runners/_step3_correlated_percept_boundary.py: OK
research/runners/_step3_grounded_codes_production_composer_derisk.py: OK
research/runners/_step3_live_cortex_grounded_compose_probe.py: OK
research/runners/_step3_live_cortex_grounded_compose_scale.py: OK
research/runners/_step3_merged_grounded_compose_smoke.py: OK
research/runners/_stp_binder_assembly_onbridge_derisk.py: OK
research/runners/_stp_binder_onbridge_derisk.py: OK
research/runners/_stp_facilitation_binder_derisk.py: OK
research/runners/_tier0_argstructure_build_verify.py: OK
research/runners/_tier0_argstructure_derisk.py: OK
research/runners/_tier0_wh_questions_derisk.py: OK
research/runners/_tier1_entity_instances_derisk.py: OK
research/runners/_tier2_4_common_ground_derisk.py: OK
research/runners/_tier2_5_tense_aspect_derisk.py: OK
research/runners/_tier2_6_da_recall_vigor_derisk.py: OK
research/runners/_tier2_routeB_content_matched.py: OK
research/runners/_tier2_routeB_deployment_smoke.py: OK
research/runners/_tier3_cross_modal_one_animal_derisk.py: OK
research/runners/_tier3_develop_with_a_body_derisk.py: OK
research/runners/_tier3_live_and_remember_derisk.py: OK
research/runners/_tier3_spiking_living_loop_derisk.py: OK
research/runners/_transitive_inference_deep_credit_derisk.py: OK
research/runners/_transitive_ordinal_map_derisk.py: OK
research/runners/_unified_gen_popcode_lever_probe.py: OK
research/runners/_unified_stage0_smoke.py: OK
research/runners/_unified_stage1_merged.py: OK
research/runners/_unified_stage1_parser_diag.py: OK
research/runners/_unified_stage1_parser_diag2.py: OK
research/runners/_unified_stage1_parser_diag3.py: OK
research/runners/_unified_stage1_wiring_check.py: OK
research/runners/_value_salience_appraisal_derisk.py: OK
research/runners/_vision_to_concept_npercat_sweep.py: OK
research/runners/_vision_to_concept_spiking_npercat_sweep.py: OK
research/runners/_visual_grounded_composition_probe.py: OK
research/runners/_visual_grounding_probe.py: OK
research/runners/_vocal_action_credit_gate.py: OK
research/runners/_vocal_action_credit_gate_v3.py: OK
research/runners/_vocal_action_selector_gate.py: OK
research/runners/_wikitext_transformer_ceiling.py: OK
research/runners/_wkv_faculty.py: OK
research/runners/_wkv_onbridge_faculty.py: OK
research/runners/_wkv_spiking_forward_derisk.py: OK
research/runners/_zzz_control_distinguish.py: OK
research/runners/abstention_gate.py: OK
research/runners/abstention_gate_compositional.py: OK
research/runners/abstention_gate_compositional_unified.py: OK
research/runners/abstention_gate_direct_unified.py: OK
research/runners/aggregate_2026_04_29_evals.py: OK
research/runners/aggregate_causal_recall_seeds.py: OK
research/runners/aggregate_invivo_seeds.py: OK
research/runners/aggregate_p5_pool_readout.py: OK
research/runners/aggregate_positional_seeds.py: OK
research/runners/aggregate_seeds.py: OK
research/runners/aggregate_two_concept_seeds.py: OK
research/runners/aggregate_ventral_semantic_seeds.py: OK
research/runners/aggregate_vschema_seeds.py: OK
research/runners/all_paths_demo.py: OK
research/runners/argstructure_composer.py: OK
research/runners/attributed_parser.py: OK
research/runners/auto_grow_chat.py: OK
research/runners/b3_supervised_gradient.py: OK
research/runners/bench_parallel_gpu.py: OK
research/runners/bench_perf_stack.py: OK
research/runners/biased_competition_buffer.py: OK
research/runners/bio_three_factor.py: OK
research/runners/biology_sweep_summary.py: OK
research/runners/bootstrap_hippo_lineage.py: OK
research/runners/brain_chat_tui.py: OK
research/runners/brain_conversational_agent.py: OK
research/runners/bridge_lineage.py: OK
research/runners/bridge_memory_demo.py: OK
research/runners/build_distill_corpus.py: OK
research/runners/c1_trisynaptic_ca1_place_code_derisk.py: OK
research/runners/case_aware_role_parser.py: OK
research/runners/chat_continual_demo.py: OK
research/runners/chat_demo.py: OK
research/runners/chat_demo_aggregate.py: OK
research/runners/chat_learn_demo.py: OK
research/runners/chat_repl.py: OK
research/runners/chat_speak_demo.py: OK
research/runners/chat_speak_synonym_demo.py: OK
research/runners/chat_synonym_demo.py: OK
research/runners/cloud_gpu_benchmark.py: OK
research/runners/coincidence_n9_derisk.py: OK
research/runners/coincidence_volley_n9_derisk.py: OK
research/runners/coincidence_wall_probe.py: OK
research/runners/common_ground_composer.py: OK
research/runners/compose_3word_engram.py: OK
research/runners/compose_4word_engram.py: OK
research/runners/compose_5word_engram.py: OK
research/runners/compose_bind_core.py: OK
research/runners/compose_bind_gate.py: OK
research/runners/compose_bio_conversation_320_demo.py: OK
research/runners/compose_bio_conversation_full320_demo.py: OK
research/runners/compose_bridge_core.py: OK
research/runners/compose_bridge_gate.py: OK
research/runners/compose_chat_repl.py: OK
research/runners/compose_chat_repl_v2.py: OK
research/runners/compose_concept_chain_test.py: OK
research/runners/compose_concept_chat.py: OK
research/runners/compose_concept_engram.py: OK
research/runners/compose_concept_increment.py: OK
research/runners/compose_concept_pool_readout.py: OK
research/runners/compose_concept_strict.py: OK
research/runners/compose_conversation_demo.py: OK
research/runners/compose_conversation_repl.py: OK
research/runners/compose_engram_demo.py: OK
research/runners/compose_engram_demo_v2.py: OK
research/runners/compose_engram_retrieval.py: OK
research/runners/compose_flatdist320_conversation_demo.py: OK
research/runners/compose_full_pipeline.py: OK
research/runners/compose_learned_parse_demo.py: OK
research/runners/compose_live_text_kb_demo.py: OK
research/runners/compose_relational_memory_demo.py: OK
research/runners/compose_retrieval_core.py: OK
research/runners/compose_retrieval_runner.py: OK
research/runners/compose_sequential_engram.py: OK
research/runners/compose_spiking_bind_demo.py: OK
research/runners/compose_vsa_demo.py: OK
research/runners/concept_compose_demo.py: OK
research/runners/concept_compose_train.py: OK
research/runners/concept_grammar.py: OK
research/runners/concept_pool_aggregate.py: OK
research/runners/concept_pool_demo.py: OK
research/runners/concept_pool_demo_set2.py: OK
research/runners/concept_pool_demo_set3.py: OK
research/runners/concept_pool_demo_set4.py: OK
research/runners/concept_pool_demo_set5.py: OK
research/runners/concept_pool_demo_shared.py: OK
research/runners/concept_pool_demo_v2.py: OK
research/runners/concept_pool_demo_v3.py: OK
research/runners/concept_pool_demo_v4.py: OK
research/runners/concept_pool_repl.py: OK
research/runners/concept_pool_sparse_distributed.py: OK
research/runners/concept_speak_demo.py: OK
research/runners/concept_weight_probe.py: OK
research/runners/conjunctive_parser.py: OK
research/runners/consolidated_320_conversation_demo.py: OK
research/runners/consolidation_eval.py: OK
research/runners/consolidation_synonym_trainer.py: OK
research/runners/consolidation_trainer.py: OK
research/runners/constrained_decode_core.py: OK
research/runners/constrained_decode_gate.py: OK
research/runners/content_selection.py: OK
research/runners/content_selection_eval.py: OK
research/runners/content_selection_spiking.py: OK
research/runners/continual_eval_suite.py: OK
research/runners/continual_forgetting_eval.py: OK
research/runners/conversation_log.py: OK
research/runners/core_sim_composition.py: OK
research/runners/corpus_fetch.py: OK
research/runners/corpus_stream.py: OK
research/runners/cortex_conversation_capability_derisk.py: OK
research/runners/cortex_conversation_ensemble_derisk.py: OK
research/runners/cortex_dg_ca3_cleanup_probe.py: OK
research/runners/cortex_dg_ratekwta_cleanup_probe.py: OK
research/runners/cortex_fixed_expansion_decorrelation_probe.py: OK
research/runners/cortex_learned_binder_systematicity_probe.py: OK
research/runners/cortex_learned_cleanup_derisk.py: OK
research/runners/cortex_pretraining.py: OK
research/runners/cortex_sparse_attractor_poscontrol_probe.py: OK
research/runners/cortex_storkey_ca3_cleanup_probe.py: OK
research/runners/debug_step_leak.py: OK
research/runners/dendritic_core.py: OK
research/runners/dendritic_cortex_forward_codes_derisk.py: OK
research/runners/dendritic_d1_learn_graded_structure_derisk.py: OK
research/runners/dendritic_d1p5_spiking_noise_derisk.py: OK
research/runners/dendritic_d1p6_membrane_shunting_derisk.py: OK
research/runners/dendritic_d1p7_spiking_twocompartment_derisk.py: OK
research/runners/dendritic_fair_core.py: OK
research/runners/dendritic_fair_gate.py: OK
research/runners/derisk_unification_5a_plasticity_step_isolation.py: OK
research/runners/derisk_unification_5b_edited.py: OK
research/runners/derisk_unification_5b_rf_izh_coexistence.py: OK
research/runners/develop_loop_supervisor.py: OK
research/runners/develop_run.py: OK
research/runners/developed_brain_io.py: OK
research/runners/dialogue_agent.py: OK
research/runners/dialogue_state.py: OK
research/runners/distill_gate.py: OK
research/runners/distill_subword_lm_train.py: OK
research/runners/distill_teacher.py: OK
research/runners/dual_cls_architecture_proof_probe.py: OK
research/runners/dual_cls_cortex_channel_derisk_probe.py: OK
research/runners/dual_cls_onsubstrate_gate_probe.py: OK
research/runners/dual_cls_strong_encode_derisk_probe.py: OK
research/runners/engram_bootstrap_gate.py: OK
research/runners/engram_partial_cue.py: OK
research/runners/entity_instance_layer.py: OK
research/runners/eval_sanity_check.py: OK
research/runners/factored_relation_analogy.py: OK
research/runners/familiarity_gate_v320_validation.py: OK
research/runners/first_chat_console.py: OK
research/runners/forgetting_summarize.py: OK
research/runners/frame_parser.py: OK
research/runners/funcint_lang_to_action_probe.py: OK
research/runners/funcint_perception_to_memory_probe.py: OK
research/runners/funcint_perception_to_memory_trained_probe.py: OK
research/runners/g11_bg_replicated_runner.py: OK
research/runners/g11_bg_runner.py: OK
research/runners/g11_bg_trajectory_train.py: OK
research/runners/g11_replicated_smoke.py: OK
research/runners/g1_decoder.py: OK
research/runners/g1_network.py: OK
research/runners/g1_runner.py: OK
research/runners/g1_v2_runner.py: OK
research/runners/g1_v3_runner.py: OK
research/runners/g20_160word_demo.py: OK
research/runners/g20_abstention_benchmark.py: OK
research/runners/g20_capture_remediation.py: OK
research/runners/g20_dynamical_probe.py: OK
research/runners/g20_failure_analysis.py: OK
research/runners/g20_failure_diagnostic.py: OK
research/runners/g20_generative_agent.py: OK
research/runners/g20_interference_benchmark.py: OK
research/runners/g20_multibridge.py: OK
research/runners/g20_multiseed_aggregate.py: OK
research/runners/g20_recapture_engrams.py: OK
research/runners/g20_seed_quality_analysis.py: OK
research/runners/g20_sentence_benchmark.py: OK
research/runners/g20_subtaxonomy_2048.py: OK
research/runners/g20_vocab_spec.py: OK
research/runners/g20_vocab_spec_2048.py: OK
research/runners/g20_vocab_spec_320.py: OK
research/runners/g20_xbridge_benchmark.py: OK
research/runners/g2_runner.py: OK
research/runners/g3_runner.py: OK
research/runners/g5_runner.py: OK
research/runners/g5_v2_runner.py: OK
research/runners/g5_v3_runner.py: OK
research/runners/g6_runner.py: OK
research/runners/g8_runner.py: OK
research/runners/g9_runner.py: OK
research/runners/gated_compose_bg_demo.py: OK
research/runners/gated_compose_bg_genuine_demo.py: OK
research/runners/gated_compose_bg_learned_demo.py: OK
research/runners/gated_compose_demo.py: OK
research/runners/gated_sequence_demo.py: OK
research/runners/generation_novelty_probe.py: OK
research/runners/generative_replay_loop.py: OK
research/runners/generative_replay_pfc_frame_core.py: OK
research/runners/generative_replay_pfc_frame_runner.py: OK
research/runners/generator_baseline_smoke.py: OK
research/runners/generator_d_gate.py: OK
research/runners/generator_e_gate.py: OK
research/runners/generator_f_gate.py: OK
research/runners/generator_g_core.py: OK
research/runners/generator_g_gate.py: OK
research/runners/generator_h_core.py: OK
research/runners/generator_h_gate.py: OK
research/runners/graded_lgn_decorrelation_compose.py: OK
research/runners/hierarchical_concepts.py: OK
research/runners/imperfect_english_demo.py: OK
research/runners/inference_benchmark.py: OK
research/runners/integrated_conversation_320.py: OK
research/runners/integrated_conversation_loop.py: OK
research/runners/integrated_loop_core.py: OK
research/runners/integrated_loop_core_v2.py: OK
research/runners/integrated_loop_gate.py: OK
research/runners/investigate_invivo_binding_fix.py: OK
research/runners/investigate_n_events_curve.py: OK
research/runners/learned_assoc_graph.py: OK
research/runners/learned_graded_ca3_derisk.py: OK
research/runners/learned_graded_cortex_fair_test.py: OK
research/runners/learned_graded_cortex_log_simmatch_derisk.py: OK
research/runners/learned_graded_embedding_confirm_probe.py: OK
research/runners/learned_graded_embedding_derisk_probe.py: OK
research/runners/learned_graded_embedding_desaturate_probe.py: OK
research/runners/learned_graded_embedding_diagnose.py: OK
research/runners/learned_graded_embedding_divnorm_readout_probe.py: OK
research/runners/learned_graded_embedding_homeostasis_probe.py: OK
research/runners/learned_nesting_demo.py: OK
research/runners/llm_memory_demo.py: OK
research/runners/lm_chat.py: OK
research/runners/lm_fineweb_setup.py: OK
research/runners/lm_train_lib.py: OK
research/runners/lm_train_run.py: OK
research/runners/local_corpus.py: OK
research/runners/minimal_iso_diagnostic.py: OK
research/runners/morning_briefing.py: OK
research/runners/multi_turn_agent.py: OK
research/runners/multi_turn_agent_v2.py: OK
research/runners/multi_turn_conversation_demo.py: OK
research/runners/multi_turn_ordered_wm_demo.py: OK
research/runners/multibridge_60word_demo.py: OK
research/runners/multibridge_chat.py: OK
research/runners/multibridge_graded_derisk.py: OK
research/runners/multibridge_multiseed_aggregate.py: OK
research/runners/multicue_role_parser.py: OK
research/runners/multitag_eval.py: OK
research/runners/multitag_eval_v17.py: OK
research/runners/multitag_intersection_eval.py: OK
research/runners/multitag_transitive_eval.py: OK
research/runners/multitag_yesno_eval.py: OK
research/runners/n9_convergent_upstate_derisk.py: OK
research/runners/n9_place_graded_critic_stage2_derisk.py: OK
research/runners/nav_conv_merged_bridge.py: OK
research/runners/nav_gate2a_aggregate.py: OK
research/runners/navigate_to_compose_then_answer.py: OK
research/runners/navigate_to_see_then_answer.py: OK
research/runners/navigate_unified_episode.py: OK
research/runners/nested_composition_agent.py: OK
research/runners/neural_serial_order_renderer.py: OK
research/runners/nmda_compositional_consolidation.py: OK
research/runners/onbridge_spiking_whitening_compose.py: OK
research/runners/one_animal_crossmodal_demo.py: OK
research/runners/one_brain_composer.py: OK
research/runners/option_B_whitening_derisk_probe.py: OK
research/runners/option_c_paradigmatic_host_precheck.py: OK
research/runners/option_c_real_cooccurrence_derisk.py: OK
research/runners/option_c_stageB_fair_test.py: OK
research/runners/option_c_stageB_readout_discriminator.py: OK
research/runners/order_intrinsic_core.py: OK
research/runners/order_intrinsic_encode.py: OK
research/runners/order_intrinsic_gate.py: OK
research/runners/order_intrinsic_noharm.py: OK
research/runners/ordered_position_wm.py: OK
research/runners/p5_concept_demo.py: OK
research/runners/p5_concept_demo_v2.py: OK
research/runners/p5_concept_demo_v3.py: OK
research/runners/per_regime_monitor_core.py: OK
research/runners/per_regime_monitor_runner.py: OK
research/runners/perf_benchmark.py: OK
research/runners/permuted_label_check.py: OK
research/runners/persistent_living_loop_derisk.py: OK
research/runners/phase1_composer_ab_derisk.py: OK
research/runners/phase_1_5_aggregate.py: OK
research/runners/phase_factored_decisive.py: OK
research/runners/phase_factored_loop_gate.py: OK
research/runners/phase_handoff_decorrelation_compose.py: OK
research/runners/phase_handoff_fullpipeline_compose.py: OK
research/runners/phasor_associative_memory.py: OK
research/runners/phasor_chat.py: OK
research/runners/phrase_eval.py: OK
research/runners/phrase_trainer.py: OK
research/runners/pirazzini_three_layer_core.py: OK
research/runners/pirazzini_three_layer_runner.py: OK
research/runners/placecode_selforg_stage1_derisk.py: OK
research/runners/plastic_source_memory.py: OK
research/runners/pool_readout_8th_arc_core.py: OK
research/runners/pool_readout_8th_arc_runner.py: OK
research/runners/production_cortex_build.py: OK
research/runners/profile_scaling_3090.py: OK
research/runners/profile_step.py: OK
research/runners/q2r_core.py: OK
research/runners/q2r_gate.py: OK
research/runners/resonate_fire_fhrr.py: OK
research/runners/rf_phasor_composer.py: OK
research/runners/rich_answer_composer.py: OK
research/runners/routed_composer.py: OK
research/runners/sc_approach_td_probe.py: OK
research/runners/sc_map_orienting_probe.py: OK
research/runners/sc_n5_rpe_probe.py: OK
research/runners/scaled_capacity_gate.py: OK
research/runners/scaled_generator_train.py: OK
research/runners/scaled_heldout_eval.py: OK
research/runners/scaled_subword_lm_train.py: OK
research/runners/self_cued_chain_demo.py: OK
research/runners/self_schema_honesty.py: OK
research/runners/sentence_role_eval.py: OK
research/runners/shared_pool_chat.py: OK
research/runners/slotbinder_composer.py: OK
research/runners/snc_pavlovian_probe.py: OK
research/runners/snc_stageb_critic_probe.py: OK
research/runners/snc_stageb_critic_probe_navfaithful.py: OK
research/runners/snc_stageb_critic_probe_place.py: OK
research/runners/song_g1_core.py: OK
research/runners/song_g1_gate.py: OK
research/runners/song_g1_ignite.py: OK
research/runners/song_g1_noharm_probe.py: OK
research/runners/song_g1_train.py: OK
research/runners/spear_conversational_core.py: OK
research/runners/spear_conversational_runner.py: OK
research/runners/spiking_phasor_fhrr.py: OK
research/runners/spiking_sm_cortex.py: OK
research/runners/spiking_unified_agent.py: OK
research/runners/spiking_unified_agent_grounded.py: OK
research/runners/spoken_instruction_nav.py: OK
research/runners/stream_taxonomy_320.py: OK
research/runners/subword_lm_gate.py: OK
research/runners/subword_lm_gate_core.py: OK
research/runners/subword_lm_generate.py: OK
research/runners/subword_tokenizer.py: OK
research/runners/swr_aggregate.py: OK
research/runners/swr_decision.py: OK
research/runners/swr_per_seed.py: OK
research/runners/swr_status.py: OK
research/runners/targeted_cue_suppression_replay_core.py: OK
research/runners/targeted_cue_suppression_replay_runner.py: OK
research/runners/td_critic_core.py: OK
research/runners/td_critic_gate.py: OK
research/runners/tense_aspect_composer.py: OK
research/runners/test_4word_sentence.py: OK
research/runners/test_cumulative_invivo_binding.py: OK
research/runners/test_positional_binding_concept_pool.py: OK
research/runners/test_word_order_discrimination.py: OK
research/runners/text_chat.py: OK
research/runners/text_diag_cascade_bias.py: OK
research/runners/text_eval.py: OK
research/runners/text_eval_analyze.py: OK
research/runners/text_eval_contrastive.py: OK
research/runners/text_eval_embodied.py: OK
research/runners/text_io_meta_analysis.py: OK
research/runners/text_minimal_isolation.py: OK
research/runners/text_pfc_bypass_isolation.py: OK
research/runners/text_reeval.py: OK
research/runners/text_reeval_sweep.py: OK
research/runners/text_train.py: OK
research/runners/text_train_contrastive.py: OK
research/runners/text_train_curriculum.py: OK
research/runners/text_train_embodied.py: OK
research/runners/text_visual_grounding.py: OK
research/runners/text_weight_compare.py: OK
research/runners/text_weight_diagnostic.py: OK
research/runners/theta_gamma_mode_unification_core.py: OK
research/runners/theta_gamma_mode_unification_runner.py: OK
research/runners/tiny_transformer_train.py: OK
research/runners/unaligned_pattern_analysis.py: OK
research/runners/unified_agent_benchmark.py: OK
research/runners/unified_agent_capacity_curve.py: OK
research/runners/unified_agent_conversation_demo.py: OK
research/runners/unified_agent_multimodal_grounded.py: OK
research/runners/unified_agent_realobject_grounded.py: OK
research/runners/unified_agent_visual_grounded.py: OK
research/runners/unified_brain_bridge.py: OK
research/runners/unified_per_regime_monitor_runner.py: OK
research/runners/v15_dlpfc_probe.py: OK
research/runners/v16_compose_permuted_check.py: OK
research/runners/v16_compose_test.py: OK
research/runners/v16_direct_compose_test.py: OK
research/runners/v16_manual_compose.py: OK
research/runners/validate_causal_recall.py: OK
research/runners/validate_positional_binding.py: OK
research/runners/validate_trisynaptic_loop.py: OK
research/runners/validate_two_concept_discrimination.py: OK
research/runners/validate_ventral_semantic.py: OK
research/runners/validate_ventral_semantic_multi.py: OK
research/runners/vocab_ceiling_probe.py: OK
research/runners/wh_question_parser.py: OK
sim/__init__.py: OK
sim/activity_probe.py: OK
sim/auto_growth.py: OK
sim/backend.py: OK
sim/bioparameter.py: OK
sim/bpe_tokenizer.py: OK
sim/bptt_snn.py: OK
sim/bptt_snn_gpu.py: OK
sim/bridge.py: OK
sim/bridge_memory.py: OK
sim/char_tokenizer.py: OK
sim/compose_temporal_bind.py: OK
sim/config.py: OK
sim/connectivity.py: OK
sim/constrained_realize.py: OK
sim/data_bus.py: OK
sim/dendritic_mlp.py: OK
sim/dendritic_neuron.py: OK
sim/dendritic_plasticity.py: OK
sim/enums.py: OK
sim/grounded_decode.py: OK
sim/kernels.py: OK
sim/lineage.py: OK
sim/llm_adapters.py: OK
sim/llm_memory_orchestrator.py: OK
sim/neuromodulators.py: OK
sim/ngram_generate.py: OK
sim/ngram_ppl.py: OK
sim/ngram_teacher.py: OK
sim/predictive_coding.py: OK
sim/profiles.py: OK
sim/progress.py: OK
sim/regions.py: OK
sim/replicas.py: OK
sim/soft_xent.py: OK
sim/song_hvc.py: OK
sim/surrogate_grad.py: OK
sim/synapse_storage.py: OK
sim/td_value_critic.py: OK
sim/text_embeddings.py: OK
sim/tiny_transformer.py: OK
sim/train_checkpoint.py: OK
sim/visual_cortex.py: OK
tools/aggregate_gap4_depth_sweep.py: OK
tools/audit_dependencies.py: OK
tools/aws_gpu.sh: OK
tools/aws_provision.sh: OK
tools/before_you_build.sh: OK
tools/biology_check.py: OK
tools/check_docs.py: OK
tools/claim_check.py: OK
tools/dead_citations.sh: OK
tools/device_check.sh: OK
tools/dispatcher_selftest.sh: OK
tools/engagement_check.py: OK
tools/experiment.py: OK
tools/finding_lint.py: OK
tools/finding_status.py: OK
tools/gap4_log_mirror.sh: OK
tools/gap4_resumable.sh: OK
tools/gates/__init__.py: OK
tools/gates/agent_parallelism.py: OK
tools/gates/artifact_provenance.py: OK
tools/gates/attribution_required.py: OK
tools/gates/below_chance.py: OK
tools/gates/boundary_verdict_external_check.py: OK
tools/gates/claim_verdict_consistency.py: OK
tools/gates/closure_names_mechanism.py: OK
tools/gates/conditional_sweep.py: OK
tools/gates/corpus_check_required.py: OK
tools/gates/coverage.py: OK
tools/gates/device_and_cost.py: OK
tools/gates/discriminating_power.py: OK
tools/gates/doc_type.py: OK
tools/gates/instrument_required.py: OK
tools/gates/knob_reachable.py: OK
tools/gates/lane_starvation.py: OK
tools/gates/lever_efficacy.py: OK
tools/gates/operating_point.py: OK
tools/gates/quantity_mismatch.py: OK
tools/gates/refuted_mechanism_reproposal.py: OK
tools/gates/retrieval_completeness.py: OK
tools/gates/single_seed.py: OK
tools/gates/stale_pointer.py: OK
tools/gates/stated_value_mismatch.py: OK
tools/gates/summary_doc_freshness.py: OK
tools/gates/terminology.py: OK
tools/gates/throughput.py: OK
tools/gates/verdict_preconditions.py: OK
tools/gpu_recover.sh: OK
tools/heartbeat_cmd.sh: OK
tools/lab.py: OK
tools/lane_check.py: OK
tools/lane_dispatch.sh: OK
tools/launch_verified.sh: OK
tools/monitor_runs.py: OK
tools/pool_autodispatch.sh: OK
tools/pool_opsweep_collect.sh: OK
tools/pool_opsweep_dispatch.sh: OK
tools/pool_provision.sh: OK
tools/pool_queue.sh: OK
tools/prose_stats.py: OK
tools/pull_pool_results.sh: OK
tools/push_both.sh: OK
tools/queue_add.sh: OK
tools/rag/build_llamaindex.py: OK
tools/rag/build_llamaindex_full.py: OK
tools/rag/compare_llamaindex.py: OK
tools/rag/extract_reference_pdfs.py: OK
tools/rag/install_git_hook.sh: OK
tools/rag/rag_eval.py: OK
tools/rag/rag_search.py: OK
tools/rag/soma_search.py: OK
tools/rag/update_indexes.py: OK
tools/reboot_prepare.sh: OK
tools/record_external_search.sh: OK
tools/research_gate.sh: OK
tools/split_long_doc_lines.py: OK
tools/track_verdict_logs.sh: OK
tools/verdict.py: OK
tools/workflow_check.sh: OK
