RES-LM ON-BRIDGE LEARN-W_in: does a spiking reservoir's INPUT projection W_in LEARN via the committed enable_bdsp rule (apical=k*(Y@delta), fixed-random Y), fixed-vs-learned W_in on a K-cue distal-cue delayed-decode task; 1-seed; arms=['fixed_win', 'learn_win', 'apical_lesion', 'wrong_sign']
[2026-07-12 02:01:19][INFO] SIM_BRIDGE: NumPy backend (CPU (NumPy backend), 47.7 GB RAM available)
[2026-07-12 02:01:19][INFO] SIM_BRIDGE: Initializing simulation data for model: IZHIKEVICH (3D)... (playback_init: False)
[2026-07-12 02:01:19][INFO] SIM_BRIDGE: Brain-region framework: 2 regions, 238 total neurons, 1 pathways.
[2026-07-12 02:01:19][INFO] SIM_BRIDGE: RNG initialized with seed: 42
[2026-07-12 02:01:19][INFO] SIM_BRIDGE: Initializing Izhikevich model specifics for 238 neurons...
[2026-07-12 02:01:19][INFO] SIM_BRIDGE: Applying parameter heterogeneity to neuron parameters...
[2026-07-12 02:01:19][INFO] SIM_BRIDGE: Applied heterogeneity to 4 parameters.
[2026-07-12 02:01:19][INFO] SIM_BRIDGE: Generating 3D neuron positions for 238 neurons...
[2026-07-12 02:01:19][INFO] SIM_BRIDGE: Generating connections (brain-region framework)...
[2026-07-12 02:01:19][INFO] SIM_BRIDGE: inject_explicit_wiring: installed 14112 synapses across 2 populations.
[2026-07-12 02:01:19][INFO] SIM_BRIDGE: Simulation data initialized for 238 neurons (3D). Synapses: 14112. GPU memory: 23.8GB/51.2GB (46.5%)
  [seed 42] V=74 n_cues=72 n_pool=90 dist=6 n_tr=144 n_ev=72 chance=0.014 | res spikes/step 0.024
    B_rises diagnostic: B_rest 0.0000 -> B_apical 0.0064 (B_rises True)
    arm     fixed_win: decode 0.944 | dw_win 0.000000 dw_rec 0.000000 | teach_B 0.0000
    arm     learn_win: decode 0.944 | dw_win 0.005619 dw_rec 0.000000 | teach_B 0.0203 | input_lesion 0.014 | scramble 0.000
    arm apical_lesion: decode 0.917 | dw_win 0.002896 dw_rec 0.000000 | teach_B 0.0000
    arm    wrong_sign: decode 0.958 | dw_win 0.005921 dw_rec 0.000000 | teach_B 0.0208
    no_weight_transport True | RATE ref learn 1.000 vs fixed 1.000

======================================================================================================================
[reslm-learn-win] VERDICT: BOUNDARY -- learn-minus-fixed margin 0.0 < 0.10; wrong_sign 0.9583 did not anti-learn (vs fixed 0.9444). Machinery ran; margin/controls not cleared at these seeds/scale. Name the residual (operating point / lr / epochs / dist vs depth) as the next single-variable de-risk; the rate ceiling (learn 1.000 vs fixed 1.000) bounds the headroom. Do NOT force a positive.
[reslm-learn-win] wrote research\findings\raw\_reslm_collision\_K72_np90_d6.json
======================================================================================================================
