[stream-eprop] corpus=data/corpus/tinystories_train.txt stream=2000000 V=2000 n_pool=300 block=128 batch=64 lane=28125 epochs=4 bptt_steps=4000 dev=cuda permute_stream=False
[stream-eprop] PRE-REGISTERED EXPECTATION: e-prop is a diagonal (RTRL) truncation dropping the off-diagonal recurrent Jacobian; literature (Bellec-2020 needed DNI for long-range PTB; Murray-2019 RFLO matches BPTT only for short horizons) predicts plastic_eprop captures MOST of the SHALLOW margin and only a SMALL fraction of the DEEP margin. A shallow-only capture is an HONEST NEGATIVE on long-range -- a first-class deliverable.
      [fixed_reservoir] epoch 1/4 last-block-CE 7.951
      [fixed_reservoir] epoch 2/4 last-block-CE 7.928
      [fixed_reservoir] epoch 3/4 last-block-CE 7.903
      [fixed_reservoir] epoch 4/4 last-block-CE 7.885
    -> fixed_reservoir: shallow_margin -3.2874  deep_margin -2.8856  agg_ce 7.2171  (189s)
      [plastic_eprop] epoch 1/4 last-block-CE 7.868
      [plastic_eprop] epoch 2/4 last-block-CE 7.609
      [plastic_eprop] epoch 3/4 last-block-CE 6.962
      [plastic_eprop] epoch 4/4 last-block-CE 6.023
    -> plastic_eprop: shallow_margin -3.2918  deep_margin -2.3491  agg_ce 6.7491  (421s)
      [plastic_eprop_dualtc] epoch 1/4 last-block-CE 5.856
      [plastic_eprop_dualtc] epoch 2/4 last-block-CE 6.294
      [plastic_eprop_dualtc] epoch 3/4 last-block-CE 5.680
      [plastic_eprop_dualtc] epoch 4/4 last-block-CE 5.555
    -> plastic_eprop_dualtc: shallow_margin -3.2887  deep_margin -1.7172  agg_ce 6.1890  (730s)
      [plastic_eprop_dualtc_shuffle] epoch 1/4 last-block-CE 7.957
      [plastic_eprop_dualtc_shuffle] epoch 2/4 last-block-CE 7.925
      [plastic_eprop_dualtc_shuffle] epoch 3/4 last-block-CE 7.909
      [plastic_eprop_dualtc_shuffle] epoch 4/4 last-block-CE 7.872
    -> plastic_eprop_dualtc_shuffle: shallow_margin -3.2875  deep_margin -2.8844  agg_ce 7.2161  (930s)
      [BPTT_same_net] step 1000/4000 train-CE 5.725
      [BPTT_same_net] step 2000/4000 train-CE 5.725
      [BPTT_same_net] step 3000/4000 train-CE 5.773
      [BPTT_same_net] step 4000/4000 train-CE 5.743
    -> BPTT_fixed_win: shallow_margin -1.4809  deep_margin -1.3995  agg_ce 5.6887  (881s)

[stream-eprop] MARGIN vs add-1 stream bigram, by within-block context depth (+ = arm better than bigram):
                 arm         1         2         3       4-8      9-16    17-127   SHALLOW      DEEP
     fixed_reservoir   -3.3032   -3.3165   -3.2932   -3.2772   -3.2034   -2.8856   -3.2874   -2.8856
       plastic_eprop   -3.3042   -3.3194   -3.2971   -3.2827   -3.2121   -2.3491   -3.2918   -2.3491
    plastic_eprop_dualtc   -3.3093   -3.3241   -3.3020   -3.2749   -3.0913   -1.7172   -3.2887   -1.7172
    plastic_eprop_dualtc_shuffle   -3.3033   -3.3166   -3.2933   -3.2774   -3.2035   -2.8844   -3.2875   -2.8844
      BPTT_fixed_win   -1.8284   -1.5525   -1.4654   -1.4001   -1.3661   -1.3995   -1.4809   -1.3995

[stream-eprop] ANTI-CHEATS:
    zero_signal W_rec == fixed_reservoir W_rec (byte-identical): None

[stream-eprop] GATE: INCOMPLETE (need all 5 arms; have ['BPTT_fixed_win', 'fixed_reservoir', 'plastic_eprop', 'plastic_eprop_dualtc', 'plastic_eprop_dualtc_shuffle'])

[stream-eprop] FIXED-FLOOR-RELATIVE recurrent-credit fraction (plastic gain over fixed / BPTT gain over fixed; isolates the credit RULE):
    vs  BPTT_fixed_win: frac_clean_deep 0.361  frac_clean_shallow -0.0024  (plastic +0.537 / bptt +1.486 deep) <- CLEANEST (identical frozen W_in)

[stream-eprop] DUAL-TIMESCALE eligibility (slow credit horizon, NO forward change):
    vs  BPTT_fixed_win: frac_clean_deep 0.7862  (dualtc +1.168 / bptt +1.486 deep) <- CLEANEST (identical frozen W_in)
    DUALTC deep lift over plain e-prop = -1.7172 - -2.3491 = +0.6319  (shallow: -3.2887 vs -3.2918)
    DUALTC-SHUFFLE anti-cheat (permute the combined eligibility -- magnitude kept, structure broken): dualtc deep -1.7172 -> shuffled -2.8844 (COLLAPSES to <= plain (lift is genuine CREDIT, not magnitude))

-> research/findings/raw/_r2_6seed/_seed43.json (3150.8s)
STREAM_EPROP_DONE
