
=== concept_pool_demo (seed=43) ===
  Architecture: 4 motor + 4 noun + 4 verb + 4 adjective = 16 pools
  Vocab: ['north', 'east', 'south', 'west'] + ['tree', 'bird', 'sun', 'moon'] + ['walk', 'run', 'eat', 'sleep'] + ['red', 'blue', 'fast', 'slow']
  Train events/word: 200
[2026-05-15 00:04:44][INFO] SIM_BRIDGE: CuPy using GPU: NVIDIA GeForce RTX 3090 (24.0 GB), mempool limit: 80%
[2026-05-15 00:04:44][INFO] SIM_BRIDGE: Initializing simulation data for model: IZHIKEVICH (3D)... (playback_init: False)
[2026-05-15 00:04:44][INFO] SIM_BRIDGE: Brain-region framework: 34 regions, 7680 total neurons, 96 pathways.
[2026-05-15 00:04:44][INFO] SIM_BRIDGE: RNG initialized with seed: 43
[2026-05-15 00:04:44][INFO] SIM_BRIDGE: Initializing Izhikevich model specifics for 7680 neurons...
[2026-05-15 00:04:44][INFO] SIM_BRIDGE: Region 'language_input' (2048 neurons): using Izh type IZH2007_RS_CORTICAL_PYRAMIDAL
[2026-05-15 00:04:44][INFO] SIM_BRIDGE: Region 'motor_N' (200 neurons): using Izh type IZH2007_RS_CORTICAL_PYRAMIDAL
[2026-05-15 00:04:44][INFO] SIM_BRIDGE: Region 'motor_E' (200 neurons): using Izh type IZH2007_RS_CORTICAL_PYRAMIDAL
[2026-05-15 00:04:44][INFO] SIM_BRIDGE: Region 'motor_S' (200 neurons): using Izh type IZH2007_RS_CORTICAL_PYRAMIDAL
[2026-05-15 00:04:44][INFO] SIM_BRIDGE: Region 'motor_W' (200 neurons): using Izh type IZH2007_RS_CORTICAL_PYRAMIDAL
[2026-05-15 00:04:44][INFO] SIM_BRIDGE: Region 'language_output' (2048 neurons): using Izh type IZH2007_RS_CORTICAL_PYRAMIDAL
[2026-05-15 00:04:44][INFO] SIM_BRIDGE: Region 'motor_FS_N' (24 neurons): using Izh type IZH2007_FS_CORTICAL_INTERNEURON
[2026-05-15 00:04:44][INFO] SIM_BRIDGE: Region 'motor_FS_E' (24 neurons): using Izh type IZH2007_FS_CORTICAL_INTERNEURON
[2026-05-15 00:04:44][INFO] SIM_BRIDGE: Region 'motor_FS_S' (24 neurons): using Izh type IZH2007_FS_CORTICAL_INTERNEURON
[2026-05-15 00:04:44][INFO] SIM_BRIDGE: Region 'motor_FS_W' (24 neurons): using Izh type IZH2007_FS_CORTICAL_INTERNEURON
[2026-05-15 00:04:44][INFO] SIM_BRIDGE: Region 'noun_pool_TREE' (200 neurons): using Izh type IZH2007_RS_CORTICAL_PYRAMIDAL
[2026-05-15 00:04:44][INFO] SIM_BRIDGE: Region 'noun_pool_BIRD' (200 neurons): using Izh type IZH2007_RS_CORTICAL_PYRAMIDAL
[2026-05-15 00:04:44][INFO] SIM_BRIDGE: Region 'noun_pool_SUN' (200 neurons): using Izh type IZH2007_RS_CORTICAL_PYRAMIDAL
[2026-05-15 00:04:44][INFO] SIM_BRIDGE: Region 'noun_pool_MOON' (200 neurons): using Izh type IZH2007_RS_CORTICAL_PYRAMIDAL
[2026-05-15 00:04:44][INFO] SIM_BRIDGE: Region 'noun_pool_TREE_fs' (24 neurons): using Izh type IZH2007_FS_CORTICAL_INTERNEURON
[2026-05-15 00:04:44][INFO] SIM_BRIDGE: Region 'noun_pool_BIRD_fs' (24 neurons): using Izh type IZH2007_FS_CORTICAL_INTERNEURON
[2026-05-15 00:04:44][INFO] SIM_BRIDGE: Region 'noun_pool_SUN_fs' (24 neurons): using Izh type IZH2007_FS_CORTICAL_INTERNEURON
[2026-05-15 00:04:44][INFO] SIM_BRIDGE: Region 'noun_pool_MOON_fs' (24 neurons): using Izh type IZH2007_FS_CORTICAL_INTERNEURON
[2026-05-15 00:04:44][INFO] SIM_BRIDGE: Region 'verb_pool_WALK' (200 neurons): using Izh type IZH2007_RS_CORTICAL_PYRAMIDAL
[2026-05-15 00:04:44][INFO] SIM_BRIDGE: Region 'verb_pool_RUN' (200 neurons): using Izh type IZH2007_RS_CORTICAL_PYRAMIDAL
[2026-05-15 00:04:44][INFO] SIM_BRIDGE: Region 'verb_pool_EAT' (200 neurons): using Izh type IZH2007_RS_CORTICAL_PYRAMIDAL
[2026-05-15 00:04:44][INFO] SIM_BRIDGE: Region 'verb_pool_SLEEP' (200 neurons): using Izh type IZH2007_RS_CORTICAL_PYRAMIDAL
[2026-05-15 00:04:44][INFO] SIM_BRIDGE: Region 'verb_pool_WALK_fs' (24 neurons): using Izh type IZH2007_FS_CORTICAL_INTERNEURON
[2026-05-15 00:04:44][INFO] SIM_BRIDGE: Region 'verb_pool_RUN_fs' (24 neurons): using Izh type IZH2007_FS_CORTICAL_INTERNEURON
[2026-05-15 00:04:44][INFO] SIM_BRIDGE: Region 'verb_pool_EAT_fs' (24 neurons): using Izh type IZH2007_FS_CORTICAL_INTERNEURON
[2026-05-15 00:04:44][INFO] SIM_BRIDGE: Region 'verb_pool_SLEEP_fs' (24 neurons): using Izh type IZH2007_FS_CORTICAL_INTERNEURON
[2026-05-15 00:04:44][INFO] SIM_BRIDGE: Region 'adjective_pool_RED' (200 neurons): using Izh type IZH2007_RS_CORTICAL_PYRAMIDAL
[2026-05-15 00:04:44][INFO] SIM_BRIDGE: Region 'adjective_pool_BLUE' (200 neurons): using Izh type IZH2007_RS_CORTICAL_PYRAMIDAL
[2026-05-15 00:04:44][INFO] SIM_BRIDGE: Region 'adjective_pool_FAST' (200 neurons): using Izh type IZH2007_RS_CORTICAL_PYRAMIDAL
[2026-05-15 00:04:44][INFO] SIM_BRIDGE: Region 'adjective_pool_SLOW' (200 neurons): using Izh type IZH2007_RS_CORTICAL_PYRAMIDAL
[2026-05-15 00:04:44][INFO] SIM_BRIDGE: Region 'adjective_pool_RED_fs' (24 neurons): using Izh type IZH2007_FS_CORTICAL_INTERNEURON
[2026-05-15 00:04:44][INFO] SIM_BRIDGE: Region 'adjective_pool_BLUE_fs' (24 neurons): using Izh type IZH2007_FS_CORTICAL_INTERNEURON
[2026-05-15 00:04:44][INFO] SIM_BRIDGE: Region 'adjective_pool_FAST_fs' (24 neurons): using Izh type IZH2007_FS_CORTICAL_INTERNEURON
[2026-05-15 00:04:44][INFO] SIM_BRIDGE: Region 'adjective_pool_SLOW_fs' (24 neurons): using Izh type IZH2007_FS_CORTICAL_INTERNEURON
[2026-05-15 00:04:44][INFO] SIM_BRIDGE: Applying parameter heterogeneity to neuron parameters...
[2026-05-15 00:04:44][INFO] SIM_BRIDGE: Applied heterogeneity to 4 parameters.
[2026-05-15 00:04:44][INFO] SIM_BRIDGE: Initializing OU process state (tau=15.0ms, sigma=100.0pA)...
[2026-05-15 00:04:44][INFO] SIM_BRIDGE: Generating 3D neuron positions for 7680 neurons...
[2026-05-15 00:04:44][INFO] SIM_BRIDGE: Generating connections (brain-region framework)...
[2026-05-15 00:04:51][INFO] SIM_BRIDGE: inject_explicit_wiring: installed 4542099 synapses across 114 populations.
[2026-05-15 00:04:51][INFO] SIM_BRIDGE: Initializing eligibility traces for 4542099 synapses (capacity: 6813148, dtype: float32)...
[2026-05-15 00:04:51][INFO] SIM_BRIDGE: Initializing STDP state for 7680 neurons...
[2026-05-15 00:04:51][INFO] SIM_BRIDGE: Simulation data initialized for 7680 neurons (3D). Synapses: 4542099. GPU memory: 1.6GB/25.8GB (6.4%)
[BUILD] concept-pool bridge: 7680 neurons total, 12 concept pools (2400 neurons in pools)
[topographic-bias] Applied factor=3.00/0.30 across motor + noun + verb pools
  north->motor_N: x3.00 on 6110 edges
  east->motor_E: x3.00 on 6067 edges
  south->motor_S: x3.00 on 6075 edges
  west->motor_W: x3.00 on 6063 edges
  tree->noun_pool_TREE: x3.00 on 6072 edges
  bird->noun_pool_BIRD: x3.00 on 6171 edges
  sun->noun_pool_SUN: x3.00 on 6090 edges
  moon->noun_pool_MOON: x3.00 on 6047 edges
  walk->verb_pool_WALK: x3.00 on 6116 edges
  run->verb_pool_RUN: x3.00 on 5990 edges
  eat->verb_pool_EAT: x3.00 on 6109 edges
  sleep->verb_pool_SLEEP: x3.00 on 6096 edges
  red->adjective_pool_RED: x3.00 on 6088 edges
  blue->adjective_pool_BLUE: x3.00 on 6020 edges
  fast->adjective_pool_FAST: x3.00 on 6121 edges
  slow->adjective_pool_SLOW: x3.00 on 6132 edges
  reciprocal_target_edges: x3.00 on 97940 edges

[TRAIN] 16 (word, pool) pairs, 200 events each = 3200 total events (interleaved)
  interleaved event 100/3200 (36s)
  interleaved event 200/3200 (73s)
  interleaved event 300/3200 (110s)
  interleaved event 400/3200 (150s)
  interleaved event 500/3200 (190s)
  interleaved event 600/3200 (230s)
  interleaved event 700/3200 (267s)
  interleaved event 800/3200 (305s)
  interleaved event 900/3200 (343s)
  interleaved event 1000/3200 (380s)
  interleaved event 1100/3200 (416s)
  interleaved event 1200/3200 (451s)
  interleaved event 1300/3200 (484s)
  interleaved event 1400/3200 (515s)
  interleaved event 1500/3200 (546s)
  interleaved event 1600/3200 (579s)
  interleaved event 1700/3200 (612s)
  interleaved event 1800/3200 (644s)
  interleaved event 1900/3200 (684s)
  interleaved event 2000/3200 (718s)
  interleaved event 2100/3200 (749s)
  interleaved event 2200/3200 (780s)
  interleaved event 2300/3200 (812s)
  interleaved event 2400/3200 (843s)
  interleaved event 2500/3200 (875s)
  interleaved event 2600/3200 (911s)
  interleaved event 2700/3200 (952s)
  interleaved event 2800/3200 (986s)
  interleaved event 2900/3200 (1021s)
  interleaved event 3000/3200 (1055s)
  interleaved event 3100/3200 (1089s)
  interleaved event 3200/3200 (1120s)

[TRAIN] complete (1120s, interleaved)

[SAVE] saving bridge to research/findings/raw/g11_bg/concept_pool_demo/seed43_set2.simstate.h5
[2026-05-15 00:23:36][INFO] SIM_BRIDGE: Saving checkpoint to research/findings/raw/g11_bg/concept_pool_demo/seed43_set2.simstate.h5...
[2026-05-15 00:23:37][SUCCESS] SIM_BRIDGE: Checkpoint saved successfully to research/findings/raw/g11_bg/concept_pool_demo/seed43_set2.simstate.h5
[SAVE] checkpoint written

[EVAL] measuring cross-category isolation across 16 pools

[RESULTS] per-word cross-category isolation:
  north    -> motor_N               target=1.495  max_off=1.030 (adjective_pool_FAST)  ratio=1.45x  [PASS]
  east     -> motor_E               target=0.400  max_off=0.685 (motor_W)  ratio=0.58x  [FAIL]
  south    -> motor_S               target=0.935  max_off=0.545 (motor_N)  ratio=1.72x  [PASS]
  west     -> motor_W               target=1.815  max_off=1.100 (adjective_pool_FAST)  ratio=1.65x  [PASS]
  tree     -> noun_pool_TREE        target=0.930  max_off=0.810 (motor_W)  ratio=1.15x  [PASS]
  bird     -> noun_pool_BIRD        target=1.035  max_off=1.115 (adjective_pool_FAST)  ratio=0.93x  [FAIL]
  sun      -> noun_pool_SUN         target=1.230  max_off=0.940 (adjective_pool_SLOW)  ratio=1.31x  [PASS]
  moon     -> noun_pool_MOON        target=1.195  max_off=1.100 (motor_S)  ratio=1.09x  [PASS]
  walk     -> verb_pool_WALK        target=0.835  max_off=0.690 (noun_pool_MOON)  ratio=1.21x  [PASS]
  run      -> verb_pool_RUN         target=1.055  max_off=1.025 (motor_W)  ratio=1.03x  [PASS]
  eat      -> verb_pool_EAT         target=0.880  max_off=0.655 (verb_pool_RUN)  ratio=1.34x  [PASS]
  sleep    -> verb_pool_SLEEP       target=0.380  max_off=0.715 (adjective_pool_FAST)  ratio=0.53x  [FAIL]
  red      -> adjective_pool_RED    target=1.330  max_off=0.745 (motor_W)  ratio=1.79x  [PASS]
  blue     -> adjective_pool_BLUE   target=0.460  max_off=0.870 (adjective_pool_RED)  ratio=0.53x  [FAIL]
  fast     -> adjective_pool_FAST   target=1.365  max_off=0.805 (noun_pool_BIRD)  ratio=1.70x  [PASS]
  slow     -> adjective_pool_SLOW   target=1.585  max_off=1.130 (adjective_pool_FAST)  ratio=1.40x  [PASS]

[VERDICT] 12/16 words have correct target-pool dominance
  Total wall clock: 1140s

[OUT] wrote research\findings\raw\g11_bg\concept_pool_demo\seed43_set2.json
