
=== concept_pool_demo (seed=46) ===
  Architecture: 4 motor + 4 noun + 4 verb + 4 adjective = 16 pools
  Vocab: ['north', 'east', 'south', 'west'] + ['house', 'road', 'fire', 'water'] + ['give', 'take', 'find', 'lose'] + ['tall', 'short', 'wet', 'dry']
  Train events/word: 200
[2026-05-15 03:57:16][INFO] SIM_BRIDGE: CuPy using GPU: NVIDIA GeForce RTX 3090 (24.0 GB), mempool limit: 80%
[2026-05-15 03:57:16][INFO] SIM_BRIDGE: Initializing simulation data for model: IZHIKEVICH (3D)... (playback_init: False)
[2026-05-15 03:57:16][INFO] SIM_BRIDGE: Brain-region framework: 34 regions, 7680 total neurons, 96 pathways.
[2026-05-15 03:57:16][INFO] SIM_BRIDGE: RNG initialized with seed: 46
[2026-05-15 03:57:16][INFO] SIM_BRIDGE: Initializing Izhikevich model specifics for 7680 neurons...
[2026-05-15 03:57:16][INFO] SIM_BRIDGE: Region 'language_input' (2048 neurons): using Izh type IZH2007_RS_CORTICAL_PYRAMIDAL
[2026-05-15 03:57:16][INFO] SIM_BRIDGE: Region 'motor_N' (200 neurons): using Izh type IZH2007_RS_CORTICAL_PYRAMIDAL
[2026-05-15 03:57:16][INFO] SIM_BRIDGE: Region 'motor_E' (200 neurons): using Izh type IZH2007_RS_CORTICAL_PYRAMIDAL
[2026-05-15 03:57:16][INFO] SIM_BRIDGE: Region 'motor_S' (200 neurons): using Izh type IZH2007_RS_CORTICAL_PYRAMIDAL
[2026-05-15 03:57:16][INFO] SIM_BRIDGE: Region 'motor_W' (200 neurons): using Izh type IZH2007_RS_CORTICAL_PYRAMIDAL
[2026-05-15 03:57:16][INFO] SIM_BRIDGE: Region 'language_output' (2048 neurons): using Izh type IZH2007_RS_CORTICAL_PYRAMIDAL
[2026-05-15 03:57:16][INFO] SIM_BRIDGE: Region 'motor_FS_N' (24 neurons): using Izh type IZH2007_FS_CORTICAL_INTERNEURON
[2026-05-15 03:57:16][INFO] SIM_BRIDGE: Region 'motor_FS_E' (24 neurons): using Izh type IZH2007_FS_CORTICAL_INTERNEURON
[2026-05-15 03:57:16][INFO] SIM_BRIDGE: Region 'motor_FS_S' (24 neurons): using Izh type IZH2007_FS_CORTICAL_INTERNEURON
[2026-05-15 03:57:16][INFO] SIM_BRIDGE: Region 'motor_FS_W' (24 neurons): using Izh type IZH2007_FS_CORTICAL_INTERNEURON
[2026-05-15 03:57:16][INFO] SIM_BRIDGE: Region 'noun_pool_HOUSE' (200 neurons): using Izh type IZH2007_RS_CORTICAL_PYRAMIDAL
[2026-05-15 03:57:16][INFO] SIM_BRIDGE: Region 'noun_pool_ROAD' (200 neurons): using Izh type IZH2007_RS_CORTICAL_PYRAMIDAL
[2026-05-15 03:57:16][INFO] SIM_BRIDGE: Region 'noun_pool_FIRE' (200 neurons): using Izh type IZH2007_RS_CORTICAL_PYRAMIDAL
[2026-05-15 03:57:16][INFO] SIM_BRIDGE: Region 'noun_pool_WATER' (200 neurons): using Izh type IZH2007_RS_CORTICAL_PYRAMIDAL
[2026-05-15 03:57:16][INFO] SIM_BRIDGE: Region 'noun_pool_HOUSE_fs' (24 neurons): using Izh type IZH2007_FS_CORTICAL_INTERNEURON
[2026-05-15 03:57:16][INFO] SIM_BRIDGE: Region 'noun_pool_ROAD_fs' (24 neurons): using Izh type IZH2007_FS_CORTICAL_INTERNEURON
[2026-05-15 03:57:16][INFO] SIM_BRIDGE: Region 'noun_pool_FIRE_fs' (24 neurons): using Izh type IZH2007_FS_CORTICAL_INTERNEURON
[2026-05-15 03:57:16][INFO] SIM_BRIDGE: Region 'noun_pool_WATER_fs' (24 neurons): using Izh type IZH2007_FS_CORTICAL_INTERNEURON
[2026-05-15 03:57:16][INFO] SIM_BRIDGE: Region 'verb_pool_GIVE' (200 neurons): using Izh type IZH2007_RS_CORTICAL_PYRAMIDAL
[2026-05-15 03:57:16][INFO] SIM_BRIDGE: Region 'verb_pool_TAKE' (200 neurons): using Izh type IZH2007_RS_CORTICAL_PYRAMIDAL
[2026-05-15 03:57:16][INFO] SIM_BRIDGE: Region 'verb_pool_FIND' (200 neurons): using Izh type IZH2007_RS_CORTICAL_PYRAMIDAL
[2026-05-15 03:57:16][INFO] SIM_BRIDGE: Region 'verb_pool_LOSE' (200 neurons): using Izh type IZH2007_RS_CORTICAL_PYRAMIDAL
[2026-05-15 03:57:16][INFO] SIM_BRIDGE: Region 'verb_pool_GIVE_fs' (24 neurons): using Izh type IZH2007_FS_CORTICAL_INTERNEURON
[2026-05-15 03:57:16][INFO] SIM_BRIDGE: Region 'verb_pool_TAKE_fs' (24 neurons): using Izh type IZH2007_FS_CORTICAL_INTERNEURON
[2026-05-15 03:57:16][INFO] SIM_BRIDGE: Region 'verb_pool_FIND_fs' (24 neurons): using Izh type IZH2007_FS_CORTICAL_INTERNEURON
[2026-05-15 03:57:16][INFO] SIM_BRIDGE: Region 'verb_pool_LOSE_fs' (24 neurons): using Izh type IZH2007_FS_CORTICAL_INTERNEURON
[2026-05-15 03:57:16][INFO] SIM_BRIDGE: Region 'adjective_pool_TALL' (200 neurons): using Izh type IZH2007_RS_CORTICAL_PYRAMIDAL
[2026-05-15 03:57:16][INFO] SIM_BRIDGE: Region 'adjective_pool_SHORT' (200 neurons): using Izh type IZH2007_RS_CORTICAL_PYRAMIDAL
[2026-05-15 03:57:16][INFO] SIM_BRIDGE: Region 'adjective_pool_WET' (200 neurons): using Izh type IZH2007_RS_CORTICAL_PYRAMIDAL
[2026-05-15 03:57:16][INFO] SIM_BRIDGE: Region 'adjective_pool_DRY' (200 neurons): using Izh type IZH2007_RS_CORTICAL_PYRAMIDAL
[2026-05-15 03:57:16][INFO] SIM_BRIDGE: Region 'adjective_pool_TALL_fs' (24 neurons): using Izh type IZH2007_FS_CORTICAL_INTERNEURON
[2026-05-15 03:57:16][INFO] SIM_BRIDGE: Region 'adjective_pool_SHORT_fs' (24 neurons): using Izh type IZH2007_FS_CORTICAL_INTERNEURON
[2026-05-15 03:57:16][INFO] SIM_BRIDGE: Region 'adjective_pool_WET_fs' (24 neurons): using Izh type IZH2007_FS_CORTICAL_INTERNEURON
[2026-05-15 03:57:16][INFO] SIM_BRIDGE: Region 'adjective_pool_DRY_fs' (24 neurons): using Izh type IZH2007_FS_CORTICAL_INTERNEURON
[2026-05-15 03:57:16][INFO] SIM_BRIDGE: Applying parameter heterogeneity to neuron parameters...
[2026-05-15 03:57:16][INFO] SIM_BRIDGE: Applied heterogeneity to 4 parameters.
[2026-05-15 03:57:16][INFO] SIM_BRIDGE: Initializing OU process state (tau=15.0ms, sigma=100.0pA)...
[2026-05-15 03:57:16][INFO] SIM_BRIDGE: Generating 3D neuron positions for 7680 neurons...
[2026-05-15 03:57:16][INFO] SIM_BRIDGE: Generating connections (brain-region framework)...
[2026-05-15 03:57:22][INFO] SIM_BRIDGE: inject_explicit_wiring: installed 4548033 synapses across 114 populations.
[2026-05-15 03:57:22][INFO] SIM_BRIDGE: Initializing eligibility traces for 4548033 synapses (capacity: 6822049, dtype: float32)...
[2026-05-15 03:57:22][INFO] SIM_BRIDGE: Initializing STDP state for 7680 neurons...
[2026-05-15 03:57:22][INFO] SIM_BRIDGE: Simulation data initialized for 7680 neurons (3D). Synapses: 4548033. GPU memory: 1.6GB/25.8GB (6.4%)
[BUILD] concept-pool bridge: 7680 neurons total, 12 concept pools (2400 neurons in pools)
[topographic-bias] Applied factor=3.00/0.30 across motor + noun + verb pools
  north->motor_N: x3.00 on 6167 edges
  east->motor_E: x3.00 on 6090 edges
  south->motor_S: x3.00 on 6250 edges
  west->motor_W: x3.00 on 6244 edges
  house->noun_pool_HOUSE: x3.00 on 6083 edges
  road->noun_pool_ROAD: x3.00 on 6002 edges
  fire->noun_pool_FIRE: x3.00 on 6107 edges
  water->noun_pool_WATER: x3.00 on 5999 edges
  give->verb_pool_GIVE: x3.00 on 6068 edges
  take->verb_pool_TAKE: x3.00 on 6104 edges
  find->verb_pool_FIND: x3.00 on 6148 edges
  lose->verb_pool_LOSE: x3.00 on 6126 edges
  tall->adjective_pool_TALL: x3.00 on 6068 edges
  short->adjective_pool_SHORT: x3.00 on 6089 edges
  wet->adjective_pool_WET: x3.00 on 6169 edges
  dry->adjective_pool_DRY: x3.00 on 6141 edges
  reciprocal_target_edges: x3.00 on 98115 edges

[TRAIN] 16 (word, pool) pairs, 200 events each = 3200 total events (interleaved)
  interleaved event 100/3200 (40s)
  interleaved event 200/3200 (73s)
  interleaved event 300/3200 (105s)
  interleaved event 400/3200 (136s)
  interleaved event 500/3200 (167s)
  interleaved event 600/3200 (199s)
  interleaved event 700/3200 (230s)
  interleaved event 800/3200 (261s)
  interleaved event 900/3200 (292s)
  interleaved event 1000/3200 (328s)
  interleaved event 1100/3200 (363s)
  interleaved event 1200/3200 (397s)
  interleaved event 1300/3200 (430s)
  interleaved event 1400/3200 (462s)
  interleaved event 1500/3200 (493s)
  interleaved event 1600/3200 (532s)
  interleaved event 1700/3200 (566s)
  interleaved event 1800/3200 (598s)
  interleaved event 1900/3200 (632s)
  interleaved event 2000/3200 (671s)
  interleaved event 2100/3200 (708s)
  interleaved event 2200/3200 (741s)
  interleaved event 2300/3200 (772s)
  interleaved event 2400/3200 (805s)
  interleaved event 2500/3200 (836s)
  interleaved event 2600/3200 (867s)
  interleaved event 2700/3200 (898s)
  interleaved event 2800/3200 (930s)
  interleaved event 2900/3200 (962s)
  interleaved event 3000/3200 (994s)
  interleaved event 3100/3200 (1029s)
  interleaved event 3200/3200 (1065s)

[TRAIN] complete (1065s, interleaved)

[SAVE] saving bridge to research/findings/raw/g11_bg/concept_pool_demo/seed46_set3.simstate.h5
[2026-05-15 04:15:12][INFO] SIM_BRIDGE: Saving checkpoint to research/findings/raw/g11_bg/concept_pool_demo/seed46_set3.simstate.h5...
[2026-05-15 04:15:13][SUCCESS] SIM_BRIDGE: Checkpoint saved successfully to research/findings/raw/g11_bg/concept_pool_demo/seed46_set3.simstate.h5
[SAVE] checkpoint written

[EVAL] measuring cross-category isolation across 16 pools

[RESULTS] per-word cross-category isolation:
  north    -> motor_N               target=1.605  max_off=0.860 (adjective_pool_WET)  ratio=1.87x  [PASS]
  east     -> motor_E               target=0.900  max_off=0.890 (verb_pool_LOSE)  ratio=1.01x  [PASS]
  south    -> motor_S               target=0.280  max_off=0.800 (adjective_pool_WET)  ratio=0.35x  [FAIL]
  west     -> motor_W               target=0.980  max_off=0.945 (adjective_pool_DRY)  ratio=1.04x  [PASS]
  house    -> noun_pool_HOUSE       target=1.230  max_off=0.950 (verb_pool_LOSE)  ratio=1.29x  [PASS]
  road     -> noun_pool_ROAD        target=1.070  max_off=1.125 (motor_N)  ratio=0.95x  [FAIL]
  fire     -> noun_pool_FIRE        target=0.940  max_off=0.990 (noun_pool_WATER)  ratio=0.95x  [FAIL]
  water    -> noun_pool_WATER       target=1.445  max_off=1.015 (motor_N)  ratio=1.42x  [PASS]
  give     -> verb_pool_GIVE        target=1.470  max_off=0.685 (noun_pool_FIRE)  ratio=2.15x  [PASS]
  take     -> verb_pool_TAKE        target=1.145  max_off=1.085 (motor_E)  ratio=1.06x  [PASS]
  find     -> verb_pool_FIND        target=0.730  max_off=1.175 (noun_pool_FIRE)  ratio=0.62x  [FAIL]
  lose     -> verb_pool_LOSE        target=2.020  max_off=0.920 (motor_N)  ratio=2.20x  [PASS]
  tall     -> adjective_pool_TALL   target=1.055  max_off=1.110 (motor_N)  ratio=0.95x  [FAIL]
  short    -> adjective_pool_SHORT  target=0.910  max_off=0.905 (noun_pool_FIRE)  ratio=1.01x  [PASS]
  wet      -> adjective_pool_WET    target=1.730  max_off=0.940 (noun_pool_FIRE)  ratio=1.84x  [PASS]
  dry      -> adjective_pool_DRY    target=1.480  max_off=0.970 (verb_pool_GIVE)  ratio=1.53x  [PASS]

[VERDICT] 11/16 words have correct target-pool dominance
  Total wall clock: 1085s

[OUT] wrote research\findings\raw\g11_bg\concept_pool_demo\seed46_set3.json
