
=== concept_pool_demo (seed=45) ===
  Architecture: 4 motor + 4 noun + 4 verb + 4 adjective = 16 pools
  Vocab: ['north', 'east', 'south', 'west'] + ['tree', 'bird', 'sun', 'moon'] + ['walk', 'run', 'eat', 'sleep'] + ['red', 'blue', 'fast', 'slow']
  Train events/word: 200
[2026-05-15 02:30:06][INFO] SIM_BRIDGE: CuPy using GPU: NVIDIA GeForce RTX 3090 (24.0 GB), mempool limit: 80%
[2026-05-15 02:30:06][INFO] SIM_BRIDGE: Initializing simulation data for model: IZHIKEVICH (3D)... (playback_init: False)
[2026-05-15 02:30:06][INFO] SIM_BRIDGE: Brain-region framework: 34 regions, 7680 total neurons, 96 pathways.
[2026-05-15 02:30:06][INFO] SIM_BRIDGE: RNG initialized with seed: 45
[2026-05-15 02:30:06][INFO] SIM_BRIDGE: Initializing Izhikevich model specifics for 7680 neurons...
[2026-05-15 02:30:06][INFO] SIM_BRIDGE: Region 'language_input' (2048 neurons): using Izh type IZH2007_RS_CORTICAL_PYRAMIDAL
[2026-05-15 02:30:06][INFO] SIM_BRIDGE: Region 'motor_N' (200 neurons): using Izh type IZH2007_RS_CORTICAL_PYRAMIDAL
[2026-05-15 02:30:06][INFO] SIM_BRIDGE: Region 'motor_E' (200 neurons): using Izh type IZH2007_RS_CORTICAL_PYRAMIDAL
[2026-05-15 02:30:06][INFO] SIM_BRIDGE: Region 'motor_S' (200 neurons): using Izh type IZH2007_RS_CORTICAL_PYRAMIDAL
[2026-05-15 02:30:06][INFO] SIM_BRIDGE: Region 'motor_W' (200 neurons): using Izh type IZH2007_RS_CORTICAL_PYRAMIDAL
[2026-05-15 02:30:06][INFO] SIM_BRIDGE: Region 'language_output' (2048 neurons): using Izh type IZH2007_RS_CORTICAL_PYRAMIDAL
[2026-05-15 02:30:06][INFO] SIM_BRIDGE: Region 'motor_FS_N' (24 neurons): using Izh type IZH2007_FS_CORTICAL_INTERNEURON
[2026-05-15 02:30:06][INFO] SIM_BRIDGE: Region 'motor_FS_E' (24 neurons): using Izh type IZH2007_FS_CORTICAL_INTERNEURON
[2026-05-15 02:30:06][INFO] SIM_BRIDGE: Region 'motor_FS_S' (24 neurons): using Izh type IZH2007_FS_CORTICAL_INTERNEURON
[2026-05-15 02:30:06][INFO] SIM_BRIDGE: Region 'motor_FS_W' (24 neurons): using Izh type IZH2007_FS_CORTICAL_INTERNEURON
[2026-05-15 02:30:06][INFO] SIM_BRIDGE: Region 'noun_pool_TREE' (200 neurons): using Izh type IZH2007_RS_CORTICAL_PYRAMIDAL
[2026-05-15 02:30:06][INFO] SIM_BRIDGE: Region 'noun_pool_BIRD' (200 neurons): using Izh type IZH2007_RS_CORTICAL_PYRAMIDAL
[2026-05-15 02:30:06][INFO] SIM_BRIDGE: Region 'noun_pool_SUN' (200 neurons): using Izh type IZH2007_RS_CORTICAL_PYRAMIDAL
[2026-05-15 02:30:06][INFO] SIM_BRIDGE: Region 'noun_pool_MOON' (200 neurons): using Izh type IZH2007_RS_CORTICAL_PYRAMIDAL
[2026-05-15 02:30:06][INFO] SIM_BRIDGE: Region 'noun_pool_TREE_fs' (24 neurons): using Izh type IZH2007_FS_CORTICAL_INTERNEURON
[2026-05-15 02:30:06][INFO] SIM_BRIDGE: Region 'noun_pool_BIRD_fs' (24 neurons): using Izh type IZH2007_FS_CORTICAL_INTERNEURON
[2026-05-15 02:30:06][INFO] SIM_BRIDGE: Region 'noun_pool_SUN_fs' (24 neurons): using Izh type IZH2007_FS_CORTICAL_INTERNEURON
[2026-05-15 02:30:06][INFO] SIM_BRIDGE: Region 'noun_pool_MOON_fs' (24 neurons): using Izh type IZH2007_FS_CORTICAL_INTERNEURON
[2026-05-15 02:30:06][INFO] SIM_BRIDGE: Region 'verb_pool_WALK' (200 neurons): using Izh type IZH2007_RS_CORTICAL_PYRAMIDAL
[2026-05-15 02:30:06][INFO] SIM_BRIDGE: Region 'verb_pool_RUN' (200 neurons): using Izh type IZH2007_RS_CORTICAL_PYRAMIDAL
[2026-05-15 02:30:06][INFO] SIM_BRIDGE: Region 'verb_pool_EAT' (200 neurons): using Izh type IZH2007_RS_CORTICAL_PYRAMIDAL
[2026-05-15 02:30:06][INFO] SIM_BRIDGE: Region 'verb_pool_SLEEP' (200 neurons): using Izh type IZH2007_RS_CORTICAL_PYRAMIDAL
[2026-05-15 02:30:06][INFO] SIM_BRIDGE: Region 'verb_pool_WALK_fs' (24 neurons): using Izh type IZH2007_FS_CORTICAL_INTERNEURON
[2026-05-15 02:30:06][INFO] SIM_BRIDGE: Region 'verb_pool_RUN_fs' (24 neurons): using Izh type IZH2007_FS_CORTICAL_INTERNEURON
[2026-05-15 02:30:06][INFO] SIM_BRIDGE: Region 'verb_pool_EAT_fs' (24 neurons): using Izh type IZH2007_FS_CORTICAL_INTERNEURON
[2026-05-15 02:30:06][INFO] SIM_BRIDGE: Region 'verb_pool_SLEEP_fs' (24 neurons): using Izh type IZH2007_FS_CORTICAL_INTERNEURON
[2026-05-15 02:30:06][INFO] SIM_BRIDGE: Region 'adjective_pool_RED' (200 neurons): using Izh type IZH2007_RS_CORTICAL_PYRAMIDAL
[2026-05-15 02:30:06][INFO] SIM_BRIDGE: Region 'adjective_pool_BLUE' (200 neurons): using Izh type IZH2007_RS_CORTICAL_PYRAMIDAL
[2026-05-15 02:30:06][INFO] SIM_BRIDGE: Region 'adjective_pool_FAST' (200 neurons): using Izh type IZH2007_RS_CORTICAL_PYRAMIDAL
[2026-05-15 02:30:06][INFO] SIM_BRIDGE: Region 'adjective_pool_SLOW' (200 neurons): using Izh type IZH2007_RS_CORTICAL_PYRAMIDAL
[2026-05-15 02:30:06][INFO] SIM_BRIDGE: Region 'adjective_pool_RED_fs' (24 neurons): using Izh type IZH2007_FS_CORTICAL_INTERNEURON
[2026-05-15 02:30:06][INFO] SIM_BRIDGE: Region 'adjective_pool_BLUE_fs' (24 neurons): using Izh type IZH2007_FS_CORTICAL_INTERNEURON
[2026-05-15 02:30:06][INFO] SIM_BRIDGE: Region 'adjective_pool_FAST_fs' (24 neurons): using Izh type IZH2007_FS_CORTICAL_INTERNEURON
[2026-05-15 02:30:06][INFO] SIM_BRIDGE: Region 'adjective_pool_SLOW_fs' (24 neurons): using Izh type IZH2007_FS_CORTICAL_INTERNEURON
[2026-05-15 02:30:06][INFO] SIM_BRIDGE: Applying parameter heterogeneity to neuron parameters...
[2026-05-15 02:30:06][INFO] SIM_BRIDGE: Applied heterogeneity to 4 parameters.
[2026-05-15 02:30:06][INFO] SIM_BRIDGE: Initializing OU process state (tau=15.0ms, sigma=100.0pA)...
[2026-05-15 02:30:06][INFO] SIM_BRIDGE: Generating 3D neuron positions for 7680 neurons...
[2026-05-15 02:30:06][INFO] SIM_BRIDGE: Generating connections (brain-region framework)...
[2026-05-15 02:30:12][INFO] SIM_BRIDGE: inject_explicit_wiring: installed 4548665 synapses across 114 populations.
[2026-05-15 02:30:12][INFO] SIM_BRIDGE: Initializing eligibility traces for 4548665 synapses (capacity: 6822997, dtype: float32)...
[2026-05-15 02:30:12][INFO] SIM_BRIDGE: Initializing STDP state for 7680 neurons...
[2026-05-15 02:30:12][INFO] SIM_BRIDGE: Simulation data initialized for 7680 neurons (3D). Synapses: 4548665. GPU memory: 1.6GB/25.8GB (6.4%)
[BUILD] concept-pool bridge: 7680 neurons total, 12 concept pools (2400 neurons in pools)
[topographic-bias] Applied factor=3.00/0.30 across motor + noun + verb pools
  north->motor_N: x3.00 on 6054 edges
  east->motor_E: x3.00 on 6178 edges
  south->motor_S: x3.00 on 6089 edges
  west->motor_W: x3.00 on 6075 edges
  tree->noun_pool_TREE: x3.00 on 6297 edges
  bird->noun_pool_BIRD: x3.00 on 6094 edges
  sun->noun_pool_SUN: x3.00 on 6123 edges
  moon->noun_pool_MOON: x3.00 on 6094 edges
  walk->verb_pool_WALK: x3.00 on 6172 edges
  run->verb_pool_RUN: x3.00 on 6184 edges
  eat->verb_pool_EAT: x3.00 on 6136 edges
  sleep->verb_pool_SLEEP: x3.00 on 6178 edges
  red->adjective_pool_RED: x3.00 on 6055 edges
  blue->adjective_pool_BLUE: x3.00 on 6114 edges
  fast->adjective_pool_FAST: x3.00 on 6084 edges
  slow->adjective_pool_SLOW: x3.00 on 6006 edges
  reciprocal_target_edges: x3.00 on 98039 edges

[TRAIN] 16 (word, pool) pairs, 200 events each = 3200 total events (interleaved)
  interleaved event 100/3200 (33s)
  interleaved event 200/3200 (64s)
  interleaved event 300/3200 (94s)
  interleaved event 400/3200 (125s)
  interleaved event 500/3200 (155s)
  interleaved event 600/3200 (186s)
  interleaved event 700/3200 (216s)
  interleaved event 800/3200 (247s)
  interleaved event 900/3200 (277s)
  interleaved event 1000/3200 (308s)
  interleaved event 1100/3200 (338s)
  interleaved event 1200/3200 (369s)
  interleaved event 1300/3200 (401s)
  interleaved event 1400/3200 (431s)
  interleaved event 1500/3200 (462s)
  interleaved event 1600/3200 (494s)
  interleaved event 1700/3200 (529s)
  interleaved event 1800/3200 (562s)
  interleaved event 1900/3200 (597s)
  interleaved event 2000/3200 (630s)
  interleaved event 2100/3200 (661s)
  interleaved event 2200/3200 (692s)
  interleaved event 2300/3200 (723s)
  interleaved event 2400/3200 (756s)
  interleaved event 2500/3200 (787s)
  interleaved event 2600/3200 (818s)
  interleaved event 2700/3200 (848s)
  interleaved event 2800/3200 (886s)
  interleaved event 2900/3200 (917s)
  interleaved event 3000/3200 (949s)
  interleaved event 3100/3200 (982s)
  interleaved event 3200/3200 (1014s)

[TRAIN] complete (1014s, interleaved)

[SAVE] saving bridge to research/findings/raw/g11_bg/concept_pool_demo/seed45_set2.simstate.h5
[2026-05-15 02:47:11][INFO] SIM_BRIDGE: Saving checkpoint to research/findings/raw/g11_bg/concept_pool_demo/seed45_set2.simstate.h5...
[2026-05-15 02:47:12][SUCCESS] SIM_BRIDGE: Checkpoint saved successfully to research/findings/raw/g11_bg/concept_pool_demo/seed45_set2.simstate.h5
[SAVE] checkpoint written

[EVAL] measuring cross-category isolation across 16 pools

[RESULTS] per-word cross-category isolation:
  north    -> motor_N               target=0.715  max_off=1.155 (adjective_pool_FAST)  ratio=0.62x  [FAIL]
  east     -> motor_E               target=0.990  max_off=0.785 (noun_pool_SUN)  ratio=1.26x  [PASS]
  south    -> motor_S               target=1.315  max_off=0.855 (adjective_pool_RED)  ratio=1.54x  [PASS]
  west     -> motor_W               target=1.150  max_off=0.950 (adjective_pool_FAST)  ratio=1.21x  [PASS]
  tree     -> noun_pool_TREE        target=1.600  max_off=1.335 (adjective_pool_BLUE)  ratio=1.20x  [PASS]
  bird     -> noun_pool_BIRD        target=0.680  max_off=0.650 (noun_pool_MOON)  ratio=1.05x  [PASS]
  sun      -> noun_pool_SUN         target=0.815  max_off=0.900 (motor_S)  ratio=0.91x  [FAIL]
  moon     -> noun_pool_MOON        target=1.395  max_off=0.695 (noun_pool_SUN)  ratio=2.01x  [PASS]
  walk     -> verb_pool_WALK        target=1.885  max_off=1.015 (adjective_pool_FAST)  ratio=1.86x  [PASS]
  run      -> verb_pool_RUN         target=1.055  max_off=0.865 (noun_pool_MOON)  ratio=1.22x  [PASS]
  eat      -> verb_pool_EAT         target=0.850  max_off=0.795 (noun_pool_MOON)  ratio=1.07x  [PASS]
  sleep    -> verb_pool_SLEEP       target=0.830  max_off=0.830 (adjective_pool_BLUE)  ratio=1.00x  [FAIL]
  red      -> adjective_pool_RED    target=1.050  max_off=1.125 (verb_pool_SLEEP)  ratio=0.93x  [FAIL]
  blue     -> adjective_pool_BLUE   target=1.345  max_off=1.070 (verb_pool_WALK)  ratio=1.26x  [PASS]
  fast     -> adjective_pool_FAST   target=1.640  max_off=1.115 (noun_pool_MOON)  ratio=1.47x  [PASS]
  slow     -> adjective_pool_SLOW   target=1.045  max_off=0.895 (adjective_pool_BLUE)  ratio=1.17x  [PASS]

[VERDICT] 12/16 words have correct target-pool dominance
  Total wall clock: 1033s

[OUT] wrote research\findings\raw\g11_bg\concept_pool_demo\seed45_set2.json
