
=== concept_pool_demo (seed=46) ===
  Architecture: 4 motor + 4 noun + 4 verb + 4 adjective = 16 pools
  Vocab: ['north', 'east', 'south', 'west'] + ['apple', 'river', 'dog', 'cat'] + ['go', 'come', 'stop', 'look'] + ['big', 'small', 'hot', 'cold']
  Train events/word: 200
[2026-05-13 12:51:27][INFO] SIM_BRIDGE: CuPy using GPU: NVIDIA GeForce RTX 3090 (24.0 GB), mempool limit: 80%
[2026-05-13 12:51:27][INFO] SIM_BRIDGE: Initializing simulation data for model: IZHIKEVICH (3D)... (playback_init: False)
[2026-05-13 12:51:27][INFO] SIM_BRIDGE: Brain-region framework: 34 regions, 7680 total neurons, 96 pathways.
[2026-05-13 12:51:27][INFO] SIM_BRIDGE: RNG initialized with seed: 46
[2026-05-13 12:51:28][INFO] SIM_BRIDGE: Initializing Izhikevich model specifics for 7680 neurons...
[2026-05-13 12:51:28][INFO] SIM_BRIDGE: Region 'language_input' (2048 neurons): using Izh type IZH2007_RS_CORTICAL_PYRAMIDAL
[2026-05-13 12:51:28][INFO] SIM_BRIDGE: Region 'motor_N' (200 neurons): using Izh type IZH2007_RS_CORTICAL_PYRAMIDAL
[2026-05-13 12:51:28][INFO] SIM_BRIDGE: Region 'motor_E' (200 neurons): using Izh type IZH2007_RS_CORTICAL_PYRAMIDAL
[2026-05-13 12:51:28][INFO] SIM_BRIDGE: Region 'motor_S' (200 neurons): using Izh type IZH2007_RS_CORTICAL_PYRAMIDAL
[2026-05-13 12:51:28][INFO] SIM_BRIDGE: Region 'motor_W' (200 neurons): using Izh type IZH2007_RS_CORTICAL_PYRAMIDAL
[2026-05-13 12:51:28][INFO] SIM_BRIDGE: Region 'language_output' (2048 neurons): using Izh type IZH2007_RS_CORTICAL_PYRAMIDAL
[2026-05-13 12:51:28][INFO] SIM_BRIDGE: Region 'motor_FS_N' (24 neurons): using Izh type IZH2007_FS_CORTICAL_INTERNEURON
[2026-05-13 12:51:28][INFO] SIM_BRIDGE: Region 'motor_FS_E' (24 neurons): using Izh type IZH2007_FS_CORTICAL_INTERNEURON
[2026-05-13 12:51:28][INFO] SIM_BRIDGE: Region 'motor_FS_S' (24 neurons): using Izh type IZH2007_FS_CORTICAL_INTERNEURON
[2026-05-13 12:51:28][INFO] SIM_BRIDGE: Region 'motor_FS_W' (24 neurons): using Izh type IZH2007_FS_CORTICAL_INTERNEURON
[2026-05-13 12:51:28][INFO] SIM_BRIDGE: Region 'noun_pool_APPLE' (200 neurons): using Izh type IZH2007_RS_CORTICAL_PYRAMIDAL
[2026-05-13 12:51:28][INFO] SIM_BRIDGE: Region 'noun_pool_RIVER' (200 neurons): using Izh type IZH2007_RS_CORTICAL_PYRAMIDAL
[2026-05-13 12:51:28][INFO] SIM_BRIDGE: Region 'noun_pool_DOG' (200 neurons): using Izh type IZH2007_RS_CORTICAL_PYRAMIDAL
[2026-05-13 12:51:28][INFO] SIM_BRIDGE: Region 'noun_pool_CAT' (200 neurons): using Izh type IZH2007_RS_CORTICAL_PYRAMIDAL
[2026-05-13 12:51:28][INFO] SIM_BRIDGE: Region 'noun_pool_APPLE_fs' (24 neurons): using Izh type IZH2007_FS_CORTICAL_INTERNEURON
[2026-05-13 12:51:28][INFO] SIM_BRIDGE: Region 'noun_pool_RIVER_fs' (24 neurons): using Izh type IZH2007_FS_CORTICAL_INTERNEURON
[2026-05-13 12:51:28][INFO] SIM_BRIDGE: Region 'noun_pool_DOG_fs' (24 neurons): using Izh type IZH2007_FS_CORTICAL_INTERNEURON
[2026-05-13 12:51:28][INFO] SIM_BRIDGE: Region 'noun_pool_CAT_fs' (24 neurons): using Izh type IZH2007_FS_CORTICAL_INTERNEURON
[2026-05-13 12:51:28][INFO] SIM_BRIDGE: Region 'verb_pool_GO' (200 neurons): using Izh type IZH2007_RS_CORTICAL_PYRAMIDAL
[2026-05-13 12:51:28][INFO] SIM_BRIDGE: Region 'verb_pool_COME' (200 neurons): using Izh type IZH2007_RS_CORTICAL_PYRAMIDAL
[2026-05-13 12:51:28][INFO] SIM_BRIDGE: Region 'verb_pool_STOP' (200 neurons): using Izh type IZH2007_RS_CORTICAL_PYRAMIDAL
[2026-05-13 12:51:28][INFO] SIM_BRIDGE: Region 'verb_pool_LOOK' (200 neurons): using Izh type IZH2007_RS_CORTICAL_PYRAMIDAL
[2026-05-13 12:51:28][INFO] SIM_BRIDGE: Region 'verb_pool_GO_fs' (24 neurons): using Izh type IZH2007_FS_CORTICAL_INTERNEURON
[2026-05-13 12:51:28][INFO] SIM_BRIDGE: Region 'verb_pool_COME_fs' (24 neurons): using Izh type IZH2007_FS_CORTICAL_INTERNEURON
[2026-05-13 12:51:28][INFO] SIM_BRIDGE: Region 'verb_pool_STOP_fs' (24 neurons): using Izh type IZH2007_FS_CORTICAL_INTERNEURON
[2026-05-13 12:51:28][INFO] SIM_BRIDGE: Region 'verb_pool_LOOK_fs' (24 neurons): using Izh type IZH2007_FS_CORTICAL_INTERNEURON
[2026-05-13 12:51:28][INFO] SIM_BRIDGE: Region 'adjective_pool_BIG' (200 neurons): using Izh type IZH2007_RS_CORTICAL_PYRAMIDAL
[2026-05-13 12:51:28][INFO] SIM_BRIDGE: Region 'adjective_pool_SMALL' (200 neurons): using Izh type IZH2007_RS_CORTICAL_PYRAMIDAL
[2026-05-13 12:51:28][INFO] SIM_BRIDGE: Region 'adjective_pool_HOT' (200 neurons): using Izh type IZH2007_RS_CORTICAL_PYRAMIDAL
[2026-05-13 12:51:28][INFO] SIM_BRIDGE: Region 'adjective_pool_COLD' (200 neurons): using Izh type IZH2007_RS_CORTICAL_PYRAMIDAL
[2026-05-13 12:51:28][INFO] SIM_BRIDGE: Region 'adjective_pool_BIG_fs' (24 neurons): using Izh type IZH2007_FS_CORTICAL_INTERNEURON
[2026-05-13 12:51:28][INFO] SIM_BRIDGE: Region 'adjective_pool_SMALL_fs' (24 neurons): using Izh type IZH2007_FS_CORTICAL_INTERNEURON
[2026-05-13 12:51:28][INFO] SIM_BRIDGE: Region 'adjective_pool_HOT_fs' (24 neurons): using Izh type IZH2007_FS_CORTICAL_INTERNEURON
[2026-05-13 12:51:28][INFO] SIM_BRIDGE: Region 'adjective_pool_COLD_fs' (24 neurons): using Izh type IZH2007_FS_CORTICAL_INTERNEURON
[2026-05-13 12:51:28][INFO] SIM_BRIDGE: Applying parameter heterogeneity to neuron parameters...
[2026-05-13 12:51:28][INFO] SIM_BRIDGE: Applied heterogeneity to 4 parameters.
[2026-05-13 12:51:28][INFO] SIM_BRIDGE: Initializing OU process state (tau=15.0ms, sigma=100.0pA)...
[2026-05-13 12:51:28][INFO] SIM_BRIDGE: Generating 3D neuron positions for 7680 neurons...
[2026-05-13 12:51:28][INFO] SIM_BRIDGE: Generating connections (brain-region framework)...
[2026-05-13 12:51:34][INFO] SIM_BRIDGE: inject_explicit_wiring: installed 4548033 synapses across 114 populations.
[2026-05-13 12:51:34][INFO] SIM_BRIDGE: Initializing eligibility traces for 4548033 synapses (capacity: 6822049, dtype: float32)...
[2026-05-13 12:51:34][INFO] SIM_BRIDGE: Initializing STDP state for 7680 neurons...
[2026-05-13 12:51:34][INFO] SIM_BRIDGE: Simulation data initialized for 7680 neurons (3D). Synapses: 4548033. GPU memory: 1.6GB/25.8GB (6.4%)
[BUILD] concept-pool bridge: 7680 neurons total, 12 concept pools (2400 neurons in pools)
[topographic-bias] Applied factor=3.00/0.30 across motor + noun + verb pools
  north->motor_N: x3.00 on 12375 edges
  east->motor_E: x3.00 on 12176 edges
  south->motor_S: x3.00 on 12420 edges
  west->motor_W: x3.00 on 12435 edges
  apple->noun_pool_APPLE: x3.00 on 12222 edges
  river->noun_pool_RIVER: x3.00 on 12057 edges
  dog->noun_pool_DOG: x3.00 on 12299 edges
  cat->noun_pool_CAT: x3.00 on 12234 edges
  go->verb_pool_GO: x3.00 on 12124 edges
  come->verb_pool_COME: x3.00 on 12358 edges
  stop->verb_pool_STOP: x3.00 on 12207 edges
  look->verb_pool_LOOK: x3.00 on 12211 edges
  big->adjective_pool_BIG: x3.00 on 12367 edges
  small->adjective_pool_SMALL: x3.00 on 12322 edges
  hot->adjective_pool_HOT: x3.00 on 12334 edges
  cold->adjective_pool_COLD: x3.00 on 12381 edges
  reciprocal_target_edges: x3.00 on 196910 edges

[TRAIN] 16 (word, pool) pairs, 200 events each = 3200 total events (interleaved)
  interleaved event 100/3200 (32s)
  interleaved event 200/3200 (62s)
  interleaved event 300/3200 (92s)
  interleaved event 400/3200 (121s)
  interleaved event 500/3200 (151s)
  interleaved event 600/3200 (181s)
  interleaved event 700/3200 (211s)
  interleaved event 800/3200 (241s)
  interleaved event 900/3200 (276s)
  interleaved event 1000/3200 (309s)
  interleaved event 1100/3200 (338s)
  interleaved event 1200/3200 (369s)
  interleaved event 1300/3200 (399s)
  interleaved event 1400/3200 (428s)
  interleaved event 1500/3200 (458s)
  interleaved event 1600/3200 (487s)
  interleaved event 1700/3200 (517s)
  interleaved event 1800/3200 (546s)
  interleaved event 1900/3200 (575s)
  interleaved event 2000/3200 (604s)
  interleaved event 2100/3200 (633s)
  interleaved event 2200/3200 (662s)
  interleaved event 2300/3200 (691s)
  interleaved event 2400/3200 (729s)
  interleaved event 2500/3200 (760s)
  interleaved event 2600/3200 (792s)
  interleaved event 2700/3200 (825s)
  interleaved event 2800/3200 (860s)
  interleaved event 2900/3200 (895s)
  interleaved event 3000/3200 (930s)
  interleaved event 3100/3200 (965s)
  interleaved event 3200/3200 (1000s)

[TRAIN] complete (1000s, interleaved)

[SAVE] saving bridge to research\findings\raw\g11_bg\concept_pool_demo\seed46_v11.simstate.h5
[2026-05-13 13:08:23][INFO] SIM_BRIDGE: Saving checkpoint to research\findings\raw\g11_bg\concept_pool_demo\seed46_v11.simstate.h5...
[2026-05-13 13:08:24][SUCCESS] SIM_BRIDGE: Checkpoint saved successfully to research\findings\raw\g11_bg\concept_pool_demo\seed46_v11.simstate.h5
[SAVE] checkpoint written

[EVAL] measuring cross-category isolation across 16 pools

[RESULTS] per-word cross-category isolation:
  north    -> motor_N               target=0.935  max_off=1.385 (adjective_pool_HOT)  ratio=0.68x  [FAIL]
  east     -> motor_E               target=1.370  max_off=1.730 (motor_W)  ratio=0.79x  [FAIL]
  south    -> motor_S               target=1.220  max_off=1.330 (noun_pool_APPLE)  ratio=0.92x  [FAIL]
  west     -> motor_W               target=2.160  max_off=1.620 (adjective_pool_SMALL)  ratio=1.33x  [PASS]
  apple    -> noun_pool_APPLE       target=1.570  max_off=1.210 (noun_pool_RIVER)  ratio=1.30x  [PASS]
  river    -> noun_pool_RIVER       target=2.435  max_off=1.545 (noun_pool_APPLE)  ratio=1.58x  [PASS]
  dog      -> noun_pool_DOG         target=1.415  max_off=1.450 (adjective_pool_SMALL)  ratio=0.98x  [FAIL]
  cat      -> noun_pool_CAT         target=0.665  max_off=0.880 (verb_pool_LOOK)  ratio=0.76x  [FAIL]
  go       -> verb_pool_GO          target=2.035  max_off=1.000 (adjective_pool_SMALL)  ratio=2.04x  [PASS]
  come     -> verb_pool_COME        target=0.985  max_off=1.580 (noun_pool_RIVER)  ratio=0.62x  [FAIL]
  stop     -> verb_pool_STOP        target=1.260  max_off=1.075 (noun_pool_APPLE)  ratio=1.17x  [PASS]
  look     -> verb_pool_LOOK        target=2.390  max_off=1.250 (adjective_pool_COLD)  ratio=1.91x  [PASS]
  big      -> adjective_pool_BIG    target=1.270  max_off=1.255 (verb_pool_LOOK)  ratio=1.01x  [PASS]
  small    -> adjective_pool_SMALL  target=3.010  max_off=1.730 (motor_W)  ratio=1.74x  [PASS]
  hot      -> adjective_pool_HOT    target=1.435  max_off=1.790 (adjective_pool_SMALL)  ratio=0.80x  [FAIL]
  cold     -> adjective_pool_COLD   target=1.555  max_off=1.440 (noun_pool_RIVER)  ratio=1.08x  [PASS]

[VERDICT] 9/16 words have correct target-pool dominance
  Total wall clock: 1026s

[OUT] wrote research\findings\raw\g11_bg\concept_pool_demo\seed46_v11.json
