
=== concept_pool_demo (seed=42) ===
  Architecture: 4 motor + 4 noun + 4 verb + 4 adjective = 16 pools
  Vocab: ['north', 'east', 'south', 'west'] + ['apple', 'river', 'dog', 'cat'] + ['go', 'come', 'stop', 'look'] + ['big', 'small', 'hot', 'cold']
  Train events/word: 200
[2026-05-14 09:45:46][INFO] SIM_BRIDGE: CuPy using GPU: NVIDIA GeForce RTX 3090 (24.0 GB), mempool limit: 80%
[2026-05-14 09:45:46][INFO] SIM_BRIDGE: Initializing simulation data for model: IZHIKEVICH (3D)... (playback_init: False)
[2026-05-14 09:45:46][INFO] SIM_BRIDGE: Brain-region framework: 34 regions, 7680 total neurons, 228 pathways.
[2026-05-14 09:45:46][INFO] SIM_BRIDGE: RNG initialized with seed: 42
[2026-05-14 09:45:46][INFO] SIM_BRIDGE: Initializing Izhikevich model specifics for 7680 neurons...
[2026-05-14 09:45:46][INFO] SIM_BRIDGE: Region 'language_input' (2048 neurons): using Izh type IZH2007_RS_CORTICAL_PYRAMIDAL
[2026-05-14 09:45:46][INFO] SIM_BRIDGE: Region 'motor_N' (200 neurons): using Izh type IZH2007_RS_CORTICAL_PYRAMIDAL
[2026-05-14 09:45:46][INFO] SIM_BRIDGE: Region 'motor_E' (200 neurons): using Izh type IZH2007_RS_CORTICAL_PYRAMIDAL
[2026-05-14 09:45:46][INFO] SIM_BRIDGE: Region 'motor_S' (200 neurons): using Izh type IZH2007_RS_CORTICAL_PYRAMIDAL
[2026-05-14 09:45:46][INFO] SIM_BRIDGE: Region 'motor_W' (200 neurons): using Izh type IZH2007_RS_CORTICAL_PYRAMIDAL
[2026-05-14 09:45:46][INFO] SIM_BRIDGE: Region 'language_output' (2048 neurons): using Izh type IZH2007_RS_CORTICAL_PYRAMIDAL
[2026-05-14 09:45:46][INFO] SIM_BRIDGE: Region 'motor_FS_N' (24 neurons): using Izh type IZH2007_FS_CORTICAL_INTERNEURON
[2026-05-14 09:45:46][INFO] SIM_BRIDGE: Region 'motor_FS_E' (24 neurons): using Izh type IZH2007_FS_CORTICAL_INTERNEURON
[2026-05-14 09:45:46][INFO] SIM_BRIDGE: Region 'motor_FS_S' (24 neurons): using Izh type IZH2007_FS_CORTICAL_INTERNEURON
[2026-05-14 09:45:46][INFO] SIM_BRIDGE: Region 'motor_FS_W' (24 neurons): using Izh type IZH2007_FS_CORTICAL_INTERNEURON
[2026-05-14 09:45:46][INFO] SIM_BRIDGE: Region 'noun_pool_APPLE' (200 neurons): using Izh type IZH2007_RS_CORTICAL_PYRAMIDAL
[2026-05-14 09:45:46][INFO] SIM_BRIDGE: Region 'noun_pool_RIVER' (200 neurons): using Izh type IZH2007_RS_CORTICAL_PYRAMIDAL
[2026-05-14 09:45:46][INFO] SIM_BRIDGE: Region 'noun_pool_DOG' (200 neurons): using Izh type IZH2007_RS_CORTICAL_PYRAMIDAL
[2026-05-14 09:45:46][INFO] SIM_BRIDGE: Region 'noun_pool_CAT' (200 neurons): using Izh type IZH2007_RS_CORTICAL_PYRAMIDAL
[2026-05-14 09:45:46][INFO] SIM_BRIDGE: Region 'noun_pool_APPLE_fs' (24 neurons): using Izh type IZH2007_FS_CORTICAL_INTERNEURON
[2026-05-14 09:45:46][INFO] SIM_BRIDGE: Region 'noun_pool_RIVER_fs' (24 neurons): using Izh type IZH2007_FS_CORTICAL_INTERNEURON
[2026-05-14 09:45:46][INFO] SIM_BRIDGE: Region 'noun_pool_DOG_fs' (24 neurons): using Izh type IZH2007_FS_CORTICAL_INTERNEURON
[2026-05-14 09:45:46][INFO] SIM_BRIDGE: Region 'noun_pool_CAT_fs' (24 neurons): using Izh type IZH2007_FS_CORTICAL_INTERNEURON
[2026-05-14 09:45:46][INFO] SIM_BRIDGE: Region 'verb_pool_GO' (200 neurons): using Izh type IZH2007_RS_CORTICAL_PYRAMIDAL
[2026-05-14 09:45:46][INFO] SIM_BRIDGE: Region 'verb_pool_COME' (200 neurons): using Izh type IZH2007_RS_CORTICAL_PYRAMIDAL
[2026-05-14 09:45:46][INFO] SIM_BRIDGE: Region 'verb_pool_STOP' (200 neurons): using Izh type IZH2007_RS_CORTICAL_PYRAMIDAL
[2026-05-14 09:45:46][INFO] SIM_BRIDGE: Region 'verb_pool_LOOK' (200 neurons): using Izh type IZH2007_RS_CORTICAL_PYRAMIDAL
[2026-05-14 09:45:46][INFO] SIM_BRIDGE: Region 'verb_pool_GO_fs' (24 neurons): using Izh type IZH2007_FS_CORTICAL_INTERNEURON
[2026-05-14 09:45:46][INFO] SIM_BRIDGE: Region 'verb_pool_COME_fs' (24 neurons): using Izh type IZH2007_FS_CORTICAL_INTERNEURON
[2026-05-14 09:45:46][INFO] SIM_BRIDGE: Region 'verb_pool_STOP_fs' (24 neurons): using Izh type IZH2007_FS_CORTICAL_INTERNEURON
[2026-05-14 09:45:46][INFO] SIM_BRIDGE: Region 'verb_pool_LOOK_fs' (24 neurons): using Izh type IZH2007_FS_CORTICAL_INTERNEURON
[2026-05-14 09:45:46][INFO] SIM_BRIDGE: Region 'adjective_pool_BIG' (200 neurons): using Izh type IZH2007_RS_CORTICAL_PYRAMIDAL
[2026-05-14 09:45:46][INFO] SIM_BRIDGE: Region 'adjective_pool_SMALL' (200 neurons): using Izh type IZH2007_RS_CORTICAL_PYRAMIDAL
[2026-05-14 09:45:46][INFO] SIM_BRIDGE: Region 'adjective_pool_HOT' (200 neurons): using Izh type IZH2007_RS_CORTICAL_PYRAMIDAL
[2026-05-14 09:45:46][INFO] SIM_BRIDGE: Region 'adjective_pool_COLD' (200 neurons): using Izh type IZH2007_RS_CORTICAL_PYRAMIDAL
[2026-05-14 09:45:46][INFO] SIM_BRIDGE: Region 'adjective_pool_BIG_fs' (24 neurons): using Izh type IZH2007_FS_CORTICAL_INTERNEURON
[2026-05-14 09:45:46][INFO] SIM_BRIDGE: Region 'adjective_pool_SMALL_fs' (24 neurons): using Izh type IZH2007_FS_CORTICAL_INTERNEURON
[2026-05-14 09:45:46][INFO] SIM_BRIDGE: Region 'adjective_pool_HOT_fs' (24 neurons): using Izh type IZH2007_FS_CORTICAL_INTERNEURON
[2026-05-14 09:45:46][INFO] SIM_BRIDGE: Region 'adjective_pool_COLD_fs' (24 neurons): using Izh type IZH2007_FS_CORTICAL_INTERNEURON
[2026-05-14 09:45:46][INFO] SIM_BRIDGE: Applying parameter heterogeneity to neuron parameters...
[2026-05-14 09:45:46][INFO] SIM_BRIDGE: Applied heterogeneity to 4 parameters.
[2026-05-14 09:45:46][INFO] SIM_BRIDGE: Initializing OU process state (tau=15.0ms, sigma=100.0pA)...
[2026-05-14 09:45:46][INFO] SIM_BRIDGE: Generating 3D neuron positions for 7680 neurons...
[2026-05-14 09:45:46][INFO] SIM_BRIDGE: Generating connections (brain-region framework)...
[2026-05-14 09:45:53][INFO] SIM_BRIDGE: inject_explicit_wiring: installed 5075047 synapses across 246 populations.
[2026-05-14 09:45:53][INFO] SIM_BRIDGE: Initializing eligibility traces for 5075047 synapses (capacity: 7612570, dtype: float32)...
[2026-05-14 09:45:53][INFO] SIM_BRIDGE: Initializing STDP state for 7680 neurons...
[2026-05-14 09:45:53][INFO] SIM_BRIDGE: Simulation data initialized for 7680 neurons (3D). Synapses: 5075047. GPU memory: 1.7GB/25.8GB (6.5%)
[BUILD] concept-pool bridge: 7680 neurons total, 12 concept pools (2400 neurons in pools)
[topographic-bias] Applied factor=3.00/0.30 across motor + noun + verb pools
  north->motor_N: x3.00 on 6216 edges
  east->motor_E: x3.00 on 6049 edges
  south->motor_S: x3.00 on 6253 edges
  west->motor_W: x3.00 on 6158 edges
  apple->noun_pool_APPLE: x3.00 on 6144 edges
  river->noun_pool_RIVER: x3.00 on 6150 edges
  dog->noun_pool_DOG: x3.00 on 6074 edges
  cat->noun_pool_CAT: x3.00 on 6089 edges
  go->verb_pool_GO: x3.00 on 6033 edges
  come->verb_pool_COME: x3.00 on 6037 edges
  stop->verb_pool_STOP: x3.00 on 6097 edges
  look->verb_pool_LOOK: x3.00 on 6115 edges
  big->adjective_pool_BIG: x3.00 on 6144 edges
  small->adjective_pool_SMALL: x3.00 on 6064 edges
  hot->adjective_pool_HOT: x3.00 on 6162 edges
  cold->adjective_pool_COLD: x3.00 on 6123 edges
  reciprocal_target_edges: x3.00 on 97659 edges
[v19] cross_pool_concept gate CLOSED for Phase 1 (opens only during concept-concept encoding)

[TRAIN] 16 (word, pool) pairs, 200 events each = 3200 total events (interleaved)
  interleaved event 100/3200 (38s)
  interleaved event 200/3200 (76s)
  interleaved event 300/3200 (114s)
  interleaved event 400/3200 (153s)
  interleaved event 500/3200 (190s)
  interleaved event 600/3200 (228s)
  interleaved event 700/3200 (265s)
  interleaved event 800/3200 (303s)
  interleaved event 900/3200 (341s)
  interleaved event 1000/3200 (380s)
  interleaved event 1100/3200 (417s)
  interleaved event 1200/3200 (455s)
  interleaved event 1300/3200 (493s)
  interleaved event 1400/3200 (531s)
  interleaved event 1500/3200 (569s)
  interleaved event 1600/3200 (607s)
  interleaved event 1700/3200 (644s)
  interleaved event 1800/3200 (682s)
  interleaved event 1900/3200 (720s)
  interleaved event 2000/3200 (757s)
  interleaved event 2100/3200 (794s)
  interleaved event 2200/3200 (832s)
  interleaved event 2300/3200 (870s)
  interleaved event 2400/3200 (910s)
  interleaved event 2500/3200 (949s)
  interleaved event 2600/3200 (987s)
  interleaved event 2700/3200 (1027s)
  interleaved event 2800/3200 (1065s)
  interleaved event 2900/3200 (1105s)
  interleaved event 3000/3200 (1145s)
  interleaved event 3100/3200 (1184s)
  interleaved event 3200/3200 (1225s)

[TRAIN] complete (1225s, interleaved)

[SAVE] saving bridge to research/findings/raw/g11_bg/concept_pool_demo/seed42_v19.simstate.h5
[2026-05-14 10:06:23][INFO] SIM_BRIDGE: Saving checkpoint to research/findings/raw/g11_bg/concept_pool_demo/seed42_v19.simstate.h5...
[2026-05-14 10:06:25][SUCCESS] SIM_BRIDGE: Checkpoint saved successfully to research/findings/raw/g11_bg/concept_pool_demo/seed42_v19.simstate.h5
[SAVE] checkpoint written

[EVAL] measuring cross-category isolation across 16 pools

[RESULTS] per-word cross-category isolation:
  north    -> motor_N               target=1.435  max_off=1.050 (noun_pool_CAT)  ratio=1.37x  [PASS]
  east     -> motor_E               target=1.065  max_off=0.910 (adjective_pool_HOT)  ratio=1.17x  [PASS]
  south    -> motor_S               target=1.320  max_off=0.900 (noun_pool_APPLE)  ratio=1.47x  [PASS]
  west     -> motor_W               target=0.660  max_off=0.545 (adjective_pool_BIG)  ratio=1.21x  [PASS]
  apple    -> noun_pool_APPLE       target=0.835  max_off=0.875 (motor_E)  ratio=0.95x  [FAIL]
  river    -> noun_pool_RIVER       target=1.095  max_off=0.795 (verb_pool_STOP)  ratio=1.38x  [PASS]
  dog      -> noun_pool_DOG         target=1.315  max_off=0.930 (motor_E)  ratio=1.41x  [PASS]
  cat      -> noun_pool_CAT         target=1.520  max_off=0.925 (motor_S)  ratio=1.64x  [PASS]
  go       -> verb_pool_GO          target=1.070  max_off=1.130 (noun_pool_CAT)  ratio=0.95x  [FAIL]
  come     -> verb_pool_COME        target=0.710  max_off=0.755 (adjective_pool_COLD)  ratio=0.94x  [FAIL]
  stop     -> verb_pool_STOP        target=1.460  max_off=1.075 (verb_pool_COME)  ratio=1.36x  [PASS]
  look     -> verb_pool_LOOK        target=1.030  max_off=0.740 (verb_pool_COME)  ratio=1.39x  [PASS]
  big      -> adjective_pool_BIG    target=0.735  max_off=0.800 (verb_pool_LOOK)  ratio=0.92x  [FAIL]
  small    -> adjective_pool_SMALL  target=1.060  max_off=1.000 (adjective_pool_BIG)  ratio=1.06x  [PASS]
  hot      -> adjective_pool_HOT    target=1.390  max_off=0.875 (motor_S)  ratio=1.59x  [PASS]
  cold     -> adjective_pool_COLD   target=0.915  max_off=0.920 (motor_N)  ratio=0.99x  [FAIL]

[VERDICT] 11/16 words have correct target-pool dominance
  Total wall clock: 1249s

[OUT] wrote research\findings\raw\g11_bg\concept_pool_demo\seed42_v19.json
