
=== concept_pool_demo (seed=45) ===
  Architecture: 4 motor + 4 noun + 4 verb + 4 adjective = 16 pools
  Vocab: ['north', 'east', 'south', 'west'] + ['apple', 'river', 'dog', 'cat'] + ['go', 'come', 'stop', 'look'] + ['big', 'small', 'hot', 'cold']
  Train events/word: 200
[2026-05-13 15:42:12][INFO] SIM_BRIDGE: CuPy using GPU: NVIDIA GeForce RTX 3090 (24.0 GB), mempool limit: 80%
[2026-05-13 15:42:12][INFO] SIM_BRIDGE: Initializing simulation data for model: IZHIKEVICH (3D)... (playback_init: False)
[2026-05-13 15:42:12][INFO] SIM_BRIDGE: Brain-region framework: 34 regions, 7680 total neurons, 96 pathways.
[2026-05-13 15:42:12][INFO] SIM_BRIDGE: RNG initialized with seed: 45
[2026-05-13 15:42:12][INFO] SIM_BRIDGE: Initializing Izhikevich model specifics for 7680 neurons...
[2026-05-13 15:42:12][INFO] SIM_BRIDGE: Region 'language_input' (2048 neurons): using Izh type IZH2007_RS_CORTICAL_PYRAMIDAL
[2026-05-13 15:42:12][INFO] SIM_BRIDGE: Region 'motor_N' (200 neurons): using Izh type IZH2007_RS_CORTICAL_PYRAMIDAL
[2026-05-13 15:42:12][INFO] SIM_BRIDGE: Region 'motor_E' (200 neurons): using Izh type IZH2007_RS_CORTICAL_PYRAMIDAL
[2026-05-13 15:42:12][INFO] SIM_BRIDGE: Region 'motor_S' (200 neurons): using Izh type IZH2007_RS_CORTICAL_PYRAMIDAL
[2026-05-13 15:42:12][INFO] SIM_BRIDGE: Region 'motor_W' (200 neurons): using Izh type IZH2007_RS_CORTICAL_PYRAMIDAL
[2026-05-13 15:42:12][INFO] SIM_BRIDGE: Region 'language_output' (2048 neurons): using Izh type IZH2007_RS_CORTICAL_PYRAMIDAL
[2026-05-13 15:42:12][INFO] SIM_BRIDGE: Region 'motor_FS_N' (24 neurons): using Izh type IZH2007_FS_CORTICAL_INTERNEURON
[2026-05-13 15:42:12][INFO] SIM_BRIDGE: Region 'motor_FS_E' (24 neurons): using Izh type IZH2007_FS_CORTICAL_INTERNEURON
[2026-05-13 15:42:12][INFO] SIM_BRIDGE: Region 'motor_FS_S' (24 neurons): using Izh type IZH2007_FS_CORTICAL_INTERNEURON
[2026-05-13 15:42:12][INFO] SIM_BRIDGE: Region 'motor_FS_W' (24 neurons): using Izh type IZH2007_FS_CORTICAL_INTERNEURON
[2026-05-13 15:42:12][INFO] SIM_BRIDGE: Region 'noun_pool_APPLE' (200 neurons): using Izh type IZH2007_RS_CORTICAL_PYRAMIDAL
[2026-05-13 15:42:12][INFO] SIM_BRIDGE: Region 'noun_pool_RIVER' (200 neurons): using Izh type IZH2007_RS_CORTICAL_PYRAMIDAL
[2026-05-13 15:42:12][INFO] SIM_BRIDGE: Region 'noun_pool_DOG' (200 neurons): using Izh type IZH2007_RS_CORTICAL_PYRAMIDAL
[2026-05-13 15:42:12][INFO] SIM_BRIDGE: Region 'noun_pool_CAT' (200 neurons): using Izh type IZH2007_RS_CORTICAL_PYRAMIDAL
[2026-05-13 15:42:12][INFO] SIM_BRIDGE: Region 'noun_pool_APPLE_fs' (24 neurons): using Izh type IZH2007_FS_CORTICAL_INTERNEURON
[2026-05-13 15:42:12][INFO] SIM_BRIDGE: Region 'noun_pool_RIVER_fs' (24 neurons): using Izh type IZH2007_FS_CORTICAL_INTERNEURON
[2026-05-13 15:42:12][INFO] SIM_BRIDGE: Region 'noun_pool_DOG_fs' (24 neurons): using Izh type IZH2007_FS_CORTICAL_INTERNEURON
[2026-05-13 15:42:12][INFO] SIM_BRIDGE: Region 'noun_pool_CAT_fs' (24 neurons): using Izh type IZH2007_FS_CORTICAL_INTERNEURON
[2026-05-13 15:42:12][INFO] SIM_BRIDGE: Region 'verb_pool_GO' (200 neurons): using Izh type IZH2007_RS_CORTICAL_PYRAMIDAL
[2026-05-13 15:42:12][INFO] SIM_BRIDGE: Region 'verb_pool_COME' (200 neurons): using Izh type IZH2007_RS_CORTICAL_PYRAMIDAL
[2026-05-13 15:42:12][INFO] SIM_BRIDGE: Region 'verb_pool_STOP' (200 neurons): using Izh type IZH2007_RS_CORTICAL_PYRAMIDAL
[2026-05-13 15:42:12][INFO] SIM_BRIDGE: Region 'verb_pool_LOOK' (200 neurons): using Izh type IZH2007_RS_CORTICAL_PYRAMIDAL
[2026-05-13 15:42:12][INFO] SIM_BRIDGE: Region 'verb_pool_GO_fs' (24 neurons): using Izh type IZH2007_FS_CORTICAL_INTERNEURON
[2026-05-13 15:42:12][INFO] SIM_BRIDGE: Region 'verb_pool_COME_fs' (24 neurons): using Izh type IZH2007_FS_CORTICAL_INTERNEURON
[2026-05-13 15:42:12][INFO] SIM_BRIDGE: Region 'verb_pool_STOP_fs' (24 neurons): using Izh type IZH2007_FS_CORTICAL_INTERNEURON
[2026-05-13 15:42:12][INFO] SIM_BRIDGE: Region 'verb_pool_LOOK_fs' (24 neurons): using Izh type IZH2007_FS_CORTICAL_INTERNEURON
[2026-05-13 15:42:12][INFO] SIM_BRIDGE: Region 'adjective_pool_BIG' (200 neurons): using Izh type IZH2007_RS_CORTICAL_PYRAMIDAL
[2026-05-13 15:42:12][INFO] SIM_BRIDGE: Region 'adjective_pool_SMALL' (200 neurons): using Izh type IZH2007_RS_CORTICAL_PYRAMIDAL
[2026-05-13 15:42:12][INFO] SIM_BRIDGE: Region 'adjective_pool_HOT' (200 neurons): using Izh type IZH2007_RS_CORTICAL_PYRAMIDAL
[2026-05-13 15:42:12][INFO] SIM_BRIDGE: Region 'adjective_pool_COLD' (200 neurons): using Izh type IZH2007_RS_CORTICAL_PYRAMIDAL
[2026-05-13 15:42:12][INFO] SIM_BRIDGE: Region 'adjective_pool_BIG_fs' (24 neurons): using Izh type IZH2007_FS_CORTICAL_INTERNEURON
[2026-05-13 15:42:12][INFO] SIM_BRIDGE: Region 'adjective_pool_SMALL_fs' (24 neurons): using Izh type IZH2007_FS_CORTICAL_INTERNEURON
[2026-05-13 15:42:12][INFO] SIM_BRIDGE: Region 'adjective_pool_HOT_fs' (24 neurons): using Izh type IZH2007_FS_CORTICAL_INTERNEURON
[2026-05-13 15:42:12][INFO] SIM_BRIDGE: Region 'adjective_pool_COLD_fs' (24 neurons): using Izh type IZH2007_FS_CORTICAL_INTERNEURON
[2026-05-13 15:42:12][INFO] SIM_BRIDGE: Applying parameter heterogeneity to neuron parameters...
[2026-05-13 15:42:12][INFO] SIM_BRIDGE: Applied heterogeneity to 4 parameters.
[2026-05-13 15:42:12][INFO] SIM_BRIDGE: Initializing OU process state (tau=15.0ms, sigma=100.0pA)...
[2026-05-13 15:42:12][INFO] SIM_BRIDGE: Generating 3D neuron positions for 7680 neurons...
[2026-05-13 15:42:12][INFO] SIM_BRIDGE: Generating connections (brain-region framework)...
[2026-05-13 15:42:18][INFO] SIM_BRIDGE: inject_explicit_wiring: installed 4548665 synapses across 114 populations.
[2026-05-13 15:42:18][INFO] SIM_BRIDGE: Initializing eligibility traces for 4548665 synapses (capacity: 6822997, dtype: float32)...
[2026-05-13 15:42:18][INFO] SIM_BRIDGE: Initializing STDP state for 7680 neurons...
[2026-05-13 15:42:18][INFO] SIM_BRIDGE: Simulation data initialized for 7680 neurons (3D). Synapses: 4548665. GPU memory: 1.6GB/25.8GB (6.4%)
[BUILD] concept-pool bridge: 7680 neurons total, 12 concept pools (2400 neurons in pools)
[topographic-bias] Applied factor=3.00/0.30 across motor + noun + verb pools
  north->motor_N: x3.00 on 6054 edges
  east->motor_E: x3.00 on 6178 edges
  south->motor_S: x3.00 on 6089 edges
  west->motor_W: x3.00 on 6075 edges
  apple->noun_pool_APPLE: x3.00 on 6297 edges
  river->noun_pool_RIVER: x3.00 on 6094 edges
  dog->noun_pool_DOG: x3.00 on 6123 edges
  cat->noun_pool_CAT: x3.00 on 6094 edges
  go->verb_pool_GO: x3.00 on 6172 edges
  come->verb_pool_COME: x3.00 on 6184 edges
  stop->verb_pool_STOP: x3.00 on 6136 edges
  look->verb_pool_LOOK: x3.00 on 6178 edges
  big->adjective_pool_BIG: x3.00 on 6055 edges
  small->adjective_pool_SMALL: x3.00 on 6114 edges
  hot->adjective_pool_HOT: x3.00 on 6084 edges
  cold->adjective_pool_COLD: x3.00 on 6006 edges
  reciprocal_target_edges: x3.00 on 98039 edges

[TRAIN] 16 (word, pool) pairs, 200 events each = 3200 total events (interleaved)
  interleaved event 100/3200 (36s)
  interleaved event 200/3200 (66s)
  interleaved event 300/3200 (96s)
  interleaved event 400/3200 (125s)
  interleaved event 500/3200 (154s)
  interleaved event 600/3200 (184s)
  interleaved event 700/3200 (213s)
  interleaved event 800/3200 (243s)
  interleaved event 900/3200 (272s)
  interleaved event 1000/3200 (301s)
  interleaved event 1100/3200 (331s)
  interleaved event 1200/3200 (360s)
  interleaved event 1300/3200 (390s)
  interleaved event 1400/3200 (419s)
  interleaved event 1500/3200 (448s)
  interleaved event 1600/3200 (477s)
  interleaved event 1700/3200 (515s)
  interleaved event 1800/3200 (546s)
  interleaved event 1900/3200 (575s)
  interleaved event 2000/3200 (604s)
  interleaved event 2100/3200 (633s)
  interleaved event 2200/3200 (663s)
  interleaved event 2300/3200 (692s)
  interleaved event 2400/3200 (721s)
  interleaved event 2500/3200 (751s)
  interleaved event 2600/3200 (780s)
  interleaved event 2700/3200 (809s)
  interleaved event 2800/3200 (839s)
  interleaved event 2900/3200 (868s)
  interleaved event 3000/3200 (898s)
  interleaved event 3100/3200 (927s)
  interleaved event 3200/3200 (957s)

[TRAIN] complete (957s, interleaved)

[SAVE] saving bridge to research\findings\raw\g11_bg\concept_pool_demo\seed45_v14.simstate.h5
[2026-05-13 15:58:19][INFO] SIM_BRIDGE: Saving checkpoint to research\findings\raw\g11_bg\concept_pool_demo\seed45_v14.simstate.h5...
[2026-05-13 15:58:20][SUCCESS] SIM_BRIDGE: Checkpoint saved successfully to research\findings\raw\g11_bg\concept_pool_demo\seed45_v14.simstate.h5
[SAVE] checkpoint written

[EVAL] measuring cross-category isolation across 16 pools

[RESULTS] per-word cross-category isolation:
  north    -> motor_N               target=0.755  max_off=1.155 (adjective_pool_HOT)  ratio=0.65x  [FAIL]
  east     -> motor_E               target=1.045  max_off=0.790 (motor_N)  ratio=1.32x  [PASS]
  south    -> motor_S               target=1.320  max_off=0.855 (adjective_pool_BIG)  ratio=1.54x  [PASS]
  west     -> motor_W               target=1.130  max_off=0.950 (adjective_pool_HOT)  ratio=1.19x  [PASS]
  apple    -> noun_pool_APPLE       target=1.600  max_off=1.350 (motor_W)  ratio=1.19x  [PASS]
  river    -> noun_pool_RIVER       target=0.680  max_off=0.650 (noun_pool_CAT)  ratio=1.05x  [PASS]
  dog      -> noun_pool_DOG         target=0.815  max_off=0.860 (motor_S)  ratio=0.95x  [FAIL]
  cat      -> noun_pool_CAT         target=1.395  max_off=0.695 (noun_pool_DOG)  ratio=2.01x  [PASS]
  go       -> verb_pool_GO          target=1.885  max_off=1.015 (adjective_pool_HOT)  ratio=1.86x  [PASS]
  come     -> verb_pool_COME        target=1.055  max_off=0.865 (noun_pool_CAT)  ratio=1.22x  [PASS]
  stop     -> verb_pool_STOP        target=0.850  max_off=0.795 (noun_pool_CAT)  ratio=1.07x  [PASS]
  look     -> verb_pool_LOOK        target=0.830  max_off=0.830 (adjective_pool_SMALL)  ratio=1.00x  [FAIL]
  big      -> adjective_pool_BIG    target=1.050  max_off=1.125 (verb_pool_LOOK)  ratio=0.93x  [FAIL]
  small    -> adjective_pool_SMALL  target=1.345  max_off=1.070 (verb_pool_GO)  ratio=1.26x  [PASS]
  hot      -> adjective_pool_HOT    target=1.640  max_off=1.115 (noun_pool_CAT)  ratio=1.47x  [PASS]
  cold     -> adjective_pool_COLD   target=1.045  max_off=0.895 (adjective_pool_SMALL)  ratio=1.17x  [PASS]

[VERDICT] 12/16 words have correct target-pool dominance
  Total wall clock: 980s

[OUT] wrote research\findings\raw\g11_bg\concept_pool_demo\seed45_v14.json
