
=== concept_pool_demo (seed=42) ===
  Architecture: 4 motor + 4 noun + 4 verb + 4 adjective = 16 pools
  Vocab: ['north', 'east', 'south', 'west'] + ['person', 'baby', 'ball', 'key'] + ['open', 'close', 'push', 'pull'] + ['happy', 'sad', 'full', 'empty']
  Train events/word: 200
[2026-05-14 23:17:22][INFO] SIM_BRIDGE: CuPy using GPU: NVIDIA GeForce RTX 3090 (24.0 GB), mempool limit: 80%
[2026-05-14 23:17:22][INFO] SIM_BRIDGE: Initializing simulation data for model: IZHIKEVICH (3D)... (playback_init: False)
[2026-05-14 23:17:22][INFO] SIM_BRIDGE: Brain-region framework: 34 regions, 7680 total neurons, 96 pathways.
[2026-05-14 23:17:22][INFO] SIM_BRIDGE: RNG initialized with seed: 42
[2026-05-14 23:17:22][INFO] SIM_BRIDGE: Initializing Izhikevich model specifics for 7680 neurons...
[2026-05-14 23:17:22][INFO] SIM_BRIDGE: Region 'language_input' (2048 neurons): using Izh type IZH2007_RS_CORTICAL_PYRAMIDAL
[2026-05-14 23:17:22][INFO] SIM_BRIDGE: Region 'motor_N' (200 neurons): using Izh type IZH2007_RS_CORTICAL_PYRAMIDAL
[2026-05-14 23:17:22][INFO] SIM_BRIDGE: Region 'motor_E' (200 neurons): using Izh type IZH2007_RS_CORTICAL_PYRAMIDAL
[2026-05-14 23:17:22][INFO] SIM_BRIDGE: Region 'motor_S' (200 neurons): using Izh type IZH2007_RS_CORTICAL_PYRAMIDAL
[2026-05-14 23:17:22][INFO] SIM_BRIDGE: Region 'motor_W' (200 neurons): using Izh type IZH2007_RS_CORTICAL_PYRAMIDAL
[2026-05-14 23:17:22][INFO] SIM_BRIDGE: Region 'language_output' (2048 neurons): using Izh type IZH2007_RS_CORTICAL_PYRAMIDAL
[2026-05-14 23:17:22][INFO] SIM_BRIDGE: Region 'motor_FS_N' (24 neurons): using Izh type IZH2007_FS_CORTICAL_INTERNEURON
[2026-05-14 23:17:22][INFO] SIM_BRIDGE: Region 'motor_FS_E' (24 neurons): using Izh type IZH2007_FS_CORTICAL_INTERNEURON
[2026-05-14 23:17:22][INFO] SIM_BRIDGE: Region 'motor_FS_S' (24 neurons): using Izh type IZH2007_FS_CORTICAL_INTERNEURON
[2026-05-14 23:17:22][INFO] SIM_BRIDGE: Region 'motor_FS_W' (24 neurons): using Izh type IZH2007_FS_CORTICAL_INTERNEURON
[2026-05-14 23:17:22][INFO] SIM_BRIDGE: Region 'noun_pool_PERSON' (200 neurons): using Izh type IZH2007_RS_CORTICAL_PYRAMIDAL
[2026-05-14 23:17:22][INFO] SIM_BRIDGE: Region 'noun_pool_BABY' (200 neurons): using Izh type IZH2007_RS_CORTICAL_PYRAMIDAL
[2026-05-14 23:17:22][INFO] SIM_BRIDGE: Region 'noun_pool_BALL' (200 neurons): using Izh type IZH2007_RS_CORTICAL_PYRAMIDAL
[2026-05-14 23:17:22][INFO] SIM_BRIDGE: Region 'noun_pool_KEY' (200 neurons): using Izh type IZH2007_RS_CORTICAL_PYRAMIDAL
[2026-05-14 23:17:22][INFO] SIM_BRIDGE: Region 'noun_pool_PERSON_fs' (24 neurons): using Izh type IZH2007_FS_CORTICAL_INTERNEURON
[2026-05-14 23:17:22][INFO] SIM_BRIDGE: Region 'noun_pool_BABY_fs' (24 neurons): using Izh type IZH2007_FS_CORTICAL_INTERNEURON
[2026-05-14 23:17:22][INFO] SIM_BRIDGE: Region 'noun_pool_BALL_fs' (24 neurons): using Izh type IZH2007_FS_CORTICAL_INTERNEURON
[2026-05-14 23:17:22][INFO] SIM_BRIDGE: Region 'noun_pool_KEY_fs' (24 neurons): using Izh type IZH2007_FS_CORTICAL_INTERNEURON
[2026-05-14 23:17:22][INFO] SIM_BRIDGE: Region 'verb_pool_OPEN' (200 neurons): using Izh type IZH2007_RS_CORTICAL_PYRAMIDAL
[2026-05-14 23:17:22][INFO] SIM_BRIDGE: Region 'verb_pool_CLOSE' (200 neurons): using Izh type IZH2007_RS_CORTICAL_PYRAMIDAL
[2026-05-14 23:17:22][INFO] SIM_BRIDGE: Region 'verb_pool_PUSH' (200 neurons): using Izh type IZH2007_RS_CORTICAL_PYRAMIDAL
[2026-05-14 23:17:22][INFO] SIM_BRIDGE: Region 'verb_pool_PULL' (200 neurons): using Izh type IZH2007_RS_CORTICAL_PYRAMIDAL
[2026-05-14 23:17:22][INFO] SIM_BRIDGE: Region 'verb_pool_OPEN_fs' (24 neurons): using Izh type IZH2007_FS_CORTICAL_INTERNEURON
[2026-05-14 23:17:22][INFO] SIM_BRIDGE: Region 'verb_pool_CLOSE_fs' (24 neurons): using Izh type IZH2007_FS_CORTICAL_INTERNEURON
[2026-05-14 23:17:22][INFO] SIM_BRIDGE: Region 'verb_pool_PUSH_fs' (24 neurons): using Izh type IZH2007_FS_CORTICAL_INTERNEURON
[2026-05-14 23:17:22][INFO] SIM_BRIDGE: Region 'verb_pool_PULL_fs' (24 neurons): using Izh type IZH2007_FS_CORTICAL_INTERNEURON
[2026-05-14 23:17:22][INFO] SIM_BRIDGE: Region 'adjective_pool_HAPPY' (200 neurons): using Izh type IZH2007_RS_CORTICAL_PYRAMIDAL
[2026-05-14 23:17:22][INFO] SIM_BRIDGE: Region 'adjective_pool_SAD' (200 neurons): using Izh type IZH2007_RS_CORTICAL_PYRAMIDAL
[2026-05-14 23:17:22][INFO] SIM_BRIDGE: Region 'adjective_pool_FULL' (200 neurons): using Izh type IZH2007_RS_CORTICAL_PYRAMIDAL
[2026-05-14 23:17:22][INFO] SIM_BRIDGE: Region 'adjective_pool_EMPTY' (200 neurons): using Izh type IZH2007_RS_CORTICAL_PYRAMIDAL
[2026-05-14 23:17:22][INFO] SIM_BRIDGE: Region 'adjective_pool_HAPPY_fs' (24 neurons): using Izh type IZH2007_FS_CORTICAL_INTERNEURON
[2026-05-14 23:17:22][INFO] SIM_BRIDGE: Region 'adjective_pool_SAD_fs' (24 neurons): using Izh type IZH2007_FS_CORTICAL_INTERNEURON
[2026-05-14 23:17:22][INFO] SIM_BRIDGE: Region 'adjective_pool_FULL_fs' (24 neurons): using Izh type IZH2007_FS_CORTICAL_INTERNEURON
[2026-05-14 23:17:22][INFO] SIM_BRIDGE: Region 'adjective_pool_EMPTY_fs' (24 neurons): using Izh type IZH2007_FS_CORTICAL_INTERNEURON
[2026-05-14 23:17:22][INFO] SIM_BRIDGE: Applying parameter heterogeneity to neuron parameters...
[2026-05-14 23:17:22][INFO] SIM_BRIDGE: Applied heterogeneity to 4 parameters.
[2026-05-14 23:17:22][INFO] SIM_BRIDGE: Initializing OU process state (tau=15.0ms, sigma=100.0pA)...
[2026-05-14 23:17:22][INFO] SIM_BRIDGE: Generating 3D neuron positions for 7680 neurons...
[2026-05-14 23:17:22][INFO] SIM_BRIDGE: Generating connections (brain-region framework)...
[2026-05-14 23:17:28][INFO] SIM_BRIDGE: inject_explicit_wiring: installed 4547005 synapses across 114 populations.
[2026-05-14 23:17:28][INFO] SIM_BRIDGE: Initializing eligibility traces for 4547005 synapses (capacity: 6820507, dtype: float32)...
[2026-05-14 23:17:28][INFO] SIM_BRIDGE: Initializing STDP state for 7680 neurons...
[2026-05-14 23:17:28][INFO] SIM_BRIDGE: Simulation data initialized for 7680 neurons (3D). Synapses: 4547005. GPU memory: 1.6GB/25.8GB (6.4%)
[BUILD] concept-pool bridge: 7680 neurons total, 12 concept pools (2400 neurons in pools)
[topographic-bias] Applied factor=3.00/0.30 across motor + noun + verb pools
  north->motor_N: x3.00 on 6216 edges
  east->motor_E: x3.00 on 6049 edges
  south->motor_S: x3.00 on 6253 edges
  west->motor_W: x3.00 on 6158 edges
  person->noun_pool_PERSON: x3.00 on 6144 edges
  baby->noun_pool_BABY: x3.00 on 6150 edges
  ball->noun_pool_BALL: x3.00 on 6074 edges
  key->noun_pool_KEY: x3.00 on 6089 edges
  open->verb_pool_OPEN: x3.00 on 6033 edges
  close->verb_pool_CLOSE: x3.00 on 6037 edges
  push->verb_pool_PUSH: x3.00 on 6097 edges
  pull->verb_pool_PULL: x3.00 on 6115 edges
  happy->adjective_pool_HAPPY: x3.00 on 6144 edges
  sad->adjective_pool_SAD: x3.00 on 6064 edges
  full->adjective_pool_FULL: x3.00 on 6162 edges
  empty->adjective_pool_EMPTY: x3.00 on 6123 edges
  reciprocal_target_edges: x3.00 on 97659 edges

[TRAIN] 16 (word, pool) pairs, 200 events each = 3200 total events (interleaved)
  interleaved event 100/3200 (36s)
  interleaved event 200/3200 (73s)
  interleaved event 300/3200 (109s)
  interleaved event 400/3200 (145s)
  interleaved event 500/3200 (181s)
  interleaved event 600/3200 (218s)
  interleaved event 700/3200 (254s)
  interleaved event 800/3200 (290s)
  interleaved event 900/3200 (326s)
  interleaved event 1000/3200 (361s)
  interleaved event 1100/3200 (397s)
  interleaved event 1200/3200 (433s)
  interleaved event 1300/3200 (470s)
  interleaved event 1400/3200 (506s)
  interleaved event 1500/3200 (542s)
  interleaved event 1600/3200 (578s)
  interleaved event 1700/3200 (616s)
  interleaved event 1800/3200 (646s)
  interleaved event 1900/3200 (681s)
  interleaved event 2000/3200 (711s)
  interleaved event 2100/3200 (742s)
  interleaved event 2200/3200 (772s)
  interleaved event 2300/3200 (805s)
  interleaved event 2400/3200 (836s)
  interleaved event 2500/3200 (866s)
  interleaved event 2600/3200 (897s)
  interleaved event 2700/3200 (933s)
  interleaved event 2800/3200 (966s)
  interleaved event 2900/3200 (997s)
  interleaved event 3000/3200 (1031s)
  interleaved event 3100/3200 (1062s)
  interleaved event 3200/3200 (1093s)

[TRAIN] complete (1093s, interleaved)

[SAVE] saving bridge to research/findings/raw/g11_bg/concept_pool_demo/seed42_set4.simstate.h5
[2026-05-14 23:35:46][INFO] SIM_BRIDGE: Saving checkpoint to research/findings/raw/g11_bg/concept_pool_demo/seed42_set4.simstate.h5...
[2026-05-14 23:35:47][SUCCESS] SIM_BRIDGE: Checkpoint saved successfully to research/findings/raw/g11_bg/concept_pool_demo/seed42_set4.simstate.h5
[SAVE] checkpoint written

[EVAL] measuring cross-category isolation across 16 pools

[RESULTS] per-word cross-category isolation:
  north    -> motor_N               target=1.355  max_off=1.025 (noun_pool_KEY)  ratio=1.32x  [PASS]
  east     -> motor_E               target=1.045  max_off=0.945 (adjective_pool_FULL)  ratio=1.11x  [PASS]
  south    -> motor_S               target=1.260  max_off=0.905 (adjective_pool_SAD)  ratio=1.39x  [PASS]
  west     -> motor_W               target=0.680  max_off=0.525 (adjective_pool_HAPPY)  ratio=1.30x  [PASS]
  person   -> noun_pool_PERSON      target=0.860  max_off=0.825 (motor_E)  ratio=1.04x  [PASS]
  baby     -> noun_pool_BABY        target=1.090  max_off=0.800 (verb_pool_PUSH)  ratio=1.36x  [PASS]
  ball     -> noun_pool_BALL        target=1.300  max_off=0.925 (motor_E)  ratio=1.41x  [PASS]
  key      -> noun_pool_KEY         target=1.530  max_off=1.000 (adjective_pool_EMPTY)  ratio=1.53x  [PASS]
  open     -> verb_pool_OPEN        target=1.120  max_off=1.120 (noun_pool_KEY)  ratio=1.00x  [FAIL]
  close    -> verb_pool_CLOSE       target=0.740  max_off=0.745 (adjective_pool_EMPTY)  ratio=0.99x  [FAIL]
  push     -> verb_pool_PUSH        target=1.460  max_off=1.065 (verb_pool_CLOSE)  ratio=1.37x  [PASS]
  pull     -> verb_pool_PULL        target=1.010  max_off=0.755 (verb_pool_CLOSE)  ratio=1.34x  [PASS]
  happy    -> adjective_pool_HAPPY  target=0.725  max_off=0.815 (motor_N)  ratio=0.89x  [FAIL]
  sad      -> adjective_pool_SAD    target=1.120  max_off=1.065 (adjective_pool_HAPPY)  ratio=1.05x  [PASS]
  full     -> adjective_pool_FULL   target=1.295  max_off=0.915 (motor_S)  ratio=1.42x  [PASS]
  empty    -> adjective_pool_EMPTY  target=1.015  max_off=0.910 (motor_N)  ratio=1.12x  [PASS]

[VERDICT] 13/16 words have correct target-pool dominance
  Total wall clock: 1113s

[OUT] wrote research\findings\raw\g11_bg\concept_pool_demo\seed42_set4.json
