
=== concept_pool_demo (seed=46) ===
  Architecture: 4 motor + 4 noun + 4 verb = 12 pools
  Vocab: ['north', 'east', 'south', 'west'] + ['apple', 'river', 'dog', 'cat'] + ['go', 'come', 'stop', 'look']
  Train events/word: 200
[2026-05-13 10:43:12][INFO] SIM_BRIDGE: CuPy using GPU: NVIDIA GeForce RTX 3090 (24.0 GB), mempool limit: 80%
[2026-05-13 10:43:12][INFO] SIM_BRIDGE: Initializing simulation data for model: IZHIKEVICH (3D)... (playback_init: False)
[2026-05-13 10:43:12][INFO] SIM_BRIDGE: Brain-region framework: 26 regions, 6784 total neurons, 72 pathways.
[2026-05-13 10:43:12][INFO] SIM_BRIDGE: RNG initialized with seed: 46
[2026-05-13 10:43:12][INFO] SIM_BRIDGE: Initializing Izhikevich model specifics for 6784 neurons...
[2026-05-13 10:43:12][INFO] SIM_BRIDGE: Region 'language_input' (2048 neurons): using Izh type IZH2007_RS_CORTICAL_PYRAMIDAL
[2026-05-13 10:43:12][INFO] SIM_BRIDGE: Region 'motor_N' (200 neurons): using Izh type IZH2007_RS_CORTICAL_PYRAMIDAL
[2026-05-13 10:43:12][INFO] SIM_BRIDGE: Region 'motor_E' (200 neurons): using Izh type IZH2007_RS_CORTICAL_PYRAMIDAL
[2026-05-13 10:43:12][INFO] SIM_BRIDGE: Region 'motor_S' (200 neurons): using Izh type IZH2007_RS_CORTICAL_PYRAMIDAL
[2026-05-13 10:43:12][INFO] SIM_BRIDGE: Region 'motor_W' (200 neurons): using Izh type IZH2007_RS_CORTICAL_PYRAMIDAL
[2026-05-13 10:43:12][INFO] SIM_BRIDGE: Region 'language_output' (2048 neurons): using Izh type IZH2007_RS_CORTICAL_PYRAMIDAL
[2026-05-13 10:43:12][INFO] SIM_BRIDGE: Region 'motor_FS_N' (24 neurons): using Izh type IZH2007_FS_CORTICAL_INTERNEURON
[2026-05-13 10:43:12][INFO] SIM_BRIDGE: Region 'motor_FS_E' (24 neurons): using Izh type IZH2007_FS_CORTICAL_INTERNEURON
[2026-05-13 10:43:12][INFO] SIM_BRIDGE: Region 'motor_FS_S' (24 neurons): using Izh type IZH2007_FS_CORTICAL_INTERNEURON
[2026-05-13 10:43:12][INFO] SIM_BRIDGE: Region 'motor_FS_W' (24 neurons): using Izh type IZH2007_FS_CORTICAL_INTERNEURON
[2026-05-13 10:43:12][INFO] SIM_BRIDGE: Region 'noun_pool_APPLE' (200 neurons): using Izh type IZH2007_RS_CORTICAL_PYRAMIDAL
[2026-05-13 10:43:12][INFO] SIM_BRIDGE: Region 'noun_pool_RIVER' (200 neurons): using Izh type IZH2007_RS_CORTICAL_PYRAMIDAL
[2026-05-13 10:43:12][INFO] SIM_BRIDGE: Region 'noun_pool_DOG' (200 neurons): using Izh type IZH2007_RS_CORTICAL_PYRAMIDAL
[2026-05-13 10:43:12][INFO] SIM_BRIDGE: Region 'noun_pool_CAT' (200 neurons): using Izh type IZH2007_RS_CORTICAL_PYRAMIDAL
[2026-05-13 10:43:12][INFO] SIM_BRIDGE: Region 'noun_pool_APPLE_fs' (24 neurons): using Izh type IZH2007_FS_CORTICAL_INTERNEURON
[2026-05-13 10:43:12][INFO] SIM_BRIDGE: Region 'noun_pool_RIVER_fs' (24 neurons): using Izh type IZH2007_FS_CORTICAL_INTERNEURON
[2026-05-13 10:43:12][INFO] SIM_BRIDGE: Region 'noun_pool_DOG_fs' (24 neurons): using Izh type IZH2007_FS_CORTICAL_INTERNEURON
[2026-05-13 10:43:12][INFO] SIM_BRIDGE: Region 'noun_pool_CAT_fs' (24 neurons): using Izh type IZH2007_FS_CORTICAL_INTERNEURON
[2026-05-13 10:43:12][INFO] SIM_BRIDGE: Region 'verb_pool_GO' (200 neurons): using Izh type IZH2007_RS_CORTICAL_PYRAMIDAL
[2026-05-13 10:43:12][INFO] SIM_BRIDGE: Region 'verb_pool_COME' (200 neurons): using Izh type IZH2007_RS_CORTICAL_PYRAMIDAL
[2026-05-13 10:43:12][INFO] SIM_BRIDGE: Region 'verb_pool_STOP' (200 neurons): using Izh type IZH2007_RS_CORTICAL_PYRAMIDAL
[2026-05-13 10:43:12][INFO] SIM_BRIDGE: Region 'verb_pool_LOOK' (200 neurons): using Izh type IZH2007_RS_CORTICAL_PYRAMIDAL
[2026-05-13 10:43:12][INFO] SIM_BRIDGE: Region 'verb_pool_GO_fs' (24 neurons): using Izh type IZH2007_FS_CORTICAL_INTERNEURON
[2026-05-13 10:43:12][INFO] SIM_BRIDGE: Region 'verb_pool_COME_fs' (24 neurons): using Izh type IZH2007_FS_CORTICAL_INTERNEURON
[2026-05-13 10:43:12][INFO] SIM_BRIDGE: Region 'verb_pool_STOP_fs' (24 neurons): using Izh type IZH2007_FS_CORTICAL_INTERNEURON
[2026-05-13 10:43:12][INFO] SIM_BRIDGE: Region 'verb_pool_LOOK_fs' (24 neurons): using Izh type IZH2007_FS_CORTICAL_INTERNEURON
[2026-05-13 10:43:12][INFO] SIM_BRIDGE: Applying parameter heterogeneity to neuron parameters...
[2026-05-13 10:43:12][INFO] SIM_BRIDGE: Applied heterogeneity to 4 parameters.
[2026-05-13 10:43:12][INFO] SIM_BRIDGE: Initializing OU process state (tau=15.0ms, sigma=100.0pA)...
[2026-05-13 10:43:12][INFO] SIM_BRIDGE: Generating 3D neuron positions for 6784 neurons...
[2026-05-13 10:43:12][INFO] SIM_BRIDGE: Generating connections (brain-region framework)...
[2026-05-13 10:43:19][INFO] SIM_BRIDGE: inject_explicit_wiring: installed 3518306 synapses across 86 populations.
[2026-05-13 10:43:19][INFO] SIM_BRIDGE: Initializing eligibility traces for 3518306 synapses (capacity: 5277459, dtype: float32)...
[2026-05-13 10:43:19][INFO] SIM_BRIDGE: Initializing STDP state for 6784 neurons...
[2026-05-13 10:43:19][INFO] SIM_BRIDGE: Simulation data initialized for 6784 neurons (3D). Synapses: 3518306. GPU memory: 1.6GB/25.8GB (6.1%)
[BUILD] concept-pool bridge: 6784 neurons total, 12 concept pools (2400 neurons in pools)
[topographic-bias] Applied factor=3.00/0.30 across motor + noun + verb pools
  north->motor_N: x3.00 on 12270 edges
  east->motor_E: x3.00 on 12156 edges
  south->motor_S: x3.00 on 12305 edges
  west->motor_W: x3.00 on 12271 edges
  apple->noun_pool_APPLE: x3.00 on 12377 edges
  river->noun_pool_RIVER: x3.00 on 12450 edges
  dog->noun_pool_DOG: x3.00 on 12347 edges
  cat->noun_pool_CAT: x3.00 on 12163 edges
  go->verb_pool_GO: x3.00 on 12208 edges
  come->verb_pool_COME: x3.00 on 12190 edges
  stop->verb_pool_STOP: x3.00 on 12364 edges
  look->verb_pool_LOOK: x3.00 on 12443 edges
  reciprocal_target_edges: x3.00 on 147406 edges

[TRAIN] 12 (word, pool) pairs, 200 events each = 2400 total events (interleaved)
  interleaved event 100/2400 (74s)
  interleaved event 200/2400 (147s)
  interleaved event 300/2400 (220s)
  interleaved event 400/2400 (293s)
  interleaved event 500/2400 (366s)
  interleaved event 600/2400 (439s)
  interleaved event 700/2400 (512s)
  interleaved event 800/2400 (584s)
  interleaved event 900/2400 (657s)
  interleaved event 1000/2400 (730s)
  interleaved event 1100/2400 (803s)
  interleaved event 1200/2400 (876s)
  interleaved event 1300/2400 (949s)
  interleaved event 1400/2400 (988s)
  interleaved event 1500/2400 (1017s)
  interleaved event 1600/2400 (1048s)
  interleaved event 1700/2400 (1077s)
  interleaved event 1800/2400 (1106s)
  interleaved event 1900/2400 (1136s)
  interleaved event 2000/2400 (1167s)
  interleaved event 2100/2400 (1197s)
  interleaved event 2200/2400 (1227s)
  interleaved event 2300/2400 (1258s)
  interleaved event 2400/2400 (1289s)

[TRAIN] complete (1289s, interleaved)

[SAVE] saving bridge to research\findings\raw\g11_bg\concept_pool_demo\seed46_v9.simstate.h5
[2026-05-13 11:04:55][INFO] SIM_BRIDGE: Saving checkpoint to research\findings\raw\g11_bg\concept_pool_demo\seed46_v9.simstate.h5...
[2026-05-13 11:04:56][SUCCESS] SIM_BRIDGE: Checkpoint saved successfully to research\findings\raw\g11_bg\concept_pool_demo\seed46_v9.simstate.h5
[SAVE] checkpoint written

[EVAL] measuring cross-category isolation across 12 pools

[RESULTS] per-word cross-category isolation:
  north    -> motor_N               target=1.235  max_off=1.140 (motor_W)  ratio=1.08x  [PASS]
  east     -> motor_E               target=0.955  max_off=0.995 (motor_W)  ratio=0.96x  [FAIL]
  south    -> motor_S               target=1.040  max_off=1.520 (verb_pool_LOOK)  ratio=0.68x  [FAIL]
  west     -> motor_W               target=2.120  max_off=1.835 (motor_S)  ratio=1.16x  [PASS]
  apple    -> noun_pool_APPLE       target=1.885  max_off=1.205 (noun_pool_DOG)  ratio=1.56x  [PASS]
  river    -> noun_pool_RIVER       target=1.070  max_off=1.145 (motor_W)  ratio=0.93x  [FAIL]
  dog      -> noun_pool_DOG         target=0.795  max_off=1.510 (noun_pool_RIVER)  ratio=0.53x  [FAIL]
  cat      -> noun_pool_CAT         target=0.635  max_off=0.890 (verb_pool_LOOK)  ratio=0.71x  [FAIL]
  go       -> verb_pool_GO          target=2.405  max_off=1.450 (motor_W)  ratio=1.66x  [PASS]
  come     -> verb_pool_COME        target=0.605  max_off=0.835 (motor_W)  ratio=0.72x  [FAIL]
  stop     -> verb_pool_STOP        target=1.280  max_off=1.315 (verb_pool_COME)  ratio=0.97x  [FAIL]
  look     -> verb_pool_LOOK        target=1.755  max_off=1.455 (verb_pool_STOP)  ratio=1.21x  [PASS]

[VERDICT] 5/12 words have correct target-pool dominance
  Total wall clock: 1309s

[OUT] wrote research\findings\raw\g11_bg\concept_pool_demo\seed46_v9.json
