
=== concept_pool_demo (seed=43) ===
  Architecture: 4 motor + 4 noun + 4 verb = 12 pools
  Vocab: ['north', 'east', 'south', 'west'] + ['apple', 'river', 'dog', 'cat'] + ['go', 'come', 'stop', 'look']
  Train events/word: 200
[2026-05-13 10:02:05][INFO] SIM_BRIDGE: CuPy using GPU: NVIDIA GeForce RTX 3090 (24.0 GB), mempool limit: 80%
[2026-05-13 10:02:05][INFO] SIM_BRIDGE: Initializing simulation data for model: IZHIKEVICH (3D)... (playback_init: False)
[2026-05-13 10:02:05][INFO] SIM_BRIDGE: Brain-region framework: 26 regions, 6784 total neurons, 72 pathways.
[2026-05-13 10:02:05][INFO] SIM_BRIDGE: RNG initialized with seed: 43
[2026-05-13 10:02:05][INFO] SIM_BRIDGE: Initializing Izhikevich model specifics for 6784 neurons...
[2026-05-13 10:02:05][INFO] SIM_BRIDGE: Region 'language_input' (2048 neurons): using Izh type IZH2007_RS_CORTICAL_PYRAMIDAL
[2026-05-13 10:02:05][INFO] SIM_BRIDGE: Region 'motor_N' (200 neurons): using Izh type IZH2007_RS_CORTICAL_PYRAMIDAL
[2026-05-13 10:02:05][INFO] SIM_BRIDGE: Region 'motor_E' (200 neurons): using Izh type IZH2007_RS_CORTICAL_PYRAMIDAL
[2026-05-13 10:02:05][INFO] SIM_BRIDGE: Region 'motor_S' (200 neurons): using Izh type IZH2007_RS_CORTICAL_PYRAMIDAL
[2026-05-13 10:02:05][INFO] SIM_BRIDGE: Region 'motor_W' (200 neurons): using Izh type IZH2007_RS_CORTICAL_PYRAMIDAL
[2026-05-13 10:02:05][INFO] SIM_BRIDGE: Region 'language_output' (2048 neurons): using Izh type IZH2007_RS_CORTICAL_PYRAMIDAL
[2026-05-13 10:02:05][INFO] SIM_BRIDGE: Region 'motor_FS_N' (24 neurons): using Izh type IZH2007_FS_CORTICAL_INTERNEURON
[2026-05-13 10:02:05][INFO] SIM_BRIDGE: Region 'motor_FS_E' (24 neurons): using Izh type IZH2007_FS_CORTICAL_INTERNEURON
[2026-05-13 10:02:05][INFO] SIM_BRIDGE: Region 'motor_FS_S' (24 neurons): using Izh type IZH2007_FS_CORTICAL_INTERNEURON
[2026-05-13 10:02:05][INFO] SIM_BRIDGE: Region 'motor_FS_W' (24 neurons): using Izh type IZH2007_FS_CORTICAL_INTERNEURON
[2026-05-13 10:02:05][INFO] SIM_BRIDGE: Region 'noun_pool_APPLE' (200 neurons): using Izh type IZH2007_RS_CORTICAL_PYRAMIDAL
[2026-05-13 10:02:05][INFO] SIM_BRIDGE: Region 'noun_pool_RIVER' (200 neurons): using Izh type IZH2007_RS_CORTICAL_PYRAMIDAL
[2026-05-13 10:02:05][INFO] SIM_BRIDGE: Region 'noun_pool_DOG' (200 neurons): using Izh type IZH2007_RS_CORTICAL_PYRAMIDAL
[2026-05-13 10:02:05][INFO] SIM_BRIDGE: Region 'noun_pool_CAT' (200 neurons): using Izh type IZH2007_RS_CORTICAL_PYRAMIDAL
[2026-05-13 10:02:05][INFO] SIM_BRIDGE: Region 'noun_pool_APPLE_fs' (24 neurons): using Izh type IZH2007_FS_CORTICAL_INTERNEURON
[2026-05-13 10:02:05][INFO] SIM_BRIDGE: Region 'noun_pool_RIVER_fs' (24 neurons): using Izh type IZH2007_FS_CORTICAL_INTERNEURON
[2026-05-13 10:02:05][INFO] SIM_BRIDGE: Region 'noun_pool_DOG_fs' (24 neurons): using Izh type IZH2007_FS_CORTICAL_INTERNEURON
[2026-05-13 10:02:05][INFO] SIM_BRIDGE: Region 'noun_pool_CAT_fs' (24 neurons): using Izh type IZH2007_FS_CORTICAL_INTERNEURON
[2026-05-13 10:02:05][INFO] SIM_BRIDGE: Region 'verb_pool_GO' (200 neurons): using Izh type IZH2007_RS_CORTICAL_PYRAMIDAL
[2026-05-13 10:02:05][INFO] SIM_BRIDGE: Region 'verb_pool_COME' (200 neurons): using Izh type IZH2007_RS_CORTICAL_PYRAMIDAL
[2026-05-13 10:02:05][INFO] SIM_BRIDGE: Region 'verb_pool_STOP' (200 neurons): using Izh type IZH2007_RS_CORTICAL_PYRAMIDAL
[2026-05-13 10:02:05][INFO] SIM_BRIDGE: Region 'verb_pool_LOOK' (200 neurons): using Izh type IZH2007_RS_CORTICAL_PYRAMIDAL
[2026-05-13 10:02:05][INFO] SIM_BRIDGE: Region 'verb_pool_GO_fs' (24 neurons): using Izh type IZH2007_FS_CORTICAL_INTERNEURON
[2026-05-13 10:02:05][INFO] SIM_BRIDGE: Region 'verb_pool_COME_fs' (24 neurons): using Izh type IZH2007_FS_CORTICAL_INTERNEURON
[2026-05-13 10:02:05][INFO] SIM_BRIDGE: Region 'verb_pool_STOP_fs' (24 neurons): using Izh type IZH2007_FS_CORTICAL_INTERNEURON
[2026-05-13 10:02:05][INFO] SIM_BRIDGE: Region 'verb_pool_LOOK_fs' (24 neurons): using Izh type IZH2007_FS_CORTICAL_INTERNEURON
[2026-05-13 10:02:05][INFO] SIM_BRIDGE: Applying parameter heterogeneity to neuron parameters...
[2026-05-13 10:02:05][INFO] SIM_BRIDGE: Applied heterogeneity to 4 parameters.
[2026-05-13 10:02:05][INFO] SIM_BRIDGE: Initializing OU process state (tau=15.0ms, sigma=100.0pA)...
[2026-05-13 10:02:05][INFO] SIM_BRIDGE: Generating 3D neuron positions for 6784 neurons...
[2026-05-13 10:02:05][INFO] SIM_BRIDGE: Generating connections (brain-region framework)...
[2026-05-13 10:02:09][INFO] SIM_BRIDGE: inject_explicit_wiring: installed 3512901 synapses across 86 populations.
[2026-05-13 10:02:09][INFO] SIM_BRIDGE: Initializing eligibility traces for 3512901 synapses (capacity: 5269351, dtype: float32)...
[2026-05-13 10:02:09][INFO] SIM_BRIDGE: Initializing STDP state for 6784 neurons...
[2026-05-13 10:02:09][INFO] SIM_BRIDGE: Simulation data initialized for 6784 neurons (3D). Synapses: 3512901. GPU memory: 1.6GB/25.8GB (6.1%)
[BUILD] concept-pool bridge: 6784 neurons total, 12 concept pools (2400 neurons in pools)
[topographic-bias] Applied factor=3.00/0.30 across motor + noun + verb pools
  north->motor_N: x3.00 on 12279 edges
  east->motor_E: x3.00 on 12117 edges
  south->motor_S: x3.00 on 12235 edges
  west->motor_W: x3.00 on 12351 edges
  apple->noun_pool_APPLE: x3.00 on 12338 edges
  river->noun_pool_RIVER: x3.00 on 12095 edges
  dog->noun_pool_DOG: x3.00 on 12382 edges
  cat->noun_pool_CAT: x3.00 on 12193 edges
  go->verb_pool_GO: x3.00 on 12190 edges
  come->verb_pool_COME: x3.00 on 12191 edges
  stop->verb_pool_STOP: x3.00 on 12243 edges
  look->verb_pool_LOOK: x3.00 on 12122 edges
  reciprocal_target_edges: x3.00 on 147961 edges

[TRAIN] 12 (word, pool) pairs, 200 events each = 2400 total events (interleaved)
  interleaved event 100/2400 (38s)
  interleaved event 200/2400 (72s)
  interleaved event 300/2400 (101s)
  interleaved event 400/2400 (129s)
  interleaved event 500/2400 (158s)
  interleaved event 600/2400 (187s)
  interleaved event 700/2400 (216s)
  interleaved event 800/2400 (245s)
  interleaved event 900/2400 (274s)
  interleaved event 1000/2400 (303s)
  interleaved event 1100/2400 (332s)
  interleaved event 1200/2400 (361s)
  interleaved event 1300/2400 (390s)
  interleaved event 1400/2400 (421s)
  interleaved event 1500/2400 (451s)
  interleaved event 1600/2400 (480s)
  interleaved event 1700/2400 (509s)
  interleaved event 1800/2400 (538s)
  interleaved event 1900/2400 (566s)
  interleaved event 2000/2400 (595s)
  interleaved event 2100/2400 (624s)
  interleaved event 2200/2400 (653s)
  interleaved event 2300/2400 (682s)
  interleaved event 2400/2400 (712s)

[TRAIN] complete (712s, interleaved)

[SAVE] saving bridge to research\findings\raw\g11_bg\concept_pool_demo\seed43_v9.simstate.h5
[2026-05-13 10:14:07][INFO] SIM_BRIDGE: Saving checkpoint to research\findings\raw\g11_bg\concept_pool_demo\seed43_v9.simstate.h5...
[2026-05-13 10:14:08][SUCCESS] SIM_BRIDGE: Checkpoint saved successfully to research\findings\raw\g11_bg\concept_pool_demo\seed43_v9.simstate.h5
[SAVE] checkpoint written

[EVAL] measuring cross-category isolation across 12 pools

[RESULTS] per-word cross-category isolation:
  north    -> motor_N               target=1.375  max_off=1.185 (motor_S)  ratio=1.16x  [PASS]
  east     -> motor_E               target=1.730  max_off=1.640 (motor_N)  ratio=1.05x  [PASS]
  south    -> motor_S               target=2.345  max_off=1.745 (noun_pool_CAT)  ratio=1.34x  [PASS]
  west     -> motor_W               target=1.000  max_off=1.330 (motor_S)  ratio=0.75x  [FAIL]
  apple    -> noun_pool_APPLE       target=1.135  max_off=1.195 (verb_pool_STOP)  ratio=0.95x  [FAIL]
  river    -> noun_pool_RIVER       target=2.845  max_off=1.890 (noun_pool_APPLE)  ratio=1.51x  [PASS]
  dog      -> noun_pool_DOG         target=0.985  max_off=1.370 (verb_pool_COME)  ratio=0.72x  [FAIL]
  cat      -> noun_pool_CAT         target=1.895  max_off=1.490 (verb_pool_COME)  ratio=1.27x  [PASS]
  go       -> verb_pool_GO          target=1.500  max_off=1.915 (noun_pool_CAT)  ratio=0.78x  [FAIL]
  come     -> verb_pool_COME        target=2.375  max_off=1.685 (verb_pool_GO)  ratio=1.41x  [PASS]
  stop     -> verb_pool_STOP        target=1.475  max_off=1.490 (noun_pool_APPLE)  ratio=0.99x  [FAIL]
  look     -> verb_pool_LOOK        target=1.920  max_off=1.230 (verb_pool_COME)  ratio=1.56x  [PASS]

[VERDICT] 7/12 words have correct target-pool dominance
  Total wall clock: 729s

[OUT] wrote research\findings\raw\g11_bg\concept_pool_demo\seed43_v9.json
