
=== concept_pool_demo (seed=42) ===
  Architecture: 4 motor + 4 noun + 4 verb = 12 pools
  Vocab: ['north', 'east', 'south', 'west'] + ['apple', 'river', 'dog', 'cat'] + ['go', 'come', 'stop', 'look']
  Train events/word: 200
[2026-05-13 13:09:32][INFO] SIM_BRIDGE: CuPy using GPU: NVIDIA GeForce RTX 3090 (24.0 GB), mempool limit: 80%
[2026-05-13 13:09:32][INFO] SIM_BRIDGE: Initializing simulation data for model: IZHIKEVICH (3D)... (playback_init: False)
[2026-05-13 13:09:32][INFO] SIM_BRIDGE: Brain-region framework: 27 regions, 6984 total neurons, 81 pathways.
[2026-05-13 13:09:32][INFO] SIM_BRIDGE: RNG initialized with seed: 42
[2026-05-13 13:09:32][INFO] SIM_BRIDGE: Initializing Izhikevich model specifics for 6984 neurons...
[2026-05-13 13:09:32][INFO] SIM_BRIDGE: Region 'language_input' (2048 neurons): using Izh type IZH2007_RS_CORTICAL_PYRAMIDAL
[2026-05-13 13:09:32][INFO] SIM_BRIDGE: Region 'motor_N' (200 neurons): using Izh type IZH2007_RS_CORTICAL_PYRAMIDAL
[2026-05-13 13:09:32][INFO] SIM_BRIDGE: Region 'motor_E' (200 neurons): using Izh type IZH2007_RS_CORTICAL_PYRAMIDAL
[2026-05-13 13:09:32][INFO] SIM_BRIDGE: Region 'motor_S' (200 neurons): using Izh type IZH2007_RS_CORTICAL_PYRAMIDAL
[2026-05-13 13:09:32][INFO] SIM_BRIDGE: Region 'motor_W' (200 neurons): using Izh type IZH2007_RS_CORTICAL_PYRAMIDAL
[2026-05-13 13:09:32][INFO] SIM_BRIDGE: Region 'language_output' (2048 neurons): using Izh type IZH2007_RS_CORTICAL_PYRAMIDAL
[2026-05-13 13:09:32][INFO] SIM_BRIDGE: Region 'dlpfc_verb' (200 neurons): using Izh type IZH2007_RS_CORTICAL_PYRAMIDAL
[2026-05-13 13:09:32][INFO] SIM_BRIDGE: Region 'motor_FS_N' (24 neurons): using Izh type IZH2007_FS_CORTICAL_INTERNEURON
[2026-05-13 13:09:32][INFO] SIM_BRIDGE: Region 'motor_FS_E' (24 neurons): using Izh type IZH2007_FS_CORTICAL_INTERNEURON
[2026-05-13 13:09:32][INFO] SIM_BRIDGE: Region 'motor_FS_S' (24 neurons): using Izh type IZH2007_FS_CORTICAL_INTERNEURON
[2026-05-13 13:09:32][INFO] SIM_BRIDGE: Region 'motor_FS_W' (24 neurons): using Izh type IZH2007_FS_CORTICAL_INTERNEURON
[2026-05-13 13:09:32][INFO] SIM_BRIDGE: Region 'noun_pool_APPLE' (200 neurons): using Izh type IZH2007_RS_CORTICAL_PYRAMIDAL
[2026-05-13 13:09:32][INFO] SIM_BRIDGE: Region 'noun_pool_RIVER' (200 neurons): using Izh type IZH2007_RS_CORTICAL_PYRAMIDAL
[2026-05-13 13:09:32][INFO] SIM_BRIDGE: Region 'noun_pool_DOG' (200 neurons): using Izh type IZH2007_RS_CORTICAL_PYRAMIDAL
[2026-05-13 13:09:32][INFO] SIM_BRIDGE: Region 'noun_pool_CAT' (200 neurons): using Izh type IZH2007_RS_CORTICAL_PYRAMIDAL
[2026-05-13 13:09:32][INFO] SIM_BRIDGE: Region 'noun_pool_APPLE_fs' (24 neurons): using Izh type IZH2007_FS_CORTICAL_INTERNEURON
[2026-05-13 13:09:32][INFO] SIM_BRIDGE: Region 'noun_pool_RIVER_fs' (24 neurons): using Izh type IZH2007_FS_CORTICAL_INTERNEURON
[2026-05-13 13:09:32][INFO] SIM_BRIDGE: Region 'noun_pool_DOG_fs' (24 neurons): using Izh type IZH2007_FS_CORTICAL_INTERNEURON
[2026-05-13 13:09:32][INFO] SIM_BRIDGE: Region 'noun_pool_CAT_fs' (24 neurons): using Izh type IZH2007_FS_CORTICAL_INTERNEURON
[2026-05-13 13:09:32][INFO] SIM_BRIDGE: Region 'verb_pool_GO' (200 neurons): using Izh type IZH2007_RS_CORTICAL_PYRAMIDAL
[2026-05-13 13:09:32][INFO] SIM_BRIDGE: Region 'verb_pool_COME' (200 neurons): using Izh type IZH2007_RS_CORTICAL_PYRAMIDAL
[2026-05-13 13:09:32][INFO] SIM_BRIDGE: Region 'verb_pool_STOP' (200 neurons): using Izh type IZH2007_RS_CORTICAL_PYRAMIDAL
[2026-05-13 13:09:32][INFO] SIM_BRIDGE: Region 'verb_pool_LOOK' (200 neurons): using Izh type IZH2007_RS_CORTICAL_PYRAMIDAL
[2026-05-13 13:09:32][INFO] SIM_BRIDGE: Region 'verb_pool_GO_fs' (24 neurons): using Izh type IZH2007_FS_CORTICAL_INTERNEURON
[2026-05-13 13:09:32][INFO] SIM_BRIDGE: Region 'verb_pool_COME_fs' (24 neurons): using Izh type IZH2007_FS_CORTICAL_INTERNEURON
[2026-05-13 13:09:32][INFO] SIM_BRIDGE: Region 'verb_pool_STOP_fs' (24 neurons): using Izh type IZH2007_FS_CORTICAL_INTERNEURON
[2026-05-13 13:09:32][INFO] SIM_BRIDGE: Region 'verb_pool_LOOK_fs' (24 neurons): using Izh type IZH2007_FS_CORTICAL_INTERNEURON
[2026-05-13 13:09:32][INFO] SIM_BRIDGE: Applying parameter heterogeneity to neuron parameters...
[2026-05-13 13:09:32][INFO] SIM_BRIDGE: Applied heterogeneity to 4 parameters.
[2026-05-13 13:09:32][INFO] SIM_BRIDGE: Initializing OU process state (tau=15.0ms, sigma=100.0pA)...
[2026-05-13 13:09:32][INFO] SIM_BRIDGE: Generating 3D neuron positions for 6984 neurons...
[2026-05-13 13:09:32][INFO] SIM_BRIDGE: Generating connections (brain-region framework)...
[2026-05-13 13:09:37][INFO] SIM_BRIDGE: inject_explicit_wiring: installed 3741924 synapses across 96 populations.
[2026-05-13 13:09:37][INFO] SIM_BRIDGE: Initializing eligibility traces for 3741924 synapses (capacity: 5612886, dtype: float32)...
[2026-05-13 13:09:37][INFO] SIM_BRIDGE: Initializing STDP state for 6984 neurons...
[2026-05-13 13:09:37][INFO] SIM_BRIDGE: Simulation data initialized for 6984 neurons (3D). Synapses: 3741924. GPU memory: 1.6GB/25.8GB (6.2%)
[BUILD] concept-pool bridge: 6984 neurons total, 12 concept pools (2400 neurons in pools)
[topographic-bias] Applied factor=3.00/0.30 across motor + noun + verb pools
  north->motor_N: x3.00 on 12373 edges
  east->motor_E: x3.00 on 12180 edges
  south->motor_S: x3.00 on 12359 edges
  west->motor_W: x3.00 on 12197 edges
  apple->noun_pool_APPLE: x3.00 on 12247 edges
  river->noun_pool_RIVER: x3.00 on 12312 edges
  dog->noun_pool_DOG: x3.00 on 12155 edges
  cat->noun_pool_CAT: x3.00 on 12257 edges
  go->verb_pool_GO: x3.00 on 12258 edges
  come->verb_pool_COME: x3.00 on 12379 edges
  stop->verb_pool_STOP: x3.00 on 12311 edges
  look->verb_pool_LOOK: x3.00 on 12290 edges
  reciprocal_target_edges: x3.00 on 147560 edges

[TRAIN] 12 (word, pool) pairs, 200 events each = 2400 total events (interleaved)
  interleaved event 100/2400 (41s)
  interleaved event 200/2400 (81s)
  interleaved event 300/2400 (116s)
  interleaved event 400/2400 (151s)
  interleaved event 500/2400 (188s)
  interleaved event 600/2400 (225s)
  interleaved event 700/2400 (263s)
  interleaved event 800/2400 (301s)
  interleaved event 900/2400 (338s)
  interleaved event 1000/2400 (376s)
  interleaved event 1100/2400 (412s)
  interleaved event 1200/2400 (447s)
  interleaved event 1300/2400 (481s)
  interleaved event 1400/2400 (514s)
  interleaved event 1500/2400 (548s)
  interleaved event 1600/2400 (582s)
  interleaved event 1700/2400 (616s)
  interleaved event 1800/2400 (650s)
  interleaved event 1900/2400 (680s)
  interleaved event 2000/2400 (710s)
  interleaved event 2100/2400 (740s)
  interleaved event 2200/2400 (772s)
  interleaved event 2300/2400 (803s)
  interleaved event 2400/2400 (834s)

[TRAIN] complete (834s, interleaved)

[SAVE] saving bridge to research\findings\raw\g11_bg\concept_pool_demo\seed42_v12.simstate.h5
[2026-05-13 13:23:37][INFO] SIM_BRIDGE: Saving checkpoint to research\findings\raw\g11_bg\concept_pool_demo\seed42_v12.simstate.h5...
[2026-05-13 13:23:38][SUCCESS] SIM_BRIDGE: Checkpoint saved successfully to research\findings\raw\g11_bg\concept_pool_demo\seed42_v12.simstate.h5
[SAVE] checkpoint written

[EVAL] measuring cross-category isolation across 12 pools

[RESULTS] per-word cross-category isolation:
  north    -> motor_N               target=1.295  max_off=1.140 (motor_W)  ratio=1.14x  [PASS]
  east     -> motor_E               target=1.395  max_off=0.975 (motor_N)  ratio=1.43x  [PASS]
  south    -> motor_S               target=0.405  max_off=1.290 (verb_pool_GO)  ratio=0.31x  [FAIL]
  west     -> motor_W               target=0.900  max_off=1.100 (verb_pool_GO)  ratio=0.82x  [FAIL]
  apple    -> noun_pool_APPLE       target=1.385  max_off=1.430 (verb_pool_GO)  ratio=0.97x  [FAIL]
  river    -> noun_pool_RIVER       target=0.730  max_off=1.265 (noun_pool_APPLE)  ratio=0.58x  [FAIL]
  dog      -> noun_pool_DOG         target=1.245  max_off=1.150 (motor_E)  ratio=1.08x  [PASS]
  cat      -> noun_pool_CAT         target=1.955  max_off=1.330 (noun_pool_DOG)  ratio=1.47x  [PASS]
  go       -> verb_pool_GO          target=1.335  max_off=1.090 (noun_pool_CAT)  ratio=1.22x  [PASS]
  come     -> verb_pool_COME        target=1.285  max_off=1.435 (verb_pool_GO)  ratio=0.90x  [FAIL]
  stop     -> verb_pool_STOP        target=0.785  max_off=1.275 (verb_pool_GO)  ratio=0.62x  [FAIL]
  look     -> verb_pool_LOOK        target=0.990  max_off=1.000 (verb_pool_STOP)  ratio=0.99x  [FAIL]

[VERDICT] 5/12 words have correct target-pool dominance
  Total wall clock: 853s

[OUT] wrote research\findings\raw\g11_bg\concept_pool_demo\seed42_v12.json
