
=== concept_pool_demo (seed=44) ===
  Architecture: 4 motor + 4 noun + 4 verb = 12 pools
  Vocab: ['north', 'east', 'south', 'west'] + ['apple', 'river', 'dog', 'cat'] + ['go', 'come', 'stop', 'look']
  Train events/word: 200
[2026-05-13 08:49:29][INFO] SIM_BRIDGE: CuPy using GPU: NVIDIA GeForce RTX 3090 (24.0 GB), mempool limit: 80%
[2026-05-13 08:49:29][INFO] SIM_BRIDGE: Initializing simulation data for model: IZHIKEVICH (3D)... (playback_init: False)
[2026-05-13 08:49:29][INFO] SIM_BRIDGE: Brain-region framework: 26 regions, 6784 total neurons, 72 pathways.
[2026-05-13 08:49:29][INFO] SIM_BRIDGE: RNG initialized with seed: 44
[2026-05-13 08:49:29][INFO] SIM_BRIDGE: Initializing Izhikevich model specifics for 6784 neurons...
[2026-05-13 08:49:29][INFO] SIM_BRIDGE: Region 'language_input' (2048 neurons): using Izh type IZH2007_RS_CORTICAL_PYRAMIDAL
[2026-05-13 08:49:29][INFO] SIM_BRIDGE: Region 'motor_N' (200 neurons): using Izh type IZH2007_RS_CORTICAL_PYRAMIDAL
[2026-05-13 08:49:29][INFO] SIM_BRIDGE: Region 'motor_E' (200 neurons): using Izh type IZH2007_RS_CORTICAL_PYRAMIDAL
[2026-05-13 08:49:29][INFO] SIM_BRIDGE: Region 'motor_S' (200 neurons): using Izh type IZH2007_RS_CORTICAL_PYRAMIDAL
[2026-05-13 08:49:29][INFO] SIM_BRIDGE: Region 'motor_W' (200 neurons): using Izh type IZH2007_RS_CORTICAL_PYRAMIDAL
[2026-05-13 08:49:29][INFO] SIM_BRIDGE: Region 'language_output' (2048 neurons): using Izh type IZH2007_RS_CORTICAL_PYRAMIDAL
[2026-05-13 08:49:29][INFO] SIM_BRIDGE: Region 'motor_FS_N' (24 neurons): using Izh type IZH2007_FS_CORTICAL_INTERNEURON
[2026-05-13 08:49:29][INFO] SIM_BRIDGE: Region 'motor_FS_E' (24 neurons): using Izh type IZH2007_FS_CORTICAL_INTERNEURON
[2026-05-13 08:49:29][INFO] SIM_BRIDGE: Region 'motor_FS_S' (24 neurons): using Izh type IZH2007_FS_CORTICAL_INTERNEURON
[2026-05-13 08:49:29][INFO] SIM_BRIDGE: Region 'motor_FS_W' (24 neurons): using Izh type IZH2007_FS_CORTICAL_INTERNEURON
[2026-05-13 08:49:29][INFO] SIM_BRIDGE: Region 'noun_pool_APPLE' (200 neurons): using Izh type IZH2007_RS_CORTICAL_PYRAMIDAL
[2026-05-13 08:49:29][INFO] SIM_BRIDGE: Region 'noun_pool_RIVER' (200 neurons): using Izh type IZH2007_RS_CORTICAL_PYRAMIDAL
[2026-05-13 08:49:29][INFO] SIM_BRIDGE: Region 'noun_pool_DOG' (200 neurons): using Izh type IZH2007_RS_CORTICAL_PYRAMIDAL
[2026-05-13 08:49:29][INFO] SIM_BRIDGE: Region 'noun_pool_CAT' (200 neurons): using Izh type IZH2007_RS_CORTICAL_PYRAMIDAL
[2026-05-13 08:49:29][INFO] SIM_BRIDGE: Region 'noun_pool_APPLE_fs' (24 neurons): using Izh type IZH2007_FS_CORTICAL_INTERNEURON
[2026-05-13 08:49:29][INFO] SIM_BRIDGE: Region 'noun_pool_RIVER_fs' (24 neurons): using Izh type IZH2007_FS_CORTICAL_INTERNEURON
[2026-05-13 08:49:29][INFO] SIM_BRIDGE: Region 'noun_pool_DOG_fs' (24 neurons): using Izh type IZH2007_FS_CORTICAL_INTERNEURON
[2026-05-13 08:49:29][INFO] SIM_BRIDGE: Region 'noun_pool_CAT_fs' (24 neurons): using Izh type IZH2007_FS_CORTICAL_INTERNEURON
[2026-05-13 08:49:29][INFO] SIM_BRIDGE: Region 'verb_pool_GO' (200 neurons): using Izh type IZH2007_RS_CORTICAL_PYRAMIDAL
[2026-05-13 08:49:29][INFO] SIM_BRIDGE: Region 'verb_pool_COME' (200 neurons): using Izh type IZH2007_RS_CORTICAL_PYRAMIDAL
[2026-05-13 08:49:29][INFO] SIM_BRIDGE: Region 'verb_pool_STOP' (200 neurons): using Izh type IZH2007_RS_CORTICAL_PYRAMIDAL
[2026-05-13 08:49:29][INFO] SIM_BRIDGE: Region 'verb_pool_LOOK' (200 neurons): using Izh type IZH2007_RS_CORTICAL_PYRAMIDAL
[2026-05-13 08:49:29][INFO] SIM_BRIDGE: Region 'verb_pool_GO_fs' (24 neurons): using Izh type IZH2007_FS_CORTICAL_INTERNEURON
[2026-05-13 08:49:29][INFO] SIM_BRIDGE: Region 'verb_pool_COME_fs' (24 neurons): using Izh type IZH2007_FS_CORTICAL_INTERNEURON
[2026-05-13 08:49:29][INFO] SIM_BRIDGE: Region 'verb_pool_STOP_fs' (24 neurons): using Izh type IZH2007_FS_CORTICAL_INTERNEURON
[2026-05-13 08:49:29][INFO] SIM_BRIDGE: Region 'verb_pool_LOOK_fs' (24 neurons): using Izh type IZH2007_FS_CORTICAL_INTERNEURON
[2026-05-13 08:49:29][INFO] SIM_BRIDGE: Applying parameter heterogeneity to neuron parameters...
[2026-05-13 08:49:29][INFO] SIM_BRIDGE: Applied heterogeneity to 4 parameters.
[2026-05-13 08:49:29][INFO] SIM_BRIDGE: Initializing OU process state (tau=15.0ms, sigma=100.0pA)...
[2026-05-13 08:49:29][INFO] SIM_BRIDGE: Generating 3D neuron positions for 6784 neurons...
[2026-05-13 08:49:29][INFO] SIM_BRIDGE: Generating connections (brain-region framework)...
[2026-05-13 08:49:34][INFO] SIM_BRIDGE: inject_explicit_wiring: installed 3514268 synapses across 86 populations.
[2026-05-13 08:49:34][INFO] SIM_BRIDGE: Initializing eligibility traces for 3514268 synapses (capacity: 5271402, dtype: float32)...
[2026-05-13 08:49:34][INFO] SIM_BRIDGE: Initializing STDP state for 6784 neurons...
[2026-05-13 08:49:34][INFO] SIM_BRIDGE: Simulation data initialized for 6784 neurons (3D). Synapses: 3514268. GPU memory: 1.6GB/25.8GB (6.1%)
[BUILD] concept-pool bridge: 6784 neurons total, 12 concept pools (2400 neurons in pools)
[topographic-bias] Applied factor=3.00/0.30 across motor + noun + verb pools
  north->motor_N: x3.00 on 12403 edges
  east->motor_E: x3.00 on 12311 edges
  south->motor_S: x3.00 on 12297 edges
  west->motor_W: x3.00 on 12196 edges
  apple->noun_pool_APPLE: x3.00 on 12367 edges
  river->noun_pool_RIVER: x3.00 on 12310 edges
  dog->noun_pool_DOG: x3.00 on 12196 edges
  cat->noun_pool_CAT: x3.00 on 12257 edges
  go->verb_pool_GO: x3.00 on 12348 edges
  come->verb_pool_COME: x3.00 on 12296 edges
  stop->verb_pool_STOP: x3.00 on 12223 edges
  look->verb_pool_LOOK: x3.00 on 12263 edges

[TRAIN] 12 (word, pool) pairs, 200 events each = 2400 total events (interleaved)
  interleaved event 100/2400 (36s)
  interleaved event 200/2400 (72s)
  interleaved event 300/2400 (107s)
  interleaved event 400/2400 (142s)
  interleaved event 500/2400 (178s)
  interleaved event 600/2400 (212s)
  interleaved event 700/2400 (246s)
  interleaved event 800/2400 (280s)
  interleaved event 900/2400 (315s)
  interleaved event 1000/2400 (349s)
  interleaved event 1100/2400 (384s)
  interleaved event 1200/2400 (418s)
  interleaved event 1300/2400 (457s)
  interleaved event 1400/2400 (492s)
  interleaved event 1500/2400 (526s)
  interleaved event 1600/2400 (560s)
  interleaved event 1700/2400 (594s)
  interleaved event 1800/2400 (628s)
  interleaved event 1900/2400 (663s)
  interleaved event 2000/2400 (697s)
  interleaved event 2100/2400 (732s)
  interleaved event 2200/2400 (763s)
  interleaved event 2300/2400 (792s)
  interleaved event 2400/2400 (821s)

[TRAIN] complete (821s, interleaved)

[SAVE] saving bridge to research/findings/raw/g11_bg/concept_pool_demo/seed44_v7.simstate.h5
[2026-05-13 09:03:18][INFO] SIM_BRIDGE: Saving checkpoint to research/findings/raw/g11_bg/concept_pool_demo/seed44_v7.simstate.h5...
[2026-05-13 09:03:19][SUCCESS] SIM_BRIDGE: Checkpoint saved successfully to research/findings/raw/g11_bg/concept_pool_demo/seed44_v7.simstate.h5
[SAVE] checkpoint written

[EVAL] measuring cross-category isolation across 12 pools

[RESULTS] per-word cross-category isolation:
  north    -> motor_N               target=1.885  max_off=1.000 (noun_pool_CAT)  ratio=1.89x  [PASS]
  east     -> motor_E               target=1.610  max_off=1.585 (motor_N)  ratio=1.02x  [PASS]
  south    -> motor_S               target=1.675  max_off=1.885 (motor_E)  ratio=0.89x  [FAIL]
  west     -> motor_W               target=1.615  max_off=1.365 (motor_N)  ratio=1.18x  [PASS]
  apple    -> noun_pool_APPLE       target=2.255  max_off=1.635 (noun_pool_CAT)  ratio=1.38x  [PASS]
  river    -> noun_pool_RIVER       target=1.550  max_off=1.310 (noun_pool_APPLE)  ratio=1.18x  [PASS]
  dog      -> noun_pool_DOG         target=1.145  max_off=1.620 (noun_pool_RIVER)  ratio=0.71x  [FAIL]
  cat      -> noun_pool_CAT         target=2.115  max_off=1.420 (motor_W)  ratio=1.49x  [PASS]
  go       -> verb_pool_GO          target=0.915  max_off=1.165 (noun_pool_CAT)  ratio=0.79x  [FAIL]
  come     -> verb_pool_COME        target=0.960  max_off=1.275 (motor_N)  ratio=0.75x  [FAIL]
  stop     -> verb_pool_STOP        target=1.275  max_off=1.855 (noun_pool_APPLE)  ratio=0.69x  [FAIL]
  look     -> verb_pool_LOOK        target=1.250  max_off=1.090 (verb_pool_STOP)  ratio=1.15x  [PASS]

[VERDICT] 7/12 words have correct target-pool dominance
  Total wall clock: 851s

[OUT] wrote research\findings\raw\g11_bg\concept_pool_demo\seed44_v7.json
