[v16-MS] launching seed 43 training...

=== concept_pool_demo (seed=43) ===
  Architecture: 4 motor + 4 noun + 4 verb + 4 adjective = 16 pools
  Vocab: ['north', 'east', 'south', 'west'] + ['apple', 'river', 'dog', 'cat'] + ['go', 'come', 'stop', 'look'] + ['big', 'small', 'hot', 'cold']
  Train events/word: 200
[2026-05-13 19:18:52][INFO] SIM_BRIDGE: CuPy using GPU: NVIDIA GeForce RTX 3090 (24.0 GB), mempool limit: 80%
[2026-05-13 19:18:52][INFO] SIM_BRIDGE: Initializing simulation data for model: IZHIKEVICH (3D)... (playback_init: False)
[2026-05-13 19:18:52][INFO] SIM_BRIDGE: Brain-region framework: 34 regions, 7680 total neurons, 112 pathways.
[2026-05-13 19:18:52][INFO] SIM_BRIDGE: RNG initialized with seed: 43
[2026-05-13 19:18:52][INFO] SIM_BRIDGE: Initializing Izhikevich model specifics for 7680 neurons...
[2026-05-13 19:18:52][INFO] SIM_BRIDGE: Region 'language_input' (2048 neurons): using Izh type IZH2007_RS_CORTICAL_PYRAMIDAL
[2026-05-13 19:18:52][INFO] SIM_BRIDGE: Region 'motor_N' (200 neurons): using Izh type IZH2007_RS_CORTICAL_PYRAMIDAL
[2026-05-13 19:18:52][INFO] SIM_BRIDGE: Region 'motor_E' (200 neurons): using Izh type IZH2007_RS_CORTICAL_PYRAMIDAL
[2026-05-13 19:18:52][INFO] SIM_BRIDGE: Region 'motor_S' (200 neurons): using Izh type IZH2007_RS_CORTICAL_PYRAMIDAL
[2026-05-13 19:18:52][INFO] SIM_BRIDGE: Region 'motor_W' (200 neurons): using Izh type IZH2007_RS_CORTICAL_PYRAMIDAL
[2026-05-13 19:18:52][INFO] SIM_BRIDGE: Region 'language_output' (2048 neurons): using Izh type IZH2007_RS_CORTICAL_PYRAMIDAL
[2026-05-13 19:18:52][INFO] SIM_BRIDGE: Region 'motor_FS_N' (24 neurons): using Izh type IZH2007_FS_CORTICAL_INTERNEURON
[2026-05-13 19:18:52][INFO] SIM_BRIDGE: Region 'motor_FS_E' (24 neurons): using Izh type IZH2007_FS_CORTICAL_INTERNEURON
[2026-05-13 19:18:52][INFO] SIM_BRIDGE: Region 'motor_FS_S' (24 neurons): using Izh type IZH2007_FS_CORTICAL_INTERNEURON
[2026-05-13 19:18:52][INFO] SIM_BRIDGE: Region 'motor_FS_W' (24 neurons): using Izh type IZH2007_FS_CORTICAL_INTERNEURON
[2026-05-13 19:18:52][INFO] SIM_BRIDGE: Region 'noun_pool_APPLE' (200 neurons): using Izh type IZH2007_RS_CORTICAL_PYRAMIDAL
[2026-05-13 19:18:52][INFO] SIM_BRIDGE: Region 'noun_pool_RIVER' (200 neurons): using Izh type IZH2007_RS_CORTICAL_PYRAMIDAL
[2026-05-13 19:18:52][INFO] SIM_BRIDGE: Region 'noun_pool_DOG' (200 neurons): using Izh type IZH2007_RS_CORTICAL_PYRAMIDAL
[2026-05-13 19:18:52][INFO] SIM_BRIDGE: Region 'noun_pool_CAT' (200 neurons): using Izh type IZH2007_RS_CORTICAL_PYRAMIDAL
[2026-05-13 19:18:52][INFO] SIM_BRIDGE: Region 'noun_pool_APPLE_fs' (24 neurons): using Izh type IZH2007_FS_CORTICAL_INTERNEURON
[2026-05-13 19:18:52][INFO] SIM_BRIDGE: Region 'noun_pool_RIVER_fs' (24 neurons): using Izh type IZH2007_FS_CORTICAL_INTERNEURON
[2026-05-13 19:18:52][INFO] SIM_BRIDGE: Region 'noun_pool_DOG_fs' (24 neurons): using Izh type IZH2007_FS_CORTICAL_INTERNEURON
[2026-05-13 19:18:52][INFO] SIM_BRIDGE: Region 'noun_pool_CAT_fs' (24 neurons): using Izh type IZH2007_FS_CORTICAL_INTERNEURON
[2026-05-13 19:18:52][INFO] SIM_BRIDGE: Region 'verb_pool_GO' (200 neurons): using Izh type IZH2007_RS_CORTICAL_PYRAMIDAL
[2026-05-13 19:18:52][INFO] SIM_BRIDGE: Region 'verb_pool_COME' (200 neurons): using Izh type IZH2007_RS_CORTICAL_PYRAMIDAL
[2026-05-13 19:18:52][INFO] SIM_BRIDGE: Region 'verb_pool_STOP' (200 neurons): using Izh type IZH2007_RS_CORTICAL_PYRAMIDAL
[2026-05-13 19:18:52][INFO] SIM_BRIDGE: Region 'verb_pool_LOOK' (200 neurons): using Izh type IZH2007_RS_CORTICAL_PYRAMIDAL
[2026-05-13 19:18:52][INFO] SIM_BRIDGE: Region 'verb_pool_GO_fs' (24 neurons): using Izh type IZH2007_FS_CORTICAL_INTERNEURON
[2026-05-13 19:18:52][INFO] SIM_BRIDGE: Region 'verb_pool_COME_fs' (24 neurons): using Izh type IZH2007_FS_CORTICAL_INTERNEURON
[2026-05-13 19:18:52][INFO] SIM_BRIDGE: Region 'verb_pool_STOP_fs' (24 neurons): using Izh type IZH2007_FS_CORTICAL_INTERNEURON
[2026-05-13 19:18:52][INFO] SIM_BRIDGE: Region 'verb_pool_LOOK_fs' (24 neurons): using Izh type IZH2007_FS_CORTICAL_INTERNEURON
[2026-05-13 19:18:52][INFO] SIM_BRIDGE: Region 'adjective_pool_BIG' (200 neurons): using Izh type IZH2007_RS_CORTICAL_PYRAMIDAL
[2026-05-13 19:18:52][INFO] SIM_BRIDGE: Region 'adjective_pool_SMALL' (200 neurons): using Izh type IZH2007_RS_CORTICAL_PYRAMIDAL
[2026-05-13 19:18:52][INFO] SIM_BRIDGE: Region 'adjective_pool_HOT' (200 neurons): using Izh type IZH2007_RS_CORTICAL_PYRAMIDAL
[2026-05-13 19:18:52][INFO] SIM_BRIDGE: Region 'adjective_pool_COLD' (200 neurons): using Izh type IZH2007_RS_CORTICAL_PYRAMIDAL
[2026-05-13 19:18:52][INFO] SIM_BRIDGE: Region 'adjective_pool_BIG_fs' (24 neurons): using Izh type IZH2007_FS_CORTICAL_INTERNEURON
[2026-05-13 19:18:52][INFO] SIM_BRIDGE: Region 'adjective_pool_SMALL_fs' (24 neurons): using Izh type IZH2007_FS_CORTICAL_INTERNEURON
[2026-05-13 19:18:52][INFO] SIM_BRIDGE: Region 'adjective_pool_HOT_fs' (24 neurons): using Izh type IZH2007_FS_CORTICAL_INTERNEURON
[2026-05-13 19:18:52][INFO] SIM_BRIDGE: Region 'adjective_pool_COLD_fs' (24 neurons): using Izh type IZH2007_FS_CORTICAL_INTERNEURON
[2026-05-13 19:18:52][INFO] SIM_BRIDGE: Applying parameter heterogeneity to neuron parameters...
[2026-05-13 19:18:52][INFO] SIM_BRIDGE: Applied heterogeneity to 4 parameters.
[2026-05-13 19:18:52][INFO] SIM_BRIDGE: Initializing OU process state (tau=15.0ms, sigma=100.0pA)...
[2026-05-13 19:18:52][INFO] SIM_BRIDGE: Generating 3D neuron positions for 7680 neurons...
[2026-05-13 19:18:52][INFO] SIM_BRIDGE: Generating connections (brain-region framework)...
[2026-05-13 19:18:58][INFO] SIM_BRIDGE: inject_explicit_wiring: installed 4670283 synapses across 130 populations.
[2026-05-13 19:18:58][INFO] SIM_BRIDGE: Initializing eligibility traces for 4670283 synapses (capacity: 7005424, dtype: float32)...
[2026-05-13 19:18:58][INFO] SIM_BRIDGE: Initializing STDP state for 7680 neurons...
[2026-05-13 19:18:58][INFO] SIM_BRIDGE: Simulation data initialized for 7680 neurons (3D). Synapses: 4670283. GPU memory: 1.6GB/25.8GB (6.4%)
[BUILD] concept-pool bridge: 7680 neurons total, 12 concept pools (2400 neurons in pools)
[topographic-bias] Applied factor=3.00/0.30 across motor + noun + verb pools
  north->motor_N: x3.00 on 6110 edges
  east->motor_E: x3.00 on 6067 edges
  south->motor_S: x3.00 on 6075 edges
  west->motor_W: x3.00 on 6063 edges
  apple->noun_pool_APPLE: x3.00 on 6072 edges
  river->noun_pool_RIVER: x3.00 on 6171 edges
  dog->noun_pool_DOG: x3.00 on 6090 edges
  cat->noun_pool_CAT: x3.00 on 6047 edges
  go->verb_pool_GO: x3.00 on 6116 edges
  come->verb_pool_COME: x3.00 on 5990 edges
  stop->verb_pool_STOP: x3.00 on 6109 edges
  look->verb_pool_LOOK: x3.00 on 6096 edges
  big->adjective_pool_BIG: x3.00 on 6088 edges
  small->adjective_pool_SMALL: x3.00 on 6020 edges
  hot->adjective_pool_HOT: x3.00 on 6121 edges
  cold->adjective_pool_COLD: x3.00 on 6132 edges
  reciprocal_target_edges: x3.00 on 97940 edges

[TRAIN] 16 (word, pool) pairs, 200 events each = 3200 total events (interleaved)
  interleaved event 100/3200 (36s)
  interleaved event 200/3200 (66s)
  interleaved event 300/3200 (95s)
  interleaved event 400/3200 (124s)
  interleaved event 500/3200 (153s)
  interleaved event 600/3200 (183s)
  interleaved event 700/3200 (212s)
  interleaved event 800/3200 (241s)
  interleaved event 900/3200 (270s)
  interleaved event 1000/3200 (300s)
  interleaved event 1100/3200 (333s)
  interleaved event 1200/3200 (362s)
  interleaved event 1300/3200 (392s)
  interleaved event 1400/3200 (421s)
  interleaved event 1500/3200 (450s)
  interleaved event 1600/3200 (479s)
  interleaved event 1700/3200 (508s)
  interleaved event 1800/3200 (537s)
  interleaved event 1900/3200 (567s)
  interleaved event 2000/3200 (597s)
  interleaved event 2100/3200 (627s)
  interleaved event 2200/3200 (657s)
  interleaved event 2300/3200 (687s)
  interleaved event 2400/3200 (718s)
  interleaved event 2500/3200 (748s)
  interleaved event 2600/3200 (777s)
  interleaved event 2700/3200 (806s)
  interleaved event 2800/3200 (835s)
  interleaved event 2900/3200 (864s)
  interleaved event 3000/3200 (894s)
  interleaved event 3100/3200 (923s)
  interleaved event 3200/3200 (952s)

[TRAIN] complete (952s, interleaved)

[SAVE] saving bridge to research\findings\raw\g11_bg\concept_pool_demo\seed43_v16.simstate.h5
[2026-05-13 19:34:56][INFO] SIM_BRIDGE: Saving checkpoint to research\findings\raw\g11_bg\concept_pool_demo\seed43_v16.simstate.h5...
[2026-05-13 19:34:56][SUCCESS] SIM_BRIDGE: Checkpoint saved successfully to research\findings\raw\g11_bg\concept_pool_demo\seed43_v16.simstate.h5
[SAVE] checkpoint written

[EVAL] measuring cross-category isolation across 16 pools

[RESULTS] per-word cross-category isolation:
  north    -> motor_N               target=1.470  max_off=1.005 (adjective_pool_HOT)  ratio=1.46x  [PASS]
  east     -> motor_E               target=0.400  max_off=0.710 (motor_W)  ratio=0.56x  [FAIL]
  south    -> motor_S               target=0.955  max_off=0.550 (motor_N)  ratio=1.74x  [PASS]
  west     -> motor_W               target=1.830  max_off=1.105 (adjective_pool_HOT)  ratio=1.66x  [PASS]
  apple    -> noun_pool_APPLE       target=0.930  max_off=0.795 (motor_W)  ratio=1.17x  [PASS]
  river    -> noun_pool_RIVER       target=1.035  max_off=1.085 (noun_pool_APPLE)  ratio=0.95x  [FAIL]
  dog      -> noun_pool_DOG         target=1.230  max_off=0.970 (adjective_pool_COLD)  ratio=1.27x  [PASS]
  cat      -> noun_pool_CAT         target=1.195  max_off=1.045 (motor_S)  ratio=1.14x  [PASS]
  go       -> verb_pool_GO          target=0.795  max_off=0.690 (noun_pool_CAT)  ratio=1.15x  [PASS]
  come     -> verb_pool_COME        target=1.035  max_off=0.980 (motor_W)  ratio=1.06x  [PASS]
  stop     -> verb_pool_STOP        target=0.870  max_off=0.635 (verb_pool_COME)  ratio=1.37x  [PASS]
  look     -> verb_pool_LOOK        target=0.425  max_off=0.690 (motor_W)  ratio=0.62x  [FAIL]
  big      -> adjective_pool_BIG    target=1.350  max_off=0.800 (motor_W)  ratio=1.69x  [PASS]
  small    -> adjective_pool_SMALL  target=0.450  max_off=0.780 (adjective_pool_BIG)  ratio=0.58x  [FAIL]
  hot      -> adjective_pool_HOT    target=1.325  max_off=0.805 (noun_pool_RIVER)  ratio=1.65x  [PASS]
  cold     -> adjective_pool_COLD   target=1.615  max_off=1.130 (adjective_pool_HOT)  ratio=1.43x  [PASS]

[VERDICT] 12/16 words have correct target-pool dominance
  Total wall clock: 973s

[OUT] wrote research\findings\raw\g11_bg\concept_pool_demo\seed43_v16.json
[v16-MS] running A->W readout seed 43...

=== concept_speak_demo (seed=43) ===
  Tests A->W: drive all pools, decode 'spoken' word
[2026-05-13 19:35:12][INFO] SIM_BRIDGE: CuPy using GPU: NVIDIA GeForce RTX 3090 (24.0 GB), mempool limit: 80%
[2026-05-13 19:35:12][INFO] SIM_BRIDGE: Initializing simulation data for model: IZHIKEVICH (3D)... (playback_init: False)
[2026-05-13 19:35:12][INFO] SIM_BRIDGE: Brain-region framework: 34 regions, 7680 total neurons, 96 pathways.
[2026-05-13 19:35:12][INFO] SIM_BRIDGE: RNG initialized with seed: 43
[2026-05-13 19:35:13][INFO] SIM_BRIDGE: Initializing Izhikevich model specifics for 7680 neurons...
[2026-05-13 19:35:13][INFO] SIM_BRIDGE: Region 'language_input' (2048 neurons): using Izh type IZH2007_RS_CORTICAL_PYRAMIDAL
[2026-05-13 19:35:13][INFO] SIM_BRIDGE: Region 'motor_N' (200 neurons): using Izh type IZH2007_RS_CORTICAL_PYRAMIDAL
[2026-05-13 19:35:13][INFO] SIM_BRIDGE: Region 'motor_E' (200 neurons): using Izh type IZH2007_RS_CORTICAL_PYRAMIDAL
[2026-05-13 19:35:13][INFO] SIM_BRIDGE: Region 'motor_S' (200 neurons): using Izh type IZH2007_RS_CORTICAL_PYRAMIDAL
[2026-05-13 19:35:13][INFO] SIM_BRIDGE: Region 'motor_W' (200 neurons): using Izh type IZH2007_RS_CORTICAL_PYRAMIDAL
[2026-05-13 19:35:13][INFO] SIM_BRIDGE: Region 'language_output' (2048 neurons): using Izh type IZH2007_RS_CORTICAL_PYRAMIDAL
[2026-05-13 19:35:13][INFO] SIM_BRIDGE: Region 'motor_FS_N' (24 neurons): using Izh type IZH2007_FS_CORTICAL_INTERNEURON
[2026-05-13 19:35:13][INFO] SIM_BRIDGE: Region 'motor_FS_E' (24 neurons): using Izh type IZH2007_FS_CORTICAL_INTERNEURON
[2026-05-13 19:35:13][INFO] SIM_BRIDGE: Region 'motor_FS_S' (24 neurons): using Izh type IZH2007_FS_CORTICAL_INTERNEURON
[2026-05-13 19:35:13][INFO] SIM_BRIDGE: Region 'motor_FS_W' (24 neurons): using Izh type IZH2007_FS_CORTICAL_INTERNEURON
[2026-05-13 19:35:13][INFO] SIM_BRIDGE: Region 'noun_pool_APPLE' (200 neurons): using Izh type IZH2007_RS_CORTICAL_PYRAMIDAL
[2026-05-13 19:35:13][INFO] SIM_BRIDGE: Region 'noun_pool_RIVER' (200 neurons): using Izh type IZH2007_RS_CORTICAL_PYRAMIDAL
[2026-05-13 19:35:13][INFO] SIM_BRIDGE: Region 'noun_pool_DOG' (200 neurons): using Izh type IZH2007_RS_CORTICAL_PYRAMIDAL
[2026-05-13 19:35:13][INFO] SIM_BRIDGE: Region 'noun_pool_CAT' (200 neurons): using Izh type IZH2007_RS_CORTICAL_PYRAMIDAL
[2026-05-13 19:35:13][INFO] SIM_BRIDGE: Region 'noun_pool_APPLE_fs' (24 neurons): using Izh type IZH2007_FS_CORTICAL_INTERNEURON
[2026-05-13 19:35:13][INFO] SIM_BRIDGE: Region 'noun_pool_RIVER_fs' (24 neurons): using Izh type IZH2007_FS_CORTICAL_INTERNEURON
[2026-05-13 19:35:13][INFO] SIM_BRIDGE: Region 'noun_pool_DOG_fs' (24 neurons): using Izh type IZH2007_FS_CORTICAL_INTERNEURON
[2026-05-13 19:35:13][INFO] SIM_BRIDGE: Region 'noun_pool_CAT_fs' (24 neurons): using Izh type IZH2007_FS_CORTICAL_INTERNEURON
[2026-05-13 19:35:13][INFO] SIM_BRIDGE: Region 'verb_pool_GO' (200 neurons): using Izh type IZH2007_RS_CORTICAL_PYRAMIDAL
[2026-05-13 19:35:13][INFO] SIM_BRIDGE: Region 'verb_pool_COME' (200 neurons): using Izh type IZH2007_RS_CORTICAL_PYRAMIDAL
[2026-05-13 19:35:13][INFO] SIM_BRIDGE: Region 'verb_pool_STOP' (200 neurons): using Izh type IZH2007_RS_CORTICAL_PYRAMIDAL
[2026-05-13 19:35:13][INFO] SIM_BRIDGE: Region 'verb_pool_LOOK' (200 neurons): using Izh type IZH2007_RS_CORTICAL_PYRAMIDAL
[2026-05-13 19:35:13][INFO] SIM_BRIDGE: Region 'verb_pool_GO_fs' (24 neurons): using Izh type IZH2007_FS_CORTICAL_INTERNEURON
[2026-05-13 19:35:13][INFO] SIM_BRIDGE: Region 'verb_pool_COME_fs' (24 neurons): using Izh type IZH2007_FS_CORTICAL_INTERNEURON
[2026-05-13 19:35:13][INFO] SIM_BRIDGE: Region 'verb_pool_STOP_fs' (24 neurons): using Izh type IZH2007_FS_CORTICAL_INTERNEURON
[2026-05-13 19:35:13][INFO] SIM_BRIDGE: Region 'verb_pool_LOOK_fs' (24 neurons): using Izh type IZH2007_FS_CORTICAL_INTERNEURON
[2026-05-13 19:35:13][INFO] SIM_BRIDGE: Region 'adjective_pool_BIG' (200 neurons): using Izh type IZH2007_RS_CORTICAL_PYRAMIDAL
[2026-05-13 19:35:13][INFO] SIM_BRIDGE: Region 'adjective_pool_SMALL' (200 neurons): using Izh type IZH2007_RS_CORTICAL_PYRAMIDAL
[2026-05-13 19:35:13][INFO] SIM_BRIDGE: Region 'adjective_pool_HOT' (200 neurons): using Izh type IZH2007_RS_CORTICAL_PYRAMIDAL
[2026-05-13 19:35:13][INFO] SIM_BRIDGE: Region 'adjective_pool_COLD' (200 neurons): using Izh type IZH2007_RS_CORTICAL_PYRAMIDAL
[2026-05-13 19:35:13][INFO] SIM_BRIDGE: Region 'adjective_pool_BIG_fs' (24 neurons): using Izh type IZH2007_FS_CORTICAL_INTERNEURON
[2026-05-13 19:35:13][INFO] SIM_BRIDGE: Region 'adjective_pool_SMALL_fs' (24 neurons): using Izh type IZH2007_FS_CORTICAL_INTERNEURON
[2026-05-13 19:35:13][INFO] SIM_BRIDGE: Region 'adjective_pool_HOT_fs' (24 neurons): using Izh type IZH2007_FS_CORTICAL_INTERNEURON
[2026-05-13 19:35:13][INFO] SIM_BRIDGE: Region 'adjective_pool_COLD_fs' (24 neurons): using Izh type IZH2007_FS_CORTICAL_INTERNEURON
[2026-05-13 19:35:13][INFO] SIM_BRIDGE: Applying parameter heterogeneity to neuron parameters...
[2026-05-13 19:35:13][INFO] SIM_BRIDGE: Applied heterogeneity to 4 parameters.
[2026-05-13 19:35:13][INFO] SIM_BRIDGE: Initializing OU process state (tau=15.0ms, sigma=100.0pA)...
[2026-05-13 19:35:13][INFO] SIM_BRIDGE: Generating 3D neuron positions for 7680 neurons...
[2026-05-13 19:35:13][INFO] SIM_BRIDGE: Generating connections (brain-region framework)...
[2026-05-13 19:35:19][INFO] SIM_BRIDGE: inject_explicit_wiring: installed 4542099 synapses across 114 populations.
[2026-05-13 19:35:19][INFO] SIM_BRIDGE: Initializing eligibility traces for 4542099 synapses (capacity: 6813148, dtype: float32)...
[2026-05-13 19:35:19][INFO] SIM_BRIDGE: Initializing STDP state for 7680 neurons...
[2026-05-13 19:35:19][INFO] SIM_BRIDGE: Simulation data initialized for 7680 neurons (3D). Synapses: 4542099. GPU memory: 1.6GB/25.8GB (6.4%)
[BUILD] concept-pool bridge: 7680 neurons total, 12 concept pools (2400 neurons in pools)

[LOAD] loading checkpoint from research\findings\raw\g11_bg\concept_pool_demo\seed43_v16.simstate.h5
[2026-05-13 19:35:19][INFO] SIM_BRIDGE: Loading checkpoint from research\findings\raw\g11_bg\concept_pool_demo\seed43_v16.simstate.h5...
[2026-05-13 19:35:19][INFO] SIM_BRIDGE: Clearing simulation state and GPU memory...
[2026-05-13 19:35:19][INFO] SIM_BRIDGE: Cleared simulation state and GPU memory.
[2026-05-13 19:35:19][DEBUG] SIM_BRIDGE: Checkpoint: Dataset for 'cp_adex_w' not found or was empty. Using default.
[2026-05-13 19:35:19][DEBUG] SIM_BRIDGE: Checkpoint: Dataset for 'cp_stp_u' not found or was empty. Using default.
[2026-05-13 19:35:19][DEBUG] SIM_BRIDGE: Checkpoint: Dataset for 'cp_stp_x' not found or was empty. Using default.
[2026-05-13 19:35:19][SUCCESS] SIM_BRIDGE: Checkpoint loaded. Sim time: 0.0ms, Step: 0, Model: IZHIKEVICH

[EVAL] A->W readout for all 10 pools
  drive motor_N              -> top-1='north' (cos=0.34, target='north' cos=0.34)  top3=[north=0.34, river=0.04, dog=0.04]  [PASS]
  drive motor_E              -> top-1='east' (cos=0.27, target='east' cos=0.27)  top3=[east=0.27, look=0.06, river=0.05]  [PASS]
  drive motor_S              -> top-1='south' (cos=0.23, target='south' cos=0.23)  top3=[south=0.23, cat=0.06, come=0.05]  [PASS]
  drive motor_W              -> top-1='west' (cos=0.40, target='west' cos=0.40)  top3=[west=0.40, look=0.06, big=0.06]  [PASS]
  drive noun_pool_APPLE      -> top-1='apple' (cos=0.41, target='apple' cos=0.41)  top3=[apple=0.41, come=0.08, east=0.08]  [PASS]
  drive noun_pool_RIVER      -> top-1='river' (cos=0.32, target='river' cos=0.32)  top3=[river=0.32, west=0.08, north=0.08]  [PASS]
  drive noun_pool_DOG        -> top-1='dog' (cos=0.26, target='dog' cos=0.26)  top3=[dog=0.26, north=0.06, look=0.05]  [PASS]
  drive noun_pool_CAT        -> top-1='cat' (cos=0.39, target='cat' cos=0.39)  top3=[cat=0.39, river=0.06, come=0.06]  [PASS]
  drive verb_pool_GO         -> top-1='go' (cos=0.26, target='go' cos=0.26)  top3=[go=0.26, big=0.07, apple=0.06]  [PASS]
  drive verb_pool_COME       -> top-1='come' (cos=0.39, target='come' cos=0.39)  top3=[come=0.39, look=0.09, cold=0.05]  [PASS]
  drive verb_pool_STOP       -> top-1='stop' (cos=0.37, target='stop' cos=0.37)  top3=[stop=0.37, cold=0.06, north=0.05]  [PASS]
  drive verb_pool_LOOK       -> top-1='look' (cos=0.34, target='look' cos=0.34)  top3=[look=0.34, come=0.08, go=0.07]  [PASS]
  drive adjective_pool_BIG   -> top-1='big' (cos=0.36, target='big' cos=0.36)  top3=[big=0.36, south=0.07, come=0.07]  [PASS]
  drive adjective_pool_SMALL -> top-1='small' (cos=0.39, target='small' cos=0.39)  top3=[small=0.39, look=0.10, stop=0.07]  [PASS]
  drive adjective_pool_HOT   -> top-1='hot' (cos=0.23, target='hot' cos=0.23)  top3=[hot=0.23, come=0.09, east=0.07]  [PASS]
  drive adjective_pool_COLD  -> top-1='cold' (cos=0.43, target='cold' cos=0.43)  top3=[cold=0.43, look=0.07, river=0.06]  [PASS]

[VERDICT] 16/16 pools speak the trained word
  Wall clock: 22s

[OUT] wrote research\findings\raw\g11_bg\concept_pool_demo\seed43_v16_speak.json
[v16-MS] seed 43 : Phase 1 = 12/16, A->W = 16/16
[v16-MS] launching seed 44 training...

=== concept_pool_demo (seed=44) ===
  Architecture: 4 motor + 4 noun + 4 verb + 4 adjective = 16 pools
  Vocab: ['north', 'east', 'south', 'west'] + ['apple', 'river', 'dog', 'cat'] + ['go', 'come', 'stop', 'look'] + ['big', 'small', 'hot', 'cold']
  Train events/word: 200
[2026-05-13 19:35:26][INFO] SIM_BRIDGE: CuPy using GPU: NVIDIA GeForce RTX 3090 (24.0 GB), mempool limit: 80%
[2026-05-13 19:35:26][INFO] SIM_BRIDGE: Initializing simulation data for model: IZHIKEVICH (3D)... (playback_init: False)
[2026-05-13 19:35:26][INFO] SIM_BRIDGE: Brain-region framework: 34 regions, 7680 total neurons, 112 pathways.
[2026-05-13 19:35:26][INFO] SIM_BRIDGE: RNG initialized with seed: 44
[2026-05-13 19:35:26][INFO] SIM_BRIDGE: Initializing Izhikevich model specifics for 7680 neurons...
[2026-05-13 19:35:26][INFO] SIM_BRIDGE: Region 'language_input' (2048 neurons): using Izh type IZH2007_RS_CORTICAL_PYRAMIDAL
[2026-05-13 19:35:26][INFO] SIM_BRIDGE: Region 'motor_N' (200 neurons): using Izh type IZH2007_RS_CORTICAL_PYRAMIDAL
[2026-05-13 19:35:26][INFO] SIM_BRIDGE: Region 'motor_E' (200 neurons): using Izh type IZH2007_RS_CORTICAL_PYRAMIDAL
[2026-05-13 19:35:26][INFO] SIM_BRIDGE: Region 'motor_S' (200 neurons): using Izh type IZH2007_RS_CORTICAL_PYRAMIDAL
[2026-05-13 19:35:26][INFO] SIM_BRIDGE: Region 'motor_W' (200 neurons): using Izh type IZH2007_RS_CORTICAL_PYRAMIDAL
[2026-05-13 19:35:26][INFO] SIM_BRIDGE: Region 'language_output' (2048 neurons): using Izh type IZH2007_RS_CORTICAL_PYRAMIDAL
[2026-05-13 19:35:26][INFO] SIM_BRIDGE: Region 'motor_FS_N' (24 neurons): using Izh type IZH2007_FS_CORTICAL_INTERNEURON
[2026-05-13 19:35:26][INFO] SIM_BRIDGE: Region 'motor_FS_E' (24 neurons): using Izh type IZH2007_FS_CORTICAL_INTERNEURON
[2026-05-13 19:35:26][INFO] SIM_BRIDGE: Region 'motor_FS_S' (24 neurons): using Izh type IZH2007_FS_CORTICAL_INTERNEURON
[2026-05-13 19:35:26][INFO] SIM_BRIDGE: Region 'motor_FS_W' (24 neurons): using Izh type IZH2007_FS_CORTICAL_INTERNEURON
[2026-05-13 19:35:26][INFO] SIM_BRIDGE: Region 'noun_pool_APPLE' (200 neurons): using Izh type IZH2007_RS_CORTICAL_PYRAMIDAL
[2026-05-13 19:35:26][INFO] SIM_BRIDGE: Region 'noun_pool_RIVER' (200 neurons): using Izh type IZH2007_RS_CORTICAL_PYRAMIDAL
[2026-05-13 19:35:26][INFO] SIM_BRIDGE: Region 'noun_pool_DOG' (200 neurons): using Izh type IZH2007_RS_CORTICAL_PYRAMIDAL
[2026-05-13 19:35:26][INFO] SIM_BRIDGE: Region 'noun_pool_CAT' (200 neurons): using Izh type IZH2007_RS_CORTICAL_PYRAMIDAL
[2026-05-13 19:35:26][INFO] SIM_BRIDGE: Region 'noun_pool_APPLE_fs' (24 neurons): using Izh type IZH2007_FS_CORTICAL_INTERNEURON
[2026-05-13 19:35:26][INFO] SIM_BRIDGE: Region 'noun_pool_RIVER_fs' (24 neurons): using Izh type IZH2007_FS_CORTICAL_INTERNEURON
[2026-05-13 19:35:26][INFO] SIM_BRIDGE: Region 'noun_pool_DOG_fs' (24 neurons): using Izh type IZH2007_FS_CORTICAL_INTERNEURON
[2026-05-13 19:35:26][INFO] SIM_BRIDGE: Region 'noun_pool_CAT_fs' (24 neurons): using Izh type IZH2007_FS_CORTICAL_INTERNEURON
[2026-05-13 19:35:26][INFO] SIM_BRIDGE: Region 'verb_pool_GO' (200 neurons): using Izh type IZH2007_RS_CORTICAL_PYRAMIDAL
[2026-05-13 19:35:26][INFO] SIM_BRIDGE: Region 'verb_pool_COME' (200 neurons): using Izh type IZH2007_RS_CORTICAL_PYRAMIDAL
[2026-05-13 19:35:26][INFO] SIM_BRIDGE: Region 'verb_pool_STOP' (200 neurons): using Izh type IZH2007_RS_CORTICAL_PYRAMIDAL
[2026-05-13 19:35:26][INFO] SIM_BRIDGE: Region 'verb_pool_LOOK' (200 neurons): using Izh type IZH2007_RS_CORTICAL_PYRAMIDAL
[2026-05-13 19:35:26][INFO] SIM_BRIDGE: Region 'verb_pool_GO_fs' (24 neurons): using Izh type IZH2007_FS_CORTICAL_INTERNEURON
[2026-05-13 19:35:26][INFO] SIM_BRIDGE: Region 'verb_pool_COME_fs' (24 neurons): using Izh type IZH2007_FS_CORTICAL_INTERNEURON
[2026-05-13 19:35:26][INFO] SIM_BRIDGE: Region 'verb_pool_STOP_fs' (24 neurons): using Izh type IZH2007_FS_CORTICAL_INTERNEURON
[2026-05-13 19:35:26][INFO] SIM_BRIDGE: Region 'verb_pool_LOOK_fs' (24 neurons): using Izh type IZH2007_FS_CORTICAL_INTERNEURON
[2026-05-13 19:35:26][INFO] SIM_BRIDGE: Region 'adjective_pool_BIG' (200 neurons): using Izh type IZH2007_RS_CORTICAL_PYRAMIDAL
[2026-05-13 19:35:26][INFO] SIM_BRIDGE: Region 'adjective_pool_SMALL' (200 neurons): using Izh type IZH2007_RS_CORTICAL_PYRAMIDAL
[2026-05-13 19:35:26][INFO] SIM_BRIDGE: Region 'adjective_pool_HOT' (200 neurons): using Izh type IZH2007_RS_CORTICAL_PYRAMIDAL
[2026-05-13 19:35:26][INFO] SIM_BRIDGE: Region 'adjective_pool_COLD' (200 neurons): using Izh type IZH2007_RS_CORTICAL_PYRAMIDAL
[2026-05-13 19:35:26][INFO] SIM_BRIDGE: Region 'adjective_pool_BIG_fs' (24 neurons): using Izh type IZH2007_FS_CORTICAL_INTERNEURON
[2026-05-13 19:35:26][INFO] SIM_BRIDGE: Region 'adjective_pool_SMALL_fs' (24 neurons): using Izh type IZH2007_FS_CORTICAL_INTERNEURON
[2026-05-13 19:35:26][INFO] SIM_BRIDGE: Region 'adjective_pool_HOT_fs' (24 neurons): using Izh type IZH2007_FS_CORTICAL_INTERNEURON
[2026-05-13 19:35:26][INFO] SIM_BRIDGE: Region 'adjective_pool_COLD_fs' (24 neurons): using Izh type IZH2007_FS_CORTICAL_INTERNEURON
[2026-05-13 19:35:26][INFO] SIM_BRIDGE: Applying parameter heterogeneity to neuron parameters...
[2026-05-13 19:35:26][INFO] SIM_BRIDGE: Applied heterogeneity to 4 parameters.
[2026-05-13 19:35:26][INFO] SIM_BRIDGE: Initializing OU process state (tau=15.0ms, sigma=100.0pA)...
[2026-05-13 19:35:26][INFO] SIM_BRIDGE: Generating 3D neuron positions for 7680 neurons...
[2026-05-13 19:35:26][INFO] SIM_BRIDGE: Generating connections (brain-region framework)...
[2026-05-13 19:35:32][INFO] SIM_BRIDGE: inject_explicit_wiring: installed 4670517 synapses across 130 populations.
[2026-05-13 19:35:33][INFO] SIM_BRIDGE: Initializing eligibility traces for 4670517 synapses (capacity: 7005775, dtype: float32)...
[2026-05-13 19:35:33][INFO] SIM_BRIDGE: Initializing STDP state for 7680 neurons...
[2026-05-13 19:35:33][INFO] SIM_BRIDGE: Simulation data initialized for 7680 neurons (3D). Synapses: 4670517. GPU memory: 1.6GB/25.8GB (6.4%)
[BUILD] concept-pool bridge: 7680 neurons total, 12 concept pools (2400 neurons in pools)
[topographic-bias] Applied factor=3.00/0.30 across motor + noun + verb pools
  north->motor_N: x3.00 on 6018 edges
  east->motor_E: x3.00 on 6045 edges
  south->motor_S: x3.00 on 6084 edges
  west->motor_W: x3.00 on 5994 edges
  apple->noun_pool_APPLE: x3.00 on 6090 edges
  river->noun_pool_RIVER: x3.00 on 6192 edges
  dog->noun_pool_DOG: x3.00 on 6067 edges
  cat->noun_pool_CAT: x3.00 on 6081 edges
  go->verb_pool_GO: x3.00 on 6072 edges
  come->verb_pool_COME: x3.00 on 6169 edges
  stop->verb_pool_STOP: x3.00 on 6109 edges
  look->verb_pool_LOOK: x3.00 on 6041 edges
  big->adjective_pool_BIG: x3.00 on 6162 edges
  small->adjective_pool_SMALL: x3.00 on 6221 edges
  hot->adjective_pool_HOT: x3.00 on 6047 edges
  cold->adjective_pool_COLD: x3.00 on 6109 edges
  reciprocal_target_edges: x3.00 on 98054 edges

[TRAIN] 16 (word, pool) pairs, 200 events each = 3200 total events (interleaved)
  interleaved event 100/3200 (45s)
  interleaved event 200/3200 (74s)
  interleaved event 300/3200 (103s)
  interleaved event 400/3200 (133s)
  interleaved event 500/3200 (166s)
  interleaved event 600/3200 (203s)
  interleaved event 700/3200 (234s)
  interleaved event 800/3200 (265s)
  interleaved event 900/3200 (296s)
  interleaved event 1000/3200 (325s)
  interleaved event 1100/3200 (354s)
  interleaved event 1200/3200 (383s)
  interleaved event 1300/3200 (413s)
  interleaved event 1400/3200 (442s)
  interleaved event 1500/3200 (471s)
  interleaved event 1600/3200 (501s)
  interleaved event 1700/3200 (530s)
  interleaved event 1800/3200 (561s)
  interleaved event 1900/3200 (590s)
  interleaved event 2000/3200 (619s)
  interleaved event 2100/3200 (649s)
  interleaved event 2200/3200 (678s)
  interleaved event 2300/3200 (707s)
  interleaved event 2400/3200 (736s)
  interleaved event 2500/3200 (766s)
  interleaved event 2600/3200 (801s)
  interleaved event 2700/3200 (830s)
  interleaved event 2800/3200 (859s)
  interleaved event 2900/3200 (893s)
  interleaved event 3000/3200 (926s)
  interleaved event 3100/3200 (956s)
  interleaved event 3200/3200 (985s)

[TRAIN] complete (985s, interleaved)

[SAVE] saving bridge to research\findings\raw\g11_bg\concept_pool_demo\seed44_v16.simstate.h5
[2026-05-13 19:52:02][INFO] SIM_BRIDGE: Saving checkpoint to research\findings\raw\g11_bg\concept_pool_demo\seed44_v16.simstate.h5...
[2026-05-13 19:52:03][SUCCESS] SIM_BRIDGE: Checkpoint saved successfully to research\findings\raw\g11_bg\concept_pool_demo\seed44_v16.simstate.h5
[SAVE] checkpoint written

[EVAL] measuring cross-category isolation across 16 pools

[RESULTS] per-word cross-category isolation:
  north    -> motor_N               target=0.990  max_off=1.120 (motor_W)  ratio=0.88x  [FAIL]
  east     -> motor_E               target=1.025  max_off=0.780 (verb_pool_COME)  ratio=1.31x  [PASS]
  south    -> motor_S               target=2.045  max_off=1.300 (motor_E)  ratio=1.57x  [PASS]
  west     -> motor_W               target=1.310  max_off=0.795 (motor_S)  ratio=1.65x  [PASS]
  apple    -> noun_pool_APPLE       target=1.835  max_off=1.335 (verb_pool_STOP)  ratio=1.37x  [PASS]
  river    -> noun_pool_RIVER       target=1.020  max_off=0.810 (motor_N)  ratio=1.26x  [PASS]
  dog      -> noun_pool_DOG         target=2.155  max_off=1.365 (noun_pool_RIVER)  ratio=1.58x  [PASS]
  cat      -> noun_pool_CAT         target=0.885  max_off=0.785 (noun_pool_APPLE)  ratio=1.13x  [PASS]
  go       -> verb_pool_GO          target=0.630  max_off=0.845 (motor_E)  ratio=0.75x  [FAIL]
  come     -> verb_pool_COME        target=1.835  max_off=0.975 (noun_pool_APPLE)  ratio=1.88x  [PASS]
  stop     -> verb_pool_STOP        target=0.950  max_off=0.970 (noun_pool_APPLE)  ratio=0.98x  [FAIL]
  look     -> verb_pool_LOOK        target=1.310  max_off=1.320 (adjective_pool_SMALL)  ratio=0.99x  [FAIL]
  big      -> adjective_pool_BIG    target=1.280  max_off=1.105 (noun_pool_CAT)  ratio=1.16x  [PASS]
  small    -> adjective_pool_SMALL  target=0.655  max_off=0.675 (noun_pool_CAT)  ratio=0.97x  [FAIL]
  hot      -> adjective_pool_HOT    target=1.070  max_off=0.770 (adjective_pool_SMALL)  ratio=1.39x  [PASS]
  cold     -> adjective_pool_COLD   target=1.545  max_off=0.970 (adjective_pool_SMALL)  ratio=1.59x  [PASS]

[VERDICT] 11/16 words have correct target-pool dominance
  Total wall clock: 1005s

[OUT] wrote research\findings\raw\g11_bg\concept_pool_demo\seed44_v16.json
[v16-MS] running A->W readout seed 44...

=== concept_speak_demo (seed=44) ===
  Tests A->W: drive all pools, decode 'spoken' word
[2026-05-13 19:52:11][INFO] SIM_BRIDGE: CuPy using GPU: NVIDIA GeForce RTX 3090 (24.0 GB), mempool limit: 80%
[2026-05-13 19:52:11][INFO] SIM_BRIDGE: Initializing simulation data for model: IZHIKEVICH (3D)... (playback_init: False)
[2026-05-13 19:52:11][INFO] SIM_BRIDGE: Brain-region framework: 34 regions, 7680 total neurons, 96 pathways.
[2026-05-13 19:52:11][INFO] SIM_BRIDGE: RNG initialized with seed: 44
[2026-05-13 19:52:11][INFO] SIM_BRIDGE: Initializing Izhikevich model specifics for 7680 neurons...
[2026-05-13 19:52:11][INFO] SIM_BRIDGE: Region 'language_input' (2048 neurons): using Izh type IZH2007_RS_CORTICAL_PYRAMIDAL
[2026-05-13 19:52:11][INFO] SIM_BRIDGE: Region 'motor_N' (200 neurons): using Izh type IZH2007_RS_CORTICAL_PYRAMIDAL
[2026-05-13 19:52:11][INFO] SIM_BRIDGE: Region 'motor_E' (200 neurons): using Izh type IZH2007_RS_CORTICAL_PYRAMIDAL
[2026-05-13 19:52:11][INFO] SIM_BRIDGE: Region 'motor_S' (200 neurons): using Izh type IZH2007_RS_CORTICAL_PYRAMIDAL
[2026-05-13 19:52:11][INFO] SIM_BRIDGE: Region 'motor_W' (200 neurons): using Izh type IZH2007_RS_CORTICAL_PYRAMIDAL
[2026-05-13 19:52:11][INFO] SIM_BRIDGE: Region 'language_output' (2048 neurons): using Izh type IZH2007_RS_CORTICAL_PYRAMIDAL
[2026-05-13 19:52:11][INFO] SIM_BRIDGE: Region 'motor_FS_N' (24 neurons): using Izh type IZH2007_FS_CORTICAL_INTERNEURON
[2026-05-13 19:52:12][INFO] SIM_BRIDGE: Region 'motor_FS_E' (24 neurons): using Izh type IZH2007_FS_CORTICAL_INTERNEURON
[2026-05-13 19:52:12][INFO] SIM_BRIDGE: Region 'motor_FS_S' (24 neurons): using Izh type IZH2007_FS_CORTICAL_INTERNEURON
[2026-05-13 19:52:12][INFO] SIM_BRIDGE: Region 'motor_FS_W' (24 neurons): using Izh type IZH2007_FS_CORTICAL_INTERNEURON
[2026-05-13 19:52:12][INFO] SIM_BRIDGE: Region 'noun_pool_APPLE' (200 neurons): using Izh type IZH2007_RS_CORTICAL_PYRAMIDAL
[2026-05-13 19:52:12][INFO] SIM_BRIDGE: Region 'noun_pool_RIVER' (200 neurons): using Izh type IZH2007_RS_CORTICAL_PYRAMIDAL
[2026-05-13 19:52:12][INFO] SIM_BRIDGE: Region 'noun_pool_DOG' (200 neurons): using Izh type IZH2007_RS_CORTICAL_PYRAMIDAL
[2026-05-13 19:52:12][INFO] SIM_BRIDGE: Region 'noun_pool_CAT' (200 neurons): using Izh type IZH2007_RS_CORTICAL_PYRAMIDAL
[2026-05-13 19:52:12][INFO] SIM_BRIDGE: Region 'noun_pool_APPLE_fs' (24 neurons): using Izh type IZH2007_FS_CORTICAL_INTERNEURON
[2026-05-13 19:52:12][INFO] SIM_BRIDGE: Region 'noun_pool_RIVER_fs' (24 neurons): using Izh type IZH2007_FS_CORTICAL_INTERNEURON
[2026-05-13 19:52:12][INFO] SIM_BRIDGE: Region 'noun_pool_DOG_fs' (24 neurons): using Izh type IZH2007_FS_CORTICAL_INTERNEURON
[2026-05-13 19:52:12][INFO] SIM_BRIDGE: Region 'noun_pool_CAT_fs' (24 neurons): using Izh type IZH2007_FS_CORTICAL_INTERNEURON
[2026-05-13 19:52:12][INFO] SIM_BRIDGE: Region 'verb_pool_GO' (200 neurons): using Izh type IZH2007_RS_CORTICAL_PYRAMIDAL
[2026-05-13 19:52:12][INFO] SIM_BRIDGE: Region 'verb_pool_COME' (200 neurons): using Izh type IZH2007_RS_CORTICAL_PYRAMIDAL
[2026-05-13 19:52:12][INFO] SIM_BRIDGE: Region 'verb_pool_STOP' (200 neurons): using Izh type IZH2007_RS_CORTICAL_PYRAMIDAL
[2026-05-13 19:52:12][INFO] SIM_BRIDGE: Region 'verb_pool_LOOK' (200 neurons): using Izh type IZH2007_RS_CORTICAL_PYRAMIDAL
[2026-05-13 19:52:12][INFO] SIM_BRIDGE: Region 'verb_pool_GO_fs' (24 neurons): using Izh type IZH2007_FS_CORTICAL_INTERNEURON
[2026-05-13 19:52:12][INFO] SIM_BRIDGE: Region 'verb_pool_COME_fs' (24 neurons): using Izh type IZH2007_FS_CORTICAL_INTERNEURON
[2026-05-13 19:52:12][INFO] SIM_BRIDGE: Region 'verb_pool_STOP_fs' (24 neurons): using Izh type IZH2007_FS_CORTICAL_INTERNEURON
[2026-05-13 19:52:12][INFO] SIM_BRIDGE: Region 'verb_pool_LOOK_fs' (24 neurons): using Izh type IZH2007_FS_CORTICAL_INTERNEURON
[2026-05-13 19:52:12][INFO] SIM_BRIDGE: Region 'adjective_pool_BIG' (200 neurons): using Izh type IZH2007_RS_CORTICAL_PYRAMIDAL
[2026-05-13 19:52:12][INFO] SIM_BRIDGE: Region 'adjective_pool_SMALL' (200 neurons): using Izh type IZH2007_RS_CORTICAL_PYRAMIDAL
[2026-05-13 19:52:12][INFO] SIM_BRIDGE: Region 'adjective_pool_HOT' (200 neurons): using Izh type IZH2007_RS_CORTICAL_PYRAMIDAL
[2026-05-13 19:52:12][INFO] SIM_BRIDGE: Region 'adjective_pool_COLD' (200 neurons): using Izh type IZH2007_RS_CORTICAL_PYRAMIDAL
[2026-05-13 19:52:12][INFO] SIM_BRIDGE: Region 'adjective_pool_BIG_fs' (24 neurons): using Izh type IZH2007_FS_CORTICAL_INTERNEURON
[2026-05-13 19:52:12][INFO] SIM_BRIDGE: Region 'adjective_pool_SMALL_fs' (24 neurons): using Izh type IZH2007_FS_CORTICAL_INTERNEURON
[2026-05-13 19:52:12][INFO] SIM_BRIDGE: Region 'adjective_pool_HOT_fs' (24 neurons): using Izh type IZH2007_FS_CORTICAL_INTERNEURON
[2026-05-13 19:52:12][INFO] SIM_BRIDGE: Region 'adjective_pool_COLD_fs' (24 neurons): using Izh type IZH2007_FS_CORTICAL_INTERNEURON
[2026-05-13 19:52:12][INFO] SIM_BRIDGE: Applying parameter heterogeneity to neuron parameters...
[2026-05-13 19:52:12][INFO] SIM_BRIDGE: Applied heterogeneity to 4 parameters.
[2026-05-13 19:52:12][INFO] SIM_BRIDGE: Initializing OU process state (tau=15.0ms, sigma=100.0pA)...
[2026-05-13 19:52:12][INFO] SIM_BRIDGE: Generating 3D neuron positions for 7680 neurons...
[2026-05-13 19:52:12][INFO] SIM_BRIDGE: Generating connections (brain-region framework)...
[2026-05-13 19:52:17][INFO] SIM_BRIDGE: inject_explicit_wiring: installed 4542835 synapses across 114 populations.
[2026-05-13 19:52:18][INFO] SIM_BRIDGE: Initializing eligibility traces for 4542835 synapses (capacity: 6814252, dtype: float32)...
[2026-05-13 19:52:18][INFO] SIM_BRIDGE: Initializing STDP state for 7680 neurons...
[2026-05-13 19:52:18][INFO] SIM_BRIDGE: Simulation data initialized for 7680 neurons (3D). Synapses: 4542835. GPU memory: 1.6GB/25.8GB (6.4%)
[BUILD] concept-pool bridge: 7680 neurons total, 12 concept pools (2400 neurons in pools)

[LOAD] loading checkpoint from research\findings\raw\g11_bg\concept_pool_demo\seed44_v16.simstate.h5
[2026-05-13 19:52:18][INFO] SIM_BRIDGE: Loading checkpoint from research\findings\raw\g11_bg\concept_pool_demo\seed44_v16.simstate.h5...
[2026-05-13 19:52:18][INFO] SIM_BRIDGE: Clearing simulation state and GPU memory...
[2026-05-13 19:52:18][INFO] SIM_BRIDGE: Cleared simulation state and GPU memory.
[2026-05-13 19:52:18][DEBUG] SIM_BRIDGE: Checkpoint: Dataset for 'cp_adex_w' not found or was empty. Using default.
[2026-05-13 19:52:18][DEBUG] SIM_BRIDGE: Checkpoint: Dataset for 'cp_stp_u' not found or was empty. Using default.
[2026-05-13 19:52:18][DEBUG] SIM_BRIDGE: Checkpoint: Dataset for 'cp_stp_x' not found or was empty. Using default.
[2026-05-13 19:52:18][SUCCESS] SIM_BRIDGE: Checkpoint loaded. Sim time: 0.0ms, Step: 0, Model: IZHIKEVICH

[EVAL] A->W readout for all 10 pools
  drive motor_N              -> top-1='north' (cos=0.47, target='north' cos=0.47)  top3=[north=0.47, big=0.06, dog=0.04]  [PASS]
  drive motor_E              -> top-1='east' (cos=0.26, target='east' cos=0.26)  top3=[east=0.26, cat=0.09, small=0.08]  [PASS]
  drive motor_S              -> top-1='south' (cos=0.30, target='south' cos=0.30)  top3=[south=0.30, stop=0.08, look=0.06]  [PASS]
  drive motor_W              -> top-1='west' (cos=0.34, target='west' cos=0.34)  top3=[west=0.34, cat=0.06, go=0.05]  [PASS]
  drive noun_pool_APPLE      -> top-1='apple' (cos=0.38, target='apple' cos=0.38)  top3=[apple=0.38, cold=0.07, dog=0.05]  [PASS]
  drive noun_pool_RIVER      -> top-1='river' (cos=0.35, target='river' cos=0.35)  top3=[river=0.35, stop=0.09, west=0.08]  [PASS]
  drive noun_pool_DOG        -> top-1='dog' (cos=0.33, target='dog' cos=0.33)  top3=[dog=0.33, cold=0.07, cat=0.06]  [PASS]
  drive noun_pool_CAT        -> top-1='cat' (cos=0.31, target='cat' cos=0.31)  top3=[cat=0.31, north=0.10, go=0.07]  [PASS]
  drive verb_pool_GO         -> top-1='go' (cos=0.29, target='go' cos=0.29)  top3=[go=0.29, west=0.06, stop=0.05]  [PASS]
  drive verb_pool_COME       -> top-1='come' (cos=0.31, target='come' cos=0.31)  top3=[come=0.31, east=0.10, small=0.09]  [PASS]
  drive verb_pool_STOP       -> top-1='stop' (cos=0.35, target='stop' cos=0.35)  top3=[stop=0.35, dog=0.07, west=0.06]  [PASS]
  drive verb_pool_LOOK       -> top-1='look' (cos=0.26, target='look' cos=0.26)  top3=[look=0.26, west=0.09, hot=0.08]  [PASS]
  drive adjective_pool_BIG   -> top-1='big' (cos=0.31, target='big' cos=0.31)  top3=[big=0.31, cat=0.07, cold=0.07]  [PASS]
  drive adjective_pool_SMALL -> top-1='small' (cos=0.35, target='small' cos=0.35)  top3=[small=0.35, dog=0.07, west=0.06]  [PASS]
  drive adjective_pool_HOT   -> top-1='hot' (cos=0.19, target='hot' cos=0.19)  top3=[hot=0.19, stop=0.11, north=0.06]  [PASS]
  drive adjective_pool_COLD  -> top-1='cold' (cos=0.26, target='cold' cos=0.26)  top3=[cold=0.26, dog=0.07, stop=0.06]  [PASS]

[VERDICT] 16/16 pools speak the trained word
  Wall clock: 15s

[OUT] wrote research\findings\raw\g11_bg\concept_pool_demo\seed44_v16_speak.json
[v16-MS] seed 44 : Phase 1 = 11/16, A->W = 16/16
[v16-MS] launching seed 45 training...

=== concept_pool_demo (seed=45) ===
  Architecture: 4 motor + 4 noun + 4 verb + 4 adjective = 16 pools
  Vocab: ['north', 'east', 'south', 'west'] + ['apple', 'river', 'dog', 'cat'] + ['go', 'come', 'stop', 'look'] + ['big', 'small', 'hot', 'cold']
  Train events/word: 200
[2026-05-13 19:52:27][INFO] SIM_BRIDGE: CuPy using GPU: NVIDIA GeForce RTX 3090 (24.0 GB), mempool limit: 80%
[2026-05-13 19:52:27][INFO] SIM_BRIDGE: Initializing simulation data for model: IZHIKEVICH (3D)... (playback_init: False)
[2026-05-13 19:52:27][INFO] SIM_BRIDGE: Brain-region framework: 34 regions, 7680 total neurons, 112 pathways.
[2026-05-13 19:52:27][INFO] SIM_BRIDGE: RNG initialized with seed: 45
[2026-05-13 19:52:27][INFO] SIM_BRIDGE: Initializing Izhikevich model specifics for 7680 neurons...
[2026-05-13 19:52:27][INFO] SIM_BRIDGE: Region 'language_input' (2048 neurons): using Izh type IZH2007_RS_CORTICAL_PYRAMIDAL
[2026-05-13 19:52:27][INFO] SIM_BRIDGE: Region 'motor_N' (200 neurons): using Izh type IZH2007_RS_CORTICAL_PYRAMIDAL
[2026-05-13 19:52:27][INFO] SIM_BRIDGE: Region 'motor_E' (200 neurons): using Izh type IZH2007_RS_CORTICAL_PYRAMIDAL
[2026-05-13 19:52:27][INFO] SIM_BRIDGE: Region 'motor_S' (200 neurons): using Izh type IZH2007_RS_CORTICAL_PYRAMIDAL
[2026-05-13 19:52:27][INFO] SIM_BRIDGE: Region 'motor_W' (200 neurons): using Izh type IZH2007_RS_CORTICAL_PYRAMIDAL
[2026-05-13 19:52:27][INFO] SIM_BRIDGE: Region 'language_output' (2048 neurons): using Izh type IZH2007_RS_CORTICAL_PYRAMIDAL
[2026-05-13 19:52:27][INFO] SIM_BRIDGE: Region 'motor_FS_N' (24 neurons): using Izh type IZH2007_FS_CORTICAL_INTERNEURON
[2026-05-13 19:52:27][INFO] SIM_BRIDGE: Region 'motor_FS_E' (24 neurons): using Izh type IZH2007_FS_CORTICAL_INTERNEURON
[2026-05-13 19:52:27][INFO] SIM_BRIDGE: Region 'motor_FS_S' (24 neurons): using Izh type IZH2007_FS_CORTICAL_INTERNEURON
[2026-05-13 19:52:27][INFO] SIM_BRIDGE: Region 'motor_FS_W' (24 neurons): using Izh type IZH2007_FS_CORTICAL_INTERNEURON
[2026-05-13 19:52:27][INFO] SIM_BRIDGE: Region 'noun_pool_APPLE' (200 neurons): using Izh type IZH2007_RS_CORTICAL_PYRAMIDAL
[2026-05-13 19:52:27][INFO] SIM_BRIDGE: Region 'noun_pool_RIVER' (200 neurons): using Izh type IZH2007_RS_CORTICAL_PYRAMIDAL
[2026-05-13 19:52:27][INFO] SIM_BRIDGE: Region 'noun_pool_DOG' (200 neurons): using Izh type IZH2007_RS_CORTICAL_PYRAMIDAL
[2026-05-13 19:52:27][INFO] SIM_BRIDGE: Region 'noun_pool_CAT' (200 neurons): using Izh type IZH2007_RS_CORTICAL_PYRAMIDAL
[2026-05-13 19:52:27][INFO] SIM_BRIDGE: Region 'noun_pool_APPLE_fs' (24 neurons): using Izh type IZH2007_FS_CORTICAL_INTERNEURON
[2026-05-13 19:52:27][INFO] SIM_BRIDGE: Region 'noun_pool_RIVER_fs' (24 neurons): using Izh type IZH2007_FS_CORTICAL_INTERNEURON
[2026-05-13 19:52:27][INFO] SIM_BRIDGE: Region 'noun_pool_DOG_fs' (24 neurons): using Izh type IZH2007_FS_CORTICAL_INTERNEURON
[2026-05-13 19:52:27][INFO] SIM_BRIDGE: Region 'noun_pool_CAT_fs' (24 neurons): using Izh type IZH2007_FS_CORTICAL_INTERNEURON
[2026-05-13 19:52:27][INFO] SIM_BRIDGE: Region 'verb_pool_GO' (200 neurons): using Izh type IZH2007_RS_CORTICAL_PYRAMIDAL
[2026-05-13 19:52:27][INFO] SIM_BRIDGE: Region 'verb_pool_COME' (200 neurons): using Izh type IZH2007_RS_CORTICAL_PYRAMIDAL
[2026-05-13 19:52:27][INFO] SIM_BRIDGE: Region 'verb_pool_STOP' (200 neurons): using Izh type IZH2007_RS_CORTICAL_PYRAMIDAL
[2026-05-13 19:52:27][INFO] SIM_BRIDGE: Region 'verb_pool_LOOK' (200 neurons): using Izh type IZH2007_RS_CORTICAL_PYRAMIDAL
[2026-05-13 19:52:27][INFO] SIM_BRIDGE: Region 'verb_pool_GO_fs' (24 neurons): using Izh type IZH2007_FS_CORTICAL_INTERNEURON
[2026-05-13 19:52:27][INFO] SIM_BRIDGE: Region 'verb_pool_COME_fs' (24 neurons): using Izh type IZH2007_FS_CORTICAL_INTERNEURON
[2026-05-13 19:52:27][INFO] SIM_BRIDGE: Region 'verb_pool_STOP_fs' (24 neurons): using Izh type IZH2007_FS_CORTICAL_INTERNEURON
[2026-05-13 19:52:27][INFO] SIM_BRIDGE: Region 'verb_pool_LOOK_fs' (24 neurons): using Izh type IZH2007_FS_CORTICAL_INTERNEURON
[2026-05-13 19:52:27][INFO] SIM_BRIDGE: Region 'adjective_pool_BIG' (200 neurons): using Izh type IZH2007_RS_CORTICAL_PYRAMIDAL
[2026-05-13 19:52:27][INFO] SIM_BRIDGE: Region 'adjective_pool_SMALL' (200 neurons): using Izh type IZH2007_RS_CORTICAL_PYRAMIDAL
[2026-05-13 19:52:27][INFO] SIM_BRIDGE: Region 'adjective_pool_HOT' (200 neurons): using Izh type IZH2007_RS_CORTICAL_PYRAMIDAL
[2026-05-13 19:52:27][INFO] SIM_BRIDGE: Region 'adjective_pool_COLD' (200 neurons): using Izh type IZH2007_RS_CORTICAL_PYRAMIDAL
[2026-05-13 19:52:27][INFO] SIM_BRIDGE: Region 'adjective_pool_BIG_fs' (24 neurons): using Izh type IZH2007_FS_CORTICAL_INTERNEURON
[2026-05-13 19:52:27][INFO] SIM_BRIDGE: Region 'adjective_pool_SMALL_fs' (24 neurons): using Izh type IZH2007_FS_CORTICAL_INTERNEURON
[2026-05-13 19:52:27][INFO] SIM_BRIDGE: Region 'adjective_pool_HOT_fs' (24 neurons): using Izh type IZH2007_FS_CORTICAL_INTERNEURON
[2026-05-13 19:52:27][INFO] SIM_BRIDGE: Region 'adjective_pool_COLD_fs' (24 neurons): using Izh type IZH2007_FS_CORTICAL_INTERNEURON
[2026-05-13 19:52:27][INFO] SIM_BRIDGE: Applying parameter heterogeneity to neuron parameters...
[2026-05-13 19:52:27][INFO] SIM_BRIDGE: Applied heterogeneity to 4 parameters.
[2026-05-13 19:52:27][INFO] SIM_BRIDGE: Initializing OU process state (tau=15.0ms, sigma=100.0pA)...
[2026-05-13 19:52:27][INFO] SIM_BRIDGE: Generating 3D neuron positions for 7680 neurons...
[2026-05-13 19:52:27][INFO] SIM_BRIDGE: Generating connections (brain-region framework)...
[2026-05-13 19:52:33][INFO] SIM_BRIDGE: inject_explicit_wiring: installed 4676508 synapses across 130 populations.
[2026-05-13 19:52:33][INFO] SIM_BRIDGE: Initializing eligibility traces for 4676508 synapses (capacity: 7014762, dtype: float32)...
[2026-05-13 19:52:33][INFO] SIM_BRIDGE: Initializing STDP state for 7680 neurons...
[2026-05-13 19:52:33][INFO] SIM_BRIDGE: Simulation data initialized for 7680 neurons (3D). Synapses: 4676508. GPU memory: 1.6GB/25.8GB (6.4%)
[BUILD] concept-pool bridge: 7680 neurons total, 12 concept pools (2400 neurons in pools)
[topographic-bias] Applied factor=3.00/0.30 across motor + noun + verb pools
  north->motor_N: x3.00 on 6054 edges
  east->motor_E: x3.00 on 6178 edges
  south->motor_S: x3.00 on 6089 edges
  west->motor_W: x3.00 on 6075 edges
  apple->noun_pool_APPLE: x3.00 on 6297 edges
  river->noun_pool_RIVER: x3.00 on 6094 edges
  dog->noun_pool_DOG: x3.00 on 6123 edges
  cat->noun_pool_CAT: x3.00 on 6094 edges
  go->verb_pool_GO: x3.00 on 6172 edges
  come->verb_pool_COME: x3.00 on 6184 edges
  stop->verb_pool_STOP: x3.00 on 6136 edges
  look->verb_pool_LOOK: x3.00 on 6178 edges
  big->adjective_pool_BIG: x3.00 on 6055 edges
  small->adjective_pool_SMALL: x3.00 on 6114 edges
  hot->adjective_pool_HOT: x3.00 on 6084 edges
  cold->adjective_pool_COLD: x3.00 on 6006 edges
  reciprocal_target_edges: x3.00 on 98039 edges

[TRAIN] 16 (word, pool) pairs, 200 events each = 3200 total events (interleaved)
  interleaved event 100/3200 (30s)
  interleaved event 200/3200 (60s)
  interleaved event 300/3200 (90s)
  interleaved event 400/3200 (119s)
  interleaved event 500/3200 (148s)
  interleaved event 600/3200 (177s)
  interleaved event 700/3200 (207s)
  interleaved event 800/3200 (236s)
  interleaved event 900/3200 (265s)
  interleaved event 1000/3200 (295s)
  interleaved event 1100/3200 (324s)
  interleaved event 1200/3200 (353s)
  interleaved event 1300/3200 (384s)
  interleaved event 1400/3200 (414s)
  interleaved event 1500/3200 (443s)
  interleaved event 1600/3200 (473s)
  interleaved event 1700/3200 (502s)
  interleaved event 1800/3200 (532s)
  interleaved event 1900/3200 (561s)
  interleaved event 2000/3200 (591s)
  interleaved event 2100/3200 (621s)
  interleaved event 2200/3200 (652s)
  interleaved event 2300/3200 (697s)
  interleaved event 2400/3200 (726s)
  interleaved event 2500/3200 (756s)
  interleaved event 2600/3200 (785s)
  interleaved event 2700/3200 (815s)
  interleaved event 2800/3200 (844s)
  interleaved event 2900/3200 (874s)
  interleaved event 3000/3200 (903s)
  interleaved event 3100/3200 (932s)
  interleaved event 3200/3200 (966s)

[TRAIN] complete (966s, interleaved)

[SAVE] saving bridge to research\findings\raw\g11_bg\concept_pool_demo\seed45_v16.simstate.h5
[2026-05-13 20:08:44][INFO] SIM_BRIDGE: Saving checkpoint to research\findings\raw\g11_bg\concept_pool_demo\seed45_v16.simstate.h5...
[2026-05-13 20:08:44][SUCCESS] SIM_BRIDGE: Checkpoint saved successfully to research\findings\raw\g11_bg\concept_pool_demo\seed45_v16.simstate.h5
[SAVE] checkpoint written

[EVAL] measuring cross-category isolation across 16 pools

[RESULTS] per-word cross-category isolation:
  north    -> motor_N               target=0.665  max_off=1.155 (adjective_pool_HOT)  ratio=0.58x  [FAIL]
  east     -> motor_E               target=1.090  max_off=0.815 (motor_N)  ratio=1.34x  [PASS]
  south    -> motor_S               target=1.315  max_off=0.855 (adjective_pool_BIG)  ratio=1.54x  [PASS]
  west     -> motor_W               target=1.145  max_off=0.965 (motor_E)  ratio=1.19x  [PASS]
  apple    -> noun_pool_APPLE       target=1.600  max_off=1.335 (motor_W)  ratio=1.20x  [PASS]
  river    -> noun_pool_RIVER       target=0.680  max_off=0.650 (noun_pool_CAT)  ratio=1.05x  [PASS]
  dog      -> noun_pool_DOG         target=0.815  max_off=0.855 (motor_S)  ratio=0.95x  [FAIL]
  cat      -> noun_pool_CAT         target=1.395  max_off=0.695 (noun_pool_DOG)  ratio=2.01x  [PASS]
  go       -> verb_pool_GO          target=1.885  max_off=1.015 (adjective_pool_HOT)  ratio=1.86x  [PASS]
  come     -> verb_pool_COME        target=1.055  max_off=0.865 (noun_pool_CAT)  ratio=1.22x  [PASS]
  stop     -> verb_pool_STOP        target=0.850  max_off=0.795 (noun_pool_CAT)  ratio=1.07x  [PASS]
  look     -> verb_pool_LOOK        target=0.830  max_off=0.830 (adjective_pool_SMALL)  ratio=1.00x  [FAIL]
  big      -> adjective_pool_BIG    target=1.050  max_off=1.125 (verb_pool_LOOK)  ratio=0.93x  [FAIL]
  small    -> adjective_pool_SMALL  target=1.345  max_off=1.070 (verb_pool_GO)  ratio=1.26x  [PASS]
  hot      -> adjective_pool_HOT    target=1.640  max_off=1.115 (noun_pool_CAT)  ratio=1.47x  [PASS]
  cold     -> adjective_pool_COLD   target=1.045  max_off=0.895 (adjective_pool_SMALL)  ratio=1.17x  [PASS]

[VERDICT] 12/16 words have correct target-pool dominance
  Total wall clock: 986s

[OUT] wrote research\findings\raw\g11_bg\concept_pool_demo\seed45_v16.json
[v16-MS] running A->W readout seed 45...

=== concept_speak_demo (seed=45) ===
  Tests A->W: drive all pools, decode 'spoken' word
[2026-05-13 20:08:53][INFO] SIM_BRIDGE: CuPy using GPU: NVIDIA GeForce RTX 3090 (24.0 GB), mempool limit: 80%
[2026-05-13 20:08:53][INFO] SIM_BRIDGE: Initializing simulation data for model: IZHIKEVICH (3D)... (playback_init: False)
[2026-05-13 20:08:53][INFO] SIM_BRIDGE: Brain-region framework: 34 regions, 7680 total neurons, 96 pathways.
[2026-05-13 20:08:53][INFO] SIM_BRIDGE: RNG initialized with seed: 45
[2026-05-13 20:08:53][INFO] SIM_BRIDGE: Initializing Izhikevich model specifics for 7680 neurons...
[2026-05-13 20:08:53][INFO] SIM_BRIDGE: Region 'language_input' (2048 neurons): using Izh type IZH2007_RS_CORTICAL_PYRAMIDAL
[2026-05-13 20:08:53][INFO] SIM_BRIDGE: Region 'motor_N' (200 neurons): using Izh type IZH2007_RS_CORTICAL_PYRAMIDAL
[2026-05-13 20:08:53][INFO] SIM_BRIDGE: Region 'motor_E' (200 neurons): using Izh type IZH2007_RS_CORTICAL_PYRAMIDAL
[2026-05-13 20:08:53][INFO] SIM_BRIDGE: Region 'motor_S' (200 neurons): using Izh type IZH2007_RS_CORTICAL_PYRAMIDAL
[2026-05-13 20:08:53][INFO] SIM_BRIDGE: Region 'motor_W' (200 neurons): using Izh type IZH2007_RS_CORTICAL_PYRAMIDAL
[2026-05-13 20:08:53][INFO] SIM_BRIDGE: Region 'language_output' (2048 neurons): using Izh type IZH2007_RS_CORTICAL_PYRAMIDAL
[2026-05-13 20:08:53][INFO] SIM_BRIDGE: Region 'motor_FS_N' (24 neurons): using Izh type IZH2007_FS_CORTICAL_INTERNEURON
[2026-05-13 20:08:53][INFO] SIM_BRIDGE: Region 'motor_FS_E' (24 neurons): using Izh type IZH2007_FS_CORTICAL_INTERNEURON
[2026-05-13 20:08:53][INFO] SIM_BRIDGE: Region 'motor_FS_S' (24 neurons): using Izh type IZH2007_FS_CORTICAL_INTERNEURON
[2026-05-13 20:08:53][INFO] SIM_BRIDGE: Region 'motor_FS_W' (24 neurons): using Izh type IZH2007_FS_CORTICAL_INTERNEURON
[2026-05-13 20:08:53][INFO] SIM_BRIDGE: Region 'noun_pool_APPLE' (200 neurons): using Izh type IZH2007_RS_CORTICAL_PYRAMIDAL
[2026-05-13 20:08:53][INFO] SIM_BRIDGE: Region 'noun_pool_RIVER' (200 neurons): using Izh type IZH2007_RS_CORTICAL_PYRAMIDAL
[2026-05-13 20:08:53][INFO] SIM_BRIDGE: Region 'noun_pool_DOG' (200 neurons): using Izh type IZH2007_RS_CORTICAL_PYRAMIDAL
[2026-05-13 20:08:53][INFO] SIM_BRIDGE: Region 'noun_pool_CAT' (200 neurons): using Izh type IZH2007_RS_CORTICAL_PYRAMIDAL
[2026-05-13 20:08:53][INFO] SIM_BRIDGE: Region 'noun_pool_APPLE_fs' (24 neurons): using Izh type IZH2007_FS_CORTICAL_INTERNEURON
[2026-05-13 20:08:53][INFO] SIM_BRIDGE: Region 'noun_pool_RIVER_fs' (24 neurons): using Izh type IZH2007_FS_CORTICAL_INTERNEURON
[2026-05-13 20:08:53][INFO] SIM_BRIDGE: Region 'noun_pool_DOG_fs' (24 neurons): using Izh type IZH2007_FS_CORTICAL_INTERNEURON
[2026-05-13 20:08:53][INFO] SIM_BRIDGE: Region 'noun_pool_CAT_fs' (24 neurons): using Izh type IZH2007_FS_CORTICAL_INTERNEURON
[2026-05-13 20:08:53][INFO] SIM_BRIDGE: Region 'verb_pool_GO' (200 neurons): using Izh type IZH2007_RS_CORTICAL_PYRAMIDAL
[2026-05-13 20:08:53][INFO] SIM_BRIDGE: Region 'verb_pool_COME' (200 neurons): using Izh type IZH2007_RS_CORTICAL_PYRAMIDAL
[2026-05-13 20:08:53][INFO] SIM_BRIDGE: Region 'verb_pool_STOP' (200 neurons): using Izh type IZH2007_RS_CORTICAL_PYRAMIDAL
[2026-05-13 20:08:53][INFO] SIM_BRIDGE: Region 'verb_pool_LOOK' (200 neurons): using Izh type IZH2007_RS_CORTICAL_PYRAMIDAL
[2026-05-13 20:08:53][INFO] SIM_BRIDGE: Region 'verb_pool_GO_fs' (24 neurons): using Izh type IZH2007_FS_CORTICAL_INTERNEURON
[2026-05-13 20:08:53][INFO] SIM_BRIDGE: Region 'verb_pool_COME_fs' (24 neurons): using Izh type IZH2007_FS_CORTICAL_INTERNEURON
[2026-05-13 20:08:53][INFO] SIM_BRIDGE: Region 'verb_pool_STOP_fs' (24 neurons): using Izh type IZH2007_FS_CORTICAL_INTERNEURON
[2026-05-13 20:08:53][INFO] SIM_BRIDGE: Region 'verb_pool_LOOK_fs' (24 neurons): using Izh type IZH2007_FS_CORTICAL_INTERNEURON
[2026-05-13 20:08:53][INFO] SIM_BRIDGE: Region 'adjective_pool_BIG' (200 neurons): using Izh type IZH2007_RS_CORTICAL_PYRAMIDAL
[2026-05-13 20:08:53][INFO] SIM_BRIDGE: Region 'adjective_pool_SMALL' (200 neurons): using Izh type IZH2007_RS_CORTICAL_PYRAMIDAL
[2026-05-13 20:08:53][INFO] SIM_BRIDGE: Region 'adjective_pool_HOT' (200 neurons): using Izh type IZH2007_RS_CORTICAL_PYRAMIDAL
[2026-05-13 20:08:53][INFO] SIM_BRIDGE: Region 'adjective_pool_COLD' (200 neurons): using Izh type IZH2007_RS_CORTICAL_PYRAMIDAL
[2026-05-13 20:08:53][INFO] SIM_BRIDGE: Region 'adjective_pool_BIG_fs' (24 neurons): using Izh type IZH2007_FS_CORTICAL_INTERNEURON
[2026-05-13 20:08:53][INFO] SIM_BRIDGE: Region 'adjective_pool_SMALL_fs' (24 neurons): using Izh type IZH2007_FS_CORTICAL_INTERNEURON
[2026-05-13 20:08:53][INFO] SIM_BRIDGE: Region 'adjective_pool_HOT_fs' (24 neurons): using Izh type IZH2007_FS_CORTICAL_INTERNEURON
[2026-05-13 20:08:53][INFO] SIM_BRIDGE: Region 'adjective_pool_COLD_fs' (24 neurons): using Izh type IZH2007_FS_CORTICAL_INTERNEURON
[2026-05-13 20:08:53][INFO] SIM_BRIDGE: Applying parameter heterogeneity to neuron parameters...
[2026-05-13 20:08:53][INFO] SIM_BRIDGE: Applied heterogeneity to 4 parameters.
[2026-05-13 20:08:53][INFO] SIM_BRIDGE: Initializing OU process state (tau=15.0ms, sigma=100.0pA)...
[2026-05-13 20:08:53][INFO] SIM_BRIDGE: Generating 3D neuron positions for 7680 neurons...
[2026-05-13 20:08:53][INFO] SIM_BRIDGE: Generating connections (brain-region framework)...
[2026-05-13 20:08:59][INFO] SIM_BRIDGE: inject_explicit_wiring: installed 4548665 synapses across 114 populations.
[2026-05-13 20:08:59][INFO] SIM_BRIDGE: Initializing eligibility traces for 4548665 synapses (capacity: 6822997, dtype: float32)...
[2026-05-13 20:08:59][INFO] SIM_BRIDGE: Initializing STDP state for 7680 neurons...
[2026-05-13 20:08:59][INFO] SIM_BRIDGE: Simulation data initialized for 7680 neurons (3D). Synapses: 4548665. GPU memory: 1.6GB/25.8GB (6.4%)
[BUILD] concept-pool bridge: 7680 neurons total, 12 concept pools (2400 neurons in pools)

[LOAD] loading checkpoint from research\findings\raw\g11_bg\concept_pool_demo\seed45_v16.simstate.h5
[2026-05-13 20:08:59][INFO] SIM_BRIDGE: Loading checkpoint from research\findings\raw\g11_bg\concept_pool_demo\seed45_v16.simstate.h5...
[2026-05-13 20:08:59][INFO] SIM_BRIDGE: Clearing simulation state and GPU memory...
[2026-05-13 20:08:59][INFO] SIM_BRIDGE: Cleared simulation state and GPU memory.
[2026-05-13 20:08:59][DEBUG] SIM_BRIDGE: Checkpoint: Dataset for 'cp_adex_w' not found or was empty. Using default.
[2026-05-13 20:08:59][DEBUG] SIM_BRIDGE: Checkpoint: Dataset for 'cp_stp_u' not found or was empty. Using default.
[2026-05-13 20:08:59][DEBUG] SIM_BRIDGE: Checkpoint: Dataset for 'cp_stp_x' not found or was empty. Using default.
[2026-05-13 20:08:59][SUCCESS] SIM_BRIDGE: Checkpoint loaded. Sim time: 0.0ms, Step: 0, Model: IZHIKEVICH

[EVAL] A->W readout for all 10 pools
  drive motor_N              -> top-1='north' (cos=0.41, target='north' cos=0.41)  top3=[north=0.41, stop=0.03, hot=0.03]  [PASS]
  drive motor_E              -> top-1='east' (cos=0.44, target='east' cos=0.44)  top3=[east=0.44, big=0.08, go=0.07]  [PASS]
  drive motor_S              -> top-1='south' (cos=0.49, target='south' cos=0.49)  top3=[south=0.49, river=0.09, dog=0.05]  [PASS]
  drive motor_W              -> top-1='west' (cos=0.32, target='west' cos=0.32)  top3=[west=0.32, apple=0.08, north=0.06]  [PASS]
  drive noun_pool_APPLE      -> top-1='apple' (cos=0.29, target='apple' cos=0.29)  top3=[apple=0.29, come=0.06, small=0.06]  [PASS]
  drive noun_pool_RIVER      -> top-1='river' (cos=0.35, target='river' cos=0.35)  top3=[river=0.35, east=0.07, dog=0.07]  [PASS]
  drive noun_pool_DOG        -> top-1='dog' (cos=0.31, target='dog' cos=0.31)  top3=[dog=0.31, apple=0.06, look=0.05]  [PASS]
  drive noun_pool_CAT        -> top-1='cat' (cos=0.40, target='cat' cos=0.40)  top3=[cat=0.40, small=0.06, cold=0.06]  [PASS]
  drive verb_pool_GO         -> top-1='go' (cos=0.41, target='go' cos=0.41)  top3=[go=0.41, big=0.07, cold=0.06]  [PASS]
  drive verb_pool_COME       -> top-1='come' (cos=0.39, target='come' cos=0.39)  top3=[come=0.39, river=0.08, apple=0.07]  [PASS]
  drive verb_pool_STOP       -> top-1='stop' (cos=0.41, target='stop' cos=0.41)  top3=[stop=0.41, west=0.05, hot=0.05]  [PASS]
  drive verb_pool_LOOK       -> top-1='look' (cos=0.26, target='look' cos=0.26)  top3=[look=0.26, apple=0.09, go=0.07]  [PASS]
  drive adjective_pool_BIG   -> top-1='big' (cos=0.17, target='big' cos=0.17)  top3=[big=0.17, come=0.07, small=0.07]  [PASS]
  drive adjective_pool_SMALL -> top-1='small' (cos=0.28, target='small' cos=0.28)  top3=[small=0.28, river=0.08, look=0.05]  [PASS]
  drive adjective_pool_HOT   -> top-1='hot' (cos=0.28, target='hot' cos=0.28)  top3=[hot=0.28, stop=0.08, west=0.06]  [PASS]
  drive adjective_pool_COLD  -> top-1='cold' (cos=0.13, target='cold' cos=0.13)  top3=[cold=0.13, dog=0.07, look=0.07]  [PASS]

[VERDICT] 16/16 pools speak the trained word
  Wall clock: 12s

[OUT] wrote research\findings\raw\g11_bg\concept_pool_demo\seed45_v16_speak.json
[v16-MS] seed 45 : Phase 1 = 12/16, A->W = 16/16
[v16-MS] launching seed 46 training...

=== concept_pool_demo (seed=46) ===
  Architecture: 4 motor + 4 noun + 4 verb + 4 adjective = 16 pools
  Vocab: ['north', 'east', 'south', 'west'] + ['apple', 'river', 'dog', 'cat'] + ['go', 'come', 'stop', 'look'] + ['big', 'small', 'hot', 'cold']
  Train events/word: 200
[2026-05-13 20:09:06][INFO] SIM_BRIDGE: CuPy using GPU: NVIDIA GeForce RTX 3090 (24.0 GB), mempool limit: 80%
[2026-05-13 20:09:06][INFO] SIM_BRIDGE: Initializing simulation data for model: IZHIKEVICH (3D)... (playback_init: False)
[2026-05-13 20:09:06][INFO] SIM_BRIDGE: Brain-region framework: 34 regions, 7680 total neurons, 112 pathways.
[2026-05-13 20:09:06][INFO] SIM_BRIDGE: RNG initialized with seed: 46
[2026-05-13 20:09:06][INFO] SIM_BRIDGE: Initializing Izhikevich model specifics for 7680 neurons...
[2026-05-13 20:09:06][INFO] SIM_BRIDGE: Region 'language_input' (2048 neurons): using Izh type IZH2007_RS_CORTICAL_PYRAMIDAL
[2026-05-13 20:09:06][INFO] SIM_BRIDGE: Region 'motor_N' (200 neurons): using Izh type IZH2007_RS_CORTICAL_PYRAMIDAL
[2026-05-13 20:09:06][INFO] SIM_BRIDGE: Region 'motor_E' (200 neurons): using Izh type IZH2007_RS_CORTICAL_PYRAMIDAL
[2026-05-13 20:09:06][INFO] SIM_BRIDGE: Region 'motor_S' (200 neurons): using Izh type IZH2007_RS_CORTICAL_PYRAMIDAL
[2026-05-13 20:09:06][INFO] SIM_BRIDGE: Region 'motor_W' (200 neurons): using Izh type IZH2007_RS_CORTICAL_PYRAMIDAL
[2026-05-13 20:09:06][INFO] SIM_BRIDGE: Region 'language_output' (2048 neurons): using Izh type IZH2007_RS_CORTICAL_PYRAMIDAL
[2026-05-13 20:09:06][INFO] SIM_BRIDGE: Region 'motor_FS_N' (24 neurons): using Izh type IZH2007_FS_CORTICAL_INTERNEURON
[2026-05-13 20:09:06][INFO] SIM_BRIDGE: Region 'motor_FS_E' (24 neurons): using Izh type IZH2007_FS_CORTICAL_INTERNEURON
[2026-05-13 20:09:06][INFO] SIM_BRIDGE: Region 'motor_FS_S' (24 neurons): using Izh type IZH2007_FS_CORTICAL_INTERNEURON
[2026-05-13 20:09:06][INFO] SIM_BRIDGE: Region 'motor_FS_W' (24 neurons): using Izh type IZH2007_FS_CORTICAL_INTERNEURON
[2026-05-13 20:09:06][INFO] SIM_BRIDGE: Region 'noun_pool_APPLE' (200 neurons): using Izh type IZH2007_RS_CORTICAL_PYRAMIDAL
[2026-05-13 20:09:06][INFO] SIM_BRIDGE: Region 'noun_pool_RIVER' (200 neurons): using Izh type IZH2007_RS_CORTICAL_PYRAMIDAL
[2026-05-13 20:09:06][INFO] SIM_BRIDGE: Region 'noun_pool_DOG' (200 neurons): using Izh type IZH2007_RS_CORTICAL_PYRAMIDAL
[2026-05-13 20:09:06][INFO] SIM_BRIDGE: Region 'noun_pool_CAT' (200 neurons): using Izh type IZH2007_RS_CORTICAL_PYRAMIDAL
[2026-05-13 20:09:06][INFO] SIM_BRIDGE: Region 'noun_pool_APPLE_fs' (24 neurons): using Izh type IZH2007_FS_CORTICAL_INTERNEURON
[2026-05-13 20:09:06][INFO] SIM_BRIDGE: Region 'noun_pool_RIVER_fs' (24 neurons): using Izh type IZH2007_FS_CORTICAL_INTERNEURON
[2026-05-13 20:09:06][INFO] SIM_BRIDGE: Region 'noun_pool_DOG_fs' (24 neurons): using Izh type IZH2007_FS_CORTICAL_INTERNEURON
[2026-05-13 20:09:06][INFO] SIM_BRIDGE: Region 'noun_pool_CAT_fs' (24 neurons): using Izh type IZH2007_FS_CORTICAL_INTERNEURON
[2026-05-13 20:09:06][INFO] SIM_BRIDGE: Region 'verb_pool_GO' (200 neurons): using Izh type IZH2007_RS_CORTICAL_PYRAMIDAL
[2026-05-13 20:09:06][INFO] SIM_BRIDGE: Region 'verb_pool_COME' (200 neurons): using Izh type IZH2007_RS_CORTICAL_PYRAMIDAL
[2026-05-13 20:09:06][INFO] SIM_BRIDGE: Region 'verb_pool_STOP' (200 neurons): using Izh type IZH2007_RS_CORTICAL_PYRAMIDAL
[2026-05-13 20:09:06][INFO] SIM_BRIDGE: Region 'verb_pool_LOOK' (200 neurons): using Izh type IZH2007_RS_CORTICAL_PYRAMIDAL
[2026-05-13 20:09:06][INFO] SIM_BRIDGE: Region 'verb_pool_GO_fs' (24 neurons): using Izh type IZH2007_FS_CORTICAL_INTERNEURON
[2026-05-13 20:09:06][INFO] SIM_BRIDGE: Region 'verb_pool_COME_fs' (24 neurons): using Izh type IZH2007_FS_CORTICAL_INTERNEURON
[2026-05-13 20:09:06][INFO] SIM_BRIDGE: Region 'verb_pool_STOP_fs' (24 neurons): using Izh type IZH2007_FS_CORTICAL_INTERNEURON
[2026-05-13 20:09:06][INFO] SIM_BRIDGE: Region 'verb_pool_LOOK_fs' (24 neurons): using Izh type IZH2007_FS_CORTICAL_INTERNEURON
[2026-05-13 20:09:06][INFO] SIM_BRIDGE: Region 'adjective_pool_BIG' (200 neurons): using Izh type IZH2007_RS_CORTICAL_PYRAMIDAL
[2026-05-13 20:09:06][INFO] SIM_BRIDGE: Region 'adjective_pool_SMALL' (200 neurons): using Izh type IZH2007_RS_CORTICAL_PYRAMIDAL
[2026-05-13 20:09:06][INFO] SIM_BRIDGE: Region 'adjective_pool_HOT' (200 neurons): using Izh type IZH2007_RS_CORTICAL_PYRAMIDAL
[2026-05-13 20:09:06][INFO] SIM_BRIDGE: Region 'adjective_pool_COLD' (200 neurons): using Izh type IZH2007_RS_CORTICAL_PYRAMIDAL
[2026-05-13 20:09:06][INFO] SIM_BRIDGE: Region 'adjective_pool_BIG_fs' (24 neurons): using Izh type IZH2007_FS_CORTICAL_INTERNEURON
[2026-05-13 20:09:06][INFO] SIM_BRIDGE: Region 'adjective_pool_SMALL_fs' (24 neurons): using Izh type IZH2007_FS_CORTICAL_INTERNEURON
[2026-05-13 20:09:06][INFO] SIM_BRIDGE: Region 'adjective_pool_HOT_fs' (24 neurons): using Izh type IZH2007_FS_CORTICAL_INTERNEURON
[2026-05-13 20:09:06][INFO] SIM_BRIDGE: Region 'adjective_pool_COLD_fs' (24 neurons): using Izh type IZH2007_FS_CORTICAL_INTERNEURON
[2026-05-13 20:09:06][INFO] SIM_BRIDGE: Applying parameter heterogeneity to neuron parameters...
[2026-05-13 20:09:06][INFO] SIM_BRIDGE: Applied heterogeneity to 4 parameters.
[2026-05-13 20:09:06][INFO] SIM_BRIDGE: Initializing OU process state (tau=15.0ms, sigma=100.0pA)...
[2026-05-13 20:09:06][INFO] SIM_BRIDGE: Generating 3D neuron positions for 7680 neurons...
[2026-05-13 20:09:06][INFO] SIM_BRIDGE: Generating connections (brain-region framework)...
[2026-05-13 20:09:12][INFO] SIM_BRIDGE: inject_explicit_wiring: installed 4676956 synapses across 130 populations.
[2026-05-13 20:09:12][INFO] SIM_BRIDGE: Initializing eligibility traces for 4676956 synapses (capacity: 7015434, dtype: float32)...
[2026-05-13 20:09:12][INFO] SIM_BRIDGE: Initializing STDP state for 7680 neurons...
[2026-05-13 20:09:12][INFO] SIM_BRIDGE: Simulation data initialized for 7680 neurons (3D). Synapses: 4676956. GPU memory: 1.6GB/25.8GB (6.4%)
[BUILD] concept-pool bridge: 7680 neurons total, 12 concept pools (2400 neurons in pools)
[topographic-bias] Applied factor=3.00/0.30 across motor + noun + verb pools
  north->motor_N: x3.00 on 6167 edges
  east->motor_E: x3.00 on 6090 edges
  south->motor_S: x3.00 on 6250 edges
  west->motor_W: x3.00 on 6244 edges
  apple->noun_pool_APPLE: x3.00 on 6083 edges
  river->noun_pool_RIVER: x3.00 on 6002 edges
  dog->noun_pool_DOG: x3.00 on 6107 edges
  cat->noun_pool_CAT: x3.00 on 5999 edges
  go->verb_pool_GO: x3.00 on 6068 edges
  come->verb_pool_COME: x3.00 on 6104 edges
  stop->verb_pool_STOP: x3.00 on 6148 edges
  look->verb_pool_LOOK: x3.00 on 6126 edges
  big->adjective_pool_BIG: x3.00 on 6068 edges
  small->adjective_pool_SMALL: x3.00 on 6089 edges
  hot->adjective_pool_HOT: x3.00 on 6169 edges
  cold->adjective_pool_COLD: x3.00 on 6141 edges
  reciprocal_target_edges: x3.00 on 98115 edges

[TRAIN] 16 (word, pool) pairs, 200 events each = 3200 total events (interleaved)
  interleaved event 100/3200 (48s)
  interleaved event 200/3200 (85s)
  interleaved event 300/3200 (114s)
  interleaved event 400/3200 (144s)
  interleaved event 500/3200 (174s)
  interleaved event 600/3200 (204s)
  interleaved event 700/3200 (234s)
  interleaved event 800/3200 (263s)
  interleaved event 900/3200 (293s)
  interleaved event 1000/3200 (323s)
  interleaved event 1100/3200 (352s)
  interleaved event 1200/3200 (382s)
  interleaved event 1300/3200 (412s)
  interleaved event 1400/3200 (442s)
  interleaved event 1500/3200 (471s)
  interleaved event 1600/3200 (501s)
  interleaved event 1700/3200 (531s)
  interleaved event 1800/3200 (561s)
  interleaved event 1900/3200 (591s)
  interleaved event 2000/3200 (620s)
  interleaved event 2100/3200 (651s)
  interleaved event 2200/3200 (681s)
  interleaved event 2300/3200 (711s)
  interleaved event 2400/3200 (741s)
  interleaved event 2500/3200 (770s)
  interleaved event 2600/3200 (800s)
  interleaved event 2700/3200 (830s)
  interleaved event 2800/3200 (860s)
  interleaved event 2900/3200 (890s)
  interleaved event 3000/3200 (920s)
  interleaved event 3100/3200 (949s)
  interleaved event 3200/3200 (979s)

[TRAIN] complete (979s, interleaved)

[SAVE] saving bridge to research\findings\raw\g11_bg\concept_pool_demo\seed46_v16.simstate.h5
[2026-05-13 20:25:35][INFO] SIM_BRIDGE: Saving checkpoint to research\findings\raw\g11_bg\concept_pool_demo\seed46_v16.simstate.h5...
[2026-05-13 20:25:36][SUCCESS] SIM_BRIDGE: Checkpoint saved successfully to research\findings\raw\g11_bg\concept_pool_demo\seed46_v16.simstate.h5
[SAVE] checkpoint written

[EVAL] measuring cross-category isolation across 16 pools

[RESULTS] per-word cross-category isolation:
  north    -> motor_N               target=1.550  max_off=0.860 (adjective_pool_HOT)  ratio=1.80x  [PASS]
  east     -> motor_E               target=0.945  max_off=0.890 (verb_pool_LOOK)  ratio=1.06x  [PASS]
  south    -> motor_S               target=0.255  max_off=0.800 (adjective_pool_HOT)  ratio=0.32x  [FAIL]
  west     -> motor_W               target=0.980  max_off=0.945 (adjective_pool_COLD)  ratio=1.04x  [PASS]
  apple    -> noun_pool_APPLE       target=1.250  max_off=0.950 (verb_pool_LOOK)  ratio=1.32x  [PASS]
  river    -> noun_pool_RIVER       target=1.050  max_off=1.110 (motor_N)  ratio=0.95x  [FAIL]
  dog      -> noun_pool_DOG         target=0.885  max_off=0.990 (verb_pool_LOOK)  ratio=0.89x  [FAIL]
  cat      -> noun_pool_CAT         target=1.410  max_off=1.075 (motor_N)  ratio=1.31x  [PASS]
  go       -> verb_pool_GO          target=1.470  max_off=0.710 (noun_pool_RIVER)  ratio=2.07x  [PASS]
  come     -> verb_pool_COME        target=1.145  max_off=1.070 (adjective_pool_COLD)  ratio=1.07x  [PASS]
  stop     -> verb_pool_STOP        target=0.730  max_off=1.125 (noun_pool_DOG)  ratio=0.65x  [FAIL]
  look     -> verb_pool_LOOK        target=2.020  max_off=1.045 (motor_N)  ratio=1.93x  [PASS]
  big      -> adjective_pool_BIG    target=1.055  max_off=1.075 (motor_N)  ratio=0.98x  [FAIL]
  small    -> adjective_pool_SMALL  target=0.910  max_off=0.890 (adjective_pool_BIG)  ratio=1.02x  [PASS]
  hot      -> adjective_pool_HOT    target=1.730  max_off=0.905 (noun_pool_DOG)  ratio=1.91x  [PASS]
  cold     -> adjective_pool_COLD   target=1.480  max_off=0.970 (verb_pool_GO)  ratio=1.53x  [PASS]

[VERDICT] 11/16 words have correct target-pool dominance
  Total wall clock: 999s

[OUT] wrote research\findings\raw\g11_bg\concept_pool_demo\seed46_v16.json
[v16-MS] running A->W readout seed 46...

=== concept_speak_demo (seed=46) ===
  Tests A->W: drive all pools, decode 'spoken' word
[2026-05-13 20:25:45][INFO] SIM_BRIDGE: CuPy using GPU: NVIDIA GeForce RTX 3090 (24.0 GB), mempool limit: 80%
[2026-05-13 20:25:45][INFO] SIM_BRIDGE: Initializing simulation data for model: IZHIKEVICH (3D)... (playback_init: False)
[2026-05-13 20:25:45][INFO] SIM_BRIDGE: Brain-region framework: 34 regions, 7680 total neurons, 96 pathways.
[2026-05-13 20:25:45][INFO] SIM_BRIDGE: RNG initialized with seed: 46
[2026-05-13 20:25:45][INFO] SIM_BRIDGE: Initializing Izhikevich model specifics for 7680 neurons...
[2026-05-13 20:25:45][INFO] SIM_BRIDGE: Region 'language_input' (2048 neurons): using Izh type IZH2007_RS_CORTICAL_PYRAMIDAL
[2026-05-13 20:25:45][INFO] SIM_BRIDGE: Region 'motor_N' (200 neurons): using Izh type IZH2007_RS_CORTICAL_PYRAMIDAL
[2026-05-13 20:25:45][INFO] SIM_BRIDGE: Region 'motor_E' (200 neurons): using Izh type IZH2007_RS_CORTICAL_PYRAMIDAL
[2026-05-13 20:25:45][INFO] SIM_BRIDGE: Region 'motor_S' (200 neurons): using Izh type IZH2007_RS_CORTICAL_PYRAMIDAL
[2026-05-13 20:25:45][INFO] SIM_BRIDGE: Region 'motor_W' (200 neurons): using Izh type IZH2007_RS_CORTICAL_PYRAMIDAL
[2026-05-13 20:25:45][INFO] SIM_BRIDGE: Region 'language_output' (2048 neurons): using Izh type IZH2007_RS_CORTICAL_PYRAMIDAL
[2026-05-13 20:25:45][INFO] SIM_BRIDGE: Region 'motor_FS_N' (24 neurons): using Izh type IZH2007_FS_CORTICAL_INTERNEURON
[2026-05-13 20:25:45][INFO] SIM_BRIDGE: Region 'motor_FS_E' (24 neurons): using Izh type IZH2007_FS_CORTICAL_INTERNEURON
[2026-05-13 20:25:45][INFO] SIM_BRIDGE: Region 'motor_FS_S' (24 neurons): using Izh type IZH2007_FS_CORTICAL_INTERNEURON
[2026-05-13 20:25:45][INFO] SIM_BRIDGE: Region 'motor_FS_W' (24 neurons): using Izh type IZH2007_FS_CORTICAL_INTERNEURON
[2026-05-13 20:25:45][INFO] SIM_BRIDGE: Region 'noun_pool_APPLE' (200 neurons): using Izh type IZH2007_RS_CORTICAL_PYRAMIDAL
[2026-05-13 20:25:45][INFO] SIM_BRIDGE: Region 'noun_pool_RIVER' (200 neurons): using Izh type IZH2007_RS_CORTICAL_PYRAMIDAL
[2026-05-13 20:25:45][INFO] SIM_BRIDGE: Region 'noun_pool_DOG' (200 neurons): using Izh type IZH2007_RS_CORTICAL_PYRAMIDAL
[2026-05-13 20:25:45][INFO] SIM_BRIDGE: Region 'noun_pool_CAT' (200 neurons): using Izh type IZH2007_RS_CORTICAL_PYRAMIDAL
[2026-05-13 20:25:45][INFO] SIM_BRIDGE: Region 'noun_pool_APPLE_fs' (24 neurons): using Izh type IZH2007_FS_CORTICAL_INTERNEURON
[2026-05-13 20:25:45][INFO] SIM_BRIDGE: Region 'noun_pool_RIVER_fs' (24 neurons): using Izh type IZH2007_FS_CORTICAL_INTERNEURON
[2026-05-13 20:25:45][INFO] SIM_BRIDGE: Region 'noun_pool_DOG_fs' (24 neurons): using Izh type IZH2007_FS_CORTICAL_INTERNEURON
[2026-05-13 20:25:45][INFO] SIM_BRIDGE: Region 'noun_pool_CAT_fs' (24 neurons): using Izh type IZH2007_FS_CORTICAL_INTERNEURON
[2026-05-13 20:25:45][INFO] SIM_BRIDGE: Region 'verb_pool_GO' (200 neurons): using Izh type IZH2007_RS_CORTICAL_PYRAMIDAL
[2026-05-13 20:25:45][INFO] SIM_BRIDGE: Region 'verb_pool_COME' (200 neurons): using Izh type IZH2007_RS_CORTICAL_PYRAMIDAL
[2026-05-13 20:25:45][INFO] SIM_BRIDGE: Region 'verb_pool_STOP' (200 neurons): using Izh type IZH2007_RS_CORTICAL_PYRAMIDAL
[2026-05-13 20:25:45][INFO] SIM_BRIDGE: Region 'verb_pool_LOOK' (200 neurons): using Izh type IZH2007_RS_CORTICAL_PYRAMIDAL
[2026-05-13 20:25:45][INFO] SIM_BRIDGE: Region 'verb_pool_GO_fs' (24 neurons): using Izh type IZH2007_FS_CORTICAL_INTERNEURON
[2026-05-13 20:25:45][INFO] SIM_BRIDGE: Region 'verb_pool_COME_fs' (24 neurons): using Izh type IZH2007_FS_CORTICAL_INTERNEURON
[2026-05-13 20:25:45][INFO] SIM_BRIDGE: Region 'verb_pool_STOP_fs' (24 neurons): using Izh type IZH2007_FS_CORTICAL_INTERNEURON
[2026-05-13 20:25:45][INFO] SIM_BRIDGE: Region 'verb_pool_LOOK_fs' (24 neurons): using Izh type IZH2007_FS_CORTICAL_INTERNEURON
[2026-05-13 20:25:45][INFO] SIM_BRIDGE: Region 'adjective_pool_BIG' (200 neurons): using Izh type IZH2007_RS_CORTICAL_PYRAMIDAL
[2026-05-13 20:25:45][INFO] SIM_BRIDGE: Region 'adjective_pool_SMALL' (200 neurons): using Izh type IZH2007_RS_CORTICAL_PYRAMIDAL
[2026-05-13 20:25:45][INFO] SIM_BRIDGE: Region 'adjective_pool_HOT' (200 neurons): using Izh type IZH2007_RS_CORTICAL_PYRAMIDAL
[2026-05-13 20:25:45][INFO] SIM_BRIDGE: Region 'adjective_pool_COLD' (200 neurons): using Izh type IZH2007_RS_CORTICAL_PYRAMIDAL
[2026-05-13 20:25:45][INFO] SIM_BRIDGE: Region 'adjective_pool_BIG_fs' (24 neurons): using Izh type IZH2007_FS_CORTICAL_INTERNEURON
[2026-05-13 20:25:45][INFO] SIM_BRIDGE: Region 'adjective_pool_SMALL_fs' (24 neurons): using Izh type IZH2007_FS_CORTICAL_INTERNEURON
[2026-05-13 20:25:45][INFO] SIM_BRIDGE: Region 'adjective_pool_HOT_fs' (24 neurons): using Izh type IZH2007_FS_CORTICAL_INTERNEURON
[2026-05-13 20:25:45][INFO] SIM_BRIDGE: Region 'adjective_pool_COLD_fs' (24 neurons): using Izh type IZH2007_FS_CORTICAL_INTERNEURON
[2026-05-13 20:25:45][INFO] SIM_BRIDGE: Applying parameter heterogeneity to neuron parameters...
[2026-05-13 20:25:45][INFO] SIM_BRIDGE: Applied heterogeneity to 4 parameters.
[2026-05-13 20:25:45][INFO] SIM_BRIDGE: Initializing OU process state (tau=15.0ms, sigma=100.0pA)...
[2026-05-13 20:25:45][INFO] SIM_BRIDGE: Generating 3D neuron positions for 7680 neurons...
[2026-05-13 20:25:45][INFO] SIM_BRIDGE: Generating connections (brain-region framework)...
[2026-05-13 20:25:51][INFO] SIM_BRIDGE: inject_explicit_wiring: installed 4548033 synapses across 114 populations.
[2026-05-13 20:25:51][INFO] SIM_BRIDGE: Initializing eligibility traces for 4548033 synapses (capacity: 6822049, dtype: float32)...
[2026-05-13 20:25:51][INFO] SIM_BRIDGE: Initializing STDP state for 7680 neurons...
[2026-05-13 20:25:51][INFO] SIM_BRIDGE: Simulation data initialized for 7680 neurons (3D). Synapses: 4548033. GPU memory: 1.6GB/25.8GB (6.4%)
[BUILD] concept-pool bridge: 7680 neurons total, 12 concept pools (2400 neurons in pools)

[LOAD] loading checkpoint from research\findings\raw\g11_bg\concept_pool_demo\seed46_v16.simstate.h5
[2026-05-13 20:25:51][INFO] SIM_BRIDGE: Loading checkpoint from research\findings\raw\g11_bg\concept_pool_demo\seed46_v16.simstate.h5...
[2026-05-13 20:25:51][INFO] SIM_BRIDGE: Clearing simulation state and GPU memory...
[2026-05-13 20:25:51][INFO] SIM_BRIDGE: Cleared simulation state and GPU memory.
[2026-05-13 20:25:51][DEBUG] SIM_BRIDGE: Checkpoint: Dataset for 'cp_adex_w' not found or was empty. Using default.
[2026-05-13 20:25:52][DEBUG] SIM_BRIDGE: Checkpoint: Dataset for 'cp_stp_u' not found or was empty. Using default.
[2026-05-13 20:25:52][DEBUG] SIM_BRIDGE: Checkpoint: Dataset for 'cp_stp_x' not found or was empty. Using default.
[2026-05-13 20:25:52][SUCCESS] SIM_BRIDGE: Checkpoint loaded. Sim time: 0.0ms, Step: 0, Model: IZHIKEVICH

[EVAL] A->W readout for all 10 pools
  drive motor_N              -> top-1='north' (cos=0.31, target='north' cos=0.31)  top3=[north=0.31, go=0.06, small=0.03]  [PASS]
  drive motor_E              -> top-1='east' (cos=0.35, target='east' cos=0.35)  top3=[east=0.35, come=0.06, river=0.05]  [PASS]
  drive motor_S              -> top-1='south' (cos=0.29, target='south' cos=0.29)  top3=[south=0.29, stop=0.06, come=0.05]  [PASS]
  drive motor_W              -> top-1='west' (cos=0.38, target='west' cos=0.38)  top3=[west=0.38, river=0.06, stop=0.05]  [PASS]
  drive noun_pool_APPLE      -> top-1='apple' (cos=0.36, target='apple' cos=0.36)  top3=[apple=0.36, east=0.07, south=0.07]  [PASS]
  drive noun_pool_RIVER      -> top-1='river' (cos=0.37, target='river' cos=0.37)  top3=[river=0.37, west=0.05, big=0.05]  [PASS]
  drive noun_pool_DOG        -> top-1='dog' (cos=0.34, target='dog' cos=0.34)  top3=[dog=0.34, come=0.06, stop=0.06]  [PASS]
  drive noun_pool_CAT        -> top-1='cat' (cos=0.46, target='cat' cos=0.46)  top3=[cat=0.46, apple=0.07, big=0.06]  [PASS]
  drive verb_pool_GO         -> top-1='go' (cos=0.28, target='go' cos=0.28)  top3=[go=0.28, stop=0.09, east=0.07]  [PASS]
  drive verb_pool_COME       -> top-1='come' (cos=0.31, target='come' cos=0.31)  top3=[come=0.31, dog=0.07, small=0.06]  [PASS]
  drive verb_pool_STOP       -> top-1='stop' (cos=0.29, target='stop' cos=0.29)  top3=[stop=0.29, north=0.06, east=0.06]  [PASS]
  drive verb_pool_LOOK       -> top-1='look' (cos=0.31, target='look' cos=0.31)  top3=[look=0.31, hot=0.06, west=0.05]  [PASS]
  drive adjective_pool_BIG   -> top-1='big' (cos=0.34, target='big' cos=0.34)  top3=[big=0.34, north=0.08, hot=0.06]  [PASS]
  drive adjective_pool_SMALL -> top-1='small' (cos=0.39, target='small' cos=0.39)  top3=[small=0.39, apple=0.08, west=0.06]  [PASS]
  drive adjective_pool_HOT   -> top-1='hot' (cos=0.44, target='hot' cos=0.44)  top3=[hot=0.44, south=0.05, cold=0.04]  [PASS]
  drive adjective_pool_COLD  -> top-1='cold' (cos=0.27, target='cold' cos=0.27)  top3=[cold=0.27, west=0.11, stop=0.07]  [PASS]

[VERDICT] 16/16 pools speak the trained word
  Wall clock: 12s

[OUT] wrote research\findings\raw\g11_bg\concept_pool_demo\seed46_v16_speak.json
[v16-MS] seed 46 : Phase 1 = 11/16, A->W = 16/16

=== v16 multi-seed summary ===
  seed 42 : Phase 1 = 13/16    A->W=16/16
  seed 43 : Phase 1 = 12/16    A->W=16/16
  seed 44 : Phase 1 = 11/16    A->W=16/16
  seed 45 : Phase 1 = 12/16    A->W=16/16
  seed 46 : Phase 1 = 11/16    A->W=16/16
