[v8] Waiting for v7 seed 46 to complete...
[v8] V7 seed 46 done: 5/12
[v8] Applying concept_to_language_output_weight fix...
 research/runners/text_minimal_isolation.py | 3 ++-
 1 file changed, 2 insertions(+), 1 deletion(-)
[main 43a62c9] fix(concept-pools): v8 - concept_to_language_output_weight 0.5->2.0 (re-apply)
 1 file changed, 2 insertions(+), 1 deletion(-)
[v8] Fix re-applied
[v8] Launching seed 42 v8...

=== concept_pool_demo (seed=42) ===
  Architecture: 4 motor + 4 noun + 4 verb = 12 pools
  Vocab: ['north', 'east', 'south', 'west'] + ['apple', 'river', 'dog', 'cat'] + ['go', 'come', 'stop', 'look']
  Train events/word: 200
[2026-05-13 09:28:38][INFO] SIM_BRIDGE: CuPy using GPU: NVIDIA GeForce RTX 3090 (24.0 GB), mempool limit: 80%
[2026-05-13 09:28:38][INFO] SIM_BRIDGE: Initializing simulation data for model: IZHIKEVICH (3D)... (playback_init: False)
[2026-05-13 09:28:38][INFO] SIM_BRIDGE: Brain-region framework: 26 regions, 6784 total neurons, 72 pathways.
[2026-05-13 09:28:38][INFO] SIM_BRIDGE: RNG initialized with seed: 42
[2026-05-13 09:28:38][INFO] SIM_BRIDGE: Initializing Izhikevich model specifics for 6784 neurons...
[2026-05-13 09:28:38][INFO] SIM_BRIDGE: Region 'language_input' (2048 neurons): using Izh type IZH2007_RS_CORTICAL_PYRAMIDAL
[2026-05-13 09:28:38][INFO] SIM_BRIDGE: Region 'motor_N' (200 neurons): using Izh type IZH2007_RS_CORTICAL_PYRAMIDAL
[2026-05-13 09:28:38][INFO] SIM_BRIDGE: Region 'motor_E' (200 neurons): using Izh type IZH2007_RS_CORTICAL_PYRAMIDAL
[2026-05-13 09:28:38][INFO] SIM_BRIDGE: Region 'motor_S' (200 neurons): using Izh type IZH2007_RS_CORTICAL_PYRAMIDAL
[2026-05-13 09:28:38][INFO] SIM_BRIDGE: Region 'motor_W' (200 neurons): using Izh type IZH2007_RS_CORTICAL_PYRAMIDAL
[2026-05-13 09:28:38][INFO] SIM_BRIDGE: Region 'language_output' (2048 neurons): using Izh type IZH2007_RS_CORTICAL_PYRAMIDAL
[2026-05-13 09:28:38][INFO] SIM_BRIDGE: Region 'motor_FS_N' (24 neurons): using Izh type IZH2007_FS_CORTICAL_INTERNEURON
[2026-05-13 09:28:38][INFO] SIM_BRIDGE: Region 'motor_FS_E' (24 neurons): using Izh type IZH2007_FS_CORTICAL_INTERNEURON
[2026-05-13 09:28:38][INFO] SIM_BRIDGE: Region 'motor_FS_S' (24 neurons): using Izh type IZH2007_FS_CORTICAL_INTERNEURON
[2026-05-13 09:28:38][INFO] SIM_BRIDGE: Region 'motor_FS_W' (24 neurons): using Izh type IZH2007_FS_CORTICAL_INTERNEURON
[2026-05-13 09:28:38][INFO] SIM_BRIDGE: Region 'noun_pool_APPLE' (200 neurons): using Izh type IZH2007_RS_CORTICAL_PYRAMIDAL
[2026-05-13 09:28:38][INFO] SIM_BRIDGE: Region 'noun_pool_RIVER' (200 neurons): using Izh type IZH2007_RS_CORTICAL_PYRAMIDAL
[2026-05-13 09:28:38][INFO] SIM_BRIDGE: Region 'noun_pool_DOG' (200 neurons): using Izh type IZH2007_RS_CORTICAL_PYRAMIDAL
[2026-05-13 09:28:38][INFO] SIM_BRIDGE: Region 'noun_pool_CAT' (200 neurons): using Izh type IZH2007_RS_CORTICAL_PYRAMIDAL
[2026-05-13 09:28:38][INFO] SIM_BRIDGE: Region 'noun_pool_APPLE_fs' (24 neurons): using Izh type IZH2007_FS_CORTICAL_INTERNEURON
[2026-05-13 09:28:38][INFO] SIM_BRIDGE: Region 'noun_pool_RIVER_fs' (24 neurons): using Izh type IZH2007_FS_CORTICAL_INTERNEURON
[2026-05-13 09:28:38][INFO] SIM_BRIDGE: Region 'noun_pool_DOG_fs' (24 neurons): using Izh type IZH2007_FS_CORTICAL_INTERNEURON
[2026-05-13 09:28:38][INFO] SIM_BRIDGE: Region 'noun_pool_CAT_fs' (24 neurons): using Izh type IZH2007_FS_CORTICAL_INTERNEURON
[2026-05-13 09:28:38][INFO] SIM_BRIDGE: Region 'verb_pool_GO' (200 neurons): using Izh type IZH2007_RS_CORTICAL_PYRAMIDAL
[2026-05-13 09:28:38][INFO] SIM_BRIDGE: Region 'verb_pool_COME' (200 neurons): using Izh type IZH2007_RS_CORTICAL_PYRAMIDAL
[2026-05-13 09:28:38][INFO] SIM_BRIDGE: Region 'verb_pool_STOP' (200 neurons): using Izh type IZH2007_RS_CORTICAL_PYRAMIDAL
[2026-05-13 09:28:38][INFO] SIM_BRIDGE: Region 'verb_pool_LOOK' (200 neurons): using Izh type IZH2007_RS_CORTICAL_PYRAMIDAL
[2026-05-13 09:28:38][INFO] SIM_BRIDGE: Region 'verb_pool_GO_fs' (24 neurons): using Izh type IZH2007_FS_CORTICAL_INTERNEURON
[2026-05-13 09:28:38][INFO] SIM_BRIDGE: Region 'verb_pool_COME_fs' (24 neurons): using Izh type IZH2007_FS_CORTICAL_INTERNEURON
[2026-05-13 09:28:38][INFO] SIM_BRIDGE: Region 'verb_pool_STOP_fs' (24 neurons): using Izh type IZH2007_FS_CORTICAL_INTERNEURON
[2026-05-13 09:28:38][INFO] SIM_BRIDGE: Region 'verb_pool_LOOK_fs' (24 neurons): using Izh type IZH2007_FS_CORTICAL_INTERNEURON
[2026-05-13 09:28:38][INFO] SIM_BRIDGE: Applying parameter heterogeneity to neuron parameters...
[2026-05-13 09:28:38][INFO] SIM_BRIDGE: Applied heterogeneity to 4 parameters.
[2026-05-13 09:28:38][INFO] SIM_BRIDGE: Initializing OU process state (tau=15.0ms, sigma=100.0pA)...
[2026-05-13 09:28:38][INFO] SIM_BRIDGE: Generating 3D neuron positions for 6784 neurons...
[2026-05-13 09:28:38][INFO] SIM_BRIDGE: Generating connections (brain-region framework)...
[2026-05-13 09:28:43][INFO] SIM_BRIDGE: inject_explicit_wiring: installed 3516974 synapses across 86 populations.
[2026-05-13 09:28:43][INFO] SIM_BRIDGE: Initializing eligibility traces for 3516974 synapses (capacity: 5275461, dtype: float32)...
[2026-05-13 09:28:43][INFO] SIM_BRIDGE: Initializing STDP state for 6784 neurons...
[2026-05-13 09:28:43][INFO] SIM_BRIDGE: Simulation data initialized for 6784 neurons (3D). Synapses: 3516974. GPU memory: 1.6GB/25.8GB (6.1%)
[BUILD] concept-pool bridge: 6784 neurons total, 12 concept pools (2400 neurons in pools)
[topographic-bias] Applied factor=3.00/0.30 across motor + noun + verb pools
  north->motor_N: x3.00 on 12237 edges
  east->motor_E: x3.00 on 12244 edges
  south->motor_S: x3.00 on 12345 edges
  west->motor_W: x3.00 on 12332 edges
  apple->noun_pool_APPLE: x3.00 on 12182 edges
  river->noun_pool_RIVER: x3.00 on 12341 edges
  dog->noun_pool_DOG: x3.00 on 12386 edges
  cat->noun_pool_CAT: x3.00 on 12332 edges
  go->verb_pool_GO: x3.00 on 12190 edges
  come->verb_pool_COME: x3.00 on 12296 edges
  stop->verb_pool_STOP: x3.00 on 12190 edges
  look->verb_pool_LOOK: x3.00 on 12325 edges

[TRAIN] 12 (word, pool) pairs, 200 events each = 2400 total events (interleaved)
  interleaved event 100/2400 (35s)
  interleaved event 200/2400 (70s)
  interleaved event 300/2400 (105s)
  interleaved event 400/2400 (136s)
  interleaved event 500/2400 (164s)
  interleaved event 600/2400 (193s)
  interleaved event 700/2400 (222s)
  interleaved event 800/2400 (252s)
  interleaved event 900/2400 (283s)
  interleaved event 1000/2400 (313s)
  interleaved event 1100/2400 (353s)
  interleaved event 1200/2400 (382s)
  interleaved event 1300/2400 (411s)
  interleaved event 1400/2400 (440s)
  interleaved event 1500/2400 (472s)
  interleaved event 1600/2400 (502s)
  interleaved event 1700/2400 (531s)
  interleaved event 1800/2400 (559s)
  interleaved event 1900/2400 (588s)
  interleaved event 2000/2400 (617s)
  interleaved event 2100/2400 (646s)
  interleaved event 2200/2400 (675s)
  interleaved event 2300/2400 (714s)
  interleaved event 2400/2400 (743s)

[TRAIN] complete (743s, interleaved)

[SAVE] saving bridge to research\findings\raw\g11_bg\concept_pool_demo\seed42_v8.simstate.h5
[2026-05-13 09:41:09][INFO] SIM_BRIDGE: Saving checkpoint to research\findings\raw\g11_bg\concept_pool_demo\seed42_v8.simstate.h5...
[2026-05-13 09:41:10][SUCCESS] SIM_BRIDGE: Checkpoint saved successfully to research\findings\raw\g11_bg\concept_pool_demo\seed42_v8.simstate.h5
[SAVE] checkpoint written

[EVAL] measuring cross-category isolation across 12 pools

[RESULTS] per-word cross-category isolation:
  north    -> motor_N               target=1.225  max_off=1.155 (noun_pool_DOG)  ratio=1.06x  [PASS]
  east     -> motor_E               target=1.275  max_off=1.135 (noun_pool_CAT)  ratio=1.12x  [PASS]
  south    -> motor_S               target=0.680  max_off=1.250 (motor_E)  ratio=0.54x  [FAIL]
  west     -> motor_W               target=0.865  max_off=1.145 (motor_E)  ratio=0.76x  [FAIL]
  apple    -> noun_pool_APPLE       target=1.305  max_off=1.240 (noun_pool_CAT)  ratio=1.05x  [PASS]
  river    -> noun_pool_RIVER       target=0.915  max_off=0.930 (verb_pool_GO)  ratio=0.98x  [FAIL]
  dog      -> noun_pool_DOG         target=1.250  max_off=1.125 (verb_pool_COME)  ratio=1.11x  [PASS]
  cat      -> noun_pool_CAT         target=2.030  max_off=1.220 (motor_N)  ratio=1.66x  [PASS]
  go       -> verb_pool_GO          target=1.045  max_off=1.035 (noun_pool_CAT)  ratio=1.01x  [PASS]
  come     -> verb_pool_COME        target=0.910  max_off=0.965 (motor_E)  ratio=0.94x  [FAIL]
  stop     -> verb_pool_STOP        target=0.770  max_off=0.960 (noun_pool_DOG)  ratio=0.80x  [FAIL]
  look     -> verb_pool_LOOK        target=0.585  max_off=1.025 (motor_E)  ratio=0.57x  [FAIL]

[VERDICT] 6/12 words have correct target-pool dominance
  Total wall clock: 758s

[OUT] wrote research\findings\raw\g11_bg\concept_pool_demo\seed42_v8.json
[v8] Seed 42 v8 result: 6/12
[v8] Running A->W readout on v8 bridge...

=== concept_speak_demo (seed=42) ===
  Tests A->W: drive all pools, decode 'spoken' word
[2026-05-13 09:41:16][INFO] SIM_BRIDGE: CuPy using GPU: NVIDIA GeForce RTX 3090 (24.0 GB), mempool limit: 80%
[2026-05-13 09:41:16][INFO] SIM_BRIDGE: Initializing simulation data for model: IZHIKEVICH (3D)... (playback_init: False)
[2026-05-13 09:41:16][INFO] SIM_BRIDGE: Brain-region framework: 26 regions, 6784 total neurons, 72 pathways.
[2026-05-13 09:41:16][INFO] SIM_BRIDGE: RNG initialized with seed: 42
[2026-05-13 09:41:16][INFO] SIM_BRIDGE: Initializing Izhikevich model specifics for 6784 neurons...
[2026-05-13 09:41:16][INFO] SIM_BRIDGE: Region 'language_input' (2048 neurons): using Izh type IZH2007_RS_CORTICAL_PYRAMIDAL
[2026-05-13 09:41:16][INFO] SIM_BRIDGE: Region 'motor_N' (200 neurons): using Izh type IZH2007_RS_CORTICAL_PYRAMIDAL
[2026-05-13 09:41:16][INFO] SIM_BRIDGE: Region 'motor_E' (200 neurons): using Izh type IZH2007_RS_CORTICAL_PYRAMIDAL
[2026-05-13 09:41:16][INFO] SIM_BRIDGE: Region 'motor_S' (200 neurons): using Izh type IZH2007_RS_CORTICAL_PYRAMIDAL
[2026-05-13 09:41:16][INFO] SIM_BRIDGE: Region 'motor_W' (200 neurons): using Izh type IZH2007_RS_CORTICAL_PYRAMIDAL
[2026-05-13 09:41:16][INFO] SIM_BRIDGE: Region 'language_output' (2048 neurons): using Izh type IZH2007_RS_CORTICAL_PYRAMIDAL
[2026-05-13 09:41:16][INFO] SIM_BRIDGE: Region 'motor_FS_N' (24 neurons): using Izh type IZH2007_FS_CORTICAL_INTERNEURON
[2026-05-13 09:41:16][INFO] SIM_BRIDGE: Region 'motor_FS_E' (24 neurons): using Izh type IZH2007_FS_CORTICAL_INTERNEURON
[2026-05-13 09:41:16][INFO] SIM_BRIDGE: Region 'motor_FS_S' (24 neurons): using Izh type IZH2007_FS_CORTICAL_INTERNEURON
[2026-05-13 09:41:16][INFO] SIM_BRIDGE: Region 'motor_FS_W' (24 neurons): using Izh type IZH2007_FS_CORTICAL_INTERNEURON
[2026-05-13 09:41:16][INFO] SIM_BRIDGE: Region 'noun_pool_APPLE' (200 neurons): using Izh type IZH2007_RS_CORTICAL_PYRAMIDAL
[2026-05-13 09:41:16][INFO] SIM_BRIDGE: Region 'noun_pool_RIVER' (200 neurons): using Izh type IZH2007_RS_CORTICAL_PYRAMIDAL
[2026-05-13 09:41:16][INFO] SIM_BRIDGE: Region 'noun_pool_DOG' (200 neurons): using Izh type IZH2007_RS_CORTICAL_PYRAMIDAL
[2026-05-13 09:41:16][INFO] SIM_BRIDGE: Region 'noun_pool_CAT' (200 neurons): using Izh type IZH2007_RS_CORTICAL_PYRAMIDAL
[2026-05-13 09:41:16][INFO] SIM_BRIDGE: Region 'noun_pool_APPLE_fs' (24 neurons): using Izh type IZH2007_FS_CORTICAL_INTERNEURON
[2026-05-13 09:41:16][INFO] SIM_BRIDGE: Region 'noun_pool_RIVER_fs' (24 neurons): using Izh type IZH2007_FS_CORTICAL_INTERNEURON
[2026-05-13 09:41:16][INFO] SIM_BRIDGE: Region 'noun_pool_DOG_fs' (24 neurons): using Izh type IZH2007_FS_CORTICAL_INTERNEURON
[2026-05-13 09:41:16][INFO] SIM_BRIDGE: Region 'noun_pool_CAT_fs' (24 neurons): using Izh type IZH2007_FS_CORTICAL_INTERNEURON
[2026-05-13 09:41:16][INFO] SIM_BRIDGE: Region 'verb_pool_GO' (200 neurons): using Izh type IZH2007_RS_CORTICAL_PYRAMIDAL
[2026-05-13 09:41:16][INFO] SIM_BRIDGE: Region 'verb_pool_COME' (200 neurons): using Izh type IZH2007_RS_CORTICAL_PYRAMIDAL
[2026-05-13 09:41:16][INFO] SIM_BRIDGE: Region 'verb_pool_STOP' (200 neurons): using Izh type IZH2007_RS_CORTICAL_PYRAMIDAL
[2026-05-13 09:41:16][INFO] SIM_BRIDGE: Region 'verb_pool_LOOK' (200 neurons): using Izh type IZH2007_RS_CORTICAL_PYRAMIDAL
[2026-05-13 09:41:16][INFO] SIM_BRIDGE: Region 'verb_pool_GO_fs' (24 neurons): using Izh type IZH2007_FS_CORTICAL_INTERNEURON
[2026-05-13 09:41:16][INFO] SIM_BRIDGE: Region 'verb_pool_COME_fs' (24 neurons): using Izh type IZH2007_FS_CORTICAL_INTERNEURON
[2026-05-13 09:41:16][INFO] SIM_BRIDGE: Region 'verb_pool_STOP_fs' (24 neurons): using Izh type IZH2007_FS_CORTICAL_INTERNEURON
[2026-05-13 09:41:16][INFO] SIM_BRIDGE: Region 'verb_pool_LOOK_fs' (24 neurons): using Izh type IZH2007_FS_CORTICAL_INTERNEURON
[2026-05-13 09:41:16][INFO] SIM_BRIDGE: Applying parameter heterogeneity to neuron parameters...
[2026-05-13 09:41:16][INFO] SIM_BRIDGE: Applied heterogeneity to 4 parameters.
[2026-05-13 09:41:16][INFO] SIM_BRIDGE: Initializing OU process state (tau=15.0ms, sigma=100.0pA)...
[2026-05-13 09:41:16][INFO] SIM_BRIDGE: Generating 3D neuron positions for 6784 neurons...
[2026-05-13 09:41:16][INFO] SIM_BRIDGE: Generating connections (brain-region framework)...
[2026-05-13 09:41:21][INFO] SIM_BRIDGE: inject_explicit_wiring: installed 3516974 synapses across 86 populations.
[2026-05-13 09:41:21][INFO] SIM_BRIDGE: Initializing eligibility traces for 3516974 synapses (capacity: 5275461, dtype: float32)...
[2026-05-13 09:41:21][INFO] SIM_BRIDGE: Initializing STDP state for 6784 neurons...
[2026-05-13 09:41:21][INFO] SIM_BRIDGE: Simulation data initialized for 6784 neurons (3D). Synapses: 3516974. GPU memory: 1.6GB/25.8GB (6.1%)
[BUILD] concept-pool bridge: 6784 neurons total, 12 concept pools (2400 neurons in pools)

[LOAD] loading checkpoint from research\findings\raw\g11_bg\concept_pool_demo\seed42_v8.simstate.h5
[2026-05-13 09:41:21][INFO] SIM_BRIDGE: Loading checkpoint from research\findings\raw\g11_bg\concept_pool_demo\seed42_v8.simstate.h5...
[2026-05-13 09:41:21][INFO] SIM_BRIDGE: Clearing simulation state and GPU memory...
[2026-05-13 09:41:21][INFO] SIM_BRIDGE: Cleared simulation state and GPU memory.
[2026-05-13 09:41:21][DEBUG] SIM_BRIDGE: Checkpoint: Dataset for 'cp_adex_w' not found or was empty. Using default.
[2026-05-13 09:41:21][DEBUG] SIM_BRIDGE: Checkpoint: Dataset for 'cp_stp_u' not found or was empty. Using default.
[2026-05-13 09:41:21][DEBUG] SIM_BRIDGE: Checkpoint: Dataset for 'cp_stp_x' not found or was empty. Using default.
[2026-05-13 09:41:21][SUCCESS] SIM_BRIDGE: Checkpoint loaded. Sim time: 0.0ms, Step: 0, Model: IZHIKEVICH

[EVAL] A->W readout for all 10 pools
  drive motor_N              -> top-1='apple' (cos=0.07, target='north' cos=0.02)  top3=[apple=0.07, look=0.06, come=0.05]  [FAIL]
  drive motor_E              -> top-1='apple' (cos=0.12, target='east' cos=0.10)  top3=[apple=0.12, cat=0.12, stop=0.11]  [FAIL]
  drive motor_S              -> top-1='cat' (cos=0.12, target='south' cos=0.11)  top3=[cat=0.12, east=0.11, south=0.11]  [FAIL]
  drive motor_W              -> top-1='apple' (cos=0.12, target='west' cos=0.07)  top3=[apple=0.12, south=0.11, river=0.11]  [FAIL]
  drive noun_pool_APPLE      -> top-1='come' (cos=0.12, target='apple' cos=0.02)  top3=[come=0.12, look=0.09, river=0.09]  [FAIL]
  drive noun_pool_RIVER      -> top-1='dog' (cos=0.11, target='river' cos=0.10)  top3=[dog=0.11, cat=0.10, river=0.10]  [FAIL]
  drive noun_pool_DOG        -> top-1='apple' (cos=0.12, target='dog' cos=0.08)  top3=[apple=0.12, come=0.10, south=0.08]  [FAIL]
  drive noun_pool_CAT        -> top-1='west' (cos=0.08, target='cat' cos=0.05)  top3=[west=0.08, dog=0.07, come=0.07]  [FAIL]
  drive verb_pool_GO         -> top-1='stop' (cos=0.12, target='go' cos=0.07)  top3=[stop=0.12, river=0.11, north=0.10]  [FAIL]
  drive verb_pool_COME       -> top-1='west' (cos=0.12, target='come' cos=0.10)  top3=[west=0.12, go=0.12, come=0.10]  [FAIL]
  drive verb_pool_STOP       -> top-1='look' (cos=0.13, target='stop' cos=0.12)  top3=[look=0.13, stop=0.12, west=0.11]  [FAIL]
  drive verb_pool_LOOK       -> top-1='come' (cos=0.12, target='look' cos=0.08)  top3=[come=0.12, cat=0.11, apple=0.10]  [FAIL]

[VERDICT] 0/12 pools speak the trained word
  Wall clock: 10s

[OUT] wrote research\findings\raw\g11_bg\concept_pool_demo\seed42_v8_speak.json

=== v7 vs v8 comparison ===
  Phase 1 isolation: v7=6/12  v8=6/12
  Phase 3 A->W:       v7=0/12  v8=0/12
