[2026-07-14 06:13:29][INFO] SIM_BRIDGE: NumPy backend (CPU (NumPy backend), 47.7 GB RAM available)
[2026-07-14 06:13:29][INFO] SIM_BRIDGE: Initializing simulation data for model: IZHIKEVICH (3D)... (playback_init: False)
[2026-07-14 06:13:29][INFO] SIM_BRIDGE: RNG initialized with seed: 1612582080
[2026-07-14 06:13:29][INFO] SIM_BRIDGE: Initializing Izhikevich model specifics for 480 neurons...
[2026-07-14 06:13:29][INFO] SIM_BRIDGE: Applying parameter heterogeneity to neuron parameters...
[2026-07-14 06:13:29][INFO] SIM_BRIDGE: Applied heterogeneity to 4 parameters.
[2026-07-14 06:13:29][INFO] SIM_BRIDGE: Initializing OU process state (tau=15.0ms, sigma=100.0pA)...
[2026-07-14 06:13:29][INFO] SIM_BRIDGE: Generating 3D neuron positions for 480 neurons...
[2026-07-14 06:13:29][INFO] SIM_BRIDGE: Generating connections (3D)...
[2026-07-14 06:13:29][INFO] SIM_BRIDGE: Generating Watts-Strogatz 3D network (n=480, k=10, p_rewire=0.1)...
[2026-07-14 06:13:29][INFO] SIM_BRIDGE: Watts-Strogatz network complete: 4795 connections (avg degree: 10.0, expected: 10). Time: 0.02s
[2026-07-14 06:13:29][INFO] SIM_BRIDGE: Initializing STP state for 4795 synapses (capacity: 7192)...
[2026-07-14 06:13:29][INFO] SIM_BRIDGE: Initializing eligibility traces for 4795 synapses (capacity: 7192, dtype: float32)...
[2026-07-14 06:13:29][WARNING] SIM_BRIDGE: No trait info available; all synapses default to E->E STP type.
[2026-07-14 06:13:29][INFO] SIM_BRIDGE: Initializing structural plasticity state...
[2026-07-14 06:13:29][INFO] SIM_BRIDGE: Simulation data initialized for 480 neurons (3D). Synapses: 4795. GPU memory: 27.2GB/51.2GB (53.0%)
[2026-07-14 06:13:30][WARNING] SIM_BRIDGE: No trait info available; all synapses default to E->E STP type.
[2026-07-14 06:13:30][INFO] SIM_BRIDGE: inject_explicit_wiring: installed 55296 synapses across 3 populations.
[2026-07-14 06:28:22][INFO] SIM_BRIDGE: NumPy backend (CPU (NumPy backend), 47.7 GB RAM available)
[2026-07-14 06:28:22][INFO] SIM_BRIDGE: Initializing simulation data for model: IZHIKEVICH (3D)... (playback_init: False)
[2026-07-14 06:28:22][INFO] SIM_BRIDGE: RNG initialized with seed: 1613474249
[2026-07-14 06:28:22][INFO] SIM_BRIDGE: Initializing Izhikevich model specifics for 288 neurons...
[2026-07-14 06:28:22][INFO] SIM_BRIDGE: Applying parameter heterogeneity to neuron parameters...
[2026-07-14 06:28:22][INFO] SIM_BRIDGE: Applied heterogeneity to 4 parameters.
[2026-07-14 06:28:22][INFO] SIM_BRIDGE: Initializing OU process state (tau=15.0ms, sigma=100.0pA)...
[2026-07-14 06:28:22][INFO] SIM_BRIDGE: Generating 3D neuron positions for 288 neurons...
[2026-07-14 06:28:22][INFO] SIM_BRIDGE: Generating connections (3D)...
[2026-07-14 06:28:22][INFO] SIM_BRIDGE: Generating Watts-Strogatz 3D network (n=288, k=10, p_rewire=0.1)...
[2026-07-14 06:28:22][INFO] SIM_BRIDGE: Watts-Strogatz network complete: 2872 connections (avg degree: 10.0, expected: 10). Time: 0.01s
[2026-07-14 06:28:22][INFO] SIM_BRIDGE: Initializing STP state for 2872 synapses (capacity: 4308)...
[2026-07-14 06:28:22][INFO] SIM_BRIDGE: Initializing eligibility traces for 2872 synapses (capacity: 4308, dtype: float32)...
[2026-07-14 06:28:22][WARNING] SIM_BRIDGE: No trait info available; all synapses default to E->E STP type.
[2026-07-14 06:28:22][INFO] SIM_BRIDGE: Initializing structural plasticity state...
[2026-07-14 06:28:22][INFO] SIM_BRIDGE: Simulation data initialized for 288 neurons (3D). Synapses: 2872. GPU memory: 25.2GB/51.2GB (49.2%)
[2026-07-14 06:28:22][WARNING] SIM_BRIDGE: No trait info available; all synapses default to E->E STP type.
[2026-07-14 06:28:22][INFO] SIM_BRIDGE: inject_explicit_wiring: installed 18432 synapses across 2 populations.
[2026-07-14 06:32:24][INFO] SIM_BRIDGE: NumPy backend (CPU (NumPy backend), 47.7 GB RAM available)
[2026-07-14 06:32:24][INFO] SIM_BRIDGE: Initializing simulation data for model: IZHIKEVICH (3D)... (playback_init: False)
[2026-07-14 06:32:24][INFO] SIM_BRIDGE: RNG initialized with seed: 1613716956
[2026-07-14 06:32:24][INFO] SIM_BRIDGE: Initializing Izhikevich model specifics for 480 neurons...
[2026-07-14 06:32:24][INFO] SIM_BRIDGE: Applying parameter heterogeneity to neuron parameters...
[2026-07-14 06:32:24][INFO] SIM_BRIDGE: Applied heterogeneity to 4 parameters.
[2026-07-14 06:32:24][INFO] SIM_BRIDGE: Initializing OU process state (tau=15.0ms, sigma=100.0pA)...
[2026-07-14 06:32:24][INFO] SIM_BRIDGE: Generating 3D neuron positions for 480 neurons...
[2026-07-14 06:32:24][INFO] SIM_BRIDGE: Generating connections (3D)...
[2026-07-14 06:32:24][INFO] SIM_BRIDGE: Generating Watts-Strogatz 3D network (n=480, k=10, p_rewire=0.1)...
[2026-07-14 06:32:24][INFO] SIM_BRIDGE: Watts-Strogatz network complete: 4796 connections (avg degree: 10.0, expected: 10). Time: 0.02s
[2026-07-14 06:32:24][INFO] SIM_BRIDGE: Initializing STP state for 4796 synapses (capacity: 7194)...
[2026-07-14 06:32:24][INFO] SIM_BRIDGE: Initializing eligibility traces for 4796 synapses (capacity: 7194, dtype: float32)...
[2026-07-14 06:32:24][WARNING] SIM_BRIDGE: No trait info available; all synapses default to E->E STP type.
[2026-07-14 06:32:24][INFO] SIM_BRIDGE: Initializing structural plasticity state...
[2026-07-14 06:32:24][INFO] SIM_BRIDGE: Simulation data initialized for 480 neurons (3D). Synapses: 4796. GPU memory: 25.3GB/51.2GB (49.4%)
[2026-07-14 06:32:24][WARNING] SIM_BRIDGE: No trait info available; all synapses default to E->E STP type.
[2026-07-14 06:32:24][INFO] SIM_BRIDGE: inject_explicit_wiring: installed 55296 synapses across 3 populations.
[2026-07-14 06:46:01][INFO] SIM_BRIDGE: NumPy backend (CPU (NumPy backend), 47.7 GB RAM available)
[2026-07-14 06:46:01][INFO] SIM_BRIDGE: Initializing simulation data for model: IZHIKEVICH (3D)... (playback_init: False)
[2026-07-14 06:46:01][INFO] SIM_BRIDGE: RNG initialized with seed: 1614533695
[2026-07-14 06:46:01][INFO] SIM_BRIDGE: Initializing Izhikevich model specifics for 480 neurons...
[2026-07-14 06:46:01][INFO] SIM_BRIDGE: Applying parameter heterogeneity to neuron parameters...
[2026-07-14 06:46:01][INFO] SIM_BRIDGE: Applied heterogeneity to 4 parameters.
[2026-07-14 06:46:01][INFO] SIM_BRIDGE: Initializing OU process state (tau=15.0ms, sigma=100.0pA)...
[2026-07-14 06:46:01][INFO] SIM_BRIDGE: Generating 3D neuron positions for 480 neurons...
[2026-07-14 06:46:01][INFO] SIM_BRIDGE: Generating connections (3D)...
[2026-07-14 06:46:01][INFO] SIM_BRIDGE: Generating Watts-Strogatz 3D network (n=480, k=10, p_rewire=0.1)...
[2026-07-14 06:46:01][INFO] SIM_BRIDGE: Watts-Strogatz network complete: 4797 connections (avg degree: 10.0, expected: 10). Time: 0.02s
[2026-07-14 06:46:01][INFO] SIM_BRIDGE: Initializing STP state for 4797 synapses (capacity: 7195)...
[2026-07-14 06:46:01][INFO] SIM_BRIDGE: Initializing eligibility traces for 4797 synapses (capacity: 7195, dtype: float32)...
[2026-07-14 06:46:01][WARNING] SIM_BRIDGE: No trait info available; all synapses default to E->E STP type.
[2026-07-14 06:46:01][INFO] SIM_BRIDGE: Initializing structural plasticity state...
[2026-07-14 06:46:01][INFO] SIM_BRIDGE: Simulation data initialized for 480 neurons (3D). Synapses: 4797. GPU memory: 25.7GB/51.2GB (50.1%)
[2026-07-14 06:46:01][WARNING] SIM_BRIDGE: No trait info available; all synapses default to E->E STP type.
[2026-07-14 06:46:01][INFO] SIM_BRIDGE: inject_explicit_wiring: installed 55296 synapses across 3 populations.
----------------------------------------------------------------------------------------------------------------
[seed 43] chance 0.333 | STAGE0 depth-sep (rate oracle): 1-layer 0.370 vs deep-best 1.000 (gap +0.630) => DEPTH-SEPARATING True | oracle-ceiling 1.000
  ON-BRIDGE SPIKING plain-FA held-out INHERITANCE as a function of POPULATION K:
    K=8   inherit 0.259 | floor 0.111 | train 0.275 | ff-moved 193266.9 | read-SNR corr [0.140, 0.406] (mean 0.273) | TRAINS False
    [anti-cheat @K=8] permuted 0.111 (~chance 0.333) | apical-lesion 0.185 (must collapse)

================================================================================================================
[onbridge-deep-credit-population] HONEST NEGATIVE (1-seed smoke) -- population coding did NOT lift training at K in [8] AND the read-SNR corr did NOT clearly rise (+0.000). This maps toward a CREDIT-STRUCTURE residual (population would NOT fix it; the microcircuit clean-error channel is the lever) OR the smoke is too small/short to move either. K=1 reproduces the boundary (True). CONTROLLER: scale + run the microcircuit arm K-sweep + the temporal-matched control. (K=8: inh 0.259 (floor 0.111, corr 0.273, trains False))
[onbridge-deep-credit-population] wrote research/findings/raw/_dctrain/train_K8_s43.json
================================================================================================================
