[2026-07-14 06:54:07][INFO] SIM_BRIDGE: NumPy backend (CPU (NumPy backend), 47.7 GB RAM available)
[2026-07-14 06:54:07][INFO] SIM_BRIDGE: Initializing simulation data for model: IZHIKEVICH (3D)... (playback_init: False)
[2026-07-14 06:54:07][INFO] SIM_BRIDGE: RNG initialized with seed: 1615019468
[2026-07-14 06:54:07][INFO] SIM_BRIDGE: Initializing Izhikevich model specifics for 960 neurons...
[2026-07-14 06:54:07][INFO] SIM_BRIDGE: Applying parameter heterogeneity to neuron parameters...
[2026-07-14 06:54:07][INFO] SIM_BRIDGE: Applied heterogeneity to 4 parameters.
[2026-07-14 06:54:07][INFO] SIM_BRIDGE: Initializing OU process state (tau=15.0ms, sigma=100.0pA)...
[2026-07-14 06:54:07][INFO] SIM_BRIDGE: Generating 3D neuron positions for 960 neurons...
[2026-07-14 06:54:07][INFO] SIM_BRIDGE: Generating connections (3D)...
[2026-07-14 06:54:07][INFO] SIM_BRIDGE: Generating Watts-Strogatz 3D network (n=960, k=10, p_rewire=0.1)...
[2026-07-14 06:54:07][INFO] SIM_BRIDGE: Watts-Strogatz network complete: 9591 connections (avg degree: 10.0, expected: 10). Time: 0.05s
[2026-07-14 06:54:07][INFO] SIM_BRIDGE: Initializing STP state for 9591 synapses (capacity: 14386)...
[2026-07-14 06:54:07][INFO] SIM_BRIDGE: Initializing eligibility traces for 9591 synapses (capacity: 14386, dtype: float32)...
[2026-07-14 06:54:07][WARNING] SIM_BRIDGE: No trait info available; all synapses default to E->E STP type.
[2026-07-14 06:54:07][INFO] SIM_BRIDGE: Initializing structural plasticity state...
[2026-07-14 06:54:07][INFO] SIM_BRIDGE: Simulation data initialized for 960 neurons (3D). Synapses: 9591. GPU memory: 26.2GB/51.2GB (51.2%)
[2026-07-14 06:54:07][WARNING] SIM_BRIDGE: No trait info available; all synapses default to E->E STP type.
[2026-07-14 06:54:07][INFO] SIM_BRIDGE: inject_explicit_wiring: installed 221184 synapses across 3 populations.
[2026-07-14 07:36:42][INFO] SIM_BRIDGE: NumPy backend (CPU (NumPy backend), 47.7 GB RAM available)
[2026-07-14 07:36:42][INFO] SIM_BRIDGE: Initializing simulation data for model: IZHIKEVICH (3D)... (playback_init: False)
[2026-07-14 07:36:42][INFO] SIM_BRIDGE: RNG initialized with seed: 1617574333
[2026-07-14 07:36:42][INFO] SIM_BRIDGE: Initializing Izhikevich model specifics for 576 neurons...
[2026-07-14 07:36:42][INFO] SIM_BRIDGE: Applying parameter heterogeneity to neuron parameters...
[2026-07-14 07:36:42][INFO] SIM_BRIDGE: Applied heterogeneity to 4 parameters.
[2026-07-14 07:36:42][INFO] SIM_BRIDGE: Initializing OU process state (tau=15.0ms, sigma=100.0pA)...
[2026-07-14 07:36:42][INFO] SIM_BRIDGE: Generating 3D neuron positions for 576 neurons...
[2026-07-14 07:36:42][INFO] SIM_BRIDGE: Generating connections (3D)...
[2026-07-14 07:36:42][INFO] SIM_BRIDGE: Generating Watts-Strogatz 3D network (n=576, k=10, p_rewire=0.1)...
[2026-07-14 07:36:42][INFO] SIM_BRIDGE: Watts-Strogatz network complete: 5753 connections (avg degree: 10.0, expected: 10). Time: 0.01s
[2026-07-14 07:36:42][INFO] SIM_BRIDGE: Initializing STP state for 5753 synapses (capacity: 8629)...
[2026-07-14 07:36:42][INFO] SIM_BRIDGE: Initializing eligibility traces for 5753 synapses (capacity: 8629, dtype: float32)...
[2026-07-14 07:36:42][WARNING] SIM_BRIDGE: No trait info available; all synapses default to E->E STP type.
[2026-07-14 07:36:42][INFO] SIM_BRIDGE: Initializing structural plasticity state...
[2026-07-14 07:36:42][INFO] SIM_BRIDGE: Simulation data initialized for 576 neurons (3D). Synapses: 5753. GPU memory: 24.3GB/51.2GB (47.5%)
[2026-07-14 07:36:42][WARNING] SIM_BRIDGE: No trait info available; all synapses default to E->E STP type.
[2026-07-14 07:36:42][INFO] SIM_BRIDGE: inject_explicit_wiring: installed 73728 synapses across 2 populations.
[2026-07-14 07:46:11][INFO] SIM_BRIDGE: NumPy backend (CPU (NumPy backend), 47.7 GB RAM available)
[2026-07-14 07:46:11][INFO] SIM_BRIDGE: Initializing simulation data for model: IZHIKEVICH (3D)... (playback_init: False)
[2026-07-14 07:46:11][INFO] SIM_BRIDGE: RNG initialized with seed: 1618143760
[2026-07-14 07:46:11][INFO] SIM_BRIDGE: Initializing Izhikevich model specifics for 960 neurons...
[2026-07-14 07:46:11][INFO] SIM_BRIDGE: Applying parameter heterogeneity to neuron parameters...
[2026-07-14 07:46:11][INFO] SIM_BRIDGE: Applied heterogeneity to 4 parameters.
[2026-07-14 07:46:11][INFO] SIM_BRIDGE: Initializing OU process state (tau=15.0ms, sigma=100.0pA)...
[2026-07-14 07:46:11][INFO] SIM_BRIDGE: Generating 3D neuron positions for 960 neurons...
[2026-07-14 07:46:11][INFO] SIM_BRIDGE: Generating connections (3D)...
[2026-07-14 07:46:11][INFO] SIM_BRIDGE: Generating Watts-Strogatz 3D network (n=960, k=10, p_rewire=0.1)...
[2026-07-14 07:46:11][INFO] SIM_BRIDGE: Watts-Strogatz network complete: 9589 connections (avg degree: 10.0, expected: 10). Time: 0.02s
[2026-07-14 07:46:11][INFO] SIM_BRIDGE: Initializing STP state for 9589 synapses (capacity: 14383)...
[2026-07-14 07:46:11][INFO] SIM_BRIDGE: Initializing eligibility traces for 9589 synapses (capacity: 14383, dtype: float32)...
[2026-07-14 07:46:11][WARNING] SIM_BRIDGE: No trait info available; all synapses default to E->E STP type.
[2026-07-14 07:46:11][INFO] SIM_BRIDGE: Initializing structural plasticity state...
[2026-07-14 07:46:11][INFO] SIM_BRIDGE: Simulation data initialized for 960 neurons (3D). Synapses: 9589. GPU memory: 21.2GB/51.2GB (41.3%)
[2026-07-14 07:46:11][WARNING] SIM_BRIDGE: No trait info available; all synapses default to E->E STP type.
[2026-07-14 07:46:11][INFO] SIM_BRIDGE: inject_explicit_wiring: installed 221184 synapses across 3 populations.
[2026-07-14 08:10:54][INFO] SIM_BRIDGE: NumPy backend (CPU (NumPy backend), 47.7 GB RAM available)
[2026-07-14 08:10:54][INFO] SIM_BRIDGE: Initializing simulation data for model: IZHIKEVICH (3D)... (playback_init: False)
[2026-07-14 08:10:54][INFO] SIM_BRIDGE: RNG initialized with seed: 1619627003
[2026-07-14 08:10:54][INFO] SIM_BRIDGE: Initializing Izhikevich model specifics for 960 neurons...
[2026-07-14 08:10:54][INFO] SIM_BRIDGE: Applying parameter heterogeneity to neuron parameters...
[2026-07-14 08:10:54][INFO] SIM_BRIDGE: Applied heterogeneity to 4 parameters.
[2026-07-14 08:10:54][INFO] SIM_BRIDGE: Initializing OU process state (tau=15.0ms, sigma=100.0pA)...
[2026-07-14 08:10:54][INFO] SIM_BRIDGE: Generating 3D neuron positions for 960 neurons...
[2026-07-14 08:10:54][INFO] SIM_BRIDGE: Generating connections (3D)...
[2026-07-14 08:10:54][INFO] SIM_BRIDGE: Generating Watts-Strogatz 3D network (n=960, k=10, p_rewire=0.1)...
[2026-07-14 08:10:54][INFO] SIM_BRIDGE: Watts-Strogatz network complete: 9593 connections (avg degree: 10.0, expected: 10). Time: 0.02s
[2026-07-14 08:10:54][INFO] SIM_BRIDGE: Initializing STP state for 9593 synapses (capacity: 14389)...
[2026-07-14 08:10:54][INFO] SIM_BRIDGE: Initializing eligibility traces for 9593 synapses (capacity: 14389, dtype: float32)...
[2026-07-14 08:10:54][WARNING] SIM_BRIDGE: No trait info available; all synapses default to E->E STP type.
[2026-07-14 08:10:54][INFO] SIM_BRIDGE: Initializing structural plasticity state...
[2026-07-14 08:10:54][INFO] SIM_BRIDGE: Simulation data initialized for 960 neurons (3D). Synapses: 9593. GPU memory: 22.9GB/51.2GB (44.6%)
[2026-07-14 08:10:54][WARNING] SIM_BRIDGE: No trait info available; all synapses default to E->E STP type.
[2026-07-14 08:10:54][INFO] SIM_BRIDGE: inject_explicit_wiring: installed 221184 synapses across 3 populations.
----------------------------------------------------------------------------------------------------------------
[seed 43] chance 0.333 | STAGE0 depth-sep (rate oracle): 1-layer 0.370 vs deep-best 1.000 (gap +0.630) => DEPTH-SEPARATING True | oracle-ceiling 1.000
  ON-BRIDGE SPIKING plain-FA held-out INHERITANCE as a function of POPULATION K:
    K=16  inherit 0.074 | floor 0.333 | train 0.100 | ff-moved 775680.6 | read-SNR corr [0.326, 0.318] (mean 0.322) | TRAINS False
    [anti-cheat @K=16] permuted 0.037 (~chance 0.333) | apical-lesion 0.296 (must collapse)

================================================================================================================
[onbridge-deep-credit-population] HONEST NEGATIVE (1-seed smoke) -- population coding did NOT lift training at K in [16] AND the read-SNR corr did NOT clearly rise (+0.000). This maps toward a CREDIT-STRUCTURE residual (population would NOT fix it; the microcircuit clean-error channel is the lever) OR the smoke is too small/short to move either. K=1 reproduces the boundary (True). CONTROLLER: scale + run the microcircuit arm K-sweep + the temporal-matched control. (K=16: inh 0.074 (floor 0.333, corr 0.322, trains False))
[onbridge-deep-credit-population] wrote research/findings/raw/_dctrain/train_K16_s43.json
================================================================================================================
