[sc-pv] arm=sc_popvector_scr seed=42 grid=32 n_steps=1800 warmup=600 scw=18.0 sigma=5.0 gain=0.02 with_conv=False
[g11] WARN: --spiking-reward-us WITHOUT --perceived-approach-reward -> the US rides on the COORD-based reward (not coord-free). Add --perceived-approach-reward for the fully-biologized (coord-free) reward chain.
[g11 seed=42] Spiking-SNc Stage A: dopamine modulator = from_region_firing_signed over ['snc'] (tonic=220.0pA, k_r=400.0, k_v=400.0); RPE is the SNc FIRING. V = host reward_ema (Stage-A scaffold).
[2026-06-20 17:28:24][INFO] SIM_BRIDGE: CuPy using GPU: NVIDIA GeForce RTX 3090 (24.0 GB), mempool limit: 80%
[2026-06-20 17:28:24][INFO] SIM_BRIDGE: Initializing simulation data for model: IZHIKEVICH (3D)... (playback_init: False)
[2026-06-20 17:28:24][INFO] SIM_BRIDGE: Brain-region framework: 67 regions, 7702 total neurons, 146 pathways.
[2026-06-20 17:28:24][INFO] SIM_BRIDGE: RNG initialized with seed: 42
[2026-06-20 17:28:24][INFO] SIM_BRIDGE: NMDA per-region mask: 12 regions enabled (300 neurons)
[2026-06-20 17:28:24][INFO] SIM_BRIDGE: Input-divisive-norm per-region mask: 4 regions enabled (100 neurons)
[2026-06-20 17:28:24][INFO] SIM_BRIDGE: Initializing Izhikevich model specifics for 7702 neurons...
[2026-06-20 17:28:24][INFO] SIM_BRIDGE: Region 'cortex_N' (25 neurons): using Izh type IZH2007_RS_CORTICAL_PYRAMIDAL
[2026-06-20 17:28:24][INFO] SIM_BRIDGE: Region 'cortex_E' (25 neurons): using Izh type IZH2007_RS_CORTICAL_PYRAMIDAL
[2026-06-20 17:28:24][INFO] SIM_BRIDGE: Region 'cortex_S' (25 neurons): using Izh type IZH2007_RS_CORTICAL_PYRAMIDAL
[2026-06-20 17:28:24][INFO] SIM_BRIDGE: Region 'cortex_W' (25 neurons): using Izh type IZH2007_RS_CORTICAL_PYRAMIDAL
[2026-06-20 17:28:24][INFO] SIM_BRIDGE: Region 'str_D1_N' (50 neurons): using Izh type IZH2007_STRIATAL_MSN_D1
[2026-06-20 17:28:24][INFO] SIM_BRIDGE: Region 'str_D2_N' (50 neurons): using Izh type IZH2007_STRIATAL_MSN_D2
[2026-06-20 17:28:24][INFO] SIM_BRIDGE: Region 'str_D1_E' (50 neurons): using Izh type IZH2007_STRIATAL_MSN_D1
[2026-06-20 17:28:24][INFO] SIM_BRIDGE: Region 'str_D2_E' (50 neurons): using Izh type IZH2007_STRIATAL_MSN_D2
[2026-06-20 17:28:24][INFO] SIM_BRIDGE: Region 'str_D1_S' (50 neurons): using Izh type IZH2007_STRIATAL_MSN_D1
[2026-06-20 17:28:24][INFO] SIM_BRIDGE: Region 'str_D2_S' (50 neurons): using Izh type IZH2007_STRIATAL_MSN_D2
[2026-06-20 17:28:24][INFO] SIM_BRIDGE: Region 'str_D1_W' (50 neurons): using Izh type IZH2007_STRIATAL_MSN_D1
[2026-06-20 17:28:24][INFO] SIM_BRIDGE: Region 'str_D2_W' (50 neurons): using Izh type IZH2007_STRIATAL_MSN_D2
[2026-06-20 17:28:24][INFO] SIM_BRIDGE: Region 'str_PV_FSI_N' (5 neurons): using Izh type IZH2007_FS_CORTICAL_INTERNEURON
[2026-06-20 17:28:24][INFO] SIM_BRIDGE: Region 'str_PV_FSI_E' (5 neurons): using Izh type IZH2007_FS_CORTICAL_INTERNEURON
[2026-06-20 17:28:24][INFO] SIM_BRIDGE: Region 'str_PV_FSI_S' (5 neurons): using Izh type IZH2007_FS_CORTICAL_INTERNEURON
[2026-06-20 17:28:24][INFO] SIM_BRIDGE: Region 'str_PV_FSI_W' (5 neurons): using Izh type IZH2007_FS_CORTICAL_INTERNEURON
[2026-06-20 17:28:24][INFO] SIM_BRIDGE: Region 'gpe_N' (10 neurons): using Izh type IZH2007_GPE_PACEMAKER
[2026-06-20 17:28:24][INFO] SIM_BRIDGE: Region 'gpe_arky_N' (4 neurons): using Izh type IZH2007_GPE_PACEMAKER
[2026-06-20 17:28:24][INFO] SIM_BRIDGE: Region 'gpi_N' (10 neurons): using Izh type IZH2007_GPI_OUTPUT
[2026-06-20 17:28:24][INFO] SIM_BRIDGE: Region 'str_striosome_N' (8 neurons): using Izh type IZH2007_STRIATAL_MSN_D1
[2026-06-20 17:28:24][INFO] SIM_BRIDGE: Region 'gpe_E' (10 neurons): using Izh type IZH2007_GPE_PACEMAKER
[2026-06-20 17:28:24][INFO] SIM_BRIDGE: Region 'gpe_arky_E' (4 neurons): using Izh type IZH2007_GPE_PACEMAKER
[2026-06-20 17:28:24][INFO] SIM_BRIDGE: Region 'gpi_E' (10 neurons): using Izh type IZH2007_GPI_OUTPUT
[2026-06-20 17:28:24][INFO] SIM_BRIDGE: Region 'str_striosome_E' (8 neurons): using Izh type IZH2007_STRIATAL_MSN_D1
[2026-06-20 17:28:24][INFO] SIM_BRIDGE: Region 'gpe_S' (10 neurons): using Izh type IZH2007_GPE_PACEMAKER
[2026-06-20 17:28:24][INFO] SIM_BRIDGE: Region 'gpe_arky_S' (4 neurons): using Izh type IZH2007_GPE_PACEMAKER
[2026-06-20 17:28:24][INFO] SIM_BRIDGE: Region 'gpi_S' (10 neurons): using Izh type IZH2007_GPI_OUTPUT
[2026-06-20 17:28:24][INFO] SIM_BRIDGE: Region 'str_striosome_S' (8 neurons): using Izh type IZH2007_STRIATAL_MSN_D1
[2026-06-20 17:28:24][INFO] SIM_BRIDGE: Region 'gpe_W' (10 neurons): using Izh type IZH2007_GPE_PACEMAKER
[2026-06-20 17:28:24][INFO] SIM_BRIDGE: Region 'gpe_arky_W' (4 neurons): using Izh type IZH2007_GPE_PACEMAKER
[2026-06-20 17:28:24][INFO] SIM_BRIDGE: Region 'gpi_W' (10 neurons): using Izh type IZH2007_GPI_OUTPUT
[2026-06-20 17:28:24][INFO] SIM_BRIDGE: Region 'str_striosome_W' (8 neurons): using Izh type IZH2007_STRIATAL_MSN_D1
[2026-06-20 17:28:24][INFO] SIM_BRIDGE: Region 'stn' (20 neurons): using Izh type IZH2007_STN_BURST
[2026-06-20 17:28:24][INFO] SIM_BRIDGE: Region 'thal_N' (10 neurons): using Izh type IZH2007_THALAMIC_RELAY
[2026-06-20 17:28:24][INFO] SIM_BRIDGE: Region 'motor_N' (10 neurons): using Izh type IZH2007_RS_CORTICAL_PYRAMIDAL
[2026-06-20 17:28:24][INFO] SIM_BRIDGE: Region 'thal_E' (10 neurons): using Izh type IZH2007_THALAMIC_RELAY
[2026-06-20 17:28:24][INFO] SIM_BRIDGE: Region 'motor_E' (10 neurons): using Izh type IZH2007_RS_CORTICAL_PYRAMIDAL
[2026-06-20 17:28:24][INFO] SIM_BRIDGE: Region 'thal_S' (10 neurons): using Izh type IZH2007_THALAMIC_RELAY
[2026-06-20 17:28:24][INFO] SIM_BRIDGE: Region 'motor_S' (10 neurons): using Izh type IZH2007_RS_CORTICAL_PYRAMIDAL
[2026-06-20 17:28:24][INFO] SIM_BRIDGE: Region 'thal_W' (10 neurons): using Izh type IZH2007_THALAMIC_RELAY
[2026-06-20 17:28:24][INFO] SIM_BRIDGE: Region 'motor_W' (10 neurons): using Izh type IZH2007_RS_CORTICAL_PYRAMIDAL
[2026-06-20 17:28:24][INFO] SIM_BRIDGE: Region 'snc' (10 neurons): using Izh type IZH2007_DOPAMINE
[2026-06-20 17:28:24][INFO] SIM_BRIDGE: Region 'reward_us' (40 neurons): using Izh type IZH2007_RS_CORTICAL_PYRAMIDAL
[2026-06-20 17:28:24][INFO] SIM_BRIDGE: Region 'vs_place_context' (200 neurons): using Izh type IZH2007_RS_CORTICAL_PYRAMIDAL
[2026-06-20 17:28:24][INFO] SIM_BRIDGE: Region 'striosome_value' (80 neurons): using Izh type IZH2007_STRIATAL_MSN_D1
[2026-06-20 17:28:24][INFO] SIM_BRIDGE: Region 'sel_N' (40 neurons): using Izh type IZH2007_RS_CORTICAL_PYRAMIDAL
[2026-06-20 17:28:24][INFO] SIM_BRIDGE: Region 'sel_FS_N' (10 neurons): using Izh type IZH2007_FS_CORTICAL_INTERNEURON
[2026-06-20 17:28:24][INFO] SIM_BRIDGE: Region 'commit_N' (40 neurons): using Izh type IZH2007_RS_CORTICAL_PYRAMIDAL
[2026-06-20 17:28:24][INFO] SIM_BRIDGE: Region 'sel_E' (40 neurons): using Izh type IZH2007_RS_CORTICAL_PYRAMIDAL
[2026-06-20 17:28:24][INFO] SIM_BRIDGE: Region 'sel_FS_E' (10 neurons): using Izh type IZH2007_FS_CORTICAL_INTERNEURON
[2026-06-20 17:28:24][INFO] SIM_BRIDGE: Region 'commit_E' (40 neurons): using Izh type IZH2007_RS_CORTICAL_PYRAMIDAL
[2026-06-20 17:28:24][INFO] SIM_BRIDGE: Region 'sel_S' (40 neurons): using Izh type IZH2007_RS_CORTICAL_PYRAMIDAL
[2026-06-20 17:28:24][INFO] SIM_BRIDGE: Region 'sel_FS_S' (10 neurons): using Izh type IZH2007_FS_CORTICAL_INTERNEURON
[2026-06-20 17:28:24][INFO] SIM_BRIDGE: Region 'commit_S' (40 neurons): using Izh type IZH2007_RS_CORTICAL_PYRAMIDAL
[2026-06-20 17:28:24][INFO] SIM_BRIDGE: Region 'sel_W' (40 neurons): using Izh type IZH2007_RS_CORTICAL_PYRAMIDAL
[2026-06-20 17:28:24][INFO] SIM_BRIDGE: Region 'sel_FS_W' (10 neurons): using Izh type IZH2007_FS_CORTICAL_INTERNEURON
[2026-06-20 17:28:24][INFO] SIM_BRIDGE: Region 'commit_W' (40 neurons): using Izh type IZH2007_RS_CORTICAL_PYRAMIDAL
[2026-06-20 17:28:24][INFO] SIM_BRIDGE: Region 'commit_OPN' (20 neurons): using Izh type IZH2007_FS_CORTICAL_INTERNEURON
[2026-06-20 17:28:24][INFO] SIM_BRIDGE: Region 'retina' (2048 neurons): using Izh type IZH2007_RS_CORTICAL_PYRAMIDAL
[2026-06-20 17:28:24][INFO] SIM_BRIDGE: Region 'cortex_v1_simple' (1024 neurons): using Izh type IZH2007_RS_CORTICAL_PYRAMIDAL
[2026-06-20 17:28:24][INFO] SIM_BRIDGE: Region 'cortex_v1_complex' (512 neurons): using Izh type IZH2007_RS_CORTICAL_PYRAMIDAL
[2026-06-20 17:28:24][INFO] SIM_BRIDGE: Region 'cortex_v2' (256 neurons): using Izh type IZH2007_RS_CORTICAL_PYRAMIDAL
[2026-06-20 17:28:24][INFO] SIM_BRIDGE: Region 'cortex_it' (64 neurons): using Izh type IZH2007_RS_CORTICAL_PYRAMIDAL
[2026-06-20 17:28:24][INFO] SIM_BRIDGE: Region 'sc_retina' (2048 neurons): using Izh type IZH2007_RS_CORTICAL_PYRAMIDAL
[2026-06-20 17:28:24][INFO] SIM_BRIDGE: Region 'sc_map' (256 neurons): using Izh type IZH2007_RS_CORTICAL_PYRAMIDAL
[2026-06-20 17:28:24][INFO] SIM_BRIDGE: Region 'sc_fs' (12 neurons): using Izh type IZH2007_FS_CORTICAL_INTERNEURON
[2026-06-20 17:28:24][INFO] SIM_BRIDGE: Region 'sc_rostral' (24 neurons): using Izh type IZH2007_RS_CORTICAL_PYRAMIDAL
[2026-06-20 17:28:24][INFO] SIM_BRIDGE: Generating 3D neuron positions for 7702 neurons...
[2026-06-20 17:28:24][INFO] SIM_BRIDGE: Generating connections (brain-region framework)...
[2026-06-20 17:28:25][INFO] SIM_BRIDGE: inject_explicit_wiring: installed 180890 synapses across 156 populations.
[2026-06-20 17:28:25][INFO] SIM_BRIDGE: Initializing eligibility traces for 180890 synapses (capacity: 271335, dtype: float32)...
[2026-06-20 17:28:25][INFO] SIM_BRIDGE: Initialized neuromodulator subsystem with 1 modulators: ['dopamine']
[2026-06-20 17:28:25][INFO] SIM_BRIDGE: Initializing STDP state for 7702 neurons...
[2026-06-20 17:28:25][INFO] SIM_BRIDGE: Simulation data initialized for 7702 neurons (3D). Synapses: 180890. GPU memory: 1.3GB/25.8GB (5.1%)
[g11 seed=42] Cluster K v2: applied 70592 Gabor weights to retina -> cortex_v1_simple
[g11 seed=42] Cluster K v2: visual_cortex_action gate frozen until warmup
[g11] spiking SC: installed 21828 synapses (retina->sc_map 16x16 + recurrent + sc_map->cortex_NESW + sc_map->sc_rostral (N5))
[g11 seed=42] #6 SC read-out: POPULATION-VECTOR (cosine) + cortex_X divisive-norm (sigma=5.0, gain=0.02)
[g11 seed=42] N5 reward: boosted sc_rostral->reward_us to 40.0 (960 synapses)
[g11 seed=42] Spiking-SNc Stage B: NEURAL value critic ON (striosome_value n=80, vs_place_context->value w0=0.20115986466407776); r-V subtracted via GABA_B/GIRK (E_K=-90mV, prop=0.02); critic->SNc gate = OPEN (continuous, Stage 1). Host _V_scaffold DROPPED.
[g11 seed=42] BG circuit: 67 regions, 7702 neurons, 270188 synapses
[g11 seed=42] step 100/1800  pos=(7,1)  goal=(30,30)  recent_dist=56.49  action=S  reward=-1.00  actions= 23N/ 27E/ 24S/ 26W
[PROGRESS] {"kind": "step", "current": 100, "total": 1800, "phase": "seed=42", "unit": "steps", "pos": [7, 1], "goal": [30, 30], "recent_dist": 56.49, "action": "S", "reward": -1.0}
[g11 seed=42] step 200/1800  pos=(6,8)  goal=(30,30)  recent_dist=52.33  action=W  reward=-1.00  actions= 19N/ 30E/ 18S/ 33W
[PROGRESS] {"kind": "step", "current": 200, "total": 1800, "phase": "seed=42", "unit": "steps", "pos": [6, 8], "goal": [30, 30], "recent_dist": 52.33, "action": "W", "reward": -1.0}
[g11 seed=42] step 300/1800  pos=(7,16)  goal=(30,30)  recent_dist=42.93  action=E  reward=+1.00  actions= 31N/ 23E/ 23S/ 23W
[PROGRESS] {"kind": "step", "current": 300, "total": 1800, "phase": "seed=42", "unit": "steps", "pos": [7, 16], "goal": [30, 30], "recent_dist": 42.93, "action": "E", "reward": 1.0}
[g11 seed=42] step 400/1800  pos=(3,30)  goal=(30,30)  recent_dist=35.91  action=E  reward=+1.00  actions= 33N/ 19E/ 14S/ 34W
[PROGRESS] {"kind": "step", "current": 400, "total": 1800, "phase": "seed=42", "unit": "steps", "pos": [3, 30], "goal": [30, 30], "recent_dist": 35.91, "action": "E", "reward": 1.0}
[g11 seed=42] step 450: GOAL CHANGED to (1, 30)
[g11 seed=42] step 500/1800  pos=(3,28)  goal=(1,30)  recent_dist=14.73  action=S  reward=-1.00  actions= 25N/ 27E/ 21S/ 27W
[PROGRESS] {"kind": "step", "current": 500, "total": 1800, "phase": "seed=42", "unit": "steps", "pos": [3, 28], "goal": [1, 30], "recent_dist": 14.73, "action": "S", "reward": -1.0}
[g11 seed=42] step 600/1800  pos=(10,25)  goal=(1,30)  recent_dist=9.26  action=S  reward=-1.00  actions= 22N/ 30E/ 25S/ 23W
[PROGRESS] {"kind": "step", "current": 600, "total": 1800, "phase": "seed=42", "unit": "steps", "pos": [10, 25], "goal": [1, 30], "recent_dist": 9.26, "action": "S", "reward": -1.0}
[g11 seed=42] step 600: Cluster K v2 visual_cortex_action gate OPENED (warmup=600)
[g11 seed=42] step 700/1800  pos=(10,27)  goal=(1,30)  recent_dist=8.86  action=N  reward=+1.00  actions= 23N/ 28E/ 21S/ 28W
[PROGRESS] {"kind": "step", "current": 700, "total": 1800, "phase": "seed=42", "unit": "steps", "pos": [10, 27], "goal": [1, 30], "recent_dist": 8.86, "action": "N", "reward": 1.0}
[g11 seed=42] step 800/1800  pos=(9,28)  goal=(1,30)  recent_dist=12.06  action=W  reward=+1.00  actions= 23N/ 27E/ 22S/ 28W
[PROGRESS] {"kind": "step", "current": 800, "total": 1800, "phase": "seed=42", "unit": "steps", "pos": [9, 28], "goal": [1, 30], "recent_dist": 12.06, "action": "W", "reward": 1.0}
[g11 seed=42] step 900/1800  pos=(11,24)  goal=(1,30)  recent_dist=12.89  action=N  reward=+1.00  actions= 32N/ 24E/ 22S/ 22W
[PROGRESS] {"kind": "step", "current": 900, "total": 1800, "phase": "seed=42", "unit": "steps", "pos": [11, 24], "goal": [1, 30], "recent_dist": 12.89, "action": "N", "reward": 1.0}
[g11 seed=42] step 900: GOAL CHANGED to (1, 1)
[g11 seed=42] step 1000/1800  pos=(15,24)  goal=(1,1)  recent_dist=32.44  action=N  reward=-1.00  actions= 22N/ 30E/ 22S/ 26W
[PROGRESS] {"kind": "step", "current": 1000, "total": 1800, "phase": "seed=42", "unit": "steps", "pos": [15, 24], "goal": [1, 1], "recent_dist": 32.44, "action": "N", "reward": -1.0}
[g11 seed=42] step 1100/1800  pos=(17,31)  goal=(1,1)  recent_dist=46.79  action=N  reward=+0.00  actions= 26N/ 31E/ 14S/ 29W
[PROGRESS] {"kind": "step", "current": 1100, "total": 1800, "phase": "seed=42", "unit": "steps", "pos": [17, 31], "goal": [1, 1], "recent_dist": 46.79, "action": "N", "reward": 0.0}
[g11 seed=42] step 1200/1800  pos=(17,25)  goal=(1,1)  recent_dist=46.23  action=S  reward=+1.00  actions= 23N/ 28E/ 21S/ 28W
[PROGRESS] {"kind": "step", "current": 1200, "total": 1800, "phase": "seed=42", "unit": "steps", "pos": [17, 25], "goal": [1, 1], "recent_dist": 46.23, "action": "S", "reward": 1.0}
[g11 seed=42] step 1300/1800  pos=(23,31)  goal=(1,1)  recent_dist=44.05  action=E  reward=-1.00  actions= 32N/ 26E/ 22S/ 20W
[PROGRESS] {"kind": "step", "current": 1300, "total": 1800, "phase": "seed=42", "unit": "steps", "pos": [23, 31], "goal": [1, 1], "recent_dist": 44.05, "action": "E", "reward": -1.0}
[g11 seed=42] step 1350: GOAL CHANGED to (30, 1)
[g11 seed=42] step 1400/1800  pos=(15,31)  goal=(30,1)  recent_dist=45.94  action=N  reward=-1.00  actions= 32N/ 19E/ 22S/ 27W
[PROGRESS] {"kind": "step", "current": 1400, "total": 1800, "phase": "seed=42", "unit": "steps", "pos": [15, 31], "goal": [30, 1], "recent_dist": 45.94, "action": "N", "reward": -1.0}
[g11 seed=42] step 1500/1800  pos=(12,30)  goal=(30,1)  recent_dist=41.60  action=S  reward=+1.00  actions= 23N/ 27E/ 20S/ 30W
[PROGRESS] {"kind": "step", "current": 1500, "total": 1800, "phase": "seed=42", "unit": "steps", "pos": [12, 30], "goal": [30, 1], "recent_dist": 41.6, "action": "S", "reward": 1.0}
[g11 seed=42] step 1600/1800  pos=(6,25)  goal=(30,1)  recent_dist=50.11  action=S  reward=+1.00  actions= 21N/ 24E/ 25S/ 30W
[PROGRESS] {"kind": "step", "current": 1600, "total": 1800, "phase": "seed=42", "unit": "steps", "pos": [6, 25], "goal": [30, 1], "recent_dist": 50.11, "action": "S", "reward": 1.0}
[g11 seed=42] step 1700/1800  pos=(7,25)  goal=(30,1)  recent_dist=53.54  action=N  reward=-1.00  actions= 33N/ 24E/ 20S/ 23W
[PROGRESS] {"kind": "step", "current": 1700, "total": 1800, "phase": "seed=42", "unit": "steps", "pos": [7, 25], "goal": [30, 1], "recent_dist": 53.54, "action": "N", "reward": -1.0}
[g11 seed=42] step 1800/1800  pos=(11,29)  goal=(30,1)  recent_dist=49.97  action=W  reward=-1.00  actions= 37N/ 24E/ 19S/ 20W
[PROGRESS] {"kind": "step", "current": 1800, "total": 1800, "phase": "seed=42", "unit": "steps", "pos": [11, 29], "goal": [30, 1], "recent_dist": 49.97, "action": "W", "reward": -1.0}
[g11 seed=42] NAV-GATE(a) stdp_w_max=400.0  sum_finalQ=138.5044  mean_distance_overall=36.4517  actor_max_cortex_to_D1_weight=205.93601989746094

[g11 seed=42] DONE in 1402s. Phase stats:
  phase 0 goal=[30, 30] meanD=44.41 finalQ=28.94 actions=[114, 115, 91, 130]
  phase 1 goal=[1, 30] meanD=10.14 finalQ=12.77 actions=[117, 120, 99, 114]
  phase 2 goal=[1, 1] meanD=42.98 finalQ=46.83 actions=[119, 124, 89, 118]
  phase 3 goal=[30, 1] meanD=48.28 finalQ=49.96 actions=[130, 109, 96, 115]
[sc-pv] arm=sc_popvector_scr: phase0_finalQ=28.938 post_change_finalQ=['12.770', '46.832', '49.965'] (sum 109.566) gate=138.50442477876106 late_sustain=0.427
[sc-pv] arm=sc_popvector_scr per-phase dominant cardinal: ['W', 'E', 'E', 'N']
[sc-pv] arm=sc_popvector_scr per-phase action frac: [{'N': 0.253, 'E': 0.256, 'S': 0.202, 'W': 0.289}, {'N': 0.26, 'E': 0.267, 'S': 0.22, 'W': 0.253}, {'N': 0.264, 'E': 0.276, 'S': 0.198, 'W': 0.262}, {'N': 0.289, 'E': 0.242, 'S': 0.213, 'W': 0.256}]
[sc-pv] arm=sc_popvector_scr FIX1=True FIX2=False tie_break_fraction=0.3878 (698/1800)

[sc-pv] ===== POPULATION-VECTOR READ-OUT RE-ORIENT VERDICT =====
  host_phase0_finalQ: None
  host_post_change_finalQ_sum: None
  ramp_post_change_finalQ_sum: None
  popvector_post_change_finalQ_sum: None
  scramble_post_change_finalQ_sum: 109.56637168141592
  host_tracking: None
  ramp_tracking: None
  popvector_tracking: None
  scramble_tracking: {'dominant_per_phase': ['W', 'E', 'E', 'N'], 'n_distinct_dominant': 3, 'has_W_dominant_phase': True, 'has_E_dominant_phase': True, 'tracks_goal': True}
  ramp_late_sustain: None
  popvector_late_sustain: None
  popvector_fix1: None
  popvector_fix2: None
  popvector_tie_break_fraction: None
  scramble_tie_break_fraction: 0.3877777777777778
  NOTE: GO (#6 CONVERTS) if popvector_tracking.tracks_goal is True AND popvector_post_change approaches host (host_over_popvector_post_ratio ~1, vs the ramp's ~0.01) AND the SCRAMBLE lesion collapses (scramble_tracking.tracks_goal False / much worse finalQ). HONEST NEGATIVE otherwise -- report whether popvector still does NOT track (under-selective) or a deeper issue.
[sc-pv] wrote research/findings/raw/nav_gate_2a/cascade_debias/scram_fix1/scpv_summary_SCRAM_FIX1_s42.json
