[burndown-3E] seeds=[100, 101, 102] n_facts=24 n_attempts=2000 tau_pct=50.0 -- can the BRAIN GENERATE novel grounded propositions during a conversational turn, with the no-confab moat verifying every one?
  [build_real_cooccurrence] corpus=tinystories.txt (first 4000000 bytes), 4930 stories, window=+-5, repeat_cap=40
    64 vocab words; 5517 co-occurrence facts (singletons dropped); second-order pairs (within-cat, NO direct co-occur)=33
    per-word in-corpus count: dog:2361, cat:2240, bird:3344, fish:513, frog:375, bear:523, mouse:206, duck:210, apple:200, cake:458, bread:78, milk:64, egg:84, soup:92, candy:107, cookie:115, hand:229, eye:29, foot:56, head:251, hair:163, arm:65, leg:44, face:288, mom:4925, dad:941, girl:2299, boy:1938, baby:234, friend:1712, sister:126, brother:147, run:455, jump:268, walk:366, play:4257, look:961, eat:616, sleep:142, sing:174, red:908, blue:481, green:296, yellow:231, black:66, white:144, pink:158, brown:141, house:1075, park:1665, room:798, garden:431, tree:1940, road:107, school:85, beach:133, ball:2004, toy:1592, book:281, doll:268, box:1194, blocks:240, kite:133, bell:59
    per-category fact coverage (#facts touching the category): cat0:2424, cat1:765, cat2:999, cat3:2814, cat4:2204, cat5:1166, cat6:1897, cat7:1647
    [WARN] 1 word(s) below freq-floor 30: [('eye', 29)]
[2026-08-12 06:20:14][INFO] SIM_BRIDGE: CuPy using GPU: NVIDIA GeForce RTX 3090 (23.5 GB), mempool limit: 80%
[2026-08-12 06:20:14][INFO] SIM_BRIDGE: Initializing simulation data for model: IZHIKEVICH (3D)... (playback_init: False)
[2026-08-12 06:20:14][INFO] SIM_BRIDGE: RNG initialized with seed: 100
[2026-08-12 06:20:14][INFO] SIM_BRIDGE: Initializing Izhikevich model specifics for 126 neurons...
[2026-08-12 06:20:14][INFO] SIM_BRIDGE: Applying parameter heterogeneity to neuron parameters...
[2026-08-12 06:20:14][INFO] SIM_BRIDGE: Applied heterogeneity to 4 parameters.
[2026-08-12 06:20:14][INFO] SIM_BRIDGE: Initializing OU process state (tau=15.0ms, sigma=20.0pA)...
[2026-08-12 06:20:14][INFO] SIM_BRIDGE: Generating 3D neuron positions for 126 neurons...
[2026-08-12 06:20:14][INFO] SIM_BRIDGE: Generating connections (3D)...
[2026-08-12 06:20:14][INFO] SIM_BRIDGE: Simulation data initialized for 126 neurons (3D). Synapses: 0. GPU memory: 2.9GB/25.3GB (11.4%)
[2026-08-12 06:20:14][INFO] SIM_BRIDGE: inject_explicit_wiring: installed 720 synapses across 1 populations.
[2026-08-12 06:20:27][INFO] SIM_BRIDGE: CuPy using GPU: NVIDIA GeForce RTX 3090 (23.5 GB), mempool limit: 80%
[2026-08-12 06:20:27][INFO] SIM_BRIDGE: Initializing simulation data for model: IZHIKEVICH (3D)... (playback_init: False)
[2026-08-12 06:20:27][INFO] SIM_BRIDGE: RNG initialized with seed: 100
[2026-08-12 06:20:27][INFO] SIM_BRIDGE: Initializing Izhikevich model specifics for 224 neurons...
[2026-08-12 06:20:27][INFO] SIM_BRIDGE: Applying parameter heterogeneity to neuron parameters...
[2026-08-12 06:20:27][INFO] SIM_BRIDGE: Applied heterogeneity to 4 parameters.
[2026-08-12 06:20:27][INFO] SIM_BRIDGE: Initializing OU process state (tau=15.0ms, sigma=20.0pA)...
[2026-08-12 06:20:27][INFO] SIM_BRIDGE: Generating 3D neuron positions for 224 neurons...
[2026-08-12 06:20:27][INFO] SIM_BRIDGE: Generating connections (3D)...
[2026-08-12 06:20:27][INFO] SIM_BRIDGE: Simulation data initialized for 224 neurons (3D). Synapses: 0. GPU memory: 2.8GB/25.3GB (11.3%)
[2026-08-12 06:20:27][INFO] SIM_BRIDGE: inject_explicit_wiring: installed 4800 synapses across 1 populations.
[2026-08-12 06:20:45][INFO] SIM_BRIDGE: CuPy using GPU: NVIDIA GeForce RTX 3090 (23.5 GB), mempool limit: 80%
[2026-08-12 06:20:45][INFO] SIM_BRIDGE: Initializing simulation data for model: IZHIKEVICH (3D)... (playback_init: False)
[2026-08-12 06:20:45][INFO] SIM_BRIDGE: RNG initialized with seed: 100
[2026-08-12 06:20:45][INFO] SIM_BRIDGE: Initializing Izhikevich model specifics for 256 neurons...
[2026-08-12 06:20:45][INFO] SIM_BRIDGE: Applying parameter heterogeneity to neuron parameters...
[2026-08-12 06:20:45][INFO] SIM_BRIDGE: Applied heterogeneity to 4 parameters.
[2026-08-12 06:20:45][INFO] SIM_BRIDGE: Initializing OU process state (tau=15.0ms, sigma=0.0pA)...
[2026-08-12 06:20:45][INFO] SIM_BRIDGE: Generating 3D neuron positions for 256 neurons...
[2026-08-12 06:20:45][INFO] SIM_BRIDGE: Generating connections (3D)...
[2026-08-12 06:20:45][INFO] SIM_BRIDGE: Simulation data initialized for 256 neurons (3D). Synapses: 0. GPU memory: 2.9GB/25.3GB (11.4%)
[2026-08-12 06:20:45][INFO] SIM_BRIDGE: CuPy using GPU: NVIDIA GeForce RTX 3090 (23.5 GB), mempool limit: 80%
[2026-08-12 06:20:45][INFO] SIM_BRIDGE: Initializing simulation data for model: IZHIKEVICH (3D)... (playback_init: False)
[2026-08-12 06:20:45][INFO] SIM_BRIDGE: RNG initialized with seed: 100
[2026-08-12 06:20:45][INFO] SIM_BRIDGE: Initializing Izhikevich model specifics for 640 neurons...
[2026-08-12 06:20:45][INFO] SIM_BRIDGE: Applying parameter heterogeneity to neuron parameters...
[2026-08-12 06:20:45][INFO] SIM_BRIDGE: Applied heterogeneity to 4 parameters.
[2026-08-12 06:20:45][INFO] SIM_BRIDGE: Initializing OU process state (tau=15.0ms, sigma=0.0pA)...
[2026-08-12 06:20:45][INFO] SIM_BRIDGE: Generating 3D neuron positions for 640 neurons...
[2026-08-12 06:20:45][INFO] SIM_BRIDGE: Generating connections (3D)...
[2026-08-12 06:20:45][INFO] SIM_BRIDGE: Simulation data initialized for 640 neurons (3D). Synapses: 0. GPU memory: 2.9GB/25.3GB (11.4%)
[2026-08-12 06:21:02][INFO] SIM_BRIDGE: CuPy using GPU: NVIDIA GeForce RTX 3090 (23.5 GB), mempool limit: 80%
[2026-08-12 06:21:02][INFO] SIM_BRIDGE: Initializing simulation data for model: IZHIKEVICH (3D)... (playback_init: False)
[2026-08-12 06:21:02][INFO] SIM_BRIDGE: RNG initialized with seed: 1845627281
[2026-08-12 06:21:02][INFO] SIM_BRIDGE: Initializing Izhikevich model specifics for 64 neurons...
[2026-08-12 06:21:02][INFO] SIM_BRIDGE: Applying parameter heterogeneity to neuron parameters...
[2026-08-12 06:21:02][INFO] SIM_BRIDGE: Applied heterogeneity to 4 parameters.
[2026-08-12 06:21:02][INFO] SIM_BRIDGE: Initializing OU process state (tau=15.0ms, sigma=200.0pA)...
[2026-08-12 06:21:02][INFO] SIM_BRIDGE: Generating 3D neuron positions for 64 neurons...
[2026-08-12 06:21:02][INFO] SIM_BRIDGE: Generating connections (3D)...
[2026-08-12 06:21:02][INFO] SIM_BRIDGE: Simulation data initialized for 64 neurons (3D). Synapses: 0. GPU memory: 2.8GB/25.3GB (11.2%)
[2026-08-12 06:21:02][INFO] SIM_BRIDGE: CuPy using GPU: NVIDIA GeForce RTX 3090 (23.5 GB), mempool limit: 80%
[2026-08-12 06:21:02][INFO] SIM_BRIDGE: Initializing simulation data for model: IZHIKEVICH (3D)... (playback_init: False)
[2026-08-12 06:21:02][INFO] SIM_BRIDGE: RNG initialized with seed: 100
[2026-08-12 06:21:02][INFO] SIM_BRIDGE: Initializing Izhikevich model specifics for 9216 neurons...
[2026-08-12 06:21:02][INFO] SIM_BRIDGE: Applying parameter heterogeneity to neuron parameters...
[2026-08-12 06:21:02][INFO] SIM_BRIDGE: Applied heterogeneity to 4 parameters.
[2026-08-12 06:21:02][INFO] SIM_BRIDGE: Initializing OU process state (tau=15.0ms, sigma=0.0pA)...
[2026-08-12 06:21:02][INFO] SIM_BRIDGE: Generating 3D neuron positions for 9216 neurons...
[2026-08-12 06:21:02][INFO] SIM_BRIDGE: Generating connections (3D)...
[2026-08-12 06:21:02][INFO] SIM_BRIDGE: Simulation data initialized for 9216 neurons (3D). Synapses: 0. GPU memory: 2.8GB/25.3GB (11.2%)
[2026-08-12 06:23:36][INFO] SIM_BRIDGE: CuPy using GPU: NVIDIA GeForce RTX 3090 (23.5 GB), mempool limit: 80%
[2026-08-12 06:23:36][INFO] SIM_BRIDGE: Initializing simulation data for model: IZHIKEVICH (3D)... (playback_init: False)
[2026-08-12 06:23:36][INFO] SIM_BRIDGE: RNG initialized with seed: 1685876429
[2026-08-12 06:23:36][INFO] SIM_BRIDGE: Initializing Izhikevich model specifics for 64 neurons...
[2026-08-12 06:23:36][INFO] SIM_BRIDGE: Applying parameter heterogeneity to neuron parameters...
[2026-08-12 06:23:36][INFO] SIM_BRIDGE: Applied heterogeneity to 4 parameters.
[2026-08-12 06:23:36][INFO] SIM_BRIDGE: Initializing OU process state (tau=15.0ms, sigma=200.0pA)...
[2026-08-12 06:23:36][INFO] SIM_BRIDGE: Generating 3D neuron positions for 64 neurons...
[2026-08-12 06:23:36][INFO] SIM_BRIDGE: Generating connections (3D)...
[2026-08-12 06:23:36][INFO] SIM_BRIDGE: Simulation data initialized for 64 neurons (3D). Synapses: 0. GPU memory: 2.8GB/25.3GB (11.3%)

[3E seed 100] taught 24 affirmed + 12 negated SVO facts | discoverable novel-plausible universe 45 | tau(P50.0)=0.477
  (a) GENERATE: brain generated 31 distinct NOVEL propositions (novel-comp score 0.689 vs retrieval 0.0); novel-disjoint-from-store True; known-fact retrieval ABSTAINS on 31/31 (all: True)
  (b) PLAUSIBLE: replay-frac 0.393 vs random 0.0175 -> 22.5x
  (c) SHUFFLED: TRUE plausible-frac 0.0255 (must collapse toward random 0.0175, vs replay 0.393)
  (d) MOAT: hypothesis->known-fact leaks 0 (must be 0) | negated re-proposed 0 (must be 0) | untaught-cue abstention 20/20 | LESION (no plausibility gate) 193 accepted, 16% plausible
  generated hypotheses: ['perhaps brother play pink', 'perhaps fish jump bell', 'perhaps duck eat apple', 'perhaps fish sing blue', 'perhaps bird sing cake', 'perhaps dog run black', 'perhaps bird sing pink', 'perhaps duck eat cake']
[2026-08-12 06:26:04][INFO] SIM_BRIDGE: CuPy using GPU: NVIDIA GeForce RTX 3090 (23.5 GB), mempool limit: 80%
[2026-08-12 06:26:04][INFO] SIM_BRIDGE: Initializing simulation data for model: IZHIKEVICH (3D)... (playback_init: False)
[2026-08-12 06:26:04][INFO] SIM_BRIDGE: RNG initialized with seed: 101
[2026-08-12 06:26:04][INFO] SIM_BRIDGE: Initializing Izhikevich model specifics for 126 neurons...
[2026-08-12 06:26:04][INFO] SIM_BRIDGE: Applying parameter heterogeneity to neuron parameters...
[2026-08-12 06:26:04][INFO] SIM_BRIDGE: Applied heterogeneity to 4 parameters.
[2026-08-12 06:26:04][INFO] SIM_BRIDGE: Initializing OU process state (tau=15.0ms, sigma=20.0pA)...
[2026-08-12 06:26:04][INFO] SIM_BRIDGE: Generating 3D neuron positions for 126 neurons...
[2026-08-12 06:26:04][INFO] SIM_BRIDGE: Generating connections (3D)...
[2026-08-12 06:26:04][INFO] SIM_BRIDGE: Simulation data initialized for 126 neurons (3D). Synapses: 0. GPU memory: 2.9GB/25.3GB (11.3%)
[2026-08-12 06:26:04][INFO] SIM_BRIDGE: inject_explicit_wiring: installed 720 synapses across 1 populations.
[2026-08-12 06:26:16][INFO] SIM_BRIDGE: CuPy using GPU: NVIDIA GeForce RTX 3090 (23.5 GB), mempool limit: 80%
[2026-08-12 06:26:16][INFO] SIM_BRIDGE: Initializing simulation data for model: IZHIKEVICH (3D)... (playback_init: False)
[2026-08-12 06:26:16][INFO] SIM_BRIDGE: RNG initialized with seed: 101
[2026-08-12 06:26:16][INFO] SIM_BRIDGE: Initializing Izhikevich model specifics for 224 neurons...
[2026-08-12 06:26:16][INFO] SIM_BRIDGE: Applying parameter heterogeneity to neuron parameters...
[2026-08-12 06:26:16][INFO] SIM_BRIDGE: Applied heterogeneity to 4 parameters.
[2026-08-12 06:26:16][INFO] SIM_BRIDGE: Initializing OU process state (tau=15.0ms, sigma=20.0pA)...
[2026-08-12 06:26:16][INFO] SIM_BRIDGE: Generating 3D neuron positions for 224 neurons...
[2026-08-12 06:26:16][INFO] SIM_BRIDGE: Generating connections (3D)...
[2026-08-12 06:26:16][INFO] SIM_BRIDGE: Simulation data initialized for 224 neurons (3D). Synapses: 0. GPU memory: 2.9GB/25.3GB (11.3%)
[2026-08-12 06:26:16][INFO] SIM_BRIDGE: inject_explicit_wiring: installed 4800 synapses across 1 populations.
[2026-08-12 06:26:35][INFO] SIM_BRIDGE: CuPy using GPU: NVIDIA GeForce RTX 3090 (23.5 GB), mempool limit: 80%
[2026-08-12 06:26:35][INFO] SIM_BRIDGE: Initializing simulation data for model: IZHIKEVICH (3D)... (playback_init: False)
[2026-08-12 06:26:35][INFO] SIM_BRIDGE: RNG initialized with seed: 101
[2026-08-12 06:26:35][INFO] SIM_BRIDGE: Initializing Izhikevich model specifics for 256 neurons...
[2026-08-12 06:26:35][INFO] SIM_BRIDGE: Applying parameter heterogeneity to neuron parameters...
[2026-08-12 06:26:35][INFO] SIM_BRIDGE: Applied heterogeneity to 4 parameters.
[2026-08-12 06:26:35][INFO] SIM_BRIDGE: Initializing OU process state (tau=15.0ms, sigma=0.0pA)...
[2026-08-12 06:26:35][INFO] SIM_BRIDGE: Generating 3D neuron positions for 256 neurons...
[2026-08-12 06:26:35][INFO] SIM_BRIDGE: Generating connections (3D)...
[2026-08-12 06:26:35][INFO] SIM_BRIDGE: Simulation data initialized for 256 neurons (3D). Synapses: 0. GPU memory: 2.9GB/25.3GB (11.3%)
[2026-08-12 06:26:35][INFO] SIM_BRIDGE: CuPy using GPU: NVIDIA GeForce RTX 3090 (23.5 GB), mempool limit: 80%
[2026-08-12 06:26:35][INFO] SIM_BRIDGE: Initializing simulation data for model: IZHIKEVICH (3D)... (playback_init: False)
[2026-08-12 06:26:35][INFO] SIM_BRIDGE: RNG initialized with seed: 101
[2026-08-12 06:26:35][INFO] SIM_BRIDGE: Initializing Izhikevich model specifics for 640 neurons...
[2026-08-12 06:26:35][INFO] SIM_BRIDGE: Applying parameter heterogeneity to neuron parameters...
[2026-08-12 06:26:35][INFO] SIM_BRIDGE: Applied heterogeneity to 4 parameters.
[2026-08-12 06:26:35][INFO] SIM_BRIDGE: Initializing OU process state (tau=15.0ms, sigma=0.0pA)...
[2026-08-12 06:26:35][INFO] SIM_BRIDGE: Generating 3D neuron positions for 640 neurons...
[2026-08-12 06:26:35][INFO] SIM_BRIDGE: Generating connections (3D)...
[2026-08-12 06:26:35][INFO] SIM_BRIDGE: Simulation data initialized for 640 neurons (3D). Synapses: 0. GPU memory: 2.9GB/25.3GB (11.3%)
[2026-08-12 06:26:52][INFO] SIM_BRIDGE: CuPy using GPU: NVIDIA GeForce RTX 3090 (23.5 GB), mempool limit: 80%
[2026-08-12 06:26:52][INFO] SIM_BRIDGE: Initializing simulation data for model: IZHIKEVICH (3D)... (playback_init: False)
[2026-08-12 06:26:52][INFO] SIM_BRIDGE: RNG initialized with seed: 814804675
[2026-08-12 06:26:52][INFO] SIM_BRIDGE: Initializing Izhikevich model specifics for 64 neurons...
[2026-08-12 06:26:52][INFO] SIM_BRIDGE: Applying parameter heterogeneity to neuron parameters...
[2026-08-12 06:26:52][INFO] SIM_BRIDGE: Applied heterogeneity to 4 parameters.
[2026-08-12 06:26:52][INFO] SIM_BRIDGE: Initializing OU process state (tau=15.0ms, sigma=200.0pA)...
[2026-08-12 06:26:52][INFO] SIM_BRIDGE: Generating 3D neuron positions for 64 neurons...
[2026-08-12 06:26:52][INFO] SIM_BRIDGE: Generating connections (3D)...
[2026-08-12 06:26:52][INFO] SIM_BRIDGE: Simulation data initialized for 64 neurons (3D). Synapses: 0. GPU memory: 2.9GB/25.3GB (11.3%)
[2026-08-12 06:26:52][INFO] SIM_BRIDGE: CuPy using GPU: NVIDIA GeForce RTX 3090 (23.5 GB), mempool limit: 80%
[2026-08-12 06:26:52][INFO] SIM_BRIDGE: Initializing simulation data for model: IZHIKEVICH (3D)... (playback_init: False)
[2026-08-12 06:26:52][INFO] SIM_BRIDGE: RNG initialized with seed: 101
[2026-08-12 06:26:52][INFO] SIM_BRIDGE: Initializing Izhikevich model specifics for 9216 neurons...
[2026-08-12 06:26:52][INFO] SIM_BRIDGE: Applying parameter heterogeneity to neuron parameters...
[2026-08-12 06:26:52][INFO] SIM_BRIDGE: Applied heterogeneity to 4 parameters.
[2026-08-12 06:26:52][INFO] SIM_BRIDGE: Initializing OU process state (tau=15.0ms, sigma=0.0pA)...
[2026-08-12 06:26:52][INFO] SIM_BRIDGE: Generating 3D neuron positions for 9216 neurons...
[2026-08-12 06:26:52][INFO] SIM_BRIDGE: Generating connections (3D)...
[2026-08-12 06:26:52][INFO] SIM_BRIDGE: Simulation data initialized for 9216 neurons (3D). Synapses: 0. GPU memory: 2.9GB/25.3GB (11.3%)
[2026-08-12 06:29:28][INFO] SIM_BRIDGE: CuPy using GPU: NVIDIA GeForce RTX 3090 (23.5 GB), mempool limit: 80%
[2026-08-12 06:29:28][INFO] SIM_BRIDGE: Initializing simulation data for model: IZHIKEVICH (3D)... (playback_init: False)
[2026-08-12 06:29:28][INFO] SIM_BRIDGE: RNG initialized with seed: 254032890
[2026-08-12 06:29:28][INFO] SIM_BRIDGE: Initializing Izhikevich model specifics for 64 neurons...
[2026-08-12 06:29:28][INFO] SIM_BRIDGE: Applying parameter heterogeneity to neuron parameters...
[2026-08-12 06:29:28][INFO] SIM_BRIDGE: Applied heterogeneity to 4 parameters.
[2026-08-12 06:29:28][INFO] SIM_BRIDGE: Initializing OU process state (tau=15.0ms, sigma=200.0pA)...
[2026-08-12 06:29:28][INFO] SIM_BRIDGE: Generating 3D neuron positions for 64 neurons...
[2026-08-12 06:29:28][INFO] SIM_BRIDGE: Generating connections (3D)...
[2026-08-12 06:29:28][INFO] SIM_BRIDGE: Simulation data initialized for 64 neurons (3D). Synapses: 0. GPU memory: 2.9GB/25.3GB (11.3%)

[3E seed 101] taught 24 affirmed + 12 negated SVO facts | discoverable novel-plausible universe 45 | tau(P50.0)=0.477
  (a) GENERATE: brain generated 31 distinct NOVEL propositions (novel-comp score 0.689 vs retrieval 0.0); novel-disjoint-from-store True; known-fact retrieval ABSTAINS on 31/31 (all: True)
  (b) PLAUSIBLE: replay-frac 0.348 vs random 0.0235 -> 14.8x
  (c) SHUFFLED: TRUE plausible-frac 0.0205 (must collapse toward random 0.0235, vs replay 0.348)
  (d) MOAT: hypothesis->known-fact leaks 0 (must be 0) | negated re-proposed 0 (must be 0) | untaught-cue abstention 20/20 | LESION (no plausibility gate) 208 accepted, 14% plausible
  generated hypotheses: ['perhaps sister look pink', 'perhaps fish sing blue', 'perhaps fish sing doll', 'perhaps bear walk candy', 'perhaps frog jump bell', 'perhaps sister look white', 'perhaps fish sing road', 'perhaps mouse eat milk']
[2026-08-12 06:32:00][INFO] SIM_BRIDGE: CuPy using GPU: NVIDIA GeForce RTX 3090 (23.5 GB), mempool limit: 80%
[2026-08-12 06:32:00][INFO] SIM_BRIDGE: Initializing simulation data for model: IZHIKEVICH (3D)... (playback_init: False)
[2026-08-12 06:32:00][INFO] SIM_BRIDGE: RNG initialized with seed: 102
[2026-08-12 06:32:00][INFO] SIM_BRIDGE: Initializing Izhikevich model specifics for 126 neurons...
[2026-08-12 06:32:00][INFO] SIM_BRIDGE: Applying parameter heterogeneity to neuron parameters...
[2026-08-12 06:32:00][INFO] SIM_BRIDGE: Applied heterogeneity to 4 parameters.
[2026-08-12 06:32:00][INFO] SIM_BRIDGE: Initializing OU process state (tau=15.0ms, sigma=20.0pA)...
[2026-08-12 06:32:00][INFO] SIM_BRIDGE: Generating 3D neuron positions for 126 neurons...
[2026-08-12 06:32:00][INFO] SIM_BRIDGE: Generating connections (3D)...
[2026-08-12 06:32:00][INFO] SIM_BRIDGE: Simulation data initialized for 126 neurons (3D). Synapses: 0. GPU memory: 2.9GB/25.3GB (11.3%)
[2026-08-12 06:32:00][INFO] SIM_BRIDGE: inject_explicit_wiring: installed 720 synapses across 1 populations.
[2026-08-12 06:32:13][INFO] SIM_BRIDGE: CuPy using GPU: NVIDIA GeForce RTX 3090 (23.5 GB), mempool limit: 80%
[2026-08-12 06:32:13][INFO] SIM_BRIDGE: Initializing simulation data for model: IZHIKEVICH (3D)... (playback_init: False)
[2026-08-12 06:32:13][INFO] SIM_BRIDGE: RNG initialized with seed: 102
[2026-08-12 06:32:13][INFO] SIM_BRIDGE: Initializing Izhikevich model specifics for 224 neurons...
[2026-08-12 06:32:13][INFO] SIM_BRIDGE: Applying parameter heterogeneity to neuron parameters...
[2026-08-12 06:32:13][INFO] SIM_BRIDGE: Applied heterogeneity to 4 parameters.
[2026-08-12 06:32:13][INFO] SIM_BRIDGE: Initializing OU process state (tau=15.0ms, sigma=20.0pA)...
[2026-08-12 06:32:13][INFO] SIM_BRIDGE: Generating 3D neuron positions for 224 neurons...
[2026-08-12 06:32:13][INFO] SIM_BRIDGE: Generating connections (3D)...
[2026-08-12 06:32:13][INFO] SIM_BRIDGE: Simulation data initialized for 224 neurons (3D). Synapses: 0. GPU memory: 2.9GB/25.3GB (11.3%)
[2026-08-12 06:32:13][INFO] SIM_BRIDGE: inject_explicit_wiring: installed 4800 synapses across 1 populations.
[2026-08-12 06:32:31][INFO] SIM_BRIDGE: CuPy using GPU: NVIDIA GeForce RTX 3090 (23.5 GB), mempool limit: 80%
[2026-08-12 06:32:31][INFO] SIM_BRIDGE: Initializing simulation data for model: IZHIKEVICH (3D)... (playback_init: False)
[2026-08-12 06:32:31][INFO] SIM_BRIDGE: RNG initialized with seed: 102
[2026-08-12 06:32:31][INFO] SIM_BRIDGE: Initializing Izhikevich model specifics for 256 neurons...
[2026-08-12 06:32:31][INFO] SIM_BRIDGE: Applying parameter heterogeneity to neuron parameters...
[2026-08-12 06:32:31][INFO] SIM_BRIDGE: Applied heterogeneity to 4 parameters.
[2026-08-12 06:32:31][INFO] SIM_BRIDGE: Initializing OU process state (tau=15.0ms, sigma=0.0pA)...
[2026-08-12 06:32:31][INFO] SIM_BRIDGE: Generating 3D neuron positions for 256 neurons...
[2026-08-12 06:32:31][INFO] SIM_BRIDGE: Generating connections (3D)...
[2026-08-12 06:32:31][INFO] SIM_BRIDGE: Simulation data initialized for 256 neurons (3D). Synapses: 0. GPU memory: 2.9GB/25.3GB (11.3%)
[2026-08-12 06:32:32][INFO] SIM_BRIDGE: CuPy using GPU: NVIDIA GeForce RTX 3090 (23.5 GB), mempool limit: 80%
[2026-08-12 06:32:32][INFO] SIM_BRIDGE: Initializing simulation data for model: IZHIKEVICH (3D)... (playback_init: False)
[2026-08-12 06:32:32][INFO] SIM_BRIDGE: RNG initialized with seed: 102
[2026-08-12 06:32:32][INFO] SIM_BRIDGE: Initializing Izhikevich model specifics for 640 neurons...
[2026-08-12 06:32:32][INFO] SIM_BRIDGE: Applying parameter heterogeneity to neuron parameters...
[2026-08-12 06:32:32][INFO] SIM_BRIDGE: Applied heterogeneity to 4 parameters.
[2026-08-12 06:32:32][INFO] SIM_BRIDGE: Initializing OU process state (tau=15.0ms, sigma=0.0pA)...
[2026-08-12 06:32:32][INFO] SIM_BRIDGE: Generating 3D neuron positions for 640 neurons...
[2026-08-12 06:32:32][INFO] SIM_BRIDGE: Generating connections (3D)...
[2026-08-12 06:32:32][INFO] SIM_BRIDGE: Simulation data initialized for 640 neurons (3D). Synapses: 0. GPU memory: 2.9GB/25.3GB (11.3%)
[2026-08-12 06:32:49][INFO] SIM_BRIDGE: CuPy using GPU: NVIDIA GeForce RTX 3090 (23.5 GB), mempool limit: 80%
[2026-08-12 06:32:49][INFO] SIM_BRIDGE: Initializing simulation data for model: IZHIKEVICH (3D)... (playback_init: False)
[2026-08-12 06:32:49][INFO] SIM_BRIDGE: RNG initialized with seed: 529997740
[2026-08-12 06:32:49][INFO] SIM_BRIDGE: Initializing Izhikevich model specifics for 64 neurons...
[2026-08-12 06:32:49][INFO] SIM_BRIDGE: Applying parameter heterogeneity to neuron parameters...
[2026-08-12 06:32:49][INFO] SIM_BRIDGE: Applied heterogeneity to 4 parameters.
[2026-08-12 06:32:49][INFO] SIM_BRIDGE: Initializing OU process state (tau=15.0ms, sigma=200.0pA)...
[2026-08-12 06:32:49][INFO] SIM_BRIDGE: Generating 3D neuron positions for 64 neurons...
[2026-08-12 06:32:49][INFO] SIM_BRIDGE: Generating connections (3D)...
[2026-08-12 06:32:49][INFO] SIM_BRIDGE: Simulation data initialized for 64 neurons (3D). Synapses: 0. GPU memory: 2.9GB/25.3GB (11.3%)
[2026-08-12 06:32:49][INFO] SIM_BRIDGE: CuPy using GPU: NVIDIA GeForce RTX 3090 (23.5 GB), mempool limit: 80%
[2026-08-12 06:32:49][INFO] SIM_BRIDGE: Initializing simulation data for model: IZHIKEVICH (3D)... (playback_init: False)
[2026-08-12 06:32:49][INFO] SIM_BRIDGE: RNG initialized with seed: 102
[2026-08-12 06:32:49][INFO] SIM_BRIDGE: Initializing Izhikevich model specifics for 9216 neurons...
[2026-08-12 06:32:49][INFO] SIM_BRIDGE: Applying parameter heterogeneity to neuron parameters...
[2026-08-12 06:32:49][INFO] SIM_BRIDGE: Applied heterogeneity to 4 parameters.
[2026-08-12 06:32:49][INFO] SIM_BRIDGE: Initializing OU process state (tau=15.0ms, sigma=0.0pA)...
[2026-08-12 06:32:49][INFO] SIM_BRIDGE: Generating 3D neuron positions for 9216 neurons...
[2026-08-12 06:32:49][INFO] SIM_BRIDGE: Generating connections (3D)...
[2026-08-12 06:32:49][INFO] SIM_BRIDGE: Simulation data initialized for 9216 neurons (3D). Synapses: 0. GPU memory: 2.9GB/25.3GB (11.3%)
[2026-08-12 06:35:15][INFO] SIM_BRIDGE: CuPy using GPU: NVIDIA GeForce RTX 3090 (23.5 GB), mempool limit: 80%
[2026-08-12 06:35:15][INFO] SIM_BRIDGE: Initializing simulation data for model: IZHIKEVICH (3D)... (playback_init: False)
[2026-08-12 06:35:15][INFO] SIM_BRIDGE: RNG initialized with seed: 1762863759
[2026-08-12 06:35:15][INFO] SIM_BRIDGE: Initializing Izhikevich model specifics for 64 neurons...
[2026-08-12 06:35:15][INFO] SIM_BRIDGE: Applying parameter heterogeneity to neuron parameters...
[2026-08-12 06:35:15][INFO] SIM_BRIDGE: Applied heterogeneity to 4 parameters.
[2026-08-12 06:35:15][INFO] SIM_BRIDGE: Initializing OU process state (tau=15.0ms, sigma=200.0pA)...
[2026-08-12 06:35:15][INFO] SIM_BRIDGE: Generating 3D neuron positions for 64 neurons...
[2026-08-12 06:35:15][INFO] SIM_BRIDGE: Generating connections (3D)...
[2026-08-12 06:35:15][INFO] SIM_BRIDGE: Simulation data initialized for 64 neurons (3D). Synapses: 0. GPU memory: 2.8GB/25.3GB (11.3%)

[3E seed 102] taught 24 affirmed + 12 negated SVO facts | discoverable novel-plausible universe 45 | tau(P50.0)=0.477
  (a) GENERATE: brain generated 26 distinct NOVEL propositions (novel-comp score 0.578 vs retrieval 0.0); novel-disjoint-from-store True; known-fact retrieval ABSTAINS on 26/26 (all: True)
  (b) PLAUSIBLE: replay-frac 0.435 vs random 0.0180 -> 24.2x
  (c) SHUFFLED: TRUE plausible-frac 0.0380 (must collapse toward random 0.0180, vs replay 0.435)
  (d) MOAT: hypothesis->known-fact leaks 0 (must be 0) | negated re-proposed 0 (must be 0) | untaught-cue abstention 19/20 | LESION (no plausibility gate) 168 accepted, 17% plausible
  generated hypotheses: ['perhaps brother play pink', 'perhaps duck jump cookie', 'perhaps fish sing blue', 'perhaps dog run road', 'perhaps dog run cookie', 'perhaps dog run black', 'perhaps mouse eat cake', 'perhaps fish jump road']

==================================================================================================
  OVERALL VERDICT: GO
  (a) brain GENERATES novel grounded propositions: novel-comp score mean 0.652 (vs retrieval 0.0; >0 + disjoint + retrieval-abstains all seeds: True; min 26 generated)
  (b) PLAUSIBILITY ADVANTAGE: replay 0.392 vs random 0.0197 -> 20.5x (min 14.8x; >= 3.0x all: True)
  (c) SHUFFLED-GRAPH collapses: TRUE plausible-frac 0.0280 (collapses all seeds: True)
  (d) MOAT 0-CONFAB: 0 hypothesis->known leaks + 0 negated re-proposed (preserved all seeds: True); untaught-cue abstention mean 0.983 (>= 0.95 all: True); LESION plausible-frac 0.156 (floods nonsense: True)
  elapsed 1043.7s
==================================================================================================

  [saved] /home/dant123/Projects/sim/research/findings/raw/_burndown_3E_brain_owns_generation.json
[provenance] stamped 2 artifact(s) | run_id 1786530013-535400
