[burndown-3E] seeds=[42, 43, 44] n_facts=24 n_attempts=2000 tau_pct=50.0 -- can the BRAIN GENERATE novel grounded propositions during a conversational turn, with the no-confab moat verifying every one?
  [build_real_cooccurrence] corpus=tinystories.txt (first 4000000 bytes), 4930 stories, window=+-5, repeat_cap=40
    64 vocab words; 5517 co-occurrence facts (singletons dropped); second-order pairs (within-cat, NO direct co-occur)=33
    per-word in-corpus count: dog:2361, cat:2240, bird:3344, fish:513, frog:375, bear:523, mouse:206, duck:210, apple:200, cake:458, bread:78, milk:64, egg:84, soup:92, candy:107, cookie:115, hand:229, eye:29, foot:56, head:251, hair:163, arm:65, leg:44, face:288, mom:4925, dad:941, girl:2299, boy:1938, baby:234, friend:1712, sister:126, brother:147, run:455, jump:268, walk:366, play:4257, look:961, eat:616, sleep:142, sing:174, red:908, blue:481, green:296, yellow:231, black:66, white:144, pink:158, brown:141, house:1075, park:1665, room:798, garden:431, tree:1940, road:107, school:85, beach:133, ball:2004, toy:1592, book:281, doll:268, box:1194, blocks:240, kite:133, bell:59
    per-category fact coverage (#facts touching the category): cat0:2424, cat1:765, cat2:999, cat3:2814, cat4:2204, cat5:1166, cat6:1897, cat7:1647
    [WARN] 1 word(s) below freq-floor 30: [('eye', 29)]
[2026-08-12 05:51:52][INFO] SIM_BRIDGE: CuPy using GPU: NVIDIA GeForce RTX 3090 (23.5 GB), mempool limit: 80%
[2026-08-12 05:51:52][INFO] SIM_BRIDGE: Initializing simulation data for model: IZHIKEVICH (3D)... (playback_init: False)
[2026-08-12 05:51:52][INFO] SIM_BRIDGE: RNG initialized with seed: 42
[2026-08-12 05:51:52][INFO] SIM_BRIDGE: Initializing Izhikevich model specifics for 126 neurons...
[2026-08-12 05:51:52][INFO] SIM_BRIDGE: Applying parameter heterogeneity to neuron parameters...
[2026-08-12 05:51:52][INFO] SIM_BRIDGE: Applied heterogeneity to 4 parameters.
[2026-08-12 05:51:52][INFO] SIM_BRIDGE: Initializing OU process state (tau=15.0ms, sigma=20.0pA)...
[2026-08-12 05:51:52][INFO] SIM_BRIDGE: Generating 3D neuron positions for 126 neurons...
[2026-08-12 05:51:52][INFO] SIM_BRIDGE: Generating connections (3D)...
[2026-08-12 05:51:52][INFO] SIM_BRIDGE: Simulation data initialized for 126 neurons (3D). Synapses: 0. GPU memory: 3.0GB/25.3GB (11.9%)
[2026-08-12 05:51:52][INFO] SIM_BRIDGE: inject_explicit_wiring: installed 720 synapses across 1 populations.
[2026-08-12 05:52:06][INFO] SIM_BRIDGE: CuPy using GPU: NVIDIA GeForce RTX 3090 (23.5 GB), mempool limit: 80%
[2026-08-12 05:52:06][INFO] SIM_BRIDGE: Initializing simulation data for model: IZHIKEVICH (3D)... (playback_init: False)
[2026-08-12 05:52:06][INFO] SIM_BRIDGE: RNG initialized with seed: 42
[2026-08-12 05:52:06][INFO] SIM_BRIDGE: Initializing Izhikevich model specifics for 224 neurons...
[2026-08-12 05:52:06][INFO] SIM_BRIDGE: Applying parameter heterogeneity to neuron parameters...
[2026-08-12 05:52:06][INFO] SIM_BRIDGE: Applied heterogeneity to 4 parameters.
[2026-08-12 05:52:06][INFO] SIM_BRIDGE: Initializing OU process state (tau=15.0ms, sigma=20.0pA)...
[2026-08-12 05:52:06][INFO] SIM_BRIDGE: Generating 3D neuron positions for 224 neurons...
[2026-08-12 05:52:06][INFO] SIM_BRIDGE: Generating connections (3D)...
[2026-08-12 05:52:06][INFO] SIM_BRIDGE: Simulation data initialized for 224 neurons (3D). Synapses: 0. GPU memory: 3.0GB/25.3GB (12.0%)
[2026-08-12 05:52:06][INFO] SIM_BRIDGE: inject_explicit_wiring: installed 4800 synapses across 1 populations.
[2026-08-12 05:52:25][INFO] SIM_BRIDGE: CuPy using GPU: NVIDIA GeForce RTX 3090 (23.5 GB), mempool limit: 80%
[2026-08-12 05:52:25][INFO] SIM_BRIDGE: Initializing simulation data for model: IZHIKEVICH (3D)... (playback_init: False)
[2026-08-12 05:52:25][INFO] SIM_BRIDGE: RNG initialized with seed: 42
[2026-08-12 05:52:25][INFO] SIM_BRIDGE: Initializing Izhikevich model specifics for 256 neurons...
[2026-08-12 05:52:25][INFO] SIM_BRIDGE: Applying parameter heterogeneity to neuron parameters...
[2026-08-12 05:52:25][INFO] SIM_BRIDGE: Applied heterogeneity to 4 parameters.
[2026-08-12 05:52:25][INFO] SIM_BRIDGE: Initializing OU process state (tau=15.0ms, sigma=0.0pA)...
[2026-08-12 05:52:25][INFO] SIM_BRIDGE: Generating 3D neuron positions for 256 neurons...
[2026-08-12 05:52:25][INFO] SIM_BRIDGE: Generating connections (3D)...
[2026-08-12 05:52:25][INFO] SIM_BRIDGE: Simulation data initialized for 256 neurons (3D). Synapses: 0. GPU memory: 3.0GB/25.3GB (11.9%)
[2026-08-12 05:52:25][INFO] SIM_BRIDGE: CuPy using GPU: NVIDIA GeForce RTX 3090 (23.5 GB), mempool limit: 80%
[2026-08-12 05:52:25][INFO] SIM_BRIDGE: Initializing simulation data for model: IZHIKEVICH (3D)... (playback_init: False)
[2026-08-12 05:52:25][INFO] SIM_BRIDGE: RNG initialized with seed: 42
[2026-08-12 05:52:25][INFO] SIM_BRIDGE: Initializing Izhikevich model specifics for 640 neurons...
[2026-08-12 05:52:25][INFO] SIM_BRIDGE: Applying parameter heterogeneity to neuron parameters...
[2026-08-12 05:52:25][INFO] SIM_BRIDGE: Applied heterogeneity to 4 parameters.
[2026-08-12 05:52:25][INFO] SIM_BRIDGE: Initializing OU process state (tau=15.0ms, sigma=0.0pA)...
[2026-08-12 05:52:25][INFO] SIM_BRIDGE: Generating 3D neuron positions for 640 neurons...
[2026-08-12 05:52:25][INFO] SIM_BRIDGE: Generating connections (3D)...
[2026-08-12 05:52:25][INFO] SIM_BRIDGE: Simulation data initialized for 640 neurons (3D). Synapses: 0. GPU memory: 3.0GB/25.3GB (11.9%)
[2026-08-12 05:52:42][INFO] SIM_BRIDGE: CuPy using GPU: NVIDIA GeForce RTX 3090 (23.5 GB), mempool limit: 80%
[2026-08-12 05:52:42][INFO] SIM_BRIDGE: Initializing simulation data for model: IZHIKEVICH (3D)... (playback_init: False)
[2026-08-12 05:52:42][INFO] SIM_BRIDGE: RNG initialized with seed: 282566821
[2026-08-12 05:52:42][INFO] SIM_BRIDGE: Initializing Izhikevich model specifics for 64 neurons...
[2026-08-12 05:52:42][INFO] SIM_BRIDGE: Applying parameter heterogeneity to neuron parameters...
[2026-08-12 05:52:42][INFO] SIM_BRIDGE: Applied heterogeneity to 4 parameters.
[2026-08-12 05:52:42][INFO] SIM_BRIDGE: Initializing OU process state (tau=15.0ms, sigma=200.0pA)...
[2026-08-12 05:52:42][INFO] SIM_BRIDGE: Generating 3D neuron positions for 64 neurons...
[2026-08-12 05:52:42][INFO] SIM_BRIDGE: Generating connections (3D)...
[2026-08-12 05:52:42][INFO] SIM_BRIDGE: Simulation data initialized for 64 neurons (3D). Synapses: 0. GPU memory: 3.0GB/25.3GB (12.0%)
[2026-08-12 05:52:42][INFO] SIM_BRIDGE: CuPy using GPU: NVIDIA GeForce RTX 3090 (23.5 GB), mempool limit: 80%
[2026-08-12 05:52:42][INFO] SIM_BRIDGE: Initializing simulation data for model: IZHIKEVICH (3D)... (playback_init: False)
[2026-08-12 05:52:42][INFO] SIM_BRIDGE: RNG initialized with seed: 42
[2026-08-12 05:52:42][INFO] SIM_BRIDGE: Initializing Izhikevich model specifics for 9216 neurons...
[2026-08-12 05:52:42][INFO] SIM_BRIDGE: Applying parameter heterogeneity to neuron parameters...
[2026-08-12 05:52:42][INFO] SIM_BRIDGE: Applied heterogeneity to 4 parameters.
[2026-08-12 05:52:42][INFO] SIM_BRIDGE: Initializing OU process state (tau=15.0ms, sigma=0.0pA)...
[2026-08-12 05:52:42][INFO] SIM_BRIDGE: Generating 3D neuron positions for 9216 neurons...
[2026-08-12 05:52:42][INFO] SIM_BRIDGE: Generating connections (3D)...
[2026-08-12 05:52:42][INFO] SIM_BRIDGE: Simulation data initialized for 9216 neurons (3D). Synapses: 0. GPU memory: 3.0GB/25.3GB (12.0%)
[2026-08-12 05:55:13][INFO] SIM_BRIDGE: CuPy using GPU: NVIDIA GeForce RTX 3090 (23.5 GB), mempool limit: 80%
[2026-08-12 05:55:13][INFO] SIM_BRIDGE: Initializing simulation data for model: IZHIKEVICH (3D)... (playback_init: False)
[2026-08-12 05:55:13][INFO] SIM_BRIDGE: RNG initialized with seed: 29230443
[2026-08-12 05:55:13][INFO] SIM_BRIDGE: Initializing Izhikevich model specifics for 64 neurons...
[2026-08-12 05:55:13][INFO] SIM_BRIDGE: Applying parameter heterogeneity to neuron parameters...
[2026-08-12 05:55:13][INFO] SIM_BRIDGE: Applied heterogeneity to 4 parameters.
[2026-08-12 05:55:13][INFO] SIM_BRIDGE: Initializing OU process state (tau=15.0ms, sigma=200.0pA)...
[2026-08-12 05:55:13][INFO] SIM_BRIDGE: Generating 3D neuron positions for 64 neurons...
[2026-08-12 05:55:13][INFO] SIM_BRIDGE: Generating connections (3D)...
[2026-08-12 05:55:13][INFO] SIM_BRIDGE: Simulation data initialized for 64 neurons (3D). Synapses: 0. GPU memory: 3.0GB/25.3GB (11.8%)

[3E seed 42] taught 24 affirmed + 12 negated SVO facts | discoverable novel-plausible universe 45 | tau(P50.0)=0.477
  (a) GENERATE: brain generated 26 distinct NOVEL propositions (novel-comp score 0.578 vs retrieval 0.0); novel-disjoint-from-store True; known-fact retrieval ABSTAINS on 26/26 (all: True)
  (b) PLAUSIBLE: replay-frac 0.296 vs random 0.0203 -> 14.5x
  (c) SHUFFLED: TRUE plausible-frac 0.0215 (must collapse toward random 0.0203, vs replay 0.296)
  (d) MOAT: hypothesis->known-fact leaks 0 (must be 0) | negated re-proposed 0 (must be 0) | untaught-cue abstention 20/20 | LESION (no plausibility gate) 161 accepted, 16% plausible
  generated hypotheses: ['perhaps bear walk foot', 'perhaps sister look road', 'perhaps frog jump green', 'perhaps cat sleep blocks', 'perhaps cat sleep blue', 'perhaps frog play green', 'perhaps bird sing blue', 'perhaps cat sleep house']
[2026-08-12 05:57:36][INFO] SIM_BRIDGE: CuPy using GPU: NVIDIA GeForce RTX 3090 (23.5 GB), mempool limit: 80%
[2026-08-12 05:57:36][INFO] SIM_BRIDGE: Initializing simulation data for model: IZHIKEVICH (3D)... (playback_init: False)
[2026-08-12 05:57:36][INFO] SIM_BRIDGE: RNG initialized with seed: 43
[2026-08-12 05:57:36][INFO] SIM_BRIDGE: Initializing Izhikevich model specifics for 126 neurons...
[2026-08-12 05:57:36][INFO] SIM_BRIDGE: Applying parameter heterogeneity to neuron parameters...
[2026-08-12 05:57:36][INFO] SIM_BRIDGE: Applied heterogeneity to 4 parameters.
[2026-08-12 05:57:36][INFO] SIM_BRIDGE: Initializing OU process state (tau=15.0ms, sigma=20.0pA)...
[2026-08-12 05:57:36][INFO] SIM_BRIDGE: Generating 3D neuron positions for 126 neurons...
[2026-08-12 05:57:36][INFO] SIM_BRIDGE: Generating connections (3D)...
[2026-08-12 05:57:36][INFO] SIM_BRIDGE: Simulation data initialized for 126 neurons (3D). Synapses: 0. GPU memory: 3.0GB/25.3GB (11.9%)
[2026-08-12 05:57:36][INFO] SIM_BRIDGE: inject_explicit_wiring: installed 720 synapses across 1 populations.
[2026-08-12 05:57:49][INFO] SIM_BRIDGE: CuPy using GPU: NVIDIA GeForce RTX 3090 (23.5 GB), mempool limit: 80%
[2026-08-12 05:57:49][INFO] SIM_BRIDGE: Initializing simulation data for model: IZHIKEVICH (3D)... (playback_init: False)
[2026-08-12 05:57:49][INFO] SIM_BRIDGE: RNG initialized with seed: 43
[2026-08-12 05:57:49][INFO] SIM_BRIDGE: Initializing Izhikevich model specifics for 224 neurons...
[2026-08-12 05:57:49][INFO] SIM_BRIDGE: Applying parameter heterogeneity to neuron parameters...
[2026-08-12 05:57:49][INFO] SIM_BRIDGE: Applied heterogeneity to 4 parameters.
[2026-08-12 05:57:49][INFO] SIM_BRIDGE: Initializing OU process state (tau=15.0ms, sigma=20.0pA)...
[2026-08-12 05:57:49][INFO] SIM_BRIDGE: Generating 3D neuron positions for 224 neurons...
[2026-08-12 05:57:49][INFO] SIM_BRIDGE: Generating connections (3D)...
[2026-08-12 05:57:49][INFO] SIM_BRIDGE: Simulation data initialized for 224 neurons (3D). Synapses: 0. GPU memory: 3.0GB/25.3GB (11.8%)
[2026-08-12 05:57:49][INFO] SIM_BRIDGE: inject_explicit_wiring: installed 4800 synapses across 1 populations.
[2026-08-12 05:58:08][INFO] SIM_BRIDGE: CuPy using GPU: NVIDIA GeForce RTX 3090 (23.5 GB), mempool limit: 80%
[2026-08-12 05:58:08][INFO] SIM_BRIDGE: Initializing simulation data for model: IZHIKEVICH (3D)... (playback_init: False)
[2026-08-12 05:58:08][INFO] SIM_BRIDGE: RNG initialized with seed: 43
[2026-08-12 05:58:08][INFO] SIM_BRIDGE: Initializing Izhikevich model specifics for 256 neurons...
[2026-08-12 05:58:08][INFO] SIM_BRIDGE: Applying parameter heterogeneity to neuron parameters...
[2026-08-12 05:58:08][INFO] SIM_BRIDGE: Applied heterogeneity to 4 parameters.
[2026-08-12 05:58:08][INFO] SIM_BRIDGE: Initializing OU process state (tau=15.0ms, sigma=0.0pA)...
[2026-08-12 05:58:08][INFO] SIM_BRIDGE: Generating 3D neuron positions for 256 neurons...
[2026-08-12 05:58:08][INFO] SIM_BRIDGE: Generating connections (3D)...
[2026-08-12 05:58:08][INFO] SIM_BRIDGE: Simulation data initialized for 256 neurons (3D). Synapses: 0. GPU memory: 3.0GB/25.3GB (11.8%)
[2026-08-12 05:58:08][INFO] SIM_BRIDGE: CuPy using GPU: NVIDIA GeForce RTX 3090 (23.5 GB), mempool limit: 80%
[2026-08-12 05:58:08][INFO] SIM_BRIDGE: Initializing simulation data for model: IZHIKEVICH (3D)... (playback_init: False)
[2026-08-12 05:58:08][INFO] SIM_BRIDGE: RNG initialized with seed: 43
[2026-08-12 05:58:08][INFO] SIM_BRIDGE: Initializing Izhikevich model specifics for 640 neurons...
[2026-08-12 05:58:08][INFO] SIM_BRIDGE: Applying parameter heterogeneity to neuron parameters...
[2026-08-12 05:58:08][INFO] SIM_BRIDGE: Applied heterogeneity to 4 parameters.
[2026-08-12 05:58:08][INFO] SIM_BRIDGE: Initializing OU process state (tau=15.0ms, sigma=0.0pA)...
[2026-08-12 05:58:08][INFO] SIM_BRIDGE: Generating 3D neuron positions for 640 neurons...
[2026-08-12 05:58:08][INFO] SIM_BRIDGE: Generating connections (3D)...
[2026-08-12 05:58:08][INFO] SIM_BRIDGE: Simulation data initialized for 640 neurons (3D). Synapses: 0. GPU memory: 3.0GB/25.3GB (11.8%)
[2026-08-12 05:58:26][INFO] SIM_BRIDGE: CuPy using GPU: NVIDIA GeForce RTX 3090 (23.5 GB), mempool limit: 80%
[2026-08-12 05:58:26][INFO] SIM_BRIDGE: Initializing simulation data for model: IZHIKEVICH (3D)... (playback_init: False)
[2026-08-12 05:58:26][INFO] SIM_BRIDGE: RNG initialized with seed: 1519492586
[2026-08-12 05:58:26][INFO] SIM_BRIDGE: Initializing Izhikevich model specifics for 64 neurons...
[2026-08-12 05:58:26][INFO] SIM_BRIDGE: Applying parameter heterogeneity to neuron parameters...
[2026-08-12 05:58:26][INFO] SIM_BRIDGE: Applied heterogeneity to 4 parameters.
[2026-08-12 05:58:26][INFO] SIM_BRIDGE: Initializing OU process state (tau=15.0ms, sigma=200.0pA)...
[2026-08-12 05:58:26][INFO] SIM_BRIDGE: Generating 3D neuron positions for 64 neurons...
[2026-08-12 05:58:26][INFO] SIM_BRIDGE: Generating connections (3D)...
[2026-08-12 05:58:26][INFO] SIM_BRIDGE: Simulation data initialized for 64 neurons (3D). Synapses: 0. GPU memory: 2.9GB/25.3GB (11.3%)
[2026-08-12 05:58:26][INFO] SIM_BRIDGE: CuPy using GPU: NVIDIA GeForce RTX 3090 (23.5 GB), mempool limit: 80%
[2026-08-12 05:58:26][INFO] SIM_BRIDGE: Initializing simulation data for model: IZHIKEVICH (3D)... (playback_init: False)
[2026-08-12 05:58:26][INFO] SIM_BRIDGE: RNG initialized with seed: 43
[2026-08-12 05:58:26][INFO] SIM_BRIDGE: Initializing Izhikevich model specifics for 9216 neurons...
[2026-08-12 05:58:26][INFO] SIM_BRIDGE: Applying parameter heterogeneity to neuron parameters...
[2026-08-12 05:58:26][INFO] SIM_BRIDGE: Applied heterogeneity to 4 parameters.
[2026-08-12 05:58:26][INFO] SIM_BRIDGE: Initializing OU process state (tau=15.0ms, sigma=0.0pA)...
[2026-08-12 05:58:26][INFO] SIM_BRIDGE: Generating 3D neuron positions for 9216 neurons...
[2026-08-12 05:58:26][INFO] SIM_BRIDGE: Generating connections (3D)...
[2026-08-12 05:58:26][INFO] SIM_BRIDGE: Simulation data initialized for 9216 neurons (3D). Synapses: 0. GPU memory: 2.9GB/25.3GB (11.3%)
[2026-08-12 06:00:56][INFO] SIM_BRIDGE: CuPy using GPU: NVIDIA GeForce RTX 3090 (23.5 GB), mempool limit: 80%
[2026-08-12 06:00:56][INFO] SIM_BRIDGE: Initializing simulation data for model: IZHIKEVICH (3D)... (playback_init: False)
[2026-08-12 06:00:56][INFO] SIM_BRIDGE: RNG initialized with seed: 1397064445
[2026-08-12 06:00:56][INFO] SIM_BRIDGE: Initializing Izhikevich model specifics for 64 neurons...
[2026-08-12 06:00:56][INFO] SIM_BRIDGE: Applying parameter heterogeneity to neuron parameters...
[2026-08-12 06:00:56][INFO] SIM_BRIDGE: Applied heterogeneity to 4 parameters.
[2026-08-12 06:00:56][INFO] SIM_BRIDGE: Initializing OU process state (tau=15.0ms, sigma=200.0pA)...
[2026-08-12 06:00:56][INFO] SIM_BRIDGE: Generating 3D neuron positions for 64 neurons...
[2026-08-12 06:00:56][INFO] SIM_BRIDGE: Generating connections (3D)...
[2026-08-12 06:00:56][INFO] SIM_BRIDGE: Simulation data initialized for 64 neurons (3D). Synapses: 0. GPU memory: 2.9GB/25.3GB (11.3%)

[3E seed 43] taught 24 affirmed + 12 negated SVO facts | discoverable novel-plausible universe 45 | tau(P50.0)=0.477
  (a) GENERATE: brain generated 28 distinct NOVEL propositions (novel-comp score 0.622 vs retrieval 0.0); novel-disjoint-from-store True; known-fact retrieval ABSTAINS on 28/28 (all: True)
  (b) PLAUSIBLE: replay-frac 0.366 vs random 0.0179 -> 20.4x
  (c) SHUFFLED: TRUE plausible-frac 0.0140 (must collapse toward random 0.0179, vs replay 0.366)
  (d) MOAT: hypothesis->known-fact leaks 0 (must be 0) | negated re-proposed 0 (must be 0) | untaught-cue abstention 20/20 | LESION (no plausibility gate) 177 accepted, 18% plausible
  generated hypotheses: ['perhaps fish sing road', 'perhaps duck jump road', 'perhaps bird sing pink', 'perhaps frog jump bell', 'perhaps bird sing road', 'perhaps cat sleep black', 'perhaps bear walk road', 'perhaps cat sleep blue']
[2026-08-12 06:03:23][INFO] SIM_BRIDGE: CuPy using GPU: NVIDIA GeForce RTX 3090 (23.5 GB), mempool limit: 80%
[2026-08-12 06:03:23][INFO] SIM_BRIDGE: Initializing simulation data for model: IZHIKEVICH (3D)... (playback_init: False)
[2026-08-12 06:03:23][INFO] SIM_BRIDGE: RNG initialized with seed: 44
[2026-08-12 06:03:23][INFO] SIM_BRIDGE: Initializing Izhikevich model specifics for 126 neurons...
[2026-08-12 06:03:23][INFO] SIM_BRIDGE: Applying parameter heterogeneity to neuron parameters...
[2026-08-12 06:03:23][INFO] SIM_BRIDGE: Applied heterogeneity to 4 parameters.
[2026-08-12 06:03:23][INFO] SIM_BRIDGE: Initializing OU process state (tau=15.0ms, sigma=20.0pA)...
[2026-08-12 06:03:23][INFO] SIM_BRIDGE: Generating 3D neuron positions for 126 neurons...
[2026-08-12 06:03:23][INFO] SIM_BRIDGE: Generating connections (3D)...
[2026-08-12 06:03:23][INFO] SIM_BRIDGE: Simulation data initialized for 126 neurons (3D). Synapses: 0. GPU memory: 2.9GB/25.3GB (11.3%)
[2026-08-12 06:03:23][INFO] SIM_BRIDGE: inject_explicit_wiring: installed 720 synapses across 1 populations.
[2026-08-12 06:03:36][INFO] SIM_BRIDGE: CuPy using GPU: NVIDIA GeForce RTX 3090 (23.5 GB), mempool limit: 80%
[2026-08-12 06:03:36][INFO] SIM_BRIDGE: Initializing simulation data for model: IZHIKEVICH (3D)... (playback_init: False)
[2026-08-12 06:03:36][INFO] SIM_BRIDGE: RNG initialized with seed: 44
[2026-08-12 06:03:36][INFO] SIM_BRIDGE: Initializing Izhikevich model specifics for 224 neurons...
[2026-08-12 06:03:36][INFO] SIM_BRIDGE: Applying parameter heterogeneity to neuron parameters...
[2026-08-12 06:03:36][INFO] SIM_BRIDGE: Applied heterogeneity to 4 parameters.
[2026-08-12 06:03:36][INFO] SIM_BRIDGE: Initializing OU process state (tau=15.0ms, sigma=20.0pA)...
[2026-08-12 06:03:36][INFO] SIM_BRIDGE: Generating 3D neuron positions for 224 neurons...
[2026-08-12 06:03:36][INFO] SIM_BRIDGE: Generating connections (3D)...
[2026-08-12 06:03:36][INFO] SIM_BRIDGE: Simulation data initialized for 224 neurons (3D). Synapses: 0. GPU memory: 2.8GB/25.3GB (11.2%)
[2026-08-12 06:03:36][INFO] SIM_BRIDGE: inject_explicit_wiring: installed 4800 synapses across 1 populations.
[2026-08-12 06:03:55][INFO] SIM_BRIDGE: CuPy using GPU: NVIDIA GeForce RTX 3090 (23.5 GB), mempool limit: 80%
[2026-08-12 06:03:55][INFO] SIM_BRIDGE: Initializing simulation data for model: IZHIKEVICH (3D)... (playback_init: False)
[2026-08-12 06:03:55][INFO] SIM_BRIDGE: RNG initialized with seed: 44
[2026-08-12 06:03:55][INFO] SIM_BRIDGE: Initializing Izhikevich model specifics for 256 neurons...
[2026-08-12 06:03:55][INFO] SIM_BRIDGE: Applying parameter heterogeneity to neuron parameters...
[2026-08-12 06:03:55][INFO] SIM_BRIDGE: Applied heterogeneity to 4 parameters.
[2026-08-12 06:03:55][INFO] SIM_BRIDGE: Initializing OU process state (tau=15.0ms, sigma=0.0pA)...
[2026-08-12 06:03:55][INFO] SIM_BRIDGE: Generating 3D neuron positions for 256 neurons...
[2026-08-12 06:03:55][INFO] SIM_BRIDGE: Generating connections (3D)...
[2026-08-12 06:03:55][INFO] SIM_BRIDGE: Simulation data initialized for 256 neurons (3D). Synapses: 0. GPU memory: 2.9GB/25.3GB (11.3%)
[2026-08-12 06:03:55][INFO] SIM_BRIDGE: CuPy using GPU: NVIDIA GeForce RTX 3090 (23.5 GB), mempool limit: 80%
[2026-08-12 06:03:55][INFO] SIM_BRIDGE: Initializing simulation data for model: IZHIKEVICH (3D)... (playback_init: False)
[2026-08-12 06:03:55][INFO] SIM_BRIDGE: RNG initialized with seed: 44
[2026-08-12 06:03:55][INFO] SIM_BRIDGE: Initializing Izhikevich model specifics for 640 neurons...
[2026-08-12 06:03:55][INFO] SIM_BRIDGE: Applying parameter heterogeneity to neuron parameters...
[2026-08-12 06:03:55][INFO] SIM_BRIDGE: Applied heterogeneity to 4 parameters.
[2026-08-12 06:03:55][INFO] SIM_BRIDGE: Initializing OU process state (tau=15.0ms, sigma=0.0pA)...
[2026-08-12 06:03:55][INFO] SIM_BRIDGE: Generating 3D neuron positions for 640 neurons...
[2026-08-12 06:03:55][INFO] SIM_BRIDGE: Generating connections (3D)...
[2026-08-12 06:03:55][INFO] SIM_BRIDGE: Simulation data initialized for 640 neurons (3D). Synapses: 0. GPU memory: 2.9GB/25.3GB (11.3%)
[2026-08-12 06:04:12][INFO] SIM_BRIDGE: CuPy using GPU: NVIDIA GeForce RTX 3090 (23.5 GB), mempool limit: 80%
[2026-08-12 06:04:12][INFO] SIM_BRIDGE: Initializing simulation data for model: IZHIKEVICH (3D)... (playback_init: False)
[2026-08-12 06:04:12][INFO] SIM_BRIDGE: RNG initialized with seed: 467091474
[2026-08-12 06:04:12][INFO] SIM_BRIDGE: Initializing Izhikevich model specifics for 64 neurons...
[2026-08-12 06:04:12][INFO] SIM_BRIDGE: Applying parameter heterogeneity to neuron parameters...
[2026-08-12 06:04:12][INFO] SIM_BRIDGE: Applied heterogeneity to 4 parameters.
[2026-08-12 06:04:12][INFO] SIM_BRIDGE: Initializing OU process state (tau=15.0ms, sigma=200.0pA)...
[2026-08-12 06:04:12][INFO] SIM_BRIDGE: Generating 3D neuron positions for 64 neurons...
[2026-08-12 06:04:12][INFO] SIM_BRIDGE: Generating connections (3D)...
[2026-08-12 06:04:12][INFO] SIM_BRIDGE: Simulation data initialized for 64 neurons (3D). Synapses: 0. GPU memory: 2.8GB/25.3GB (11.2%)
[2026-08-12 06:04:12][INFO] SIM_BRIDGE: CuPy using GPU: NVIDIA GeForce RTX 3090 (23.5 GB), mempool limit: 80%
[2026-08-12 06:04:12][INFO] SIM_BRIDGE: Initializing simulation data for model: IZHIKEVICH (3D)... (playback_init: False)
[2026-08-12 06:04:12][INFO] SIM_BRIDGE: RNG initialized with seed: 44
[2026-08-12 06:04:12][INFO] SIM_BRIDGE: Initializing Izhikevich model specifics for 9216 neurons...
[2026-08-12 06:04:12][INFO] SIM_BRIDGE: Applying parameter heterogeneity to neuron parameters...
[2026-08-12 06:04:12][INFO] SIM_BRIDGE: Applied heterogeneity to 4 parameters.
[2026-08-12 06:04:12][INFO] SIM_BRIDGE: Initializing OU process state (tau=15.0ms, sigma=0.0pA)...
[2026-08-12 06:04:12][INFO] SIM_BRIDGE: Generating 3D neuron positions for 9216 neurons...
[2026-08-12 06:04:12][INFO] SIM_BRIDGE: Generating connections (3D)...
[2026-08-12 06:04:12][INFO] SIM_BRIDGE: Simulation data initialized for 9216 neurons (3D). Synapses: 0. GPU memory: 2.8GB/25.3GB (11.2%)
[2026-08-12 06:06:36][INFO] SIM_BRIDGE: CuPy using GPU: NVIDIA GeForce RTX 3090 (23.5 GB), mempool limit: 80%
[2026-08-12 06:06:36][INFO] SIM_BRIDGE: Initializing simulation data for model: IZHIKEVICH (3D)... (playback_init: False)
[2026-08-12 06:06:36][INFO] SIM_BRIDGE: RNG initialized with seed: 1937367954
[2026-08-12 06:06:36][INFO] SIM_BRIDGE: Initializing Izhikevich model specifics for 64 neurons...
[2026-08-12 06:06:36][INFO] SIM_BRIDGE: Applying parameter heterogeneity to neuron parameters...
[2026-08-12 06:06:36][INFO] SIM_BRIDGE: Applied heterogeneity to 4 parameters.
[2026-08-12 06:06:36][INFO] SIM_BRIDGE: Initializing OU process state (tau=15.0ms, sigma=200.0pA)...
[2026-08-12 06:06:36][INFO] SIM_BRIDGE: Generating 3D neuron positions for 64 neurons...
[2026-08-12 06:06:36][INFO] SIM_BRIDGE: Generating connections (3D)...
[2026-08-12 06:06:36][INFO] SIM_BRIDGE: Simulation data initialized for 64 neurons (3D). Synapses: 0. GPU memory: 2.8GB/25.3GB (11.2%)

[3E seed 44] taught 24 affirmed + 12 negated SVO facts | discoverable novel-plausible universe 45 | tau(P50.0)=0.477
  (a) GENERATE: brain generated 23 distinct NOVEL propositions (novel-comp score 0.511 vs retrieval 0.0); novel-disjoint-from-store True; known-fact retrieval ABSTAINS on 23/23 (all: True)
  (b) PLAUSIBLE: replay-frac 0.330 vs random 0.0200 -> 16.5x
  (c) SHUFFLED: TRUE plausible-frac 0.0110 (must collapse toward random 0.0200, vs replay 0.330)
  (d) MOAT: hypothesis->known-fact leaks 0 (must be 0) | negated re-proposed 0 (must be 0) | untaught-cue abstention 20/20 | LESION (no plausibility gate) 178 accepted, 13% plausible
  generated hypotheses: ['perhaps bear walk foot', 'perhaps cat sleep black', 'perhaps bird sing blue', 'perhaps frog jump road', 'perhaps brother play pink', 'perhaps sister look eye', 'perhaps frog jump cookie', 'perhaps bird sing white']

==================================================================================================
  OVERALL VERDICT: GO
  (a) brain GENERATES novel grounded propositions: novel-comp score mean 0.570 (vs retrieval 0.0; >0 + disjoint + retrieval-abstains all seeds: True; min 23 generated)
  (b) PLAUSIBILITY ADVANTAGE: replay 0.330 vs random 0.0194 -> 17.2x (min 14.5x; >= 3.0x all: True)
  (c) SHUFFLED-GRAPH collapses: TRUE plausible-frac 0.0155 (collapses all seeds: True)
  (d) MOAT 0-CONFAB: 0 hypothesis->known leaks + 0 negated re-proposed (preserved all seeds: True); untaught-cue abstention mean 1.000 (>= 0.95 all: True); LESION plausible-frac 0.157 (floods nonsense: True)
  elapsed 1030.3s
==================================================================================================

  [saved] /home/dant123/Projects/sim/research/findings/raw/_burndown_3E_brain_owns_generation.json
[provenance] stamped 2 artifact(s) | run_id 1786528311-522680
