==============================================================================================================
[L0 LONGITUDINAL DEVELOPMENT LOOP — 1-SEED GPU SMOKE — REAL stream cortex]
  backend=cupy  n_days=4  seed=43  max_windows/day=2500  n_hub=200  n_per=12  D=128
  VERIFY: the develop loop runs at GPU scale with the REAL stream-cortex code-learning swapped for the CPU agent-hear() stand-in; measure development + per-day wall-clock + the anti-cheats.
==============================================================================================================

[L0 develop loop — GPU] WAKE(REAL stream-cortex) -> CONVERSE(MultiTurnAgent on learned codes) -> SLEEP(replay+retention) -> [GROWTH] -> METRICS -> PERSIST, 4 days.

[2026-08-12 05:11:57][INFO] SIM_BRIDGE: CuPy using GPU: NVIDIA GeForce RTX 3090 (23.5 GB), mempool limit: 80%
[2026-08-12 05:11:57][INFO] SIM_BRIDGE: Initializing simulation data for model: IZHIKEVICH (3D)... (playback_init: False)
[2026-08-12 05:11:57][INFO] SIM_BRIDGE: Brain-region framework: 2 regions, 2700 total neurons, 1 pathways.
[2026-08-12 05:11:57][INFO] SIM_BRIDGE: RNG initialized with seed: 43
[2026-08-12 05:11:57][INFO] SIM_BRIDGE: Initializing Izhikevich model specifics for 2700 neurons...
[2026-08-12 05:11:57][INFO] SIM_BRIDGE: Applying parameter heterogeneity to neuron parameters...
[2026-08-12 05:11:57][INFO] SIM_BRIDGE: Applied heterogeneity to 4 parameters.
[2026-08-12 05:11:57][INFO] SIM_BRIDGE: Generating 3D neuron positions for 2700 neurons...
[2026-08-12 05:11:57][INFO] SIM_BRIDGE: Generating connections (brain-region framework)...
[2026-08-12 05:11:58][INFO] SIM_BRIDGE: Per-synapse STP types: E->E=720000, E->I=0, I->E=0, I->I=0
[2026-08-12 05:11:58][INFO] SIM_BRIDGE: inject_explicit_wiring: installed 720000 synapses across 1 populations.
[2026-08-12 05:11:58][INFO] SIM_BRIDGE: Initializing STP state for 720000 synapses (capacity: 1080000)...
[2026-08-12 05:11:58][INFO] SIM_BRIDGE: Initializing eligibility traces for 720000 synapses (capacity: 1080000, dtype: float32)...
[2026-08-12 05:11:58][INFO] SIM_BRIDGE: Per-synapse STP types: E->E=720000, E->I=0, I->E=0, I->I=0
[2026-08-12 05:11:58][INFO] SIM_BRIDGE: Initializing structural plasticity state...
[2026-08-12 05:11:58][INFO] SIM_BRIDGE: Simulation data initialized for 2700 neurons (3D). Synapses: 720000. GPU memory: 3.7GB/25.3GB (14.5%)
[2026-08-12 05:12:07][INFO] SIM_BRIDGE: CuPy using GPU: NVIDIA GeForce RTX 3090 (23.5 GB), mempool limit: 80%
[2026-08-12 05:12:07][INFO] SIM_BRIDGE: Initializing simulation data for model: IZHIKEVICH (3D)... (playback_init: False)
[2026-08-12 05:12:07][INFO] SIM_BRIDGE: RNG initialized with seed: 43
[2026-08-12 05:12:07][INFO] SIM_BRIDGE: Initializing Izhikevich model specifics for 126 neurons...
[2026-08-12 05:12:07][INFO] SIM_BRIDGE: Applying parameter heterogeneity to neuron parameters...
[2026-08-12 05:12:07][INFO] SIM_BRIDGE: Applied heterogeneity to 4 parameters.
[2026-08-12 05:12:07][INFO] SIM_BRIDGE: Initializing OU process state (tau=15.0ms, sigma=20.0pA)...
[2026-08-12 05:12:07][INFO] SIM_BRIDGE: Generating 3D neuron positions for 126 neurons...
[2026-08-12 05:12:07][INFO] SIM_BRIDGE: Generating connections (3D)...
[2026-08-12 05:12:07][INFO] SIM_BRIDGE: Simulation data initialized for 126 neurons (3D). Synapses: 0. GPU memory: 3.8GB/25.3GB (15.2%)
[2026-08-12 05:12:07][INFO] SIM_BRIDGE: inject_explicit_wiring: installed 720 synapses across 1 populations.
[2026-08-12 05:12:30][INFO] SIM_BRIDGE: CuPy using GPU: NVIDIA GeForce RTX 3090 (23.5 GB), mempool limit: 80%
[2026-08-12 05:12:30][INFO] SIM_BRIDGE: Initializing simulation data for model: IZHIKEVICH (3D)... (playback_init: False)
[2026-08-12 05:12:30][INFO] SIM_BRIDGE: RNG initialized with seed: 43
[2026-08-12 05:12:30][INFO] SIM_BRIDGE: Initializing Izhikevich model specifics for 224 neurons...
[2026-08-12 05:12:30][INFO] SIM_BRIDGE: Applying parameter heterogeneity to neuron parameters...
[2026-08-12 05:12:30][INFO] SIM_BRIDGE: Applied heterogeneity to 4 parameters.
[2026-08-12 05:12:30][INFO] SIM_BRIDGE: Initializing OU process state (tau=15.0ms, sigma=20.0pA)...
[2026-08-12 05:12:30][INFO] SIM_BRIDGE: Generating 3D neuron positions for 224 neurons...
[2026-08-12 05:12:30][INFO] SIM_BRIDGE: Generating connections (3D)...
[2026-08-12 05:12:30][INFO] SIM_BRIDGE: Simulation data initialized for 224 neurons (3D). Synapses: 0. GPU memory: 3.8GB/25.3GB (15.2%)
[2026-08-12 05:12:30][INFO] SIM_BRIDGE: inject_explicit_wiring: installed 4800 synapses across 1 populations.
[2026-08-12 05:13:03][INFO] SIM_BRIDGE: CuPy using GPU: NVIDIA GeForce RTX 3090 (23.5 GB), mempool limit: 80%
[2026-08-12 05:13:03][INFO] SIM_BRIDGE: Initializing simulation data for model: IZHIKEVICH (3D)... (playback_init: False)
[2026-08-12 05:13:03][INFO] SIM_BRIDGE: Brain-region framework: 2 regions, 2560 total neurons, 2 pathways.
[2026-08-12 05:13:03][INFO] SIM_BRIDGE: RNG initialized with seed: 43
[2026-08-12 05:13:03][INFO] SIM_BRIDGE: NMDA per-region mask: 2 regions enabled (2560 neurons)
[2026-08-12 05:13:03][INFO] SIM_BRIDGE: Initializing Izhikevich model specifics for 2560 neurons...
[2026-08-12 05:13:03][INFO] SIM_BRIDGE: Region 'cortex_ctx' (1280 neurons): using Izh type IZH2007_HIPPO_PYRAMIDAL
[2026-08-12 05:13:03][INFO] SIM_BRIDGE: Region 'dlpfc_wm' (1280 neurons): using Izh type IZH2007_HIPPO_PYRAMIDAL
[2026-08-12 05:13:03][INFO] SIM_BRIDGE: Applying parameter heterogeneity to neuron parameters...
[2026-08-12 05:13:03][INFO] SIM_BRIDGE: Applied heterogeneity to 4 parameters.
[2026-08-12 05:13:03][INFO] SIM_BRIDGE: Generating 3D neuron positions for 2560 neurons...
[2026-08-12 05:13:03][INFO] SIM_BRIDGE: Generating connections (brain-region framework)...
[2026-08-12 05:13:04][INFO] SIM_BRIDGE: inject_explicit_wiring: installed 488783 synapses across 4 populations.
[2026-08-12 05:13:04][INFO] SIM_BRIDGE: Initializing eligibility traces for 488783 synapses (capacity: 733174, dtype: float32)...
[2026-08-12 05:13:04][INFO] SIM_BRIDGE: Initializing STDP state for 2560 neurons...
[2026-08-12 05:13:04][INFO] SIM_BRIDGE: Simulation data initialized for 2560 neurons (3D). Synapses: 488783. GPU memory: 3.8GB/25.3GB (15.2%)
[2026-08-12 05:13:04][INFO] SIM_BRIDGE: CuPy using GPU: NVIDIA GeForce RTX 3090 (23.5 GB), mempool limit: 80%
[2026-08-12 05:13:04][INFO] SIM_BRIDGE: Initializing simulation data for model: IZHIKEVICH (3D)... (playback_init: False)
[2026-08-12 05:13:04][INFO] SIM_BRIDGE: RNG initialized with seed: 43
[2026-08-12 05:13:04][INFO] SIM_BRIDGE: Initializing Izhikevich model specifics for 256 neurons...
[2026-08-12 05:13:04][INFO] SIM_BRIDGE: Applying parameter heterogeneity to neuron parameters...
[2026-08-12 05:13:04][INFO] SIM_BRIDGE: Applied heterogeneity to 4 parameters.
[2026-08-12 05:13:04][INFO] SIM_BRIDGE: Initializing OU process state (tau=15.0ms, sigma=0.0pA)...
[2026-08-12 05:13:04][INFO] SIM_BRIDGE: Generating 3D neuron positions for 256 neurons...
[2026-08-12 05:13:04][INFO] SIM_BRIDGE: Generating connections (3D)...
[2026-08-12 05:13:04][INFO] SIM_BRIDGE: Simulation data initialized for 256 neurons (3D). Synapses: 0. GPU memory: 3.8GB/25.3GB (15.2%)
[2026-08-12 05:13:05][INFO] SIM_BRIDGE: CuPy using GPU: NVIDIA GeForce RTX 3090 (23.5 GB), mempool limit: 80%
[2026-08-12 05:13:05][INFO] SIM_BRIDGE: Initializing simulation data for model: IZHIKEVICH (3D)... (playback_init: False)
[2026-08-12 05:13:05][INFO] SIM_BRIDGE: RNG initialized with seed: 43
[2026-08-12 05:13:05][INFO] SIM_BRIDGE: Initializing Izhikevich model specifics for 640 neurons...
[2026-08-12 05:13:05][INFO] SIM_BRIDGE: Applying parameter heterogeneity to neuron parameters...
[2026-08-12 05:13:05][INFO] SIM_BRIDGE: Applied heterogeneity to 4 parameters.
[2026-08-12 05:13:05][INFO] SIM_BRIDGE: Initializing OU process state (tau=15.0ms, sigma=0.0pA)...
[2026-08-12 05:13:05][INFO] SIM_BRIDGE: Generating 3D neuron positions for 640 neurons...
[2026-08-12 05:13:05][INFO] SIM_BRIDGE: Generating connections (3D)...
[2026-08-12 05:13:05][INFO] SIM_BRIDGE: Simulation data initialized for 640 neurons (3D). Synapses: 0. GPU memory: 3.9GB/25.3GB (15.2%)
[2026-08-12 05:13:05][INFO] SIM_BRIDGE: ⛔ STDP IS INERT: enable_stdp=True but runtime_state.current_time_ms is still 0.0 after 50 steps. _run_one_simulation_step() does NOT advance the clock (only step_simulation() does), so every spike shares one timestamp, delta_t==0 for every pair, and every STDP update is exactly 0.0. FIX: advance it in your loop -- `bridge.runtime_state.current_time_ms += bridge.core_config.dt_ms` after each step.
[2026-08-12 05:13:07][INFO] SIM_BRIDGE: CuPy using GPU: NVIDIA GeForce RTX 3090 (23.5 GB), mempool limit: 80%
[2026-08-12 05:13:07][INFO] SIM_BRIDGE: Initializing simulation data for model: IZHIKEVICH (3D)... (playback_init: False)
[2026-08-12 05:13:07][INFO] SIM_BRIDGE: RNG initialized with seed: 43
[2026-08-12 05:13:07][INFO] SIM_BRIDGE: Initializing Izhikevich model specifics for 768 neurons...
[2026-08-12 05:13:07][INFO] SIM_BRIDGE: Applying parameter heterogeneity to neuron parameters...
[2026-08-12 05:13:07][INFO] SIM_BRIDGE: Applied heterogeneity to 4 parameters.
[2026-08-12 05:13:07][INFO] SIM_BRIDGE: Initializing OU process state (tau=15.0ms, sigma=0.0pA)...
[2026-08-12 05:13:07][INFO] SIM_BRIDGE: Generating 3D neuron positions for 768 neurons...
[2026-08-12 05:13:07][INFO] SIM_BRIDGE: Generating connections (3D)...
[2026-08-12 05:13:07][INFO] SIM_BRIDGE: Simulation data initialized for 768 neurons (3D). Synapses: 0. GPU memory: 3.9GB/25.3GB (15.2%)
  [day 0] vocab= 6 heard= 6 facts= 2 recall=1.00 heldout=- retain=- chain=- moat_fa=0 corr(M,C)=+0.93 tier=4 replay=1 win=2500 (69.5s wake=9.2s)
[2026-08-12 05:13:14][INFO] SIM_BRIDGE: CuPy using GPU: NVIDIA GeForce RTX 3090 (23.5 GB), mempool limit: 80%
[2026-08-12 05:13:14][INFO] SIM_BRIDGE: Initializing simulation data for model: IZHIKEVICH (3D)... (playback_init: False)
[2026-08-12 05:13:14][INFO] SIM_BRIDGE: RNG initialized with seed: 43
[2026-08-12 05:13:14][INFO] SIM_BRIDGE: Initializing Izhikevich model specifics for 126 neurons...
[2026-08-12 05:13:14][INFO] SIM_BRIDGE: Applying parameter heterogeneity to neuron parameters...
[2026-08-12 05:13:14][INFO] SIM_BRIDGE: Applied heterogeneity to 4 parameters.
[2026-08-12 05:13:14][INFO] SIM_BRIDGE: Initializing OU process state (tau=15.0ms, sigma=20.0pA)...
[2026-08-12 05:13:14][INFO] SIM_BRIDGE: Generating 3D neuron positions for 126 neurons...
[2026-08-12 05:13:14][INFO] SIM_BRIDGE: Generating connections (3D)...
[2026-08-12 05:13:14][INFO] SIM_BRIDGE: Simulation data initialized for 126 neurons (3D). Synapses: 0. GPU memory: 3.9GB/25.3GB (15.4%)
[2026-08-12 05:13:14][INFO] SIM_BRIDGE: inject_explicit_wiring: installed 720 synapses across 1 populations.
[2026-08-12 05:13:39][INFO] SIM_BRIDGE: CuPy using GPU: NVIDIA GeForce RTX 3090 (23.5 GB), mempool limit: 80%
[2026-08-12 05:13:39][INFO] SIM_BRIDGE: Initializing simulation data for model: IZHIKEVICH (3D)... (playback_init: False)
[2026-08-12 05:13:39][INFO] SIM_BRIDGE: RNG initialized with seed: 43
[2026-08-12 05:13:39][INFO] SIM_BRIDGE: Initializing Izhikevich model specifics for 224 neurons...
[2026-08-12 05:13:39][INFO] SIM_BRIDGE: Applying parameter heterogeneity to neuron parameters...
[2026-08-12 05:13:39][INFO] SIM_BRIDGE: Applied heterogeneity to 4 parameters.
[2026-08-12 05:13:39][INFO] SIM_BRIDGE: Initializing OU process state (tau=15.0ms, sigma=20.0pA)...
[2026-08-12 05:13:39][INFO] SIM_BRIDGE: Generating 3D neuron positions for 224 neurons...
[2026-08-12 05:13:39][INFO] SIM_BRIDGE: Generating connections (3D)...
[2026-08-12 05:13:39][INFO] SIM_BRIDGE: Simulation data initialized for 224 neurons (3D). Synapses: 0. GPU memory: 3.8GB/25.3GB (15.2%)
[2026-08-12 05:13:39][INFO] SIM_BRIDGE: inject_explicit_wiring: installed 4800 synapses across 1 populations.
[2026-08-12 05:13:58][INFO] SIM_BRIDGE: CuPy using GPU: NVIDIA GeForce RTX 3090 (23.5 GB), mempool limit: 80%
[2026-08-12 05:13:58][INFO] SIM_BRIDGE: Initializing simulation data for model: IZHIKEVICH (3D)... (playback_init: False)
[2026-08-12 05:13:58][INFO] SIM_BRIDGE: Brain-region framework: 2 regions, 2560 total neurons, 2 pathways.
[2026-08-12 05:13:58][INFO] SIM_BRIDGE: RNG initialized with seed: 43
[2026-08-12 05:13:58][INFO] SIM_BRIDGE: NMDA per-region mask: 2 regions enabled (2560 neurons)
[2026-08-12 05:13:58][INFO] SIM_BRIDGE: Initializing Izhikevich model specifics for 2560 neurons...
[2026-08-12 05:13:58][INFO] SIM_BRIDGE: Region 'cortex_ctx' (1280 neurons): using Izh type IZH2007_HIPPO_PYRAMIDAL
[2026-08-12 05:13:58][INFO] SIM_BRIDGE: Region 'dlpfc_wm' (1280 neurons): using Izh type IZH2007_HIPPO_PYRAMIDAL
[2026-08-12 05:13:58][INFO] SIM_BRIDGE: Applying parameter heterogeneity to neuron parameters...
[2026-08-12 05:13:58][INFO] SIM_BRIDGE: Applied heterogeneity to 4 parameters.
[2026-08-12 05:13:58][INFO] SIM_BRIDGE: Generating 3D neuron positions for 2560 neurons...
[2026-08-12 05:13:58][INFO] SIM_BRIDGE: Generating connections (brain-region framework)...
[2026-08-12 05:13:59][INFO] SIM_BRIDGE: inject_explicit_wiring: installed 488783 synapses across 4 populations.
[2026-08-12 05:13:59][INFO] SIM_BRIDGE: Initializing eligibility traces for 488783 synapses (capacity: 733174, dtype: float32)...
[2026-08-12 05:13:59][INFO] SIM_BRIDGE: Initializing STDP state for 2560 neurons...
[2026-08-12 05:13:59][INFO] SIM_BRIDGE: Simulation data initialized for 2560 neurons (3D). Synapses: 488783. GPU memory: 3.2GB/25.3GB (12.5%)
[2026-08-12 05:13:59][INFO] SIM_BRIDGE: CuPy using GPU: NVIDIA GeForce RTX 3090 (23.5 GB), mempool limit: 80%
[2026-08-12 05:13:59][INFO] SIM_BRIDGE: Initializing simulation data for model: IZHIKEVICH (3D)... (playback_init: False)
[2026-08-12 05:13:59][INFO] SIM_BRIDGE: RNG initialized with seed: 43
[2026-08-12 05:13:59][INFO] SIM_BRIDGE: Initializing Izhikevich model specifics for 256 neurons...
[2026-08-12 05:13:59][INFO] SIM_BRIDGE: Applying parameter heterogeneity to neuron parameters...
[2026-08-12 05:13:59][INFO] SIM_BRIDGE: Applied heterogeneity to 4 parameters.
[2026-08-12 05:13:59][INFO] SIM_BRIDGE: Initializing OU process state (tau=15.0ms, sigma=0.0pA)...
[2026-08-12 05:13:59][INFO] SIM_BRIDGE: Generating 3D neuron positions for 256 neurons...
[2026-08-12 05:13:59][INFO] SIM_BRIDGE: Generating connections (3D)...
[2026-08-12 05:13:59][INFO] SIM_BRIDGE: Simulation data initialized for 256 neurons (3D). Synapses: 0. GPU memory: 3.2GB/25.3GB (12.5%)
[2026-08-12 05:14:00][INFO] SIM_BRIDGE: CuPy using GPU: NVIDIA GeForce RTX 3090 (23.5 GB), mempool limit: 80%
[2026-08-12 05:14:00][INFO] SIM_BRIDGE: Initializing simulation data for model: IZHIKEVICH (3D)... (playback_init: False)
[2026-08-12 05:14:00][INFO] SIM_BRIDGE: RNG initialized with seed: 43
[2026-08-12 05:14:00][INFO] SIM_BRIDGE: Initializing Izhikevich model specifics for 640 neurons...
[2026-08-12 05:14:00][INFO] SIM_BRIDGE: Applying parameter heterogeneity to neuron parameters...
[2026-08-12 05:14:00][INFO] SIM_BRIDGE: Applied heterogeneity to 4 parameters.
[2026-08-12 05:14:00][INFO] SIM_BRIDGE: Initializing OU process state (tau=15.0ms, sigma=0.0pA)...
[2026-08-12 05:14:00][INFO] SIM_BRIDGE: Generating 3D neuron positions for 640 neurons...
[2026-08-12 05:14:00][INFO] SIM_BRIDGE: Generating connections (3D)...
[2026-08-12 05:14:00][INFO] SIM_BRIDGE: Simulation data initialized for 640 neurons (3D). Synapses: 0. GPU memory: 3.2GB/25.3GB (12.5%)
[2026-08-12 05:14:00][INFO] SIM_BRIDGE: ⛔ STDP IS INERT: enable_stdp=True but runtime_state.current_time_ms is still 0.0 after 50 steps. _run_one_simulation_step() does NOT advance the clock (only step_simulation() does), so every spike shares one timestamp, delta_t==0 for every pair, and every STDP update is exactly 0.0. FIX: advance it in your loop -- `bridge.runtime_state.current_time_ms += bridge.core_config.dt_ms` after each step.
[2026-08-12 05:14:03][INFO] SIM_BRIDGE: CuPy using GPU: NVIDIA GeForce RTX 3090 (23.5 GB), mempool limit: 80%
[2026-08-12 05:14:03][INFO] SIM_BRIDGE: Initializing simulation data for model: IZHIKEVICH (3D)... (playback_init: False)
[2026-08-12 05:14:03][INFO] SIM_BRIDGE: RNG initialized with seed: 43
[2026-08-12 05:14:03][INFO] SIM_BRIDGE: Initializing Izhikevich model specifics for 1792 neurons...
[2026-08-12 05:14:03][INFO] SIM_BRIDGE: Applying parameter heterogeneity to neuron parameters...
[2026-08-12 05:14:03][INFO] SIM_BRIDGE: Applied heterogeneity to 4 parameters.
[2026-08-12 05:14:03][INFO] SIM_BRIDGE: Initializing OU process state (tau=15.0ms, sigma=0.0pA)...
[2026-08-12 05:14:03][INFO] SIM_BRIDGE: Generating 3D neuron positions for 1792 neurons...
[2026-08-12 05:14:03][INFO] SIM_BRIDGE: Generating connections (3D)...
[2026-08-12 05:14:03][INFO] SIM_BRIDGE: Simulation data initialized for 1792 neurons (3D). Synapses: 0. GPU memory: 3.2GB/25.3GB (12.5%)
  [day 1] vocab=12 heard=12 facts= 5 recall=1.00 heldout=1.00 retain=1.00 chain=- moat_fa=0 corr(M,C)=+0.93 tier=4 replay=2 win=2500 (56.9s wake=6.4s)
[2026-08-12 05:14:09][INFO] SIM_BRIDGE: CuPy using GPU: NVIDIA GeForce RTX 3090 (23.5 GB), mempool limit: 80%
[2026-08-12 05:14:09][INFO] SIM_BRIDGE: Initializing simulation data for model: IZHIKEVICH (3D)... (playback_init: False)
[2026-08-12 05:14:09][INFO] SIM_BRIDGE: RNG initialized with seed: 43
[2026-08-12 05:14:09][INFO] SIM_BRIDGE: Initializing Izhikevich model specifics for 126 neurons...
[2026-08-12 05:14:09][INFO] SIM_BRIDGE: Applying parameter heterogeneity to neuron parameters...
[2026-08-12 05:14:09][INFO] SIM_BRIDGE: Applied heterogeneity to 4 parameters.
[2026-08-12 05:14:09][INFO] SIM_BRIDGE: Initializing OU process state (tau=15.0ms, sigma=20.0pA)...
[2026-08-12 05:14:09][INFO] SIM_BRIDGE: Generating 3D neuron positions for 126 neurons...
[2026-08-12 05:14:09][INFO] SIM_BRIDGE: Generating connections (3D)...
[2026-08-12 05:14:09][INFO] SIM_BRIDGE: Simulation data initialized for 126 neurons (3D). Synapses: 0. GPU memory: 3.2GB/25.3GB (12.5%)
[2026-08-12 05:14:09][INFO] SIM_BRIDGE: inject_explicit_wiring: installed 720 synapses across 1 populations.
[2026-08-12 05:14:22][INFO] SIM_BRIDGE: CuPy using GPU: NVIDIA GeForce RTX 3090 (23.5 GB), mempool limit: 80%
[2026-08-12 05:14:22][INFO] SIM_BRIDGE: Initializing simulation data for model: IZHIKEVICH (3D)... (playback_init: False)
[2026-08-12 05:14:22][INFO] SIM_BRIDGE: RNG initialized with seed: 43
[2026-08-12 05:14:22][INFO] SIM_BRIDGE: Initializing Izhikevich model specifics for 224 neurons...
[2026-08-12 05:14:22][INFO] SIM_BRIDGE: Applying parameter heterogeneity to neuron parameters...
[2026-08-12 05:14:22][INFO] SIM_BRIDGE: Applied heterogeneity to 4 parameters.
[2026-08-12 05:14:22][INFO] SIM_BRIDGE: Initializing OU process state (tau=15.0ms, sigma=20.0pA)...
[2026-08-12 05:14:22][INFO] SIM_BRIDGE: Generating 3D neuron positions for 224 neurons...
[2026-08-12 05:14:22][INFO] SIM_BRIDGE: Generating connections (3D)...
[2026-08-12 05:14:22][INFO] SIM_BRIDGE: Simulation data initialized for 224 neurons (3D). Synapses: 0. GPU memory: 3.2GB/25.3GB (12.5%)
[2026-08-12 05:14:22][INFO] SIM_BRIDGE: inject_explicit_wiring: installed 4800 synapses across 1 populations.
[2026-08-12 05:14:42][INFO] SIM_BRIDGE: CuPy using GPU: NVIDIA GeForce RTX 3090 (23.5 GB), mempool limit: 80%
[2026-08-12 05:14:42][INFO] SIM_BRIDGE: Initializing simulation data for model: IZHIKEVICH (3D)... (playback_init: False)
[2026-08-12 05:14:42][INFO] SIM_BRIDGE: Brain-region framework: 2 regions, 2560 total neurons, 2 pathways.
[2026-08-12 05:14:42][INFO] SIM_BRIDGE: RNG initialized with seed: 43
[2026-08-12 05:14:42][INFO] SIM_BRIDGE: NMDA per-region mask: 2 regions enabled (2560 neurons)
[2026-08-12 05:14:42][INFO] SIM_BRIDGE: Initializing Izhikevich model specifics for 2560 neurons...
[2026-08-12 05:14:42][INFO] SIM_BRIDGE: Region 'cortex_ctx' (1280 neurons): using Izh type IZH2007_HIPPO_PYRAMIDAL
[2026-08-12 05:14:42][INFO] SIM_BRIDGE: Region 'dlpfc_wm' (1280 neurons): using Izh type IZH2007_HIPPO_PYRAMIDAL
[2026-08-12 05:14:42][INFO] SIM_BRIDGE: Applying parameter heterogeneity to neuron parameters...
[2026-08-12 05:14:42][INFO] SIM_BRIDGE: Applied heterogeneity to 4 parameters.
[2026-08-12 05:14:42][INFO] SIM_BRIDGE: Generating 3D neuron positions for 2560 neurons...
[2026-08-12 05:14:42][INFO] SIM_BRIDGE: Generating connections (brain-region framework)...
[2026-08-12 05:14:42][INFO] SIM_BRIDGE: inject_explicit_wiring: installed 488783 synapses across 4 populations.
[2026-08-12 05:14:42][INFO] SIM_BRIDGE: Initializing eligibility traces for 488783 synapses (capacity: 733174, dtype: float32)...
[2026-08-12 05:14:42][INFO] SIM_BRIDGE: Initializing STDP state for 2560 neurons...
[2026-08-12 05:14:42][INFO] SIM_BRIDGE: Simulation data initialized for 2560 neurons (3D). Synapses: 488783. GPU memory: 3.2GB/25.3GB (12.5%)
[2026-08-12 05:14:43][INFO] SIM_BRIDGE: CuPy using GPU: NVIDIA GeForce RTX 3090 (23.5 GB), mempool limit: 80%
[2026-08-12 05:14:43][INFO] SIM_BRIDGE: Initializing simulation data for model: IZHIKEVICH (3D)... (playback_init: False)
[2026-08-12 05:14:43][INFO] SIM_BRIDGE: RNG initialized with seed: 43
[2026-08-12 05:14:43][INFO] SIM_BRIDGE: Initializing Izhikevich model specifics for 256 neurons...
[2026-08-12 05:14:43][INFO] SIM_BRIDGE: Applying parameter heterogeneity to neuron parameters...
[2026-08-12 05:14:43][INFO] SIM_BRIDGE: Applied heterogeneity to 4 parameters.
[2026-08-12 05:14:43][INFO] SIM_BRIDGE: Initializing OU process state (tau=15.0ms, sigma=0.0pA)...
[2026-08-12 05:14:43][INFO] SIM_BRIDGE: Generating 3D neuron positions for 256 neurons...
[2026-08-12 05:14:43][INFO] SIM_BRIDGE: Generating connections (3D)...
[2026-08-12 05:14:43][INFO] SIM_BRIDGE: Simulation data initialized for 256 neurons (3D). Synapses: 0. GPU memory: 3.2GB/25.3GB (12.5%)
[2026-08-12 05:14:43][INFO] SIM_BRIDGE: CuPy using GPU: NVIDIA GeForce RTX 3090 (23.5 GB), mempool limit: 80%
[2026-08-12 05:14:43][INFO] SIM_BRIDGE: Initializing simulation data for model: IZHIKEVICH (3D)... (playback_init: False)
[2026-08-12 05:14:43][INFO] SIM_BRIDGE: RNG initialized with seed: 43
[2026-08-12 05:14:43][INFO] SIM_BRIDGE: Initializing Izhikevich model specifics for 640 neurons...
[2026-08-12 05:14:43][INFO] SIM_BRIDGE: Applying parameter heterogeneity to neuron parameters...
[2026-08-12 05:14:43][INFO] SIM_BRIDGE: Applied heterogeneity to 4 parameters.
[2026-08-12 05:14:43][INFO] SIM_BRIDGE: Initializing OU process state (tau=15.0ms, sigma=0.0pA)...
[2026-08-12 05:14:43][INFO] SIM_BRIDGE: Generating 3D neuron positions for 640 neurons...
[2026-08-12 05:14:43][INFO] SIM_BRIDGE: Generating connections (3D)...
[2026-08-12 05:14:43][INFO] SIM_BRIDGE: Simulation data initialized for 640 neurons (3D). Synapses: 0. GPU memory: 3.2GB/25.3GB (12.5%)
[2026-08-12 05:14:43][INFO] SIM_BRIDGE: ⛔ STDP IS INERT: enable_stdp=True but runtime_state.current_time_ms is still 0.0 after 50 steps. _run_one_simulation_step() does NOT advance the clock (only step_simulation() does), so every spike shares one timestamp, delta_t==0 for every pair, and every STDP update is exactly 0.0. FIX: advance it in your loop -- `bridge.runtime_state.current_time_ms += bridge.core_config.dt_ms` after each step.
[2026-08-12 05:14:49][INFO] SIM_BRIDGE: CuPy using GPU: NVIDIA GeForce RTX 3090 (23.5 GB), mempool limit: 80%
[2026-08-12 05:14:49][INFO] SIM_BRIDGE: Initializing simulation data for model: IZHIKEVICH (3D)... (playback_init: False)
[2026-08-12 05:14:49][INFO] SIM_BRIDGE: RNG initialized with seed: 43
[2026-08-12 05:14:49][INFO] SIM_BRIDGE: Initializing Izhikevich model specifics for 3072 neurons...
[2026-08-12 05:14:49][INFO] SIM_BRIDGE: Applying parameter heterogeneity to neuron parameters...
[2026-08-12 05:14:49][INFO] SIM_BRIDGE: Applied heterogeneity to 4 parameters.
[2026-08-12 05:14:49][INFO] SIM_BRIDGE: Initializing OU process state (tau=15.0ms, sigma=0.0pA)...
[2026-08-12 05:14:49][INFO] SIM_BRIDGE: Generating 3D neuron positions for 3072 neurons...
[2026-08-12 05:14:49][INFO] SIM_BRIDGE: Generating connections (3D)...
[2026-08-12 05:14:49][INFO] SIM_BRIDGE: Simulation data initialized for 3072 neurons (3D). Synapses: 0. GPU memory: 3.2GB/25.3GB (12.5%)
    [growth] mastered tier 4 -> promoted to 8
  [day 2] vocab=18 heard=18 facts= 8 recall=1.00 heldout=1.00 retain=1.00 chain=1.00 moat_fa=0 corr(M,C)=+0.91 tier=8 replay=4 win=2500 (46.6s wake=4.9s)
[2026-08-12 05:14:56][INFO] SIM_BRIDGE: CuPy using GPU: NVIDIA GeForce RTX 3090 (23.5 GB), mempool limit: 80%
[2026-08-12 05:14:56][INFO] SIM_BRIDGE: Initializing simulation data for model: IZHIKEVICH (3D)... (playback_init: False)
[2026-08-12 05:14:56][INFO] SIM_BRIDGE: RNG initialized with seed: 43
[2026-08-12 05:14:56][INFO] SIM_BRIDGE: Initializing Izhikevich model specifics for 126 neurons...
[2026-08-12 05:14:56][INFO] SIM_BRIDGE: Applying parameter heterogeneity to neuron parameters...
[2026-08-12 05:14:56][INFO] SIM_BRIDGE: Applied heterogeneity to 4 parameters.
[2026-08-12 05:14:56][INFO] SIM_BRIDGE: Initializing OU process state (tau=15.0ms, sigma=20.0pA)...
[2026-08-12 05:14:56][INFO] SIM_BRIDGE: Generating 3D neuron positions for 126 neurons...
[2026-08-12 05:14:56][INFO] SIM_BRIDGE: Generating connections (3D)...
[2026-08-12 05:14:56][INFO] SIM_BRIDGE: Simulation data initialized for 126 neurons (3D). Synapses: 0. GPU memory: 3.2GB/25.3GB (12.7%)
[2026-08-12 05:14:56][INFO] SIM_BRIDGE: inject_explicit_wiring: installed 720 synapses across 1 populations.
[2026-08-12 05:15:09][INFO] SIM_BRIDGE: CuPy using GPU: NVIDIA GeForce RTX 3090 (23.5 GB), mempool limit: 80%
[2026-08-12 05:15:09][INFO] SIM_BRIDGE: Initializing simulation data for model: IZHIKEVICH (3D)... (playback_init: False)
[2026-08-12 05:15:09][INFO] SIM_BRIDGE: RNG initialized with seed: 43
[2026-08-12 05:15:09][INFO] SIM_BRIDGE: Initializing Izhikevich model specifics for 224 neurons...
[2026-08-12 05:15:09][INFO] SIM_BRIDGE: Applying parameter heterogeneity to neuron parameters...
[2026-08-12 05:15:09][INFO] SIM_BRIDGE: Applied heterogeneity to 4 parameters.
[2026-08-12 05:15:09][INFO] SIM_BRIDGE: Initializing OU process state (tau=15.0ms, sigma=20.0pA)...
[2026-08-12 05:15:09][INFO] SIM_BRIDGE: Generating 3D neuron positions for 224 neurons...
[2026-08-12 05:15:09][INFO] SIM_BRIDGE: Generating connections (3D)...
[2026-08-12 05:15:09][INFO] SIM_BRIDGE: Simulation data initialized for 224 neurons (3D). Synapses: 0. GPU memory: 3.2GB/25.3GB (12.5%)
[2026-08-12 05:15:09][INFO] SIM_BRIDGE: inject_explicit_wiring: installed 4800 synapses across 1 populations.
[2026-08-12 05:15:28][INFO] SIM_BRIDGE: CuPy using GPU: NVIDIA GeForce RTX 3090 (23.5 GB), mempool limit: 80%
[2026-08-12 05:15:28][INFO] SIM_BRIDGE: Initializing simulation data for model: IZHIKEVICH (3D)... (playback_init: False)
[2026-08-12 05:15:28][INFO] SIM_BRIDGE: Brain-region framework: 2 regions, 2560 total neurons, 2 pathways.
[2026-08-12 05:15:28][INFO] SIM_BRIDGE: RNG initialized with seed: 43
[2026-08-12 05:15:28][INFO] SIM_BRIDGE: NMDA per-region mask: 2 regions enabled (2560 neurons)
[2026-08-12 05:15:28][INFO] SIM_BRIDGE: Initializing Izhikevich model specifics for 2560 neurons...
[2026-08-12 05:15:28][INFO] SIM_BRIDGE: Region 'cortex_ctx' (1280 neurons): using Izh type IZH2007_HIPPO_PYRAMIDAL
[2026-08-12 05:15:28][INFO] SIM_BRIDGE: Region 'dlpfc_wm' (1280 neurons): using Izh type IZH2007_HIPPO_PYRAMIDAL
[2026-08-12 05:15:28][INFO] SIM_BRIDGE: Applying parameter heterogeneity to neuron parameters...
[2026-08-12 05:15:28][INFO] SIM_BRIDGE: Applied heterogeneity to 4 parameters.
[2026-08-12 05:15:28][INFO] SIM_BRIDGE: Generating 3D neuron positions for 2560 neurons...
[2026-08-12 05:15:28][INFO] SIM_BRIDGE: Generating connections (brain-region framework)...
[2026-08-12 05:15:29][INFO] SIM_BRIDGE: inject_explicit_wiring: installed 488783 synapses across 4 populations.
[2026-08-12 05:15:29][INFO] SIM_BRIDGE: Initializing eligibility traces for 488783 synapses (capacity: 733174, dtype: float32)...
[2026-08-12 05:15:29][INFO] SIM_BRIDGE: Initializing STDP state for 2560 neurons...
[2026-08-12 05:15:29][INFO] SIM_BRIDGE: Simulation data initialized for 2560 neurons (3D). Synapses: 488783. GPU memory: 3.2GB/25.3GB (12.5%)
[2026-08-12 05:15:30][INFO] SIM_BRIDGE: CuPy using GPU: NVIDIA GeForce RTX 3090 (23.5 GB), mempool limit: 80%
[2026-08-12 05:15:30][INFO] SIM_BRIDGE: Initializing simulation data for model: IZHIKEVICH (3D)... (playback_init: False)
[2026-08-12 05:15:30][INFO] SIM_BRIDGE: RNG initialized with seed: 43
[2026-08-12 05:15:30][INFO] SIM_BRIDGE: Initializing Izhikevich model specifics for 256 neurons...
[2026-08-12 05:15:30][INFO] SIM_BRIDGE: Applying parameter heterogeneity to neuron parameters...
[2026-08-12 05:15:30][INFO] SIM_BRIDGE: Applied heterogeneity to 4 parameters.
[2026-08-12 05:15:30][INFO] SIM_BRIDGE: Initializing OU process state (tau=15.0ms, sigma=0.0pA)...
[2026-08-12 05:15:30][INFO] SIM_BRIDGE: Generating 3D neuron positions for 256 neurons...
[2026-08-12 05:15:30][INFO] SIM_BRIDGE: Generating connections (3D)...
[2026-08-12 05:15:30][INFO] SIM_BRIDGE: Simulation data initialized for 256 neurons (3D). Synapses: 0. GPU memory: 3.2GB/25.3GB (12.5%)
[2026-08-12 05:15:30][INFO] SIM_BRIDGE: CuPy using GPU: NVIDIA GeForce RTX 3090 (23.5 GB), mempool limit: 80%
[2026-08-12 05:15:30][INFO] SIM_BRIDGE: Initializing simulation data for model: IZHIKEVICH (3D)... (playback_init: False)
[2026-08-12 05:15:30][INFO] SIM_BRIDGE: RNG initialized with seed: 43
[2026-08-12 05:15:30][INFO] SIM_BRIDGE: Initializing Izhikevich model specifics for 640 neurons...
[2026-08-12 05:15:30][INFO] SIM_BRIDGE: Applying parameter heterogeneity to neuron parameters...
[2026-08-12 05:15:30][INFO] SIM_BRIDGE: Applied heterogeneity to 4 parameters.
[2026-08-12 05:15:30][INFO] SIM_BRIDGE: Initializing OU process state (tau=15.0ms, sigma=0.0pA)...
[2026-08-12 05:15:30][INFO] SIM_BRIDGE: Generating 3D neuron positions for 640 neurons...
[2026-08-12 05:15:30][INFO] SIM_BRIDGE: Generating connections (3D)...
[2026-08-12 05:15:30][INFO] SIM_BRIDGE: Simulation data initialized for 640 neurons (3D). Synapses: 0. GPU memory: 3.2GB/25.3GB (12.5%)
[2026-08-12 05:15:30][INFO] SIM_BRIDGE: ⛔ STDP IS INERT: enable_stdp=True but runtime_state.current_time_ms is still 0.0 after 50 steps. _run_one_simulation_step() does NOT advance the clock (only step_simulation() does), so every spike shares one timestamp, delta_t==0 for every pair, and every STDP update is exactly 0.0. FIX: advance it in your loop -- `bridge.runtime_state.current_time_ms += bridge.core_config.dt_ms` after each step.
[2026-08-12 05:15:38][INFO] SIM_BRIDGE: CuPy using GPU: NVIDIA GeForce RTX 3090 (23.5 GB), mempool limit: 80%
[2026-08-12 05:15:38][INFO] SIM_BRIDGE: Initializing simulation data for model: IZHIKEVICH (3D)... (playback_init: False)
[2026-08-12 05:15:38][INFO] SIM_BRIDGE: RNG initialized with seed: 43
[2026-08-12 05:15:38][INFO] SIM_BRIDGE: Initializing Izhikevich model specifics for 4096 neurons...
[2026-08-12 05:15:38][INFO] SIM_BRIDGE: Applying parameter heterogeneity to neuron parameters...
[2026-08-12 05:15:38][INFO] SIM_BRIDGE: Applied heterogeneity to 4 parameters.
[2026-08-12 05:15:38][INFO] SIM_BRIDGE: Initializing OU process state (tau=15.0ms, sigma=0.0pA)...
[2026-08-12 05:15:38][INFO] SIM_BRIDGE: Generating 3D neuron positions for 4096 neurons...
[2026-08-12 05:15:38][INFO] SIM_BRIDGE: Generating connections (3D)...
[2026-08-12 05:15:38][INFO] SIM_BRIDGE: Simulation data initialized for 4096 neurons (3D). Synapses: 0. GPU memory: 3.2GB/25.3GB (12.5%)
  [day 3] vocab=24 heard=24 facts=11 recall=1.00 heldout=0.00 retain=1.00 chain=- moat_fa=0 corr(M,C)=+0.91 tier=8 replay=5 win=2500 (48.1s wake=4.8s)
[2026-08-12 05:15:40][INFO] SIM_BRIDGE: CuPy using GPU: NVIDIA GeForce RTX 3090 (23.5 GB), mempool limit: 80%
[2026-08-12 05:15:40][INFO] SIM_BRIDGE: Initializing simulation data for model: IZHIKEVICH (3D)... (playback_init: False)
[2026-08-12 05:15:40][INFO] SIM_BRIDGE: Brain-region framework: 2 regions, 2700 total neurons, 1 pathways.
[2026-08-12 05:15:40][INFO] SIM_BRIDGE: RNG initialized with seed: 43
[2026-08-12 05:15:40][INFO] SIM_BRIDGE: Initializing Izhikevich model specifics for 2700 neurons...
[2026-08-12 05:15:40][INFO] SIM_BRIDGE: Applying parameter heterogeneity to neuron parameters...
[2026-08-12 05:15:40][INFO] SIM_BRIDGE: Applied heterogeneity to 4 parameters.
[2026-08-12 05:15:40][INFO] SIM_BRIDGE: Generating 3D neuron positions for 2700 neurons...
[2026-08-12 05:15:40][INFO] SIM_BRIDGE: Generating connections (brain-region framework)...
[2026-08-12 05:15:40][INFO] SIM_BRIDGE: Per-synapse STP types: E->E=720000, E->I=0, I->E=0, I->I=0
[2026-08-12 05:15:40][INFO] SIM_BRIDGE: inject_explicit_wiring: installed 720000 synapses across 1 populations.
[2026-08-12 05:15:40][INFO] SIM_BRIDGE: Initializing STP state for 720000 synapses (capacity: 1080000)...
[2026-08-12 05:15:40][INFO] SIM_BRIDGE: Initializing eligibility traces for 720000 synapses (capacity: 1080000, dtype: float32)...
[2026-08-12 05:15:40][INFO] SIM_BRIDGE: Per-synapse STP types: E->E=720000, E->I=0, I->E=0, I->I=0
[2026-08-12 05:15:40][INFO] SIM_BRIDGE: Initializing structural plasticity state...
[2026-08-12 05:15:40][INFO] SIM_BRIDGE: Simulation data initialized for 2700 neurons (3D). Synapses: 720000. GPU memory: 3.2GB/25.3GB (12.5%)
[2026-08-12 05:15:55][INFO] SIM_BRIDGE: CuPy using GPU: NVIDIA GeForce RTX 3090 (23.5 GB), mempool limit: 80%
[2026-08-12 05:15:55][INFO] SIM_BRIDGE: Initializing simulation data for model: IZHIKEVICH (3D)... (playback_init: False)
[2026-08-12 05:15:55][INFO] SIM_BRIDGE: RNG initialized with seed: 43
[2026-08-12 05:15:55][INFO] SIM_BRIDGE: Initializing Izhikevich model specifics for 126 neurons...
[2026-08-12 05:15:55][INFO] SIM_BRIDGE: Applying parameter heterogeneity to neuron parameters...
[2026-08-12 05:15:55][INFO] SIM_BRIDGE: Applied heterogeneity to 4 parameters.
[2026-08-12 05:15:55][INFO] SIM_BRIDGE: Initializing OU process state (tau=15.0ms, sigma=20.0pA)...
[2026-08-12 05:15:55][INFO] SIM_BRIDGE: Generating 3D neuron positions for 126 neurons...
[2026-08-12 05:15:55][INFO] SIM_BRIDGE: Generating connections (3D)...
[2026-08-12 05:15:55][INFO] SIM_BRIDGE: Simulation data initialized for 126 neurons (3D). Synapses: 0. GPU memory: 3.7GB/25.3GB (14.7%)
[2026-08-12 05:15:55][INFO] SIM_BRIDGE: inject_explicit_wiring: installed 720 synapses across 1 populations.
[2026-08-12 05:16:17][INFO] SIM_BRIDGE: CuPy using GPU: NVIDIA GeForce RTX 3090 (23.5 GB), mempool limit: 80%
[2026-08-12 05:16:17][INFO] SIM_BRIDGE: Initializing simulation data for model: IZHIKEVICH (3D)... (playback_init: False)
[2026-08-12 05:16:17][INFO] SIM_BRIDGE: RNG initialized with seed: 43
[2026-08-12 05:16:17][INFO] SIM_BRIDGE: Initializing Izhikevich model specifics for 224 neurons...
[2026-08-12 05:16:17][INFO] SIM_BRIDGE: Applying parameter heterogeneity to neuron parameters...
[2026-08-12 05:16:17][INFO] SIM_BRIDGE: Applied heterogeneity to 4 parameters.
[2026-08-12 05:16:17][INFO] SIM_BRIDGE: Initializing OU process state (tau=15.0ms, sigma=20.0pA)...
[2026-08-12 05:16:17][INFO] SIM_BRIDGE: Generating 3D neuron positions for 224 neurons...
[2026-08-12 05:16:17][INFO] SIM_BRIDGE: Generating connections (3D)...
[2026-08-12 05:16:17][INFO] SIM_BRIDGE: Simulation data initialized for 224 neurons (3D). Synapses: 0. GPU memory: 3.7GB/25.3GB (14.7%)
[2026-08-12 05:16:17][INFO] SIM_BRIDGE: inject_explicit_wiring: installed 4800 synapses across 1 populations.
[2026-08-12 05:16:47][INFO] SIM_BRIDGE: CuPy using GPU: NVIDIA GeForce RTX 3090 (23.5 GB), mempool limit: 80%
[2026-08-12 05:16:47][INFO] SIM_BRIDGE: Initializing simulation data for model: IZHIKEVICH (3D)... (playback_init: False)
[2026-08-12 05:16:47][INFO] SIM_BRIDGE: Brain-region framework: 2 regions, 2560 total neurons, 2 pathways.
[2026-08-12 05:16:47][INFO] SIM_BRIDGE: RNG initialized with seed: 43
[2026-08-12 05:16:47][INFO] SIM_BRIDGE: NMDA per-region mask: 2 regions enabled (2560 neurons)
[2026-08-12 05:16:47][INFO] SIM_BRIDGE: Initializing Izhikevich model specifics for 2560 neurons...
[2026-08-12 05:16:47][INFO] SIM_BRIDGE: Region 'cortex_ctx' (1280 neurons): using Izh type IZH2007_HIPPO_PYRAMIDAL
[2026-08-12 05:16:47][INFO] SIM_BRIDGE: Region 'dlpfc_wm' (1280 neurons): using Izh type IZH2007_HIPPO_PYRAMIDAL
[2026-08-12 05:16:47][INFO] SIM_BRIDGE: Applying parameter heterogeneity to neuron parameters...
[2026-08-12 05:16:47][INFO] SIM_BRIDGE: Applied heterogeneity to 4 parameters.
[2026-08-12 05:16:47][INFO] SIM_BRIDGE: Generating 3D neuron positions for 2560 neurons...
[2026-08-12 05:16:47][INFO] SIM_BRIDGE: Generating connections (brain-region framework)...
[2026-08-12 05:16:48][INFO] SIM_BRIDGE: inject_explicit_wiring: installed 488783 synapses across 4 populations.
[2026-08-12 05:16:48][INFO] SIM_BRIDGE: Initializing eligibility traces for 488783 synapses (capacity: 733174, dtype: float32)...
[2026-08-12 05:16:48][INFO] SIM_BRIDGE: Initializing STDP state for 2560 neurons...
[2026-08-12 05:16:48][INFO] SIM_BRIDGE: Simulation data initialized for 2560 neurons (3D). Synapses: 488783. GPU memory: 3.7GB/25.3GB (14.7%)
[2026-08-12 05:16:49][INFO] SIM_BRIDGE: CuPy using GPU: NVIDIA GeForce RTX 3090 (23.5 GB), mempool limit: 80%
[2026-08-12 05:16:49][INFO] SIM_BRIDGE: Initializing simulation data for model: IZHIKEVICH (3D)... (playback_init: False)
[2026-08-12 05:16:49][INFO] SIM_BRIDGE: RNG initialized with seed: 43
[2026-08-12 05:16:49][INFO] SIM_BRIDGE: Initializing Izhikevich model specifics for 256 neurons...
[2026-08-12 05:16:49][INFO] SIM_BRIDGE: Applying parameter heterogeneity to neuron parameters...
[2026-08-12 05:16:49][INFO] SIM_BRIDGE: Applied heterogeneity to 4 parameters.
[2026-08-12 05:16:49][INFO] SIM_BRIDGE: Initializing OU process state (tau=15.0ms, sigma=0.0pA)...
[2026-08-12 05:16:49][INFO] SIM_BRIDGE: Generating 3D neuron positions for 256 neurons...
[2026-08-12 05:16:49][INFO] SIM_BRIDGE: Generating connections (3D)...
[2026-08-12 05:16:49][INFO] SIM_BRIDGE: Simulation data initialized for 256 neurons (3D). Synapses: 0. GPU memory: 3.7GB/25.3GB (14.7%)
[2026-08-12 05:16:49][INFO] SIM_BRIDGE: CuPy using GPU: NVIDIA GeForce RTX 3090 (23.5 GB), mempool limit: 80%
[2026-08-12 05:16:49][INFO] SIM_BRIDGE: Initializing simulation data for model: IZHIKEVICH (3D)... (playback_init: False)
[2026-08-12 05:16:49][INFO] SIM_BRIDGE: RNG initialized with seed: 43
[2026-08-12 05:16:49][INFO] SIM_BRIDGE: Initializing Izhikevich model specifics for 640 neurons...
[2026-08-12 05:16:49][INFO] SIM_BRIDGE: Applying parameter heterogeneity to neuron parameters...
[2026-08-12 05:16:49][INFO] SIM_BRIDGE: Applied heterogeneity to 4 parameters.
[2026-08-12 05:16:49][INFO] SIM_BRIDGE: Initializing OU process state (tau=15.0ms, sigma=0.0pA)...
[2026-08-12 05:16:49][INFO] SIM_BRIDGE: Generating 3D neuron positions for 640 neurons...
[2026-08-12 05:16:49][INFO] SIM_BRIDGE: Generating connections (3D)...
[2026-08-12 05:16:49][INFO] SIM_BRIDGE: Simulation data initialized for 640 neurons (3D). Synapses: 0. GPU memory: 3.7GB/25.3GB (14.7%)
[2026-08-12 05:16:49][INFO] SIM_BRIDGE: ⛔ STDP IS INERT: enable_stdp=True but runtime_state.current_time_ms is still 0.0 after 50 steps. _run_one_simulation_step() does NOT advance the clock (only step_simulation() does), so every spike shares one timestamp, delta_t==0 for every pair, and every STDP update is exactly 0.0. FIX: advance it in your loop -- `bridge.runtime_state.current_time_ms += bridge.core_config.dt_ms` after each step.
[2026-08-12 05:17:03][INFO] SIM_BRIDGE: CuPy using GPU: NVIDIA GeForce RTX 3090 (23.5 GB), mempool limit: 80%
[2026-08-12 05:17:03][INFO] SIM_BRIDGE: Initializing simulation data for model: IZHIKEVICH (3D)... (playback_init: False)
[2026-08-12 05:17:03][INFO] SIM_BRIDGE: RNG initialized with seed: 43
[2026-08-12 05:17:03][INFO] SIM_BRIDGE: Initializing Izhikevich model specifics for 4608 neurons...
[2026-08-12 05:17:03][INFO] SIM_BRIDGE: Applying parameter heterogeneity to neuron parameters...
[2026-08-12 05:17:03][INFO] SIM_BRIDGE: Applied heterogeneity to 4 parameters.
[2026-08-12 05:17:03][INFO] SIM_BRIDGE: Initializing OU process state (tau=15.0ms, sigma=0.0pA)...
[2026-08-12 05:17:03][INFO] SIM_BRIDGE: Generating 3D neuron positions for 4608 neurons...
[2026-08-12 05:17:03][INFO] SIM_BRIDGE: Generating connections (3D)...
[2026-08-12 05:17:03][INFO] SIM_BRIDGE: Simulation data initialized for 4608 neurons (3D). Synapses: 0. GPU memory: 3.7GB/25.3GB (14.8%)
[2026-08-12 05:17:04][INFO] SIM_BRIDGE: CuPy using GPU: NVIDIA GeForce RTX 3090 (23.5 GB), mempool limit: 80%
[2026-08-12 05:17:04][INFO] SIM_BRIDGE: Initializing simulation data for model: IZHIKEVICH (3D)... (playback_init: False)
[2026-08-12 05:17:04][INFO] SIM_BRIDGE: Brain-region framework: 2 regions, 2700 total neurons, 1 pathways.
[2026-08-12 05:17:04][INFO] SIM_BRIDGE: RNG initialized with seed: 43
[2026-08-12 05:17:04][INFO] SIM_BRIDGE: Initializing Izhikevich model specifics for 2700 neurons...
[2026-08-12 05:17:04][INFO] SIM_BRIDGE: Applying parameter heterogeneity to neuron parameters...
[2026-08-12 05:17:04][INFO] SIM_BRIDGE: Applied heterogeneity to 4 parameters.
[2026-08-12 05:17:04][INFO] SIM_BRIDGE: Generating 3D neuron positions for 2700 neurons...
[2026-08-12 05:17:04][INFO] SIM_BRIDGE: Generating connections (brain-region framework)...
[2026-08-12 05:17:05][INFO] SIM_BRIDGE: Per-synapse STP types: E->E=720000, E->I=0, I->E=0, I->I=0
[2026-08-12 05:17:05][INFO] SIM_BRIDGE: inject_explicit_wiring: installed 720000 synapses across 1 populations.
[2026-08-12 05:17:05][INFO] SIM_BRIDGE: Initializing STP state for 720000 synapses (capacity: 1080000)...
[2026-08-12 05:17:05][INFO] SIM_BRIDGE: Initializing eligibility traces for 720000 synapses (capacity: 1080000, dtype: float32)...
[2026-08-12 05:17:05][INFO] SIM_BRIDGE: Per-synapse STP types: E->E=720000, E->I=0, I->E=0, I->I=0
[2026-08-12 05:17:05][INFO] SIM_BRIDGE: Initializing structural plasticity state...
[2026-08-12 05:17:05][INFO] SIM_BRIDGE: Simulation data initialized for 2700 neurons (3D). Synapses: 720000. GPU memory: 3.7GB/25.3GB (14.8%)
[2026-08-12 05:17:12][INFO] SIM_BRIDGE: CuPy using GPU: NVIDIA GeForce RTX 3090 (23.5 GB), mempool limit: 80%
[2026-08-12 05:17:12][INFO] SIM_BRIDGE: Initializing simulation data for model: IZHIKEVICH (3D)... (playback_init: False)
[2026-08-12 05:17:12][INFO] SIM_BRIDGE: RNG initialized with seed: 43
[2026-08-12 05:17:12][INFO] SIM_BRIDGE: Initializing Izhikevich model specifics for 126 neurons...
[2026-08-12 05:17:12][INFO] SIM_BRIDGE: Applying parameter heterogeneity to neuron parameters...
[2026-08-12 05:17:12][INFO] SIM_BRIDGE: Applied heterogeneity to 4 parameters.
[2026-08-12 05:17:12][INFO] SIM_BRIDGE: Initializing OU process state (tau=15.0ms, sigma=20.0pA)...
[2026-08-12 05:17:12][INFO] SIM_BRIDGE: Generating 3D neuron positions for 126 neurons...
[2026-08-12 05:17:12][INFO] SIM_BRIDGE: Generating connections (3D)...
[2026-08-12 05:17:12][INFO] SIM_BRIDGE: Simulation data initialized for 126 neurons (3D). Synapses: 0. GPU memory: 3.7GB/25.3GB (14.7%)
[2026-08-12 05:17:12][INFO] SIM_BRIDGE: inject_explicit_wiring: installed 720 synapses across 1 populations.
[2026-08-12 05:17:33][INFO] SIM_BRIDGE: CuPy using GPU: NVIDIA GeForce RTX 3090 (23.5 GB), mempool limit: 80%
[2026-08-12 05:17:33][INFO] SIM_BRIDGE: Initializing simulation data for model: IZHIKEVICH (3D)... (playback_init: False)
[2026-08-12 05:17:33][INFO] SIM_BRIDGE: RNG initialized with seed: 43
[2026-08-12 05:17:33][INFO] SIM_BRIDGE: Initializing Izhikevich model specifics for 224 neurons...
[2026-08-12 05:17:33][INFO] SIM_BRIDGE: Applying parameter heterogeneity to neuron parameters...
[2026-08-12 05:17:33][INFO] SIM_BRIDGE: Applied heterogeneity to 4 parameters.
[2026-08-12 05:17:33][INFO] SIM_BRIDGE: Initializing OU process state (tau=15.0ms, sigma=20.0pA)...
[2026-08-12 05:17:33][INFO] SIM_BRIDGE: Generating 3D neuron positions for 224 neurons...
[2026-08-12 05:17:33][INFO] SIM_BRIDGE: Generating connections (3D)...
[2026-08-12 05:17:33][INFO] SIM_BRIDGE: Simulation data initialized for 224 neurons (3D). Synapses: 0. GPU memory: 3.7GB/25.3GB (14.7%)
[2026-08-12 05:17:33][INFO] SIM_BRIDGE: inject_explicit_wiring: installed 4800 synapses across 1 populations.
[2026-08-12 05:18:05][INFO] SIM_BRIDGE: CuPy using GPU: NVIDIA GeForce RTX 3090 (23.5 GB), mempool limit: 80%
[2026-08-12 05:18:05][INFO] SIM_BRIDGE: Initializing simulation data for model: IZHIKEVICH (3D)... (playback_init: False)
[2026-08-12 05:18:05][INFO] SIM_BRIDGE: Brain-region framework: 2 regions, 2560 total neurons, 2 pathways.
[2026-08-12 05:18:05][INFO] SIM_BRIDGE: RNG initialized with seed: 43
[2026-08-12 05:18:05][INFO] SIM_BRIDGE: NMDA per-region mask: 2 regions enabled (2560 neurons)
[2026-08-12 05:18:05][INFO] SIM_BRIDGE: Initializing Izhikevich model specifics for 2560 neurons...
[2026-08-12 05:18:05][INFO] SIM_BRIDGE: Region 'cortex_ctx' (1280 neurons): using Izh type IZH2007_HIPPO_PYRAMIDAL
[2026-08-12 05:18:05][INFO] SIM_BRIDGE: Region 'dlpfc_wm' (1280 neurons): using Izh type IZH2007_HIPPO_PYRAMIDAL
[2026-08-12 05:18:05][INFO] SIM_BRIDGE: Applying parameter heterogeneity to neuron parameters...
[2026-08-12 05:18:05][INFO] SIM_BRIDGE: Applied heterogeneity to 4 parameters.
[2026-08-12 05:18:05][INFO] SIM_BRIDGE: Generating 3D neuron positions for 2560 neurons...
[2026-08-12 05:18:05][INFO] SIM_BRIDGE: Generating connections (brain-region framework)...
[2026-08-12 05:18:06][INFO] SIM_BRIDGE: inject_explicit_wiring: installed 488783 synapses across 4 populations.
[2026-08-12 05:18:06][INFO] SIM_BRIDGE: Initializing eligibility traces for 488783 synapses (capacity: 733174, dtype: float32)...
[2026-08-12 05:18:06][INFO] SIM_BRIDGE: Initializing STDP state for 2560 neurons...
[2026-08-12 05:18:06][INFO] SIM_BRIDGE: Simulation data initialized for 2560 neurons (3D). Synapses: 488783. GPU memory: 3.8GB/25.3GB (14.9%)
[2026-08-12 05:18:14][INFO] SIM_BRIDGE: CuPy using GPU: NVIDIA GeForce RTX 3090 (23.5 GB), mempool limit: 80%
[2026-08-12 05:18:14][INFO] SIM_BRIDGE: Initializing simulation data for model: IZHIKEVICH (3D)... (playback_init: False)
[2026-08-12 05:18:14][INFO] SIM_BRIDGE: RNG initialized with seed: 43
[2026-08-12 05:18:14][INFO] SIM_BRIDGE: Initializing Izhikevich model specifics for 126 neurons...
[2026-08-12 05:18:14][INFO] SIM_BRIDGE: Applying parameter heterogeneity to neuron parameters...
[2026-08-12 05:18:14][INFO] SIM_BRIDGE: Applied heterogeneity to 4 parameters.
[2026-08-12 05:18:14][INFO] SIM_BRIDGE: Initializing OU process state (tau=15.0ms, sigma=20.0pA)...
[2026-08-12 05:18:14][INFO] SIM_BRIDGE: Generating 3D neuron positions for 126 neurons...
[2026-08-12 05:18:14][INFO] SIM_BRIDGE: Generating connections (3D)...
[2026-08-12 05:18:14][INFO] SIM_BRIDGE: Simulation data initialized for 126 neurons (3D). Synapses: 0. GPU memory: 3.7GB/25.3GB (14.7%)
[2026-08-12 05:18:14][INFO] SIM_BRIDGE: inject_explicit_wiring: installed 720 synapses across 1 populations.
[2026-08-12 05:18:35][INFO] SIM_BRIDGE: CuPy using GPU: NVIDIA GeForce RTX 3090 (23.5 GB), mempool limit: 80%
[2026-08-12 05:18:35][INFO] SIM_BRIDGE: Initializing simulation data for model: IZHIKEVICH (3D)... (playback_init: False)
[2026-08-12 05:18:35][INFO] SIM_BRIDGE: RNG initialized with seed: 43
[2026-08-12 05:18:35][INFO] SIM_BRIDGE: Initializing Izhikevich model specifics for 224 neurons...
[2026-08-12 05:18:35][INFO] SIM_BRIDGE: Applying parameter heterogeneity to neuron parameters...
[2026-08-12 05:18:35][INFO] SIM_BRIDGE: Applied heterogeneity to 4 parameters.
[2026-08-12 05:18:35][INFO] SIM_BRIDGE: Initializing OU process state (tau=15.0ms, sigma=20.0pA)...
[2026-08-12 05:18:35][INFO] SIM_BRIDGE: Generating 3D neuron positions for 224 neurons...
[2026-08-12 05:18:35][INFO] SIM_BRIDGE: Generating connections (3D)...
[2026-08-12 05:18:35][INFO] SIM_BRIDGE: Simulation data initialized for 224 neurons (3D). Synapses: 0. GPU memory: 3.7GB/25.3GB (14.7%)
[2026-08-12 05:18:35][INFO] SIM_BRIDGE: inject_explicit_wiring: installed 4800 synapses across 1 populations.
[2026-08-12 05:19:06][INFO] SIM_BRIDGE: CuPy using GPU: NVIDIA GeForce RTX 3090 (23.5 GB), mempool limit: 80%
[2026-08-12 05:19:06][INFO] SIM_BRIDGE: Initializing simulation data for model: IZHIKEVICH (3D)... (playback_init: False)
[2026-08-12 05:19:06][INFO] SIM_BRIDGE: Brain-region framework: 2 regions, 2560 total neurons, 2 pathways.
[2026-08-12 05:19:06][INFO] SIM_BRIDGE: RNG initialized with seed: 43
[2026-08-12 05:19:06][INFO] SIM_BRIDGE: NMDA per-region mask: 2 regions enabled (2560 neurons)
[2026-08-12 05:19:06][INFO] SIM_BRIDGE: Initializing Izhikevich model specifics for 2560 neurons...
[2026-08-12 05:19:06][INFO] SIM_BRIDGE: Region 'cortex_ctx' (1280 neurons): using Izh type IZH2007_HIPPO_PYRAMIDAL
[2026-08-12 05:19:06][INFO] SIM_BRIDGE: Region 'dlpfc_wm' (1280 neurons): using Izh type IZH2007_HIPPO_PYRAMIDAL
[2026-08-12 05:19:06][INFO] SIM_BRIDGE: Applying parameter heterogeneity to neuron parameters...
[2026-08-12 05:19:06][INFO] SIM_BRIDGE: Applied heterogeneity to 4 parameters.
[2026-08-12 05:19:06][INFO] SIM_BRIDGE: Generating 3D neuron positions for 2560 neurons...
[2026-08-12 05:19:06][INFO] SIM_BRIDGE: Generating connections (brain-region framework)...
[2026-08-12 05:19:07][INFO] SIM_BRIDGE: inject_explicit_wiring: installed 488783 synapses across 4 populations.
[2026-08-12 05:19:07][INFO] SIM_BRIDGE: Initializing eligibility traces for 488783 synapses (capacity: 733174, dtype: float32)...
[2026-08-12 05:19:07][INFO] SIM_BRIDGE: Initializing STDP state for 2560 neurons...
[2026-08-12 05:19:07][INFO] SIM_BRIDGE: Simulation data initialized for 2560 neurons (3D). Synapses: 488783. GPU memory: 3.7GB/25.3GB (14.7%)
[2026-08-12 05:19:16][INFO] SIM_BRIDGE: CuPy using GPU: NVIDIA GeForce RTX 3090 (23.5 GB), mempool limit: 80%
[2026-08-12 05:19:16][INFO] SIM_BRIDGE: Initializing simulation data for model: IZHIKEVICH (3D)... (playback_init: False)
[2026-08-12 05:19:16][INFO] SIM_BRIDGE: RNG initialized with seed: 43
[2026-08-12 05:19:16][INFO] SIM_BRIDGE: Initializing Izhikevich model specifics for 126 neurons...
[2026-08-12 05:19:16][INFO] SIM_BRIDGE: Applying parameter heterogeneity to neuron parameters...
[2026-08-12 05:19:16][INFO] SIM_BRIDGE: Applied heterogeneity to 4 parameters.
[2026-08-12 05:19:16][INFO] SIM_BRIDGE: Initializing OU process state (tau=15.0ms, sigma=20.0pA)...
[2026-08-12 05:19:16][INFO] SIM_BRIDGE: Generating 3D neuron positions for 126 neurons...
[2026-08-12 05:19:16][INFO] SIM_BRIDGE: Generating connections (3D)...
[2026-08-12 05:19:16][INFO] SIM_BRIDGE: Simulation data initialized for 126 neurons (3D). Synapses: 0. GPU memory: 3.7GB/25.3GB (14.8%)
[2026-08-12 05:19:16][INFO] SIM_BRIDGE: inject_explicit_wiring: installed 720 synapses across 1 populations.
[2026-08-12 05:19:43][INFO] SIM_BRIDGE: CuPy using GPU: NVIDIA GeForce RTX 3090 (23.5 GB), mempool limit: 80%
[2026-08-12 05:19:43][INFO] SIM_BRIDGE: Initializing simulation data for model: IZHIKEVICH (3D)... (playback_init: False)
[2026-08-12 05:19:43][INFO] SIM_BRIDGE: RNG initialized with seed: 43
[2026-08-12 05:19:43][INFO] SIM_BRIDGE: Initializing Izhikevich model specifics for 224 neurons...
[2026-08-12 05:19:43][INFO] SIM_BRIDGE: Applying parameter heterogeneity to neuron parameters...
[2026-08-12 05:19:43][INFO] SIM_BRIDGE: Applied heterogeneity to 4 parameters.
[2026-08-12 05:19:43][INFO] SIM_BRIDGE: Initializing OU process state (tau=15.0ms, sigma=20.0pA)...
[2026-08-12 05:19:43][INFO] SIM_BRIDGE: Generating 3D neuron positions for 224 neurons...
[2026-08-12 05:19:43][INFO] SIM_BRIDGE: Generating connections (3D)...
[2026-08-12 05:19:43][INFO] SIM_BRIDGE: Simulation data initialized for 224 neurons (3D). Synapses: 0. GPU memory: 3.7GB/25.3GB (14.8%)
[2026-08-12 05:19:43][INFO] SIM_BRIDGE: inject_explicit_wiring: installed 4800 synapses across 1 populations.
[2026-08-12 05:20:15][INFO] SIM_BRIDGE: CuPy using GPU: NVIDIA GeForce RTX 3090 (23.5 GB), mempool limit: 80%
[2026-08-12 05:20:15][INFO] SIM_BRIDGE: Initializing simulation data for model: IZHIKEVICH (3D)... (playback_init: False)
[2026-08-12 05:20:15][INFO] SIM_BRIDGE: Brain-region framework: 2 regions, 2560 total neurons, 2 pathways.
[2026-08-12 05:20:15][INFO] SIM_BRIDGE: RNG initialized with seed: 43
[2026-08-12 05:20:15][INFO] SIM_BRIDGE: NMDA per-region mask: 2 regions enabled (2560 neurons)
[2026-08-12 05:20:15][INFO] SIM_BRIDGE: Initializing Izhikevich model specifics for 2560 neurons...
[2026-08-12 05:20:15][INFO] SIM_BRIDGE: Region 'cortex_ctx' (1280 neurons): using Izh type IZH2007_HIPPO_PYRAMIDAL
[2026-08-12 05:20:15][INFO] SIM_BRIDGE: Region 'dlpfc_wm' (1280 neurons): using Izh type IZH2007_HIPPO_PYRAMIDAL
[2026-08-12 05:20:15][INFO] SIM_BRIDGE: Applying parameter heterogeneity to neuron parameters...
[2026-08-12 05:20:15][INFO] SIM_BRIDGE: Applied heterogeneity to 4 parameters.
[2026-08-12 05:20:15][INFO] SIM_BRIDGE: Generating 3D neuron positions for 2560 neurons...
[2026-08-12 05:20:15][INFO] SIM_BRIDGE: Generating connections (brain-region framework)...
[2026-08-12 05:20:15][INFO] SIM_BRIDGE: inject_explicit_wiring: installed 488783 synapses across 4 populations.
[2026-08-12 05:20:15][INFO] SIM_BRIDGE: Initializing eligibility traces for 488783 synapses (capacity: 733174, dtype: float32)...
[2026-08-12 05:20:15][INFO] SIM_BRIDGE: Initializing STDP state for 2560 neurons...
[2026-08-12 05:20:15][INFO] SIM_BRIDGE: Simulation data initialized for 2560 neurons (3D). Synapses: 488783. GPU memory: 3.7GB/25.3GB (14.8%)
[2026-08-12 05:20:22][INFO] SIM_BRIDGE: CuPy using GPU: NVIDIA GeForce RTX 3090 (23.5 GB), mempool limit: 80%
[2026-08-12 05:20:22][INFO] SIM_BRIDGE: Initializing simulation data for model: IZHIKEVICH (3D)... (playback_init: False)
[2026-08-12 05:20:22][INFO] SIM_BRIDGE: RNG initialized with seed: 43
[2026-08-12 05:20:22][INFO] SIM_BRIDGE: Initializing Izhikevich model specifics for 126 neurons...
[2026-08-12 05:20:22][INFO] SIM_BRIDGE: Applying parameter heterogeneity to neuron parameters...
[2026-08-12 05:20:22][INFO] SIM_BRIDGE: Applied heterogeneity to 4 parameters.
[2026-08-12 05:20:22][INFO] SIM_BRIDGE: Initializing OU process state (tau=15.0ms, sigma=20.0pA)...
[2026-08-12 05:20:22][INFO] SIM_BRIDGE: Generating 3D neuron positions for 126 neurons...
[2026-08-12 05:20:22][INFO] SIM_BRIDGE: Generating connections (3D)...
[2026-08-12 05:20:22][INFO] SIM_BRIDGE: Simulation data initialized for 126 neurons (3D). Synapses: 0. GPU memory: 3.7GB/25.3GB (14.6%)
[2026-08-12 05:20:22][INFO] SIM_BRIDGE: inject_explicit_wiring: installed 720 synapses across 1 populations.
[2026-08-12 05:20:44][INFO] SIM_BRIDGE: CuPy using GPU: NVIDIA GeForce RTX 3090 (23.5 GB), mempool limit: 80%
[2026-08-12 05:20:44][INFO] SIM_BRIDGE: Initializing simulation data for model: IZHIKEVICH (3D)... (playback_init: False)
[2026-08-12 05:20:44][INFO] SIM_BRIDGE: RNG initialized with seed: 43
[2026-08-12 05:20:44][INFO] SIM_BRIDGE: Initializing Izhikevich model specifics for 224 neurons...
[2026-08-12 05:20:44][INFO] SIM_BRIDGE: Applying parameter heterogeneity to neuron parameters...
[2026-08-12 05:20:44][INFO] SIM_BRIDGE: Applied heterogeneity to 4 parameters.
[2026-08-12 05:20:44][INFO] SIM_BRIDGE: Initializing OU process state (tau=15.0ms, sigma=20.0pA)...
[2026-08-12 05:20:44][INFO] SIM_BRIDGE: Generating 3D neuron positions for 224 neurons...
[2026-08-12 05:20:44][INFO] SIM_BRIDGE: Generating connections (3D)...
[2026-08-12 05:20:44][INFO] SIM_BRIDGE: Simulation data initialized for 224 neurons (3D). Synapses: 0. GPU memory: 3.7GB/25.3GB (14.6%)
[2026-08-12 05:20:44][INFO] SIM_BRIDGE: inject_explicit_wiring: installed 4800 synapses across 1 populations.
[2026-08-12 05:21:15][INFO] SIM_BRIDGE: CuPy using GPU: NVIDIA GeForce RTX 3090 (23.5 GB), mempool limit: 80%
[2026-08-12 05:21:15][INFO] SIM_BRIDGE: Initializing simulation data for model: IZHIKEVICH (3D)... (playback_init: False)
[2026-08-12 05:21:15][INFO] SIM_BRIDGE: Brain-region framework: 2 regions, 2560 total neurons, 2 pathways.
[2026-08-12 05:21:15][INFO] SIM_BRIDGE: RNG initialized with seed: 43
[2026-08-12 05:21:15][INFO] SIM_BRIDGE: NMDA per-region mask: 2 regions enabled (2560 neurons)
[2026-08-12 05:21:15][INFO] SIM_BRIDGE: Initializing Izhikevich model specifics for 2560 neurons...
[2026-08-12 05:21:15][INFO] SIM_BRIDGE: Region 'cortex_ctx' (1280 neurons): using Izh type IZH2007_HIPPO_PYRAMIDAL
[2026-08-12 05:21:15][INFO] SIM_BRIDGE: Region 'dlpfc_wm' (1280 neurons): using Izh type IZH2007_HIPPO_PYRAMIDAL
[2026-08-12 05:21:15][INFO] SIM_BRIDGE: Applying parameter heterogeneity to neuron parameters...
[2026-08-12 05:21:15][INFO] SIM_BRIDGE: Applied heterogeneity to 4 parameters.
[2026-08-12 05:21:15][INFO] SIM_BRIDGE: Generating 3D neuron positions for 2560 neurons...
[2026-08-12 05:21:15][INFO] SIM_BRIDGE: Generating connections (brain-region framework)...
[2026-08-12 05:21:16][INFO] SIM_BRIDGE: inject_explicit_wiring: installed 488783 synapses across 4 populations.
[2026-08-12 05:21:16][INFO] SIM_BRIDGE: Initializing eligibility traces for 488783 synapses (capacity: 733174, dtype: float32)...
[2026-08-12 05:21:16][INFO] SIM_BRIDGE: Initializing STDP state for 2560 neurons...
[2026-08-12 05:21:16][INFO] SIM_BRIDGE: Simulation data initialized for 2560 neurons (3D). Synapses: 488783. GPU memory: 3.7GB/25.3GB (14.6%)

==============================================================================================================
  VERDICT: GO — the L0 longitudinal-development loop runs at GPU scale with REAL stream-cortex code-learning (corr(M,C) mean +0.92), day-over-day development (vocab 6->24, heard 6->24, facts 2->11), retention holds (1.00), moat 0-FA, a tier fired, persistence resumes, frozen-brain anti-cheat holds. Per-day 55.3s; compressed-week ETA ~6.4 min. READY for the 6-seed compressed-week.
  [saved] research/findings/raw/_longitudinal_develop_loop_gpu_smoke.json  (wall 559.7s)
==============================================================================================================
[provenance] stamped 10 artifact(s) | run_id 1786525916-504179
