[sc-pv] arm=host seed=102 grid=32 n_steps=1800 warmup=600 scw=18.0 sigma=1.0 gain=1.0 with_conv=False
[2026-06-21 13:39:17][INFO] SIM_BRIDGE: CuPy using GPU: NVIDIA GeForce RTX 3090 (24.0 GB), mempool limit: 80%
[2026-06-21 13:39:17][INFO] SIM_BRIDGE: Initializing simulation data for model: IZHIKEVICH (3D)... (playback_init: False)
[2026-06-21 13:39:17][INFO] SIM_BRIDGE: Brain-region framework: 60 regions, 5042 total neurons, 140 pathways.
[2026-06-21 13:39:17][INFO] SIM_BRIDGE: RNG initialized with seed: 102
[2026-06-21 13:39:17][INFO] SIM_BRIDGE: NMDA per-region mask: 12 regions enabled (300 neurons)
[2026-06-21 13:39:17][INFO] SIM_BRIDGE: Initializing Izhikevich model specifics for 5042 neurons...
[2026-06-21 13:39:17][INFO] SIM_BRIDGE: Region 'cortex_N' (25 neurons): using Izh type IZH2007_RS_CORTICAL_PYRAMIDAL
[2026-06-21 13:39:17][INFO] SIM_BRIDGE: Region 'cortex_E' (25 neurons): using Izh type IZH2007_RS_CORTICAL_PYRAMIDAL
[2026-06-21 13:39:17][INFO] SIM_BRIDGE: Region 'cortex_S' (25 neurons): using Izh type IZH2007_RS_CORTICAL_PYRAMIDAL
[2026-06-21 13:39:17][INFO] SIM_BRIDGE: Region 'cortex_W' (25 neurons): using Izh type IZH2007_RS_CORTICAL_PYRAMIDAL
[2026-06-21 13:39:17][INFO] SIM_BRIDGE: Region 'str_D1_N' (50 neurons): using Izh type IZH2007_STRIATAL_MSN_D1
[2026-06-21 13:39:17][INFO] SIM_BRIDGE: Region 'str_D2_N' (50 neurons): using Izh type IZH2007_STRIATAL_MSN_D2
[2026-06-21 13:39:17][INFO] SIM_BRIDGE: Region 'str_D1_E' (50 neurons): using Izh type IZH2007_STRIATAL_MSN_D1
[2026-06-21 13:39:17][INFO] SIM_BRIDGE: Region 'str_D2_E' (50 neurons): using Izh type IZH2007_STRIATAL_MSN_D2
[2026-06-21 13:39:17][INFO] SIM_BRIDGE: Region 'str_D1_S' (50 neurons): using Izh type IZH2007_STRIATAL_MSN_D1
[2026-06-21 13:39:17][INFO] SIM_BRIDGE: Region 'str_D2_S' (50 neurons): using Izh type IZH2007_STRIATAL_MSN_D2
[2026-06-21 13:39:17][INFO] SIM_BRIDGE: Region 'str_D1_W' (50 neurons): using Izh type IZH2007_STRIATAL_MSN_D1
[2026-06-21 13:39:17][INFO] SIM_BRIDGE: Region 'str_D2_W' (50 neurons): using Izh type IZH2007_STRIATAL_MSN_D2
[2026-06-21 13:39:17][INFO] SIM_BRIDGE: Region 'str_PV_FSI_N' (5 neurons): using Izh type IZH2007_FS_CORTICAL_INTERNEURON
[2026-06-21 13:39:17][INFO] SIM_BRIDGE: Region 'str_PV_FSI_E' (5 neurons): using Izh type IZH2007_FS_CORTICAL_INTERNEURON
[2026-06-21 13:39:17][INFO] SIM_BRIDGE: Region 'str_PV_FSI_S' (5 neurons): using Izh type IZH2007_FS_CORTICAL_INTERNEURON
[2026-06-21 13:39:17][INFO] SIM_BRIDGE: Region 'str_PV_FSI_W' (5 neurons): using Izh type IZH2007_FS_CORTICAL_INTERNEURON
[2026-06-21 13:39:17][INFO] SIM_BRIDGE: Region 'gpe_N' (10 neurons): using Izh type IZH2007_GPE_PACEMAKER
[2026-06-21 13:39:17][INFO] SIM_BRIDGE: Region 'gpe_arky_N' (4 neurons): using Izh type IZH2007_GPE_PACEMAKER
[2026-06-21 13:39:17][INFO] SIM_BRIDGE: Region 'gpi_N' (10 neurons): using Izh type IZH2007_GPI_OUTPUT
[2026-06-21 13:39:17][INFO] SIM_BRIDGE: Region 'str_striosome_N' (8 neurons): using Izh type IZH2007_STRIATAL_MSN_D1
[2026-06-21 13:39:17][INFO] SIM_BRIDGE: Region 'gpe_E' (10 neurons): using Izh type IZH2007_GPE_PACEMAKER
[2026-06-21 13:39:17][INFO] SIM_BRIDGE: Region 'gpe_arky_E' (4 neurons): using Izh type IZH2007_GPE_PACEMAKER
[2026-06-21 13:39:17][INFO] SIM_BRIDGE: Region 'gpi_E' (10 neurons): using Izh type IZH2007_GPI_OUTPUT
[2026-06-21 13:39:17][INFO] SIM_BRIDGE: Region 'str_striosome_E' (8 neurons): using Izh type IZH2007_STRIATAL_MSN_D1
[2026-06-21 13:39:17][INFO] SIM_BRIDGE: Region 'gpe_S' (10 neurons): using Izh type IZH2007_GPE_PACEMAKER
[2026-06-21 13:39:17][INFO] SIM_BRIDGE: Region 'gpe_arky_S' (4 neurons): using Izh type IZH2007_GPE_PACEMAKER
[2026-06-21 13:39:17][INFO] SIM_BRIDGE: Region 'gpi_S' (10 neurons): using Izh type IZH2007_GPI_OUTPUT
[2026-06-21 13:39:17][INFO] SIM_BRIDGE: Region 'str_striosome_S' (8 neurons): using Izh type IZH2007_STRIATAL_MSN_D1
[2026-06-21 13:39:17][INFO] SIM_BRIDGE: Region 'gpe_W' (10 neurons): using Izh type IZH2007_GPE_PACEMAKER
[2026-06-21 13:39:17][INFO] SIM_BRIDGE: Region 'gpe_arky_W' (4 neurons): using Izh type IZH2007_GPE_PACEMAKER
[2026-06-21 13:39:17][INFO] SIM_BRIDGE: Region 'gpi_W' (10 neurons): using Izh type IZH2007_GPI_OUTPUT
[2026-06-21 13:39:17][INFO] SIM_BRIDGE: Region 'str_striosome_W' (8 neurons): using Izh type IZH2007_STRIATAL_MSN_D1
[2026-06-21 13:39:17][INFO] SIM_BRIDGE: Region 'stn' (20 neurons): using Izh type IZH2007_STN_BURST
[2026-06-21 13:39:17][INFO] SIM_BRIDGE: Region 'thal_N' (10 neurons): using Izh type IZH2007_THALAMIC_RELAY
[2026-06-21 13:39:17][INFO] SIM_BRIDGE: Region 'motor_N' (10 neurons): using Izh type IZH2007_RS_CORTICAL_PYRAMIDAL
[2026-06-21 13:39:17][INFO] SIM_BRIDGE: Region 'thal_E' (10 neurons): using Izh type IZH2007_THALAMIC_RELAY
[2026-06-21 13:39:17][INFO] SIM_BRIDGE: Region 'motor_E' (10 neurons): using Izh type IZH2007_RS_CORTICAL_PYRAMIDAL
[2026-06-21 13:39:17][INFO] SIM_BRIDGE: Region 'thal_S' (10 neurons): using Izh type IZH2007_THALAMIC_RELAY
[2026-06-21 13:39:17][INFO] SIM_BRIDGE: Region 'motor_S' (10 neurons): using Izh type IZH2007_RS_CORTICAL_PYRAMIDAL
[2026-06-21 13:39:17][INFO] SIM_BRIDGE: Region 'thal_W' (10 neurons): using Izh type IZH2007_THALAMIC_RELAY
[2026-06-21 13:39:17][INFO] SIM_BRIDGE: Region 'motor_W' (10 neurons): using Izh type IZH2007_RS_CORTICAL_PYRAMIDAL
[2026-06-21 13:39:17][INFO] SIM_BRIDGE: Region 'snc' (10 neurons): using Izh type IZH2007_DOPAMINE
[2026-06-21 13:39:17][INFO] SIM_BRIDGE: Region 'sel_N' (40 neurons): using Izh type IZH2007_RS_CORTICAL_PYRAMIDAL
[2026-06-21 13:39:17][INFO] SIM_BRIDGE: Region 'sel_FS_N' (10 neurons): using Izh type IZH2007_FS_CORTICAL_INTERNEURON
[2026-06-21 13:39:17][INFO] SIM_BRIDGE: Region 'commit_N' (40 neurons): using Izh type IZH2007_RS_CORTICAL_PYRAMIDAL
[2026-06-21 13:39:17][INFO] SIM_BRIDGE: Region 'sel_E' (40 neurons): using Izh type IZH2007_RS_CORTICAL_PYRAMIDAL
[2026-06-21 13:39:17][INFO] SIM_BRIDGE: Region 'sel_FS_E' (10 neurons): using Izh type IZH2007_FS_CORTICAL_INTERNEURON
[2026-06-21 13:39:17][INFO] SIM_BRIDGE: Region 'commit_E' (40 neurons): using Izh type IZH2007_RS_CORTICAL_PYRAMIDAL
[2026-06-21 13:39:17][INFO] SIM_BRIDGE: Region 'sel_S' (40 neurons): using Izh type IZH2007_RS_CORTICAL_PYRAMIDAL
[2026-06-21 13:39:17][INFO] SIM_BRIDGE: Region 'sel_FS_S' (10 neurons): using Izh type IZH2007_FS_CORTICAL_INTERNEURON
[2026-06-21 13:39:17][INFO] SIM_BRIDGE: Region 'commit_S' (40 neurons): using Izh type IZH2007_RS_CORTICAL_PYRAMIDAL
[2026-06-21 13:39:17][INFO] SIM_BRIDGE: Region 'sel_W' (40 neurons): using Izh type IZH2007_RS_CORTICAL_PYRAMIDAL
[2026-06-21 13:39:17][INFO] SIM_BRIDGE: Region 'sel_FS_W' (10 neurons): using Izh type IZH2007_FS_CORTICAL_INTERNEURON
[2026-06-21 13:39:17][INFO] SIM_BRIDGE: Region 'commit_W' (40 neurons): using Izh type IZH2007_RS_CORTICAL_PYRAMIDAL
[2026-06-21 13:39:17][INFO] SIM_BRIDGE: Region 'commit_OPN' (20 neurons): using Izh type IZH2007_FS_CORTICAL_INTERNEURON
[2026-06-21 13:39:17][INFO] SIM_BRIDGE: Region 'retina' (2048 neurons): using Izh type IZH2007_RS_CORTICAL_PYRAMIDAL
[2026-06-21 13:39:17][INFO] SIM_BRIDGE: Region 'cortex_v1_simple' (1024 neurons): using Izh type IZH2007_RS_CORTICAL_PYRAMIDAL
[2026-06-21 13:39:17][INFO] SIM_BRIDGE: Region 'cortex_v1_complex' (512 neurons): using Izh type IZH2007_RS_CORTICAL_PYRAMIDAL
[2026-06-21 13:39:17][INFO] SIM_BRIDGE: Region 'cortex_v2' (256 neurons): using Izh type IZH2007_RS_CORTICAL_PYRAMIDAL
[2026-06-21 13:39:17][INFO] SIM_BRIDGE: Region 'cortex_it' (64 neurons): using Izh type IZH2007_RS_CORTICAL_PYRAMIDAL
[2026-06-21 13:39:17][INFO] SIM_BRIDGE: Generating 3D neuron positions for 5042 neurons...
[2026-06-21 13:39:17][INFO] SIM_BRIDGE: Generating connections (brain-region framework)...
[2026-06-21 13:39:17][INFO] SIM_BRIDGE: inject_explicit_wiring: installed 167727 synapses across 150 populations.
[2026-06-21 13:39:17][INFO] SIM_BRIDGE: Initializing eligibility traces for 167727 synapses (capacity: 251590, dtype: float32)...
[2026-06-21 13:39:17][INFO] SIM_BRIDGE: Initializing STDP state for 5042 neurons...
[2026-06-21 13:39:17][INFO] SIM_BRIDGE: Simulation data initialized for 5042 neurons (3D). Synapses: 167727. GPU memory: 1.3GB/25.8GB (5.1%)
[g11 seed=102] Cluster K v2: applied 70592 Gabor weights to retina -> cortex_v1_simple
[g11 seed=102] Cluster K v2: visual_cortex_action gate frozen until warmup
[g11 seed=102] BG circuit: 60 regions, 5042 neurons, 234857 synapses
[g11 seed=102] step 100/1800  pos=(30,30)  goal=(30,30)  recent_dist=17.16  action=N  reward=+1.00  actions= 45N/ 34E/ 16S/  5W
[PROGRESS] {"kind": "step", "current": 100, "total": 1800, "phase": "seed=102", "unit": "steps", "pos": [30, 30], "goal": [30, 30], "recent_dist": 17.16, "action": "N", "reward": 1.0}
[g11 seed=102] step 200/1800  pos=(30,30)  goal=(30,30)  recent_dist=0.52  action=S  reward=+1.00  actions= 49N/  1E/ 49S/  1W
[PROGRESS] {"kind": "step", "current": 200, "total": 1800, "phase": "seed=102", "unit": "steps", "pos": [30, 30], "goal": [30, 30], "recent_dist": 0.52, "action": "S", "reward": 1.0}
[g11 seed=102] step 300/1800  pos=(30,30)  goal=(30,30)  recent_dist=0.50  action=S  reward=+1.00  actions= 50N/  0E/ 50S/  0W
[PROGRESS] {"kind": "step", "current": 300, "total": 1800, "phase": "seed=102", "unit": "steps", "pos": [30, 30], "goal": [30, 30], "recent_dist": 0.5, "action": "S", "reward": 1.0}
[g11 seed=102] step 400/1800  pos=(30,30)  goal=(30,30)  recent_dist=0.50  action=S  reward=+1.00  actions= 50N/  0E/ 50S/  0W
[PROGRESS] {"kind": "step", "current": 400, "total": 1800, "phase": "seed=102", "unit": "steps", "pos": [30, 30], "goal": [30, 30], "recent_dist": 0.5, "action": "S", "reward": 1.0}
[g11 seed=102] step 450: GOAL CHANGED to (1, 30)
[g11 seed=102] step 500/1800  pos=(0,30)  goal=(1,30)  recent_dist=5.04  action=W  reward=-1.00  actions= 27N/  8E/ 27S/ 38W
[PROGRESS] {"kind": "step", "current": 500, "total": 1800, "phase": "seed=102", "unit": "steps", "pos": [0, 30], "goal": [1, 30], "recent_dist": 5.04, "action": "W", "reward": -1.0}
[g11 seed=102] step 600/1800  pos=(1,29)  goal=(1,30)  recent_dist=0.60  action=S  reward=-1.00  actions= 28N/ 22E/ 29S/ 21W
[PROGRESS] {"kind": "step", "current": 600, "total": 1800, "phase": "seed=102", "unit": "steps", "pos": [1, 29], "goal": [1, 30], "recent_dist": 0.6, "action": "S", "reward": -1.0}
[g11 seed=102] step 600: Cluster K v2 visual_cortex_action gate OPENED (warmup=600)
[g11 seed=102] step 700/1800  pos=(1,29)  goal=(1,30)  recent_dist=0.50  action=S  reward=-1.00  actions= 50N/  0E/ 50S/  0W
[PROGRESS] {"kind": "step", "current": 700, "total": 1800, "phase": "seed=102", "unit": "steps", "pos": [1, 29], "goal": [1, 30], "recent_dist": 0.5, "action": "S", "reward": -1.0}
[g11 seed=102] step 800/1800  pos=(1,29)  goal=(1,30)  recent_dist=0.50  action=S  reward=-1.00  actions= 50N/  0E/ 50S/  0W
[PROGRESS] {"kind": "step", "current": 800, "total": 1800, "phase": "seed=102", "unit": "steps", "pos": [1, 29], "goal": [1, 30], "recent_dist": 0.5, "action": "S", "reward": -1.0}
[g11 seed=102] step 900/1800  pos=(1,29)  goal=(1,30)  recent_dist=0.50  action=S  reward=-1.00  actions= 50N/  0E/ 50S/  0W
[PROGRESS] {"kind": "step", "current": 900, "total": 1800, "phase": "seed=102", "unit": "steps", "pos": [1, 29], "goal": [1, 30], "recent_dist": 0.5, "action": "S", "reward": -1.0}
[g11 seed=102] step 900: GOAL CHANGED to (1, 1)
[g11 seed=102] step 1000/1800  pos=(1,1)  goal=(1,1)  recent_dist=4.14  action=S  reward=+1.00  actions= 36N/  0E/ 64S/  0W
[PROGRESS] {"kind": "step", "current": 1000, "total": 1800, "phase": "seed=102", "unit": "steps", "pos": [1, 1], "goal": [1, 1], "recent_dist": 4.14, "action": "S", "reward": 1.0}
[g11 seed=102] step 1100/1800  pos=(1,1)  goal=(1,1)  recent_dist=0.50  action=S  reward=+1.00  actions= 50N/  0E/ 50S/  0W
[PROGRESS] {"kind": "step", "current": 1100, "total": 1800, "phase": "seed=102", "unit": "steps", "pos": [1, 1], "goal": [1, 1], "recent_dist": 0.5, "action": "S", "reward": 1.0}
[g11 seed=102] step 1200/1800  pos=(1,1)  goal=(1,1)  recent_dist=0.50  action=S  reward=+1.00  actions= 50N/  0E/ 50S/  0W
[PROGRESS] {"kind": "step", "current": 1200, "total": 1800, "phase": "seed=102", "unit": "steps", "pos": [1, 1], "goal": [1, 1], "recent_dist": 0.5, "action": "S", "reward": 1.0}
[g11 seed=102] step 1300/1800  pos=(1,1)  goal=(1,1)  recent_dist=0.50  action=S  reward=+1.00  actions= 50N/  0E/ 50S/  0W
[PROGRESS] {"kind": "step", "current": 1300, "total": 1800, "phase": "seed=102", "unit": "steps", "pos": [1, 1], "goal": [1, 1], "recent_dist": 0.5, "action": "S", "reward": 1.0}
[g11 seed=102] step 1350: GOAL CHANGED to (30, 1)
[g11 seed=102] step 1400/1800  pos=(30,0)  goal=(30,1)  recent_dist=5.02  action=S  reward=-1.00  actions= 34N/ 30E/ 35S/  1W
[PROGRESS] {"kind": "step", "current": 1400, "total": 1800, "phase": "seed=102", "unit": "steps", "pos": [30, 0], "goal": [30, 1], "recent_dist": 5.02, "action": "S", "reward": -1.0}
[g11 seed=102] step 1500/1800  pos=(30,0)  goal=(30,1)  recent_dist=0.50  action=S  reward=-1.00  actions= 50N/  0E/ 50S/  0W
[PROGRESS] {"kind": "step", "current": 1500, "total": 1800, "phase": "seed=102", "unit": "steps", "pos": [30, 0], "goal": [30, 1], "recent_dist": 0.5, "action": "S", "reward": -1.0}
[g11 seed=102] step 1600/1800  pos=(30,0)  goal=(30,1)  recent_dist=0.50  action=S  reward=-1.00  actions= 50N/  0E/ 50S/  0W
[PROGRESS] {"kind": "step", "current": 1600, "total": 1800, "phase": "seed=102", "unit": "steps", "pos": [30, 0], "goal": [30, 1], "recent_dist": 0.5, "action": "S", "reward": -1.0}
[g11 seed=102] step 1700/1800  pos=(29,1)  goal=(30,1)  recent_dist=0.58  action=W  reward=-1.00  actions= 45N/  5E/ 44S/  6W
[PROGRESS] {"kind": "step", "current": 1700, "total": 1800, "phase": "seed=102", "unit": "steps", "pos": [29, 1], "goal": [30, 1], "recent_dist": 0.58, "action": "W", "reward": -1.0}
[g11 seed=102] step 1800/1800  pos=(30,0)  goal=(30,1)  recent_dist=0.60  action=S  reward=-1.00  actions= 16N/ 34E/ 17S/ 33W
[PROGRESS] {"kind": "step", "current": 1800, "total": 1800, "phase": "seed=102", "unit": "steps", "pos": [30, 0], "goal": [30, 1], "recent_dist": 0.6, "action": "S", "reward": -1.0}
[g11 seed=102] NAV-GATE(a) stdp_w_max=400.0  sum_finalQ=2.1239  mean_distance_overall=2.1478  actor_max_cortex_to_D1_weight=310.1697998046875

[g11 seed=102] DONE in 644s. Phase stats:
  phase 0 goal=[30, 30] meanD=4.21 finalQ=0.50 actions=[219, 35, 190, 6]
  phase 1 goal=[1, 30] meanD=1.53 finalQ=0.50 actions=[180, 30, 181, 59]
  phase 2 goal=[1, 1] meanD=1.31 finalQ=0.50 actions=[211, 0, 239, 0]
  phase 3 goal=[30, 1] meanD=1.54 finalQ=0.63 actions=[170, 69, 171, 40]
[sc-pv] arm=host: phase0_finalQ=0.496 post_change_finalQ=['0.504', '0.496', '0.628'] (sum 1.628) gate=2.1238938053097343 late_sustain=1.000
[sc-pv] arm=host per-phase dominant cardinal: ['N', 'S', 'S', 'S']
[sc-pv] arm=host per-phase action frac: [{'N': 0.487, 'E': 0.078, 'S': 0.422, 'W': 0.013}, {'N': 0.4, 'E': 0.067, 'S': 0.402, 'W': 0.131}, {'N': 0.469, 'E': 0.0, 'S': 0.531, 'W': 0.0}, {'N': 0.378, 'E': 0.153, 'S': 0.38, 'W': 0.089}]
[sc-pv] arm=host FIX1=True FIX2=False FIX3=False FIXA=False (sigma=1.0 gain=1.0) tie_break_fraction=0.0161 (29/1800)
[sc-pv] arm=host thal_counts    N-S=+1082 (+7.7%) E-W=+978
[sc-pv] arm=host sel_counts     N-S=+2921 (+3.7%) E-W=+4530
[sc-pv] arm=host commit_counts  N-S=-1337 (-1.8%) E-W=+4834
[sc-pv] arm=host motor_counts   N-S=-1308 (-11.6%) E-W=+1106
[sc-pv] arm=sc_popvector seed=102 grid=32 n_steps=1800 warmup=600 scw=18.0 sigma=1.0 gain=1.0 with_conv=False
[g11] WARN: --spiking-reward-us WITHOUT --perceived-approach-reward -> the US rides on the COORD-based reward (not coord-free). Add --perceived-approach-reward for the fully-biologized (coord-free) reward chain.
[g11 seed=102] Spiking-SNc Stage A: dopamine modulator = from_region_firing_signed over ['snc'] (tonic=220.0pA, k_r=400.0, k_v=400.0); RPE is the SNc FIRING. V = host reward_ema (Stage-A scaffold).
[2026-06-21 13:50:01][INFO] SIM_BRIDGE: CuPy using GPU: NVIDIA GeForce RTX 3090 (24.0 GB), mempool limit: 80%
[2026-06-21 13:50:01][INFO] SIM_BRIDGE: Initializing simulation data for model: IZHIKEVICH (3D)... (playback_init: False)
[2026-06-21 13:50:01][INFO] SIM_BRIDGE: Brain-region framework: 67 regions, 7702 total neurons, 146 pathways.
[2026-06-21 13:50:01][INFO] SIM_BRIDGE: RNG initialized with seed: 102
[2026-06-21 13:50:01][INFO] SIM_BRIDGE: NMDA per-region mask: 12 regions enabled (300 neurons)
[2026-06-21 13:50:01][INFO] SIM_BRIDGE: Input-divisive-norm per-region mask: 4 regions enabled (100 neurons)
[2026-06-21 13:50:01][INFO] SIM_BRIDGE: Initializing Izhikevich model specifics for 7702 neurons...
[2026-06-21 13:50:01][INFO] SIM_BRIDGE: Region 'cortex_N' (25 neurons): using Izh type IZH2007_RS_CORTICAL_PYRAMIDAL
[2026-06-21 13:50:01][INFO] SIM_BRIDGE: Region 'cortex_E' (25 neurons): using Izh type IZH2007_RS_CORTICAL_PYRAMIDAL
[2026-06-21 13:50:01][INFO] SIM_BRIDGE: Region 'cortex_S' (25 neurons): using Izh type IZH2007_RS_CORTICAL_PYRAMIDAL
[2026-06-21 13:50:01][INFO] SIM_BRIDGE: Region 'cortex_W' (25 neurons): using Izh type IZH2007_RS_CORTICAL_PYRAMIDAL
[2026-06-21 13:50:01][INFO] SIM_BRIDGE: Region 'str_D1_N' (50 neurons): using Izh type IZH2007_STRIATAL_MSN_D1
[2026-06-21 13:50:01][INFO] SIM_BRIDGE: Region 'str_D2_N' (50 neurons): using Izh type IZH2007_STRIATAL_MSN_D2
[2026-06-21 13:50:01][INFO] SIM_BRIDGE: Region 'str_D1_E' (50 neurons): using Izh type IZH2007_STRIATAL_MSN_D1
[2026-06-21 13:50:01][INFO] SIM_BRIDGE: Region 'str_D2_E' (50 neurons): using Izh type IZH2007_STRIATAL_MSN_D2
[2026-06-21 13:50:01][INFO] SIM_BRIDGE: Region 'str_D1_S' (50 neurons): using Izh type IZH2007_STRIATAL_MSN_D1
[2026-06-21 13:50:01][INFO] SIM_BRIDGE: Region 'str_D2_S' (50 neurons): using Izh type IZH2007_STRIATAL_MSN_D2
[2026-06-21 13:50:01][INFO] SIM_BRIDGE: Region 'str_D1_W' (50 neurons): using Izh type IZH2007_STRIATAL_MSN_D1
[2026-06-21 13:50:01][INFO] SIM_BRIDGE: Region 'str_D2_W' (50 neurons): using Izh type IZH2007_STRIATAL_MSN_D2
[2026-06-21 13:50:01][INFO] SIM_BRIDGE: Region 'str_PV_FSI_N' (5 neurons): using Izh type IZH2007_FS_CORTICAL_INTERNEURON
[2026-06-21 13:50:01][INFO] SIM_BRIDGE: Region 'str_PV_FSI_E' (5 neurons): using Izh type IZH2007_FS_CORTICAL_INTERNEURON
[2026-06-21 13:50:01][INFO] SIM_BRIDGE: Region 'str_PV_FSI_S' (5 neurons): using Izh type IZH2007_FS_CORTICAL_INTERNEURON
[2026-06-21 13:50:01][INFO] SIM_BRIDGE: Region 'str_PV_FSI_W' (5 neurons): using Izh type IZH2007_FS_CORTICAL_INTERNEURON
[2026-06-21 13:50:01][INFO] SIM_BRIDGE: Region 'gpe_N' (10 neurons): using Izh type IZH2007_GPE_PACEMAKER
[2026-06-21 13:50:01][INFO] SIM_BRIDGE: Region 'gpe_arky_N' (4 neurons): using Izh type IZH2007_GPE_PACEMAKER
[2026-06-21 13:50:01][INFO] SIM_BRIDGE: Region 'gpi_N' (10 neurons): using Izh type IZH2007_GPI_OUTPUT
[2026-06-21 13:50:01][INFO] SIM_BRIDGE: Region 'str_striosome_N' (8 neurons): using Izh type IZH2007_STRIATAL_MSN_D1
[2026-06-21 13:50:01][INFO] SIM_BRIDGE: Region 'gpe_E' (10 neurons): using Izh type IZH2007_GPE_PACEMAKER
[2026-06-21 13:50:01][INFO] SIM_BRIDGE: Region 'gpe_arky_E' (4 neurons): using Izh type IZH2007_GPE_PACEMAKER
[2026-06-21 13:50:01][INFO] SIM_BRIDGE: Region 'gpi_E' (10 neurons): using Izh type IZH2007_GPI_OUTPUT
[2026-06-21 13:50:01][INFO] SIM_BRIDGE: Region 'str_striosome_E' (8 neurons): using Izh type IZH2007_STRIATAL_MSN_D1
[2026-06-21 13:50:01][INFO] SIM_BRIDGE: Region 'gpe_S' (10 neurons): using Izh type IZH2007_GPE_PACEMAKER
[2026-06-21 13:50:01][INFO] SIM_BRIDGE: Region 'gpe_arky_S' (4 neurons): using Izh type IZH2007_GPE_PACEMAKER
[2026-06-21 13:50:01][INFO] SIM_BRIDGE: Region 'gpi_S' (10 neurons): using Izh type IZH2007_GPI_OUTPUT
[2026-06-21 13:50:01][INFO] SIM_BRIDGE: Region 'str_striosome_S' (8 neurons): using Izh type IZH2007_STRIATAL_MSN_D1
[2026-06-21 13:50:01][INFO] SIM_BRIDGE: Region 'gpe_W' (10 neurons): using Izh type IZH2007_GPE_PACEMAKER
[2026-06-21 13:50:01][INFO] SIM_BRIDGE: Region 'gpe_arky_W' (4 neurons): using Izh type IZH2007_GPE_PACEMAKER
[2026-06-21 13:50:01][INFO] SIM_BRIDGE: Region 'gpi_W' (10 neurons): using Izh type IZH2007_GPI_OUTPUT
[2026-06-21 13:50:01][INFO] SIM_BRIDGE: Region 'str_striosome_W' (8 neurons): using Izh type IZH2007_STRIATAL_MSN_D1
[2026-06-21 13:50:01][INFO] SIM_BRIDGE: Region 'stn' (20 neurons): using Izh type IZH2007_STN_BURST
[2026-06-21 13:50:01][INFO] SIM_BRIDGE: Region 'thal_N' (10 neurons): using Izh type IZH2007_THALAMIC_RELAY
[2026-06-21 13:50:01][INFO] SIM_BRIDGE: Region 'motor_N' (10 neurons): using Izh type IZH2007_RS_CORTICAL_PYRAMIDAL
[2026-06-21 13:50:01][INFO] SIM_BRIDGE: Region 'thal_E' (10 neurons): using Izh type IZH2007_THALAMIC_RELAY
[2026-06-21 13:50:01][INFO] SIM_BRIDGE: Region 'motor_E' (10 neurons): using Izh type IZH2007_RS_CORTICAL_PYRAMIDAL
[2026-06-21 13:50:01][INFO] SIM_BRIDGE: Region 'thal_S' (10 neurons): using Izh type IZH2007_THALAMIC_RELAY
[2026-06-21 13:50:01][INFO] SIM_BRIDGE: Region 'motor_S' (10 neurons): using Izh type IZH2007_RS_CORTICAL_PYRAMIDAL
[2026-06-21 13:50:01][INFO] SIM_BRIDGE: Region 'thal_W' (10 neurons): using Izh type IZH2007_THALAMIC_RELAY
[2026-06-21 13:50:01][INFO] SIM_BRIDGE: Region 'motor_W' (10 neurons): using Izh type IZH2007_RS_CORTICAL_PYRAMIDAL
[2026-06-21 13:50:01][INFO] SIM_BRIDGE: Region 'snc' (10 neurons): using Izh type IZH2007_DOPAMINE
[2026-06-21 13:50:01][INFO] SIM_BRIDGE: Region 'reward_us' (40 neurons): using Izh type IZH2007_RS_CORTICAL_PYRAMIDAL
[2026-06-21 13:50:01][INFO] SIM_BRIDGE: Region 'vs_place_context' (200 neurons): using Izh type IZH2007_RS_CORTICAL_PYRAMIDAL
[2026-06-21 13:50:01][INFO] SIM_BRIDGE: Region 'striosome_value' (80 neurons): using Izh type IZH2007_STRIATAL_MSN_D1
[2026-06-21 13:50:01][INFO] SIM_BRIDGE: Region 'sel_N' (40 neurons): using Izh type IZH2007_RS_CORTICAL_PYRAMIDAL
[2026-06-21 13:50:01][INFO] SIM_BRIDGE: Region 'sel_FS_N' (10 neurons): using Izh type IZH2007_FS_CORTICAL_INTERNEURON
[2026-06-21 13:50:01][INFO] SIM_BRIDGE: Region 'commit_N' (40 neurons): using Izh type IZH2007_RS_CORTICAL_PYRAMIDAL
[2026-06-21 13:50:01][INFO] SIM_BRIDGE: Region 'sel_E' (40 neurons): using Izh type IZH2007_RS_CORTICAL_PYRAMIDAL
[2026-06-21 13:50:01][INFO] SIM_BRIDGE: Region 'sel_FS_E' (10 neurons): using Izh type IZH2007_FS_CORTICAL_INTERNEURON
[2026-06-21 13:50:01][INFO] SIM_BRIDGE: Region 'commit_E' (40 neurons): using Izh type IZH2007_RS_CORTICAL_PYRAMIDAL
[2026-06-21 13:50:01][INFO] SIM_BRIDGE: Region 'sel_S' (40 neurons): using Izh type IZH2007_RS_CORTICAL_PYRAMIDAL
[2026-06-21 13:50:01][INFO] SIM_BRIDGE: Region 'sel_FS_S' (10 neurons): using Izh type IZH2007_FS_CORTICAL_INTERNEURON
[2026-06-21 13:50:01][INFO] SIM_BRIDGE: Region 'commit_S' (40 neurons): using Izh type IZH2007_RS_CORTICAL_PYRAMIDAL
[2026-06-21 13:50:01][INFO] SIM_BRIDGE: Region 'sel_W' (40 neurons): using Izh type IZH2007_RS_CORTICAL_PYRAMIDAL
[2026-06-21 13:50:01][INFO] SIM_BRIDGE: Region 'sel_FS_W' (10 neurons): using Izh type IZH2007_FS_CORTICAL_INTERNEURON
[2026-06-21 13:50:01][INFO] SIM_BRIDGE: Region 'commit_W' (40 neurons): using Izh type IZH2007_RS_CORTICAL_PYRAMIDAL
[2026-06-21 13:50:01][INFO] SIM_BRIDGE: Region 'commit_OPN' (20 neurons): using Izh type IZH2007_FS_CORTICAL_INTERNEURON
[2026-06-21 13:50:01][INFO] SIM_BRIDGE: Region 'retina' (2048 neurons): using Izh type IZH2007_RS_CORTICAL_PYRAMIDAL
[2026-06-21 13:50:01][INFO] SIM_BRIDGE: Region 'cortex_v1_simple' (1024 neurons): using Izh type IZH2007_RS_CORTICAL_PYRAMIDAL
[2026-06-21 13:50:01][INFO] SIM_BRIDGE: Region 'cortex_v1_complex' (512 neurons): using Izh type IZH2007_RS_CORTICAL_PYRAMIDAL
[2026-06-21 13:50:01][INFO] SIM_BRIDGE: Region 'cortex_v2' (256 neurons): using Izh type IZH2007_RS_CORTICAL_PYRAMIDAL
[2026-06-21 13:50:01][INFO] SIM_BRIDGE: Region 'cortex_it' (64 neurons): using Izh type IZH2007_RS_CORTICAL_PYRAMIDAL
[2026-06-21 13:50:01][INFO] SIM_BRIDGE: Region 'sc_retina' (2048 neurons): using Izh type IZH2007_RS_CORTICAL_PYRAMIDAL
[2026-06-21 13:50:01][INFO] SIM_BRIDGE: Region 'sc_map' (256 neurons): using Izh type IZH2007_RS_CORTICAL_PYRAMIDAL
[2026-06-21 13:50:01][INFO] SIM_BRIDGE: Region 'sc_fs' (12 neurons): using Izh type IZH2007_FS_CORTICAL_INTERNEURON
[2026-06-21 13:50:01][INFO] SIM_BRIDGE: Region 'sc_rostral' (24 neurons): using Izh type IZH2007_RS_CORTICAL_PYRAMIDAL
[2026-06-21 13:50:01][INFO] SIM_BRIDGE: Generating 3D neuron positions for 7702 neurons...
[2026-06-21 13:50:01][INFO] SIM_BRIDGE: Generating connections (brain-region framework)...
[2026-06-21 13:50:02][INFO] SIM_BRIDGE: inject_explicit_wiring: installed 181048 synapses across 156 populations.
[2026-06-21 13:50:02][INFO] SIM_BRIDGE: Initializing eligibility traces for 181048 synapses (capacity: 271572, dtype: float32)...
[2026-06-21 13:50:02][INFO] SIM_BRIDGE: Initialized neuromodulator subsystem with 1 modulators: ['dopamine']
[2026-06-21 13:50:02][INFO] SIM_BRIDGE: Initializing STDP state for 7702 neurons...
[2026-06-21 13:50:02][INFO] SIM_BRIDGE: Simulation data initialized for 7702 neurons (3D). Synapses: 181048. GPU memory: 1.4GB/25.8GB (5.4%)
[g11 seed=102] Cluster K v2: applied 70592 Gabor weights to retina -> cortex_v1_simple
[g11 seed=102] Cluster K v2: visual_cortex_action gate frozen until warmup
[g11] spiking SC: installed 21828 synapses (retina->sc_map 16x16 + recurrent + sc_map->cortex_NESW + sc_map->sc_rostral (N5))
[g11 seed=102] #6 SC read-out: POPULATION-VECTOR (cosine) + cortex_X divisive-norm (sigma=1.0, gain=1.0)
[g11 seed=102] N5 reward: boosted sc_rostral->reward_us to 40.0 (960 synapses)
[g11 seed=102] Spiking-SNc Stage B: NEURAL value critic ON (striosome_value n=80, vs_place_context->value w0=0.20328737795352936); r-V subtracted via GABA_B/GIRK (E_K=-90mV, prop=0.02); critic->SNc gate = OPEN (continuous, Stage 1). Host _V_scaffold DROPPED.
[g11 seed=102] BG circuit: 67 regions, 7702 neurons, 270363 synapses
[g11 seed=102] step 100/1800  pos=(30,31)  goal=(30,30)  recent_dist=17.10  action=W  reward=+1.00  actions= 41N/ 39E/ 10S/ 10W
[PROGRESS] {"kind": "step", "current": 100, "total": 1800, "phase": "seed=102", "unit": "steps", "pos": [30, 31], "goal": [30, 30], "recent_dist": 17.1, "action": "W", "reward": 1.0}
[g11 seed=102] step 200/1800  pos=(29,30)  goal=(30,30)  recent_dist=0.95  action=S  reward=+1.00  actions= 41N/ 13E/ 33S/ 13W
[PROGRESS] {"kind": "step", "current": 200, "total": 1800, "phase": "seed=102", "unit": "steps", "pos": [29, 30], "goal": [30, 30], "recent_dist": 0.95, "action": "S", "reward": 1.0}
[g11 seed=102] step 300/1800  pos=(29,31)  goal=(30,30)  recent_dist=1.01  action=W  reward=-1.00  actions= 27N/ 27E/ 22S/ 24W
[PROGRESS] {"kind": "step", "current": 300, "total": 1800, "phase": "seed=102", "unit": "steps", "pos": [29, 31], "goal": [30, 30], "recent_dist": 1.01, "action": "W", "reward": -1.0}
[g11 seed=102] step 400/1800  pos=(31,31)  goal=(30,30)  recent_dist=1.13  action=N  reward=-1.00  actions= 29N/ 25E/ 26S/ 20W
[PROGRESS] {"kind": "step", "current": 400, "total": 1800, "phase": "seed=102", "unit": "steps", "pos": [31, 31], "goal": [30, 30], "recent_dist": 1.13, "action": "N", "reward": -1.0}
[g11 seed=102] step 450: GOAL CHANGED to (1, 30)
[g11 seed=102] step 500/1800  pos=(2,29)  goal=(1,30)  recent_dist=4.97  action=S  reward=-1.00  actions= 19N/ 16E/ 19S/ 46W
[PROGRESS] {"kind": "step", "current": 500, "total": 1800, "phase": "seed=102", "unit": "steps", "pos": [2, 29], "goal": [1, 30], "recent_dist": 4.97, "action": "S", "reward": -1.0}
[g11 seed=102] step 600/1800  pos=(2,29)  goal=(1,30)  recent_dist=1.22  action=E  reward=-1.00  actions= 26N/ 24E/ 23S/ 27W
[PROGRESS] {"kind": "step", "current": 600, "total": 1800, "phase": "seed=102", "unit": "steps", "pos": [2, 29], "goal": [1, 30], "recent_dist": 1.22, "action": "E", "reward": -1.0}
[g11 seed=102] step 600: Cluster K v2 visual_cortex_action gate OPENED (warmup=600)
[g11 seed=102] step 700/1800  pos=(1,30)  goal=(1,30)  recent_dist=1.15  action=S  reward=+1.00  actions= 36N/ 17E/ 28S/ 19W
[PROGRESS] {"kind": "step", "current": 700, "total": 1800, "phase": "seed=102", "unit": "steps", "pos": [1, 30], "goal": [1, 30], "recent_dist": 1.15, "action": "S", "reward": 1.0}
[g11 seed=102] step 800/1800  pos=(3,29)  goal=(1,30)  recent_dist=1.27  action=S  reward=-1.00  actions= 23N/ 29E/ 20S/ 28W
[PROGRESS] {"kind": "step", "current": 800, "total": 1800, "phase": "seed=102", "unit": "steps", "pos": [3, 29], "goal": [1, 30], "recent_dist": 1.27, "action": "S", "reward": -1.0}
[g11 seed=102] step 900/1800  pos=(2,29)  goal=(1,30)  recent_dist=1.25  action=N  reward=+1.00  actions= 30N/ 20E/ 25S/ 25W
[PROGRESS] {"kind": "step", "current": 900, "total": 1800, "phase": "seed=102", "unit": "steps", "pos": [2, 29], "goal": [1, 30], "recent_dist": 1.25, "action": "N", "reward": 1.0}
[g11 seed=102] step 900: GOAL CHANGED to (1, 1)
[g11 seed=102] step 1000/1800  pos=(0,1)  goal=(1,1)  recent_dist=5.74  action=S  reward=+1.00  actions= 22N/ 12E/ 51S/ 15W
[PROGRESS] {"kind": "step", "current": 1000, "total": 1800, "phase": "seed=102", "unit": "steps", "pos": [0, 1], "goal": [1, 1], "recent_dist": 5.74, "action": "S", "reward": 1.0}
[g11 seed=102] step 1100/1800  pos=(3,2)  goal=(1,1)  recent_dist=1.46  action=S  reward=+1.00  actions= 23N/ 26E/ 24S/ 27W
[PROGRESS] {"kind": "step", "current": 1100, "total": 1800, "phase": "seed=102", "unit": "steps", "pos": [3, 2], "goal": [1, 1], "recent_dist": 1.46, "action": "S", "reward": 1.0}
[g11 seed=102] step 1200/1800  pos=(1,2)  goal=(1,1)  recent_dist=1.39  action=E  reward=+1.00  actions= 26N/ 19E/ 30S/ 25W
[PROGRESS] {"kind": "step", "current": 1200, "total": 1800, "phase": "seed=102", "unit": "steps", "pos": [1, 2], "goal": [1, 1], "recent_dist": 1.39, "action": "E", "reward": 1.0}
[g11 seed=102] step 1300/1800  pos=(2,2)  goal=(1,1)  recent_dist=1.62  action=S  reward=+1.00  actions= 29N/ 19E/ 33S/ 19W
[PROGRESS] {"kind": "step", "current": 1300, "total": 1800, "phase": "seed=102", "unit": "steps", "pos": [2, 2], "goal": [1, 1], "recent_dist": 1.62, "action": "S", "reward": 1.0}
[g11 seed=102] step 1350: GOAL CHANGED to (30, 1)
[g11 seed=102] step 1400/1800  pos=(30,0)  goal=(30,1)  recent_dist=5.25  action=S  reward=+0.00  actions= 11N/ 50E/ 17S/ 22W
[PROGRESS] {"kind": "step", "current": 1400, "total": 1800, "phase": "seed=102", "unit": "steps", "pos": [30, 0], "goal": [30, 1], "recent_dist": 5.25, "action": "S", "reward": 0.0}
[g11 seed=102] step 1500/1800  pos=(31,1)  goal=(30,1)  recent_dist=1.81  action=E  reward=+0.00  actions= 33N/ 18E/ 37S/ 12W
[PROGRESS] {"kind": "step", "current": 1500, "total": 1800, "phase": "seed=102", "unit": "steps", "pos": [31, 1], "goal": [30, 1], "recent_dist": 1.81, "action": "E", "reward": 0.0}
[g11 seed=102] step 1600/1800  pos=(30,2)  goal=(30,1)  recent_dist=1.77  action=W  reward=+1.00  actions= 27N/ 24E/ 29S/ 20W
[PROGRESS] {"kind": "step", "current": 1600, "total": 1800, "phase": "seed=102", "unit": "steps", "pos": [30, 2], "goal": [30, 1], "recent_dist": 1.77, "action": "W", "reward": 1.0}
[g11 seed=102] step 1700/1800  pos=(31,2)  goal=(30,1)  recent_dist=1.73  action=N  reward=-1.00  actions= 25N/ 26E/ 29S/ 20W
[PROGRESS] {"kind": "step", "current": 1700, "total": 1800, "phase": "seed=102", "unit": "steps", "pos": [31, 2], "goal": [30, 1], "recent_dist": 1.73, "action": "N", "reward": -1.0}
[g11 seed=102] step 1800/1800  pos=(29,2)  goal=(30,1)  recent_dist=1.50  action=E  reward=+1.00  actions= 29N/ 20E/ 33S/ 18W
[PROGRESS] {"kind": "step", "current": 1800, "total": 1800, "phase": "seed=102", "unit": "steps", "pos": [29, 2], "goal": [30, 1], "recent_dist": 1.5, "action": "E", "reward": 1.0}
[g11 seed=102] NAV-GATE(a) stdp_w_max=400.0  sum_finalQ=5.4956  mean_distance_overall=2.9067  actor_max_cortex_to_D1_weight=206.55104064941406

[g11 seed=102] DONE in 899s. Phase stats:
  phase 0 goal=[30, 30] meanD=4.62 finalQ=1.19 actions=[152, 115, 104, 79]
  phase 1 goal=[1, 30] meanD=2.06 finalQ=1.24 actions=[120, 95, 102, 133]
  phase 2 goal=[1, 1] meanD=2.43 finalQ=1.49 actions=[110, 87, 151, 102]
  phase 3 goal=[30, 1] meanD=2.52 finalQ=1.58 actions=[115, 127, 132, 76]
[sc-pv] arm=sc_popvector: phase0_finalQ=1.195 post_change_finalQ=['1.239', '1.487', '1.575'] (sum 4.301) gate=5.495575221238938 late_sustain=0.748
[sc-pv] arm=sc_popvector per-phase dominant cardinal: ['N', 'W', 'S', 'S']
[sc-pv] arm=sc_popvector per-phase action frac: [{'N': 0.338, 'E': 0.256, 'S': 0.231, 'W': 0.176}, {'N': 0.267, 'E': 0.211, 'S': 0.227, 'W': 0.296}, {'N': 0.244, 'E': 0.193, 'S': 0.336, 'W': 0.227}, {'N': 0.256, 'E': 0.282, 'S': 0.293, 'W': 0.169}]
[sc-pv] arm=sc_popvector FIX1=True FIX2=False FIX3=False FIXA=False (sigma=1.0 gain=1.0) tie_break_fraction=0.1972 (355/1800)
[sc-pv] arm=sc_popvector thal_counts    N-S=-93 (-0.8%) E-W=+905
[sc-pv] arm=sc_popvector sel_counts     N-S=+518 (+0.9%) E-W=+7423
[sc-pv] arm=sc_popvector commit_counts  N-S=-427 (-0.8%) E-W=+6837
[sc-pv] arm=sc_popvector motor_counts   N-S=-365 (-7.8%) E-W=+1362
[sc-pv] arm=sc_popvector_scr seed=102 grid=32 n_steps=1800 warmup=600 scw=18.0 sigma=1.0 gain=1.0 with_conv=False
[g11] WARN: --spiking-reward-us WITHOUT --perceived-approach-reward -> the US rides on the COORD-based reward (not coord-free). Add --perceived-approach-reward for the fully-biologized (coord-free) reward chain.
[g11 seed=102] Spiking-SNc Stage A: dopamine modulator = from_region_firing_signed over ['snc'] (tonic=220.0pA, k_r=400.0, k_v=400.0); RPE is the SNc FIRING. V = host reward_ema (Stage-A scaffold).
[2026-06-21 14:05:01][INFO] SIM_BRIDGE: CuPy using GPU: NVIDIA GeForce RTX 3090 (24.0 GB), mempool limit: 80%
[2026-06-21 14:05:01][INFO] SIM_BRIDGE: Initializing simulation data for model: IZHIKEVICH (3D)... (playback_init: False)
[2026-06-21 14:05:01][INFO] SIM_BRIDGE: Brain-region framework: 67 regions, 7702 total neurons, 146 pathways.
[2026-06-21 14:05:01][INFO] SIM_BRIDGE: RNG initialized with seed: 102
[2026-06-21 14:05:01][INFO] SIM_BRIDGE: NMDA per-region mask: 12 regions enabled (300 neurons)
[2026-06-21 14:05:01][INFO] SIM_BRIDGE: Input-divisive-norm per-region mask: 4 regions enabled (100 neurons)
[2026-06-21 14:05:01][INFO] SIM_BRIDGE: Initializing Izhikevich model specifics for 7702 neurons...
[2026-06-21 14:05:01][INFO] SIM_BRIDGE: Region 'cortex_N' (25 neurons): using Izh type IZH2007_RS_CORTICAL_PYRAMIDAL
[2026-06-21 14:05:01][INFO] SIM_BRIDGE: Region 'cortex_E' (25 neurons): using Izh type IZH2007_RS_CORTICAL_PYRAMIDAL
[2026-06-21 14:05:01][INFO] SIM_BRIDGE: Region 'cortex_S' (25 neurons): using Izh type IZH2007_RS_CORTICAL_PYRAMIDAL
[2026-06-21 14:05:01][INFO] SIM_BRIDGE: Region 'cortex_W' (25 neurons): using Izh type IZH2007_RS_CORTICAL_PYRAMIDAL
[2026-06-21 14:05:01][INFO] SIM_BRIDGE: Region 'str_D1_N' (50 neurons): using Izh type IZH2007_STRIATAL_MSN_D1
[2026-06-21 14:05:01][INFO] SIM_BRIDGE: Region 'str_D2_N' (50 neurons): using Izh type IZH2007_STRIATAL_MSN_D2
[2026-06-21 14:05:01][INFO] SIM_BRIDGE: Region 'str_D1_E' (50 neurons): using Izh type IZH2007_STRIATAL_MSN_D1
[2026-06-21 14:05:01][INFO] SIM_BRIDGE: Region 'str_D2_E' (50 neurons): using Izh type IZH2007_STRIATAL_MSN_D2
[2026-06-21 14:05:01][INFO] SIM_BRIDGE: Region 'str_D1_S' (50 neurons): using Izh type IZH2007_STRIATAL_MSN_D1
[2026-06-21 14:05:01][INFO] SIM_BRIDGE: Region 'str_D2_S' (50 neurons): using Izh type IZH2007_STRIATAL_MSN_D2
[2026-06-21 14:05:01][INFO] SIM_BRIDGE: Region 'str_D1_W' (50 neurons): using Izh type IZH2007_STRIATAL_MSN_D1
[2026-06-21 14:05:01][INFO] SIM_BRIDGE: Region 'str_D2_W' (50 neurons): using Izh type IZH2007_STRIATAL_MSN_D2
[2026-06-21 14:05:01][INFO] SIM_BRIDGE: Region 'str_PV_FSI_N' (5 neurons): using Izh type IZH2007_FS_CORTICAL_INTERNEURON
[2026-06-21 14:05:01][INFO] SIM_BRIDGE: Region 'str_PV_FSI_E' (5 neurons): using Izh type IZH2007_FS_CORTICAL_INTERNEURON
[2026-06-21 14:05:01][INFO] SIM_BRIDGE: Region 'str_PV_FSI_S' (5 neurons): using Izh type IZH2007_FS_CORTICAL_INTERNEURON
[2026-06-21 14:05:01][INFO] SIM_BRIDGE: Region 'str_PV_FSI_W' (5 neurons): using Izh type IZH2007_FS_CORTICAL_INTERNEURON
[2026-06-21 14:05:01][INFO] SIM_BRIDGE: Region 'gpe_N' (10 neurons): using Izh type IZH2007_GPE_PACEMAKER
[2026-06-21 14:05:01][INFO] SIM_BRIDGE: Region 'gpe_arky_N' (4 neurons): using Izh type IZH2007_GPE_PACEMAKER
[2026-06-21 14:05:01][INFO] SIM_BRIDGE: Region 'gpi_N' (10 neurons): using Izh type IZH2007_GPI_OUTPUT
[2026-06-21 14:05:01][INFO] SIM_BRIDGE: Region 'str_striosome_N' (8 neurons): using Izh type IZH2007_STRIATAL_MSN_D1
[2026-06-21 14:05:01][INFO] SIM_BRIDGE: Region 'gpe_E' (10 neurons): using Izh type IZH2007_GPE_PACEMAKER
[2026-06-21 14:05:01][INFO] SIM_BRIDGE: Region 'gpe_arky_E' (4 neurons): using Izh type IZH2007_GPE_PACEMAKER
[2026-06-21 14:05:01][INFO] SIM_BRIDGE: Region 'gpi_E' (10 neurons): using Izh type IZH2007_GPI_OUTPUT
[2026-06-21 14:05:01][INFO] SIM_BRIDGE: Region 'str_striosome_E' (8 neurons): using Izh type IZH2007_STRIATAL_MSN_D1
[2026-06-21 14:05:01][INFO] SIM_BRIDGE: Region 'gpe_S' (10 neurons): using Izh type IZH2007_GPE_PACEMAKER
[2026-06-21 14:05:01][INFO] SIM_BRIDGE: Region 'gpe_arky_S' (4 neurons): using Izh type IZH2007_GPE_PACEMAKER
[2026-06-21 14:05:01][INFO] SIM_BRIDGE: Region 'gpi_S' (10 neurons): using Izh type IZH2007_GPI_OUTPUT
[2026-06-21 14:05:01][INFO] SIM_BRIDGE: Region 'str_striosome_S' (8 neurons): using Izh type IZH2007_STRIATAL_MSN_D1
[2026-06-21 14:05:01][INFO] SIM_BRIDGE: Region 'gpe_W' (10 neurons): using Izh type IZH2007_GPE_PACEMAKER
[2026-06-21 14:05:01][INFO] SIM_BRIDGE: Region 'gpe_arky_W' (4 neurons): using Izh type IZH2007_GPE_PACEMAKER
[2026-06-21 14:05:01][INFO] SIM_BRIDGE: Region 'gpi_W' (10 neurons): using Izh type IZH2007_GPI_OUTPUT
[2026-06-21 14:05:01][INFO] SIM_BRIDGE: Region 'str_striosome_W' (8 neurons): using Izh type IZH2007_STRIATAL_MSN_D1
[2026-06-21 14:05:01][INFO] SIM_BRIDGE: Region 'stn' (20 neurons): using Izh type IZH2007_STN_BURST
[2026-06-21 14:05:01][INFO] SIM_BRIDGE: Region 'thal_N' (10 neurons): using Izh type IZH2007_THALAMIC_RELAY
[2026-06-21 14:05:01][INFO] SIM_BRIDGE: Region 'motor_N' (10 neurons): using Izh type IZH2007_RS_CORTICAL_PYRAMIDAL
[2026-06-21 14:05:01][INFO] SIM_BRIDGE: Region 'thal_E' (10 neurons): using Izh type IZH2007_THALAMIC_RELAY
[2026-06-21 14:05:01][INFO] SIM_BRIDGE: Region 'motor_E' (10 neurons): using Izh type IZH2007_RS_CORTICAL_PYRAMIDAL
[2026-06-21 14:05:01][INFO] SIM_BRIDGE: Region 'thal_S' (10 neurons): using Izh type IZH2007_THALAMIC_RELAY
[2026-06-21 14:05:01][INFO] SIM_BRIDGE: Region 'motor_S' (10 neurons): using Izh type IZH2007_RS_CORTICAL_PYRAMIDAL
[2026-06-21 14:05:01][INFO] SIM_BRIDGE: Region 'thal_W' (10 neurons): using Izh type IZH2007_THALAMIC_RELAY
[2026-06-21 14:05:01][INFO] SIM_BRIDGE: Region 'motor_W' (10 neurons): using Izh type IZH2007_RS_CORTICAL_PYRAMIDAL
[2026-06-21 14:05:01][INFO] SIM_BRIDGE: Region 'snc' (10 neurons): using Izh type IZH2007_DOPAMINE
[2026-06-21 14:05:01][INFO] SIM_BRIDGE: Region 'reward_us' (40 neurons): using Izh type IZH2007_RS_CORTICAL_PYRAMIDAL
[2026-06-21 14:05:01][INFO] SIM_BRIDGE: Region 'vs_place_context' (200 neurons): using Izh type IZH2007_RS_CORTICAL_PYRAMIDAL
[2026-06-21 14:05:01][INFO] SIM_BRIDGE: Region 'striosome_value' (80 neurons): using Izh type IZH2007_STRIATAL_MSN_D1
[2026-06-21 14:05:01][INFO] SIM_BRIDGE: Region 'sel_N' (40 neurons): using Izh type IZH2007_RS_CORTICAL_PYRAMIDAL
[2026-06-21 14:05:01][INFO] SIM_BRIDGE: Region 'sel_FS_N' (10 neurons): using Izh type IZH2007_FS_CORTICAL_INTERNEURON
[2026-06-21 14:05:01][INFO] SIM_BRIDGE: Region 'commit_N' (40 neurons): using Izh type IZH2007_RS_CORTICAL_PYRAMIDAL
[2026-06-21 14:05:01][INFO] SIM_BRIDGE: Region 'sel_E' (40 neurons): using Izh type IZH2007_RS_CORTICAL_PYRAMIDAL
[2026-06-21 14:05:01][INFO] SIM_BRIDGE: Region 'sel_FS_E' (10 neurons): using Izh type IZH2007_FS_CORTICAL_INTERNEURON
[2026-06-21 14:05:01][INFO] SIM_BRIDGE: Region 'commit_E' (40 neurons): using Izh type IZH2007_RS_CORTICAL_PYRAMIDAL
[2026-06-21 14:05:01][INFO] SIM_BRIDGE: Region 'sel_S' (40 neurons): using Izh type IZH2007_RS_CORTICAL_PYRAMIDAL
[2026-06-21 14:05:01][INFO] SIM_BRIDGE: Region 'sel_FS_S' (10 neurons): using Izh type IZH2007_FS_CORTICAL_INTERNEURON
[2026-06-21 14:05:01][INFO] SIM_BRIDGE: Region 'commit_S' (40 neurons): using Izh type IZH2007_RS_CORTICAL_PYRAMIDAL
[2026-06-21 14:05:01][INFO] SIM_BRIDGE: Region 'sel_W' (40 neurons): using Izh type IZH2007_RS_CORTICAL_PYRAMIDAL
[2026-06-21 14:05:01][INFO] SIM_BRIDGE: Region 'sel_FS_W' (10 neurons): using Izh type IZH2007_FS_CORTICAL_INTERNEURON
[2026-06-21 14:05:01][INFO] SIM_BRIDGE: Region 'commit_W' (40 neurons): using Izh type IZH2007_RS_CORTICAL_PYRAMIDAL
[2026-06-21 14:05:01][INFO] SIM_BRIDGE: Region 'commit_OPN' (20 neurons): using Izh type IZH2007_FS_CORTICAL_INTERNEURON
[2026-06-21 14:05:01][INFO] SIM_BRIDGE: Region 'retina' (2048 neurons): using Izh type IZH2007_RS_CORTICAL_PYRAMIDAL
[2026-06-21 14:05:01][INFO] SIM_BRIDGE: Region 'cortex_v1_simple' (1024 neurons): using Izh type IZH2007_RS_CORTICAL_PYRAMIDAL
[2026-06-21 14:05:01][INFO] SIM_BRIDGE: Region 'cortex_v1_complex' (512 neurons): using Izh type IZH2007_RS_CORTICAL_PYRAMIDAL
[2026-06-21 14:05:01][INFO] SIM_BRIDGE: Region 'cortex_v2' (256 neurons): using Izh type IZH2007_RS_CORTICAL_PYRAMIDAL
[2026-06-21 14:05:01][INFO] SIM_BRIDGE: Region 'cortex_it' (64 neurons): using Izh type IZH2007_RS_CORTICAL_PYRAMIDAL
[2026-06-21 14:05:01][INFO] SIM_BRIDGE: Region 'sc_retina' (2048 neurons): using Izh type IZH2007_RS_CORTICAL_PYRAMIDAL
[2026-06-21 14:05:01][INFO] SIM_BRIDGE: Region 'sc_map' (256 neurons): using Izh type IZH2007_RS_CORTICAL_PYRAMIDAL
[2026-06-21 14:05:01][INFO] SIM_BRIDGE: Region 'sc_fs' (12 neurons): using Izh type IZH2007_FS_CORTICAL_INTERNEURON
[2026-06-21 14:05:01][INFO] SIM_BRIDGE: Region 'sc_rostral' (24 neurons): using Izh type IZH2007_RS_CORTICAL_PYRAMIDAL
[2026-06-21 14:05:01][INFO] SIM_BRIDGE: Generating 3D neuron positions for 7702 neurons...
[2026-06-21 14:05:01][INFO] SIM_BRIDGE: Generating connections (brain-region framework)...
[2026-06-21 14:05:01][INFO] SIM_BRIDGE: inject_explicit_wiring: installed 181048 synapses across 156 populations.
[2026-06-21 14:05:01][INFO] SIM_BRIDGE: Initializing eligibility traces for 181048 synapses (capacity: 271572, dtype: float32)...
[2026-06-21 14:05:01][INFO] SIM_BRIDGE: Initialized neuromodulator subsystem with 1 modulators: ['dopamine']
[2026-06-21 14:05:01][INFO] SIM_BRIDGE: Initializing STDP state for 7702 neurons...
[2026-06-21 14:05:01][INFO] SIM_BRIDGE: Simulation data initialized for 7702 neurons (3D). Synapses: 181048. GPU memory: 1.4GB/25.8GB (5.6%)
[g11 seed=102] Cluster K v2: applied 70592 Gabor weights to retina -> cortex_v1_simple
[g11 seed=102] Cluster K v2: visual_cortex_action gate frozen until warmup
[g11] spiking SC: installed 21828 synapses (retina->sc_map 16x16 + recurrent + sc_map->cortex_NESW + sc_map->sc_rostral (N5))
[g11 seed=102] #6 SC read-out: POPULATION-VECTOR (cosine) + cortex_X divisive-norm (sigma=1.0, gain=1.0)
[g11 seed=102] N5 reward: boosted sc_rostral->reward_us to 40.0 (960 synapses)
[g11 seed=102] Spiking-SNc Stage B: NEURAL value critic ON (striosome_value n=80, vs_place_context->value w0=0.20328737795352936); r-V subtracted via GABA_B/GIRK (E_K=-90mV, prop=0.02); critic->SNc gate = OPEN (continuous, Stage 1). Host _V_scaffold DROPPED.
[g11 seed=102] BG circuit: 67 regions, 7702 neurons, 270363 synapses
[g11 seed=102] step 100/1800  pos=(0,26)  goal=(30,30)  recent_dist=36.22  action=W  reward=-1.00  actions= 49N/ 13E/ 23S/ 15W
[PROGRESS] {"kind": "step", "current": 100, "total": 1800, "phase": "seed=102", "unit": "steps", "pos": [0, 26], "goal": [30, 30], "recent_dist": 36.22, "action": "W", "reward": -1.0}
[g11 seed=102] step 200/1800  pos=(0,26)  goal=(30,30)  recent_dist=33.02  action=S  reward=-1.00  actions= 30N/ 17E/ 30S/ 23W
[PROGRESS] {"kind": "step", "current": 200, "total": 1800, "phase": "seed=102", "unit": "steps", "pos": [0, 26], "goal": [30, 30], "recent_dist": 33.02, "action": "S", "reward": -1.0}
[g11 seed=102] step 300/1800  pos=(3,25)  goal=(30,30)  recent_dist=31.18  action=S  reward=-1.00  actions= 26N/ 22E/ 26S/ 26W
[PROGRESS] {"kind": "step", "current": 300, "total": 1800, "phase": "seed=102", "unit": "steps", "pos": [3, 25], "goal": [30, 30], "recent_dist": 31.18, "action": "S", "reward": -1.0}
[g11 seed=102] step 400/1800  pos=(3,26)  goal=(30,30)  recent_dist=31.00  action=S  reward=-1.00  actions= 31N/ 20E/ 29S/ 20W
[PROGRESS] {"kind": "step", "current": 400, "total": 1800, "phase": "seed=102", "unit": "steps", "pos": [3, 26], "goal": [30, 30], "recent_dist": 31.0, "action": "S", "reward": -1.0}
[g11 seed=102] step 450: GOAL CHANGED to (1, 30)
[g11 seed=102] step 500/1800  pos=(12,25)  goal=(1,30)  recent_dist=24.48  action=N  reward=+1.00  actions= 22N/ 33E/ 21S/ 24W
[PROGRESS] {"kind": "step", "current": 500, "total": 1800, "phase": "seed=102", "unit": "steps", "pos": [12, 25], "goal": [1, 30], "recent_dist": 24.48, "action": "N", "reward": 1.0}
[g11 seed=102] step 600/1800  pos=(12,31)  goal=(1,30)  recent_dist=12.05  action=N  reward=+0.00  actions=100N/  0E/  0S/  0W
[PROGRESS] {"kind": "step", "current": 600, "total": 1800, "phase": "seed=102", "unit": "steps", "pos": [12, 31], "goal": [1, 30], "recent_dist": 12.05, "action": "N", "reward": 0.0}
[g11 seed=102] step 600: Cluster K v2 visual_cortex_action gate OPENED (warmup=600)
[g11 seed=102] step 700/1800  pos=(12,31)  goal=(1,30)  recent_dist=12.00  action=N  reward=+0.00  actions=100N/  0E/  0S/  0W
[PROGRESS] {"kind": "step", "current": 700, "total": 1800, "phase": "seed=102", "unit": "steps", "pos": [12, 31], "goal": [1, 30], "recent_dist": 12.0, "action": "N", "reward": 0.0}
[g11 seed=102] step 800/1800  pos=(12,31)  goal=(1,30)  recent_dist=12.24  action=N  reward=+0.00  actions= 98N/  1E/  0S/  1W
[PROGRESS] {"kind": "step", "current": 800, "total": 1800, "phase": "seed=102", "unit": "steps", "pos": [12, 31], "goal": [1, 30], "recent_dist": 12.24, "action": "N", "reward": 0.0}
[g11 seed=102] step 900/1800  pos=(14,21)  goal=(1,30)  recent_dist=21.78  action=W  reward=+1.00  actions= 26N/ 29E/ 18S/ 27W
[PROGRESS] {"kind": "step", "current": 900, "total": 1800, "phase": "seed=102", "unit": "steps", "pos": [14, 21], "goal": [1, 30], "recent_dist": 21.78, "action": "W", "reward": 1.0}
[g11 seed=102] step 900: GOAL CHANGED to (1, 1)
[g11 seed=102] step 1000/1800  pos=(2,30)  goal=(1,1)  recent_dist=24.03  action=S  reward=+1.00  actions= 28N/ 17E/ 17S/ 38W
[PROGRESS] {"kind": "step", "current": 1000, "total": 1800, "phase": "seed=102", "unit": "steps", "pos": [2, 30], "goal": [1, 1], "recent_dist": 24.03, "action": "S", "reward": 1.0}
[g11 seed=102] step 1100/1800  pos=(1,23)  goal=(1,1)  recent_dist=23.88  action=S  reward=+1.00  actions= 21N/ 20E/ 28S/ 31W
[PROGRESS] {"kind": "step", "current": 1100, "total": 1800, "phase": "seed=102", "unit": "steps", "pos": [1, 23], "goal": [1, 1], "recent_dist": 23.88, "action": "S", "reward": 1.0}
[g11 seed=102] step 1200/1800  pos=(1,28)  goal=(1,1)  recent_dist=28.78  action=E  reward=+1.00  actions= 36N/ 18E/ 25S/ 21W
[PROGRESS] {"kind": "step", "current": 1200, "total": 1800, "phase": "seed=102", "unit": "steps", "pos": [1, 28], "goal": [1, 1], "recent_dist": 28.78, "action": "E", "reward": 1.0}
[g11 seed=102] step 1300/1800  pos=(1,24)  goal=(1,1)  recent_dist=22.22  action=N  reward=-1.00  actions= 27N/ 17E/ 31S/ 25W
[PROGRESS] {"kind": "step", "current": 1300, "total": 1800, "phase": "seed=102", "unit": "steps", "pos": [1, 24], "goal": [1, 1], "recent_dist": 22.22, "action": "N", "reward": -1.0}
[g11 seed=102] step 1350: GOAL CHANGED to (30, 1)
[g11 seed=102] step 1400/1800  pos=(3,31)  goal=(30,1)  recent_dist=40.51  action=N  reward=+0.00  actions= 63N/ 14E/ 11S/ 12W
[PROGRESS] {"kind": "step", "current": 1400, "total": 1800, "phase": "seed=102", "unit": "steps", "pos": [3, 31], "goal": [30, 1], "recent_dist": 40.51, "action": "N", "reward": 0.0}
[g11 seed=102] step 1500/1800  pos=(2,31)  goal=(30,1)  recent_dist=57.07  action=N  reward=+0.00  actions= 99N/  0E/  0S/  1W
[PROGRESS] {"kind": "step", "current": 1500, "total": 1800, "phase": "seed=102", "unit": "steps", "pos": [2, 31], "goal": [30, 1], "recent_dist": 57.07, "action": "N", "reward": 0.0}
[g11 seed=102] step 1600/1800  pos=(4,30)  goal=(30,1)  recent_dist=57.60  action=W  reward=-1.00  actions= 92N/  4E/  2S/  2W
[PROGRESS] {"kind": "step", "current": 1600, "total": 1800, "phase": "seed=102", "unit": "steps", "pos": [4, 30], "goal": [30, 1], "recent_dist": 57.6, "action": "W", "reward": -1.0}
[g11 seed=102] step 1700/1800  pos=(0,31)  goal=(30,1)  recent_dist=56.84  action=N  reward=+0.00  actions= 68N/  9E/ 10S/ 13W
[PROGRESS] {"kind": "step", "current": 1700, "total": 1800, "phase": "seed=102", "unit": "steps", "pos": [0, 31], "goal": [30, 1], "recent_dist": 56.84, "action": "N", "reward": 0.0}
[g11 seed=102] step 1800/1800  pos=(0,28)  goal=(30,1)  recent_dist=57.09  action=W  reward=-1.00  actions= 48N/ 16E/ 20S/ 16W
[PROGRESS] {"kind": "step", "current": 1800, "total": 1800, "phase": "seed=102", "unit": "steps", "pos": [0, 28], "goal": [30, 1], "recent_dist": 57.09, "action": "W", "reward": -1.0}
[g11 seed=102] NAV-GATE(a) stdp_w_max=400.0  sum_finalQ=130.7788  mean_distance_overall=32.3328  actor_max_cortex_to_D1_weight=226.12095642089844

[g11 seed=102] DONE in 718s. Phase stats:
  phase 0 goal=[30, 30] meanD=32.56 finalQ=30.35 actions=[150, 85, 121, 94]
  phase 1 goal=[1, 30] meanD=14.99 finalQ=20.65 actions=[332, 50, 26, 42]
  phase 2 goal=[1, 1] meanD=24.67 finalQ=22.60 actions=[125, 86, 112, 127]
  phase 3 goal=[30, 1] meanD=57.11 finalQ=57.17 actions=[357, 29, 32, 32]
[sc-pv] arm=sc_popvector_scr: phase0_finalQ=30.354 post_change_finalQ=['20.655', '22.602', '57.168'] (sum 100.425) gate=130.7787610619469 late_sustain=0.559
[sc-pv] arm=sc_popvector_scr per-phase dominant cardinal: ['N', 'N', 'W', 'N']
[sc-pv] arm=sc_popvector_scr per-phase action frac: [{'N': 0.333, 'E': 0.189, 'S': 0.269, 'W': 0.209}, {'N': 0.738, 'E': 0.111, 'S': 0.058, 'W': 0.093}, {'N': 0.278, 'E': 0.191, 'S': 0.249, 'W': 0.282}, {'N': 0.793, 'E': 0.064, 'S': 0.071, 'W': 0.071}]
[sc-pv] arm=sc_popvector_scr FIX1=True FIX2=False FIX3=False FIXA=False (sigma=1.0 gain=1.0) tie_break_fraction=0.2483 (447/1800)
[sc-pv] arm=sc_popvector_scr thal_counts    N-S=+4567 (+38.1%) E-W=+973
[sc-pv] arm=sc_popvector_scr sel_counts     N-S=+70893 (+104.7%) E-W=+110
[sc-pv] arm=sc_popvector_scr commit_counts  N-S=+71310 (+103.0%) E-W=-1185
[sc-pv] arm=sc_popvector_scr motor_counts   N-S=+6503 (+174.1%) E-W=+973

[sc-pv] ===== POPULATION-VECTOR READ-OUT RE-ORIENT VERDICT =====
  host_phase0_finalQ: 0.49557522123893805
  host_post_change_finalQ_sum: 1.6283185840707963
  ramp_post_change_finalQ_sum: None
  popvector_post_change_finalQ_sum: 4.300884955752212
  scramble_post_change_finalQ_sum: 100.42477876106196
  host_tracking: {'dominant_per_phase': ['N', 'S', 'S', 'S'], 'n_distinct_dominant': 2, 'has_W_dominant_phase': False, 'has_E_dominant_phase': False, 'tracks_goal': False}
  ramp_tracking: None
  popvector_tracking: {'dominant_per_phase': ['N', 'W', 'S', 'S'], 'n_distinct_dominant': 3, 'has_W_dominant_phase': True, 'has_E_dominant_phase': False, 'tracks_goal': True}
  scramble_tracking: {'dominant_per_phase': ['N', 'N', 'W', 'N'], 'n_distinct_dominant': 2, 'has_W_dominant_phase': True, 'has_E_dominant_phase': False, 'tracks_goal': True}
  ramp_late_sustain: None
  popvector_late_sustain: 0.7477777777777778
  popvector_fix1: True
  popvector_fix2: False
  popvector_fix3: False
  popvector_fixA: False
  popvector_stage_surplus: {'thal_counts': {'N': 12149.0, 'E': 11655.0, 'S': 12242.0, 'W': 10750.0, 'NS_surplus': -93.0, 'NS_pct': -0.76, 'EW_surplus': 905.0}, 'sel_counts': {'N': 56420.0, 'E': 49957.0, 'S': 55902.0, 'W': 42534.0, 'NS_surplus': 518.0, 'NS_pct': 0.92, 'EW_surplus': 7423.0}, 'commit_counts': {'N': 56508.0, 'E': 50299.0, 'S': 56935.0, 'W': 43462.0, 'NS_surplus': -427.0, 'NS_pct': -0.75, 'EW_surplus': 6837.0}, 'motor_counts': {'N': 4504.0, 'E': 4367.0, 'S': 4869.0, 'W': 3005.0, 'NS_surplus': -365.0, 'NS_pct': -7.79, 'EW_surplus': 1362.0}}
  ramp_stage_surplus: None
  scramble_stage_surplus: {'thal_counts': {'N': 14277.0, 'E': 10125.0, 'S': 9710.0, 'W': 9152.0, 'NS_surplus': 4567.0, 'NS_pct': 38.08, 'EW_surplus': 973.0}, 'sel_counts': {'N': 103187.0, 'E': 30734.0, 'S': 32294.0, 'W': 30624.0, 'NS_surplus': 70893.0, 'NS_pct': 104.65, 'EW_surplus': 110.0}, 'commit_counts': {'N': 104857.0, 'E': 31469.0, 'S': 33547.0, 'W': 32654.0, 'NS_surplus': 71310.0, 'NS_pct': 103.05, 'EW_surplus': -1185.0}, 'motor_counts': {'N': 6987.0, 'E': 1610.0, 'S': 484.0, 'W': 637.0, 'NS_surplus': 6503.0, 'NS_pct': 174.09, 'EW_surplus': 973.0}}
  popvector_tie_break_fraction: 0.19722222222222222
  popvector_opponent_axis_fraction: 0.0
  scramble_tie_break_fraction: 0.24833333333333332
  scramble_opponent_axis_fraction: 0.0
  host_over_popvector_post_ratio: 0.37860082304526743
  popvector_over_ramp_post_improvement: None
  NOTE: GO (#6 CONVERTS) if popvector_tracking.tracks_goal is True AND popvector_post_change approaches host (host_over_popvector_post_ratio ~1, vs the ramp's ~0.01) AND the SCRAMBLE lesion collapses (scramble_tracking.tracks_goal False / much worse finalQ). HONEST NEGATIVE otherwise -- report whether popvector still does NOT track (under-selective) or a deeper issue.
[sc-pv] wrote research/findings/raw/nav_gate_2a/scpv_logpolar_summary_seed102.json
