[sc-pv] arm=host seed=43 grid=32 n_steps=1800 warmup=600 scw=18.0 sigma=1.0 gain=1.0 with_conv=False
[2026-06-21 04:51:32][INFO] SIM_BRIDGE: CuPy using GPU: NVIDIA GeForce RTX 3090 (24.0 GB), mempool limit: 80%
[2026-06-21 04:51:32][INFO] SIM_BRIDGE: Initializing simulation data for model: IZHIKEVICH (3D)... (playback_init: False)
[2026-06-21 04:51:32][INFO] SIM_BRIDGE: Brain-region framework: 60 regions, 5042 total neurons, 140 pathways.
[2026-06-21 04:51:32][INFO] SIM_BRIDGE: RNG initialized with seed: 43
[2026-06-21 04:51:32][INFO] SIM_BRIDGE: NMDA per-region mask: 12 regions enabled (300 neurons)
[2026-06-21 04:51:32][INFO] SIM_BRIDGE: Initializing Izhikevich model specifics for 5042 neurons...
[2026-06-21 04:51:32][INFO] SIM_BRIDGE: Region 'cortex_N' (25 neurons): using Izh type IZH2007_RS_CORTICAL_PYRAMIDAL
[2026-06-21 04:51:32][INFO] SIM_BRIDGE: Region 'cortex_E' (25 neurons): using Izh type IZH2007_RS_CORTICAL_PYRAMIDAL
[2026-06-21 04:51:32][INFO] SIM_BRIDGE: Region 'cortex_S' (25 neurons): using Izh type IZH2007_RS_CORTICAL_PYRAMIDAL
[2026-06-21 04:51:32][INFO] SIM_BRIDGE: Region 'cortex_W' (25 neurons): using Izh type IZH2007_RS_CORTICAL_PYRAMIDAL
[2026-06-21 04:51:32][INFO] SIM_BRIDGE: Region 'str_D1_N' (50 neurons): using Izh type IZH2007_STRIATAL_MSN_D1
[2026-06-21 04:51:32][INFO] SIM_BRIDGE: Region 'str_D2_N' (50 neurons): using Izh type IZH2007_STRIATAL_MSN_D2
[2026-06-21 04:51:32][INFO] SIM_BRIDGE: Region 'str_D1_E' (50 neurons): using Izh type IZH2007_STRIATAL_MSN_D1
[2026-06-21 04:51:32][INFO] SIM_BRIDGE: Region 'str_D2_E' (50 neurons): using Izh type IZH2007_STRIATAL_MSN_D2
[2026-06-21 04:51:32][INFO] SIM_BRIDGE: Region 'str_D1_S' (50 neurons): using Izh type IZH2007_STRIATAL_MSN_D1
[2026-06-21 04:51:32][INFO] SIM_BRIDGE: Region 'str_D2_S' (50 neurons): using Izh type IZH2007_STRIATAL_MSN_D2
[2026-06-21 04:51:32][INFO] SIM_BRIDGE: Region 'str_D1_W' (50 neurons): using Izh type IZH2007_STRIATAL_MSN_D1
[2026-06-21 04:51:32][INFO] SIM_BRIDGE: Region 'str_D2_W' (50 neurons): using Izh type IZH2007_STRIATAL_MSN_D2
[2026-06-21 04:51:32][INFO] SIM_BRIDGE: Region 'str_PV_FSI_N' (5 neurons): using Izh type IZH2007_FS_CORTICAL_INTERNEURON
[2026-06-21 04:51:32][INFO] SIM_BRIDGE: Region 'str_PV_FSI_E' (5 neurons): using Izh type IZH2007_FS_CORTICAL_INTERNEURON
[2026-06-21 04:51:32][INFO] SIM_BRIDGE: Region 'str_PV_FSI_S' (5 neurons): using Izh type IZH2007_FS_CORTICAL_INTERNEURON
[2026-06-21 04:51:32][INFO] SIM_BRIDGE: Region 'str_PV_FSI_W' (5 neurons): using Izh type IZH2007_FS_CORTICAL_INTERNEURON
[2026-06-21 04:51:32][INFO] SIM_BRIDGE: Region 'gpe_N' (10 neurons): using Izh type IZH2007_GPE_PACEMAKER
[2026-06-21 04:51:32][INFO] SIM_BRIDGE: Region 'gpe_arky_N' (4 neurons): using Izh type IZH2007_GPE_PACEMAKER
[2026-06-21 04:51:32][INFO] SIM_BRIDGE: Region 'gpi_N' (10 neurons): using Izh type IZH2007_GPI_OUTPUT
[2026-06-21 04:51:32][INFO] SIM_BRIDGE: Region 'str_striosome_N' (8 neurons): using Izh type IZH2007_STRIATAL_MSN_D1
[2026-06-21 04:51:32][INFO] SIM_BRIDGE: Region 'gpe_E' (10 neurons): using Izh type IZH2007_GPE_PACEMAKER
[2026-06-21 04:51:32][INFO] SIM_BRIDGE: Region 'gpe_arky_E' (4 neurons): using Izh type IZH2007_GPE_PACEMAKER
[2026-06-21 04:51:32][INFO] SIM_BRIDGE: Region 'gpi_E' (10 neurons): using Izh type IZH2007_GPI_OUTPUT
[2026-06-21 04:51:32][INFO] SIM_BRIDGE: Region 'str_striosome_E' (8 neurons): using Izh type IZH2007_STRIATAL_MSN_D1
[2026-06-21 04:51:32][INFO] SIM_BRIDGE: Region 'gpe_S' (10 neurons): using Izh type IZH2007_GPE_PACEMAKER
[2026-06-21 04:51:32][INFO] SIM_BRIDGE: Region 'gpe_arky_S' (4 neurons): using Izh type IZH2007_GPE_PACEMAKER
[2026-06-21 04:51:32][INFO] SIM_BRIDGE: Region 'gpi_S' (10 neurons): using Izh type IZH2007_GPI_OUTPUT
[2026-06-21 04:51:32][INFO] SIM_BRIDGE: Region 'str_striosome_S' (8 neurons): using Izh type IZH2007_STRIATAL_MSN_D1
[2026-06-21 04:51:32][INFO] SIM_BRIDGE: Region 'gpe_W' (10 neurons): using Izh type IZH2007_GPE_PACEMAKER
[2026-06-21 04:51:32][INFO] SIM_BRIDGE: Region 'gpe_arky_W' (4 neurons): using Izh type IZH2007_GPE_PACEMAKER
[2026-06-21 04:51:32][INFO] SIM_BRIDGE: Region 'gpi_W' (10 neurons): using Izh type IZH2007_GPI_OUTPUT
[2026-06-21 04:51:32][INFO] SIM_BRIDGE: Region 'str_striosome_W' (8 neurons): using Izh type IZH2007_STRIATAL_MSN_D1
[2026-06-21 04:51:32][INFO] SIM_BRIDGE: Region 'stn' (20 neurons): using Izh type IZH2007_STN_BURST
[2026-06-21 04:51:32][INFO] SIM_BRIDGE: Region 'thal_N' (10 neurons): using Izh type IZH2007_THALAMIC_RELAY
[2026-06-21 04:51:32][INFO] SIM_BRIDGE: Region 'motor_N' (10 neurons): using Izh type IZH2007_RS_CORTICAL_PYRAMIDAL
[2026-06-21 04:51:32][INFO] SIM_BRIDGE: Region 'thal_E' (10 neurons): using Izh type IZH2007_THALAMIC_RELAY
[2026-06-21 04:51:32][INFO] SIM_BRIDGE: Region 'motor_E' (10 neurons): using Izh type IZH2007_RS_CORTICAL_PYRAMIDAL
[2026-06-21 04:51:32][INFO] SIM_BRIDGE: Region 'thal_S' (10 neurons): using Izh type IZH2007_THALAMIC_RELAY
[2026-06-21 04:51:32][INFO] SIM_BRIDGE: Region 'motor_S' (10 neurons): using Izh type IZH2007_RS_CORTICAL_PYRAMIDAL
[2026-06-21 04:51:32][INFO] SIM_BRIDGE: Region 'thal_W' (10 neurons): using Izh type IZH2007_THALAMIC_RELAY
[2026-06-21 04:51:32][INFO] SIM_BRIDGE: Region 'motor_W' (10 neurons): using Izh type IZH2007_RS_CORTICAL_PYRAMIDAL
[2026-06-21 04:51:32][INFO] SIM_BRIDGE: Region 'snc' (10 neurons): using Izh type IZH2007_DOPAMINE
[2026-06-21 04:51:32][INFO] SIM_BRIDGE: Region 'sel_N' (40 neurons): using Izh type IZH2007_RS_CORTICAL_PYRAMIDAL
[2026-06-21 04:51:32][INFO] SIM_BRIDGE: Region 'sel_FS_N' (10 neurons): using Izh type IZH2007_FS_CORTICAL_INTERNEURON
[2026-06-21 04:51:32][INFO] SIM_BRIDGE: Region 'commit_N' (40 neurons): using Izh type IZH2007_RS_CORTICAL_PYRAMIDAL
[2026-06-21 04:51:32][INFO] SIM_BRIDGE: Region 'sel_E' (40 neurons): using Izh type IZH2007_RS_CORTICAL_PYRAMIDAL
[2026-06-21 04:51:32][INFO] SIM_BRIDGE: Region 'sel_FS_E' (10 neurons): using Izh type IZH2007_FS_CORTICAL_INTERNEURON
[2026-06-21 04:51:32][INFO] SIM_BRIDGE: Region 'commit_E' (40 neurons): using Izh type IZH2007_RS_CORTICAL_PYRAMIDAL
[2026-06-21 04:51:32][INFO] SIM_BRIDGE: Region 'sel_S' (40 neurons): using Izh type IZH2007_RS_CORTICAL_PYRAMIDAL
[2026-06-21 04:51:32][INFO] SIM_BRIDGE: Region 'sel_FS_S' (10 neurons): using Izh type IZH2007_FS_CORTICAL_INTERNEURON
[2026-06-21 04:51:32][INFO] SIM_BRIDGE: Region 'commit_S' (40 neurons): using Izh type IZH2007_RS_CORTICAL_PYRAMIDAL
[2026-06-21 04:51:32][INFO] SIM_BRIDGE: Region 'sel_W' (40 neurons): using Izh type IZH2007_RS_CORTICAL_PYRAMIDAL
[2026-06-21 04:51:32][INFO] SIM_BRIDGE: Region 'sel_FS_W' (10 neurons): using Izh type IZH2007_FS_CORTICAL_INTERNEURON
[2026-06-21 04:51:32][INFO] SIM_BRIDGE: Region 'commit_W' (40 neurons): using Izh type IZH2007_RS_CORTICAL_PYRAMIDAL
[2026-06-21 04:51:32][INFO] SIM_BRIDGE: Region 'commit_OPN' (20 neurons): using Izh type IZH2007_FS_CORTICAL_INTERNEURON
[2026-06-21 04:51:32][INFO] SIM_BRIDGE: Region 'retina' (2048 neurons): using Izh type IZH2007_RS_CORTICAL_PYRAMIDAL
[2026-06-21 04:51:32][INFO] SIM_BRIDGE: Region 'cortex_v1_simple' (1024 neurons): using Izh type IZH2007_RS_CORTICAL_PYRAMIDAL
[2026-06-21 04:51:32][INFO] SIM_BRIDGE: Region 'cortex_v1_complex' (512 neurons): using Izh type IZH2007_RS_CORTICAL_PYRAMIDAL
[2026-06-21 04:51:32][INFO] SIM_BRIDGE: Region 'cortex_v2' (256 neurons): using Izh type IZH2007_RS_CORTICAL_PYRAMIDAL
[2026-06-21 04:51:32][INFO] SIM_BRIDGE: Region 'cortex_it' (64 neurons): using Izh type IZH2007_RS_CORTICAL_PYRAMIDAL
[2026-06-21 04:51:32][INFO] SIM_BRIDGE: Generating 3D neuron positions for 5042 neurons...
[2026-06-21 04:51:32][INFO] SIM_BRIDGE: Generating connections (brain-region framework)...
[2026-06-21 04:51:33][INFO] SIM_BRIDGE: inject_explicit_wiring: installed 167059 synapses across 150 populations.
[2026-06-21 04:51:33][INFO] SIM_BRIDGE: Initializing eligibility traces for 167059 synapses (capacity: 250588, dtype: float32)...
[2026-06-21 04:51:33][INFO] SIM_BRIDGE: Initializing STDP state for 5042 neurons...
[2026-06-21 04:51:33][INFO] SIM_BRIDGE: Simulation data initialized for 5042 neurons (3D). Synapses: 167059. GPU memory: 1.3GB/25.8GB (5.1%)
[g11 seed=43] Cluster K v2: applied 70592 Gabor weights to retina -> cortex_v1_simple
[g11 seed=43] Cluster K v2: visual_cortex_action gate frozen until warmup
[g11 seed=43] BG circuit: 60 regions, 5042 neurons, 234228 synapses
[g11 seed=43] step 100/1800  pos=(30,30)  goal=(30,30)  recent_dist=17.08  action=N  reward=+1.00  actions= 49N/ 30E/ 20S/  1W
[PROGRESS] {"kind": "step", "current": 100, "total": 1800, "phase": "seed=43", "unit": "steps", "pos": [30, 30], "goal": [30, 30], "recent_dist": 17.08, "action": "N", "reward": 1.0}
[g11 seed=43] step 200/1800  pos=(30,30)  goal=(30,30)  recent_dist=0.50  action=N  reward=+1.00  actions= 50N/  0E/ 50S/  0W
[PROGRESS] {"kind": "step", "current": 200, "total": 1800, "phase": "seed=43", "unit": "steps", "pos": [30, 30], "goal": [30, 30], "recent_dist": 0.5, "action": "N", "reward": 1.0}
[g11 seed=43] step 300/1800  pos=(30,30)  goal=(30,30)  recent_dist=0.52  action=S  reward=+1.00  actions= 49N/  1E/ 49S/  1W
[PROGRESS] {"kind": "step", "current": 300, "total": 1800, "phase": "seed=43", "unit": "steps", "pos": [30, 30], "goal": [30, 30], "recent_dist": 0.52, "action": "S", "reward": 1.0}
[g11 seed=43] step 400/1800  pos=(30,30)  goal=(30,30)  recent_dist=0.50  action=S  reward=+1.00  actions= 50N/  0E/ 50S/  0W
[PROGRESS] {"kind": "step", "current": 400, "total": 1800, "phase": "seed=43", "unit": "steps", "pos": [30, 30], "goal": [30, 30], "recent_dist": 0.5, "action": "S", "reward": 1.0}
[g11 seed=43] step 450: GOAL CHANGED to (1, 30)
[g11 seed=43] step 500/1800  pos=(1,31)  goal=(1,30)  recent_dist=5.14  action=N  reward=-1.00  actions= 32N/  4E/ 31S/ 33W
[PROGRESS] {"kind": "step", "current": 500, "total": 1800, "phase": "seed=43", "unit": "steps", "pos": [1, 31], "goal": [1, 30], "recent_dist": 5.14, "action": "N", "reward": -1.0}
[g11 seed=43] step 600/1800  pos=(2,30)  goal=(1,30)  recent_dist=0.62  action=E  reward=-1.00  actions=  6N/ 44E/  7S/ 43W
[PROGRESS] {"kind": "step", "current": 600, "total": 1800, "phase": "seed=43", "unit": "steps", "pos": [2, 30], "goal": [1, 30], "recent_dist": 0.62, "action": "E", "reward": -1.0}
[g11 seed=43] step 600: Cluster K v2 visual_cortex_action gate OPENED (warmup=600)
[g11 seed=43] step 700/1800  pos=(1,29)  goal=(1,30)  recent_dist=0.56  action=S  reward=-1.00  actions= 28N/ 21E/ 29S/ 22W
[PROGRESS] {"kind": "step", "current": 700, "total": 1800, "phase": "seed=43", "unit": "steps", "pos": [1, 29], "goal": [1, 30], "recent_dist": 0.56, "action": "S", "reward": -1.0}
[g11 seed=43] step 800/1800  pos=(1,31)  goal=(1,30)  recent_dist=0.76  action=N  reward=-1.00  actions= 44N/  7E/ 42S/  7W
[PROGRESS] {"kind": "step", "current": 800, "total": 1800, "phase": "seed=43", "unit": "steps", "pos": [1, 31], "goal": [1, 30], "recent_dist": 0.76, "action": "N", "reward": -1.0}
[g11 seed=43] step 900/1800  pos=(1,29)  goal=(1,30)  recent_dist=0.51  action=S  reward=-1.00  actions= 50N/  0E/ 50S/  0W
[PROGRESS] {"kind": "step", "current": 900, "total": 1800, "phase": "seed=43", "unit": "steps", "pos": [1, 29], "goal": [1, 30], "recent_dist": 0.51, "action": "S", "reward": -1.0}
[g11 seed=43] step 900: GOAL CHANGED to (1, 1)
[g11 seed=43] step 1000/1800  pos=(1,1)  goal=(1,1)  recent_dist=4.30  action=E  reward=+1.00  actions= 32N/  4E/ 60S/  4W
[PROGRESS] {"kind": "step", "current": 1000, "total": 1800, "phase": "seed=43", "unit": "steps", "pos": [1, 1], "goal": [1, 1], "recent_dist": 4.3, "action": "E", "reward": 1.0}
[g11 seed=43] step 1100/1800  pos=(1,1)  goal=(1,1)  recent_dist=0.50  action=E  reward=+1.00  actions=  0N/ 50E/  0S/ 50W
[PROGRESS] {"kind": "step", "current": 1100, "total": 1800, "phase": "seed=43", "unit": "steps", "pos": [1, 1], "goal": [1, 1], "recent_dist": 0.5, "action": "E", "reward": 1.0}
[g11 seed=43] step 1200/1800  pos=(2,0)  goal=(1,1)  recent_dist=0.58  action=E  reward=-1.00  actions=  1N/ 49E/  2S/ 48W
[PROGRESS] {"kind": "step", "current": 1200, "total": 1800, "phase": "seed=43", "unit": "steps", "pos": [2, 0], "goal": [1, 1], "recent_dist": 0.58, "action": "E", "reward": -1.0}
[g11 seed=43] step 1300/1800  pos=(1,1)  goal=(1,1)  recent_dist=0.52  action=S  reward=+1.00  actions= 50N/  0E/ 49S/  1W
[PROGRESS] {"kind": "step", "current": 1300, "total": 1800, "phase": "seed=43", "unit": "steps", "pos": [1, 1], "goal": [1, 1], "recent_dist": 0.52, "action": "S", "reward": 1.0}
[g11 seed=43] step 1350: GOAL CHANGED to (30, 1)
[g11 seed=43] step 1400/1800  pos=(29,1)  goal=(30,1)  recent_dist=5.04  action=W  reward=-1.00  actions= 26N/ 38E/ 26S/ 10W
[PROGRESS] {"kind": "step", "current": 1400, "total": 1800, "phase": "seed=43", "unit": "steps", "pos": [29, 1], "goal": [30, 1], "recent_dist": 5.04, "action": "W", "reward": -1.0}
[g11 seed=43] step 1500/1800  pos=(29,1)  goal=(30,1)  recent_dist=0.50  action=W  reward=-1.00  actions=  0N/ 50E/  0S/ 50W
[PROGRESS] {"kind": "step", "current": 1500, "total": 1800, "phase": "seed=43", "unit": "steps", "pos": [29, 1], "goal": [30, 1], "recent_dist": 0.5, "action": "W", "reward": -1.0}
[g11 seed=43] step 1600/1800  pos=(30,0)  goal=(30,1)  recent_dist=0.58  action=S  reward=-1.00  actions= 24N/ 26E/ 25S/ 25W
[PROGRESS] {"kind": "step", "current": 1600, "total": 1800, "phase": "seed=43", "unit": "steps", "pos": [30, 0], "goal": [30, 1], "recent_dist": 0.58, "action": "S", "reward": -1.0}
[g11 seed=43] step 1700/1800  pos=(29,1)  goal=(30,1)  recent_dist=0.52  action=S  reward=+1.00  actions= 50N/  0E/ 49S/  1W
[PROGRESS] {"kind": "step", "current": 1700, "total": 1800, "phase": "seed=43", "unit": "steps", "pos": [29, 1], "goal": [30, 1], "recent_dist": 0.52, "action": "S", "reward": 1.0}
[g11 seed=43] step 1800/1800  pos=(30,2)  goal=(30,1)  recent_dist=0.60  action=N  reward=-1.00  actions= 14N/ 37E/ 13S/ 36W
[PROGRESS] {"kind": "step", "current": 1800, "total": 1800, "phase": "seed=43", "unit": "steps", "pos": [30, 2], "goal": [30, 1], "recent_dist": 0.6, "action": "N", "reward": -1.0}
[g11 seed=43] NAV-GATE(a) stdp_w_max=400.0  sum_finalQ=2.1150  mean_distance_overall=2.1850  actor_max_cortex_to_D1_weight=309.3987121582031

[g11 seed=43] DONE in 522s. Phase stats:
  phase 0 goal=[30, 30] meanD=4.19 finalQ=0.50 actions=[223, 31, 194, 2]
  phase 1 goal=[1, 30] meanD=1.63 finalQ=0.51 actions=[135, 76, 134, 105]
  phase 2 goal=[1, 1] meanD=1.37 finalQ=0.50 actions=[108, 103, 136, 103]
  phase 3 goal=[30, 1] meanD=1.55 finalQ=0.61 actions=[89, 151, 88, 122]
[sc-pv] arm=host: phase0_finalQ=0.496 post_change_finalQ=['0.513', '0.496', '0.611'] (sum 1.619) gate=2.1150442477876106 late_sustain=1.000
[sc-pv] arm=host per-phase dominant cardinal: ['N', 'N', 'S', 'E']
[sc-pv] arm=host per-phase action frac: [{'N': 0.496, 'E': 0.069, 'S': 0.431, 'W': 0.004}, {'N': 0.3, 'E': 0.169, 'S': 0.298, 'W': 0.233}, {'N': 0.24, 'E': 0.229, 'S': 0.302, 'W': 0.229}, {'N': 0.198, 'E': 0.336, 'S': 0.196, 'W': 0.271}]
[sc-pv] arm=host FIX1=True FIX2=False FIX3=False FIXA=False (sigma=1.0 gain=1.0) tie_break_fraction=0.0161 (29/1800)
[sc-pv] arm=host thal_counts    N-S=-68 (-0.5%) E-W=+389
[sc-pv] arm=host sel_counts     N-S=+1163 (+2.0%) E-W=+3617
[sc-pv] arm=host commit_counts  N-S=-779 (-1.4%) E-W=+3694
[sc-pv] arm=host motor_counts   N-S=-1762 (-19.7%) E-W=+576
[sc-pv] arm=sc_popvector seed=43 grid=32 n_steps=1800 warmup=600 scw=18.0 sigma=1.0 gain=1.0 with_conv=False
[g11] WARN: --spiking-reward-us WITHOUT --perceived-approach-reward -> the US rides on the COORD-based reward (not coord-free). Add --perceived-approach-reward for the fully-biologized (coord-free) reward chain.
[g11 seed=43] Spiking-SNc Stage A: dopamine modulator = from_region_firing_signed over ['snc'] (tonic=220.0pA, k_r=400.0, k_v=400.0); RPE is the SNc FIRING. V = host reward_ema (Stage-A scaffold).
[2026-06-21 05:00:14][INFO] SIM_BRIDGE: CuPy using GPU: NVIDIA GeForce RTX 3090 (24.0 GB), mempool limit: 80%
[2026-06-21 05:00:14][INFO] SIM_BRIDGE: Initializing simulation data for model: IZHIKEVICH (3D)... (playback_init: False)
[2026-06-21 05:00:14][INFO] SIM_BRIDGE: Brain-region framework: 67 regions, 7702 total neurons, 146 pathways.
[2026-06-21 05:00:14][INFO] SIM_BRIDGE: RNG initialized with seed: 43
[2026-06-21 05:00:14][INFO] SIM_BRIDGE: NMDA per-region mask: 12 regions enabled (300 neurons)
[2026-06-21 05:00:14][INFO] SIM_BRIDGE: Input-divisive-norm per-region mask: 4 regions enabled (100 neurons)
[2026-06-21 05:00:14][INFO] SIM_BRIDGE: Initializing Izhikevich model specifics for 7702 neurons...
[2026-06-21 05:00:14][INFO] SIM_BRIDGE: Region 'cortex_N' (25 neurons): using Izh type IZH2007_RS_CORTICAL_PYRAMIDAL
[2026-06-21 05:00:14][INFO] SIM_BRIDGE: Region 'cortex_E' (25 neurons): using Izh type IZH2007_RS_CORTICAL_PYRAMIDAL
[2026-06-21 05:00:14][INFO] SIM_BRIDGE: Region 'cortex_S' (25 neurons): using Izh type IZH2007_RS_CORTICAL_PYRAMIDAL
[2026-06-21 05:00:14][INFO] SIM_BRIDGE: Region 'cortex_W' (25 neurons): using Izh type IZH2007_RS_CORTICAL_PYRAMIDAL
[2026-06-21 05:00:14][INFO] SIM_BRIDGE: Region 'str_D1_N' (50 neurons): using Izh type IZH2007_STRIATAL_MSN_D1
[2026-06-21 05:00:14][INFO] SIM_BRIDGE: Region 'str_D2_N' (50 neurons): using Izh type IZH2007_STRIATAL_MSN_D2
[2026-06-21 05:00:14][INFO] SIM_BRIDGE: Region 'str_D1_E' (50 neurons): using Izh type IZH2007_STRIATAL_MSN_D1
[2026-06-21 05:00:14][INFO] SIM_BRIDGE: Region 'str_D2_E' (50 neurons): using Izh type IZH2007_STRIATAL_MSN_D2
[2026-06-21 05:00:14][INFO] SIM_BRIDGE: Region 'str_D1_S' (50 neurons): using Izh type IZH2007_STRIATAL_MSN_D1
[2026-06-21 05:00:14][INFO] SIM_BRIDGE: Region 'str_D2_S' (50 neurons): using Izh type IZH2007_STRIATAL_MSN_D2
[2026-06-21 05:00:14][INFO] SIM_BRIDGE: Region 'str_D1_W' (50 neurons): using Izh type IZH2007_STRIATAL_MSN_D1
[2026-06-21 05:00:14][INFO] SIM_BRIDGE: Region 'str_D2_W' (50 neurons): using Izh type IZH2007_STRIATAL_MSN_D2
[2026-06-21 05:00:14][INFO] SIM_BRIDGE: Region 'str_PV_FSI_N' (5 neurons): using Izh type IZH2007_FS_CORTICAL_INTERNEURON
[2026-06-21 05:00:14][INFO] SIM_BRIDGE: Region 'str_PV_FSI_E' (5 neurons): using Izh type IZH2007_FS_CORTICAL_INTERNEURON
[2026-06-21 05:00:14][INFO] SIM_BRIDGE: Region 'str_PV_FSI_S' (5 neurons): using Izh type IZH2007_FS_CORTICAL_INTERNEURON
[2026-06-21 05:00:14][INFO] SIM_BRIDGE: Region 'str_PV_FSI_W' (5 neurons): using Izh type IZH2007_FS_CORTICAL_INTERNEURON
[2026-06-21 05:00:14][INFO] SIM_BRIDGE: Region 'gpe_N' (10 neurons): using Izh type IZH2007_GPE_PACEMAKER
[2026-06-21 05:00:14][INFO] SIM_BRIDGE: Region 'gpe_arky_N' (4 neurons): using Izh type IZH2007_GPE_PACEMAKER
[2026-06-21 05:00:14][INFO] SIM_BRIDGE: Region 'gpi_N' (10 neurons): using Izh type IZH2007_GPI_OUTPUT
[2026-06-21 05:00:14][INFO] SIM_BRIDGE: Region 'str_striosome_N' (8 neurons): using Izh type IZH2007_STRIATAL_MSN_D1
[2026-06-21 05:00:14][INFO] SIM_BRIDGE: Region 'gpe_E' (10 neurons): using Izh type IZH2007_GPE_PACEMAKER
[2026-06-21 05:00:14][INFO] SIM_BRIDGE: Region 'gpe_arky_E' (4 neurons): using Izh type IZH2007_GPE_PACEMAKER
[2026-06-21 05:00:14][INFO] SIM_BRIDGE: Region 'gpi_E' (10 neurons): using Izh type IZH2007_GPI_OUTPUT
[2026-06-21 05:00:14][INFO] SIM_BRIDGE: Region 'str_striosome_E' (8 neurons): using Izh type IZH2007_STRIATAL_MSN_D1
[2026-06-21 05:00:14][INFO] SIM_BRIDGE: Region 'gpe_S' (10 neurons): using Izh type IZH2007_GPE_PACEMAKER
[2026-06-21 05:00:14][INFO] SIM_BRIDGE: Region 'gpe_arky_S' (4 neurons): using Izh type IZH2007_GPE_PACEMAKER
[2026-06-21 05:00:14][INFO] SIM_BRIDGE: Region 'gpi_S' (10 neurons): using Izh type IZH2007_GPI_OUTPUT
[2026-06-21 05:00:14][INFO] SIM_BRIDGE: Region 'str_striosome_S' (8 neurons): using Izh type IZH2007_STRIATAL_MSN_D1
[2026-06-21 05:00:14][INFO] SIM_BRIDGE: Region 'gpe_W' (10 neurons): using Izh type IZH2007_GPE_PACEMAKER
[2026-06-21 05:00:14][INFO] SIM_BRIDGE: Region 'gpe_arky_W' (4 neurons): using Izh type IZH2007_GPE_PACEMAKER
[2026-06-21 05:00:14][INFO] SIM_BRIDGE: Region 'gpi_W' (10 neurons): using Izh type IZH2007_GPI_OUTPUT
[2026-06-21 05:00:14][INFO] SIM_BRIDGE: Region 'str_striosome_W' (8 neurons): using Izh type IZH2007_STRIATAL_MSN_D1
[2026-06-21 05:00:14][INFO] SIM_BRIDGE: Region 'stn' (20 neurons): using Izh type IZH2007_STN_BURST
[2026-06-21 05:00:14][INFO] SIM_BRIDGE: Region 'thal_N' (10 neurons): using Izh type IZH2007_THALAMIC_RELAY
[2026-06-21 05:00:14][INFO] SIM_BRIDGE: Region 'motor_N' (10 neurons): using Izh type IZH2007_RS_CORTICAL_PYRAMIDAL
[2026-06-21 05:00:14][INFO] SIM_BRIDGE: Region 'thal_E' (10 neurons): using Izh type IZH2007_THALAMIC_RELAY
[2026-06-21 05:00:14][INFO] SIM_BRIDGE: Region 'motor_E' (10 neurons): using Izh type IZH2007_RS_CORTICAL_PYRAMIDAL
[2026-06-21 05:00:14][INFO] SIM_BRIDGE: Region 'thal_S' (10 neurons): using Izh type IZH2007_THALAMIC_RELAY
[2026-06-21 05:00:14][INFO] SIM_BRIDGE: Region 'motor_S' (10 neurons): using Izh type IZH2007_RS_CORTICAL_PYRAMIDAL
[2026-06-21 05:00:14][INFO] SIM_BRIDGE: Region 'thal_W' (10 neurons): using Izh type IZH2007_THALAMIC_RELAY
[2026-06-21 05:00:14][INFO] SIM_BRIDGE: Region 'motor_W' (10 neurons): using Izh type IZH2007_RS_CORTICAL_PYRAMIDAL
[2026-06-21 05:00:14][INFO] SIM_BRIDGE: Region 'snc' (10 neurons): using Izh type IZH2007_DOPAMINE
[2026-06-21 05:00:14][INFO] SIM_BRIDGE: Region 'reward_us' (40 neurons): using Izh type IZH2007_RS_CORTICAL_PYRAMIDAL
[2026-06-21 05:00:14][INFO] SIM_BRIDGE: Region 'vs_place_context' (200 neurons): using Izh type IZH2007_RS_CORTICAL_PYRAMIDAL
[2026-06-21 05:00:14][INFO] SIM_BRIDGE: Region 'striosome_value' (80 neurons): using Izh type IZH2007_STRIATAL_MSN_D1
[2026-06-21 05:00:14][INFO] SIM_BRIDGE: Region 'sel_N' (40 neurons): using Izh type IZH2007_RS_CORTICAL_PYRAMIDAL
[2026-06-21 05:00:14][INFO] SIM_BRIDGE: Region 'sel_FS_N' (10 neurons): using Izh type IZH2007_FS_CORTICAL_INTERNEURON
[2026-06-21 05:00:14][INFO] SIM_BRIDGE: Region 'commit_N' (40 neurons): using Izh type IZH2007_RS_CORTICAL_PYRAMIDAL
[2026-06-21 05:00:14][INFO] SIM_BRIDGE: Region 'sel_E' (40 neurons): using Izh type IZH2007_RS_CORTICAL_PYRAMIDAL
[2026-06-21 05:00:14][INFO] SIM_BRIDGE: Region 'sel_FS_E' (10 neurons): using Izh type IZH2007_FS_CORTICAL_INTERNEURON
[2026-06-21 05:00:14][INFO] SIM_BRIDGE: Region 'commit_E' (40 neurons): using Izh type IZH2007_RS_CORTICAL_PYRAMIDAL
[2026-06-21 05:00:14][INFO] SIM_BRIDGE: Region 'sel_S' (40 neurons): using Izh type IZH2007_RS_CORTICAL_PYRAMIDAL
[2026-06-21 05:00:14][INFO] SIM_BRIDGE: Region 'sel_FS_S' (10 neurons): using Izh type IZH2007_FS_CORTICAL_INTERNEURON
[2026-06-21 05:00:14][INFO] SIM_BRIDGE: Region 'commit_S' (40 neurons): using Izh type IZH2007_RS_CORTICAL_PYRAMIDAL
[2026-06-21 05:00:14][INFO] SIM_BRIDGE: Region 'sel_W' (40 neurons): using Izh type IZH2007_RS_CORTICAL_PYRAMIDAL
[2026-06-21 05:00:14][INFO] SIM_BRIDGE: Region 'sel_FS_W' (10 neurons): using Izh type IZH2007_FS_CORTICAL_INTERNEURON
[2026-06-21 05:00:14][INFO] SIM_BRIDGE: Region 'commit_W' (40 neurons): using Izh type IZH2007_RS_CORTICAL_PYRAMIDAL
[2026-06-21 05:00:14][INFO] SIM_BRIDGE: Region 'commit_OPN' (20 neurons): using Izh type IZH2007_FS_CORTICAL_INTERNEURON
[2026-06-21 05:00:14][INFO] SIM_BRIDGE: Region 'retina' (2048 neurons): using Izh type IZH2007_RS_CORTICAL_PYRAMIDAL
[2026-06-21 05:00:14][INFO] SIM_BRIDGE: Region 'cortex_v1_simple' (1024 neurons): using Izh type IZH2007_RS_CORTICAL_PYRAMIDAL
[2026-06-21 05:00:14][INFO] SIM_BRIDGE: Region 'cortex_v1_complex' (512 neurons): using Izh type IZH2007_RS_CORTICAL_PYRAMIDAL
[2026-06-21 05:00:14][INFO] SIM_BRIDGE: Region 'cortex_v2' (256 neurons): using Izh type IZH2007_RS_CORTICAL_PYRAMIDAL
[2026-06-21 05:00:14][INFO] SIM_BRIDGE: Region 'cortex_it' (64 neurons): using Izh type IZH2007_RS_CORTICAL_PYRAMIDAL
[2026-06-21 05:00:14][INFO] SIM_BRIDGE: Region 'sc_retina' (2048 neurons): using Izh type IZH2007_RS_CORTICAL_PYRAMIDAL
[2026-06-21 05:00:14][INFO] SIM_BRIDGE: Region 'sc_map' (256 neurons): using Izh type IZH2007_RS_CORTICAL_PYRAMIDAL
[2026-06-21 05:00:14][INFO] SIM_BRIDGE: Region 'sc_fs' (12 neurons): using Izh type IZH2007_FS_CORTICAL_INTERNEURON
[2026-06-21 05:00:14][INFO] SIM_BRIDGE: Region 'sc_rostral' (24 neurons): using Izh type IZH2007_RS_CORTICAL_PYRAMIDAL
[2026-06-21 05:00:14][INFO] SIM_BRIDGE: Generating 3D neuron positions for 7702 neurons...
[2026-06-21 05:00:14][INFO] SIM_BRIDGE: Generating connections (brain-region framework)...
[2026-06-21 05:00:15][INFO] SIM_BRIDGE: inject_explicit_wiring: installed 180301 synapses across 156 populations.
[2026-06-21 05:00:15][INFO] SIM_BRIDGE: Initializing eligibility traces for 180301 synapses (capacity: 270451, dtype: float32)...
[2026-06-21 05:00:15][INFO] SIM_BRIDGE: Initialized neuromodulator subsystem with 1 modulators: ['dopamine']
[2026-06-21 05:00:15][INFO] SIM_BRIDGE: Initializing STDP state for 7702 neurons...
[2026-06-21 05:00:15][INFO] SIM_BRIDGE: Simulation data initialized for 7702 neurons (3D). Synapses: 180301. GPU memory: 1.4GB/25.8GB (5.4%)
[g11 seed=43] Cluster K v2: applied 70592 Gabor weights to retina -> cortex_v1_simple
[g11 seed=43] Cluster K v2: visual_cortex_action gate frozen until warmup
[g11] spiking SC: installed 21828 synapses (retina->sc_map 16x16 + recurrent + sc_map->cortex_NESW + sc_map->sc_rostral (N5))
[g11 seed=43] #6 SC read-out: POPULATION-VECTOR (cosine) + cortex_X divisive-norm (sigma=1.0, gain=1.0)
[g11 seed=43] N5 reward: boosted sc_rostral->reward_us to 40.0 (960 synapses)
[g11 seed=43] Spiking-SNc Stage B: NEURAL value critic ON (striosome_value n=80, vs_place_context->value w0=0.20134662091732025); r-V subtracted via GABA_B/GIRK (E_K=-90mV, prop=0.02); critic->SNc gate = OPEN (continuous, Stage 1). Host _V_scaffold DROPPED.
[g11 seed=43] BG circuit: 67 regions, 7702 neurons, 269694 synapses
[g11 seed=43] step 100/1800  pos=(30,30)  goal=(30,30)  recent_dist=18.16  action=S  reward=+1.00  actions= 45N/ 36E/ 12S/  7W
[PROGRESS] {"kind": "step", "current": 100, "total": 1800, "phase": "seed=43", "unit": "steps", "pos": [30, 30], "goal": [30, 30], "recent_dist": 18.16, "action": "S", "reward": 1.0}
[g11 seed=43] step 200/1800  pos=(31,30)  goal=(30,30)  recent_dist=1.11  action=E  reward=+0.00  actions= 30N/ 23E/ 27S/ 20W
[PROGRESS] {"kind": "step", "current": 200, "total": 1800, "phase": "seed=43", "unit": "steps", "pos": [31, 30], "goal": [30, 30], "recent_dist": 1.11, "action": "E", "reward": 0.0}
[g11 seed=43] step 300/1800  pos=(31,30)  goal=(30,30)  recent_dist=1.10  action=E  reward=-1.00  actions= 25N/ 27E/ 24S/ 24W
[PROGRESS] {"kind": "step", "current": 300, "total": 1800, "phase": "seed=43", "unit": "steps", "pos": [31, 30], "goal": [30, 30], "recent_dist": 1.1, "action": "E", "reward": -1.0}
[g11 seed=43] step 400/1800  pos=(31,30)  goal=(30,30)  recent_dist=1.17  action=E  reward=+0.00  actions= 18N/ 35E/ 18S/ 29W
[PROGRESS] {"kind": "step", "current": 400, "total": 1800, "phase": "seed=43", "unit": "steps", "pos": [31, 30], "goal": [30, 30], "recent_dist": 1.17, "action": "E", "reward": 0.0}
[g11 seed=43] step 450: GOAL CHANGED to (1, 30)
[g11 seed=43] step 500/1800  pos=(1,30)  goal=(1,30)  recent_dist=5.39  action=N  reward=+1.00  actions= 21N/ 16E/ 18S/ 45W
[PROGRESS] {"kind": "step", "current": 500, "total": 1800, "phase": "seed=43", "unit": "steps", "pos": [1, 30], "goal": [1, 30], "recent_dist": 5.39, "action": "N", "reward": 1.0}
[g11 seed=43] step 600/1800  pos=(0,30)  goal=(1,30)  recent_dist=1.13  action=S  reward=+1.00  actions= 32N/ 19E/ 28S/ 21W
[PROGRESS] {"kind": "step", "current": 600, "total": 1800, "phase": "seed=43", "unit": "steps", "pos": [0, 30], "goal": [1, 30], "recent_dist": 1.13, "action": "S", "reward": 1.0}
[g11 seed=43] step 600: Cluster K v2 visual_cortex_action gate OPENED (warmup=600)
[g11 seed=43] step 700/1800  pos=(1,31)  goal=(1,30)  recent_dist=1.10  action=E  reward=+1.00  actions= 20N/ 29E/ 16S/ 35W
[PROGRESS] {"kind": "step", "current": 700, "total": 1800, "phase": "seed=43", "unit": "steps", "pos": [1, 31], "goal": [1, 30], "recent_dist": 1.1, "action": "E", "reward": 1.0}
[g11 seed=43] step 800/1800  pos=(1,29)  goal=(1,30)  recent_dist=1.34  action=W  reward=+1.00  actions= 31N/ 20E/ 27S/ 22W
[PROGRESS] {"kind": "step", "current": 800, "total": 1800, "phase": "seed=43", "unit": "steps", "pos": [1, 29], "goal": [1, 30], "recent_dist": 1.34, "action": "W", "reward": 1.0}
[g11 seed=43] step 900/1800  pos=(0,30)  goal=(1,30)  recent_dist=1.37  action=S  reward=+1.00  actions= 28N/ 23E/ 23S/ 26W
[PROGRESS] {"kind": "step", "current": 900, "total": 1800, "phase": "seed=43", "unit": "steps", "pos": [0, 30], "goal": [1, 30], "recent_dist": 1.37, "action": "S", "reward": 1.0}
[g11 seed=43] step 900: GOAL CHANGED to (1, 1)
[g11 seed=43] step 1000/1800  pos=(1,0)  goal=(1,1)  recent_dist=5.47  action=E  reward=+1.00  actions= 16N/ 19E/ 47S/ 18W
[PROGRESS] {"kind": "step", "current": 1000, "total": 1800, "phase": "seed=43", "unit": "steps", "pos": [1, 0], "goal": [1, 1], "recent_dist": 5.47, "action": "E", "reward": 1.0}
[g11 seed=43] step 1100/1800  pos=(2,1)  goal=(1,1)  recent_dist=1.52  action=S  reward=+1.00  actions= 18N/ 30E/ 19S/ 33W
[PROGRESS] {"kind": "step", "current": 1100, "total": 1800, "phase": "seed=43", "unit": "steps", "pos": [2, 1], "goal": [1, 1], "recent_dist": 1.52, "action": "S", "reward": 1.0}
[g11 seed=43] step 1200/1800  pos=(4,1)  goal=(1,1)  recent_dist=1.51  action=E  reward=-1.00  actions= 23N/ 26E/ 26S/ 25W
[PROGRESS] {"kind": "step", "current": 1200, "total": 1800, "phase": "seed=43", "unit": "steps", "pos": [4, 1], "goal": [1, 1], "recent_dist": 1.51, "action": "E", "reward": -1.0}
[g11 seed=43] step 1300/1800  pos=(1,0)  goal=(1,1)  recent_dist=1.52  action=S  reward=-1.00  actions= 22N/ 21E/ 28S/ 29W
[PROGRESS] {"kind": "step", "current": 1300, "total": 1800, "phase": "seed=43", "unit": "steps", "pos": [1, 0], "goal": [1, 1], "recent_dist": 1.52, "action": "S", "reward": -1.0}
[g11 seed=43] step 1350: GOAL CHANGED to (30, 1)
[g11 seed=43] step 1400/1800  pos=(27,2)  goal=(30,1)  recent_dist=5.59  action=W  reward=-1.00  actions= 18N/ 46E/ 19S/ 17W
[PROGRESS] {"kind": "step", "current": 1400, "total": 1800, "phase": "seed=43", "unit": "steps", "pos": [27, 2], "goal": [30, 1], "recent_dist": 5.59, "action": "W", "reward": -1.0}
[g11 seed=43] step 1500/1800  pos=(30,1)  goal=(30,1)  recent_dist=1.52  action=S  reward=+1.00  actions= 22N/ 32E/ 25S/ 21W
[PROGRESS] {"kind": "step", "current": 1500, "total": 1800, "phase": "seed=43", "unit": "steps", "pos": [30, 1], "goal": [30, 1], "recent_dist": 1.52, "action": "S", "reward": 1.0}
[g11 seed=43] step 1600/1800  pos=(31,0)  goal=(30,1)  recent_dist=1.57  action=S  reward=-1.00  actions= 22N/ 30E/ 24S/ 24W
[PROGRESS] {"kind": "step", "current": 1600, "total": 1800, "phase": "seed=43", "unit": "steps", "pos": [31, 0], "goal": [30, 1], "recent_dist": 1.57, "action": "S", "reward": -1.0}
[g11 seed=43] step 1700/1800  pos=(29,2)  goal=(30,1)  recent_dist=1.55  action=E  reward=+1.00  actions= 27N/ 25E/ 29S/ 19W
[PROGRESS] {"kind": "step", "current": 1700, "total": 1800, "phase": "seed=43", "unit": "steps", "pos": [29, 2], "goal": [30, 1], "recent_dist": 1.55, "action": "E", "reward": 1.0}
[g11 seed=43] step 1800/1800  pos=(30,1)  goal=(30,1)  recent_dist=1.51  action=E  reward=+1.00  actions= 22N/ 27E/ 29S/ 22W
[PROGRESS] {"kind": "step", "current": 1800, "total": 1800, "phase": "seed=43", "unit": "steps", "pos": [30, 1], "goal": [30, 1], "recent_dist": 1.51, "action": "E", "reward": 1.0}
[g11 seed=43] NAV-GATE(a) stdp_w_max=400.0  sum_finalQ=5.6106  mean_distance_overall=2.9794  actor_max_cortex_to_D1_weight=198.2044219970703

[g11 seed=43] DONE in 966s. Phase stats:
  phase 0 goal=[30, 30] meanD=4.90 finalQ=1.12 actions=[133, 133, 93, 91]
  phase 1 goal=[1, 30] meanD=2.18 finalQ=1.31 actions=[117, 95, 100, 138]
  phase 2 goal=[1, 1] meanD=2.42 finalQ=1.65 actions=[94, 106, 135, 115]
  phase 3 goal=[30, 1] meanD=2.42 finalQ=1.54 actions=[96, 150, 111, 93]
[sc-pv] arm=sc_popvector: phase0_finalQ=1.115 post_change_finalQ=['1.310', '1.646', '1.540'] (sum 4.496) gate=5.610619469026549 late_sustain=0.711
[sc-pv] arm=sc_popvector per-phase dominant cardinal: ['N', 'W', 'S', 'E']
[sc-pv] arm=sc_popvector per-phase action frac: [{'N': 0.296, 'E': 0.296, 'S': 0.207, 'W': 0.202}, {'N': 0.26, 'E': 0.211, 'S': 0.222, 'W': 0.307}, {'N': 0.209, 'E': 0.236, 'S': 0.3, 'W': 0.256}, {'N': 0.213, 'E': 0.333, 'S': 0.247, 'W': 0.207}]
[sc-pv] arm=sc_popvector FIX1=True FIX2=False FIX3=False FIXA=False (sigma=1.0 gain=1.0) tie_break_fraction=0.1878 (338/1800)
[sc-pv] arm=sc_popvector thal_counts    N-S=+205 (+1.7%) E-W=+536
[sc-pv] arm=sc_popvector sel_counts     N-S=+3581 (+7.1%) E-W=+7649
[sc-pv] arm=sc_popvector commit_counts  N-S=+2162 (+4.2%) E-W=+7867
[sc-pv] arm=sc_popvector motor_counts   N-S=-46 (-1.1%) E-W=+548
[sc-pv] arm=sc_popvector_scr seed=43 grid=32 n_steps=1800 warmup=600 scw=18.0 sigma=1.0 gain=1.0 with_conv=False
[g11] WARN: --spiking-reward-us WITHOUT --perceived-approach-reward -> the US rides on the COORD-based reward (not coord-free). Add --perceived-approach-reward for the fully-biologized (coord-free) reward chain.
[g11 seed=43] Spiking-SNc Stage A: dopamine modulator = from_region_firing_signed over ['snc'] (tonic=220.0pA, k_r=400.0, k_v=400.0); RPE is the SNc FIRING. V = host reward_ema (Stage-A scaffold).
[2026-06-21 05:16:22][INFO] SIM_BRIDGE: CuPy using GPU: NVIDIA GeForce RTX 3090 (24.0 GB), mempool limit: 80%
[2026-06-21 05:16:22][INFO] SIM_BRIDGE: Initializing simulation data for model: IZHIKEVICH (3D)... (playback_init: False)
[2026-06-21 05:16:22][INFO] SIM_BRIDGE: Brain-region framework: 67 regions, 7702 total neurons, 146 pathways.
[2026-06-21 05:16:22][INFO] SIM_BRIDGE: RNG initialized with seed: 43
[2026-06-21 05:16:22][INFO] SIM_BRIDGE: NMDA per-region mask: 12 regions enabled (300 neurons)
[2026-06-21 05:16:22][INFO] SIM_BRIDGE: Input-divisive-norm per-region mask: 4 regions enabled (100 neurons)
[2026-06-21 05:16:22][INFO] SIM_BRIDGE: Initializing Izhikevich model specifics for 7702 neurons...
[2026-06-21 05:16:22][INFO] SIM_BRIDGE: Region 'cortex_N' (25 neurons): using Izh type IZH2007_RS_CORTICAL_PYRAMIDAL
[2026-06-21 05:16:22][INFO] SIM_BRIDGE: Region 'cortex_E' (25 neurons): using Izh type IZH2007_RS_CORTICAL_PYRAMIDAL
[2026-06-21 05:16:22][INFO] SIM_BRIDGE: Region 'cortex_S' (25 neurons): using Izh type IZH2007_RS_CORTICAL_PYRAMIDAL
[2026-06-21 05:16:22][INFO] SIM_BRIDGE: Region 'cortex_W' (25 neurons): using Izh type IZH2007_RS_CORTICAL_PYRAMIDAL
[2026-06-21 05:16:22][INFO] SIM_BRIDGE: Region 'str_D1_N' (50 neurons): using Izh type IZH2007_STRIATAL_MSN_D1
[2026-06-21 05:16:22][INFO] SIM_BRIDGE: Region 'str_D2_N' (50 neurons): using Izh type IZH2007_STRIATAL_MSN_D2
[2026-06-21 05:16:22][INFO] SIM_BRIDGE: Region 'str_D1_E' (50 neurons): using Izh type IZH2007_STRIATAL_MSN_D1
[2026-06-21 05:16:22][INFO] SIM_BRIDGE: Region 'str_D2_E' (50 neurons): using Izh type IZH2007_STRIATAL_MSN_D2
[2026-06-21 05:16:22][INFO] SIM_BRIDGE: Region 'str_D1_S' (50 neurons): using Izh type IZH2007_STRIATAL_MSN_D1
[2026-06-21 05:16:22][INFO] SIM_BRIDGE: Region 'str_D2_S' (50 neurons): using Izh type IZH2007_STRIATAL_MSN_D2
[2026-06-21 05:16:22][INFO] SIM_BRIDGE: Region 'str_D1_W' (50 neurons): using Izh type IZH2007_STRIATAL_MSN_D1
[2026-06-21 05:16:22][INFO] SIM_BRIDGE: Region 'str_D2_W' (50 neurons): using Izh type IZH2007_STRIATAL_MSN_D2
[2026-06-21 05:16:22][INFO] SIM_BRIDGE: Region 'str_PV_FSI_N' (5 neurons): using Izh type IZH2007_FS_CORTICAL_INTERNEURON
[2026-06-21 05:16:22][INFO] SIM_BRIDGE: Region 'str_PV_FSI_E' (5 neurons): using Izh type IZH2007_FS_CORTICAL_INTERNEURON
[2026-06-21 05:16:22][INFO] SIM_BRIDGE: Region 'str_PV_FSI_S' (5 neurons): using Izh type IZH2007_FS_CORTICAL_INTERNEURON
[2026-06-21 05:16:22][INFO] SIM_BRIDGE: Region 'str_PV_FSI_W' (5 neurons): using Izh type IZH2007_FS_CORTICAL_INTERNEURON
[2026-06-21 05:16:22][INFO] SIM_BRIDGE: Region 'gpe_N' (10 neurons): using Izh type IZH2007_GPE_PACEMAKER
[2026-06-21 05:16:22][INFO] SIM_BRIDGE: Region 'gpe_arky_N' (4 neurons): using Izh type IZH2007_GPE_PACEMAKER
[2026-06-21 05:16:22][INFO] SIM_BRIDGE: Region 'gpi_N' (10 neurons): using Izh type IZH2007_GPI_OUTPUT
[2026-06-21 05:16:22][INFO] SIM_BRIDGE: Region 'str_striosome_N' (8 neurons): using Izh type IZH2007_STRIATAL_MSN_D1
[2026-06-21 05:16:22][INFO] SIM_BRIDGE: Region 'gpe_E' (10 neurons): using Izh type IZH2007_GPE_PACEMAKER
[2026-06-21 05:16:22][INFO] SIM_BRIDGE: Region 'gpe_arky_E' (4 neurons): using Izh type IZH2007_GPE_PACEMAKER
[2026-06-21 05:16:22][INFO] SIM_BRIDGE: Region 'gpi_E' (10 neurons): using Izh type IZH2007_GPI_OUTPUT
[2026-06-21 05:16:22][INFO] SIM_BRIDGE: Region 'str_striosome_E' (8 neurons): using Izh type IZH2007_STRIATAL_MSN_D1
[2026-06-21 05:16:22][INFO] SIM_BRIDGE: Region 'gpe_S' (10 neurons): using Izh type IZH2007_GPE_PACEMAKER
[2026-06-21 05:16:22][INFO] SIM_BRIDGE: Region 'gpe_arky_S' (4 neurons): using Izh type IZH2007_GPE_PACEMAKER
[2026-06-21 05:16:22][INFO] SIM_BRIDGE: Region 'gpi_S' (10 neurons): using Izh type IZH2007_GPI_OUTPUT
[2026-06-21 05:16:22][INFO] SIM_BRIDGE: Region 'str_striosome_S' (8 neurons): using Izh type IZH2007_STRIATAL_MSN_D1
[2026-06-21 05:16:22][INFO] SIM_BRIDGE: Region 'gpe_W' (10 neurons): using Izh type IZH2007_GPE_PACEMAKER
[2026-06-21 05:16:22][INFO] SIM_BRIDGE: Region 'gpe_arky_W' (4 neurons): using Izh type IZH2007_GPE_PACEMAKER
[2026-06-21 05:16:22][INFO] SIM_BRIDGE: Region 'gpi_W' (10 neurons): using Izh type IZH2007_GPI_OUTPUT
[2026-06-21 05:16:22][INFO] SIM_BRIDGE: Region 'str_striosome_W' (8 neurons): using Izh type IZH2007_STRIATAL_MSN_D1
[2026-06-21 05:16:22][INFO] SIM_BRIDGE: Region 'stn' (20 neurons): using Izh type IZH2007_STN_BURST
[2026-06-21 05:16:22][INFO] SIM_BRIDGE: Region 'thal_N' (10 neurons): using Izh type IZH2007_THALAMIC_RELAY
[2026-06-21 05:16:22][INFO] SIM_BRIDGE: Region 'motor_N' (10 neurons): using Izh type IZH2007_RS_CORTICAL_PYRAMIDAL
[2026-06-21 05:16:22][INFO] SIM_BRIDGE: Region 'thal_E' (10 neurons): using Izh type IZH2007_THALAMIC_RELAY
[2026-06-21 05:16:22][INFO] SIM_BRIDGE: Region 'motor_E' (10 neurons): using Izh type IZH2007_RS_CORTICAL_PYRAMIDAL
[2026-06-21 05:16:22][INFO] SIM_BRIDGE: Region 'thal_S' (10 neurons): using Izh type IZH2007_THALAMIC_RELAY
[2026-06-21 05:16:22][INFO] SIM_BRIDGE: Region 'motor_S' (10 neurons): using Izh type IZH2007_RS_CORTICAL_PYRAMIDAL
[2026-06-21 05:16:22][INFO] SIM_BRIDGE: Region 'thal_W' (10 neurons): using Izh type IZH2007_THALAMIC_RELAY
[2026-06-21 05:16:22][INFO] SIM_BRIDGE: Region 'motor_W' (10 neurons): using Izh type IZH2007_RS_CORTICAL_PYRAMIDAL
[2026-06-21 05:16:22][INFO] SIM_BRIDGE: Region 'snc' (10 neurons): using Izh type IZH2007_DOPAMINE
[2026-06-21 05:16:22][INFO] SIM_BRIDGE: Region 'reward_us' (40 neurons): using Izh type IZH2007_RS_CORTICAL_PYRAMIDAL
[2026-06-21 05:16:22][INFO] SIM_BRIDGE: Region 'vs_place_context' (200 neurons): using Izh type IZH2007_RS_CORTICAL_PYRAMIDAL
[2026-06-21 05:16:22][INFO] SIM_BRIDGE: Region 'striosome_value' (80 neurons): using Izh type IZH2007_STRIATAL_MSN_D1
[2026-06-21 05:16:22][INFO] SIM_BRIDGE: Region 'sel_N' (40 neurons): using Izh type IZH2007_RS_CORTICAL_PYRAMIDAL
[2026-06-21 05:16:22][INFO] SIM_BRIDGE: Region 'sel_FS_N' (10 neurons): using Izh type IZH2007_FS_CORTICAL_INTERNEURON
[2026-06-21 05:16:22][INFO] SIM_BRIDGE: Region 'commit_N' (40 neurons): using Izh type IZH2007_RS_CORTICAL_PYRAMIDAL
[2026-06-21 05:16:22][INFO] SIM_BRIDGE: Region 'sel_E' (40 neurons): using Izh type IZH2007_RS_CORTICAL_PYRAMIDAL
[2026-06-21 05:16:22][INFO] SIM_BRIDGE: Region 'sel_FS_E' (10 neurons): using Izh type IZH2007_FS_CORTICAL_INTERNEURON
[2026-06-21 05:16:22][INFO] SIM_BRIDGE: Region 'commit_E' (40 neurons): using Izh type IZH2007_RS_CORTICAL_PYRAMIDAL
[2026-06-21 05:16:22][INFO] SIM_BRIDGE: Region 'sel_S' (40 neurons): using Izh type IZH2007_RS_CORTICAL_PYRAMIDAL
[2026-06-21 05:16:22][INFO] SIM_BRIDGE: Region 'sel_FS_S' (10 neurons): using Izh type IZH2007_FS_CORTICAL_INTERNEURON
[2026-06-21 05:16:22][INFO] SIM_BRIDGE: Region 'commit_S' (40 neurons): using Izh type IZH2007_RS_CORTICAL_PYRAMIDAL
[2026-06-21 05:16:22][INFO] SIM_BRIDGE: Region 'sel_W' (40 neurons): using Izh type IZH2007_RS_CORTICAL_PYRAMIDAL
[2026-06-21 05:16:22][INFO] SIM_BRIDGE: Region 'sel_FS_W' (10 neurons): using Izh type IZH2007_FS_CORTICAL_INTERNEURON
[2026-06-21 05:16:22][INFO] SIM_BRIDGE: Region 'commit_W' (40 neurons): using Izh type IZH2007_RS_CORTICAL_PYRAMIDAL
[2026-06-21 05:16:22][INFO] SIM_BRIDGE: Region 'commit_OPN' (20 neurons): using Izh type IZH2007_FS_CORTICAL_INTERNEURON
[2026-06-21 05:16:22][INFO] SIM_BRIDGE: Region 'retina' (2048 neurons): using Izh type IZH2007_RS_CORTICAL_PYRAMIDAL
[2026-06-21 05:16:22][INFO] SIM_BRIDGE: Region 'cortex_v1_simple' (1024 neurons): using Izh type IZH2007_RS_CORTICAL_PYRAMIDAL
[2026-06-21 05:16:22][INFO] SIM_BRIDGE: Region 'cortex_v1_complex' (512 neurons): using Izh type IZH2007_RS_CORTICAL_PYRAMIDAL
[2026-06-21 05:16:22][INFO] SIM_BRIDGE: Region 'cortex_v2' (256 neurons): using Izh type IZH2007_RS_CORTICAL_PYRAMIDAL
[2026-06-21 05:16:22][INFO] SIM_BRIDGE: Region 'cortex_it' (64 neurons): using Izh type IZH2007_RS_CORTICAL_PYRAMIDAL
[2026-06-21 05:16:22][INFO] SIM_BRIDGE: Region 'sc_retina' (2048 neurons): using Izh type IZH2007_RS_CORTICAL_PYRAMIDAL
[2026-06-21 05:16:22][INFO] SIM_BRIDGE: Region 'sc_map' (256 neurons): using Izh type IZH2007_RS_CORTICAL_PYRAMIDAL
[2026-06-21 05:16:22][INFO] SIM_BRIDGE: Region 'sc_fs' (12 neurons): using Izh type IZH2007_FS_CORTICAL_INTERNEURON
[2026-06-21 05:16:22][INFO] SIM_BRIDGE: Region 'sc_rostral' (24 neurons): using Izh type IZH2007_RS_CORTICAL_PYRAMIDAL
[2026-06-21 05:16:22][INFO] SIM_BRIDGE: Generating 3D neuron positions for 7702 neurons...
[2026-06-21 05:16:22][INFO] SIM_BRIDGE: Generating connections (brain-region framework)...
[2026-06-21 05:16:22][INFO] SIM_BRIDGE: inject_explicit_wiring: installed 180301 synapses across 156 populations.
[2026-06-21 05:16:22][INFO] SIM_BRIDGE: Initializing eligibility traces for 180301 synapses (capacity: 270451, dtype: float32)...
[2026-06-21 05:16:22][INFO] SIM_BRIDGE: Initialized neuromodulator subsystem with 1 modulators: ['dopamine']
[2026-06-21 05:16:22][INFO] SIM_BRIDGE: Initializing STDP state for 7702 neurons...
[2026-06-21 05:16:22][INFO] SIM_BRIDGE: Simulation data initialized for 7702 neurons (3D). Synapses: 180301. GPU memory: 1.4GB/25.8GB (5.6%)
[g11 seed=43] Cluster K v2: applied 70592 Gabor weights to retina -> cortex_v1_simple
[g11 seed=43] Cluster K v2: visual_cortex_action gate frozen until warmup
[g11] spiking SC: installed 21828 synapses (retina->sc_map 16x16 + recurrent + sc_map->cortex_NESW + sc_map->sc_rostral (N5))
[g11 seed=43] #6 SC read-out: POPULATION-VECTOR (cosine) + cortex_X divisive-norm (sigma=1.0, gain=1.0)
[g11 seed=43] N5 reward: boosted sc_rostral->reward_us to 40.0 (960 synapses)
[g11 seed=43] Spiking-SNc Stage B: NEURAL value critic ON (striosome_value n=80, vs_place_context->value w0=0.20134662091732025); r-V subtracted via GABA_B/GIRK (E_K=-90mV, prop=0.02); critic->SNc gate = OPEN (continuous, Stage 1). Host _V_scaffold DROPPED.
[g11 seed=43] BG circuit: 67 regions, 7702 neurons, 269694 synapses
[g11 seed=43] step 100/1800  pos=(0,28)  goal=(30,30)  recent_dist=37.23  action=S  reward=-1.00  actions= 40N/ 17E/ 13S/ 30W
[PROGRESS] {"kind": "step", "current": 100, "total": 1800, "phase": "seed=43", "unit": "steps", "pos": [0, 28], "goal": [30, 30], "recent_dist": 37.23, "action": "S", "reward": -1.0}
[g11 seed=43] step 200/1800  pos=(0,29)  goal=(30,30)  recent_dist=33.07  action=W  reward=+0.00  actions= 24N/ 21E/ 23S/ 32W
[PROGRESS] {"kind": "step", "current": 200, "total": 1800, "phase": "seed=43", "unit": "steps", "pos": [0, 29], "goal": [30, 30], "recent_dist": 33.07, "action": "W", "reward": 0.0}
[g11 seed=43] step 300/1800  pos=(2,27)  goal=(30,30)  recent_dist=31.06  action=W  reward=-1.00  actions= 27N/ 23E/ 26S/ 24W
[PROGRESS] {"kind": "step", "current": 300, "total": 1800, "phase": "seed=43", "unit": "steps", "pos": [2, 27], "goal": [30, 30], "recent_dist": 31.06, "action": "W", "reward": -1.0}
[g11 seed=43] step 400/1800  pos=(8,31)  goal=(30,30)  recent_dist=29.23  action=E  reward=+1.00  actions= 25N/ 26E/ 18S/ 31W
[PROGRESS] {"kind": "step", "current": 400, "total": 1800, "phase": "seed=43", "unit": "steps", "pos": [8, 31], "goal": [30, 30], "recent_dist": 29.23, "action": "E", "reward": 1.0}
[g11 seed=43] step 450: GOAL CHANGED to (1, 30)
[g11 seed=43] step 500/1800  pos=(16,31)  goal=(1,30)  recent_dist=19.24  action=N  reward=+0.00  actions= 32N/ 30E/ 16S/ 22W
[PROGRESS] {"kind": "step", "current": 500, "total": 1800, "phase": "seed=43", "unit": "steps", "pos": [16, 31], "goal": [1, 30], "recent_dist": 19.24, "action": "N", "reward": 0.0}
[g11 seed=43] step 600/1800  pos=(31,30)  goal=(1,30)  recent_dist=18.32  action=S  reward=+1.00  actions= 82N/ 17E/  1S/  0W
[PROGRESS] {"kind": "step", "current": 600, "total": 1800, "phase": "seed=43", "unit": "steps", "pos": [31, 30], "goal": [1, 30], "recent_dist": 18.32, "action": "S", "reward": 1.0}
[g11 seed=43] step 600: Cluster K v2 visual_cortex_action gate OPENED (warmup=600)
[g11 seed=43] step 700/1800  pos=(13,24)  goal=(1,30)  recent_dist=22.11  action=W  reward=+1.00  actions= 15N/ 26E/ 21S/ 38W
[PROGRESS] {"kind": "step", "current": 700, "total": 1800, "phase": "seed=43", "unit": "steps", "pos": [13, 24], "goal": [1, 30], "recent_dist": 22.11, "action": "W", "reward": 1.0}
[g11 seed=43] step 800/1800  pos=(16,31)  goal=(1,30)  recent_dist=14.82  action=N  reward=+0.00  actions= 68N/ 14E/  7S/ 11W
[PROGRESS] {"kind": "step", "current": 800, "total": 1800, "phase": "seed=43", "unit": "steps", "pos": [16, 31], "goal": [1, 30], "recent_dist": 14.82, "action": "N", "reward": 0.0}
[g11 seed=43] step 900/1800  pos=(17,26)  goal=(1,30)  recent_dist=27.27  action=W  reward=+1.00  actions= 29N/ 34E/ 16S/ 21W
[PROGRESS] {"kind": "step", "current": 900, "total": 1800, "phase": "seed=43", "unit": "steps", "pos": [17, 26], "goal": [1, 30], "recent_dist": 27.27, "action": "W", "reward": 1.0}
[g11 seed=43] step 900: GOAL CHANGED to (1, 1)
[g11 seed=43] step 1000/1800  pos=(3,31)  goal=(1,1)  recent_dist=30.06  action=E  reward=-1.00  actions= 22N/ 23E/ 17S/ 38W
[PROGRESS] {"kind": "step", "current": 1000, "total": 1800, "phase": "seed=43", "unit": "steps", "pos": [3, 31], "goal": [1, 1], "recent_dist": 30.06, "action": "E", "reward": -1.0}
[g11 seed=43] step 1100/1800  pos=(1,29)  goal=(1,1)  recent_dist=30.84  action=E  reward=+1.00  actions= 27N/ 27E/ 17S/ 29W
[PROGRESS] {"kind": "step", "current": 1100, "total": 1800, "phase": "seed=43", "unit": "steps", "pos": [1, 29], "goal": [1, 1], "recent_dist": 30.84, "action": "E", "reward": 1.0}
[g11 seed=43] step 1200/1800  pos=(3,16)  goal=(1,1)  recent_dist=18.91  action=W  reward=+1.00  actions= 15N/ 26E/ 28S/ 31W
[PROGRESS] {"kind": "step", "current": 1200, "total": 1800, "phase": "seed=43", "unit": "steps", "pos": [3, 16], "goal": [1, 1], "recent_dist": 18.91, "action": "W", "reward": 1.0}
[g11 seed=43] step 1300/1800  pos=(0,22)  goal=(1,1)  recent_dist=18.36  action=S  reward=+1.00  actions= 29N/ 16E/ 23S/ 32W
[PROGRESS] {"kind": "step", "current": 1300, "total": 1800, "phase": "seed=43", "unit": "steps", "pos": [0, 22], "goal": [1, 1], "recent_dist": 18.36, "action": "S", "reward": 1.0}
[g11 seed=43] step 1350: GOAL CHANGED to (30, 1)
[g11 seed=43] step 1400/1800  pos=(3,31)  goal=(30,1)  recent_dist=37.29  action=N  reward=+0.00  actions= 30N/ 23E/ 20S/ 27W
[PROGRESS] {"kind": "step", "current": 1400, "total": 1800, "phase": "seed=43", "unit": "steps", "pos": [3, 31], "goal": [30, 1], "recent_dist": 37.29, "action": "N", "reward": 0.0}
[g11 seed=43] step 1500/1800  pos=(3,31)  goal=(30,1)  recent_dist=57.00  action=N  reward=+0.00  actions=100N/  0E/  0S/  0W
[PROGRESS] {"kind": "step", "current": 1500, "total": 1800, "phase": "seed=43", "unit": "steps", "pos": [3, 31], "goal": [30, 1], "recent_dist": 57.0, "action": "N", "reward": 0.0}
[g11 seed=43] step 1600/1800  pos=(3,31)  goal=(30,1)  recent_dist=57.00  action=N  reward=+0.00  actions=100N/  0E/  0S/  0W
[PROGRESS] {"kind": "step", "current": 1600, "total": 1800, "phase": "seed=43", "unit": "steps", "pos": [3, 31], "goal": [30, 1], "recent_dist": 57.0, "action": "N", "reward": 0.0}
[g11 seed=43] step 1700/1800  pos=(1,28)  goal=(30,1)  recent_dist=57.31  action=E  reward=+1.00  actions= 70N/  7E/ 11S/ 12W
[PROGRESS] {"kind": "step", "current": 1700, "total": 1800, "phase": "seed=43", "unit": "steps", "pos": [1, 28], "goal": [30, 1], "recent_dist": 57.31, "action": "E", "reward": 1.0}
[g11 seed=43] step 1800/1800  pos=(3,31)  goal=(30,1)  recent_dist=57.12  action=N  reward=+0.00  actions= 50N/ 15E/ 16S/ 19W
[PROGRESS] {"kind": "step", "current": 1800, "total": 1800, "phase": "seed=43", "unit": "steps", "pos": [3, 31], "goal": [30, 1], "recent_dist": 57.12, "action": "N", "reward": 0.0}
[g11 seed=43] NAV-GATE(a) stdp_w_max=400.0  sum_finalQ=132.4867  mean_distance_overall=33.1244  actor_max_cortex_to_D1_weight=197.00271606445312

[g11 seed=43] DONE in 879s. Phase stats:
  phase 0 goal=[30, 30] meanD=32.05 finalQ=27.88 actions=[131, 96, 92, 131]
  phase 1 goal=[1, 30] meanD=19.58 finalQ=25.97 actions=[211, 112, 49, 78]
  phase 2 goal=[1, 1] meanD=24.55 finalQ=21.57 actions=[102, 106, 94, 148]
  phase 3 goal=[30, 1] meanD=56.32 finalQ=57.07 actions=[341, 31, 38, 40]
[sc-pv] arm=sc_popvector_scr: phase0_finalQ=27.876 post_change_finalQ=['25.973', '21.566', '57.071'] (sum 104.611) gate=132.4867256637168 late_sustain=0.517
[sc-pv] arm=sc_popvector_scr per-phase dominant cardinal: ['N', 'N', 'W', 'N']
[sc-pv] arm=sc_popvector_scr per-phase action frac: [{'N': 0.291, 'E': 0.213, 'S': 0.204, 'W': 0.291}, {'N': 0.469, 'E': 0.249, 'S': 0.109, 'W': 0.173}, {'N': 0.227, 'E': 0.236, 'S': 0.209, 'W': 0.329}, {'N': 0.758, 'E': 0.069, 'S': 0.084, 'W': 0.089}]
[sc-pv] arm=sc_popvector_scr FIX1=True FIX2=False FIX3=False FIXA=False (sigma=1.0 gain=1.0) tie_break_fraction=0.2594 (467/1800)
[sc-pv] arm=sc_popvector_scr thal_counts    N-S=+3673 (+31.9%) E-W=+40
[sc-pv] arm=sc_popvector_scr sel_counts     N-S=+58186 (+96.0%) E-W=-3778
[sc-pv] arm=sc_popvector_scr commit_counts  N-S=+57762 (+91.9%) E-W=-2794
[sc-pv] arm=sc_popvector_scr motor_counts   N-S=+4958 (+166.4%) E-W=+462

[sc-pv] ===== POPULATION-VECTOR READ-OUT RE-ORIENT VERDICT =====
  host_phase0_finalQ: 0.49557522123893805
  host_post_change_finalQ_sum: 1.6194690265486726
  ramp_post_change_finalQ_sum: None
  popvector_post_change_finalQ_sum: 4.495575221238938
  scramble_post_change_finalQ_sum: 104.61061946902655
  host_tracking: {'dominant_per_phase': ['N', 'N', 'S', 'E'], 'n_distinct_dominant': 3, 'has_W_dominant_phase': False, 'has_E_dominant_phase': True, 'tracks_goal': True}
  ramp_tracking: None
  popvector_tracking: {'dominant_per_phase': ['N', 'W', 'S', 'E'], 'n_distinct_dominant': 4, 'has_W_dominant_phase': True, 'has_E_dominant_phase': True, 'tracks_goal': True}
  scramble_tracking: {'dominant_per_phase': ['N', 'N', 'W', 'N'], 'n_distinct_dominant': 2, 'has_W_dominant_phase': True, 'has_E_dominant_phase': False, 'tracks_goal': True}
  ramp_late_sustain: None
  popvector_late_sustain: 0.7111111111111111
  popvector_fix1: True
  popvector_fix2: False
  popvector_fix3: False
  popvector_fixA: False
  popvector_stage_surplus: {'thal_counts': {'N': 11899.0, 'E': 12182.0, 'S': 11694.0, 'W': 11646.0, 'NS_surplus': 205.0, 'NS_pct': 1.74, 'EW_surplus': 536.0}, 'sel_counts': {'N': 51992.0, 'E': 55609.0, 'S': 48411.0, 'W': 47960.0, 'NS_surplus': 3581.0, 'NS_pct': 7.13, 'EW_surplus': 7649.0}, 'commit_counts': {'N': 51982.0, 'E': 56476.0, 'S': 49820.0, 'W': 48609.0, 'NS_surplus': 2162.0, 'NS_pct': 4.25, 'EW_surplus': 7867.0}, 'motor_counts': {'N': 4197.0, 'E': 4489.0, 'S': 4243.0, 'W': 3941.0, 'NS_surplus': -46.0, 'NS_pct': -1.09, 'EW_surplus': 548.0}}
  ramp_stage_surplus: None
  scramble_stage_surplus: {'thal_counts': {'N': 13362.0, 'E': 10223.0, 'S': 9689.0, 'W': 10183.0, 'NS_surplus': 3673.0, 'NS_pct': 31.87, 'EW_surplus': 40.0}, 'sel_counts': {'N': 89688.0, 'E': 37133.0, 'S': 31502.0, 'W': 40911.0, 'NS_surplus': 58186.0, 'NS_pct': 96.02, 'EW_surplus': -3778.0}, 'commit_counts': {'N': 91749.0, 'E': 40168.0, 'S': 33987.0, 'W': 42962.0, 'NS_surplus': 57762.0, 'NS_pct': 91.88, 'EW_surplus': -2794.0}, 'motor_counts': {'N': 5459.0, 'E': 1686.0, 'S': 501.0, 'W': 1224.0, 'NS_surplus': 4958.0, 'NS_pct': 166.38, 'EW_surplus': 462.0}}
  popvector_tie_break_fraction: 0.18777777777777777
  popvector_opponent_axis_fraction: 0.0
  scramble_tie_break_fraction: 0.2594444444444444
  scramble_opponent_axis_fraction: 0.0
  host_over_popvector_post_ratio: 0.36023622047244097
  popvector_over_ramp_post_improvement: None
  NOTE: GO (#6 CONVERTS) if popvector_tracking.tracks_goal is True AND popvector_post_change approaches host (host_over_popvector_post_ratio ~1, vs the ramp's ~0.01) AND the SCRAMBLE lesion collapses (scramble_tracking.tracks_goal False / much worse finalQ). HONEST NEGATIVE otherwise -- report whether popvector still does NOT track (under-selective) or a deeper issue.
[sc-pv] wrote research/findings/raw/nav_gate_2a/scpv_logpolar_summary_seed43.json
