[sc-pv] arm=host seed=101 grid=32 n_steps=1800 warmup=600 scw=18.0 sigma=1.0 gain=1.0 with_conv=False
[2026-06-21 10:33:11][INFO] SIM_BRIDGE: CuPy using GPU: NVIDIA GeForce RTX 3090 (24.0 GB), mempool limit: 80%
[2026-06-21 10:33:11][INFO] SIM_BRIDGE: Initializing simulation data for model: IZHIKEVICH (3D)... (playback_init: False)
[2026-06-21 10:33:11][INFO] SIM_BRIDGE: Brain-region framework: 60 regions, 5042 total neurons, 140 pathways.
[2026-06-21 10:33:11][INFO] SIM_BRIDGE: RNG initialized with seed: 101
[2026-06-21 10:33:11][INFO] SIM_BRIDGE: NMDA per-region mask: 12 regions enabled (300 neurons)
[2026-06-21 10:33:11][INFO] SIM_BRIDGE: Initializing Izhikevich model specifics for 5042 neurons...
[2026-06-21 10:33:11][INFO] SIM_BRIDGE: Region 'cortex_N' (25 neurons): using Izh type IZH2007_RS_CORTICAL_PYRAMIDAL
[2026-06-21 10:33:11][INFO] SIM_BRIDGE: Region 'cortex_E' (25 neurons): using Izh type IZH2007_RS_CORTICAL_PYRAMIDAL
[2026-06-21 10:33:11][INFO] SIM_BRIDGE: Region 'cortex_S' (25 neurons): using Izh type IZH2007_RS_CORTICAL_PYRAMIDAL
[2026-06-21 10:33:11][INFO] SIM_BRIDGE: Region 'cortex_W' (25 neurons): using Izh type IZH2007_RS_CORTICAL_PYRAMIDAL
[2026-06-21 10:33:11][INFO] SIM_BRIDGE: Region 'str_D1_N' (50 neurons): using Izh type IZH2007_STRIATAL_MSN_D1
[2026-06-21 10:33:11][INFO] SIM_BRIDGE: Region 'str_D2_N' (50 neurons): using Izh type IZH2007_STRIATAL_MSN_D2
[2026-06-21 10:33:11][INFO] SIM_BRIDGE: Region 'str_D1_E' (50 neurons): using Izh type IZH2007_STRIATAL_MSN_D1
[2026-06-21 10:33:11][INFO] SIM_BRIDGE: Region 'str_D2_E' (50 neurons): using Izh type IZH2007_STRIATAL_MSN_D2
[2026-06-21 10:33:11][INFO] SIM_BRIDGE: Region 'str_D1_S' (50 neurons): using Izh type IZH2007_STRIATAL_MSN_D1
[2026-06-21 10:33:11][INFO] SIM_BRIDGE: Region 'str_D2_S' (50 neurons): using Izh type IZH2007_STRIATAL_MSN_D2
[2026-06-21 10:33:11][INFO] SIM_BRIDGE: Region 'str_D1_W' (50 neurons): using Izh type IZH2007_STRIATAL_MSN_D1
[2026-06-21 10:33:11][INFO] SIM_BRIDGE: Region 'str_D2_W' (50 neurons): using Izh type IZH2007_STRIATAL_MSN_D2
[2026-06-21 10:33:11][INFO] SIM_BRIDGE: Region 'str_PV_FSI_N' (5 neurons): using Izh type IZH2007_FS_CORTICAL_INTERNEURON
[2026-06-21 10:33:11][INFO] SIM_BRIDGE: Region 'str_PV_FSI_E' (5 neurons): using Izh type IZH2007_FS_CORTICAL_INTERNEURON
[2026-06-21 10:33:11][INFO] SIM_BRIDGE: Region 'str_PV_FSI_S' (5 neurons): using Izh type IZH2007_FS_CORTICAL_INTERNEURON
[2026-06-21 10:33:11][INFO] SIM_BRIDGE: Region 'str_PV_FSI_W' (5 neurons): using Izh type IZH2007_FS_CORTICAL_INTERNEURON
[2026-06-21 10:33:11][INFO] SIM_BRIDGE: Region 'gpe_N' (10 neurons): using Izh type IZH2007_GPE_PACEMAKER
[2026-06-21 10:33:11][INFO] SIM_BRIDGE: Region 'gpe_arky_N' (4 neurons): using Izh type IZH2007_GPE_PACEMAKER
[2026-06-21 10:33:11][INFO] SIM_BRIDGE: Region 'gpi_N' (10 neurons): using Izh type IZH2007_GPI_OUTPUT
[2026-06-21 10:33:11][INFO] SIM_BRIDGE: Region 'str_striosome_N' (8 neurons): using Izh type IZH2007_STRIATAL_MSN_D1
[2026-06-21 10:33:11][INFO] SIM_BRIDGE: Region 'gpe_E' (10 neurons): using Izh type IZH2007_GPE_PACEMAKER
[2026-06-21 10:33:11][INFO] SIM_BRIDGE: Region 'gpe_arky_E' (4 neurons): using Izh type IZH2007_GPE_PACEMAKER
[2026-06-21 10:33:11][INFO] SIM_BRIDGE: Region 'gpi_E' (10 neurons): using Izh type IZH2007_GPI_OUTPUT
[2026-06-21 10:33:11][INFO] SIM_BRIDGE: Region 'str_striosome_E' (8 neurons): using Izh type IZH2007_STRIATAL_MSN_D1
[2026-06-21 10:33:11][INFO] SIM_BRIDGE: Region 'gpe_S' (10 neurons): using Izh type IZH2007_GPE_PACEMAKER
[2026-06-21 10:33:11][INFO] SIM_BRIDGE: Region 'gpe_arky_S' (4 neurons): using Izh type IZH2007_GPE_PACEMAKER
[2026-06-21 10:33:11][INFO] SIM_BRIDGE: Region 'gpi_S' (10 neurons): using Izh type IZH2007_GPI_OUTPUT
[2026-06-21 10:33:11][INFO] SIM_BRIDGE: Region 'str_striosome_S' (8 neurons): using Izh type IZH2007_STRIATAL_MSN_D1
[2026-06-21 10:33:11][INFO] SIM_BRIDGE: Region 'gpe_W' (10 neurons): using Izh type IZH2007_GPE_PACEMAKER
[2026-06-21 10:33:11][INFO] SIM_BRIDGE: Region 'gpe_arky_W' (4 neurons): using Izh type IZH2007_GPE_PACEMAKER
[2026-06-21 10:33:11][INFO] SIM_BRIDGE: Region 'gpi_W' (10 neurons): using Izh type IZH2007_GPI_OUTPUT
[2026-06-21 10:33:11][INFO] SIM_BRIDGE: Region 'str_striosome_W' (8 neurons): using Izh type IZH2007_STRIATAL_MSN_D1
[2026-06-21 10:33:11][INFO] SIM_BRIDGE: Region 'stn' (20 neurons): using Izh type IZH2007_STN_BURST
[2026-06-21 10:33:11][INFO] SIM_BRIDGE: Region 'thal_N' (10 neurons): using Izh type IZH2007_THALAMIC_RELAY
[2026-06-21 10:33:11][INFO] SIM_BRIDGE: Region 'motor_N' (10 neurons): using Izh type IZH2007_RS_CORTICAL_PYRAMIDAL
[2026-06-21 10:33:11][INFO] SIM_BRIDGE: Region 'thal_E' (10 neurons): using Izh type IZH2007_THALAMIC_RELAY
[2026-06-21 10:33:11][INFO] SIM_BRIDGE: Region 'motor_E' (10 neurons): using Izh type IZH2007_RS_CORTICAL_PYRAMIDAL
[2026-06-21 10:33:11][INFO] SIM_BRIDGE: Region 'thal_S' (10 neurons): using Izh type IZH2007_THALAMIC_RELAY
[2026-06-21 10:33:11][INFO] SIM_BRIDGE: Region 'motor_S' (10 neurons): using Izh type IZH2007_RS_CORTICAL_PYRAMIDAL
[2026-06-21 10:33:11][INFO] SIM_BRIDGE: Region 'thal_W' (10 neurons): using Izh type IZH2007_THALAMIC_RELAY
[2026-06-21 10:33:11][INFO] SIM_BRIDGE: Region 'motor_W' (10 neurons): using Izh type IZH2007_RS_CORTICAL_PYRAMIDAL
[2026-06-21 10:33:11][INFO] SIM_BRIDGE: Region 'snc' (10 neurons): using Izh type IZH2007_DOPAMINE
[2026-06-21 10:33:11][INFO] SIM_BRIDGE: Region 'sel_N' (40 neurons): using Izh type IZH2007_RS_CORTICAL_PYRAMIDAL
[2026-06-21 10:33:11][INFO] SIM_BRIDGE: Region 'sel_FS_N' (10 neurons): using Izh type IZH2007_FS_CORTICAL_INTERNEURON
[2026-06-21 10:33:11][INFO] SIM_BRIDGE: Region 'commit_N' (40 neurons): using Izh type IZH2007_RS_CORTICAL_PYRAMIDAL
[2026-06-21 10:33:11][INFO] SIM_BRIDGE: Region 'sel_E' (40 neurons): using Izh type IZH2007_RS_CORTICAL_PYRAMIDAL
[2026-06-21 10:33:11][INFO] SIM_BRIDGE: Region 'sel_FS_E' (10 neurons): using Izh type IZH2007_FS_CORTICAL_INTERNEURON
[2026-06-21 10:33:11][INFO] SIM_BRIDGE: Region 'commit_E' (40 neurons): using Izh type IZH2007_RS_CORTICAL_PYRAMIDAL
[2026-06-21 10:33:11][INFO] SIM_BRIDGE: Region 'sel_S' (40 neurons): using Izh type IZH2007_RS_CORTICAL_PYRAMIDAL
[2026-06-21 10:33:11][INFO] SIM_BRIDGE: Region 'sel_FS_S' (10 neurons): using Izh type IZH2007_FS_CORTICAL_INTERNEURON
[2026-06-21 10:33:11][INFO] SIM_BRIDGE: Region 'commit_S' (40 neurons): using Izh type IZH2007_RS_CORTICAL_PYRAMIDAL
[2026-06-21 10:33:11][INFO] SIM_BRIDGE: Region 'sel_W' (40 neurons): using Izh type IZH2007_RS_CORTICAL_PYRAMIDAL
[2026-06-21 10:33:11][INFO] SIM_BRIDGE: Region 'sel_FS_W' (10 neurons): using Izh type IZH2007_FS_CORTICAL_INTERNEURON
[2026-06-21 10:33:11][INFO] SIM_BRIDGE: Region 'commit_W' (40 neurons): using Izh type IZH2007_RS_CORTICAL_PYRAMIDAL
[2026-06-21 10:33:11][INFO] SIM_BRIDGE: Region 'commit_OPN' (20 neurons): using Izh type IZH2007_FS_CORTICAL_INTERNEURON
[2026-06-21 10:33:11][INFO] SIM_BRIDGE: Region 'retina' (2048 neurons): using Izh type IZH2007_RS_CORTICAL_PYRAMIDAL
[2026-06-21 10:33:11][INFO] SIM_BRIDGE: Region 'cortex_v1_simple' (1024 neurons): using Izh type IZH2007_RS_CORTICAL_PYRAMIDAL
[2026-06-21 10:33:11][INFO] SIM_BRIDGE: Region 'cortex_v1_complex' (512 neurons): using Izh type IZH2007_RS_CORTICAL_PYRAMIDAL
[2026-06-21 10:33:11][INFO] SIM_BRIDGE: Region 'cortex_v2' (256 neurons): using Izh type IZH2007_RS_CORTICAL_PYRAMIDAL
[2026-06-21 10:33:11][INFO] SIM_BRIDGE: Region 'cortex_it' (64 neurons): using Izh type IZH2007_RS_CORTICAL_PYRAMIDAL
[2026-06-21 10:33:11][INFO] SIM_BRIDGE: Generating 3D neuron positions for 5042 neurons...
[2026-06-21 10:33:11][INFO] SIM_BRIDGE: Generating connections (brain-region framework)...
[2026-06-21 10:33:12][INFO] SIM_BRIDGE: inject_explicit_wiring: installed 167836 synapses across 150 populations.
[2026-06-21 10:33:12][INFO] SIM_BRIDGE: Initializing eligibility traces for 167836 synapses (capacity: 251754, dtype: float32)...
[2026-06-21 10:33:12][INFO] SIM_BRIDGE: Initializing STDP state for 5042 neurons...
[2026-06-21 10:33:12][INFO] SIM_BRIDGE: Simulation data initialized for 5042 neurons (3D). Synapses: 167836. GPU memory: 1.3GB/25.8GB (5.1%)
[g11 seed=101] Cluster K v2: applied 70592 Gabor weights to retina -> cortex_v1_simple
[g11 seed=101] Cluster K v2: visual_cortex_action gate frozen until warmup
[g11 seed=101] BG circuit: 60 regions, 5042 neurons, 234831 synapses
[g11 seed=101] step 100/1800  pos=(30,30)  goal=(30,30)  recent_dist=16.84  action=E  reward=+1.00  actions= 30N/ 49E/  1S/ 20W
[PROGRESS] {"kind": "step", "current": 100, "total": 1800, "phase": "seed=101", "unit": "steps", "pos": [30, 30], "goal": [30, 30], "recent_dist": 16.84, "action": "E", "reward": 1.0}
[g11 seed=101] step 200/1800  pos=(30,30)  goal=(30,30)  recent_dist=0.86  action=W  reward=+1.00  actions= 37N/ 13E/ 37S/ 13W
[PROGRESS] {"kind": "step", "current": 200, "total": 1800, "phase": "seed=101", "unit": "steps", "pos": [30, 30], "goal": [30, 30], "recent_dist": 0.86, "action": "W", "reward": 1.0}
[g11 seed=101] step 300/1800  pos=(30,30)  goal=(30,30)  recent_dist=0.50  action=W  reward=+1.00  actions=  0N/ 50E/  0S/ 50W
[PROGRESS] {"kind": "step", "current": 300, "total": 1800, "phase": "seed=101", "unit": "steps", "pos": [30, 30], "goal": [30, 30], "recent_dist": 0.5, "action": "W", "reward": 1.0}
[g11 seed=101] step 400/1800  pos=(30,30)  goal=(30,30)  recent_dist=0.52  action=E  reward=+1.00  actions=  1N/ 49E/  1S/ 49W
[PROGRESS] {"kind": "step", "current": 400, "total": 1800, "phase": "seed=101", "unit": "steps", "pos": [30, 30], "goal": [30, 30], "recent_dist": 0.52, "action": "E", "reward": 1.0}
[g11 seed=101] step 450: GOAL CHANGED to (1, 30)
[g11 seed=101] step 500/1800  pos=(0,30)  goal=(1,30)  recent_dist=4.42  action=W  reward=-1.00  actions=  0N/ 35E/  0S/ 65W
[PROGRESS] {"kind": "step", "current": 500, "total": 1800, "phase": "seed=101", "unit": "steps", "pos": [0, 30], "goal": [1, 30], "recent_dist": 4.42, "action": "W", "reward": -1.0}
[g11 seed=101] step 600/1800  pos=(0,30)  goal=(1,30)  recent_dist=0.50  action=W  reward=-1.00  actions=  0N/ 50E/  0S/ 50W
[PROGRESS] {"kind": "step", "current": 600, "total": 1800, "phase": "seed=101", "unit": "steps", "pos": [0, 30], "goal": [1, 30], "recent_dist": 0.5, "action": "W", "reward": -1.0}
[g11 seed=101] step 600: Cluster K v2 visual_cortex_action gate OPENED (warmup=600)
[g11 seed=101] step 700/1800  pos=(0,30)  goal=(1,30)  recent_dist=0.50  action=W  reward=-1.00  actions=  0N/ 50E/  0S/ 50W
[PROGRESS] {"kind": "step", "current": 700, "total": 1800, "phase": "seed=101", "unit": "steps", "pos": [0, 30], "goal": [1, 30], "recent_dist": 0.5, "action": "W", "reward": -1.0}
[g11 seed=101] step 800/1800  pos=(1,30)  goal=(1,30)  recent_dist=0.75  action=W  reward=+1.00  actions= 22N/ 28E/ 22S/ 28W
[PROGRESS] {"kind": "step", "current": 800, "total": 1800, "phase": "seed=101", "unit": "steps", "pos": [1, 30], "goal": [1, 30], "recent_dist": 0.75, "action": "W", "reward": 1.0}
[g11 seed=101] step 900/1800  pos=(1,30)  goal=(1,30)  recent_dist=0.60  action=S  reward=+1.00  actions= 13N/ 37E/ 13S/ 37W
[PROGRESS] {"kind": "step", "current": 900, "total": 1800, "phase": "seed=101", "unit": "steps", "pos": [1, 30], "goal": [1, 30], "recent_dist": 0.6, "action": "S", "reward": 1.0}
[g11 seed=101] step 900: GOAL CHANGED to (1, 1)
[g11 seed=101] step 1000/1800  pos=(1,2)  goal=(1,1)  recent_dist=4.74  action=N  reward=-1.00  actions= 22N/ 14E/ 50S/ 14W
[PROGRESS] {"kind": "step", "current": 1000, "total": 1800, "phase": "seed=101", "unit": "steps", "pos": [1, 2], "goal": [1, 1], "recent_dist": 4.74, "action": "N", "reward": -1.0}
[g11 seed=101] step 1100/1800  pos=(0,1)  goal=(1,1)  recent_dist=0.66  action=W  reward=-1.00  actions= 22N/ 27E/ 23S/ 28W
[PROGRESS] {"kind": "step", "current": 1100, "total": 1800, "phase": "seed=101", "unit": "steps", "pos": [0, 1], "goal": [1, 1], "recent_dist": 0.66, "action": "W", "reward": -1.0}
[g11 seed=101] step 1200/1800  pos=(2,1)  goal=(1,1)  recent_dist=0.52  action=E  reward=-1.00  actions=  1N/ 50E/  1S/ 48W
[PROGRESS] {"kind": "step", "current": 1200, "total": 1800, "phase": "seed=101", "unit": "steps", "pos": [2, 1], "goal": [1, 1], "recent_dist": 0.52, "action": "E", "reward": -1.0}
[g11 seed=101] step 1300/1800  pos=(2,1)  goal=(1,1)  recent_dist=0.70  action=E  reward=-1.00  actions=  6N/ 44E/  6S/ 44W
[PROGRESS] {"kind": "step", "current": 1300, "total": 1800, "phase": "seed=101", "unit": "steps", "pos": [2, 1], "goal": [1, 1], "recent_dist": 0.7, "action": "E", "reward": -1.0}
[g11 seed=101] step 1350: GOAL CHANGED to (30, 1)
[g11 seed=101] step 1400/1800  pos=(30,1)  goal=(30,1)  recent_dist=4.86  action=E  reward=+1.00  actions= 14N/ 50E/ 14S/ 22W
[PROGRESS] {"kind": "step", "current": 1400, "total": 1800, "phase": "seed=101", "unit": "steps", "pos": [30, 1], "goal": [30, 1], "recent_dist": 4.86, "action": "E", "reward": 1.0}
[g11 seed=101] step 1500/1800  pos=(30,1)  goal=(30,1)  recent_dist=0.50  action=E  reward=+1.00  actions=  0N/ 50E/  0S/ 50W
[PROGRESS] {"kind": "step", "current": 1500, "total": 1800, "phase": "seed=101", "unit": "steps", "pos": [30, 1], "goal": [30, 1], "recent_dist": 0.5, "action": "E", "reward": 1.0}
[g11 seed=101] step 1600/1800  pos=(30,1)  goal=(30,1)  recent_dist=0.56  action=E  reward=+1.00  actions=  2N/ 48E/  2S/ 48W
[PROGRESS] {"kind": "step", "current": 1600, "total": 1800, "phase": "seed=101", "unit": "steps", "pos": [30, 1], "goal": [30, 1], "recent_dist": 0.56, "action": "E", "reward": 1.0}
[g11 seed=101] step 1700/1800  pos=(30,1)  goal=(30,1)  recent_dist=0.50  action=E  reward=+1.00  actions=  0N/ 50E/  0S/ 50W
[PROGRESS] {"kind": "step", "current": 1700, "total": 1800, "phase": "seed=101", "unit": "steps", "pos": [30, 1], "goal": [30, 1], "recent_dist": 0.5, "action": "E", "reward": 1.0}
[g11 seed=101] step 1800/1800  pos=(29,2)  goal=(30,1)  recent_dist=0.80  action=N  reward=-1.00  actions= 31N/ 19E/ 30S/ 20W
[PROGRESS] {"kind": "step", "current": 1800, "total": 1800, "phase": "seed=101", "unit": "steps", "pos": [29, 2], "goal": [30, 1], "recent_dist": 0.8, "action": "N", "reward": -1.0}
[g11 seed=101] NAV-GATE(a) stdp_w_max=400.0  sum_finalQ=2.6637  mean_distance_overall=2.1850  actor_max_cortex_to_D1_weight=304.5198669433594

[g11 seed=101] DONE in 902s. Phase stats:
  phase 0 goal=[30, 30] meanD=4.22 finalQ=0.51 actions=[68, 186, 39, 157]
  phase 1 goal=[1, 30] meanD=1.45 finalQ=0.58 actions=[35, 175, 35, 205]
  phase 2 goal=[1, 1] meanD=1.56 finalQ=0.81 actions=[64, 146, 94, 146]
  phase 3 goal=[30, 1] meanD=1.51 finalQ=0.76 actions=[34, 206, 32, 178]
[sc-pv] arm=host: phase0_finalQ=0.513 post_change_finalQ=['0.584', '0.805', '0.761'] (sum 2.150) gate=2.663716814159292 late_sustain=1.000
[sc-pv] arm=host per-phase dominant cardinal: ['E', 'W', 'E', 'E']
[sc-pv] arm=host per-phase action frac: [{'N': 0.151, 'E': 0.413, 'S': 0.087, 'W': 0.349}, {'N': 0.078, 'E': 0.389, 'S': 0.078, 'W': 0.456}, {'N': 0.142, 'E': 0.324, 'S': 0.209, 'W': 0.324}, {'N': 0.076, 'E': 0.458, 'S': 0.071, 'W': 0.396}]
[sc-pv] arm=host FIX1=True FIX2=False FIX3=False FIXA=False (sigma=1.0 gain=1.0) tie_break_fraction=0.0322 (58/1800)
[sc-pv] arm=host thal_counts    N-S=+289 (+2.6%) E-W=+1730
[sc-pv] arm=host sel_counts     N-S=+3633 (+13.9%) E-W=+3949
[sc-pv] arm=host commit_counts  N-S=+4216 (+16.1%) E-W=+3541
[sc-pv] arm=host motor_counts   N-S=+841 (+24.3%) E-W=-1934
[sc-pv] arm=sc_popvector seed=101 grid=32 n_steps=1800 warmup=600 scw=18.0 sigma=1.0 gain=1.0 with_conv=False
[g11] WARN: --spiking-reward-us WITHOUT --perceived-approach-reward -> the US rides on the COORD-based reward (not coord-free). Add --perceived-approach-reward for the fully-biologized (coord-free) reward chain.
[g11 seed=101] Spiking-SNc Stage A: dopamine modulator = from_region_firing_signed over ['snc'] (tonic=220.0pA, k_r=400.0, k_v=400.0); RPE is the SNc FIRING. V = host reward_ema (Stage-A scaffold).
[2026-06-21 10:48:14][INFO] SIM_BRIDGE: CuPy using GPU: NVIDIA GeForce RTX 3090 (24.0 GB), mempool limit: 80%
[2026-06-21 10:48:14][INFO] SIM_BRIDGE: Initializing simulation data for model: IZHIKEVICH (3D)... (playback_init: False)
[2026-06-21 10:48:14][INFO] SIM_BRIDGE: Brain-region framework: 67 regions, 7702 total neurons, 146 pathways.
[2026-06-21 10:48:14][INFO] SIM_BRIDGE: RNG initialized with seed: 101
[2026-06-21 10:48:14][INFO] SIM_BRIDGE: NMDA per-region mask: 12 regions enabled (300 neurons)
[2026-06-21 10:48:14][INFO] SIM_BRIDGE: Input-divisive-norm per-region mask: 4 regions enabled (100 neurons)
[2026-06-21 10:48:14][INFO] SIM_BRIDGE: Initializing Izhikevich model specifics for 7702 neurons...
[2026-06-21 10:48:14][INFO] SIM_BRIDGE: Region 'cortex_N' (25 neurons): using Izh type IZH2007_RS_CORTICAL_PYRAMIDAL
[2026-06-21 10:48:14][INFO] SIM_BRIDGE: Region 'cortex_E' (25 neurons): using Izh type IZH2007_RS_CORTICAL_PYRAMIDAL
[2026-06-21 10:48:14][INFO] SIM_BRIDGE: Region 'cortex_S' (25 neurons): using Izh type IZH2007_RS_CORTICAL_PYRAMIDAL
[2026-06-21 10:48:14][INFO] SIM_BRIDGE: Region 'cortex_W' (25 neurons): using Izh type IZH2007_RS_CORTICAL_PYRAMIDAL
[2026-06-21 10:48:14][INFO] SIM_BRIDGE: Region 'str_D1_N' (50 neurons): using Izh type IZH2007_STRIATAL_MSN_D1
[2026-06-21 10:48:14][INFO] SIM_BRIDGE: Region 'str_D2_N' (50 neurons): using Izh type IZH2007_STRIATAL_MSN_D2
[2026-06-21 10:48:14][INFO] SIM_BRIDGE: Region 'str_D1_E' (50 neurons): using Izh type IZH2007_STRIATAL_MSN_D1
[2026-06-21 10:48:14][INFO] SIM_BRIDGE: Region 'str_D2_E' (50 neurons): using Izh type IZH2007_STRIATAL_MSN_D2
[2026-06-21 10:48:14][INFO] SIM_BRIDGE: Region 'str_D1_S' (50 neurons): using Izh type IZH2007_STRIATAL_MSN_D1
[2026-06-21 10:48:14][INFO] SIM_BRIDGE: Region 'str_D2_S' (50 neurons): using Izh type IZH2007_STRIATAL_MSN_D2
[2026-06-21 10:48:14][INFO] SIM_BRIDGE: Region 'str_D1_W' (50 neurons): using Izh type IZH2007_STRIATAL_MSN_D1
[2026-06-21 10:48:14][INFO] SIM_BRIDGE: Region 'str_D2_W' (50 neurons): using Izh type IZH2007_STRIATAL_MSN_D2
[2026-06-21 10:48:14][INFO] SIM_BRIDGE: Region 'str_PV_FSI_N' (5 neurons): using Izh type IZH2007_FS_CORTICAL_INTERNEURON
[2026-06-21 10:48:14][INFO] SIM_BRIDGE: Region 'str_PV_FSI_E' (5 neurons): using Izh type IZH2007_FS_CORTICAL_INTERNEURON
[2026-06-21 10:48:14][INFO] SIM_BRIDGE: Region 'str_PV_FSI_S' (5 neurons): using Izh type IZH2007_FS_CORTICAL_INTERNEURON
[2026-06-21 10:48:14][INFO] SIM_BRIDGE: Region 'str_PV_FSI_W' (5 neurons): using Izh type IZH2007_FS_CORTICAL_INTERNEURON
[2026-06-21 10:48:14][INFO] SIM_BRIDGE: Region 'gpe_N' (10 neurons): using Izh type IZH2007_GPE_PACEMAKER
[2026-06-21 10:48:14][INFO] SIM_BRIDGE: Region 'gpe_arky_N' (4 neurons): using Izh type IZH2007_GPE_PACEMAKER
[2026-06-21 10:48:14][INFO] SIM_BRIDGE: Region 'gpi_N' (10 neurons): using Izh type IZH2007_GPI_OUTPUT
[2026-06-21 10:48:14][INFO] SIM_BRIDGE: Region 'str_striosome_N' (8 neurons): using Izh type IZH2007_STRIATAL_MSN_D1
[2026-06-21 10:48:14][INFO] SIM_BRIDGE: Region 'gpe_E' (10 neurons): using Izh type IZH2007_GPE_PACEMAKER
[2026-06-21 10:48:14][INFO] SIM_BRIDGE: Region 'gpe_arky_E' (4 neurons): using Izh type IZH2007_GPE_PACEMAKER
[2026-06-21 10:48:14][INFO] SIM_BRIDGE: Region 'gpi_E' (10 neurons): using Izh type IZH2007_GPI_OUTPUT
[2026-06-21 10:48:14][INFO] SIM_BRIDGE: Region 'str_striosome_E' (8 neurons): using Izh type IZH2007_STRIATAL_MSN_D1
[2026-06-21 10:48:14][INFO] SIM_BRIDGE: Region 'gpe_S' (10 neurons): using Izh type IZH2007_GPE_PACEMAKER
[2026-06-21 10:48:14][INFO] SIM_BRIDGE: Region 'gpe_arky_S' (4 neurons): using Izh type IZH2007_GPE_PACEMAKER
[2026-06-21 10:48:14][INFO] SIM_BRIDGE: Region 'gpi_S' (10 neurons): using Izh type IZH2007_GPI_OUTPUT
[2026-06-21 10:48:14][INFO] SIM_BRIDGE: Region 'str_striosome_S' (8 neurons): using Izh type IZH2007_STRIATAL_MSN_D1
[2026-06-21 10:48:14][INFO] SIM_BRIDGE: Region 'gpe_W' (10 neurons): using Izh type IZH2007_GPE_PACEMAKER
[2026-06-21 10:48:14][INFO] SIM_BRIDGE: Region 'gpe_arky_W' (4 neurons): using Izh type IZH2007_GPE_PACEMAKER
[2026-06-21 10:48:14][INFO] SIM_BRIDGE: Region 'gpi_W' (10 neurons): using Izh type IZH2007_GPI_OUTPUT
[2026-06-21 10:48:14][INFO] SIM_BRIDGE: Region 'str_striosome_W' (8 neurons): using Izh type IZH2007_STRIATAL_MSN_D1
[2026-06-21 10:48:14][INFO] SIM_BRIDGE: Region 'stn' (20 neurons): using Izh type IZH2007_STN_BURST
[2026-06-21 10:48:14][INFO] SIM_BRIDGE: Region 'thal_N' (10 neurons): using Izh type IZH2007_THALAMIC_RELAY
[2026-06-21 10:48:14][INFO] SIM_BRIDGE: Region 'motor_N' (10 neurons): using Izh type IZH2007_RS_CORTICAL_PYRAMIDAL
[2026-06-21 10:48:14][INFO] SIM_BRIDGE: Region 'thal_E' (10 neurons): using Izh type IZH2007_THALAMIC_RELAY
[2026-06-21 10:48:14][INFO] SIM_BRIDGE: Region 'motor_E' (10 neurons): using Izh type IZH2007_RS_CORTICAL_PYRAMIDAL
[2026-06-21 10:48:14][INFO] SIM_BRIDGE: Region 'thal_S' (10 neurons): using Izh type IZH2007_THALAMIC_RELAY
[2026-06-21 10:48:14][INFO] SIM_BRIDGE: Region 'motor_S' (10 neurons): using Izh type IZH2007_RS_CORTICAL_PYRAMIDAL
[2026-06-21 10:48:14][INFO] SIM_BRIDGE: Region 'thal_W' (10 neurons): using Izh type IZH2007_THALAMIC_RELAY
[2026-06-21 10:48:14][INFO] SIM_BRIDGE: Region 'motor_W' (10 neurons): using Izh type IZH2007_RS_CORTICAL_PYRAMIDAL
[2026-06-21 10:48:14][INFO] SIM_BRIDGE: Region 'snc' (10 neurons): using Izh type IZH2007_DOPAMINE
[2026-06-21 10:48:14][INFO] SIM_BRIDGE: Region 'reward_us' (40 neurons): using Izh type IZH2007_RS_CORTICAL_PYRAMIDAL
[2026-06-21 10:48:14][INFO] SIM_BRIDGE: Region 'vs_place_context' (200 neurons): using Izh type IZH2007_RS_CORTICAL_PYRAMIDAL
[2026-06-21 10:48:14][INFO] SIM_BRIDGE: Region 'striosome_value' (80 neurons): using Izh type IZH2007_STRIATAL_MSN_D1
[2026-06-21 10:48:14][INFO] SIM_BRIDGE: Region 'sel_N' (40 neurons): using Izh type IZH2007_RS_CORTICAL_PYRAMIDAL
[2026-06-21 10:48:14][INFO] SIM_BRIDGE: Region 'sel_FS_N' (10 neurons): using Izh type IZH2007_FS_CORTICAL_INTERNEURON
[2026-06-21 10:48:14][INFO] SIM_BRIDGE: Region 'commit_N' (40 neurons): using Izh type IZH2007_RS_CORTICAL_PYRAMIDAL
[2026-06-21 10:48:14][INFO] SIM_BRIDGE: Region 'sel_E' (40 neurons): using Izh type IZH2007_RS_CORTICAL_PYRAMIDAL
[2026-06-21 10:48:14][INFO] SIM_BRIDGE: Region 'sel_FS_E' (10 neurons): using Izh type IZH2007_FS_CORTICAL_INTERNEURON
[2026-06-21 10:48:14][INFO] SIM_BRIDGE: Region 'commit_E' (40 neurons): using Izh type IZH2007_RS_CORTICAL_PYRAMIDAL
[2026-06-21 10:48:14][INFO] SIM_BRIDGE: Region 'sel_S' (40 neurons): using Izh type IZH2007_RS_CORTICAL_PYRAMIDAL
[2026-06-21 10:48:14][INFO] SIM_BRIDGE: Region 'sel_FS_S' (10 neurons): using Izh type IZH2007_FS_CORTICAL_INTERNEURON
[2026-06-21 10:48:14][INFO] SIM_BRIDGE: Region 'commit_S' (40 neurons): using Izh type IZH2007_RS_CORTICAL_PYRAMIDAL
[2026-06-21 10:48:14][INFO] SIM_BRIDGE: Region 'sel_W' (40 neurons): using Izh type IZH2007_RS_CORTICAL_PYRAMIDAL
[2026-06-21 10:48:14][INFO] SIM_BRIDGE: Region 'sel_FS_W' (10 neurons): using Izh type IZH2007_FS_CORTICAL_INTERNEURON
[2026-06-21 10:48:14][INFO] SIM_BRIDGE: Region 'commit_W' (40 neurons): using Izh type IZH2007_RS_CORTICAL_PYRAMIDAL
[2026-06-21 10:48:14][INFO] SIM_BRIDGE: Region 'commit_OPN' (20 neurons): using Izh type IZH2007_FS_CORTICAL_INTERNEURON
[2026-06-21 10:48:14][INFO] SIM_BRIDGE: Region 'retina' (2048 neurons): using Izh type IZH2007_RS_CORTICAL_PYRAMIDAL
[2026-06-21 10:48:14][INFO] SIM_BRIDGE: Region 'cortex_v1_simple' (1024 neurons): using Izh type IZH2007_RS_CORTICAL_PYRAMIDAL
[2026-06-21 10:48:14][INFO] SIM_BRIDGE: Region 'cortex_v1_complex' (512 neurons): using Izh type IZH2007_RS_CORTICAL_PYRAMIDAL
[2026-06-21 10:48:14][INFO] SIM_BRIDGE: Region 'cortex_v2' (256 neurons): using Izh type IZH2007_RS_CORTICAL_PYRAMIDAL
[2026-06-21 10:48:14][INFO] SIM_BRIDGE: Region 'cortex_it' (64 neurons): using Izh type IZH2007_RS_CORTICAL_PYRAMIDAL
[2026-06-21 10:48:14][INFO] SIM_BRIDGE: Region 'sc_retina' (2048 neurons): using Izh type IZH2007_RS_CORTICAL_PYRAMIDAL
[2026-06-21 10:48:14][INFO] SIM_BRIDGE: Region 'sc_map' (256 neurons): using Izh type IZH2007_RS_CORTICAL_PYRAMIDAL
[2026-06-21 10:48:14][INFO] SIM_BRIDGE: Region 'sc_fs' (12 neurons): using Izh type IZH2007_FS_CORTICAL_INTERNEURON
[2026-06-21 10:48:14][INFO] SIM_BRIDGE: Region 'sc_rostral' (24 neurons): using Izh type IZH2007_RS_CORTICAL_PYRAMIDAL
[2026-06-21 10:48:14][INFO] SIM_BRIDGE: Generating 3D neuron positions for 7702 neurons...
[2026-06-21 10:48:14][INFO] SIM_BRIDGE: Generating connections (brain-region framework)...
[2026-06-21 10:48:14][INFO] SIM_BRIDGE: inject_explicit_wiring: installed 181080 synapses across 156 populations.
[2026-06-21 10:48:14][INFO] SIM_BRIDGE: Initializing eligibility traces for 181080 synapses (capacity: 271620, dtype: float32)...
[2026-06-21 10:48:14][INFO] SIM_BRIDGE: Initialized neuromodulator subsystem with 1 modulators: ['dopamine']
[2026-06-21 10:48:14][INFO] SIM_BRIDGE: Initializing STDP state for 7702 neurons...
[2026-06-21 10:48:14][INFO] SIM_BRIDGE: Simulation data initialized for 7702 neurons (3D). Synapses: 181080. GPU memory: 1.4GB/25.8GB (5.4%)
[g11 seed=101] Cluster K v2: applied 70592 Gabor weights to retina -> cortex_v1_simple
[g11 seed=101] Cluster K v2: visual_cortex_action gate frozen until warmup
[g11] spiking SC: installed 21828 synapses (retina->sc_map 16x16 + recurrent + sc_map->cortex_NESW + sc_map->sc_rostral (N5))
[g11 seed=101] #6 SC read-out: POPULATION-VECTOR (cosine) + cortex_X divisive-norm (sigma=1.0, gain=1.0)
[g11 seed=101] N5 reward: boosted sc_rostral->reward_us to 40.0 (960 synapses)
[g11 seed=101] Spiking-SNc Stage B: NEURAL value critic ON (striosome_value n=80, vs_place_context->value w0=0.20146219432353973); r-V subtracted via GABA_B/GIRK (E_K=-90mV, prop=0.02); critic->SNc gate = OPEN (continuous, Stage 1). Host _V_scaffold DROPPED.
[g11 seed=101] BG circuit: 67 regions, 7702 neurons, 270223 synapses
[g11 seed=101] step 100/1800  pos=(30,30)  goal=(30,30)  recent_dist=18.26  action=E  reward=+1.00  actions= 38N/ 41E/  9S/ 12W
[PROGRESS] {"kind": "step", "current": 100, "total": 1800, "phase": "seed=101", "unit": "steps", "pos": [30, 30], "goal": [30, 30], "recent_dist": 18.26, "action": "E", "reward": 1.0}
[g11 seed=101] step 200/1800  pos=(30,29)  goal=(30,30)  recent_dist=1.06  action=W  reward=+1.00  actions= 24N/ 29E/ 23S/ 24W
[PROGRESS] {"kind": "step", "current": 200, "total": 1800, "phase": "seed=101", "unit": "steps", "pos": [30, 29], "goal": [30, 30], "recent_dist": 1.06, "action": "W", "reward": 1.0}
[g11 seed=101] step 300/1800  pos=(30,31)  goal=(30,30)  recent_dist=1.23  action=N  reward=-1.00  actions= 28N/ 24E/ 25S/ 23W
[PROGRESS] {"kind": "step", "current": 300, "total": 1800, "phase": "seed=101", "unit": "steps", "pos": [30, 31], "goal": [30, 30], "recent_dist": 1.23, "action": "N", "reward": -1.0}
[g11 seed=101] step 400/1800  pos=(31,31)  goal=(30,30)  recent_dist=1.10  action=E  reward=-1.00  actions= 22N/ 31E/ 20S/ 27W
[PROGRESS] {"kind": "step", "current": 400, "total": 1800, "phase": "seed=101", "unit": "steps", "pos": [31, 31], "goal": [30, 30], "recent_dist": 1.1, "action": "E", "reward": -1.0}
[g11 seed=101] step 450: GOAL CHANGED to (1, 30)
[g11 seed=101] step 500/1800  pos=(1,30)  goal=(1,30)  recent_dist=5.17  action=E  reward=+1.00  actions= 13N/ 22E/ 14S/ 51W
[PROGRESS] {"kind": "step", "current": 500, "total": 1800, "phase": "seed=101", "unit": "steps", "pos": [1, 30], "goal": [1, 30], "recent_dist": 5.17, "action": "E", "reward": 1.0}
[g11 seed=101] step 600/1800  pos=(2,30)  goal=(1,30)  recent_dist=1.19  action=E  reward=-1.00  actions= 33N/ 19E/ 29S/ 19W
[PROGRESS] {"kind": "step", "current": 600, "total": 1800, "phase": "seed=101", "unit": "steps", "pos": [2, 30], "goal": [1, 30], "recent_dist": 1.19, "action": "E", "reward": -1.0}
[g11 seed=101] step 600: Cluster K v2 visual_cortex_action gate OPENED (warmup=600)
[g11 seed=101] step 700/1800  pos=(1,30)  goal=(1,30)  recent_dist=1.36  action=W  reward=+1.00  actions= 15N/ 34E/ 15S/ 36W
[PROGRESS] {"kind": "step", "current": 700, "total": 1800, "phase": "seed=101", "unit": "steps", "pos": [1, 30], "goal": [1, 30], "recent_dist": 1.36, "action": "W", "reward": 1.0}
[g11 seed=101] step 800/1800  pos=(0,31)  goal=(1,30)  recent_dist=1.34  action=W  reward=-1.00  actions= 32N/ 21E/ 24S/ 23W
[PROGRESS] {"kind": "step", "current": 800, "total": 1800, "phase": "seed=101", "unit": "steps", "pos": [0, 31], "goal": [1, 30], "recent_dist": 1.34, "action": "W", "reward": -1.0}
[g11 seed=101] step 900/1800  pos=(1,31)  goal=(1,30)  recent_dist=1.32  action=N  reward=-1.00  actions= 33N/ 18E/ 30S/ 19W
[PROGRESS] {"kind": "step", "current": 900, "total": 1800, "phase": "seed=101", "unit": "steps", "pos": [1, 31], "goal": [1, 30], "recent_dist": 1.32, "action": "N", "reward": -1.0}
[g11 seed=101] step 900: GOAL CHANGED to (1, 1)
[g11 seed=101] step 1000/1800  pos=(2,3)  goal=(1,1)  recent_dist=5.48  action=N  reward=-1.00  actions= 21N/ 13E/ 51S/ 15W
[PROGRESS] {"kind": "step", "current": 1000, "total": 1800, "phase": "seed=101", "unit": "steps", "pos": [2, 3], "goal": [1, 1], "recent_dist": 5.48, "action": "N", "reward": -1.0}
[g11 seed=101] step 1100/1800  pos=(2,1)  goal=(1,1)  recent_dist=1.23  action=S  reward=+1.00  actions= 23N/ 22E/ 31S/ 24W
[PROGRESS] {"kind": "step", "current": 1100, "total": 1800, "phase": "seed=101", "unit": "steps", "pos": [2, 1], "goal": [1, 1], "recent_dist": 1.23, "action": "S", "reward": 1.0}
[g11 seed=101] step 1200/1800  pos=(1,2)  goal=(1,1)  recent_dist=1.58  action=W  reward=+1.00  actions= 24N/ 24E/ 26S/ 26W
[PROGRESS] {"kind": "step", "current": 1200, "total": 1800, "phase": "seed=101", "unit": "steps", "pos": [1, 2], "goal": [1, 1], "recent_dist": 1.58, "action": "W", "reward": 1.0}
[g11 seed=101] step 1300/1800  pos=(0,1)  goal=(1,1)  recent_dist=1.85  action=W  reward=-1.00  actions= 15N/ 32E/ 17S/ 36W
[PROGRESS] {"kind": "step", "current": 1300, "total": 1800, "phase": "seed=101", "unit": "steps", "pos": [0, 1], "goal": [1, 1], "recent_dist": 1.85, "action": "W", "reward": -1.0}
[g11 seed=101] step 1350: GOAL CHANGED to (30, 1)
[g11 seed=101] step 1400/1800  pos=(31,1)  goal=(30,1)  recent_dist=5.70  action=S  reward=+1.00  actions= 15N/ 50E/ 17S/ 18W
[PROGRESS] {"kind": "step", "current": 1400, "total": 1800, "phase": "seed=101", "unit": "steps", "pos": [31, 1], "goal": [30, 1], "recent_dist": 5.7, "action": "S", "reward": 1.0}
[g11 seed=101] step 1500/1800  pos=(31,1)  goal=(30,1)  recent_dist=1.64  action=E  reward=+0.00  actions= 25N/ 31E/ 27S/ 17W
[PROGRESS] {"kind": "step", "current": 1500, "total": 1800, "phase": "seed=101", "unit": "steps", "pos": [31, 1], "goal": [30, 1], "recent_dist": 1.64, "action": "E", "reward": 0.0}
[g11 seed=101] step 1600/1800  pos=(31,1)  goal=(30,1)  recent_dist=1.33  action=N  reward=+1.00  actions= 26N/ 26E/ 32S/ 16W
[PROGRESS] {"kind": "step", "current": 1600, "total": 1800, "phase": "seed=101", "unit": "steps", "pos": [31, 1], "goal": [30, 1], "recent_dist": 1.33, "action": "N", "reward": 1.0}
[g11 seed=101] step 1700/1800  pos=(30,2)  goal=(30,1)  recent_dist=1.55  action=S  reward=+1.00  actions= 27N/ 28E/ 29S/ 16W
[PROGRESS] {"kind": "step", "current": 1700, "total": 1800, "phase": "seed=101", "unit": "steps", "pos": [30, 2], "goal": [30, 1], "recent_dist": 1.55, "action": "S", "reward": 1.0}
[g11 seed=101] step 1800/1800  pos=(28,1)  goal=(30,1)  recent_dist=2.13  action=N  reward=+1.00  actions= 27N/ 22E/ 31S/ 20W
[PROGRESS] {"kind": "step", "current": 1800, "total": 1800, "phase": "seed=101", "unit": "steps", "pos": [28, 1], "goal": [30, 1], "recent_dist": 2.13, "action": "N", "reward": 1.0}
[g11 seed=101] NAV-GATE(a) stdp_w_max=400.0  sum_finalQ=6.3805  mean_distance_overall=3.0289  actor_max_cortex_to_D1_weight=199.65536499023438

[g11 seed=101] DONE in 1469s. Phase stats:
  phase 0 goal=[30, 30] meanD=4.95 finalQ=1.19 actions=[123, 139, 88, 100]
  phase 1 goal=[1, 30] meanD=2.17 finalQ=1.43 actions=[115, 100, 101, 134]
  phase 2 goal=[1, 1] meanD=2.43 finalQ=1.60 actions=[95, 102, 139, 114]
  phase 3 goal=[30, 1] meanD=2.57 finalQ=2.15 actions=[108, 146, 122, 74]
[sc-pv] arm=sc_popvector: phase0_finalQ=1.195 post_change_finalQ=['1.434', '1.602', '2.150'] (sum 5.186) gate=6.380530973451327 late_sustain=0.663
[sc-pv] arm=sc_popvector per-phase dominant cardinal: ['E', 'W', 'S', 'E']
[sc-pv] arm=sc_popvector per-phase action frac: [{'N': 0.273, 'E': 0.309, 'S': 0.196, 'W': 0.222}, {'N': 0.256, 'E': 0.222, 'S': 0.224, 'W': 0.298}, {'N': 0.211, 'E': 0.227, 'S': 0.309, 'W': 0.253}, {'N': 0.24, 'E': 0.324, 'S': 0.271, 'W': 0.164}]
[sc-pv] arm=sc_popvector FIX1=True FIX2=False FIX3=False FIXA=False (sigma=1.0 gain=1.0) tie_break_fraction=0.1994 (359/1800)
[sc-pv] arm=sc_popvector thal_counts    N-S=+12 (+0.1%) E-W=+572
[sc-pv] arm=sc_popvector sel_counts     N-S=-1705 (-3.3%) E-W=+4372
[sc-pv] arm=sc_popvector commit_counts  N-S=-2783 (-5.4%) E-W=+4921
[sc-pv] arm=sc_popvector motor_counts   N-S=+567 (+13.9%) E-W=+64
[sc-pv] arm=sc_popvector_scr seed=101 grid=32 n_steps=1800 warmup=600 scw=18.0 sigma=1.0 gain=1.0 with_conv=False
[g11] WARN: --spiking-reward-us WITHOUT --perceived-approach-reward -> the US rides on the COORD-based reward (not coord-free). Add --perceived-approach-reward for the fully-biologized (coord-free) reward chain.
[g11 seed=101] Spiking-SNc Stage A: dopamine modulator = from_region_firing_signed over ['snc'] (tonic=220.0pA, k_r=400.0, k_v=400.0); RPE is the SNc FIRING. V = host reward_ema (Stage-A scaffold).
[2026-06-21 11:12:44][INFO] SIM_BRIDGE: CuPy using GPU: NVIDIA GeForce RTX 3090 (24.0 GB), mempool limit: 80%
[2026-06-21 11:12:44][INFO] SIM_BRIDGE: Initializing simulation data for model: IZHIKEVICH (3D)... (playback_init: False)
[2026-06-21 11:12:44][INFO] SIM_BRIDGE: Brain-region framework: 67 regions, 7702 total neurons, 146 pathways.
[2026-06-21 11:12:44][INFO] SIM_BRIDGE: RNG initialized with seed: 101
[2026-06-21 11:12:44][INFO] SIM_BRIDGE: NMDA per-region mask: 12 regions enabled (300 neurons)
[2026-06-21 11:12:44][INFO] SIM_BRIDGE: Input-divisive-norm per-region mask: 4 regions enabled (100 neurons)
[2026-06-21 11:12:44][INFO] SIM_BRIDGE: Initializing Izhikevich model specifics for 7702 neurons...
[2026-06-21 11:12:44][INFO] SIM_BRIDGE: Region 'cortex_N' (25 neurons): using Izh type IZH2007_RS_CORTICAL_PYRAMIDAL
[2026-06-21 11:12:44][INFO] SIM_BRIDGE: Region 'cortex_E' (25 neurons): using Izh type IZH2007_RS_CORTICAL_PYRAMIDAL
[2026-06-21 11:12:44][INFO] SIM_BRIDGE: Region 'cortex_S' (25 neurons): using Izh type IZH2007_RS_CORTICAL_PYRAMIDAL
[2026-06-21 11:12:44][INFO] SIM_BRIDGE: Region 'cortex_W' (25 neurons): using Izh type IZH2007_RS_CORTICAL_PYRAMIDAL
[2026-06-21 11:12:44][INFO] SIM_BRIDGE: Region 'str_D1_N' (50 neurons): using Izh type IZH2007_STRIATAL_MSN_D1
[2026-06-21 11:12:44][INFO] SIM_BRIDGE: Region 'str_D2_N' (50 neurons): using Izh type IZH2007_STRIATAL_MSN_D2
[2026-06-21 11:12:44][INFO] SIM_BRIDGE: Region 'str_D1_E' (50 neurons): using Izh type IZH2007_STRIATAL_MSN_D1
[2026-06-21 11:12:44][INFO] SIM_BRIDGE: Region 'str_D2_E' (50 neurons): using Izh type IZH2007_STRIATAL_MSN_D2
[2026-06-21 11:12:44][INFO] SIM_BRIDGE: Region 'str_D1_S' (50 neurons): using Izh type IZH2007_STRIATAL_MSN_D1
[2026-06-21 11:12:44][INFO] SIM_BRIDGE: Region 'str_D2_S' (50 neurons): using Izh type IZH2007_STRIATAL_MSN_D2
[2026-06-21 11:12:44][INFO] SIM_BRIDGE: Region 'str_D1_W' (50 neurons): using Izh type IZH2007_STRIATAL_MSN_D1
[2026-06-21 11:12:44][INFO] SIM_BRIDGE: Region 'str_D2_W' (50 neurons): using Izh type IZH2007_STRIATAL_MSN_D2
[2026-06-21 11:12:44][INFO] SIM_BRIDGE: Region 'str_PV_FSI_N' (5 neurons): using Izh type IZH2007_FS_CORTICAL_INTERNEURON
[2026-06-21 11:12:44][INFO] SIM_BRIDGE: Region 'str_PV_FSI_E' (5 neurons): using Izh type IZH2007_FS_CORTICAL_INTERNEURON
[2026-06-21 11:12:44][INFO] SIM_BRIDGE: Region 'str_PV_FSI_S' (5 neurons): using Izh type IZH2007_FS_CORTICAL_INTERNEURON
[2026-06-21 11:12:44][INFO] SIM_BRIDGE: Region 'str_PV_FSI_W' (5 neurons): using Izh type IZH2007_FS_CORTICAL_INTERNEURON
[2026-06-21 11:12:44][INFO] SIM_BRIDGE: Region 'gpe_N' (10 neurons): using Izh type IZH2007_GPE_PACEMAKER
[2026-06-21 11:12:44][INFO] SIM_BRIDGE: Region 'gpe_arky_N' (4 neurons): using Izh type IZH2007_GPE_PACEMAKER
[2026-06-21 11:12:44][INFO] SIM_BRIDGE: Region 'gpi_N' (10 neurons): using Izh type IZH2007_GPI_OUTPUT
[2026-06-21 11:12:44][INFO] SIM_BRIDGE: Region 'str_striosome_N' (8 neurons): using Izh type IZH2007_STRIATAL_MSN_D1
[2026-06-21 11:12:44][INFO] SIM_BRIDGE: Region 'gpe_E' (10 neurons): using Izh type IZH2007_GPE_PACEMAKER
[2026-06-21 11:12:44][INFO] SIM_BRIDGE: Region 'gpe_arky_E' (4 neurons): using Izh type IZH2007_GPE_PACEMAKER
[2026-06-21 11:12:44][INFO] SIM_BRIDGE: Region 'gpi_E' (10 neurons): using Izh type IZH2007_GPI_OUTPUT
[2026-06-21 11:12:44][INFO] SIM_BRIDGE: Region 'str_striosome_E' (8 neurons): using Izh type IZH2007_STRIATAL_MSN_D1
[2026-06-21 11:12:44][INFO] SIM_BRIDGE: Region 'gpe_S' (10 neurons): using Izh type IZH2007_GPE_PACEMAKER
[2026-06-21 11:12:44][INFO] SIM_BRIDGE: Region 'gpe_arky_S' (4 neurons): using Izh type IZH2007_GPE_PACEMAKER
[2026-06-21 11:12:44][INFO] SIM_BRIDGE: Region 'gpi_S' (10 neurons): using Izh type IZH2007_GPI_OUTPUT
[2026-06-21 11:12:44][INFO] SIM_BRIDGE: Region 'str_striosome_S' (8 neurons): using Izh type IZH2007_STRIATAL_MSN_D1
[2026-06-21 11:12:44][INFO] SIM_BRIDGE: Region 'gpe_W' (10 neurons): using Izh type IZH2007_GPE_PACEMAKER
[2026-06-21 11:12:44][INFO] SIM_BRIDGE: Region 'gpe_arky_W' (4 neurons): using Izh type IZH2007_GPE_PACEMAKER
[2026-06-21 11:12:44][INFO] SIM_BRIDGE: Region 'gpi_W' (10 neurons): using Izh type IZH2007_GPI_OUTPUT
[2026-06-21 11:12:44][INFO] SIM_BRIDGE: Region 'str_striosome_W' (8 neurons): using Izh type IZH2007_STRIATAL_MSN_D1
[2026-06-21 11:12:44][INFO] SIM_BRIDGE: Region 'stn' (20 neurons): using Izh type IZH2007_STN_BURST
[2026-06-21 11:12:44][INFO] SIM_BRIDGE: Region 'thal_N' (10 neurons): using Izh type IZH2007_THALAMIC_RELAY
[2026-06-21 11:12:44][INFO] SIM_BRIDGE: Region 'motor_N' (10 neurons): using Izh type IZH2007_RS_CORTICAL_PYRAMIDAL
[2026-06-21 11:12:44][INFO] SIM_BRIDGE: Region 'thal_E' (10 neurons): using Izh type IZH2007_THALAMIC_RELAY
[2026-06-21 11:12:44][INFO] SIM_BRIDGE: Region 'motor_E' (10 neurons): using Izh type IZH2007_RS_CORTICAL_PYRAMIDAL
[2026-06-21 11:12:44][INFO] SIM_BRIDGE: Region 'thal_S' (10 neurons): using Izh type IZH2007_THALAMIC_RELAY
[2026-06-21 11:12:44][INFO] SIM_BRIDGE: Region 'motor_S' (10 neurons): using Izh type IZH2007_RS_CORTICAL_PYRAMIDAL
[2026-06-21 11:12:44][INFO] SIM_BRIDGE: Region 'thal_W' (10 neurons): using Izh type IZH2007_THALAMIC_RELAY
[2026-06-21 11:12:44][INFO] SIM_BRIDGE: Region 'motor_W' (10 neurons): using Izh type IZH2007_RS_CORTICAL_PYRAMIDAL
[2026-06-21 11:12:44][INFO] SIM_BRIDGE: Region 'snc' (10 neurons): using Izh type IZH2007_DOPAMINE
[2026-06-21 11:12:44][INFO] SIM_BRIDGE: Region 'reward_us' (40 neurons): using Izh type IZH2007_RS_CORTICAL_PYRAMIDAL
[2026-06-21 11:12:44][INFO] SIM_BRIDGE: Region 'vs_place_context' (200 neurons): using Izh type IZH2007_RS_CORTICAL_PYRAMIDAL
[2026-06-21 11:12:44][INFO] SIM_BRIDGE: Region 'striosome_value' (80 neurons): using Izh type IZH2007_STRIATAL_MSN_D1
[2026-06-21 11:12:44][INFO] SIM_BRIDGE: Region 'sel_N' (40 neurons): using Izh type IZH2007_RS_CORTICAL_PYRAMIDAL
[2026-06-21 11:12:44][INFO] SIM_BRIDGE: Region 'sel_FS_N' (10 neurons): using Izh type IZH2007_FS_CORTICAL_INTERNEURON
[2026-06-21 11:12:44][INFO] SIM_BRIDGE: Region 'commit_N' (40 neurons): using Izh type IZH2007_RS_CORTICAL_PYRAMIDAL
[2026-06-21 11:12:44][INFO] SIM_BRIDGE: Region 'sel_E' (40 neurons): using Izh type IZH2007_RS_CORTICAL_PYRAMIDAL
[2026-06-21 11:12:44][INFO] SIM_BRIDGE: Region 'sel_FS_E' (10 neurons): using Izh type IZH2007_FS_CORTICAL_INTERNEURON
[2026-06-21 11:12:44][INFO] SIM_BRIDGE: Region 'commit_E' (40 neurons): using Izh type IZH2007_RS_CORTICAL_PYRAMIDAL
[2026-06-21 11:12:44][INFO] SIM_BRIDGE: Region 'sel_S' (40 neurons): using Izh type IZH2007_RS_CORTICAL_PYRAMIDAL
[2026-06-21 11:12:44][INFO] SIM_BRIDGE: Region 'sel_FS_S' (10 neurons): using Izh type IZH2007_FS_CORTICAL_INTERNEURON
[2026-06-21 11:12:44][INFO] SIM_BRIDGE: Region 'commit_S' (40 neurons): using Izh type IZH2007_RS_CORTICAL_PYRAMIDAL
[2026-06-21 11:12:44][INFO] SIM_BRIDGE: Region 'sel_W' (40 neurons): using Izh type IZH2007_RS_CORTICAL_PYRAMIDAL
[2026-06-21 11:12:44][INFO] SIM_BRIDGE: Region 'sel_FS_W' (10 neurons): using Izh type IZH2007_FS_CORTICAL_INTERNEURON
[2026-06-21 11:12:44][INFO] SIM_BRIDGE: Region 'commit_W' (40 neurons): using Izh type IZH2007_RS_CORTICAL_PYRAMIDAL
[2026-06-21 11:12:44][INFO] SIM_BRIDGE: Region 'commit_OPN' (20 neurons): using Izh type IZH2007_FS_CORTICAL_INTERNEURON
[2026-06-21 11:12:44][INFO] SIM_BRIDGE: Region 'retina' (2048 neurons): using Izh type IZH2007_RS_CORTICAL_PYRAMIDAL
[2026-06-21 11:12:44][INFO] SIM_BRIDGE: Region 'cortex_v1_simple' (1024 neurons): using Izh type IZH2007_RS_CORTICAL_PYRAMIDAL
[2026-06-21 11:12:44][INFO] SIM_BRIDGE: Region 'cortex_v1_complex' (512 neurons): using Izh type IZH2007_RS_CORTICAL_PYRAMIDAL
[2026-06-21 11:12:44][INFO] SIM_BRIDGE: Region 'cortex_v2' (256 neurons): using Izh type IZH2007_RS_CORTICAL_PYRAMIDAL
[2026-06-21 11:12:44][INFO] SIM_BRIDGE: Region 'cortex_it' (64 neurons): using Izh type IZH2007_RS_CORTICAL_PYRAMIDAL
[2026-06-21 11:12:44][INFO] SIM_BRIDGE: Region 'sc_retina' (2048 neurons): using Izh type IZH2007_RS_CORTICAL_PYRAMIDAL
[2026-06-21 11:12:44][INFO] SIM_BRIDGE: Region 'sc_map' (256 neurons): using Izh type IZH2007_RS_CORTICAL_PYRAMIDAL
[2026-06-21 11:12:44][INFO] SIM_BRIDGE: Region 'sc_fs' (12 neurons): using Izh type IZH2007_FS_CORTICAL_INTERNEURON
[2026-06-21 11:12:44][INFO] SIM_BRIDGE: Region 'sc_rostral' (24 neurons): using Izh type IZH2007_RS_CORTICAL_PYRAMIDAL
[2026-06-21 11:12:44][INFO] SIM_BRIDGE: Generating 3D neuron positions for 7702 neurons...
[2026-06-21 11:12:44][INFO] SIM_BRIDGE: Generating connections (brain-region framework)...
[2026-06-21 11:12:45][INFO] SIM_BRIDGE: inject_explicit_wiring: installed 181080 synapses across 156 populations.
[2026-06-21 11:12:45][INFO] SIM_BRIDGE: Initializing eligibility traces for 181080 synapses (capacity: 271620, dtype: float32)...
[2026-06-21 11:12:45][INFO] SIM_BRIDGE: Initialized neuromodulator subsystem with 1 modulators: ['dopamine']
[2026-06-21 11:12:45][INFO] SIM_BRIDGE: Initializing STDP state for 7702 neurons...
[2026-06-21 11:12:45][INFO] SIM_BRIDGE: Simulation data initialized for 7702 neurons (3D). Synapses: 181080. GPU memory: 1.4GB/25.8GB (5.6%)
[g11 seed=101] Cluster K v2: applied 70592 Gabor weights to retina -> cortex_v1_simple
[g11 seed=101] Cluster K v2: visual_cortex_action gate frozen until warmup
[g11] spiking SC: installed 21828 synapses (retina->sc_map 16x16 + recurrent + sc_map->cortex_NESW + sc_map->sc_rostral (N5))
[g11 seed=101] #6 SC read-out: POPULATION-VECTOR (cosine) + cortex_X divisive-norm (sigma=1.0, gain=1.0)
[g11 seed=101] N5 reward: boosted sc_rostral->reward_us to 40.0 (960 synapses)
[g11 seed=101] Spiking-SNc Stage B: NEURAL value critic ON (striosome_value n=80, vs_place_context->value w0=0.20146219432353973); r-V subtracted via GABA_B/GIRK (E_K=-90mV, prop=0.02); critic->SNc gate = OPEN (continuous, Stage 1). Host _V_scaffold DROPPED.
[g11 seed=101] BG circuit: 67 regions, 7702 neurons, 270223 synapses
[g11 seed=101] step 100/1800  pos=(1,27)  goal=(30,30)  recent_dist=39.58  action=N  reward=+1.00  actions= 47N/ 14E/ 22S/ 17W
[PROGRESS] {"kind": "step", "current": 100, "total": 1800, "phase": "seed=101", "unit": "steps", "pos": [1, 27], "goal": [30, 30], "recent_dist": 39.58, "action": "N", "reward": 1.0}
[g11 seed=101] step 200/1800  pos=(14,26)  goal=(30,30)  recent_dist=23.42  action=E  reward=+1.00  actions= 28N/ 27E/ 28S/ 17W
[PROGRESS] {"kind": "step", "current": 200, "total": 1800, "phase": "seed=101", "unit": "steps", "pos": [14, 26], "goal": [30, 30], "recent_dist": 23.42, "action": "E", "reward": 1.0}
[g11 seed=101] step 300/1800  pos=(17,30)  goal=(30,30)  recent_dist=20.56  action=E  reward=+1.00  actions= 34N/ 22E/ 25S/ 19W
[PROGRESS] {"kind": "step", "current": 300, "total": 1800, "phase": "seed=101", "unit": "steps", "pos": [17, 30], "goal": [30, 30], "recent_dist": 20.56, "action": "E", "reward": 1.0}
[g11 seed=101] step 400/1800  pos=(19,28)  goal=(30,30)  recent_dist=9.94  action=W  reward=-1.00  actions= 31N/ 21E/ 29S/ 19W
[PROGRESS] {"kind": "step", "current": 400, "total": 1800, "phase": "seed=101", "unit": "steps", "pos": [19, 28], "goal": [30, 30], "recent_dist": 9.94, "action": "W", "reward": -1.0}
[g11 seed=101] step 450: GOAL CHANGED to (1, 30)
[g11 seed=101] step 500/1800  pos=(15,22)  goal=(1,30)  recent_dist=16.67  action=N  reward=+1.00  actions= 19N/ 27E/ 23S/ 31W
[PROGRESS] {"kind": "step", "current": 500, "total": 1800, "phase": "seed=101", "unit": "steps", "pos": [15, 22], "goal": [1, 30], "recent_dist": 16.67, "action": "N", "reward": 1.0}
[g11 seed=101] step 600/1800  pos=(18,19)  goal=(1,30)  recent_dist=25.06  action=S  reward=-1.00  actions= 20N/ 30E/ 23S/ 27W
[PROGRESS] {"kind": "step", "current": 600, "total": 1800, "phase": "seed=101", "unit": "steps", "pos": [18, 19], "goal": [1, 30], "recent_dist": 25.06, "action": "S", "reward": -1.0}
[g11 seed=101] step 600: Cluster K v2 visual_cortex_action gate OPENED (warmup=600)
[g11 seed=101] step 700/1800  pos=(11,31)  goal=(1,30)  recent_dist=18.58  action=N  reward=+0.00  actions= 32N/ 24E/ 13S/ 31W
[PROGRESS] {"kind": "step", "current": 700, "total": 1800, "phase": "seed=101", "unit": "steps", "pos": [11, 31], "goal": [1, 30], "recent_dist": 18.58, "action": "N", "reward": 0.0}
[g11 seed=101] step 800/1800  pos=(11,31)  goal=(1,30)  recent_dist=11.00  action=N  reward=+0.00  actions=100N/  0E/  0S/  0W
[PROGRESS] {"kind": "step", "current": 800, "total": 1800, "phase": "seed=101", "unit": "steps", "pos": [11, 31], "goal": [1, 30], "recent_dist": 11.0, "action": "N", "reward": 0.0}
[g11 seed=101] step 900/1800  pos=(10,31)  goal=(1,30)  recent_dist=10.97  action=N  reward=+0.00  actions= 99N/  0E/  0S/  1W
[PROGRESS] {"kind": "step", "current": 900, "total": 1800, "phase": "seed=101", "unit": "steps", "pos": [10, 31], "goal": [1, 30], "recent_dist": 10.97, "action": "N", "reward": 0.0}
[g11 seed=101] step 900: GOAL CHANGED to (1, 1)
[g11 seed=101] step 1000/1800  pos=(3,30)  goal=(1,1)  recent_dist=30.87  action=E  reward=-1.00  actions= 28N/ 20E/ 24S/ 28W
[PROGRESS] {"kind": "step", "current": 1000, "total": 1800, "phase": "seed=101", "unit": "steps", "pos": [3, 30], "goal": [1, 1], "recent_dist": 30.87, "action": "E", "reward": -1.0}
[g11 seed=101] step 1100/1800  pos=(4,31)  goal=(1,1)  recent_dist=31.89  action=N  reward=-1.00  actions= 25N/ 30E/ 15S/ 30W
[PROGRESS] {"kind": "step", "current": 1100, "total": 1800, "phase": "seed=101", "unit": "steps", "pos": [4, 31], "goal": [1, 1], "recent_dist": 31.89, "action": "N", "reward": -1.0}
[g11 seed=101] step 1200/1800  pos=(2,26)  goal=(1,1)  recent_dist=30.40  action=S  reward=+1.00  actions= 25N/ 25E/ 22S/ 28W
[PROGRESS] {"kind": "step", "current": 1200, "total": 1800, "phase": "seed=101", "unit": "steps", "pos": [2, 26], "goal": [1, 1], "recent_dist": 30.4, "action": "S", "reward": 1.0}
[g11 seed=101] step 1300/1800  pos=(1,24)  goal=(1,1)  recent_dist=28.71  action=N  reward=-1.00  actions= 31N/ 24E/ 16S/ 29W
[PROGRESS] {"kind": "step", "current": 1300, "total": 1800, "phase": "seed=101", "unit": "steps", "pos": [1, 24], "goal": [1, 1], "recent_dist": 28.71, "action": "N", "reward": -1.0}
[g11 seed=101] step 1350: GOAL CHANGED to (30, 1)
[g11 seed=101] step 1400/1800  pos=(4,31)  goal=(30,1)  recent_dist=37.91  action=N  reward=+0.00  actions= 44N/ 20E/ 12S/ 24W
[PROGRESS] {"kind": "step", "current": 1400, "total": 1800, "phase": "seed=101", "unit": "steps", "pos": [4, 31], "goal": [30, 1], "recent_dist": 37.91, "action": "N", "reward": 0.0}
[g11 seed=101] step 1500/1800  pos=(4,31)  goal=(30,1)  recent_dist=56.00  action=N  reward=+0.00  actions=100N/  0E/  0S/  0W
[PROGRESS] {"kind": "step", "current": 1500, "total": 1800, "phase": "seed=101", "unit": "steps", "pos": [4, 31], "goal": [30, 1], "recent_dist": 56.0, "action": "N", "reward": 0.0}
[g11 seed=101] step 1600/1800  pos=(3,31)  goal=(30,1)  recent_dist=55.92  action=N  reward=+0.00  actions= 95N/  1E/  2S/  2W
[PROGRESS] {"kind": "step", "current": 1600, "total": 1800, "phase": "seed=101", "unit": "steps", "pos": [3, 31], "goal": [30, 1], "recent_dist": 55.92, "action": "N", "reward": 0.0}
[g11 seed=101] step 1700/1800  pos=(4,31)  goal=(30,1)  recent_dist=55.38  action=N  reward=+0.00  actions= 59N/ 16E/ 10S/ 15W
[PROGRESS] {"kind": "step", "current": 1700, "total": 1800, "phase": "seed=101", "unit": "steps", "pos": [4, 31], "goal": [30, 1], "recent_dist": 55.38, "action": "N", "reward": 0.0}
[g11 seed=101] step 1800/1800  pos=(8,28)  goal=(30,1)  recent_dist=53.95  action=S  reward=+1.00  actions= 62N/ 13E/ 16S/  9W
[PROGRESS] {"kind": "step", "current": 1800, "total": 1800, "phase": "seed=101", "unit": "steps", "pos": [8, 28], "goal": [30, 1], "recent_dist": 53.95, "action": "S", "reward": 1.0}
[g11 seed=101] NAV-GATE(a) stdp_w_max=400.0  sum_finalQ=101.0796  mean_distance_overall=30.9339  actor_max_cortex_to_D1_weight=206.94688415527344

[g11 seed=101] DONE in 1335s. Phase stats:
  phase 0 goal=[30, 30] meanD=21.99 finalQ=10.74 actions=[153, 97, 116, 84]
  phase 1 goal=[1, 30] meanD=17.08 finalQ=10.97 actions=[257, 68, 47, 78]
  phase 2 goal=[1, 1] meanD=29.51 finalQ=25.24 actions=[118, 112, 86, 134]
  phase 3 goal=[30, 1] meanD=55.16 finalQ=54.12 actions=[351, 37, 31, 31]
[sc-pv] arm=sc_popvector_scr: phase0_finalQ=10.743 post_change_finalQ=['10.973', '25.239', '54.124'] (sum 90.336) gate=101.07964601769912 late_sustain=0.534
[sc-pv] arm=sc_popvector_scr per-phase dominant cardinal: ['N', 'N', 'W', 'N']
[sc-pv] arm=sc_popvector_scr per-phase action frac: [{'N': 0.34, 'E': 0.216, 'S': 0.258, 'W': 0.187}, {'N': 0.571, 'E': 0.151, 'S': 0.104, 'W': 0.173}, {'N': 0.262, 'E': 0.249, 'S': 0.191, 'W': 0.298}, {'N': 0.78, 'E': 0.082, 'S': 0.069, 'W': 0.069}]
[sc-pv] arm=sc_popvector_scr FIX1=True FIX2=False FIX3=False FIXA=False (sigma=1.0 gain=1.0) tie_break_fraction=0.2794 (503/1800)
[sc-pv] arm=sc_popvector_scr thal_counts    N-S=+3911 (+34.0%) E-W=+400
[sc-pv] arm=sc_popvector_scr sel_counts     N-S=+55213 (+85.7%) E-W=+1744
[sc-pv] arm=sc_popvector_scr commit_counts  N-S=+55928 (+84.0%) E-W=+1429
[sc-pv] arm=sc_popvector_scr motor_counts   N-S=+5974 (+176.1%) E-W=+250

[sc-pv] ===== POPULATION-VECTOR READ-OUT RE-ORIENT VERDICT =====
  host_phase0_finalQ: 0.5132743362831859
  host_post_change_finalQ_sum: 2.150442477876106
  ramp_post_change_finalQ_sum: None
  popvector_post_change_finalQ_sum: 5.185840707964601
  scramble_post_change_finalQ_sum: 90.3362831858407
  host_tracking: {'dominant_per_phase': ['E', 'W', 'E', 'E'], 'n_distinct_dominant': 2, 'has_W_dominant_phase': True, 'has_E_dominant_phase': True, 'tracks_goal': True}
  ramp_tracking: None
  popvector_tracking: {'dominant_per_phase': ['E', 'W', 'S', 'E'], 'n_distinct_dominant': 3, 'has_W_dominant_phase': True, 'has_E_dominant_phase': True, 'tracks_goal': True}
  scramble_tracking: {'dominant_per_phase': ['N', 'N', 'W', 'N'], 'n_distinct_dominant': 2, 'has_W_dominant_phase': True, 'has_E_dominant_phase': False, 'tracks_goal': True}
  ramp_late_sustain: None
  popvector_late_sustain: 0.6633333333333333
  popvector_fix1: True
  popvector_fix2: False
  popvector_fix3: False
  popvector_fixA: False
  popvector_stage_surplus: {'thal_counts': {'N': 11748.0, 'E': 12017.0, 'S': 11736.0, 'W': 11445.0, 'NS_surplus': 12.0, 'NS_pct': 0.1, 'EW_surplus': 572.0}, 'sel_counts': {'N': 50837.0, 'E': 53527.0, 'S': 52542.0, 'W': 49155.0, 'NS_surplus': -1705.0, 'NS_pct': -3.3, 'EW_surplus': 4372.0}, 'commit_counts': {'N': 50093.0, 'E': 53643.0, 'S': 52876.0, 'W': 48722.0, 'NS_surplus': -2783.0, 'NS_pct': -5.41, 'EW_surplus': 4921.0}, 'motor_counts': {'N': 4353.0, 'E': 4154.0, 'S': 3786.0, 'W': 4090.0, 'NS_surplus': 567.0, 'NS_pct': 13.93, 'EW_surplus': 64.0}}
  ramp_stage_surplus: None
  scramble_stage_surplus: {'thal_counts': {'N': 13475.0, 'E': 10103.0, 'S': 9564.0, 'W': 9703.0, 'NS_surplus': 3911.0, 'NS_pct': 33.95, 'EW_surplus': 400.0}, 'sel_counts': {'N': 92005.0, 'E': 37458.0, 'S': 36792.0, 'W': 35714.0, 'NS_surplus': 55213.0, 'NS_pct': 85.74, 'EW_surplus': 1744.0}, 'commit_counts': {'N': 94511.0, 'E': 38565.0, 'S': 38583.0, 'W': 37136.0, 'NS_surplus': 55928.0, 'NS_pct': 84.04, 'EW_surplus': 1429.0}, 'motor_counts': {'N': 6380.0, 'E': 1237.0, 'S': 406.0, 'W': 987.0, 'NS_surplus': 5974.0, 'NS_pct': 176.07, 'EW_surplus': 250.0}}
  popvector_tie_break_fraction: 0.19944444444444445
  popvector_opponent_axis_fraction: 0.0
  scramble_tie_break_fraction: 0.27944444444444444
  scramble_opponent_axis_fraction: 0.0
  host_over_popvector_post_ratio: 0.41467576791808874
  popvector_over_ramp_post_improvement: None
  NOTE: GO (#6 CONVERTS) if popvector_tracking.tracks_goal is True AND popvector_post_change approaches host (host_over_popvector_post_ratio ~1, vs the ramp's ~0.01) AND the SCRAMBLE lesion collapses (scramble_tracking.tracks_goal False / much worse finalQ). HONEST NEGATIVE otherwise -- report whether popvector still does NOT track (under-selective) or a deeper issue.
[sc-pv] wrote research/findings/raw/nav_gate_2a/scpv_logpolar_summary_seed101.json
