[sc-pv] arm=host seed=42 grid=32 n_steps=1800 warmup=600 scw=18.0 sigma=1.0 gain=1.0 with_conv=False
[2026-06-20 04:09:15][INFO] SIM_BRIDGE: CuPy using GPU: NVIDIA GeForce RTX 3090 (24.0 GB), mempool limit: 80%
[2026-06-20 04:09:15][INFO] SIM_BRIDGE: Initializing simulation data for model: IZHIKEVICH (3D)... (playback_init: False)
[2026-06-20 04:09:15][INFO] SIM_BRIDGE: Brain-region framework: 60 regions, 5042 total neurons, 140 pathways.
[2026-06-20 04:09:15][INFO] SIM_BRIDGE: RNG initialized with seed: 42
[2026-06-20 04:09:15][INFO] SIM_BRIDGE: NMDA per-region mask: 12 regions enabled (300 neurons)
[2026-06-20 04:09:15][INFO] SIM_BRIDGE: Initializing Izhikevich model specifics for 5042 neurons...
[2026-06-20 04:09:15][INFO] SIM_BRIDGE: Region 'cortex_N' (25 neurons): using Izh type IZH2007_RS_CORTICAL_PYRAMIDAL
[2026-06-20 04:09:15][INFO] SIM_BRIDGE: Region 'cortex_E' (25 neurons): using Izh type IZH2007_RS_CORTICAL_PYRAMIDAL
[2026-06-20 04:09:15][INFO] SIM_BRIDGE: Region 'cortex_S' (25 neurons): using Izh type IZH2007_RS_CORTICAL_PYRAMIDAL
[2026-06-20 04:09:15][INFO] SIM_BRIDGE: Region 'cortex_W' (25 neurons): using Izh type IZH2007_RS_CORTICAL_PYRAMIDAL
[2026-06-20 04:09:15][INFO] SIM_BRIDGE: Region 'str_D1_N' (50 neurons): using Izh type IZH2007_STRIATAL_MSN_D1
[2026-06-20 04:09:15][INFO] SIM_BRIDGE: Region 'str_D2_N' (50 neurons): using Izh type IZH2007_STRIATAL_MSN_D2
[2026-06-20 04:09:15][INFO] SIM_BRIDGE: Region 'str_D1_E' (50 neurons): using Izh type IZH2007_STRIATAL_MSN_D1
[2026-06-20 04:09:15][INFO] SIM_BRIDGE: Region 'str_D2_E' (50 neurons): using Izh type IZH2007_STRIATAL_MSN_D2
[2026-06-20 04:09:15][INFO] SIM_BRIDGE: Region 'str_D1_S' (50 neurons): using Izh type IZH2007_STRIATAL_MSN_D1
[2026-06-20 04:09:15][INFO] SIM_BRIDGE: Region 'str_D2_S' (50 neurons): using Izh type IZH2007_STRIATAL_MSN_D2
[2026-06-20 04:09:15][INFO] SIM_BRIDGE: Region 'str_D1_W' (50 neurons): using Izh type IZH2007_STRIATAL_MSN_D1
[2026-06-20 04:09:15][INFO] SIM_BRIDGE: Region 'str_D2_W' (50 neurons): using Izh type IZH2007_STRIATAL_MSN_D2
[2026-06-20 04:09:15][INFO] SIM_BRIDGE: Region 'str_PV_FSI_N' (5 neurons): using Izh type IZH2007_FS_CORTICAL_INTERNEURON
[2026-06-20 04:09:15][INFO] SIM_BRIDGE: Region 'str_PV_FSI_E' (5 neurons): using Izh type IZH2007_FS_CORTICAL_INTERNEURON
[2026-06-20 04:09:15][INFO] SIM_BRIDGE: Region 'str_PV_FSI_S' (5 neurons): using Izh type IZH2007_FS_CORTICAL_INTERNEURON
[2026-06-20 04:09:15][INFO] SIM_BRIDGE: Region 'str_PV_FSI_W' (5 neurons): using Izh type IZH2007_FS_CORTICAL_INTERNEURON
[2026-06-20 04:09:15][INFO] SIM_BRIDGE: Region 'gpe_N' (10 neurons): using Izh type IZH2007_GPE_PACEMAKER
[2026-06-20 04:09:15][INFO] SIM_BRIDGE: Region 'gpe_arky_N' (4 neurons): using Izh type IZH2007_GPE_PACEMAKER
[2026-06-20 04:09:15][INFO] SIM_BRIDGE: Region 'gpi_N' (10 neurons): using Izh type IZH2007_GPI_OUTPUT
[2026-06-20 04:09:15][INFO] SIM_BRIDGE: Region 'str_striosome_N' (8 neurons): using Izh type IZH2007_STRIATAL_MSN_D1
[2026-06-20 04:09:15][INFO] SIM_BRIDGE: Region 'gpe_E' (10 neurons): using Izh type IZH2007_GPE_PACEMAKER
[2026-06-20 04:09:15][INFO] SIM_BRIDGE: Region 'gpe_arky_E' (4 neurons): using Izh type IZH2007_GPE_PACEMAKER
[2026-06-20 04:09:15][INFO] SIM_BRIDGE: Region 'gpi_E' (10 neurons): using Izh type IZH2007_GPI_OUTPUT
[2026-06-20 04:09:15][INFO] SIM_BRIDGE: Region 'str_striosome_E' (8 neurons): using Izh type IZH2007_STRIATAL_MSN_D1
[2026-06-20 04:09:15][INFO] SIM_BRIDGE: Region 'gpe_S' (10 neurons): using Izh type IZH2007_GPE_PACEMAKER
[2026-06-20 04:09:15][INFO] SIM_BRIDGE: Region 'gpe_arky_S' (4 neurons): using Izh type IZH2007_GPE_PACEMAKER
[2026-06-20 04:09:15][INFO] SIM_BRIDGE: Region 'gpi_S' (10 neurons): using Izh type IZH2007_GPI_OUTPUT
[2026-06-20 04:09:15][INFO] SIM_BRIDGE: Region 'str_striosome_S' (8 neurons): using Izh type IZH2007_STRIATAL_MSN_D1
[2026-06-20 04:09:15][INFO] SIM_BRIDGE: Region 'gpe_W' (10 neurons): using Izh type IZH2007_GPE_PACEMAKER
[2026-06-20 04:09:15][INFO] SIM_BRIDGE: Region 'gpe_arky_W' (4 neurons): using Izh type IZH2007_GPE_PACEMAKER
[2026-06-20 04:09:15][INFO] SIM_BRIDGE: Region 'gpi_W' (10 neurons): using Izh type IZH2007_GPI_OUTPUT
[2026-06-20 04:09:15][INFO] SIM_BRIDGE: Region 'str_striosome_W' (8 neurons): using Izh type IZH2007_STRIATAL_MSN_D1
[2026-06-20 04:09:15][INFO] SIM_BRIDGE: Region 'stn' (20 neurons): using Izh type IZH2007_STN_BURST
[2026-06-20 04:09:15][INFO] SIM_BRIDGE: Region 'thal_N' (10 neurons): using Izh type IZH2007_THALAMIC_RELAY
[2026-06-20 04:09:15][INFO] SIM_BRIDGE: Region 'motor_N' (10 neurons): using Izh type IZH2007_RS_CORTICAL_PYRAMIDAL
[2026-06-20 04:09:15][INFO] SIM_BRIDGE: Region 'thal_E' (10 neurons): using Izh type IZH2007_THALAMIC_RELAY
[2026-06-20 04:09:15][INFO] SIM_BRIDGE: Region 'motor_E' (10 neurons): using Izh type IZH2007_RS_CORTICAL_PYRAMIDAL
[2026-06-20 04:09:15][INFO] SIM_BRIDGE: Region 'thal_S' (10 neurons): using Izh type IZH2007_THALAMIC_RELAY
[2026-06-20 04:09:15][INFO] SIM_BRIDGE: Region 'motor_S' (10 neurons): using Izh type IZH2007_RS_CORTICAL_PYRAMIDAL
[2026-06-20 04:09:15][INFO] SIM_BRIDGE: Region 'thal_W' (10 neurons): using Izh type IZH2007_THALAMIC_RELAY
[2026-06-20 04:09:15][INFO] SIM_BRIDGE: Region 'motor_W' (10 neurons): using Izh type IZH2007_RS_CORTICAL_PYRAMIDAL
[2026-06-20 04:09:15][INFO] SIM_BRIDGE: Region 'snc' (10 neurons): using Izh type IZH2007_DOPAMINE
[2026-06-20 04:09:15][INFO] SIM_BRIDGE: Region 'sel_N' (40 neurons): using Izh type IZH2007_RS_CORTICAL_PYRAMIDAL
[2026-06-20 04:09:15][INFO] SIM_BRIDGE: Region 'sel_FS_N' (10 neurons): using Izh type IZH2007_FS_CORTICAL_INTERNEURON
[2026-06-20 04:09:15][INFO] SIM_BRIDGE: Region 'commit_N' (40 neurons): using Izh type IZH2007_RS_CORTICAL_PYRAMIDAL
[2026-06-20 04:09:15][INFO] SIM_BRIDGE: Region 'sel_E' (40 neurons): using Izh type IZH2007_RS_CORTICAL_PYRAMIDAL
[2026-06-20 04:09:15][INFO] SIM_BRIDGE: Region 'sel_FS_E' (10 neurons): using Izh type IZH2007_FS_CORTICAL_INTERNEURON
[2026-06-20 04:09:15][INFO] SIM_BRIDGE: Region 'commit_E' (40 neurons): using Izh type IZH2007_RS_CORTICAL_PYRAMIDAL
[2026-06-20 04:09:15][INFO] SIM_BRIDGE: Region 'sel_S' (40 neurons): using Izh type IZH2007_RS_CORTICAL_PYRAMIDAL
[2026-06-20 04:09:15][INFO] SIM_BRIDGE: Region 'sel_FS_S' (10 neurons): using Izh type IZH2007_FS_CORTICAL_INTERNEURON
[2026-06-20 04:09:15][INFO] SIM_BRIDGE: Region 'commit_S' (40 neurons): using Izh type IZH2007_RS_CORTICAL_PYRAMIDAL
[2026-06-20 04:09:15][INFO] SIM_BRIDGE: Region 'sel_W' (40 neurons): using Izh type IZH2007_RS_CORTICAL_PYRAMIDAL
[2026-06-20 04:09:15][INFO] SIM_BRIDGE: Region 'sel_FS_W' (10 neurons): using Izh type IZH2007_FS_CORTICAL_INTERNEURON
[2026-06-20 04:09:15][INFO] SIM_BRIDGE: Region 'commit_W' (40 neurons): using Izh type IZH2007_RS_CORTICAL_PYRAMIDAL
[2026-06-20 04:09:15][INFO] SIM_BRIDGE: Region 'commit_OPN' (20 neurons): using Izh type IZH2007_FS_CORTICAL_INTERNEURON
[2026-06-20 04:09:15][INFO] SIM_BRIDGE: Region 'retina' (2048 neurons): using Izh type IZH2007_RS_CORTICAL_PYRAMIDAL
[2026-06-20 04:09:15][INFO] SIM_BRIDGE: Region 'cortex_v1_simple' (1024 neurons): using Izh type IZH2007_RS_CORTICAL_PYRAMIDAL
[2026-06-20 04:09:15][INFO] SIM_BRIDGE: Region 'cortex_v1_complex' (512 neurons): using Izh type IZH2007_RS_CORTICAL_PYRAMIDAL
[2026-06-20 04:09:15][INFO] SIM_BRIDGE: Region 'cortex_v2' (256 neurons): using Izh type IZH2007_RS_CORTICAL_PYRAMIDAL
[2026-06-20 04:09:15][INFO] SIM_BRIDGE: Region 'cortex_it' (64 neurons): using Izh type IZH2007_RS_CORTICAL_PYRAMIDAL
[2026-06-20 04:09:15][INFO] SIM_BRIDGE: Generating 3D neuron positions for 5042 neurons...
[2026-06-20 04:09:15][INFO] SIM_BRIDGE: Generating connections (brain-region framework)...
[2026-06-20 04:09:15][INFO] SIM_BRIDGE: inject_explicit_wiring: installed 167688 synapses across 150 populations.
[2026-06-20 04:09:15][INFO] SIM_BRIDGE: Initializing eligibility traces for 167688 synapses (capacity: 251532, dtype: float32)...
[2026-06-20 04:09:15][INFO] SIM_BRIDGE: Initializing STDP state for 5042 neurons...
[2026-06-20 04:09:15][INFO] SIM_BRIDGE: Simulation data initialized for 5042 neurons (3D). Synapses: 167688. GPU memory: 1.3GB/25.8GB (5.1%)
[g11 seed=42] Cluster K v2: applied 70592 Gabor weights to retina -> cortex_v1_simple
[g11 seed=42] Cluster K v2: visual_cortex_action gate frozen until warmup
[g11 seed=42] BG circuit: 60 regions, 5042 neurons, 234726 synapses
[g11 seed=42] step 100/1800  pos=(30,30)  goal=(30,30)  recent_dist=16.74  action=W  reward=+1.00  actions= 29N/ 50E/  0S/ 21W
[PROGRESS] {"kind": "step", "current": 100, "total": 1800, "phase": "seed=42", "unit": "steps", "pos": [30, 30], "goal": [30, 30], "recent_dist": 16.74, "action": "W", "reward": 1.0}
[g11 seed=42] step 200/1800  pos=(30,30)  goal=(30,30)  recent_dist=0.50  action=W  reward=+1.00  actions=  0N/ 50E/  0S/ 50W
[PROGRESS] {"kind": "step", "current": 200, "total": 1800, "phase": "seed=42", "unit": "steps", "pos": [30, 30], "goal": [30, 30], "recent_dist": 0.5, "action": "W", "reward": 1.0}
[g11 seed=42] step 300/1800  pos=(30,30)  goal=(30,30)  recent_dist=0.68  action=E  reward=+1.00  actions=  5N/ 45E/  5S/ 45W
[PROGRESS] {"kind": "step", "current": 300, "total": 1800, "phase": "seed=42", "unit": "steps", "pos": [30, 30], "goal": [30, 30], "recent_dist": 0.68, "action": "E", "reward": 1.0}
[g11 seed=42] step 400/1800  pos=(30,30)  goal=(30,30)  recent_dist=0.74  action=E  reward=+1.00  actions=  6N/ 44E/  6S/ 44W
[PROGRESS] {"kind": "step", "current": 400, "total": 1800, "phase": "seed=42", "unit": "steps", "pos": [30, 30], "goal": [30, 30], "recent_dist": 0.74, "action": "E", "reward": 1.0}
[g11 seed=42] step 450: GOAL CHANGED to (1, 30)
[g11 seed=42] step 500/1800  pos=(2,30)  goal=(1,30)  recent_dist=5.12  action=E  reward=-1.00  actions= 19N/ 17E/ 19S/ 45W
[PROGRESS] {"kind": "step", "current": 500, "total": 1800, "phase": "seed=42", "unit": "steps", "pos": [2, 30], "goal": [1, 30], "recent_dist": 5.12, "action": "E", "reward": -1.0}
[g11 seed=42] step 600/1800  pos=(2,30)  goal=(1,30)  recent_dist=0.50  action=E  reward=-1.00  actions=  0N/ 50E/  0S/ 50W
[PROGRESS] {"kind": "step", "current": 600, "total": 1800, "phase": "seed=42", "unit": "steps", "pos": [2, 30], "goal": [1, 30], "recent_dist": 0.5, "action": "E", "reward": -1.0}
[g11 seed=42] step 600: Cluster K v2 visual_cortex_action gate OPENED (warmup=600)
[g11 seed=42] step 700/1800  pos=(0,30)  goal=(1,30)  recent_dist=0.54  action=W  reward=-1.00  actions=  1N/ 48E/  1S/ 50W
[PROGRESS] {"kind": "step", "current": 700, "total": 1800, "phase": "seed=42", "unit": "steps", "pos": [0, 30], "goal": [1, 30], "recent_dist": 0.54, "action": "W", "reward": -1.0}
[g11 seed=42] step 800/1800  pos=(0,30)  goal=(1,30)  recent_dist=0.50  action=W  reward=-1.00  actions=  0N/ 50E/  0S/ 50W
[PROGRESS] {"kind": "step", "current": 800, "total": 1800, "phase": "seed=42", "unit": "steps", "pos": [0, 30], "goal": [1, 30], "recent_dist": 0.5, "action": "W", "reward": -1.0}
[g11 seed=42] step 900/1800  pos=(0,30)  goal=(1,30)  recent_dist=0.50  action=W  reward=-1.00  actions=  0N/ 50E/  0S/ 50W
[PROGRESS] {"kind": "step", "current": 900, "total": 1800, "phase": "seed=42", "unit": "steps", "pos": [0, 30], "goal": [1, 30], "recent_dist": 0.5, "action": "W", "reward": -1.0}
[g11 seed=42] step 900: GOAL CHANGED to (1, 1)
[g11 seed=42] step 1000/1800  pos=(1,1)  goal=(1,1)  recent_dist=4.78  action=E  reward=+1.00  actions= 10N/ 26E/ 39S/ 25W
[PROGRESS] {"kind": "step", "current": 1000, "total": 1800, "phase": "seed=42", "unit": "steps", "pos": [1, 1], "goal": [1, 1], "recent_dist": 4.78, "action": "E", "reward": 1.0}
[g11 seed=42] step 1100/1800  pos=(1,1)  goal=(1,1)  recent_dist=0.50  action=E  reward=+1.00  actions=  0N/ 50E/  0S/ 50W
[PROGRESS] {"kind": "step", "current": 1100, "total": 1800, "phase": "seed=42", "unit": "steps", "pos": [1, 1], "goal": [1, 1], "recent_dist": 0.5, "action": "E", "reward": 1.0}
[g11 seed=42] step 1200/1800  pos=(1,1)  goal=(1,1)  recent_dist=0.50  action=E  reward=+1.00  actions=  0N/ 50E/  0S/ 50W
[PROGRESS] {"kind": "step", "current": 1200, "total": 1800, "phase": "seed=42", "unit": "steps", "pos": [1, 1], "goal": [1, 1], "recent_dist": 0.5, "action": "E", "reward": 1.0}
[g11 seed=42] step 1300/1800  pos=(1,1)  goal=(1,1)  recent_dist=0.56  action=S  reward=+1.00  actions= 35N/ 15E/ 35S/ 15W
[PROGRESS] {"kind": "step", "current": 1300, "total": 1800, "phase": "seed=42", "unit": "steps", "pos": [1, 1], "goal": [1, 1], "recent_dist": 0.56, "action": "S", "reward": 1.0}
[g11 seed=42] step 1350: GOAL CHANGED to (30, 1)
[g11 seed=42] step 1400/1800  pos=(29,1)  goal=(30,1)  recent_dist=5.14  action=W  reward=-1.00  actions= 27N/ 37E/ 27S/  9W
[PROGRESS] {"kind": "step", "current": 1400, "total": 1800, "phase": "seed=42", "unit": "steps", "pos": [29, 1], "goal": [30, 1], "recent_dist": 5.14, "action": "W", "reward": -1.0}
[g11 seed=42] step 1500/1800  pos=(29,1)  goal=(30,1)  recent_dist=0.50  action=W  reward=-1.00  actions=  0N/ 50E/  0S/ 50W
[PROGRESS] {"kind": "step", "current": 1500, "total": 1800, "phase": "seed=42", "unit": "steps", "pos": [29, 1], "goal": [30, 1], "recent_dist": 0.5, "action": "W", "reward": -1.0}
[g11 seed=42] step 1600/1800  pos=(29,1)  goal=(30,1)  recent_dist=0.50  action=W  reward=-1.00  actions=  0N/ 50E/  0S/ 50W
[PROGRESS] {"kind": "step", "current": 1600, "total": 1800, "phase": "seed=42", "unit": "steps", "pos": [29, 1], "goal": [30, 1], "recent_dist": 0.5, "action": "W", "reward": -1.0}
[g11 seed=42] step 1700/1800  pos=(31,1)  goal=(30,1)  recent_dist=0.60  action=E  reward=-1.00  actions=  3N/ 48E/  3S/ 46W
[PROGRESS] {"kind": "step", "current": 1700, "total": 1800, "phase": "seed=42", "unit": "steps", "pos": [31, 1], "goal": [30, 1], "recent_dist": 0.6, "action": "E", "reward": -1.0}
[g11 seed=42] step 1800/1800  pos=(30,2)  goal=(30,1)  recent_dist=0.60  action=N  reward=-1.00  actions= 24N/ 26E/ 23S/ 27W
[PROGRESS] {"kind": "step", "current": 1800, "total": 1800, "phase": "seed=42", "unit": "steps", "pos": [30, 2], "goal": [30, 1], "recent_dist": 0.6, "action": "N", "reward": -1.0}
[g11 seed=42] NAV-GATE(a) stdp_w_max=400.0  sum_finalQ=2.3363  mean_distance_overall=2.1944  actor_max_cortex_to_D1_weight=310.98028564453125

[g11 seed=42] DONE in 450s. Phase stats:
  phase 0 goal=[30, 30] meanD=4.23 finalQ=0.69 actions=[58, 196, 29, 167]
  phase 1 goal=[1, 30] meanD=1.51 finalQ=0.50 actions=[2, 208, 2, 238]
  phase 2 goal=[1, 1] meanD=1.48 finalQ=0.55 actions=[68, 143, 97, 142]
  phase 3 goal=[30, 1] meanD=1.56 finalQ=0.59 actions=[31, 209, 30, 180]
[sc-pv] arm=host: phase0_finalQ=0.690 post_change_finalQ=['0.504', '0.549', '0.593'] (sum 1.646) gate=2.336283185840708 late_sustain=1.000
[sc-pv] arm=host per-phase dominant cardinal: ['E', 'W', 'E', 'E']
[sc-pv] arm=host per-phase action frac: [{'N': 0.129, 'E': 0.436, 'S': 0.064, 'W': 0.371}, {'N': 0.004, 'E': 0.462, 'S': 0.004, 'W': 0.529}, {'N': 0.151, 'E': 0.318, 'S': 0.216, 'W': 0.316}, {'N': 0.069, 'E': 0.464, 'S': 0.067, 'W': 0.4}]
[sc-pv] arm=sc_popvector seed=42 grid=32 n_steps=1800 warmup=600 scw=18.0 sigma=1.0 gain=1.0 with_conv=False
[g11] WARN: --spiking-reward-us WITHOUT --perceived-approach-reward -> the US rides on the COORD-based reward (not coord-free). Add --perceived-approach-reward for the fully-biologized (coord-free) reward chain.
[g11 seed=42] Spiking-SNc Stage A: dopamine modulator = from_region_firing_signed over ['snc'] (tonic=220.0pA, k_r=400.0, k_v=400.0); RPE is the SNc FIRING. V = host reward_ema (Stage-A scaffold).
[2026-06-20 04:16:45][INFO] SIM_BRIDGE: CuPy using GPU: NVIDIA GeForce RTX 3090 (24.0 GB), mempool limit: 80%
[2026-06-20 04:16:45][INFO] SIM_BRIDGE: Initializing simulation data for model: IZHIKEVICH (3D)... (playback_init: False)
[2026-06-20 04:16:45][INFO] SIM_BRIDGE: Brain-region framework: 67 regions, 7702 total neurons, 146 pathways.
[2026-06-20 04:16:45][INFO] SIM_BRIDGE: RNG initialized with seed: 42
[2026-06-20 04:16:45][INFO] SIM_BRIDGE: NMDA per-region mask: 12 regions enabled (300 neurons)
[2026-06-20 04:16:45][INFO] SIM_BRIDGE: Input-divisive-norm per-region mask: 4 regions enabled (100 neurons)
[2026-06-20 04:16:45][INFO] SIM_BRIDGE: Initializing Izhikevich model specifics for 7702 neurons...
[2026-06-20 04:16:45][INFO] SIM_BRIDGE: Region 'cortex_N' (25 neurons): using Izh type IZH2007_RS_CORTICAL_PYRAMIDAL
[2026-06-20 04:16:45][INFO] SIM_BRIDGE: Region 'cortex_E' (25 neurons): using Izh type IZH2007_RS_CORTICAL_PYRAMIDAL
[2026-06-20 04:16:45][INFO] SIM_BRIDGE: Region 'cortex_S' (25 neurons): using Izh type IZH2007_RS_CORTICAL_PYRAMIDAL
[2026-06-20 04:16:45][INFO] SIM_BRIDGE: Region 'cortex_W' (25 neurons): using Izh type IZH2007_RS_CORTICAL_PYRAMIDAL
[2026-06-20 04:16:45][INFO] SIM_BRIDGE: Region 'str_D1_N' (50 neurons): using Izh type IZH2007_STRIATAL_MSN_D1
[2026-06-20 04:16:45][INFO] SIM_BRIDGE: Region 'str_D2_N' (50 neurons): using Izh type IZH2007_STRIATAL_MSN_D2
[2026-06-20 04:16:45][INFO] SIM_BRIDGE: Region 'str_D1_E' (50 neurons): using Izh type IZH2007_STRIATAL_MSN_D1
[2026-06-20 04:16:45][INFO] SIM_BRIDGE: Region 'str_D2_E' (50 neurons): using Izh type IZH2007_STRIATAL_MSN_D2
[2026-06-20 04:16:45][INFO] SIM_BRIDGE: Region 'str_D1_S' (50 neurons): using Izh type IZH2007_STRIATAL_MSN_D1
[2026-06-20 04:16:45][INFO] SIM_BRIDGE: Region 'str_D2_S' (50 neurons): using Izh type IZH2007_STRIATAL_MSN_D2
[2026-06-20 04:16:45][INFO] SIM_BRIDGE: Region 'str_D1_W' (50 neurons): using Izh type IZH2007_STRIATAL_MSN_D1
[2026-06-20 04:16:45][INFO] SIM_BRIDGE: Region 'str_D2_W' (50 neurons): using Izh type IZH2007_STRIATAL_MSN_D2
[2026-06-20 04:16:45][INFO] SIM_BRIDGE: Region 'str_PV_FSI_N' (5 neurons): using Izh type IZH2007_FS_CORTICAL_INTERNEURON
[2026-06-20 04:16:45][INFO] SIM_BRIDGE: Region 'str_PV_FSI_E' (5 neurons): using Izh type IZH2007_FS_CORTICAL_INTERNEURON
[2026-06-20 04:16:45][INFO] SIM_BRIDGE: Region 'str_PV_FSI_S' (5 neurons): using Izh type IZH2007_FS_CORTICAL_INTERNEURON
[2026-06-20 04:16:45][INFO] SIM_BRIDGE: Region 'str_PV_FSI_W' (5 neurons): using Izh type IZH2007_FS_CORTICAL_INTERNEURON
[2026-06-20 04:16:45][INFO] SIM_BRIDGE: Region 'gpe_N' (10 neurons): using Izh type IZH2007_GPE_PACEMAKER
[2026-06-20 04:16:45][INFO] SIM_BRIDGE: Region 'gpe_arky_N' (4 neurons): using Izh type IZH2007_GPE_PACEMAKER
[2026-06-20 04:16:45][INFO] SIM_BRIDGE: Region 'gpi_N' (10 neurons): using Izh type IZH2007_GPI_OUTPUT
[2026-06-20 04:16:45][INFO] SIM_BRIDGE: Region 'str_striosome_N' (8 neurons): using Izh type IZH2007_STRIATAL_MSN_D1
[2026-06-20 04:16:45][INFO] SIM_BRIDGE: Region 'gpe_E' (10 neurons): using Izh type IZH2007_GPE_PACEMAKER
[2026-06-20 04:16:45][INFO] SIM_BRIDGE: Region 'gpe_arky_E' (4 neurons): using Izh type IZH2007_GPE_PACEMAKER
[2026-06-20 04:16:45][INFO] SIM_BRIDGE: Region 'gpi_E' (10 neurons): using Izh type IZH2007_GPI_OUTPUT
[2026-06-20 04:16:45][INFO] SIM_BRIDGE: Region 'str_striosome_E' (8 neurons): using Izh type IZH2007_STRIATAL_MSN_D1
[2026-06-20 04:16:45][INFO] SIM_BRIDGE: Region 'gpe_S' (10 neurons): using Izh type IZH2007_GPE_PACEMAKER
[2026-06-20 04:16:45][INFO] SIM_BRIDGE: Region 'gpe_arky_S' (4 neurons): using Izh type IZH2007_GPE_PACEMAKER
[2026-06-20 04:16:45][INFO] SIM_BRIDGE: Region 'gpi_S' (10 neurons): using Izh type IZH2007_GPI_OUTPUT
[2026-06-20 04:16:45][INFO] SIM_BRIDGE: Region 'str_striosome_S' (8 neurons): using Izh type IZH2007_STRIATAL_MSN_D1
[2026-06-20 04:16:45][INFO] SIM_BRIDGE: Region 'gpe_W' (10 neurons): using Izh type IZH2007_GPE_PACEMAKER
[2026-06-20 04:16:45][INFO] SIM_BRIDGE: Region 'gpe_arky_W' (4 neurons): using Izh type IZH2007_GPE_PACEMAKER
[2026-06-20 04:16:45][INFO] SIM_BRIDGE: Region 'gpi_W' (10 neurons): using Izh type IZH2007_GPI_OUTPUT
[2026-06-20 04:16:45][INFO] SIM_BRIDGE: Region 'str_striosome_W' (8 neurons): using Izh type IZH2007_STRIATAL_MSN_D1
[2026-06-20 04:16:45][INFO] SIM_BRIDGE: Region 'stn' (20 neurons): using Izh type IZH2007_STN_BURST
[2026-06-20 04:16:45][INFO] SIM_BRIDGE: Region 'thal_N' (10 neurons): using Izh type IZH2007_THALAMIC_RELAY
[2026-06-20 04:16:45][INFO] SIM_BRIDGE: Region 'motor_N' (10 neurons): using Izh type IZH2007_RS_CORTICAL_PYRAMIDAL
[2026-06-20 04:16:45][INFO] SIM_BRIDGE: Region 'thal_E' (10 neurons): using Izh type IZH2007_THALAMIC_RELAY
[2026-06-20 04:16:45][INFO] SIM_BRIDGE: Region 'motor_E' (10 neurons): using Izh type IZH2007_RS_CORTICAL_PYRAMIDAL
[2026-06-20 04:16:45][INFO] SIM_BRIDGE: Region 'thal_S' (10 neurons): using Izh type IZH2007_THALAMIC_RELAY
[2026-06-20 04:16:45][INFO] SIM_BRIDGE: Region 'motor_S' (10 neurons): using Izh type IZH2007_RS_CORTICAL_PYRAMIDAL
[2026-06-20 04:16:45][INFO] SIM_BRIDGE: Region 'thal_W' (10 neurons): using Izh type IZH2007_THALAMIC_RELAY
[2026-06-20 04:16:45][INFO] SIM_BRIDGE: Region 'motor_W' (10 neurons): using Izh type IZH2007_RS_CORTICAL_PYRAMIDAL
[2026-06-20 04:16:45][INFO] SIM_BRIDGE: Region 'snc' (10 neurons): using Izh type IZH2007_DOPAMINE
[2026-06-20 04:16:45][INFO] SIM_BRIDGE: Region 'reward_us' (40 neurons): using Izh type IZH2007_RS_CORTICAL_PYRAMIDAL
[2026-06-20 04:16:45][INFO] SIM_BRIDGE: Region 'vs_place_context' (200 neurons): using Izh type IZH2007_RS_CORTICAL_PYRAMIDAL
[2026-06-20 04:16:45][INFO] SIM_BRIDGE: Region 'striosome_value' (80 neurons): using Izh type IZH2007_STRIATAL_MSN_D1
[2026-06-20 04:16:45][INFO] SIM_BRIDGE: Region 'sel_N' (40 neurons): using Izh type IZH2007_RS_CORTICAL_PYRAMIDAL
[2026-06-20 04:16:45][INFO] SIM_BRIDGE: Region 'sel_FS_N' (10 neurons): using Izh type IZH2007_FS_CORTICAL_INTERNEURON
[2026-06-20 04:16:45][INFO] SIM_BRIDGE: Region 'commit_N' (40 neurons): using Izh type IZH2007_RS_CORTICAL_PYRAMIDAL
[2026-06-20 04:16:45][INFO] SIM_BRIDGE: Region 'sel_E' (40 neurons): using Izh type IZH2007_RS_CORTICAL_PYRAMIDAL
[2026-06-20 04:16:45][INFO] SIM_BRIDGE: Region 'sel_FS_E' (10 neurons): using Izh type IZH2007_FS_CORTICAL_INTERNEURON
[2026-06-20 04:16:45][INFO] SIM_BRIDGE: Region 'commit_E' (40 neurons): using Izh type IZH2007_RS_CORTICAL_PYRAMIDAL
[2026-06-20 04:16:45][INFO] SIM_BRIDGE: Region 'sel_S' (40 neurons): using Izh type IZH2007_RS_CORTICAL_PYRAMIDAL
[2026-06-20 04:16:45][INFO] SIM_BRIDGE: Region 'sel_FS_S' (10 neurons): using Izh type IZH2007_FS_CORTICAL_INTERNEURON
[2026-06-20 04:16:45][INFO] SIM_BRIDGE: Region 'commit_S' (40 neurons): using Izh type IZH2007_RS_CORTICAL_PYRAMIDAL
[2026-06-20 04:16:45][INFO] SIM_BRIDGE: Region 'sel_W' (40 neurons): using Izh type IZH2007_RS_CORTICAL_PYRAMIDAL
[2026-06-20 04:16:45][INFO] SIM_BRIDGE: Region 'sel_FS_W' (10 neurons): using Izh type IZH2007_FS_CORTICAL_INTERNEURON
[2026-06-20 04:16:45][INFO] SIM_BRIDGE: Region 'commit_W' (40 neurons): using Izh type IZH2007_RS_CORTICAL_PYRAMIDAL
[2026-06-20 04:16:45][INFO] SIM_BRIDGE: Region 'commit_OPN' (20 neurons): using Izh type IZH2007_FS_CORTICAL_INTERNEURON
[2026-06-20 04:16:45][INFO] SIM_BRIDGE: Region 'retina' (2048 neurons): using Izh type IZH2007_RS_CORTICAL_PYRAMIDAL
[2026-06-20 04:16:45][INFO] SIM_BRIDGE: Region 'cortex_v1_simple' (1024 neurons): using Izh type IZH2007_RS_CORTICAL_PYRAMIDAL
[2026-06-20 04:16:45][INFO] SIM_BRIDGE: Region 'cortex_v1_complex' (512 neurons): using Izh type IZH2007_RS_CORTICAL_PYRAMIDAL
[2026-06-20 04:16:45][INFO] SIM_BRIDGE: Region 'cortex_v2' (256 neurons): using Izh type IZH2007_RS_CORTICAL_PYRAMIDAL
[2026-06-20 04:16:45][INFO] SIM_BRIDGE: Region 'cortex_it' (64 neurons): using Izh type IZH2007_RS_CORTICAL_PYRAMIDAL
[2026-06-20 04:16:45][INFO] SIM_BRIDGE: Region 'sc_retina' (2048 neurons): using Izh type IZH2007_RS_CORTICAL_PYRAMIDAL
[2026-06-20 04:16:45][INFO] SIM_BRIDGE: Region 'sc_map' (256 neurons): using Izh type IZH2007_RS_CORTICAL_PYRAMIDAL
[2026-06-20 04:16:45][INFO] SIM_BRIDGE: Region 'sc_fs' (12 neurons): using Izh type IZH2007_FS_CORTICAL_INTERNEURON
[2026-06-20 04:16:45][INFO] SIM_BRIDGE: Region 'sc_rostral' (24 neurons): using Izh type IZH2007_RS_CORTICAL_PYRAMIDAL
[2026-06-20 04:16:45][INFO] SIM_BRIDGE: Generating 3D neuron positions for 7702 neurons...
[2026-06-20 04:16:45][INFO] SIM_BRIDGE: Generating connections (brain-region framework)...
[2026-06-20 04:16:46][INFO] SIM_BRIDGE: inject_explicit_wiring: installed 180890 synapses across 156 populations.
[2026-06-20 04:16:46][INFO] SIM_BRIDGE: Initializing eligibility traces for 180890 synapses (capacity: 271335, dtype: float32)...
[2026-06-20 04:16:46][INFO] SIM_BRIDGE: Initialized neuromodulator subsystem with 1 modulators: ['dopamine']
[2026-06-20 04:16:46][INFO] SIM_BRIDGE: Initializing STDP state for 7702 neurons...
[2026-06-20 04:16:46][INFO] SIM_BRIDGE: Simulation data initialized for 7702 neurons (3D). Synapses: 180890. GPU memory: 1.4GB/25.8GB (5.4%)
[g11 seed=42] Cluster K v2: applied 70592 Gabor weights to retina -> cortex_v1_simple
[g11 seed=42] Cluster K v2: visual_cortex_action gate frozen until warmup
[g11] spiking SC: installed 21828 synapses (retina->sc_map 16x16 + recurrent + sc_map->cortex_NESW + sc_map->sc_rostral (N5))
[g11 seed=42] #6 SC read-out: POPULATION-VECTOR (cosine) + cortex_X divisive-norm (sigma=1.0, gain=1.0)
[g11 seed=42] N5 reward: boosted sc_rostral->reward_us to 40.0 (960 synapses)
[g11 seed=42] Spiking-SNc Stage B: NEURAL value critic ON (striosome_value n=80, vs_place_context->value w0=0.20115986466407776); r-V subtracted via GABA_B/GIRK (E_K=-90mV, prop=0.02); critic->SNc gate = OPEN (continuous, Stage 1). Host _V_scaffold DROPPED.
[g11 seed=42] BG circuit: 67 regions, 7702 neurons, 270188 synapses
[g11 seed=42] step 100/1800  pos=(1,29)  goal=(30,30)  recent_dist=37.87  action=W  reward=-1.00  actions= 49N/ 17E/ 12S/ 22W
[PROGRESS] {"kind": "step", "current": 100, "total": 1800, "phase": "seed=42", "unit": "steps", "pos": [1, 29], "goal": [30, 30], "recent_dist": 37.87, "action": "W", "reward": -1.0}
[g11 seed=42] step 200/1800  pos=(8,31)  goal=(30,30)  recent_dist=26.37  action=N  reward=+0.00  actions= 48N/ 20E/ 14S/ 18W
[PROGRESS] {"kind": "step", "current": 200, "total": 1800, "phase": "seed=42", "unit": "steps", "pos": [8, 31], "goal": [30, 30], "recent_dist": 26.37, "action": "N", "reward": 0.0}
[g11 seed=42] step 300/1800  pos=(30,30)  goal=(30,30)  recent_dist=11.73  action=N  reward=+1.00  actions= 39N/ 31E/ 21S/  9W
[PROGRESS] {"kind": "step", "current": 300, "total": 1800, "phase": "seed=42", "unit": "steps", "pos": [30, 30], "goal": [30, 30], "recent_dist": 11.73, "action": "N", "reward": 1.0}
[g11 seed=42] step 400/1800  pos=(30,31)  goal=(30,30)  recent_dist=0.63  action=N  reward=+0.00  actions= 61N/  0E/ 39S/  0W
[PROGRESS] {"kind": "step", "current": 400, "total": 1800, "phase": "seed=42", "unit": "steps", "pos": [30, 31], "goal": [30, 30], "recent_dist": 0.63, "action": "N", "reward": 0.0}
[g11 seed=42] step 450: GOAL CHANGED to (1, 30)
[g11 seed=42] step 500/1800  pos=(31,29)  goal=(1,30)  recent_dist=13.80  action=E  reward=-1.00  actions= 39N/ 24E/ 18S/ 19W
[PROGRESS] {"kind": "step", "current": 500, "total": 1800, "phase": "seed=42", "unit": "steps", "pos": [31, 29], "goal": [1, 30], "recent_dist": 13.8, "action": "E", "reward": -1.0}
[g11 seed=42] step 600/1800  pos=(29,31)  goal=(1,30)  recent_dist=29.48  action=N  reward=+0.00  actions= 44N/ 24E/ 14S/ 18W
[PROGRESS] {"kind": "step", "current": 600, "total": 1800, "phase": "seed=42", "unit": "steps", "pos": [29, 31], "goal": [1, 30], "recent_dist": 29.48, "action": "N", "reward": 0.0}
[g11 seed=42] step 600: Cluster K v2 visual_cortex_action gate OPENED (warmup=600)
[g11 seed=42] step 700/1800  pos=(31,31)  goal=(1,30)  recent_dist=29.41  action=N  reward=+0.00  actions= 43N/ 27E/ 18S/ 12W
[PROGRESS] {"kind": "step", "current": 700, "total": 1800, "phase": "seed=42", "unit": "steps", "pos": [31, 31], "goal": [1, 30], "recent_dist": 29.41, "action": "N", "reward": 0.0}
[g11 seed=42] step 800/1800  pos=(24,31)  goal=(1,30)  recent_dist=27.77  action=N  reward=-1.00  actions= 48N/ 18E/ 15S/ 19W
[PROGRESS] {"kind": "step", "current": 800, "total": 1800, "phase": "seed=42", "unit": "steps", "pos": [24, 31], "goal": [1, 30], "recent_dist": 27.77, "action": "N", "reward": -1.0}
[g11 seed=42] step 900/1800  pos=(27,31)  goal=(1,30)  recent_dist=24.18  action=N  reward=+0.00  actions= 51N/ 20E/ 12S/ 17W
[PROGRESS] {"kind": "step", "current": 900, "total": 1800, "phase": "seed=42", "unit": "steps", "pos": [27, 31], "goal": [1, 30], "recent_dist": 24.18, "action": "N", "reward": 0.0}
[g11 seed=42] step 900: GOAL CHANGED to (1, 1)
[g11 seed=42] step 1000/1800  pos=(16,31)  goal=(1,1)  recent_dist=51.78  action=N  reward=+0.00  actions= 50N/ 15E/  9S/ 26W
[PROGRESS] {"kind": "step", "current": 1000, "total": 1800, "phase": "seed=42", "unit": "steps", "pos": [16, 31], "goal": [1, 1], "recent_dist": 51.78, "action": "N", "reward": 0.0}
[g11 seed=42] step 1100/1800  pos=(10,30)  goal=(1,1)  recent_dist=42.25  action=E  reward=-1.00  actions= 56N/ 13E/ 12S/ 19W
[PROGRESS] {"kind": "step", "current": 1100, "total": 1800, "phase": "seed=42", "unit": "steps", "pos": [10, 30], "goal": [1, 1], "recent_dist": 42.25, "action": "E", "reward": -1.0}
[g11 seed=42] step 1200/1800  pos=(15,31)  goal=(1,1)  recent_dist=40.99  action=N  reward=+0.00  actions= 49N/ 21E/ 14S/ 16W
[PROGRESS] {"kind": "step", "current": 1200, "total": 1800, "phase": "seed=42", "unit": "steps", "pos": [15, 31], "goal": [1, 1], "recent_dist": 40.99, "action": "N", "reward": 0.0}
[g11 seed=42] step 1300/1800  pos=(26,31)  goal=(1,1)  recent_dist=49.95  action=E  reward=-1.00  actions= 52N/ 24E/ 11S/ 13W
[PROGRESS] {"kind": "step", "current": 1300, "total": 1800, "phase": "seed=42", "unit": "steps", "pos": [26, 31], "goal": [1, 1], "recent_dist": 49.95, "action": "E", "reward": -1.0}
[g11 seed=42] step 1350: GOAL CHANGED to (30, 1)
[g11 seed=42] step 1400/1800  pos=(26,31)  goal=(30,1)  recent_dist=43.81  action=N  reward=-1.00  actions= 47N/ 17E/ 19S/ 17W
[PROGRESS] {"kind": "step", "current": 1400, "total": 1800, "phase": "seed=42", "unit": "steps", "pos": [26, 31], "goal": [30, 1], "recent_dist": 43.81, "action": "N", "reward": -1.0}
[g11 seed=42] step 1500/1800  pos=(29,31)  goal=(30,1)  recent_dist=33.17  action=W  reward=-1.00  actions= 42N/ 26E/ 11S/ 21W
[PROGRESS] {"kind": "step", "current": 1500, "total": 1800, "phase": "seed=42", "unit": "steps", "pos": [29, 31], "goal": [30, 1], "recent_dist": 33.17, "action": "W", "reward": -1.0}
[g11 seed=42] step 1600/1800  pos=(28,31)  goal=(30,1)  recent_dist=33.56  action=W  reward=-1.00  actions= 44N/ 20E/ 15S/ 21W
[PROGRESS] {"kind": "step", "current": 1600, "total": 1800, "phase": "seed=42", "unit": "steps", "pos": [28, 31], "goal": [30, 1], "recent_dist": 33.56, "action": "W", "reward": -1.0}
[g11 seed=42] step 1700/1800  pos=(23,31)  goal=(30,1)  recent_dist=31.60  action=N  reward=+0.00  actions= 38N/ 27E/ 11S/ 24W
[PROGRESS] {"kind": "step", "current": 1700, "total": 1800, "phase": "seed=42", "unit": "steps", "pos": [23, 31], "goal": [30, 1], "recent_dist": 31.6, "action": "N", "reward": 0.0}
[g11 seed=42] step 1800/1800  pos=(29,31)  goal=(30,1)  recent_dist=31.57  action=W  reward=-1.00  actions= 54N/ 23E/ 12S/ 11W
[PROGRESS] {"kind": "step", "current": 1800, "total": 1800, "phase": "seed=42", "unit": "steps", "pos": [29, 31], "goal": [30, 1], "recent_dist": 31.57, "action": "W", "reward": -1.0}
[g11 seed=42] NAV-GATE(a) stdp_w_max=400.0  sum_finalQ=109.4336  mean_distance_overall=31.1067  actor_max_cortex_to_D1_weight=206.3763885498047

[g11 seed=42] DONE in 722s. Phase stats:
  phase 0 goal=[30, 30] meanD=17.13 finalQ=0.80 actions=[210, 82, 98, 60]
  phase 1 goal=[1, 30] meanD=27.59 finalQ=24.19 actions=[212, 99, 65, 74]
  phase 2 goal=[1, 1] meanD=47.04 finalQ=52.42 actions=[228, 81, 55, 86]
  phase 3 goal=[30, 1] meanD=32.66 finalQ=32.03 actions=[204, 105, 59, 82]
[sc-pv] arm=sc_popvector: phase0_finalQ=0.796 post_change_finalQ=['24.186', '52.425', '32.027'] (sum 108.637) gate=109.43362831858406 late_sustain=0.418
[sc-pv] arm=sc_popvector per-phase dominant cardinal: ['N', 'N', 'N', 'N']
[sc-pv] arm=sc_popvector per-phase action frac: [{'N': 0.467, 'E': 0.182, 'S': 0.218, 'W': 0.133}, {'N': 0.471, 'E': 0.22, 'S': 0.144, 'W': 0.164}, {'N': 0.507, 'E': 0.18, 'S': 0.122, 'W': 0.191}, {'N': 0.453, 'E': 0.233, 'S': 0.131, 'W': 0.182}]
[sc-pv] arm=sc_popvector_scr seed=42 grid=32 n_steps=1800 warmup=600 scw=18.0 sigma=1.0 gain=1.0 with_conv=False
[g11] WARN: --spiking-reward-us WITHOUT --perceived-approach-reward -> the US rides on the COORD-based reward (not coord-free). Add --perceived-approach-reward for the fully-biologized (coord-free) reward chain.
[g11 seed=42] Spiking-SNc Stage A: dopamine modulator = from_region_firing_signed over ['snc'] (tonic=220.0pA, k_r=400.0, k_v=400.0); RPE is the SNc FIRING. V = host reward_ema (Stage-A scaffold).
[2026-06-20 04:28:49][INFO] SIM_BRIDGE: CuPy using GPU: NVIDIA GeForce RTX 3090 (24.0 GB), mempool limit: 80%
[2026-06-20 04:28:49][INFO] SIM_BRIDGE: Initializing simulation data for model: IZHIKEVICH (3D)... (playback_init: False)
[2026-06-20 04:28:49][INFO] SIM_BRIDGE: Brain-region framework: 67 regions, 7702 total neurons, 146 pathways.
[2026-06-20 04:28:49][INFO] SIM_BRIDGE: RNG initialized with seed: 42
[2026-06-20 04:28:49][INFO] SIM_BRIDGE: NMDA per-region mask: 12 regions enabled (300 neurons)
[2026-06-20 04:28:49][INFO] SIM_BRIDGE: Input-divisive-norm per-region mask: 4 regions enabled (100 neurons)
[2026-06-20 04:28:49][INFO] SIM_BRIDGE: Initializing Izhikevich model specifics for 7702 neurons...
[2026-06-20 04:28:49][INFO] SIM_BRIDGE: Region 'cortex_N' (25 neurons): using Izh type IZH2007_RS_CORTICAL_PYRAMIDAL
[2026-06-20 04:28:49][INFO] SIM_BRIDGE: Region 'cortex_E' (25 neurons): using Izh type IZH2007_RS_CORTICAL_PYRAMIDAL
[2026-06-20 04:28:49][INFO] SIM_BRIDGE: Region 'cortex_S' (25 neurons): using Izh type IZH2007_RS_CORTICAL_PYRAMIDAL
[2026-06-20 04:28:49][INFO] SIM_BRIDGE: Region 'cortex_W' (25 neurons): using Izh type IZH2007_RS_CORTICAL_PYRAMIDAL
[2026-06-20 04:28:49][INFO] SIM_BRIDGE: Region 'str_D1_N' (50 neurons): using Izh type IZH2007_STRIATAL_MSN_D1
[2026-06-20 04:28:49][INFO] SIM_BRIDGE: Region 'str_D2_N' (50 neurons): using Izh type IZH2007_STRIATAL_MSN_D2
[2026-06-20 04:28:49][INFO] SIM_BRIDGE: Region 'str_D1_E' (50 neurons): using Izh type IZH2007_STRIATAL_MSN_D1
[2026-06-20 04:28:49][INFO] SIM_BRIDGE: Region 'str_D2_E' (50 neurons): using Izh type IZH2007_STRIATAL_MSN_D2
[2026-06-20 04:28:49][INFO] SIM_BRIDGE: Region 'str_D1_S' (50 neurons): using Izh type IZH2007_STRIATAL_MSN_D1
[2026-06-20 04:28:49][INFO] SIM_BRIDGE: Region 'str_D2_S' (50 neurons): using Izh type IZH2007_STRIATAL_MSN_D2
[2026-06-20 04:28:49][INFO] SIM_BRIDGE: Region 'str_D1_W' (50 neurons): using Izh type IZH2007_STRIATAL_MSN_D1
[2026-06-20 04:28:49][INFO] SIM_BRIDGE: Region 'str_D2_W' (50 neurons): using Izh type IZH2007_STRIATAL_MSN_D2
[2026-06-20 04:28:49][INFO] SIM_BRIDGE: Region 'str_PV_FSI_N' (5 neurons): using Izh type IZH2007_FS_CORTICAL_INTERNEURON
[2026-06-20 04:28:49][INFO] SIM_BRIDGE: Region 'str_PV_FSI_E' (5 neurons): using Izh type IZH2007_FS_CORTICAL_INTERNEURON
[2026-06-20 04:28:49][INFO] SIM_BRIDGE: Region 'str_PV_FSI_S' (5 neurons): using Izh type IZH2007_FS_CORTICAL_INTERNEURON
[2026-06-20 04:28:49][INFO] SIM_BRIDGE: Region 'str_PV_FSI_W' (5 neurons): using Izh type IZH2007_FS_CORTICAL_INTERNEURON
[2026-06-20 04:28:49][INFO] SIM_BRIDGE: Region 'gpe_N' (10 neurons): using Izh type IZH2007_GPE_PACEMAKER
[2026-06-20 04:28:49][INFO] SIM_BRIDGE: Region 'gpe_arky_N' (4 neurons): using Izh type IZH2007_GPE_PACEMAKER
[2026-06-20 04:28:49][INFO] SIM_BRIDGE: Region 'gpi_N' (10 neurons): using Izh type IZH2007_GPI_OUTPUT
[2026-06-20 04:28:49][INFO] SIM_BRIDGE: Region 'str_striosome_N' (8 neurons): using Izh type IZH2007_STRIATAL_MSN_D1
[2026-06-20 04:28:49][INFO] SIM_BRIDGE: Region 'gpe_E' (10 neurons): using Izh type IZH2007_GPE_PACEMAKER
[2026-06-20 04:28:49][INFO] SIM_BRIDGE: Region 'gpe_arky_E' (4 neurons): using Izh type IZH2007_GPE_PACEMAKER
[2026-06-20 04:28:49][INFO] SIM_BRIDGE: Region 'gpi_E' (10 neurons): using Izh type IZH2007_GPI_OUTPUT
[2026-06-20 04:28:49][INFO] SIM_BRIDGE: Region 'str_striosome_E' (8 neurons): using Izh type IZH2007_STRIATAL_MSN_D1
[2026-06-20 04:28:49][INFO] SIM_BRIDGE: Region 'gpe_S' (10 neurons): using Izh type IZH2007_GPE_PACEMAKER
[2026-06-20 04:28:49][INFO] SIM_BRIDGE: Region 'gpe_arky_S' (4 neurons): using Izh type IZH2007_GPE_PACEMAKER
[2026-06-20 04:28:49][INFO] SIM_BRIDGE: Region 'gpi_S' (10 neurons): using Izh type IZH2007_GPI_OUTPUT
[2026-06-20 04:28:49][INFO] SIM_BRIDGE: Region 'str_striosome_S' (8 neurons): using Izh type IZH2007_STRIATAL_MSN_D1
[2026-06-20 04:28:49][INFO] SIM_BRIDGE: Region 'gpe_W' (10 neurons): using Izh type IZH2007_GPE_PACEMAKER
[2026-06-20 04:28:49][INFO] SIM_BRIDGE: Region 'gpe_arky_W' (4 neurons): using Izh type IZH2007_GPE_PACEMAKER
[2026-06-20 04:28:49][INFO] SIM_BRIDGE: Region 'gpi_W' (10 neurons): using Izh type IZH2007_GPI_OUTPUT
[2026-06-20 04:28:49][INFO] SIM_BRIDGE: Region 'str_striosome_W' (8 neurons): using Izh type IZH2007_STRIATAL_MSN_D1
[2026-06-20 04:28:49][INFO] SIM_BRIDGE: Region 'stn' (20 neurons): using Izh type IZH2007_STN_BURST
[2026-06-20 04:28:49][INFO] SIM_BRIDGE: Region 'thal_N' (10 neurons): using Izh type IZH2007_THALAMIC_RELAY
[2026-06-20 04:28:49][INFO] SIM_BRIDGE: Region 'motor_N' (10 neurons): using Izh type IZH2007_RS_CORTICAL_PYRAMIDAL
[2026-06-20 04:28:49][INFO] SIM_BRIDGE: Region 'thal_E' (10 neurons): using Izh type IZH2007_THALAMIC_RELAY
[2026-06-20 04:28:49][INFO] SIM_BRIDGE: Region 'motor_E' (10 neurons): using Izh type IZH2007_RS_CORTICAL_PYRAMIDAL
[2026-06-20 04:28:49][INFO] SIM_BRIDGE: Region 'thal_S' (10 neurons): using Izh type IZH2007_THALAMIC_RELAY
[2026-06-20 04:28:49][INFO] SIM_BRIDGE: Region 'motor_S' (10 neurons): using Izh type IZH2007_RS_CORTICAL_PYRAMIDAL
[2026-06-20 04:28:49][INFO] SIM_BRIDGE: Region 'thal_W' (10 neurons): using Izh type IZH2007_THALAMIC_RELAY
[2026-06-20 04:28:49][INFO] SIM_BRIDGE: Region 'motor_W' (10 neurons): using Izh type IZH2007_RS_CORTICAL_PYRAMIDAL
[2026-06-20 04:28:49][INFO] SIM_BRIDGE: Region 'snc' (10 neurons): using Izh type IZH2007_DOPAMINE
[2026-06-20 04:28:49][INFO] SIM_BRIDGE: Region 'reward_us' (40 neurons): using Izh type IZH2007_RS_CORTICAL_PYRAMIDAL
[2026-06-20 04:28:49][INFO] SIM_BRIDGE: Region 'vs_place_context' (200 neurons): using Izh type IZH2007_RS_CORTICAL_PYRAMIDAL
[2026-06-20 04:28:49][INFO] SIM_BRIDGE: Region 'striosome_value' (80 neurons): using Izh type IZH2007_STRIATAL_MSN_D1
[2026-06-20 04:28:49][INFO] SIM_BRIDGE: Region 'sel_N' (40 neurons): using Izh type IZH2007_RS_CORTICAL_PYRAMIDAL
[2026-06-20 04:28:49][INFO] SIM_BRIDGE: Region 'sel_FS_N' (10 neurons): using Izh type IZH2007_FS_CORTICAL_INTERNEURON
[2026-06-20 04:28:49][INFO] SIM_BRIDGE: Region 'commit_N' (40 neurons): using Izh type IZH2007_RS_CORTICAL_PYRAMIDAL
[2026-06-20 04:28:49][INFO] SIM_BRIDGE: Region 'sel_E' (40 neurons): using Izh type IZH2007_RS_CORTICAL_PYRAMIDAL
[2026-06-20 04:28:49][INFO] SIM_BRIDGE: Region 'sel_FS_E' (10 neurons): using Izh type IZH2007_FS_CORTICAL_INTERNEURON
[2026-06-20 04:28:49][INFO] SIM_BRIDGE: Region 'commit_E' (40 neurons): using Izh type IZH2007_RS_CORTICAL_PYRAMIDAL
[2026-06-20 04:28:49][INFO] SIM_BRIDGE: Region 'sel_S' (40 neurons): using Izh type IZH2007_RS_CORTICAL_PYRAMIDAL
[2026-06-20 04:28:49][INFO] SIM_BRIDGE: Region 'sel_FS_S' (10 neurons): using Izh type IZH2007_FS_CORTICAL_INTERNEURON
[2026-06-20 04:28:49][INFO] SIM_BRIDGE: Region 'commit_S' (40 neurons): using Izh type IZH2007_RS_CORTICAL_PYRAMIDAL
[2026-06-20 04:28:49][INFO] SIM_BRIDGE: Region 'sel_W' (40 neurons): using Izh type IZH2007_RS_CORTICAL_PYRAMIDAL
[2026-06-20 04:28:49][INFO] SIM_BRIDGE: Region 'sel_FS_W' (10 neurons): using Izh type IZH2007_FS_CORTICAL_INTERNEURON
[2026-06-20 04:28:49][INFO] SIM_BRIDGE: Region 'commit_W' (40 neurons): using Izh type IZH2007_RS_CORTICAL_PYRAMIDAL
[2026-06-20 04:28:49][INFO] SIM_BRIDGE: Region 'commit_OPN' (20 neurons): using Izh type IZH2007_FS_CORTICAL_INTERNEURON
[2026-06-20 04:28:49][INFO] SIM_BRIDGE: Region 'retina' (2048 neurons): using Izh type IZH2007_RS_CORTICAL_PYRAMIDAL
[2026-06-20 04:28:49][INFO] SIM_BRIDGE: Region 'cortex_v1_simple' (1024 neurons): using Izh type IZH2007_RS_CORTICAL_PYRAMIDAL
[2026-06-20 04:28:49][INFO] SIM_BRIDGE: Region 'cortex_v1_complex' (512 neurons): using Izh type IZH2007_RS_CORTICAL_PYRAMIDAL
[2026-06-20 04:28:49][INFO] SIM_BRIDGE: Region 'cortex_v2' (256 neurons): using Izh type IZH2007_RS_CORTICAL_PYRAMIDAL
[2026-06-20 04:28:49][INFO] SIM_BRIDGE: Region 'cortex_it' (64 neurons): using Izh type IZH2007_RS_CORTICAL_PYRAMIDAL
[2026-06-20 04:28:49][INFO] SIM_BRIDGE: Region 'sc_retina' (2048 neurons): using Izh type IZH2007_RS_CORTICAL_PYRAMIDAL
[2026-06-20 04:28:49][INFO] SIM_BRIDGE: Region 'sc_map' (256 neurons): using Izh type IZH2007_RS_CORTICAL_PYRAMIDAL
[2026-06-20 04:28:49][INFO] SIM_BRIDGE: Region 'sc_fs' (12 neurons): using Izh type IZH2007_FS_CORTICAL_INTERNEURON
[2026-06-20 04:28:49][INFO] SIM_BRIDGE: Region 'sc_rostral' (24 neurons): using Izh type IZH2007_RS_CORTICAL_PYRAMIDAL
[2026-06-20 04:28:49][INFO] SIM_BRIDGE: Generating 3D neuron positions for 7702 neurons...
[2026-06-20 04:28:49][INFO] SIM_BRIDGE: Generating connections (brain-region framework)...
[2026-06-20 04:28:49][INFO] SIM_BRIDGE: inject_explicit_wiring: installed 180890 synapses across 156 populations.
[2026-06-20 04:28:49][INFO] SIM_BRIDGE: Initializing eligibility traces for 180890 synapses (capacity: 271335, dtype: float32)...
[2026-06-20 04:28:49][INFO] SIM_BRIDGE: Initialized neuromodulator subsystem with 1 modulators: ['dopamine']
[2026-06-20 04:28:49][INFO] SIM_BRIDGE: Initializing STDP state for 7702 neurons...
[2026-06-20 04:28:49][INFO] SIM_BRIDGE: Simulation data initialized for 7702 neurons (3D). Synapses: 180890. GPU memory: 1.4GB/25.8GB (5.6%)
[g11 seed=42] Cluster K v2: applied 70592 Gabor weights to retina -> cortex_v1_simple
[g11 seed=42] Cluster K v2: visual_cortex_action gate frozen until warmup
[g11] spiking SC: installed 21828 synapses (retina->sc_map 16x16 + recurrent + sc_map->cortex_NESW + sc_map->sc_rostral (N5))
[g11 seed=42] #6 SC read-out: POPULATION-VECTOR (cosine) + cortex_X divisive-norm (sigma=1.0, gain=1.0)
[g11 seed=42] N5 reward: boosted sc_rostral->reward_us to 40.0 (960 synapses)
[g11 seed=42] Spiking-SNc Stage B: NEURAL value critic ON (striosome_value n=80, vs_place_context->value w0=0.20115986466407776); r-V subtracted via GABA_B/GIRK (E_K=-90mV, prop=0.02); critic->SNc gate = OPEN (continuous, Stage 1). Host _V_scaffold DROPPED.
[g11 seed=42] BG circuit: 67 regions, 7702 neurons, 270188 synapses
[g11 seed=42] step 100/1800  pos=(4,30)  goal=(30,30)  recent_dist=40.90  action=E  reward=+1.00  actions= 45N/ 21E/ 16S/ 18W
[PROGRESS] {"kind": "step", "current": 100, "total": 1800, "phase": "seed=42", "unit": "steps", "pos": [4, 30], "goal": [30, 30], "recent_dist": 40.9, "action": "E", "reward": 1.0}
[g11 seed=42] step 200/1800  pos=(5,31)  goal=(30,30)  recent_dist=27.69  action=N  reward=+0.00  actions= 47N/ 20E/ 10S/ 23W
[PROGRESS] {"kind": "step", "current": 200, "total": 1800, "phase": "seed=42", "unit": "steps", "pos": [5, 31], "goal": [30, 30], "recent_dist": 27.69, "action": "N", "reward": 0.0}
[g11 seed=42] step 300/1800  pos=(25,31)  goal=(30,30)  recent_dist=17.94  action=E  reward=+1.00  actions= 47N/ 32E/  9S/ 12W
[PROGRESS] {"kind": "step", "current": 300, "total": 1800, "phase": "seed=42", "unit": "steps", "pos": [25, 31], "goal": [30, 30], "recent_dist": 17.94, "action": "E", "reward": 1.0}
[g11 seed=42] step 400/1800  pos=(31,31)  goal=(30,30)  recent_dist=3.82  action=E  reward=+0.00  actions= 30N/ 43E/ 13S/ 14W
[PROGRESS] {"kind": "step", "current": 400, "total": 1800, "phase": "seed=42", "unit": "steps", "pos": [31, 31], "goal": [30, 30], "recent_dist": 3.82, "action": "E", "reward": 0.0}
[g11 seed=42] step 450: GOAL CHANGED to (1, 30)
[g11 seed=42] step 500/1800  pos=(31,31)  goal=(1,30)  recent_dist=16.14  action=N  reward=+0.00  actions= 37N/ 49E/  8S/  6W
[PROGRESS] {"kind": "step", "current": 500, "total": 1800, "phase": "seed=42", "unit": "steps", "pos": [31, 31], "goal": [1, 30], "recent_dist": 16.14, "action": "N", "reward": 0.0}
[g11 seed=42] step 600/1800  pos=(28,31)  goal=(1,30)  recent_dist=26.76  action=N  reward=+0.00  actions= 53N/ 15E/ 14S/ 18W
[PROGRESS] {"kind": "step", "current": 600, "total": 1800, "phase": "seed=42", "unit": "steps", "pos": [28, 31], "goal": [1, 30], "recent_dist": 26.76, "action": "N", "reward": 0.0}
[g11 seed=42] step 600: Cluster K v2 visual_cortex_action gate OPENED (warmup=600)
[g11 seed=42] step 700/1800  pos=(24,31)  goal=(1,30)  recent_dist=24.89  action=N  reward=+0.00  actions= 48N/ 18E/ 15S/ 19W
[PROGRESS] {"kind": "step", "current": 700, "total": 1800, "phase": "seed=42", "unit": "steps", "pos": [24, 31], "goal": [1, 30], "recent_dist": 24.89, "action": "N", "reward": 0.0}
[g11 seed=42] step 800/1800  pos=(31,31)  goal=(1,30)  recent_dist=29.34  action=E  reward=-1.00  actions= 45N/ 30E/ 10S/ 15W
[PROGRESS] {"kind": "step", "current": 800, "total": 1800, "phase": "seed=42", "unit": "steps", "pos": [31, 31], "goal": [1, 30], "recent_dist": 29.34, "action": "E", "reward": -1.0}
[g11 seed=42] step 900/1800  pos=(25,31)  goal=(1,30)  recent_dist=27.05  action=W  reward=+1.00  actions= 41N/ 22E/ 14S/ 23W
[PROGRESS] {"kind": "step", "current": 900, "total": 1800, "phase": "seed=42", "unit": "steps", "pos": [25, 31], "goal": [1, 30], "recent_dist": 27.05, "action": "W", "reward": 1.0}
[g11 seed=42] step 900: GOAL CHANGED to (1, 1)
[g11 seed=42] step 1000/1800  pos=(30,30)  goal=(1,1)  recent_dist=55.28  action=S  reward=+1.00  actions= 45N/ 23E/ 14S/ 18W
[PROGRESS] {"kind": "step", "current": 1000, "total": 1800, "phase": "seed=42", "unit": "steps", "pos": [30, 30], "goal": [1, 1], "recent_dist": 55.28, "action": "S", "reward": 1.0}
[g11 seed=42] step 1100/1800  pos=(29,31)  goal=(1,1)  recent_dist=58.68  action=N  reward=+0.00  actions= 47N/ 23E/ 15S/ 15W
[PROGRESS] {"kind": "step", "current": 1100, "total": 1800, "phase": "seed=42", "unit": "steps", "pos": [29, 31], "goal": [1, 1], "recent_dist": 58.68, "action": "N", "reward": 0.0}
[g11 seed=42] step 1200/1800  pos=(30,31)  goal=(1,1)  recent_dist=59.22  action=N  reward=+0.00  actions= 48N/ 28E/  8S/ 16W
[PROGRESS] {"kind": "step", "current": 1200, "total": 1800, "phase": "seed=42", "unit": "steps", "pos": [30, 31], "goal": [1, 1], "recent_dist": 59.22, "action": "N", "reward": 0.0}
[g11 seed=42] step 1300/1800  pos=(20,31)  goal=(1,1)  recent_dist=57.62  action=N  reward=+0.00  actions= 46N/ 22E/  7S/ 25W
[PROGRESS] {"kind": "step", "current": 1300, "total": 1800, "phase": "seed=42", "unit": "steps", "pos": [20, 31], "goal": [1, 1], "recent_dist": 57.62, "action": "N", "reward": 0.0}
[g11 seed=42] step 1350: GOAL CHANGED to (30, 1)
[g11 seed=42] step 1400/1800  pos=(13,31)  goal=(30,1)  recent_dist=44.58  action=E  reward=+1.00  actions= 49N/ 13E/ 18S/ 20W
[PROGRESS] {"kind": "step", "current": 1400, "total": 1800, "phase": "seed=42", "unit": "steps", "pos": [13, 31], "goal": [30, 1], "recent_dist": 44.58, "action": "E", "reward": 1.0}
[g11 seed=42] step 1500/1800  pos=(13,31)  goal=(30,1)  recent_dist=47.39  action=N  reward=+0.00  actions= 47N/ 18E/ 17S/ 18W
[PROGRESS] {"kind": "step", "current": 1500, "total": 1800, "phase": "seed=42", "unit": "steps", "pos": [13, 31], "goal": [30, 1], "recent_dist": 47.39, "action": "N", "reward": 0.0}
[g11 seed=42] step 1600/1800  pos=(20,30)  goal=(30,1)  recent_dist=44.32  action=S  reward=+1.00  actions= 56N/ 19E/ 13S/ 12W
[PROGRESS] {"kind": "step", "current": 1600, "total": 1800, "phase": "seed=42", "unit": "steps", "pos": [20, 30], "goal": [30, 1], "recent_dist": 44.32, "action": "S", "reward": 1.0}
[g11 seed=42] step 1700/1800  pos=(15,31)  goal=(30,1)  recent_dist=40.39  action=W  reward=-1.00  actions= 54N/ 15E/ 11S/ 20W
[PROGRESS] {"kind": "step", "current": 1700, "total": 1800, "phase": "seed=42", "unit": "steps", "pos": [15, 31], "goal": [30, 1], "recent_dist": 40.39, "action": "W", "reward": -1.0}
[g11 seed=42] step 1800/1800  pos=(30,31)  goal=(30,1)  recent_dist=39.70  action=E  reward=+1.00  actions= 46N/ 30E/  9S/ 15W
[PROGRESS] {"kind": "step", "current": 1800, "total": 1800, "phase": "seed=42", "unit": "steps", "pos": [30, 31], "goal": [30, 1], "recent_dist": 39.7, "action": "E", "reward": 1.0}
[g11 seed=42] NAV-GATE(a) stdp_w_max=400.0  sum_finalQ=119.1593  mean_distance_overall=36.7617  actor_max_cortex_to_D1_weight=205.79486083984375

[g11 seed=42] DONE in 699s. Phase stats:
  phase 0 goal=[30, 30] meanD=20.28 finalQ=2.25 actions=[177, 151, 53, 69]
  phase 1 goal=[1, 30] meanD=27.39 finalQ=27.37 actions=[216, 99, 56, 79]
  phase 2 goal=[1, 1] meanD=55.80 finalQ=49.62 actions=[210, 101, 49, 90]
  phase 3 goal=[30, 1] meanD=43.57 finalQ=39.92 actions=[228, 90, 63, 69]
[sc-pv] arm=sc_popvector_scr: phase0_finalQ=2.248 post_change_finalQ=['27.372', '49.619', '39.920'] (sum 116.912) gate=119.15929203539824 late_sustain=0.399
[sc-pv] arm=sc_popvector_scr per-phase dominant cardinal: ['N', 'N', 'N', 'N']
[sc-pv] arm=sc_popvector_scr per-phase action frac: [{'N': 0.393, 'E': 0.336, 'S': 0.118, 'W': 0.153}, {'N': 0.48, 'E': 0.22, 'S': 0.124, 'W': 0.176}, {'N': 0.467, 'E': 0.224, 'S': 0.109, 'W': 0.2}, {'N': 0.507, 'E': 0.2, 'S': 0.14, 'W': 0.153}]

[sc-pv] ===== POPULATION-VECTOR READ-OUT RE-ORIENT VERDICT =====
  host_phase0_finalQ: 0.6902654867256637
  host_post_change_finalQ_sum: 1.6460176991150444
  ramp_post_change_finalQ_sum: None
  popvector_post_change_finalQ_sum: 108.63716814159292
  scramble_post_change_finalQ_sum: 116.91150442477877
  host_tracking: {'dominant_per_phase': ['E', 'W', 'E', 'E'], 'n_distinct_dominant': 2, 'has_W_dominant_phase': True, 'has_E_dominant_phase': True, 'tracks_goal': True}
  ramp_tracking: None
  popvector_tracking: {'dominant_per_phase': ['N', 'N', 'N', 'N'], 'n_distinct_dominant': 1, 'has_W_dominant_phase': False, 'has_E_dominant_phase': False, 'tracks_goal': False}
  scramble_tracking: {'dominant_per_phase': ['N', 'N', 'N', 'N'], 'n_distinct_dominant': 1, 'has_W_dominant_phase': False, 'has_E_dominant_phase': False, 'tracks_goal': False}
  ramp_late_sustain: None
  popvector_late_sustain: 0.4177777777777778
  host_over_popvector_post_ratio: 0.015151515151515152
  popvector_over_ramp_post_improvement: None
  NOTE: GO (#6 CONVERTS) if popvector_tracking.tracks_goal is True AND popvector_post_change approaches host (host_over_popvector_post_ratio ~1, vs the ramp's ~0.01) AND the SCRAMBLE lesion collapses (scramble_tracking.tracks_goal False / much worse finalQ). HONEST NEGATIVE otherwise -- report whether popvector still does NOT track (under-selective) or a deeper issue.
[sc-pv] wrote research/findings/raw/nav_gate_2a/scpv_grid32_seed42.json
