[g11 seed=43] Spiking-SNc Stage A: dopamine modulator = from_region_firing_signed over ['snc'] (tonic=220.0pA, k_r=400.0, k_v=400.0); RPE is the SNc FIRING. V = host reward_ema (Stage-A scaffold).
[2026-06-10 01:29:58][INFO] SIM_BRIDGE: CuPy using GPU: NVIDIA GeForce RTX 3090 (24.0 GB), mempool limit: 80%
[2026-06-10 01:29:58][INFO] SIM_BRIDGE: Initializing simulation data for model: IZHIKEVICH (3D)... (playback_init: False)
[2026-06-10 01:29:58][INFO] SIM_BRIDGE: Brain-region framework: 42 regions, 1702 total neurons, 57 pathways.
[2026-06-10 01:29:58][INFO] SIM_BRIDGE: RNG initialized with seed: 43
[2026-06-10 01:29:58][INFO] SIM_BRIDGE: NMDA per-region mask: 1 regions enabled (80 neurons)
[2026-06-10 01:29:58][INFO] SIM_BRIDGE: Initializing Izhikevich model specifics for 1702 neurons...
[2026-06-10 01:29:58][INFO] SIM_BRIDGE: Region 'cortex_N' (25 neurons): using Izh type IZH2007_RS_CORTICAL_PYRAMIDAL
[2026-06-10 01:29:58][INFO] SIM_BRIDGE: Region 'cortex_E' (25 neurons): using Izh type IZH2007_RS_CORTICAL_PYRAMIDAL
[2026-06-10 01:29:58][INFO] SIM_BRIDGE: Region 'cortex_S' (25 neurons): using Izh type IZH2007_RS_CORTICAL_PYRAMIDAL
[2026-06-10 01:29:58][INFO] SIM_BRIDGE: Region 'cortex_W' (25 neurons): using Izh type IZH2007_RS_CORTICAL_PYRAMIDAL
[2026-06-10 01:29:58][INFO] SIM_BRIDGE: Region 'str_D1_N' (50 neurons): using Izh type IZH2007_STRIATAL_MSN_D1
[2026-06-10 01:29:58][INFO] SIM_BRIDGE: Region 'str_D2_N' (50 neurons): using Izh type IZH2007_STRIATAL_MSN_D2
[2026-06-10 01:29:58][INFO] SIM_BRIDGE: Region 'str_D1_E' (50 neurons): using Izh type IZH2007_STRIATAL_MSN_D1
[2026-06-10 01:29:58][INFO] SIM_BRIDGE: Region 'str_D2_E' (50 neurons): using Izh type IZH2007_STRIATAL_MSN_D2
[2026-06-10 01:29:58][INFO] SIM_BRIDGE: Region 'str_D1_S' (50 neurons): using Izh type IZH2007_STRIATAL_MSN_D1
[2026-06-10 01:29:58][INFO] SIM_BRIDGE: Region 'str_D2_S' (50 neurons): using Izh type IZH2007_STRIATAL_MSN_D2
[2026-06-10 01:29:58][INFO] SIM_BRIDGE: Region 'str_D1_W' (50 neurons): using Izh type IZH2007_STRIATAL_MSN_D1
[2026-06-10 01:29:58][INFO] SIM_BRIDGE: Region 'str_D2_W' (50 neurons): using Izh type IZH2007_STRIATAL_MSN_D2
[2026-06-10 01:29:58][INFO] SIM_BRIDGE: Region 'gpe_N' (10 neurons): using Izh type IZH2007_GPE_PACEMAKER
[2026-06-10 01:29:58][INFO] SIM_BRIDGE: Region 'gpe_arky_N' (4 neurons): using Izh type IZH2007_GPE_PACEMAKER
[2026-06-10 01:29:58][INFO] SIM_BRIDGE: Region 'gpi_N' (10 neurons): using Izh type IZH2007_GPI_OUTPUT
[2026-06-10 01:29:58][INFO] SIM_BRIDGE: Region 'str_striosome_N' (8 neurons): using Izh type IZH2007_STRIATAL_MSN_D1
[2026-06-10 01:29:58][INFO] SIM_BRIDGE: Region 'gpe_E' (10 neurons): using Izh type IZH2007_GPE_PACEMAKER
[2026-06-10 01:29:58][INFO] SIM_BRIDGE: Region 'gpe_arky_E' (4 neurons): using Izh type IZH2007_GPE_PACEMAKER
[2026-06-10 01:29:58][INFO] SIM_BRIDGE: Region 'gpi_E' (10 neurons): using Izh type IZH2007_GPI_OUTPUT
[2026-06-10 01:29:58][INFO] SIM_BRIDGE: Region 'str_striosome_E' (8 neurons): using Izh type IZH2007_STRIATAL_MSN_D1
[2026-06-10 01:29:58][INFO] SIM_BRIDGE: Region 'gpe_S' (10 neurons): using Izh type IZH2007_GPE_PACEMAKER
[2026-06-10 01:29:58][INFO] SIM_BRIDGE: Region 'gpe_arky_S' (4 neurons): using Izh type IZH2007_GPE_PACEMAKER
[2026-06-10 01:29:58][INFO] SIM_BRIDGE: Region 'gpi_S' (10 neurons): using Izh type IZH2007_GPI_OUTPUT
[2026-06-10 01:29:58][INFO] SIM_BRIDGE: Region 'str_striosome_S' (8 neurons): using Izh type IZH2007_STRIATAL_MSN_D1
[2026-06-10 01:29:58][INFO] SIM_BRIDGE: Region 'gpe_W' (10 neurons): using Izh type IZH2007_GPE_PACEMAKER
[2026-06-10 01:29:58][INFO] SIM_BRIDGE: Region 'gpe_arky_W' (4 neurons): using Izh type IZH2007_GPE_PACEMAKER
[2026-06-10 01:29:58][INFO] SIM_BRIDGE: Region 'gpi_W' (10 neurons): using Izh type IZH2007_GPI_OUTPUT
[2026-06-10 01:29:58][INFO] SIM_BRIDGE: Region 'str_striosome_W' (8 neurons): using Izh type IZH2007_STRIATAL_MSN_D1
[2026-06-10 01:29:58][INFO] SIM_BRIDGE: Region 'stn' (20 neurons): using Izh type IZH2007_STN_BURST
[2026-06-10 01:29:58][INFO] SIM_BRIDGE: Region 'thal_N' (10 neurons): using Izh type IZH2007_THALAMIC_RELAY
[2026-06-10 01:29:58][INFO] SIM_BRIDGE: Region 'motor_N' (10 neurons): using Izh type IZH2007_RS_CORTICAL_PYRAMIDAL
[2026-06-10 01:29:58][INFO] SIM_BRIDGE: Region 'thal_E' (10 neurons): using Izh type IZH2007_THALAMIC_RELAY
[2026-06-10 01:29:58][INFO] SIM_BRIDGE: Region 'motor_E' (10 neurons): using Izh type IZH2007_RS_CORTICAL_PYRAMIDAL
[2026-06-10 01:29:58][INFO] SIM_BRIDGE: Region 'thal_S' (10 neurons): using Izh type IZH2007_THALAMIC_RELAY
[2026-06-10 01:29:58][INFO] SIM_BRIDGE: Region 'motor_S' (10 neurons): using Izh type IZH2007_RS_CORTICAL_PYRAMIDAL
[2026-06-10 01:29:58][INFO] SIM_BRIDGE: Region 'thal_W' (10 neurons): using Izh type IZH2007_THALAMIC_RELAY
[2026-06-10 01:29:58][INFO] SIM_BRIDGE: Region 'motor_W' (10 neurons): using Izh type IZH2007_RS_CORTICAL_PYRAMIDAL
[2026-06-10 01:29:58][INFO] SIM_BRIDGE: Region 'snc' (10 neurons): using Izh type IZH2007_DOPAMINE
[2026-06-10 01:29:58][INFO] SIM_BRIDGE: Region 'place_sensors' (60 neurons): using Izh type IZH2007_RS_CORTICAL_PYRAMIDAL
[2026-06-10 01:29:58][INFO] SIM_BRIDGE: Region 'place' (800 neurons): using Izh type IZH2007_HIPPO_PYRAMIDAL
[2026-06-10 01:29:58][INFO] SIM_BRIDGE: Region 'place_fs' (24 neurons): using Izh type IZH2007_FS_CORTICAL_INTERNEURON
[2026-06-10 01:29:58][INFO] SIM_BRIDGE: Region 'striosome_value' (80 neurons): using Izh type IZH2007_STRIATAL_MSN_D1
[2026-06-10 01:29:58][INFO] SIM_BRIDGE: Generating 3D neuron positions for 1702 neurons...
[2026-06-10 01:29:58][INFO] SIM_BRIDGE: Generating connections (brain-region framework)...
[2026-06-10 01:29:59][INFO] SIM_BRIDGE: inject_explicit_wiring: installed 79178 synapses across 57 populations.
[2026-06-10 01:29:59][INFO] SIM_BRIDGE: Initializing eligibility traces for 79178 synapses (capacity: 118767, dtype: float32)...
[2026-06-10 01:29:59][INFO] SIM_BRIDGE: Initialized neuromodulator subsystem with 1 modulators: ['dopamine']
[2026-06-10 01:29:59][INFO] SIM_BRIDGE: Initializing STDP state for 1702 neurons...
[2026-06-10 01:29:59][INFO] SIM_BRIDGE: Simulation data initialized for 1702 neurons (3D). Synapses: 79178. GPU memory: 1.3GB/25.8GB (5.1%)
[g11 seed=43] Spiking-SNc Stage B: NEURAL value critic ON (striosome_value n=80, place->value w0=0.1999366134405136); r-V subtracted via GABA_B/GIRK (E_K=-90mV, prop=0.02); critic->SNc gate = OPEN (continuous, Stage 1). Host _V_scaffold DROPPED.
[g11 seed=43] BG circuit: 42 regions, 1702 neurons, 79178 synapses
[g11 seed=43] N9 STEP-1 place self-org done (12s): diff-loc cos=0.027 sparsity=0.047 (place fields FROZEN)
[g11 seed=43]   [CALIB-WARN] SNc tonic_frac=0.0000 outside sane band [0.005,0.15] @ 220pA (0Hz) -> DA threshold may mis-set (residual-GIRK / drive).
[VALUE_TRAIN goal=(30,30) t=00] V= 83.30Hz w_near=1.523 w_far=0.500 (near/far 3.05) DA=0.313
[VALUE_TRAIN goal=(30,30) t=01] V=  4.73Hz w_near=1.490 w_far=0.495 (near/far 3.01) DA=0.445
[VALUE_TRAIN goal=(30,30) t=02] V=  5.27Hz w_near=1.546 w_far=0.507 (near/far 3.05) DA=0.516
[VALUE_TRAIN goal=(30,30) t=10] V= 15.27Hz w_near=2.548 w_far=0.736 (near/far 3.46) DA=0.576
[VALUE_TRAIN goal=(30,30) t=20] V= 15.36Hz w_near=4.337 w_far=1.128 (near/far 3.84) DA=0.570
[VALUE_TRAIN goal=(30,30) t=30] V=  8.75Hz w_near=5.557 w_far=1.425 (near/far 3.90) DA=0.561
[VALUE_TRAIN goal=(30,30) t=39] V=  8.12Hz w_near=6.736 w_far=1.688 (near/far 3.99) DA=0.560
[g11 seed=43] N9 STEP-2 value-training done (27s): 40 pair-then-reward trials x 1 goal(s); w_near 0.200->6.736 w_far 0.198->1.688 (near/far 3.99); V(near) 83.30357142857142->8.124999999999998Hz (place fields FROZEN; V FROZEN)
  [N9_DIAG COUNT near] place=1.38Hz  g_coinc(crit)max=469.581  V(crit) mean=-35.7mV max=40.0mV  critic=74.86Hz
  [N9_DIAG COUNT far] place=1.68Hz  g_coinc(crit)max=636.136  V(crit) mean=-42.2mV max=40.0mV  critic=85.42Hz
  [N9_DIAG WGHTD near] place=0.72Hz  g_coinc(crit)max=1210.066  V(crit) mean=-57.8mV max=50.2mV  critic=131.53Hz
  [N9_DIAG WGHTD far] place=1.07Hz  g_coinc(crit)max=697.365  V(crit) mean=-64.7mV max=39.9mV  critic=32.08Hz
========================================================================
[g11 seed=43] N9 STAGE-B SMOKE (value-learning @ nav scale):
  near=(30, 30) far=(1.0, 1.0) (near_set=61 far_set=89 place cells)
  [LEARNS-V]  w_near=6.736 w_far=1.688 (near/far 3.99; >=1.5x => True)
  [CRITIC FIRE+GRADE] (weighted plateau, k=12) critic@near=125.56Hz critic@far=29.31Hz (>=5Hz & near>=3xfar; fire=True grade=True)
  [GABA_B gap d=r-V]  predicted(NEAR)=0.00Hz unpredicted(FAR)=0.00Hz gap=0.00 (unpred>1.3x pred => False)
  [LESION control]    zeroed 415 GABA_B synapses -> pred=72.50Hz unpred=102.50Hz gap=1.41 (collapses to ~1.0 => False)
  STAGE-B VERDICT: LEARNS-V=True CRITIC-FIRE+GRADE=True GABA_B-gap=False lesion-collapses=False
========================================================================
