[g11 seed=44] Spiking-SNc Stage A: dopamine modulator = from_region_firing_signed over ['snc'] (tonic=220.0pA, k_r=400.0, k_v=400.0); RPE is the SNc FIRING. V = host reward_ema (Stage-A scaffold).
[2026-06-10 01:36:49][INFO] SIM_BRIDGE: CuPy using GPU: NVIDIA GeForce RTX 3090 (24.0 GB), mempool limit: 80%
[2026-06-10 01:36:49][INFO] SIM_BRIDGE: Initializing simulation data for model: IZHIKEVICH (3D)... (playback_init: False)
[2026-06-10 01:36:49][INFO] SIM_BRIDGE: Brain-region framework: 42 regions, 1702 total neurons, 57 pathways.
[2026-06-10 01:36:50][INFO] SIM_BRIDGE: RNG initialized with seed: 44
[2026-06-10 01:36:50][INFO] SIM_BRIDGE: NMDA per-region mask: 1 regions enabled (80 neurons)
[2026-06-10 01:36:50][INFO] SIM_BRIDGE: Initializing Izhikevich model specifics for 1702 neurons...
[2026-06-10 01:36:50][INFO] SIM_BRIDGE: Region 'cortex_N' (25 neurons): using Izh type IZH2007_RS_CORTICAL_PYRAMIDAL
[2026-06-10 01:36:50][INFO] SIM_BRIDGE: Region 'cortex_E' (25 neurons): using Izh type IZH2007_RS_CORTICAL_PYRAMIDAL
[2026-06-10 01:36:50][INFO] SIM_BRIDGE: Region 'cortex_S' (25 neurons): using Izh type IZH2007_RS_CORTICAL_PYRAMIDAL
[2026-06-10 01:36:50][INFO] SIM_BRIDGE: Region 'cortex_W' (25 neurons): using Izh type IZH2007_RS_CORTICAL_PYRAMIDAL
[2026-06-10 01:36:50][INFO] SIM_BRIDGE: Region 'str_D1_N' (50 neurons): using Izh type IZH2007_STRIATAL_MSN_D1
[2026-06-10 01:36:50][INFO] SIM_BRIDGE: Region 'str_D2_N' (50 neurons): using Izh type IZH2007_STRIATAL_MSN_D2
[2026-06-10 01:36:50][INFO] SIM_BRIDGE: Region 'str_D1_E' (50 neurons): using Izh type IZH2007_STRIATAL_MSN_D1
[2026-06-10 01:36:50][INFO] SIM_BRIDGE: Region 'str_D2_E' (50 neurons): using Izh type IZH2007_STRIATAL_MSN_D2
[2026-06-10 01:36:50][INFO] SIM_BRIDGE: Region 'str_D1_S' (50 neurons): using Izh type IZH2007_STRIATAL_MSN_D1
[2026-06-10 01:36:50][INFO] SIM_BRIDGE: Region 'str_D2_S' (50 neurons): using Izh type IZH2007_STRIATAL_MSN_D2
[2026-06-10 01:36:50][INFO] SIM_BRIDGE: Region 'str_D1_W' (50 neurons): using Izh type IZH2007_STRIATAL_MSN_D1
[2026-06-10 01:36:50][INFO] SIM_BRIDGE: Region 'str_D2_W' (50 neurons): using Izh type IZH2007_STRIATAL_MSN_D2
[2026-06-10 01:36:50][INFO] SIM_BRIDGE: Region 'gpe_N' (10 neurons): using Izh type IZH2007_GPE_PACEMAKER
[2026-06-10 01:36:50][INFO] SIM_BRIDGE: Region 'gpe_arky_N' (4 neurons): using Izh type IZH2007_GPE_PACEMAKER
[2026-06-10 01:36:50][INFO] SIM_BRIDGE: Region 'gpi_N' (10 neurons): using Izh type IZH2007_GPI_OUTPUT
[2026-06-10 01:36:50][INFO] SIM_BRIDGE: Region 'str_striosome_N' (8 neurons): using Izh type IZH2007_STRIATAL_MSN_D1
[2026-06-10 01:36:50][INFO] SIM_BRIDGE: Region 'gpe_E' (10 neurons): using Izh type IZH2007_GPE_PACEMAKER
[2026-06-10 01:36:50][INFO] SIM_BRIDGE: Region 'gpe_arky_E' (4 neurons): using Izh type IZH2007_GPE_PACEMAKER
[2026-06-10 01:36:50][INFO] SIM_BRIDGE: Region 'gpi_E' (10 neurons): using Izh type IZH2007_GPI_OUTPUT
[2026-06-10 01:36:50][INFO] SIM_BRIDGE: Region 'str_striosome_E' (8 neurons): using Izh type IZH2007_STRIATAL_MSN_D1
[2026-06-10 01:36:50][INFO] SIM_BRIDGE: Region 'gpe_S' (10 neurons): using Izh type IZH2007_GPE_PACEMAKER
[2026-06-10 01:36:50][INFO] SIM_BRIDGE: Region 'gpe_arky_S' (4 neurons): using Izh type IZH2007_GPE_PACEMAKER
[2026-06-10 01:36:50][INFO] SIM_BRIDGE: Region 'gpi_S' (10 neurons): using Izh type IZH2007_GPI_OUTPUT
[2026-06-10 01:36:50][INFO] SIM_BRIDGE: Region 'str_striosome_S' (8 neurons): using Izh type IZH2007_STRIATAL_MSN_D1
[2026-06-10 01:36:50][INFO] SIM_BRIDGE: Region 'gpe_W' (10 neurons): using Izh type IZH2007_GPE_PACEMAKER
[2026-06-10 01:36:50][INFO] SIM_BRIDGE: Region 'gpe_arky_W' (4 neurons): using Izh type IZH2007_GPE_PACEMAKER
[2026-06-10 01:36:50][INFO] SIM_BRIDGE: Region 'gpi_W' (10 neurons): using Izh type IZH2007_GPI_OUTPUT
[2026-06-10 01:36:50][INFO] SIM_BRIDGE: Region 'str_striosome_W' (8 neurons): using Izh type IZH2007_STRIATAL_MSN_D1
[2026-06-10 01:36:50][INFO] SIM_BRIDGE: Region 'stn' (20 neurons): using Izh type IZH2007_STN_BURST
[2026-06-10 01:36:50][INFO] SIM_BRIDGE: Region 'thal_N' (10 neurons): using Izh type IZH2007_THALAMIC_RELAY
[2026-06-10 01:36:50][INFO] SIM_BRIDGE: Region 'motor_N' (10 neurons): using Izh type IZH2007_RS_CORTICAL_PYRAMIDAL
[2026-06-10 01:36:50][INFO] SIM_BRIDGE: Region 'thal_E' (10 neurons): using Izh type IZH2007_THALAMIC_RELAY
[2026-06-10 01:36:50][INFO] SIM_BRIDGE: Region 'motor_E' (10 neurons): using Izh type IZH2007_RS_CORTICAL_PYRAMIDAL
[2026-06-10 01:36:50][INFO] SIM_BRIDGE: Region 'thal_S' (10 neurons): using Izh type IZH2007_THALAMIC_RELAY
[2026-06-10 01:36:50][INFO] SIM_BRIDGE: Region 'motor_S' (10 neurons): using Izh type IZH2007_RS_CORTICAL_PYRAMIDAL
[2026-06-10 01:36:50][INFO] SIM_BRIDGE: Region 'thal_W' (10 neurons): using Izh type IZH2007_THALAMIC_RELAY
[2026-06-10 01:36:50][INFO] SIM_BRIDGE: Region 'motor_W' (10 neurons): using Izh type IZH2007_RS_CORTICAL_PYRAMIDAL
[2026-06-10 01:36:50][INFO] SIM_BRIDGE: Region 'snc' (10 neurons): using Izh type IZH2007_DOPAMINE
[2026-06-10 01:36:50][INFO] SIM_BRIDGE: Region 'place_sensors' (60 neurons): using Izh type IZH2007_RS_CORTICAL_PYRAMIDAL
[2026-06-10 01:36:50][INFO] SIM_BRIDGE: Region 'place' (800 neurons): using Izh type IZH2007_HIPPO_PYRAMIDAL
[2026-06-10 01:36:50][INFO] SIM_BRIDGE: Region 'place_fs' (24 neurons): using Izh type IZH2007_FS_CORTICAL_INTERNEURON
[2026-06-10 01:36:50][INFO] SIM_BRIDGE: Region 'striosome_value' (80 neurons): using Izh type IZH2007_STRIATAL_MSN_D1
[2026-06-10 01:36:50][INFO] SIM_BRIDGE: Generating 3D neuron positions for 1702 neurons...
[2026-06-10 01:36:50][INFO] SIM_BRIDGE: Generating connections (brain-region framework)...
[2026-06-10 01:36:50][INFO] SIM_BRIDGE: inject_explicit_wiring: installed 79200 synapses across 57 populations.
[2026-06-10 01:36:50][INFO] SIM_BRIDGE: Initializing eligibility traces for 79200 synapses (capacity: 118800, dtype: float32)...
[2026-06-10 01:36:50][INFO] SIM_BRIDGE: Initialized neuromodulator subsystem with 1 modulators: ['dopamine']
[2026-06-10 01:36:50][INFO] SIM_BRIDGE: Initializing STDP state for 1702 neurons...
[2026-06-10 01:36:50][INFO] SIM_BRIDGE: Simulation data initialized for 1702 neurons (3D). Synapses: 79200. GPU memory: 1.3GB/25.8GB (5.1%)
[g11 seed=44] Spiking-SNc Stage B: NEURAL value critic ON (striosome_value n=80, place->value w0=0.19993267953395844); r-V subtracted via GABA_B/GIRK (E_K=-90mV, prop=0.02); critic->SNc gate = OPEN (continuous, Stage 1). Host _V_scaffold DROPPED.
[g11 seed=44] BG circuit: 42 regions, 1702 neurons, 79200 synapses
[g11 seed=44] N9 STEP-1 place self-org done (11s): diff-loc cos=0.000 sparsity=0.035 (place fields FROZEN)
[g11 seed=44] N9 STEP-2 value-training done (27s): 40 pair-then-reward trials x 1 goal(s); w_near 0.200->1.032 w_far 0.200->1.730 (near/far 0.60); V(near) 68.03571428571428->0.7142857142857143Hz (place fields FROZEN; V FROZEN)
========================================================================
[g11 seed=44] N9 STAGE-B SMOKE (value-learning @ nav scale):
  near=(30, 30) far=(1.0, 1.0) (near_set=26 far_set=116 place cells)
  [LEARNS-V]  w_near=1.032 w_far=1.730 (near/far 0.60; >=1.5x => False)
  [CRITIC FIRE+GRADE] (weighted plateau, k=12) critic@near=79.58Hz critic@far=21.11Hz (>=5Hz & near>=3xfar; fire=True grade=True)
  [GABA_B gap d=r-V]  predicted(NEAR)=0.00Hz unpredicted(FAR)=75.00Hz gap=75000000.00 (unpred>1.3x pred => True)
  [LESION control]    zeroed 411 GABA_B synapses -> pred=97.50Hz unpred=102.50Hz gap=1.05 (collapses to ~1.0 => True)
  STAGE-B VERDICT: LEARNS-V=False CRITIC-FIRE+GRADE=True GABA_B-gap=True lesion-collapses=True
========================================================================
