[chain320] 05/15/2026 21:37:33 Waiting for GPU to free up...
[chain320] 05/15/2026 21:37:33 GPU free, starting 320-concept tier
[chain320] 05/15/2026 21:37:33 === sparse64 bridgeA_nouns (64 concepts) ===
=== concept_pool_sparse_distributed (seed=42, n_concepts=64) ===
  Shared pool: 2000 neurons
  Pattern size: 100 per concept (sparse, random)
  Substrate per concept: 100 neurons (vs contiguous-slice's 31)

[2026-05-15 21:37:34][INFO] SIM_BRIDGE: CuPy using GPU: NVIDIA GeForce RTX 3090 (24.0 GB), mempool limit: 80%
[2026-05-15 21:37:34][INFO] SIM_BRIDGE: Initializing simulation data for model: IZHIKEVICH (3D)... (playback_init: False)
[2026-05-15 21:37:34][INFO] SIM_BRIDGE: Brain-region framework: 4 regions, 18684 total neurons, 4 pathways.
[2026-05-15 21:37:34][INFO] SIM_BRIDGE: RNG initialized with seed: 42
[2026-05-15 21:37:34][INFO] SIM_BRIDGE: Initializing Izhikevich model specifics for 18684 neurons...
[2026-05-15 21:37:34][INFO] SIM_BRIDGE: Applying parameter heterogeneity to neuron parameters...
[2026-05-15 21:37:34][INFO] SIM_BRIDGE: Applied heterogeneity to 4 parameters.
[2026-05-15 21:37:34][INFO] SIM_BRIDGE: Initializing OU process state (tau=15.0ms, sigma=100.0pA)...
[2026-05-15 21:37:34][INFO] SIM_BRIDGE: Generating 3D neuron positions for 18684 neurons...
[2026-05-15 21:37:34][INFO] SIM_BRIDGE: Generating connections (brain-region framework)...
[2026-05-15 21:37:49][INFO] SIM_BRIDGE: inject_explicit_wiring: installed 10392398 synapses across 5 populations.
[2026-05-15 21:37:49][INFO] SIM_BRIDGE: Initializing eligibility traces for 10392398 synapses (capacity: 15588597, dtype: float32)...
[2026-05-15 21:37:49][INFO] SIM_BRIDGE: Initializing STDP state for 18684 neurons...
[2026-05-15 21:37:49][INFO] SIM_BRIDGE: Simulation data initialized for 18684 neurons (3D). Synapses: 10392398. GPU memory: 2.1GB/25.8GB (8.0%)
[sparse-pool bridge] shared_pool=2000, lang_input=8192
[build] 15.6s
[sparse patterns] generated 64 patterns of size 100; mean pairwise overlap (first 20): 5.3 / 100
[sparse topographic prior] GPU-vectorized; ~364800 boost-targets, ~6931200 dampen-targets across 64 sparse patterns (upper bounds; actual = intersection with existing edges)
[topographic prior] 0.2s

[TRAIN] 64 x 400 = 25600 events
  event 500/25600 (41s)
  event 1000/25600 (82s)
  event 1500/25600 (124s)
  event 2000/25600 (163s)
  event 2500/25600 (201s)
  event 3000/25600 (241s)
  event 3500/25600 (280s)
  event 4000/25600 (318s)
  event 4500/25600 (357s)
  event 5000/25600 (394s)
  event 5500/25600 (431s)
  event 6000/25600 (470s)
  event 6500/25600 (507s)
  event 7000/25600 (544s)
  event 7500/25600 (584s)
  event 8000/25600 (623s)
  event 8500/25600 (661s)
  event 9000/25600 (701s)
  event 9500/25600 (739s)
  event 10000/25600 (775s)
  event 10500/25600 (814s)
  event 11000/25600 (851s)
  event 11500/25600 (889s)
  event 12000/25600 (930s)
  event 12500/25600 (969s)
  event 13000/25600 (1008s)
  event 13500/25600 (1047s)
  event 14000/25600 (1084s)
  event 14500/25600 (1121s)
  event 15000/25600 (1159s)
  event 15500/25600 (1197s)
  event 16000/25600 (1234s)
  event 16500/25600 (1272s)
  event 17000/25600 (1312s)
  event 17500/25600 (1352s)
  event 18000/25600 (1389s)
  event 18500/25600 (1428s)
  event 19000/25600 (1465s)
  event 19500/25600 (1502s)
  event 20000/25600 (1541s)
  event 20500/25600 (1579s)
  event 21000/25600 (1616s)
  event 21500/25600 (1656s)
  event 22000/25600 (1695s)
  event 22500/25600 (1734s)
  event 23000/25600 (1773s)
  event 23500/25600 (1811s)
  event 24000/25600 (1848s)
  event 24500/25600 (1885s)
  event 25000/25600 (1923s)
  event 25500/25600 (1960s)
[TRAIN] 1967.9s total

[ENGRAM] capturing 64 tags with teacher-bias
[ENGRAM] 19.9s

[EVAL] sparse-pattern discrimination
[EVAL] 64.3s

[RESULTS] 63/64 top-1 (98.4%), 63/64 top-5 (98.4%)
  chance top-1: 1.6%, observed/chance: 63.0x
[2026-05-15 22:12:01][INFO] SIM_BRIDGE: Saving checkpoint to research/findings/raw/g11_bg/g20_sparse_bridges_320/bridgeA_nouns_sparse64.simstate.h5...
[2026-05-15 22:12:03][SUCCESS] SIM_BRIDGE: Checkpoint saved successfully to research/findings/raw/g11_bg/g20_sparse_bridges_320/bridgeA_nouns_sparse64.simstate.h5
[SAVE] -> research/findings/raw/g11_bg/g20_sparse_bridges_320/bridgeA_nouns_sparse64.simstate.h5
[OUT] -> research/findings/raw/g11_bg/g20_sparse_bridges_320/bridgeA_nouns_sparse64.json
[chain320] 05/15/2026 22:12:04 === sparse64 bridgeB_verbs (64 concepts) ===
=== concept_pool_sparse_distributed (seed=42, n_concepts=64) ===
  Shared pool: 2000 neurons
  Pattern size: 100 per concept (sparse, random)
  Substrate per concept: 100 neurons (vs contiguous-slice's 31)

[2026-05-15 22:12:05][INFO] SIM_BRIDGE: CuPy using GPU: NVIDIA GeForce RTX 3090 (24.0 GB), mempool limit: 80%
[2026-05-15 22:12:05][INFO] SIM_BRIDGE: Initializing simulation data for model: IZHIKEVICH (3D)... (playback_init: False)
[2026-05-15 22:12:05][INFO] SIM_BRIDGE: Brain-region framework: 4 regions, 18684 total neurons, 4 pathways.
[2026-05-15 22:12:05][INFO] SIM_BRIDGE: RNG initialized with seed: 42
[2026-05-15 22:12:05][INFO] SIM_BRIDGE: Initializing Izhikevich model specifics for 18684 neurons...
[2026-05-15 22:12:05][INFO] SIM_BRIDGE: Applying parameter heterogeneity to neuron parameters...
[2026-05-15 22:12:05][INFO] SIM_BRIDGE: Applied heterogeneity to 4 parameters.
[2026-05-15 22:12:05][INFO] SIM_BRIDGE: Initializing OU process state (tau=15.0ms, sigma=100.0pA)...
[2026-05-15 22:12:05][INFO] SIM_BRIDGE: Generating 3D neuron positions for 18684 neurons...
[2026-05-15 22:12:05][INFO] SIM_BRIDGE: Generating connections (brain-region framework)...
[2026-05-15 22:12:19][INFO] SIM_BRIDGE: inject_explicit_wiring: installed 10392398 synapses across 5 populations.
[2026-05-15 22:12:19][INFO] SIM_BRIDGE: Initializing eligibility traces for 10392398 synapses (capacity: 15588597, dtype: float32)...
[2026-05-15 22:12:19][INFO] SIM_BRIDGE: Initializing STDP state for 18684 neurons...
[2026-05-15 22:12:19][INFO] SIM_BRIDGE: Simulation data initialized for 18684 neurons (3D). Synapses: 10392398. GPU memory: 2.1GB/25.8GB (8.0%)
[sparse-pool bridge] shared_pool=2000, lang_input=8192
[build] 15.0s
[sparse patterns] generated 64 patterns of size 100; mean pairwise overlap (first 20): 5.3 / 100
[sparse topographic prior] GPU-vectorized; ~364800 boost-targets, ~6931200 dampen-targets across 64 sparse patterns (upper bounds; actual = intersection with existing edges)
[topographic prior] 0.2s

[TRAIN] 64 x 400 = 25600 events
  event 500/25600 (39s)
  event 1000/25600 (78s)
  event 1500/25600 (116s)
  event 2000/25600 (155s)
  event 2500/25600 (193s)
  event 3000/25600 (231s)
  event 3500/25600 (268s)
  event 4000/25600 (308s)
  event 4500/25600 (347s)
  event 5000/25600 (387s)
  event 5500/25600 (427s)
  event 6000/25600 (464s)
  event 6500/25600 (501s)
  event 7000/25600 (539s)
  event 7500/25600 (577s)
  event 8000/25600 (615s)
  event 8500/25600 (656s)
  event 9000/25600 (696s)
  event 9500/25600 (736s)
  event 10000/25600 (775s)
  event 10500/25600 (813s)
  event 11000/25600 (851s)
  event 11500/25600 (888s)
  event 12000/25600 (926s)
  event 12500/25600 (963s)
  event 13000/25600 (1000s)
  event 13500/25600 (1041s)
  event 14000/25600 (1081s)
  event 14500/25600 (1118s)
  event 15000/25600 (1157s)
  event 15500/25600 (1201s)
  event 16000/25600 (1238s)
  event 16500/25600 (1274s)
  event 17000/25600 (1311s)
  event 17500/25600 (1348s)
  event 18000/25600 (1386s)
  event 18500/25600 (1423s)
  event 19000/25600 (1460s)
  event 19500/25600 (1498s)
  event 20000/25600 (1535s)
  event 20500/25600 (1572s)
  event 21000/25600 (1609s)
  event 21500/25600 (1646s)
  event 22000/25600 (1682s)
  event 22500/25600 (1719s)
  event 23000/25600 (1756s)
  event 23500/25600 (1792s)
  event 24000/25600 (1830s)
  event 24500/25600 (1867s)
  event 25000/25600 (1904s)
  event 25500/25600 (1941s)
[TRAIN] 1949.0s total

[ENGRAM] capturing 64 tags with teacher-bias
[ENGRAM] 20.1s

[EVAL] sparse-pattern discrimination
[EVAL] 60.1s

[RESULTS] 63/64 top-1 (98.4%), 63/64 top-5 (98.4%)
  chance top-1: 1.6%, observed/chance: 63.0x
[2026-05-15 22:46:08][INFO] SIM_BRIDGE: Saving checkpoint to research/findings/raw/g11_bg/g20_sparse_bridges_320/bridgeB_verbs_sparse64.simstate.h5...
[2026-05-15 22:46:10][SUCCESS] SIM_BRIDGE: Checkpoint saved successfully to research/findings/raw/g11_bg/g20_sparse_bridges_320/bridgeB_verbs_sparse64.simstate.h5
[SAVE] -> research/findings/raw/g11_bg/g20_sparse_bridges_320/bridgeB_verbs_sparse64.simstate.h5
[OUT] -> research/findings/raw/g11_bg/g20_sparse_bridges_320/bridgeB_verbs_sparse64.json
[chain320] 05/15/2026 22:46:11 === sparse64 bridgeC_adj (64 concepts) ===
=== concept_pool_sparse_distributed (seed=42, n_concepts=64) ===
  Shared pool: 2000 neurons
  Pattern size: 100 per concept (sparse, random)
  Substrate per concept: 100 neurons (vs contiguous-slice's 31)

[2026-05-15 22:46:12][INFO] SIM_BRIDGE: CuPy using GPU: NVIDIA GeForce RTX 3090 (24.0 GB), mempool limit: 80%
[2026-05-15 22:46:12][INFO] SIM_BRIDGE: Initializing simulation data for model: IZHIKEVICH (3D)... (playback_init: False)
[2026-05-15 22:46:12][INFO] SIM_BRIDGE: Brain-region framework: 4 regions, 18684 total neurons, 4 pathways.
[2026-05-15 22:46:12][INFO] SIM_BRIDGE: RNG initialized with seed: 42
[2026-05-15 22:46:12][INFO] SIM_BRIDGE: Initializing Izhikevich model specifics for 18684 neurons...
[2026-05-15 22:46:12][INFO] SIM_BRIDGE: Applying parameter heterogeneity to neuron parameters...
[2026-05-15 22:46:12][INFO] SIM_BRIDGE: Applied heterogeneity to 4 parameters.
[2026-05-15 22:46:12][INFO] SIM_BRIDGE: Initializing OU process state (tau=15.0ms, sigma=100.0pA)...
[2026-05-15 22:46:12][INFO] SIM_BRIDGE: Generating 3D neuron positions for 18684 neurons...
[2026-05-15 22:46:12][INFO] SIM_BRIDGE: Generating connections (brain-region framework)...
[2026-05-15 22:46:25][INFO] SIM_BRIDGE: inject_explicit_wiring: installed 10392398 synapses across 5 populations.
[2026-05-15 22:46:26][INFO] SIM_BRIDGE: Initializing eligibility traces for 10392398 synapses (capacity: 15588597, dtype: float32)...
[2026-05-15 22:46:26][INFO] SIM_BRIDGE: Initializing STDP state for 18684 neurons...
[2026-05-15 22:46:26][INFO] SIM_BRIDGE: Simulation data initialized for 18684 neurons (3D). Synapses: 10392398. GPU memory: 2.1GB/25.8GB (8.0%)
[sparse-pool bridge] shared_pool=2000, lang_input=8192
[build] 14.9s
[sparse patterns] generated 64 patterns of size 100; mean pairwise overlap (first 20): 5.3 / 100
[sparse topographic prior] GPU-vectorized; ~364800 boost-targets, ~6931200 dampen-targets across 64 sparse patterns (upper bounds; actual = intersection with existing edges)
[topographic prior] 0.1s

[TRAIN] 64 x 400 = 25600 events
  event 500/25600 (37s)
  event 1000/25600 (78s)
  event 1500/25600 (117s)
  event 2000/25600 (156s)
  event 2500/25600 (194s)
  event 3000/25600 (231s)
  event 3500/25600 (268s)
  event 4000/25600 (307s)
  event 4500/25600 (344s)
  event 5000/25600 (381s)
  event 5500/25600 (419s)
  event 6000/25600 (459s)
  event 6500/25600 (499s)
  event 7000/25600 (537s)
  event 7500/25600 (574s)
  event 8000/25600 (611s)
  event 8500/25600 (649s)
  event 9000/25600 (687s)
  event 9500/25600 (725s)
  event 10000/25600 (762s)
  event 10500/25600 (802s)
  event 11000/25600 (841s)
  event 11500/25600 (882s)
  event 12000/25600 (921s)
  event 12500/25600 (958s)
  event 13000/25600 (994s)
  event 13500/25600 (1033s)
  event 14000/25600 (1070s)
  event 14500/25600 (1107s)
  event 15000/25600 (1146s)
  event 15500/25600 (1185s)
  event 16000/25600 (1224s)
  event 16500/25600 (1262s)
  event 17000/25600 (1299s)
  event 17500/25600 (1336s)
  event 18000/25600 (1373s)
  event 18500/25600 (1410s)
  event 19000/25600 (1447s)
  event 19500/25600 (1484s)
  event 20000/25600 (1525s)
  event 20500/25600 (1564s)
  event 21000/25600 (1603s)
  event 21500/25600 (1642s)
  event 22000/25600 (1679s)
  event 22500/25600 (1716s)
  event 23000/25600 (1755s)
  event 23500/25600 (1792s)
  event 24000/25600 (1828s)
  event 24500/25600 (1869s)
  event 25000/25600 (1906s)
  event 25500/25600 (1945s)
[TRAIN] 1952.4s total

[ENGRAM] capturing 64 tags with teacher-bias
[ENGRAM] 21.6s

[EVAL] sparse-pattern discrimination
[EVAL] 59.6s

[RESULTS] 63/64 top-1 (98.4%), 63/64 top-5 (98.4%)
  chance top-1: 1.6%, observed/chance: 63.0x
[2026-05-15 23:20:20][INFO] SIM_BRIDGE: Saving checkpoint to research/findings/raw/g11_bg/g20_sparse_bridges_320/bridgeC_adj_sparse64.simstate.h5...
[2026-05-15 23:20:22][SUCCESS] SIM_BRIDGE: Checkpoint saved successfully to research/findings/raw/g11_bg/g20_sparse_bridges_320/bridgeC_adj_sparse64.simstate.h5
[SAVE] -> research/findings/raw/g11_bg/g20_sparse_bridges_320/bridgeC_adj_sparse64.simstate.h5
[OUT] -> research/findings/raw/g11_bg/g20_sparse_bridges_320/bridgeC_adj_sparse64.json
[chain320] 05/15/2026 23:20:22 === sparse64 bridgeD_spatial (64 concepts) ===
=== concept_pool_sparse_distributed (seed=42, n_concepts=64) ===
  Shared pool: 2000 neurons
  Pattern size: 100 per concept (sparse, random)
  Substrate per concept: 100 neurons (vs contiguous-slice's 31)

[2026-05-15 23:20:24][INFO] SIM_BRIDGE: CuPy using GPU: NVIDIA GeForce RTX 3090 (24.0 GB), mempool limit: 80%
[2026-05-15 23:20:24][INFO] SIM_BRIDGE: Initializing simulation data for model: IZHIKEVICH (3D)... (playback_init: False)
[2026-05-15 23:20:24][INFO] SIM_BRIDGE: Brain-region framework: 4 regions, 18684 total neurons, 4 pathways.
[2026-05-15 23:20:24][INFO] SIM_BRIDGE: RNG initialized with seed: 42
[2026-05-15 23:20:24][INFO] SIM_BRIDGE: Initializing Izhikevich model specifics for 18684 neurons...
[2026-05-15 23:20:24][INFO] SIM_BRIDGE: Applying parameter heterogeneity to neuron parameters...
[2026-05-15 23:20:24][INFO] SIM_BRIDGE: Applied heterogeneity to 4 parameters.
[2026-05-15 23:20:24][INFO] SIM_BRIDGE: Initializing OU process state (tau=15.0ms, sigma=100.0pA)...
[2026-05-15 23:20:24][INFO] SIM_BRIDGE: Generating 3D neuron positions for 18684 neurons...
[2026-05-15 23:20:24][INFO] SIM_BRIDGE: Generating connections (brain-region framework)...
[2026-05-15 23:20:37][INFO] SIM_BRIDGE: inject_explicit_wiring: installed 10392398 synapses across 5 populations.
[2026-05-15 23:20:37][INFO] SIM_BRIDGE: Initializing eligibility traces for 10392398 synapses (capacity: 15588597, dtype: float32)...
[2026-05-15 23:20:37][INFO] SIM_BRIDGE: Initializing STDP state for 18684 neurons...
[2026-05-15 23:20:37][INFO] SIM_BRIDGE: Simulation data initialized for 18684 neurons (3D). Synapses: 10392398. GPU memory: 2.1GB/25.8GB (8.0%)
[sparse-pool bridge] shared_pool=2000, lang_input=8192
[build] 15.1s
[sparse patterns] generated 64 patterns of size 100; mean pairwise overlap (first 20): 5.3 / 100
[sparse topographic prior] GPU-vectorized; ~364800 boost-targets, ~6931200 dampen-targets across 64 sparse patterns (upper bounds; actual = intersection with existing edges)
[topographic prior] 0.2s

[TRAIN] 64 x 400 = 25600 events
  event 500/25600 (37s)
  event 1000/25600 (76s)
  event 1500/25600 (113s)
  event 2000/25600 (150s)
  event 2500/25600 (190s)
  event 3000/25600 (230s)
  event 3500/25600 (269s)
  event 4000/25600 (307s)
  event 4500/25600 (343s)
  event 5000/25600 (380s)
  event 5500/25600 (418s)
  event 6000/25600 (455s)
  event 6500/25600 (492s)
  event 7000/25600 (531s)
  event 7500/25600 (570s)
  event 8000/25600 (609s)
  event 8500/25600 (647s)
  event 9000/25600 (685s)
  event 9500/25600 (722s)
  event 10000/25600 (760s)
  event 10500/25600 (798s)
  event 11000/25600 (835s)
  event 11500/25600 (872s)
  event 12000/25600 (912s)
  event 12500/25600 (952s)
  event 13000/25600 (990s)
  event 13500/25600 (1029s)
  event 14000/25600 (1066s)
  event 14500/25600 (1103s)
  event 15000/25600 (1142s)
  event 15500/25600 (1178s)
  event 16000/25600 (1218s)
  event 16500/25600 (1259s)
  event 17000/25600 (1298s)
  event 17500/25600 (1337s)
  event 18000/25600 (1375s)
  event 18500/25600 (1412s)
  event 19000/25600 (1449s)
  event 19500/25600 (1487s)
  event 20000/25600 (1524s)
  event 20500/25600 (1561s)
  event 21000/25600 (1599s)
  event 21500/25600 (1639s)
  event 22000/25600 (1678s)
  event 22500/25600 (1715s)
  event 23000/25600 (1753s)
  event 23500/25600 (1790s)
  event 24000/25600 (1827s)
  event 24500/25600 (1866s)
  event 25000/25600 (1903s)
  event 25500/25600 (1940s)
[TRAIN] 1947.5s total

[ENGRAM] capturing 64 tags with teacher-bias
[ENGRAM] 21.8s

[EVAL] sparse-pattern discrimination
[EVAL] 62.7s

[RESULTS] 63/64 top-1 (98.4%), 63/64 top-5 (98.4%)
  chance top-1: 1.6%, observed/chance: 63.0x
[2026-05-15 23:54:30][INFO] SIM_BRIDGE: Saving checkpoint to research/findings/raw/g11_bg/g20_sparse_bridges_320/bridgeD_spatial_sparse64.simstate.h5...
[2026-05-15 23:54:32][SUCCESS] SIM_BRIDGE: Checkpoint saved successfully to research/findings/raw/g11_bg/g20_sparse_bridges_320/bridgeD_spatial_sparse64.simstate.h5
[SAVE] -> research/findings/raw/g11_bg/g20_sparse_bridges_320/bridgeD_spatial_sparse64.simstate.h5
[OUT] -> research/findings/raw/g11_bg/g20_sparse_bridges_320/bridgeD_spatial_sparse64.json
[chain320] 05/15/2026 23:54:32 === sparse64 bridgeE_functional (64 concepts) ===
=== concept_pool_sparse_distributed (seed=42, n_concepts=64) ===
  Shared pool: 2000 neurons
  Pattern size: 100 per concept (sparse, random)
  Substrate per concept: 100 neurons (vs contiguous-slice's 31)

[2026-05-15 23:54:33][INFO] SIM_BRIDGE: CuPy using GPU: NVIDIA GeForce RTX 3090 (24.0 GB), mempool limit: 80%
[2026-05-15 23:54:33][INFO] SIM_BRIDGE: Initializing simulation data for model: IZHIKEVICH (3D)... (playback_init: False)
[2026-05-15 23:54:33][INFO] SIM_BRIDGE: Brain-region framework: 4 regions, 18684 total neurons, 4 pathways.
[2026-05-15 23:54:33][INFO] SIM_BRIDGE: RNG initialized with seed: 42
[2026-05-15 23:54:33][INFO] SIM_BRIDGE: Initializing Izhikevich model specifics for 18684 neurons...
[2026-05-15 23:54:33][INFO] SIM_BRIDGE: Applying parameter heterogeneity to neuron parameters...
[2026-05-15 23:54:33][INFO] SIM_BRIDGE: Applied heterogeneity to 4 parameters.
[2026-05-15 23:54:33][INFO] SIM_BRIDGE: Initializing OU process state (tau=15.0ms, sigma=100.0pA)...
[2026-05-15 23:54:33][INFO] SIM_BRIDGE: Generating 3D neuron positions for 18684 neurons...
[2026-05-15 23:54:33][INFO] SIM_BRIDGE: Generating connections (brain-region framework)...
[2026-05-15 23:54:47][INFO] SIM_BRIDGE: inject_explicit_wiring: installed 10392398 synapses across 5 populations.
[2026-05-15 23:54:47][INFO] SIM_BRIDGE: Initializing eligibility traces for 10392398 synapses (capacity: 15588597, dtype: float32)...
[2026-05-15 23:54:47][INFO] SIM_BRIDGE: Initializing STDP state for 18684 neurons...
[2026-05-15 23:54:47][INFO] SIM_BRIDGE: Simulation data initialized for 18684 neurons (3D). Synapses: 10392398. GPU memory: 2.1GB/25.8GB (8.0%)
[sparse-pool bridge] shared_pool=2000, lang_input=8192
[build] 14.8s
[sparse patterns] generated 64 patterns of size 100; mean pairwise overlap (first 20): 5.3 / 100
[sparse topographic prior] GPU-vectorized; ~364800 boost-targets, ~6931200 dampen-targets across 64 sparse patterns (upper bounds; actual = intersection with existing edges)
[topographic prior] 0.1s

[TRAIN] 64 x 400 = 25600 events
  event 500/25600 (38s)
  event 1000/25600 (76s)
  event 1500/25600 (113s)
  event 2000/25600 (150s)
  event 2500/25600 (187s)
  event 3000/25600 (224s)
  event 3500/25600 (261s)
  event 4000/25600 (302s)
  event 4500/25600 (342s)
  event 5000/25600 (379s)
  event 5500/25600 (417s)
  event 6000/25600 (454s)
  event 6500/25600 (491s)
  event 7000/25600 (529s)
  event 7500/25600 (566s)
  event 8000/25600 (602s)
  event 8500/25600 (641s)
  event 9000/25600 (680s)
  event 9500/25600 (719s)
  event 10000/25600 (757s)
  event 10500/25600 (794s)
  event 11000/25600 (830s)
  event 11500/25600 (867s)
  event 12000/25600 (905s)
  event 12500/25600 (942s)
  event 13000/25600 (978s)
  event 13500/25600 (1018s)
  event 14000/25600 (1057s)
  event 14500/25600 (1095s)
  event 15000/25600 (1134s)
  event 15500/25600 (1171s)
  event 16000/25600 (1207s)
  event 16500/25600 (1246s)
  event 17000/25600 (1282s)
  event 17500/25600 (1319s)
  event 18000/25600 (1358s)
  event 18500/25600 (1396s)
  event 19000/25600 (1434s)
  event 19500/25600 (1472s)
  event 20000/25600 (1508s)
  event 20500/25600 (1545s)
  event 21000/25600 (1582s)
  event 21500/25600 (1619s)
  event 22000/25600 (1656s)
  event 22500/25600 (1692s)
  event 23000/25600 (1732s)
  event 23500/25600 (1771s)
  event 24000/25600 (1810s)
  event 24500/25600 (1848s)
  event 25000/25600 (1885s)
  event 25500/25600 (1922s)
[TRAIN] 1929.3s total

[ENGRAM] capturing 64 tags with teacher-bias
[ENGRAM] 20.6s

[EVAL] sparse-pattern discrimination
[EVAL] 58.9s

[RESULTS] 63/64 top-1 (98.4%), 63/64 top-5 (98.4%)
  chance top-1: 1.6%, observed/chance: 63.0x
[2026-05-16 00:28:16][INFO] SIM_BRIDGE: Saving checkpoint to research/findings/raw/g11_bg/g20_sparse_bridges_320/bridgeE_functional_sparse64.simstate.h5...
[2026-05-16 00:28:18][SUCCESS] SIM_BRIDGE: Checkpoint saved successfully to research/findings/raw/g11_bg/g20_sparse_bridges_320/bridgeE_functional_sparse64.simstate.h5
[SAVE] -> research/findings/raw/g11_bg/g20_sparse_bridges_320/bridgeE_functional_sparse64.simstate.h5
[OUT] -> research/findings/raw/g11_bg/g20_sparse_bridges_320/bridgeE_functional_sparse64.json
[chain320] 05/16/2026 00:28:19 DONE: 5 sparse64 bridges trained (320 concepts)
