[chain] 05/15/2026 11:16:28 === bridgeA_nouns seed 43 ===
=== concept_pool_demo_shared (seed=43, n_concepts=32) ===
  Architecture: 1 shared concept pool (1600 neurons)
  Vocab: ['apple', 'river', 'dog', 'cat', 'bird', 'fish', 'mouse', 'frog', 'tree', 'flower']...
  Per-concept slice: 50 neurons (total: 1600 of 1600)

[2026-05-15 11:16:29][INFO] SIM_BRIDGE: CuPy using GPU: NVIDIA GeForce RTX 3090 (24.0 GB), mempool limit: 80%
[2026-05-15 11:16:29][INFO] SIM_BRIDGE: Initializing simulation data for model: IZHIKEVICH (3D)... (playback_init: False)
[2026-05-15 11:16:29][INFO] SIM_BRIDGE: Brain-region framework: 4 regions, 18184 total neurons, 4 pathways.
[2026-05-15 11:16:29][INFO] SIM_BRIDGE: RNG initialized with seed: 43
[2026-05-15 11:16:29][INFO] SIM_BRIDGE: Initializing Izhikevich model specifics for 18184 neurons...
[2026-05-15 11:16:29][INFO] SIM_BRIDGE: Applying parameter heterogeneity to neuron parameters...
[2026-05-15 11:16:29][INFO] SIM_BRIDGE: Applied heterogeneity to 4 parameters.
[2026-05-15 11:16:29][INFO] SIM_BRIDGE: Initializing OU process state (tau=15.0ms, sigma=100.0pA)...
[2026-05-15 11:16:29][INFO] SIM_BRIDGE: Generating 3D neuron positions for 18184 neurons...
[2026-05-15 11:16:29][INFO] SIM_BRIDGE: Generating connections (brain-region framework)...
[2026-05-15 11:16:40][INFO] SIM_BRIDGE: inject_explicit_wiring: installed 8181684 synapses across 5 populations.
[2026-05-15 11:16:40][INFO] SIM_BRIDGE: Initializing eligibility traces for 8181684 synapses (capacity: 12272526, dtype: float32)...
[2026-05-15 11:16:40][INFO] SIM_BRIDGE: Initializing STDP state for 18184 neurons...
[2026-05-15 11:16:40][INFO] SIM_BRIDGE: Simulation data initialized for 18184 neurons (3D). Synapses: 8181684. GPU memory: 1.9GB/25.8GB (7.4%)
[shared-pool bridge] 18184 neurons total: shared_concept_pool=1600, lang_input=8192, lang_output=8192
[build] 12.3s
[topographic prior] applied: 118065 boosted (10.0x), 3658068 dampened (0.1x) on 32 concept slices
[topographic prior] 6.3s

[TRAIN] 32 concepts x 400 events = 12800 total events
  interleaved event 200/12800 (15s)
  interleaved event 400/12800 (29s)
  interleaved event 600/12800 (44s)
  interleaved event 800/12800 (58s)
  interleaved event 1000/12800 (72s)
  interleaved event 1200/12800 (88s)
  interleaved event 1400/12800 (105s)
  interleaved event 1600/12800 (119s)
  interleaved event 1800/12800 (133s)
  interleaved event 2000/12800 (147s)
  interleaved event 2200/12800 (163s)
  interleaved event 2400/12800 (177s)
  interleaved event 2600/12800 (190s)
  interleaved event 2800/12800 (204s)
  interleaved event 3000/12800 (218s)
  interleaved event 3200/12800 (232s)
  interleaved event 3400/12800 (246s)
  interleaved event 3600/12800 (260s)
  interleaved event 3800/12800 (274s)
  interleaved event 4000/12800 (287s)
  interleaved event 4200/12800 (301s)
  interleaved event 4400/12800 (315s)
  interleaved event 4600/12800 (329s)
  interleaved event 4800/12800 (343s)
  interleaved event 5000/12800 (357s)
  interleaved event 5200/12800 (370s)
  interleaved event 5400/12800 (385s)
  interleaved event 5600/12800 (401s)
  interleaved event 5800/12800 (416s)
  interleaved event 6000/12800 (431s)
  interleaved event 6200/12800 (446s)
  interleaved event 6400/12800 (460s)
  interleaved event 6600/12800 (474s)
  interleaved event 6800/12800 (487s)
  interleaved event 7000/12800 (501s)
  interleaved event 7200/12800 (514s)
  interleaved event 7400/12800 (528s)
  interleaved event 7600/12800 (542s)
  interleaved event 7800/12800 (556s)
  interleaved event 8000/12800 (570s)
  interleaved event 8200/12800 (584s)
  interleaved event 8400/12800 (598s)
  interleaved event 8600/12800 (612s)
  interleaved event 8800/12800 (626s)
  interleaved event 9000/12800 (641s)
  interleaved event 9200/12800 (654s)
  interleaved event 9400/12800 (668s)
  interleaved event 9600/12800 (682s)
  interleaved event 9800/12800 (696s)
  interleaved event 10000/12800 (709s)
  interleaved event 10200/12800 (723s)
  interleaved event 10400/12800 (737s)
  interleaved event 10600/12800 (752s)
  interleaved event 10800/12800 (766s)
  interleaved event 11000/12800 (780s)
  interleaved event 11200/12800 (794s)
  interleaved event 11400/12800 (811s)
  interleaved event 11600/12800 (827s)
  interleaved event 11800/12800 (843s)
  interleaved event 12000/12800 (858s)
  interleaved event 12200/12800 (874s)
  interleaved event 12400/12800 (890s)
  interleaved event 12600/12800 (910s)
  interleaved event 12800/12800 (925s)
[TRAIN] 925.0s total

[ENGRAM] capturing 32 engram tags...
[ENGRAM] 4.5s

[EVAL-SLICE] discrimination via per-slice firing rate...
[EVAL-SLICE] 20.7s

[RESULTS] 21/32 top-1 (65.6%), 29/32 top-5 (90.6%)

word         rank  tgt_rate   max_off   
apple            1      460.0      241.0
river            1      627.0      297.0
dog              2      136.0      164.0
cat              1      204.0      189.0
bird             1      588.0      234.0
fish            21       49.0      199.0
mouse            1       92.0       87.0
frog             1      278.0      184.0
tree             1      344.0      186.0
flower           1      259.0      179.0
leaf             1      192.0      173.0
fruit            2      179.0      190.0
ball             5      140.0      218.0
key              1      650.0      229.0
book             1      595.0      192.0
cup              3      367.0      377.0
hand             7      127.0      204.0
foot             1      255.0      214.0
head             3      142.0      256.0
eye              1      566.0      123.0
person           1      226.0      176.0
baby            12      100.0      301.0
child            1      248.0      236.0
friend           1      465.0      178.0
house            2      157.0      324.0
road             1      262.0      211.0
garden           1      237.0      203.0
park             1      485.0      308.0
water            1      286.0      214.0
fire             2      213.0      232.0
sun              1      314.0      116.0
moon             2      158.0      171.0

  chance top-1: 3.1%, chance top-5: 15.6%
  observed: top-1 65.6% (21.0x chance)
[2026-05-15 11:32:37][INFO] SIM_BRIDGE: Saving checkpoint to research/findings/raw/g11_bg/g20_bridges/bridgeA_nouns_seed43.simstate.h5...
[2026-05-15 11:32:39][SUCCESS] SIM_BRIDGE: Checkpoint saved successfully to research/findings/raw/g11_bg/g20_bridges/bridgeA_nouns_seed43.simstate.h5
[SAVE] bridge -> research/findings/raw/g11_bg/g20_bridges/bridgeA_nouns_seed43.simstate.h5
[OUT] -> research/findings/raw/g11_bg/g20_bridges/bridgeA_nouns_seed43.json
[chain] 05/15/2026 11:32:39 === bridgeB_verbs seed 43 ===
=== concept_pool_demo_shared (seed=43, n_concepts=32) ===
  Architecture: 1 shared concept pool (1600 neurons)
  Vocab: ['go', 'come', 'run', 'walk', 'jump', 'fall', 'fly', 'swim', 'look', 'see']...
  Per-concept slice: 50 neurons (total: 1600 of 1600)

[2026-05-15 11:32:40][INFO] SIM_BRIDGE: CuPy using GPU: NVIDIA GeForce RTX 3090 (24.0 GB), mempool limit: 80%
[2026-05-15 11:32:40][INFO] SIM_BRIDGE: Initializing simulation data for model: IZHIKEVICH (3D)... (playback_init: False)
[2026-05-15 11:32:40][INFO] SIM_BRIDGE: Brain-region framework: 4 regions, 18184 total neurons, 4 pathways.
[2026-05-15 11:32:40][INFO] SIM_BRIDGE: RNG initialized with seed: 43
[2026-05-15 11:32:40][INFO] SIM_BRIDGE: Initializing Izhikevich model specifics for 18184 neurons...
[2026-05-15 11:32:40][INFO] SIM_BRIDGE: Applying parameter heterogeneity to neuron parameters...
[2026-05-15 11:32:40][INFO] SIM_BRIDGE: Applied heterogeneity to 4 parameters.
[2026-05-15 11:32:40][INFO] SIM_BRIDGE: Initializing OU process state (tau=15.0ms, sigma=100.0pA)...
[2026-05-15 11:32:40][INFO] SIM_BRIDGE: Generating 3D neuron positions for 18184 neurons...
[2026-05-15 11:32:40][INFO] SIM_BRIDGE: Generating connections (brain-region framework)...
[2026-05-15 11:32:51][INFO] SIM_BRIDGE: inject_explicit_wiring: installed 8181684 synapses across 5 populations.
[2026-05-15 11:32:51][INFO] SIM_BRIDGE: Initializing eligibility traces for 8181684 synapses (capacity: 12272526, dtype: float32)...
[2026-05-15 11:32:51][INFO] SIM_BRIDGE: Initializing STDP state for 18184 neurons...
[2026-05-15 11:32:51][INFO] SIM_BRIDGE: Simulation data initialized for 18184 neurons (3D). Synapses: 8181684. GPU memory: 1.9GB/25.8GB (7.4%)
[shared-pool bridge] 18184 neurons total: shared_concept_pool=1600, lang_input=8192, lang_output=8192
[build] 12.3s
[topographic prior] applied: 118065 boosted (10.0x), 3658068 dampened (0.1x) on 32 concept slices
[topographic prior] 5.9s

[TRAIN] 32 concepts x 400 events = 12800 total events
  interleaved event 200/12800 (14s)
  interleaved event 400/12800 (28s)
  interleaved event 600/12800 (43s)
  interleaved event 800/12800 (56s)
  interleaved event 1000/12800 (70s)
  interleaved event 1200/12800 (84s)
  interleaved event 1400/12800 (98s)
  interleaved event 1600/12800 (112s)
  interleaved event 1800/12800 (126s)
  interleaved event 2000/12800 (141s)
  interleaved event 2200/12800 (156s)
  interleaved event 2400/12800 (170s)
  interleaved event 2600/12800 (186s)
  interleaved event 2800/12800 (201s)
  interleaved event 3000/12800 (215s)
  interleaved event 3200/12800 (229s)
  interleaved event 3400/12800 (243s)
  interleaved event 3600/12800 (257s)
  interleaved event 3800/12800 (271s)
  interleaved event 4000/12800 (285s)
  interleaved event 4200/12800 (299s)
  interleaved event 4400/12800 (313s)
  interleaved event 4600/12800 (327s)
  interleaved event 4800/12800 (341s)
  interleaved event 5000/12800 (355s)
  interleaved event 5200/12800 (369s)
  interleaved event 5400/12800 (383s)
  interleaved event 5600/12800 (397s)
  interleaved event 5800/12800 (411s)
  interleaved event 6000/12800 (425s)
  interleaved event 6200/12800 (439s)
  interleaved event 6400/12800 (453s)
  interleaved event 6600/12800 (467s)
  interleaved event 6800/12800 (482s)
  interleaved event 7000/12800 (498s)
  interleaved event 7200/12800 (515s)
  interleaved event 7400/12800 (529s)
  interleaved event 7600/12800 (543s)
  interleaved event 7800/12800 (557s)
  interleaved event 8000/12800 (571s)
  interleaved event 8200/12800 (585s)
  interleaved event 8400/12800 (599s)
  interleaved event 8600/12800 (613s)
  interleaved event 8800/12800 (627s)
  interleaved event 9000/12800 (641s)
  interleaved event 9200/12800 (655s)
  interleaved event 9400/12800 (669s)
  interleaved event 9600/12800 (683s)
  interleaved event 9800/12800 (697s)
  interleaved event 10000/12800 (711s)
  interleaved event 10200/12800 (725s)
  interleaved event 10400/12800 (739s)
  interleaved event 10600/12800 (753s)
  interleaved event 10800/12800 (768s)
  interleaved event 11000/12800 (782s)
  interleaved event 11200/12800 (796s)
  interleaved event 11400/12800 (810s)
  interleaved event 11600/12800 (824s)
  interleaved event 11800/12800 (838s)
  interleaved event 12000/12800 (852s)
  interleaved event 12200/12800 (866s)
  interleaved event 12400/12800 (880s)
  interleaved event 12600/12800 (895s)
  interleaved event 12800/12800 (909s)
[TRAIN] 909.4s total

[ENGRAM] capturing 32 engram tags...
[ENGRAM] 4.4s

[EVAL-SLICE] discrimination via per-slice firing rate...
[EVAL-SLICE] 18.6s

[RESULTS] 21/32 top-1 (65.6%), 29/32 top-5 (90.6%)

word         rank  tgt_rate   max_off   
go               1      460.0      241.0
come             1      627.0      297.0
run              2      136.0      164.0
walk             1      204.0      189.0
jump             1      588.0      234.0
fall            21       49.0      199.0
fly              1       92.0       87.0
swim             1      278.0      184.0
look             1      344.0      186.0
see              1      259.0      179.0
hear             1      192.0      173.0
listen           2      179.0      190.0
watch            5      140.0      218.0
find             1      650.0      229.0
push             1      595.0      192.0
pull             3      367.0      377.0
open             7      127.0      204.0
close            1      255.0      214.0
give             3      142.0      256.0
take             1      566.0      123.0
hold             1      226.0      176.0
drop            12      100.0      301.0
speak            1      248.0      236.0
read             1      465.0      178.0
write            2      157.0      324.0
say              1      262.0      211.0
eat              1      237.0      203.0
drink            1      485.0      308.0
sleep            1      286.0      214.0
wake             2      213.0      232.0
stop             1      314.0      116.0
wait             2      158.0      171.0

  chance top-1: 3.1%, chance top-5: 15.6%
  observed: top-1 65.6% (21.0x chance)
[2026-05-15 11:48:30][INFO] SIM_BRIDGE: Saving checkpoint to research/findings/raw/g11_bg/g20_bridges/bridgeB_verbs_seed43.simstate.h5...
[2026-05-15 11:48:32][SUCCESS] SIM_BRIDGE: Checkpoint saved successfully to research/findings/raw/g11_bg/g20_bridges/bridgeB_verbs_seed43.simstate.h5
[SAVE] bridge -> research/findings/raw/g11_bg/g20_bridges/bridgeB_verbs_seed43.simstate.h5
[OUT] -> research/findings/raw/g11_bg/g20_bridges/bridgeB_verbs_seed43.json
[chain] 05/15/2026 11:48:32 === bridgeC_adj seed 43 ===
=== concept_pool_demo_shared (seed=43, n_concepts=32) ===
  Architecture: 1 shared concept pool (1600 neurons)
  Vocab: ['big', 'small', 'tall', 'short', 'long', 'wide', 'hot', 'cold', 'warm', 'cool']...
  Per-concept slice: 50 neurons (total: 1600 of 1600)

[2026-05-15 11:48:33][INFO] SIM_BRIDGE: CuPy using GPU: NVIDIA GeForce RTX 3090 (24.0 GB), mempool limit: 80%
[2026-05-15 11:48:33][INFO] SIM_BRIDGE: Initializing simulation data for model: IZHIKEVICH (3D)... (playback_init: False)
[2026-05-15 11:48:33][INFO] SIM_BRIDGE: Brain-region framework: 4 regions, 18184 total neurons, 4 pathways.
[2026-05-15 11:48:33][INFO] SIM_BRIDGE: RNG initialized with seed: 43
[2026-05-15 11:48:33][INFO] SIM_BRIDGE: Initializing Izhikevich model specifics for 18184 neurons...
[2026-05-15 11:48:33][INFO] SIM_BRIDGE: Applying parameter heterogeneity to neuron parameters...
[2026-05-15 11:48:33][INFO] SIM_BRIDGE: Applied heterogeneity to 4 parameters.
[2026-05-15 11:48:33][INFO] SIM_BRIDGE: Initializing OU process state (tau=15.0ms, sigma=100.0pA)...
[2026-05-15 11:48:33][INFO] SIM_BRIDGE: Generating 3D neuron positions for 18184 neurons...
[2026-05-15 11:48:33][INFO] SIM_BRIDGE: Generating connections (brain-region framework)...
[2026-05-15 11:48:44][INFO] SIM_BRIDGE: inject_explicit_wiring: installed 8181684 synapses across 5 populations.
[2026-05-15 11:48:44][INFO] SIM_BRIDGE: Initializing eligibility traces for 8181684 synapses (capacity: 12272526, dtype: float32)...
[2026-05-15 11:48:44][INFO] SIM_BRIDGE: Initializing STDP state for 18184 neurons...
[2026-05-15 11:48:44][INFO] SIM_BRIDGE: Simulation data initialized for 18184 neurons (3D). Synapses: 8181684. GPU memory: 1.9GB/25.8GB (7.4%)
[shared-pool bridge] 18184 neurons total: shared_concept_pool=1600, lang_input=8192, lang_output=8192
[build] 12.1s
[topographic prior] applied: 118065 boosted (10.0x), 3658068 dampened (0.1x) on 32 concept slices
[topographic prior] 5.9s

[TRAIN] 32 concepts x 400 events = 12800 total events
  interleaved event 200/12800 (14s)
  interleaved event 400/12800 (28s)
  interleaved event 600/12800 (42s)
  interleaved event 800/12800 (56s)
  interleaved event 1000/12800 (70s)
  interleaved event 1200/12800 (84s)
  interleaved event 1400/12800 (98s)
  interleaved event 1600/12800 (112s)
  interleaved event 1800/12800 (126s)
  interleaved event 2000/12800 (140s)
  interleaved event 2200/12800 (154s)
  interleaved event 2400/12800 (168s)
  interleaved event 2600/12800 (182s)
  interleaved event 2800/12800 (197s)
  interleaved event 3000/12800 (211s)
  interleaved event 3200/12800 (225s)
  interleaved event 3400/12800 (239s)
  interleaved event 3600/12800 (253s)
  interleaved event 3800/12800 (267s)
  interleaved event 4000/12800 (281s)
  interleaved event 4200/12800 (296s)
  interleaved event 4400/12800 (310s)
  interleaved event 4600/12800 (324s)
  interleaved event 4800/12800 (338s)
  interleaved event 5000/12800 (352s)
  interleaved event 5200/12800 (366s)
  interleaved event 5400/12800 (380s)
  interleaved event 5600/12800 (394s)
  interleaved event 5800/12800 (408s)
  interleaved event 6000/12800 (422s)
  interleaved event 6200/12800 (436s)
  interleaved event 6400/12800 (450s)
  interleaved event 6600/12800 (464s)
  interleaved event 6800/12800 (478s)
  interleaved event 7000/12800 (492s)
  interleaved event 7200/12800 (506s)
  interleaved event 7400/12800 (520s)
  interleaved event 7600/12800 (534s)
  interleaved event 7800/12800 (548s)
  interleaved event 8000/12800 (563s)
  interleaved event 8200/12800 (577s)
  interleaved event 8400/12800 (591s)
  interleaved event 8600/12800 (605s)
  interleaved event 8800/12800 (619s)
  interleaved event 9000/12800 (633s)
  interleaved event 9200/12800 (647s)
  interleaved event 9400/12800 (661s)
  interleaved event 9600/12800 (676s)
  interleaved event 9800/12800 (690s)
  interleaved event 10000/12800 (704s)
  interleaved event 10200/12800 (718s)
  interleaved event 10400/12800 (732s)
  interleaved event 10600/12800 (746s)
  interleaved event 10800/12800 (760s)
  interleaved event 11000/12800 (774s)
  interleaved event 11200/12800 (788s)
  interleaved event 11400/12800 (802s)
  interleaved event 11600/12800 (816s)
  interleaved event 11800/12800 (830s)
  interleaved event 12000/12800 (844s)
  interleaved event 12200/12800 (858s)
  interleaved event 12400/12800 (872s)
  interleaved event 12600/12800 (886s)
  interleaved event 12800/12800 (900s)
[TRAIN] 900.8s total

[ENGRAM] capturing 32 engram tags...
[ENGRAM] 4.4s

[EVAL-SLICE] discrimination via per-slice firing rate...
[EVAL-SLICE] 18.7s

[RESULTS] 21/32 top-1 (65.6%), 29/32 top-5 (90.6%)

word         rank  tgt_rate   max_off   
big              1      460.0      241.0
small            1      627.0      297.0
tall             2      136.0      164.0
short            1      204.0      189.0
long             1      588.0      234.0
wide            21       49.0      199.0
hot              1       92.0       87.0
cold             1      278.0      184.0
warm             1      344.0      186.0
cool             1      259.0      179.0
fast             1      192.0      173.0
slow             2      179.0      190.0
red              5      140.0      218.0
blue             1      650.0      229.0
green            1      595.0      192.0
yellow           3      367.0      377.0
white            7      127.0      204.0
black            1      255.0      214.0
happy            3      142.0      256.0
sad              1      566.0      123.0
angry            1      226.0      176.0
scared          12      100.0      301.0
new              1      248.0      236.0
old              1      465.0      178.0
clean            2      157.0      324.0
dirty            1      262.0      211.0
wet              1      237.0      203.0
dry              1      485.0      308.0
hard             1      286.0      214.0
soft             2      213.0      232.0
smooth           1      314.0      116.0
full             2      158.0      171.0

  chance top-1: 3.1%, chance top-5: 15.6%
  observed: top-1 65.6% (21.0x chance)
[2026-05-15 12:04:14][INFO] SIM_BRIDGE: Saving checkpoint to research/findings/raw/g11_bg/g20_bridges/bridgeC_adj_seed43.simstate.h5...
[2026-05-15 12:04:16][SUCCESS] SIM_BRIDGE: Checkpoint saved successfully to research/findings/raw/g11_bg/g20_bridges/bridgeC_adj_seed43.simstate.h5
[SAVE] bridge -> research/findings/raw/g11_bg/g20_bridges/bridgeC_adj_seed43.simstate.h5
[OUT] -> research/findings/raw/g11_bg/g20_bridges/bridgeC_adj_seed43.json
[chain] 05/15/2026 12:04:16 === bridgeD_spatial seed 43 ===
=== concept_pool_demo_shared (seed=43, n_concepts=32) ===
  Architecture: 1 shared concept pool (1600 neurons)
  Vocab: ['north', 'south', 'east', 'west', 'up', 'down', 'left', 'right', 'here', 'there']...
  Per-concept slice: 50 neurons (total: 1600 of 1600)

[2026-05-15 12:04:17][INFO] SIM_BRIDGE: CuPy using GPU: NVIDIA GeForce RTX 3090 (24.0 GB), mempool limit: 80%
[2026-05-15 12:04:17][INFO] SIM_BRIDGE: Initializing simulation data for model: IZHIKEVICH (3D)... (playback_init: False)
[2026-05-15 12:04:17][INFO] SIM_BRIDGE: Brain-region framework: 4 regions, 18184 total neurons, 4 pathways.
[2026-05-15 12:04:17][INFO] SIM_BRIDGE: RNG initialized with seed: 43
[2026-05-15 12:04:18][INFO] SIM_BRIDGE: Initializing Izhikevich model specifics for 18184 neurons...
[2026-05-15 12:04:18][INFO] SIM_BRIDGE: Applying parameter heterogeneity to neuron parameters...
[2026-05-15 12:04:18][INFO] SIM_BRIDGE: Applied heterogeneity to 4 parameters.
[2026-05-15 12:04:18][INFO] SIM_BRIDGE: Initializing OU process state (tau=15.0ms, sigma=100.0pA)...
[2026-05-15 12:04:18][INFO] SIM_BRIDGE: Generating 3D neuron positions for 18184 neurons...
[2026-05-15 12:04:18][INFO] SIM_BRIDGE: Generating connections (brain-region framework)...
[2026-05-15 12:04:28][INFO] SIM_BRIDGE: inject_explicit_wiring: installed 8181684 synapses across 5 populations.
[2026-05-15 12:04:28][INFO] SIM_BRIDGE: Initializing eligibility traces for 8181684 synapses (capacity: 12272526, dtype: float32)...
[2026-05-15 12:04:28][INFO] SIM_BRIDGE: Initializing STDP state for 18184 neurons...
[2026-05-15 12:04:28][INFO] SIM_BRIDGE: Simulation data initialized for 18184 neurons (3D). Synapses: 8181684. GPU memory: 1.9GB/25.8GB (7.4%)
[shared-pool bridge] 18184 neurons total: shared_concept_pool=1600, lang_input=8192, lang_output=8192
[build] 11.9s
[topographic prior] applied: 118065 boosted (10.0x), 3658068 dampened (0.1x) on 32 concept slices
[topographic prior] 6.1s

[TRAIN] 32 concepts x 400 events = 12800 total events
  interleaved event 200/12800 (14s)
  interleaved event 400/12800 (29s)
  interleaved event 600/12800 (45s)
  interleaved event 800/12800 (59s)
  interleaved event 1000/12800 (73s)
  interleaved event 1200/12800 (87s)
  interleaved event 1400/12800 (101s)
  interleaved event 1600/12800 (115s)
  interleaved event 1800/12800 (130s)
  interleaved event 2000/12800 (144s)
  interleaved event 2200/12800 (158s)
  interleaved event 2400/12800 (173s)
  interleaved event 2600/12800 (187s)
  interleaved event 2800/12800 (201s)
  interleaved event 3000/12800 (215s)
  interleaved event 3200/12800 (229s)
  interleaved event 3400/12800 (243s)
  interleaved event 3600/12800 (257s)
  interleaved event 3800/12800 (271s)
  interleaved event 4000/12800 (285s)
  interleaved event 4200/12800 (299s)
  interleaved event 4400/12800 (313s)
  interleaved event 4600/12800 (327s)
  interleaved event 4800/12800 (341s)
  interleaved event 5000/12800 (355s)
  interleaved event 5200/12800 (369s)
  interleaved event 5400/12800 (383s)
  interleaved event 5600/12800 (397s)
  interleaved event 5800/12800 (412s)
  interleaved event 6000/12800 (426s)
  interleaved event 6200/12800 (440s)
  interleaved event 6400/12800 (454s)
  interleaved event 6600/12800 (468s)
  interleaved event 6800/12800 (482s)
  interleaved event 7000/12800 (496s)
  interleaved event 7200/12800 (510s)
  interleaved event 7400/12800 (524s)
  interleaved event 7600/12800 (539s)
  interleaved event 7800/12800 (553s)
  interleaved event 8000/12800 (567s)
  interleaved event 8200/12800 (581s)
  interleaved event 8400/12800 (595s)
  interleaved event 8600/12800 (609s)
  interleaved event 8800/12800 (623s)
  interleaved event 9000/12800 (637s)
  interleaved event 9200/12800 (651s)
  interleaved event 9400/12800 (665s)
  interleaved event 9600/12800 (679s)
  interleaved event 9800/12800 (693s)
  interleaved event 10000/12800 (707s)
  interleaved event 10200/12800 (721s)
  interleaved event 10400/12800 (735s)
  interleaved event 10600/12800 (750s)
  interleaved event 10800/12800 (764s)
  interleaved event 11000/12800 (780s)
  interleaved event 11200/12800 (795s)
  interleaved event 11400/12800 (810s)
  interleaved event 11600/12800 (825s)
  interleaved event 11800/12800 (840s)
  interleaved event 12000/12800 (854s)
  interleaved event 12200/12800 (868s)
  interleaved event 12400/12800 (882s)
  interleaved event 12600/12800 (896s)
  interleaved event 12800/12800 (910s)
[TRAIN] 910.9s total

[ENGRAM] capturing 32 engram tags...
[ENGRAM] 4.4s

[EVAL-SLICE] discrimination via per-slice firing rate...
[EVAL-SLICE] 18.6s

[RESULTS] 21/32 top-1 (65.6%), 29/32 top-5 (90.6%)

word         rank  tgt_rate   max_off   
north            1      460.0      241.0
south            1      627.0      297.0
east             2      136.0      164.0
west             1      204.0      189.0
up               1      588.0      234.0
down            21       49.0      199.0
left             1       92.0       87.0
right            1      278.0      184.0
here             1      344.0      186.0
there            1      259.0      179.0
near             1      192.0      173.0
far              2      179.0      190.0
in               5      140.0      218.0
out              1      650.0      229.0
on               1      595.0      192.0
under            3      367.0      377.0
above            7      127.0      204.0
below            1      255.0      214.0
front            3      142.0      256.0
back             1      566.0      123.0
top              1      226.0      176.0
bottom          12      100.0      301.0
side             1      248.0      236.0
middle           1      465.0      178.0
now              2      157.0      324.0
then             1      262.0      211.0
before           1      237.0      203.0
after            1      485.0      308.0
first            1      286.0      214.0
last             2      213.0      232.0
next             1      314.0      116.0
today            2      158.0      171.0

  chance top-1: 3.1%, chance top-5: 15.6%
  observed: top-1 65.6% (21.0x chance)
[2026-05-15 12:20:08][INFO] SIM_BRIDGE: Saving checkpoint to research/findings/raw/g11_bg/g20_bridges/bridgeD_spatial_seed43.simstate.h5...
[2026-05-15 12:20:10][SUCCESS] SIM_BRIDGE: Checkpoint saved successfully to research/findings/raw/g11_bg/g20_bridges/bridgeD_spatial_seed43.simstate.h5
[SAVE] bridge -> research/findings/raw/g11_bg/g20_bridges/bridgeD_spatial_seed43.simstate.h5
[OUT] -> research/findings/raw/g11_bg/g20_bridges/bridgeD_spatial_seed43.json
[chain] 05/15/2026 12:20:10 === bridgeE_functional seed 43 ===
=== concept_pool_demo_shared (seed=43, n_concepts=32) ===
  Architecture: 1 shared concept pool (1600 neurons)
  Vocab: ['one', 'two', 'three', 'four', 'five', 'many', 'few', 'some', 'all', 'none']...
  Per-concept slice: 50 neurons (total: 1600 of 1600)

[2026-05-15 12:20:12][INFO] SIM_BRIDGE: CuPy using GPU: NVIDIA GeForce RTX 3090 (24.0 GB), mempool limit: 80%
[2026-05-15 12:20:12][INFO] SIM_BRIDGE: Initializing simulation data for model: IZHIKEVICH (3D)... (playback_init: False)
[2026-05-15 12:20:12][INFO] SIM_BRIDGE: Brain-region framework: 4 regions, 18184 total neurons, 4 pathways.
[2026-05-15 12:20:12][INFO] SIM_BRIDGE: RNG initialized with seed: 43
[2026-05-15 12:20:12][INFO] SIM_BRIDGE: Initializing Izhikevich model specifics for 18184 neurons...
[2026-05-15 12:20:12][INFO] SIM_BRIDGE: Applying parameter heterogeneity to neuron parameters...
[2026-05-15 12:20:12][INFO] SIM_BRIDGE: Applied heterogeneity to 4 parameters.
[2026-05-15 12:20:12][INFO] SIM_BRIDGE: Initializing OU process state (tau=15.0ms, sigma=100.0pA)...
[2026-05-15 12:20:12][INFO] SIM_BRIDGE: Generating 3D neuron positions for 18184 neurons...
[2026-05-15 12:20:12][INFO] SIM_BRIDGE: Generating connections (brain-region framework)...
[2026-05-15 12:20:22][INFO] SIM_BRIDGE: inject_explicit_wiring: installed 8181684 synapses across 5 populations.
[2026-05-15 12:20:23][INFO] SIM_BRIDGE: Initializing eligibility traces for 8181684 synapses (capacity: 12272526, dtype: float32)...
[2026-05-15 12:20:23][INFO] SIM_BRIDGE: Initializing STDP state for 18184 neurons...
[2026-05-15 12:20:23][INFO] SIM_BRIDGE: Simulation data initialized for 18184 neurons (3D). Synapses: 8181684. GPU memory: 1.9GB/25.8GB (7.4%)
[shared-pool bridge] 18184 neurons total: shared_concept_pool=1600, lang_input=8192, lang_output=8192
[build] 12.1s
[topographic prior] applied: 118065 boosted (10.0x), 3658068 dampened (0.1x) on 32 concept slices
[topographic prior] 6.0s

[TRAIN] 32 concepts x 400 events = 12800 total events
  interleaved event 200/12800 (14s)
  interleaved event 400/12800 (28s)
  interleaved event 600/12800 (43s)
  interleaved event 800/12800 (57s)
  interleaved event 1000/12800 (71s)
  interleaved event 1200/12800 (85s)
  interleaved event 1400/12800 (99s)
  interleaved event 1600/12800 (113s)
  interleaved event 1800/12800 (127s)
  interleaved event 2000/12800 (142s)
  interleaved event 2200/12800 (156s)
  interleaved event 2400/12800 (170s)
  interleaved event 2600/12800 (184s)
  interleaved event 2800/12800 (199s)
  interleaved event 3000/12800 (213s)
  interleaved event 3200/12800 (227s)
  interleaved event 3400/12800 (241s)
  interleaved event 3600/12800 (255s)
  interleaved event 3800/12800 (270s)
  interleaved event 4000/12800 (284s)
  interleaved event 4200/12800 (298s)
  interleaved event 4400/12800 (312s)
  interleaved event 4600/12800 (326s)
  interleaved event 4800/12800 (340s)
  interleaved event 5000/12800 (354s)
  interleaved event 5200/12800 (368s)
  interleaved event 5400/12800 (382s)
  interleaved event 5600/12800 (396s)
  interleaved event 5800/12800 (410s)
  interleaved event 6000/12800 (424s)
  interleaved event 6200/12800 (438s)
  interleaved event 6400/12800 (452s)
  interleaved event 6600/12800 (466s)
  interleaved event 6800/12800 (480s)
  interleaved event 7000/12800 (495s)
  interleaved event 7200/12800 (509s)
  interleaved event 7400/12800 (523s)
  interleaved event 7600/12800 (537s)
  interleaved event 7800/12800 (551s)
  interleaved event 8000/12800 (566s)
  interleaved event 8200/12800 (580s)
  interleaved event 8400/12800 (594s)
  interleaved event 8600/12800 (608s)
  interleaved event 8800/12800 (622s)
  interleaved event 9000/12800 (636s)
  interleaved event 9200/12800 (650s)
  interleaved event 9400/12800 (664s)
  interleaved event 9600/12800 (678s)
  interleaved event 9800/12800 (692s)
  interleaved event 10000/12800 (706s)
  interleaved event 10200/12800 (721s)
  interleaved event 10400/12800 (735s)
  interleaved event 10600/12800 (749s)
  interleaved event 10800/12800 (763s)
  interleaved event 11000/12800 (777s)
  interleaved event 11200/12800 (791s)
  interleaved event 11400/12800 (805s)
  interleaved event 11600/12800 (819s)
  interleaved event 11800/12800 (833s)
  interleaved event 12000/12800 (847s)
  interleaved event 12200/12800 (862s)
  interleaved event 12400/12800 (876s)
  interleaved event 12600/12800 (890s)
  interleaved event 12800/12800 (906s)
[TRAIN] 906.1s total

[ENGRAM] capturing 32 engram tags...
[ENGRAM] 4.7s

[EVAL-SLICE] discrimination via per-slice firing rate...
[EVAL-SLICE] 20.6s

[RESULTS] 21/32 top-1 (65.6%), 29/32 top-5 (90.6%)

word         rank  tgt_rate   max_off   
one              1      460.0      241.0
two              1      627.0      297.0
three            2      136.0      164.0
four             1      204.0      189.0
five             1      588.0      234.0
many            21       49.0      199.0
few              1       92.0       87.0
some             1      278.0      184.0
all              1      344.0      186.0
none             1      259.0      179.0
every            1      192.0      173.0
any              2      179.0      190.0
what             5      140.0      218.0
where            1      650.0      229.0
when             1      595.0      192.0
who              3      367.0      377.0
why              7      127.0      204.0
how              1      255.0      214.0
this             3      142.0      256.0
that             1      566.0      123.0
yes              1      226.0      176.0
no              12      100.0      301.0
please           1      248.0      236.0
thanks           1      465.0      178.0
hello            2      157.0      324.0
goodbye          1      262.0      211.0
sorry            1      237.0      203.0
ok               1      485.0      308.0
is               1      286.0      214.0
have             2      213.0      232.0
want             1      314.0      116.0
need             2      158.0      171.0

  chance top-1: 3.1%, chance top-5: 15.6%
  observed: top-1 65.6% (21.0x chance)
[2026-05-15 12:36:00][INFO] SIM_BRIDGE: Saving checkpoint to research/findings/raw/g11_bg/g20_bridges/bridgeE_functional_seed43.simstate.h5...
[2026-05-15 12:36:02][SUCCESS] SIM_BRIDGE: Checkpoint saved successfully to research/findings/raw/g11_bg/g20_bridges/bridgeE_functional_seed43.simstate.h5
[SAVE] bridge -> research/findings/raw/g11_bg/g20_bridges/bridgeE_functional_seed43.simstate.h5
[OUT] -> research/findings/raw/g11_bg/g20_bridges/bridgeE_functional_seed43.json
[chain] 05/15/2026 12:36:02 === bridgeA_nouns seed 44 ===
=== concept_pool_demo_shared (seed=44, n_concepts=32) ===
  Architecture: 1 shared concept pool (1600 neurons)
  Vocab: ['apple', 'river', 'dog', 'cat', 'bird', 'fish', 'mouse', 'frog', 'tree', 'flower']...
  Per-concept slice: 50 neurons (total: 1600 of 1600)

[2026-05-15 12:36:04][INFO] SIM_BRIDGE: CuPy using GPU: NVIDIA GeForce RTX 3090 (24.0 GB), mempool limit: 80%
[2026-05-15 12:36:04][INFO] SIM_BRIDGE: Initializing simulation data for model: IZHIKEVICH (3D)... (playback_init: False)
[2026-05-15 12:36:04][INFO] SIM_BRIDGE: Brain-region framework: 4 regions, 18184 total neurons, 4 pathways.
[2026-05-15 12:36:04][INFO] SIM_BRIDGE: RNG initialized with seed: 44
[2026-05-15 12:36:04][INFO] SIM_BRIDGE: Initializing Izhikevich model specifics for 18184 neurons...
[2026-05-15 12:36:04][INFO] SIM_BRIDGE: Applying parameter heterogeneity to neuron parameters...
[2026-05-15 12:36:04][INFO] SIM_BRIDGE: Applied heterogeneity to 4 parameters.
[2026-05-15 12:36:04][INFO] SIM_BRIDGE: Initializing OU process state (tau=15.0ms, sigma=100.0pA)...
[2026-05-15 12:36:04][INFO] SIM_BRIDGE: Generating 3D neuron positions for 18184 neurons...
[2026-05-15 12:36:04][INFO] SIM_BRIDGE: Generating connections (brain-region framework)...
[2026-05-15 12:36:15][INFO] SIM_BRIDGE: inject_explicit_wiring: installed 8182676 synapses across 5 populations.
[2026-05-15 12:36:15][INFO] SIM_BRIDGE: Initializing eligibility traces for 8182676 synapses (capacity: 12274014, dtype: float32)...
[2026-05-15 12:36:15][INFO] SIM_BRIDGE: Initializing STDP state for 18184 neurons...
[2026-05-15 12:36:15][INFO] SIM_BRIDGE: Simulation data initialized for 18184 neurons (3D). Synapses: 8182676. GPU memory: 1.9GB/25.8GB (7.4%)
[shared-pool bridge] 18184 neurons total: shared_concept_pool=1600, lang_input=8192, lang_output=8192
[build] 12.3s
[topographic prior] applied: 118308 boosted (10.0x), 3660342 dampened (0.1x) on 32 concept slices
[topographic prior] 6.4s

[TRAIN] 32 concepts x 400 events = 12800 total events
  interleaved event 200/12800 (15s)
  interleaved event 400/12800 (31s)
  interleaved event 600/12800 (47s)
  interleaved event 800/12800 (63s)
  interleaved event 1000/12800 (79s)
  interleaved event 1200/12800 (94s)
  interleaved event 1400/12800 (110s)
  interleaved event 1600/12800 (125s)
  interleaved event 1800/12800 (141s)
  interleaved event 2000/12800 (156s)
  interleaved event 2200/12800 (172s)
  interleaved event 2400/12800 (187s)
  interleaved event 2600/12800 (203s)
  interleaved event 2800/12800 (219s)
  interleaved event 3000/12800 (242s)
  interleaved event 3200/12800 (262s)
  interleaved event 3400/12800 (282s)
  interleaved event 3600/12800 (297s)
  interleaved event 3800/12800 (313s)
  interleaved event 4000/12800 (334s)
  interleaved event 4200/12800 (355s)
  interleaved event 4400/12800 (374s)
  interleaved event 4600/12800 (390s)
  interleaved event 4800/12800 (408s)
  interleaved event 5000/12800 (428s)
  interleaved event 5200/12800 (446s)
  interleaved event 5400/12800 (463s)
  interleaved event 5600/12800 (480s)
  interleaved event 5800/12800 (501s)
  interleaved event 6000/12800 (519s)
  interleaved event 6200/12800 (540s)
  interleaved event 6400/12800 (560s)
  interleaved event 6600/12800 (583s)
  interleaved event 6800/12800 (603s)
  interleaved event 7000/12800 (622s)
  interleaved event 7200/12800 (642s)
  interleaved event 7400/12800 (664s)
  interleaved event 7600/12800 (685s)
  interleaved event 7800/12800 (704s)
  interleaved event 8000/12800 (720s)
  interleaved event 8200/12800 (737s)
  interleaved event 8400/12800 (753s)
  interleaved event 8600/12800 (770s)
  interleaved event 8800/12800 (786s)
  interleaved event 9000/12800 (803s)
  interleaved event 9200/12800 (819s)
  interleaved event 9400/12800 (835s)
  interleaved event 9600/12800 (851s)
  interleaved event 9800/12800 (867s)
  interleaved event 10000/12800 (883s)
  interleaved event 10200/12800 (899s)
  interleaved event 10400/12800 (915s)
  interleaved event 10600/12800 (932s)
  interleaved event 10800/12800 (948s)
  interleaved event 11000/12800 (964s)
  interleaved event 11200/12800 (981s)
  interleaved event 11400/12800 (997s)
  interleaved event 11600/12800 (1015s)
  interleaved event 11800/12800 (1033s)
  interleaved event 12000/12800 (1051s)
  interleaved event 12200/12800 (1069s)
  interleaved event 12400/12800 (1088s)
  interleaved event 12600/12800 (1106s)
  interleaved event 12800/12800 (1124s)
[TRAIN] 1124.7s total

[ENGRAM] capturing 32 engram tags...
[ENGRAM] 5.7s

[EVAL-SLICE] discrimination via per-slice firing rate...
[EVAL-SLICE] 25.5s

[RESULTS] 24/32 top-1 (75.0%), 28/32 top-5 (87.5%)

word         rank  tgt_rate   max_off   
apple            1      273.0      257.0
river            1      342.0      246.0
dog              1      866.0      260.0
cat              1      429.0      166.0
bird             1      550.0      275.0
fish             1      293.0      153.0
mouse            1       81.0       65.0
frog             1      518.0      276.0
tree             1      741.0      268.0
flower           1      363.0      283.0
leaf             5      132.0      167.0
fruit            1      233.0       86.0
ball             1      424.0      152.0
key              6      114.0      200.0
book             1      281.0      221.0
cup              1      195.0      142.0
hand             1      491.0      240.0
foot             1      328.0      178.0
head             1      815.0      231.0
eye              1      453.0      130.0
person           1      424.0      208.0
baby             3      244.0      281.0
child           10      115.0      191.0
friend           1      283.0      160.0
house            1      444.0      253.0
road             1      289.0      208.0
garden           5      164.0      240.0
park            28       12.0      190.0
water            1      205.0      162.0
fire             9       71.0      212.0
sun              1      527.0      195.0
moon             2      256.0      270.0

  chance top-1: 3.1%, chance top-5: 15.6%
  observed: top-1 75.0% (24.0x chance)
[2026-05-15 12:55:37][INFO] SIM_BRIDGE: Saving checkpoint to research/findings/raw/g11_bg/g20_bridges/bridgeA_nouns_seed44.simstate.h5...
[2026-05-15 12:55:39][SUCCESS] SIM_BRIDGE: Checkpoint saved successfully to research/findings/raw/g11_bg/g20_bridges/bridgeA_nouns_seed44.simstate.h5
[SAVE] bridge -> research/findings/raw/g11_bg/g20_bridges/bridgeA_nouns_seed44.simstate.h5
[OUT] -> research/findings/raw/g11_bg/g20_bridges/bridgeA_nouns_seed44.json
[chain] 05/15/2026 12:55:39 === bridgeB_verbs seed 44 ===
=== concept_pool_demo_shared (seed=44, n_concepts=32) ===
  Architecture: 1 shared concept pool (1600 neurons)
  Vocab: ['go', 'come', 'run', 'walk', 'jump', 'fall', 'fly', 'swim', 'look', 'see']...
  Per-concept slice: 50 neurons (total: 1600 of 1600)

[2026-05-15 12:55:41][INFO] SIM_BRIDGE: CuPy using GPU: NVIDIA GeForce RTX 3090 (24.0 GB), mempool limit: 80%
[2026-05-15 12:55:41][INFO] SIM_BRIDGE: Initializing simulation data for model: IZHIKEVICH (3D)... (playback_init: False)
[2026-05-15 12:55:41][INFO] SIM_BRIDGE: Brain-region framework: 4 regions, 18184 total neurons, 4 pathways.
[2026-05-15 12:55:41][INFO] SIM_BRIDGE: RNG initialized with seed: 44
[2026-05-15 12:55:41][INFO] SIM_BRIDGE: Initializing Izhikevich model specifics for 18184 neurons...
[2026-05-15 12:55:41][INFO] SIM_BRIDGE: Applying parameter heterogeneity to neuron parameters...
[2026-05-15 12:55:41][INFO] SIM_BRIDGE: Applied heterogeneity to 4 parameters.
[2026-05-15 12:55:41][INFO] SIM_BRIDGE: Initializing OU process state (tau=15.0ms, sigma=100.0pA)...
[2026-05-15 12:55:41][INFO] SIM_BRIDGE: Generating 3D neuron positions for 18184 neurons...
[2026-05-15 12:55:41][INFO] SIM_BRIDGE: Generating connections (brain-region framework)...
[2026-05-15 12:55:52][INFO] SIM_BRIDGE: inject_explicit_wiring: installed 8182676 synapses across 5 populations.
[2026-05-15 12:55:52][INFO] SIM_BRIDGE: Initializing eligibility traces for 8182676 synapses (capacity: 12274014, dtype: float32)...
[2026-05-15 12:55:52][INFO] SIM_BRIDGE: Initializing STDP state for 18184 neurons...
[2026-05-15 12:55:52][INFO] SIM_BRIDGE: Simulation data initialized for 18184 neurons (3D). Synapses: 8182676. GPU memory: 1.9GB/25.8GB (7.4%)
[shared-pool bridge] 18184 neurons total: shared_concept_pool=1600, lang_input=8192, lang_output=8192
[build] 12.9s
[topographic prior] applied: 118308 boosted (10.0x), 3660342 dampened (0.1x) on 32 concept slices
[topographic prior] 7.0s

[TRAIN] 32 concepts x 400 events = 12800 total events
  interleaved event 200/12800 (18s)
  interleaved event 400/12800 (36s)
  interleaved event 600/12800 (57s)
  interleaved event 800/12800 (77s)
  interleaved event 1000/12800 (106s)
  interleaved event 1200/12800 (134s)
  interleaved event 1400/12800 (163s)
  interleaved event 1600/12800 (191s)
  interleaved event 1800/12800 (220s)
  interleaved event 2000/12800 (248s)
  interleaved event 2200/12800 (277s)
  interleaved event 2400/12800 (306s)
  interleaved event 2600/12800 (334s)
  interleaved event 2800/12800 (363s)
  interleaved event 3000/12800 (391s)
  interleaved event 3200/12800 (420s)
  interleaved event 3400/12800 (449s)
  interleaved event 3600/12800 (477s)
  interleaved event 3800/12800 (506s)
  interleaved event 4000/12800 (534s)
  interleaved event 4200/12800 (563s)
  interleaved event 4400/12800 (591s)
  interleaved event 4600/12800 (620s)
  interleaved event 4800/12800 (649s)
  interleaved event 5000/12800 (677s)
  interleaved event 5200/12800 (706s)
  interleaved event 5400/12800 (735s)
  interleaved event 5600/12800 (763s)
  interleaved event 5800/12800 (792s)
  interleaved event 6000/12800 (821s)
  interleaved event 6200/12800 (849s)
  interleaved event 6400/12800 (878s)
  interleaved event 6600/12800 (906s)
  interleaved event 6800/12800 (935s)
  interleaved event 7000/12800 (964s)
  interleaved event 7200/12800 (992s)
  interleaved event 7400/12800 (1021s)
  interleaved event 7600/12800 (1050s)
  interleaved event 7800/12800 (1078s)
  interleaved event 8000/12800 (1107s)
  interleaved event 8200/12800 (1136s)
  interleaved event 8400/12800 (1164s)
  interleaved event 8600/12800 (1193s)
  interleaved event 8800/12800 (1222s)
  interleaved event 9000/12800 (1250s)
  interleaved event 9200/12800 (1279s)
  interleaved event 9400/12800 (1308s)
  interleaved event 9600/12800 (1336s)
  interleaved event 9800/12800 (1365s)
  interleaved event 10000/12800 (1394s)
  interleaved event 10200/12800 (1422s)
  interleaved event 10400/12800 (1451s)
  interleaved event 10600/12800 (1480s)
  interleaved event 10800/12800 (1508s)
  interleaved event 11000/12800 (1537s)
  interleaved event 11200/12800 (1565s)
  interleaved event 11400/12800 (1594s)
  interleaved event 11600/12800 (1623s)
  interleaved event 11800/12800 (1651s)
  interleaved event 12000/12800 (1680s)
  interleaved event 12200/12800 (1709s)
  interleaved event 12400/12800 (1737s)
  interleaved event 12600/12800 (1766s)
  interleaved event 12800/12800 (1794s)
[TRAIN] 1794.5s total

[ENGRAM] capturing 32 engram tags...
[ENGRAM] 20.5s (teacher-bias capture, ~100% PASS expected)

[EVAL-SLICE] discrimination via per-slice firing rate...
[EVAL-SLICE] 56.3s

[RESULTS] 32/32 top-1 (100.0%), 32/32 top-5 (100.0%)

word         rank  tgt_rate   max_off   
go               1      518.0      238.0
come             1      629.0      292.0
run              1      996.0      165.0
walk             1      741.0      275.0
jump             1      677.0      230.0
fall             1      755.0      211.0
fly              1      451.0      250.0
swim             1      699.0      232.0
look             1      700.0      261.0
see              1      723.0      325.0
hear             1      696.0      231.0
listen           1      560.0      280.0
watch            1      380.0      313.0
find             1      499.0      212.0
push             1      660.0      252.0
pull             1      565.0      246.0
open             1      610.0      257.0
close            1      506.0      250.0
give             1      978.0      283.0
take             1      661.0      218.0
hold             1      728.0      276.0
drop             1      579.0      189.0
speak            1      301.0      228.0
read             1      567.0      175.0
write            1      681.0      232.0
say              1      642.0      322.0
eat              1      406.0      314.0
drink            1      570.0      273.0
sleep            1      564.0      219.0
wake             1      527.0      227.0
stop             1      743.0      193.0
wait             1      587.0      220.0

  chance top-1: 3.1%, chance top-5: 15.6%
  observed: top-1 100.0% (32.0x chance)
[2026-05-15 13:27:11][INFO] SIM_BRIDGE: Saving checkpoint to research/findings/raw/g11_bg/g20_bridges/bridgeB_verbs_seed44.simstate.h5...
[2026-05-15 13:27:13][SUCCESS] SIM_BRIDGE: Checkpoint saved successfully to research/findings/raw/g11_bg/g20_bridges/bridgeB_verbs_seed44.simstate.h5
[SAVE] bridge -> research/findings/raw/g11_bg/g20_bridges/bridgeB_verbs_seed44.simstate.h5
[OUT] -> research/findings/raw/g11_bg/g20_bridges/bridgeB_verbs_seed44.json
[chain] 05/15/2026 13:27:13 === bridgeC_adj seed 44 ===
=== concept_pool_demo_shared (seed=44, n_concepts=32) ===
  Architecture: 1 shared concept pool (1600 neurons)
  Vocab: ['big', 'small', 'tall', 'short', 'long', 'wide', 'hot', 'cold', 'warm', 'cool']...
  Per-concept slice: 50 neurons (total: 1600 of 1600)

[2026-05-15 13:27:15][INFO] SIM_BRIDGE: CuPy using GPU: NVIDIA GeForce RTX 3090 (24.0 GB), mempool limit: 80%
[2026-05-15 13:27:15][INFO] SIM_BRIDGE: Initializing simulation data for model: IZHIKEVICH (3D)... (playback_init: False)
[2026-05-15 13:27:15][INFO] SIM_BRIDGE: Brain-region framework: 4 regions, 18184 total neurons, 4 pathways.
[2026-05-15 13:27:15][INFO] SIM_BRIDGE: RNG initialized with seed: 44
[2026-05-15 13:27:15][INFO] SIM_BRIDGE: Initializing Izhikevich model specifics for 18184 neurons...
[2026-05-15 13:27:15][INFO] SIM_BRIDGE: Applying parameter heterogeneity to neuron parameters...
[2026-05-15 13:27:15][INFO] SIM_BRIDGE: Applied heterogeneity to 4 parameters.
[2026-05-15 13:27:15][INFO] SIM_BRIDGE: Initializing OU process state (tau=15.0ms, sigma=100.0pA)...
[2026-05-15 13:27:15][INFO] SIM_BRIDGE: Generating 3D neuron positions for 18184 neurons...
[2026-05-15 13:27:15][INFO] SIM_BRIDGE: Generating connections (brain-region framework)...
[2026-05-15 13:27:26][INFO] SIM_BRIDGE: inject_explicit_wiring: installed 8182676 synapses across 5 populations.
[2026-05-15 13:27:26][INFO] SIM_BRIDGE: Initializing eligibility traces for 8182676 synapses (capacity: 12274014, dtype: float32)...
[2026-05-15 13:27:26][INFO] SIM_BRIDGE: Initializing STDP state for 18184 neurons...
[2026-05-15 13:27:26][INFO] SIM_BRIDGE: Simulation data initialized for 18184 neurons (3D). Synapses: 8182676. GPU memory: 1.9GB/25.8GB (7.4%)
[shared-pool bridge] 18184 neurons total: shared_concept_pool=1600, lang_input=8192, lang_output=8192
[build] 12.8s
[topographic prior] applied: 118308 boosted (10.0x), 3660342 dampened (0.1x) on 32 concept slices
[topographic prior] 6.8s

[TRAIN] 32 concepts x 400 events = 12800 total events
  interleaved event 200/12800 (28s)
  interleaved event 400/12800 (56s)
  interleaved event 600/12800 (85s)
  interleaved event 800/12800 (113s)
  interleaved event 1000/12800 (141s)
  interleaved event 1200/12800 (169s)
  interleaved event 1400/12800 (198s)
  interleaved event 1600/12800 (226s)
  interleaved event 1800/12800 (255s)
  interleaved event 2000/12800 (283s)
  interleaved event 2200/12800 (311s)
  interleaved event 2400/12800 (340s)
  interleaved event 2600/12800 (368s)
  interleaved event 2800/12800 (396s)
  interleaved event 3000/12800 (424s)
  interleaved event 3200/12800 (453s)
  interleaved event 3400/12800 (481s)
  interleaved event 3600/12800 (509s)
  interleaved event 3800/12800 (538s)
  interleaved event 4000/12800 (566s)
  interleaved event 4200/12800 (594s)
  interleaved event 4400/12800 (622s)
  interleaved event 4600/12800 (651s)
  interleaved event 4800/12800 (679s)
  interleaved event 5000/12800 (707s)
  interleaved event 5200/12800 (736s)
  interleaved event 5400/12800 (764s)
  interleaved event 5600/12800 (792s)
  interleaved event 5800/12800 (820s)
  interleaved event 6000/12800 (849s)
  interleaved event 6200/12800 (877s)
  interleaved event 6400/12800 (905s)
  interleaved event 6600/12800 (934s)
  interleaved event 6800/12800 (962s)
  interleaved event 7000/12800 (990s)
  interleaved event 7200/12800 (1019s)
  interleaved event 7400/12800 (1047s)
  interleaved event 7600/12800 (1075s)
  interleaved event 7800/12800 (1104s)
  interleaved event 8000/12800 (1132s)
  interleaved event 8200/12800 (1161s)
  interleaved event 8400/12800 (1189s)
  interleaved event 8600/12800 (1217s)
  interleaved event 8800/12800 (1246s)
  interleaved event 9000/12800 (1274s)
  interleaved event 9200/12800 (1302s)
  interleaved event 9400/12800 (1331s)
  interleaved event 9600/12800 (1359s)
  interleaved event 9800/12800 (1387s)
  interleaved event 10000/12800 (1416s)
  interleaved event 10200/12800 (1444s)
  interleaved event 10400/12800 (1473s)
  interleaved event 10600/12800 (1500s)
  interleaved event 10800/12800 (1529s)
  interleaved event 11000/12800 (1557s)
  interleaved event 11200/12800 (1585s)
  interleaved event 11400/12800 (1614s)
  interleaved event 11600/12800 (1642s)
  interleaved event 11800/12800 (1670s)
  interleaved event 12000/12800 (1699s)
  interleaved event 12200/12800 (1727s)
  interleaved event 12400/12800 (1756s)
  interleaved event 12600/12800 (1784s)
  interleaved event 12800/12800 (1812s)
[TRAIN] 1813.0s total

[ENGRAM] capturing 32 engram tags...
[ENGRAM] 20.5s (teacher-bias capture, ~100% PASS expected)

[EVAL-SLICE] discrimination via per-slice firing rate...
[EVAL-SLICE] 56.8s

[RESULTS] 32/32 top-1 (100.0%), 32/32 top-5 (100.0%)

word         rank  tgt_rate   max_off   
big              1      518.0      238.0
small            1      629.0      292.0
tall             1      996.0      165.0
short            1      741.0      275.0
long             1      677.0      230.0
wide             1      755.0      211.0
hot              1      451.0      250.0
cold             1      699.0      232.0
warm             1      700.0      261.0
cool             1      723.0      325.0
fast             1      696.0      231.0
slow             1      560.0      280.0
red              1      380.0      313.0
blue             1      499.0      212.0
green            1      660.0      252.0
yellow           1      565.0      246.0
white            1      610.0      257.0
black            1      506.0      250.0
happy            1      978.0      283.0
sad              1      661.0      218.0
angry            1      728.0      276.0
scared           1      579.0      189.0
new              1      301.0      228.0
old              1      567.0      175.0
clean            1      681.0      232.0
dirty            1      642.0      322.0
wet              1      406.0      314.0
dry              1      570.0      273.0
hard             1      564.0      219.0
soft             1      527.0      227.0
smooth           1      743.0      193.0
full             1      587.0      220.0

  chance top-1: 3.1%, chance top-5: 15.6%
  observed: top-1 100.0% (32.0x chance)
[2026-05-15 13:59:03][INFO] SIM_BRIDGE: Saving checkpoint to research/findings/raw/g11_bg/g20_bridges/bridgeC_adj_seed44.simstate.h5...
[2026-05-15 13:59:05][SUCCESS] SIM_BRIDGE: Checkpoint saved successfully to research/findings/raw/g11_bg/g20_bridges/bridgeC_adj_seed44.simstate.h5
[SAVE] bridge -> research/findings/raw/g11_bg/g20_bridges/bridgeC_adj_seed44.simstate.h5
[OUT] -> research/findings/raw/g11_bg/g20_bridges/bridgeC_adj_seed44.json
[chain] 05/15/2026 13:59:06 === bridgeD_spatial seed 44 ===
=== concept_pool_demo_shared (seed=44, n_concepts=32) ===
  Architecture: 1 shared concept pool (1600 neurons)
  Vocab: ['north', 'south', 'east', 'west', 'up', 'down', 'left', 'right', 'here', 'there']...
  Per-concept slice: 50 neurons (total: 1600 of 1600)

[2026-05-15 13:59:17][INFO] SIM_BRIDGE: CuPy using GPU: NVIDIA GeForce RTX 3090 (24.0 GB), mempool limit: 80%
[2026-05-15 13:59:17][INFO] SIM_BRIDGE: Initializing simulation data for model: IZHIKEVICH (3D)... (playback_init: False)
[2026-05-15 13:59:17][INFO] SIM_BRIDGE: Brain-region framework: 4 regions, 18184 total neurons, 4 pathways.
[2026-05-15 13:59:17][INFO] SIM_BRIDGE: RNG initialized with seed: 44
[2026-05-15 13:59:17][INFO] SIM_BRIDGE: Initializing Izhikevich model specifics for 18184 neurons...
[2026-05-15 13:59:17][INFO] SIM_BRIDGE: Applying parameter heterogeneity to neuron parameters...
[2026-05-15 13:59:17][INFO] SIM_BRIDGE: Applied heterogeneity to 4 parameters.
[2026-05-15 13:59:17][INFO] SIM_BRIDGE: Initializing OU process state (tau=15.0ms, sigma=100.0pA)...
[2026-05-15 13:59:17][INFO] SIM_BRIDGE: Generating 3D neuron positions for 18184 neurons...
[2026-05-15 13:59:17][INFO] SIM_BRIDGE: Generating connections (brain-region framework)...
[2026-05-15 13:59:28][INFO] SIM_BRIDGE: inject_explicit_wiring: installed 8182676 synapses across 5 populations.
[2026-05-15 13:59:28][INFO] SIM_BRIDGE: Initializing eligibility traces for 8182676 synapses (capacity: 12274014, dtype: float32)...
[2026-05-15 13:59:28][INFO] SIM_BRIDGE: Initializing STDP state for 18184 neurons...
[2026-05-15 13:59:28][INFO] SIM_BRIDGE: Simulation data initialized for 18184 neurons (3D). Synapses: 8182676. GPU memory: 1.9GB/25.8GB (7.4%)
[shared-pool bridge] 18184 neurons total: shared_concept_pool=1600, lang_input=8192, lang_output=8192
[build] 22.6s
[topographic prior] applied: 118308 boosted (10.0x), 3660342 dampened (0.1x) on 32 concept slices
[topographic prior] 6.5s

[TRAIN] 32 concepts x 400 events = 12800 total events
  interleaved event 200/12800 (28s)
  interleaved event 400/12800 (57s)
  interleaved event 600/12800 (85s)
  interleaved event 800/12800 (113s)
  interleaved event 1000/12800 (142s)
  interleaved event 1200/12800 (170s)
  interleaved event 1400/12800 (199s)
  interleaved event 1600/12800 (227s)
  interleaved event 1800/12800 (255s)
  interleaved event 2000/12800 (281s)
  interleaved event 2200/12800 (308s)
  interleaved event 2400/12800 (334s)
  interleaved event 2600/12800 (362s)
  interleaved event 2800/12800 (391s)
  interleaved event 3000/12800 (421s)
  interleaved event 3200/12800 (449s)
  interleaved event 3400/12800 (477s)
  interleaved event 3600/12800 (505s)
  interleaved event 3800/12800 (532s)
  interleaved event 4000/12800 (560s)
  interleaved event 4200/12800 (587s)
  interleaved event 4400/12800 (615s)
  interleaved event 4600/12800 (644s)
  interleaved event 4800/12800 (673s)
  interleaved event 5000/12800 (701s)
  interleaved event 5200/12800 (730s)
  interleaved event 5400/12800 (758s)
  interleaved event 5600/12800 (785s)
  interleaved event 5800/12800 (807s)
  interleaved event 6000/12800 (827s)
  interleaved event 6200/12800 (848s)
  interleaved event 6400/12800 (868s)
  interleaved event 6600/12800 (887s)
  interleaved event 6800/12800 (906s)
  interleaved event 7000/12800 (925s)
  interleaved event 7200/12800 (942s)
  interleaved event 7400/12800 (957s)
  interleaved event 7600/12800 (973s)
  interleaved event 7800/12800 (988s)
  interleaved event 8000/12800 (1003s)
  interleaved event 8200/12800 (1019s)
  interleaved event 8400/12800 (1034s)
  interleaved event 8600/12800 (1050s)
  interleaved event 8800/12800 (1065s)
  interleaved event 9000/12800 (1084s)
  interleaved event 9200/12800 (1110s)
  interleaved event 9400/12800 (1134s)
  interleaved event 9600/12800 (1159s)
  interleaved event 9800/12800 (1183s)
  interleaved event 10000/12800 (1207s)
  interleaved event 10200/12800 (1232s)
  interleaved event 10400/12800 (1256s)
  interleaved event 10600/12800 (1280s)
  interleaved event 10800/12800 (1305s)
  interleaved event 11000/12800 (1329s)
  interleaved event 11200/12800 (1353s)
  interleaved event 11400/12800 (1378s)
  interleaved event 11600/12800 (1402s)
  interleaved event 11800/12800 (1427s)
  interleaved event 12000/12800 (1451s)
  interleaved event 12200/12800 (1475s)
  interleaved event 12400/12800 (1500s)
  interleaved event 12600/12800 (1524s)
  interleaved event 12800/12800 (1548s)
[TRAIN] 1548.8s total

[ENGRAM] capturing 32 engram tags...
[ENGRAM] 17.2s (teacher-bias capture, ~100% PASS expected)

[EVAL-SLICE] discrimination via per-slice firing rate...
[EVAL-SLICE] 47.1s

[RESULTS] 32/32 top-1 (100.0%), 32/32 top-5 (100.0%)

word         rank  tgt_rate   max_off   
north            1      518.0      238.0
south            1      629.0      292.0
east             1      996.0      165.0
west             1      741.0      275.0
up               1      677.0      230.0
down             1      755.0      211.0
left             1      451.0      250.0
right            1      699.0      232.0
here             1      700.0      261.0
there            1      723.0      325.0
near             1      696.0      231.0
far              1      560.0      280.0
in               1      380.0      313.0
out              1      499.0      212.0
on               1      660.0      252.0
under            1      565.0      246.0
above            1      610.0      257.0
below            1      506.0      250.0
front            1      978.0      283.0
back             1      661.0      218.0
top              1      728.0      276.0
bottom           1      579.0      189.0
side             1      301.0      228.0
middle           1      567.0      175.0
now              1      681.0      232.0
then             1      642.0      322.0
before           1      406.0      314.0
after            1      570.0      273.0
first            1      564.0      219.0
last             1      527.0      227.0
next             1      743.0      193.0
today            1      587.0      220.0

  chance top-1: 3.1%, chance top-5: 15.6%
  observed: top-1 100.0% (32.0x chance)
[2026-05-15 14:26:28][INFO] SIM_BRIDGE: Saving checkpoint to research/findings/raw/g11_bg/g20_bridges/bridgeD_spatial_seed44.simstate.h5...
[2026-05-15 14:26:30][SUCCESS] SIM_BRIDGE: Checkpoint saved successfully to research/findings/raw/g11_bg/g20_bridges/bridgeD_spatial_seed44.simstate.h5
[SAVE] bridge -> research/findings/raw/g11_bg/g20_bridges/bridgeD_spatial_seed44.simstate.h5
[OUT] -> research/findings/raw/g11_bg/g20_bridges/bridgeD_spatial_seed44.json
[chain] 05/15/2026 14:26:30 === bridgeE_functional seed 44 ===
=== concept_pool_demo_shared (seed=44, n_concepts=32) ===
  Architecture: 1 shared concept pool (1600 neurons)
  Vocab: ['one', 'two', 'three', 'four', 'five', 'many', 'few', 'some', 'all', 'none']...
  Per-concept slice: 50 neurons (total: 1600 of 1600)

[2026-05-15 14:26:32][INFO] SIM_BRIDGE: CuPy using GPU: NVIDIA GeForce RTX 3090 (24.0 GB), mempool limit: 80%
[2026-05-15 14:26:32][INFO] SIM_BRIDGE: Initializing simulation data for model: IZHIKEVICH (3D)... (playback_init: False)
[2026-05-15 14:26:32][INFO] SIM_BRIDGE: Brain-region framework: 4 regions, 18184 total neurons, 4 pathways.
[2026-05-15 14:26:32][INFO] SIM_BRIDGE: RNG initialized with seed: 44
[2026-05-15 14:26:32][INFO] SIM_BRIDGE: Initializing Izhikevich model specifics for 18184 neurons...
[2026-05-15 14:26:32][INFO] SIM_BRIDGE: Applying parameter heterogeneity to neuron parameters...
[2026-05-15 14:26:32][INFO] SIM_BRIDGE: Applied heterogeneity to 4 parameters.
[2026-05-15 14:26:32][INFO] SIM_BRIDGE: Initializing OU process state (tau=15.0ms, sigma=100.0pA)...
[2026-05-15 14:26:32][INFO] SIM_BRIDGE: Generating 3D neuron positions for 18184 neurons...
[2026-05-15 14:26:32][INFO] SIM_BRIDGE: Generating connections (brain-region framework)...
[2026-05-15 14:26:42][INFO] SIM_BRIDGE: inject_explicit_wiring: installed 8182676 synapses across 5 populations.
[2026-05-15 14:26:42][INFO] SIM_BRIDGE: Initializing eligibility traces for 8182676 synapses (capacity: 12274014, dtype: float32)...
[2026-05-15 14:26:42][INFO] SIM_BRIDGE: Initializing STDP state for 18184 neurons...
[2026-05-15 14:26:42][INFO] SIM_BRIDGE: Simulation data initialized for 18184 neurons (3D). Synapses: 8182676. GPU memory: 1.9GB/25.8GB (7.4%)
[shared-pool bridge] 18184 neurons total: shared_concept_pool=1600, lang_input=8192, lang_output=8192
[build] 11.8s
[topographic prior] applied: 118308 boosted (10.0x), 3660342 dampened (0.1x) on 32 concept slices
[topographic prior] 5.9s

[TRAIN] 32 concepts x 400 events = 12800 total events
  interleaved event 200/12800 (24s)
  interleaved event 400/12800 (48s)
  interleaved event 600/12800 (73s)
  interleaved event 800/12800 (97s)
  interleaved event 1000/12800 (121s)
  interleaved event 1200/12800 (145s)
  interleaved event 1400/12800 (170s)
  interleaved event 1600/12800 (194s)
  interleaved event 1800/12800 (218s)
  interleaved event 2000/12800 (243s)
  interleaved event 2200/12800 (267s)
  interleaved event 2400/12800 (291s)
  interleaved event 2600/12800 (316s)
  interleaved event 2800/12800 (340s)
  interleaved event 3000/12800 (364s)
  interleaved event 3200/12800 (389s)
  interleaved event 3400/12800 (413s)
  interleaved event 3600/12800 (437s)
  interleaved event 3800/12800 (462s)
  interleaved event 4000/12800 (486s)
  interleaved event 4200/12800 (510s)
  interleaved event 4400/12800 (535s)
  interleaved event 4600/12800 (559s)
  interleaved event 4800/12800 (583s)
  interleaved event 5000/12800 (608s)
  interleaved event 5200/12800 (632s)
  interleaved event 5400/12800 (656s)
  interleaved event 5600/12800 (681s)
  interleaved event 5800/12800 (705s)
  interleaved event 6000/12800 (729s)
  interleaved event 6200/12800 (754s)
  interleaved event 6400/12800 (778s)
  interleaved event 6600/12800 (802s)
  interleaved event 6800/12800 (826s)
  interleaved event 7000/12800 (851s)
  interleaved event 7200/12800 (875s)
  interleaved event 7400/12800 (900s)
  interleaved event 7600/12800 (924s)
  interleaved event 7800/12800 (948s)
  interleaved event 8000/12800 (973s)
  interleaved event 8200/12800 (997s)
  interleaved event 8400/12800 (1021s)
  interleaved event 8600/12800 (1046s)
  interleaved event 8800/12800 (1070s)
  interleaved event 9000/12800 (1095s)
  interleaved event 9200/12800 (1119s)
  interleaved event 9400/12800 (1143s)
  interleaved event 9600/12800 (1168s)
  interleaved event 9800/12800 (1192s)
  interleaved event 10000/12800 (1216s)
  interleaved event 10200/12800 (1241s)
  interleaved event 10400/12800 (1265s)
  interleaved event 10600/12800 (1289s)
  interleaved event 10800/12800 (1314s)
  interleaved event 11000/12800 (1338s)
  interleaved event 11200/12800 (1362s)
  interleaved event 11400/12800 (1387s)
  interleaved event 11600/12800 (1411s)
  interleaved event 11800/12800 (1435s)
  interleaved event 12000/12800 (1460s)
  interleaved event 12200/12800 (1484s)
  interleaved event 12400/12800 (1509s)
  interleaved event 12600/12800 (1533s)
  interleaved event 12800/12800 (1557s)
[TRAIN] 1557.8s total

[ENGRAM] capturing 32 engram tags...
[ENGRAM] 17.1s (teacher-bias capture, ~100% PASS expected)

[EVAL-SLICE] discrimination via per-slice firing rate...
[EVAL-SLICE] 47.3s

[RESULTS] 32/32 top-1 (100.0%), 32/32 top-5 (100.0%)

word         rank  tgt_rate   max_off   
one              1      518.0      238.0
two              1      629.0      292.0
three            1      996.0      165.0
four             1      741.0      275.0
five             1      677.0      230.0
many             1      755.0      211.0
few              1      451.0      250.0
some             1      699.0      232.0
all              1      700.0      261.0
none             1      723.0      325.0
every            1      696.0      231.0
any              1      560.0      280.0
what             1      380.0      313.0
where            1      499.0      212.0
when             1      660.0      252.0
who              1      565.0      246.0
why              1      610.0      257.0
how              1      506.0      250.0
this             1      978.0      283.0
that             1      661.0      218.0
yes              1      728.0      276.0
no               1      579.0      189.0
please           1      301.0      228.0
thanks           1      567.0      175.0
hello            1      681.0      232.0
goodbye          1      642.0      322.0
sorry            1      406.0      314.0
ok               1      570.0      273.0
is               1      564.0      219.0
have             1      527.0      227.0
want             1      743.0      193.0
need             1      587.0      220.0

  chance top-1: 3.1%, chance top-5: 15.6%
  observed: top-1 100.0% (32.0x chance)
[2026-05-15 14:53:50][INFO] SIM_BRIDGE: Saving checkpoint to research/findings/raw/g11_bg/g20_bridges/bridgeE_functional_seed44.simstate.h5...
[2026-05-15 14:53:52][SUCCESS] SIM_BRIDGE: Checkpoint saved successfully to research/findings/raw/g11_bg/g20_bridges/bridgeE_functional_seed44.simstate.h5
[SAVE] bridge -> research/findings/raw/g11_bg/g20_bridges/bridgeE_functional_seed44.simstate.h5
[OUT] -> research/findings/raw/g11_bg/g20_bridges/bridgeE_functional_seed44.json
[chain] 05/15/2026 14:53:53 DONE: 5 bridges x 2 seeds multi-seed validation
