############## B_verbs ##############
  mean cos(real, synthetic) per-word = 0.079  |  real between-concept cos = 0.170
  REAL-code   QA=0.800  abstention-control=1.000
  SYNTH-code  QA=1.000  abstention-control=1.000  (chance 0.0312)
RESULT: real QA=0.800/ctrl=1.000  vs  synth QA=1.000/ctrl=1.000
VERDICT: RESOLVES -- genuine spiking relational composition + abstention works on the REAL deployed substrate concept codes, not just synthetic sparse. Scale to 160.
############## C_adj ##############
  mean cos(real, synthetic) per-word = 0.079  |  real between-concept cos = 0.170
  REAL-code   QA=0.800  abstention-control=1.000
  SYNTH-code  QA=1.000  abstention-control=1.000  (chance 0.0312)
RESULT: real QA=0.800/ctrl=1.000  vs  synth QA=1.000/ctrl=1.000
VERDICT: RESOLVES -- genuine spiking relational composition + abstention works on the REAL deployed substrate concept codes, not just synthetic sparse. Scale to 160.
############## D_spatial ##############
  mean cos(real, synthetic) per-word = 0.079  |  real between-concept cos = 0.170
  REAL-code   QA=0.800  abstention-control=1.000
  SYNTH-code  QA=1.000  abstention-control=1.000  (chance 0.0312)
RESULT: real QA=0.800/ctrl=1.000  vs  synth QA=1.000/ctrl=1.000
VERDICT: RESOLVES -- genuine spiking relational composition + abstention works on the REAL deployed substrate concept codes, not just synthetic sparse. Scale to 160.
############## E_functional ##############
  mean cos(real, synthetic) per-word = 0.079  |  real between-concept cos = 0.170
  REAL-code   QA=0.800  abstention-control=1.000
  SYNTH-code  QA=1.000  abstention-control=1.000  (chance 0.0312)
RESULT: real QA=0.800/ctrl=1.000  vs  synth QA=1.000/ctrl=1.000
VERDICT: RESOLVES -- genuine spiking relational composition + abstention works on the REAL deployed substrate concept codes, not just synthetic sparse. Scale to 160.
##### ALL 4 DONE #####
