SIM_BACKEND=numpy selected, but a CUDA GPU + CuPy ARE available -> this run is on the CPU (typically 10-50x slower). If you did not mean that, pass SIM_BACKEND=cupy explicitly: many research runners do os.environ.setdefault('SIM_BACKEND','numpy'), which silently wins unless the caller overrides it.
[2026-07-17 03:36:52][INFO] SIM_BRIDGE: NumPy backend (CPU (NumPy backend), 8589934592.0 GB RAM available)
[2026-07-17 03:36:52][INFO] SIM_BRIDGE: Initializing simulation data for model: IZHIKEVICH (3D)... (playback_init: False)
[2026-07-17 03:36:52][INFO] SIM_BRIDGE: RNG initialized with seed: 1862385090
[2026-07-17 03:36:52][INFO] SIM_BRIDGE: Initializing Izhikevich model specifics for 608 neurons...
[2026-07-17 03:36:52][INFO] SIM_BRIDGE: Applying parameter heterogeneity to neuron parameters...
[2026-07-17 03:36:52][INFO] SIM_BRIDGE: Applied heterogeneity to 4 parameters.
[2026-07-17 03:36:52][INFO] SIM_BRIDGE: Initializing OU process state (tau=15.0ms, sigma=100.0pA)...
[2026-07-17 03:36:52][INFO] SIM_BRIDGE: Generating 3D neuron positions for 608 neurons...
[2026-07-17 03:36:52][INFO] SIM_BRIDGE: Generating connections (3D)...
[2026-07-17 03:36:52][INFO] SIM_BRIDGE: Generating Watts-Strogatz 3D network (n=608, k=10, p_rewire=0.1)...
[2026-07-17 03:36:52][INFO] SIM_BRIDGE: Watts-Strogatz network complete: 6069 connections (avg degree: 10.0, expected: 10). Time: 0.01s
[2026-07-17 03:36:52][INFO] SIM_BRIDGE: Initializing STP state for 6069 synapses (capacity: 9103)...
[2026-07-17 03:36:52][INFO] SIM_BRIDGE: Initializing eligibility traces for 6069 synapses (capacity: 9103, dtype: float32)...
[2026-07-17 03:36:52][WARNING] SIM_BRIDGE: No trait info available; all synapses default to E->E STP type.
[2026-07-17 03:36:52][INFO] SIM_BRIDGE: Initializing structural plasticity state...
[2026-07-17 03:36:52][INFO] SIM_BRIDGE: Simulation data initialized for 608 neurons (3D). Synapses: 6069. GPU memory: 0.0GB/9223372036.9GB (0.0%)
[2026-07-17 03:36:52][WARNING] SIM_BRIDGE: No trait info available; all synapses default to E->E STP type.
[2026-07-17 03:36:52][INFO] SIM_BRIDGE: inject_explicit_wiring: installed 90112 synapses across 3 populations.
[2026-07-17 03:58:46][INFO] SIM_BRIDGE: NumPy backend (CPU (NumPy backend), 8589934592.0 GB RAM available)
[2026-07-17 03:58:46][INFO] SIM_BRIDGE: Initializing simulation data for model: IZHIKEVICH (3D)... (playback_init: False)
[2026-07-17 03:58:46][INFO] SIM_BRIDGE: RNG initialized with seed: 1863698850
[2026-07-17 03:58:46][INFO] SIM_BRIDGE: Initializing Izhikevich model specifics for 608 neurons...
[2026-07-17 03:58:46][INFO] SIM_BRIDGE: Applying parameter heterogeneity to neuron parameters...
[2026-07-17 03:58:46][INFO] SIM_BRIDGE: Applied heterogeneity to 4 parameters.
[2026-07-17 03:58:46][INFO] SIM_BRIDGE: Initializing OU process state (tau=15.0ms, sigma=100.0pA)...
[2026-07-17 03:58:46][INFO] SIM_BRIDGE: Generating 3D neuron positions for 608 neurons...
[2026-07-17 03:58:46][INFO] SIM_BRIDGE: Generating connections (3D)...
[2026-07-17 03:58:46][INFO] SIM_BRIDGE: Generating Watts-Strogatz 3D network (n=608, k=10, p_rewire=0.1)...
[2026-07-17 03:58:46][INFO] SIM_BRIDGE: Watts-Strogatz network complete: 6079 connections (avg degree: 10.0, expected: 10). Time: 0.01s
[2026-07-17 03:58:46][INFO] SIM_BRIDGE: Initializing STP state for 6079 synapses (capacity: 9118)...
[2026-07-17 03:58:46][INFO] SIM_BRIDGE: Initializing eligibility traces for 6079 synapses (capacity: 9118, dtype: float32)...
[2026-07-17 03:58:46][WARNING] SIM_BRIDGE: No trait info available; all synapses default to E->E STP type.
[2026-07-17 03:58:46][INFO] SIM_BRIDGE: Initializing structural plasticity state...
[2026-07-17 03:58:46][INFO] SIM_BRIDGE: Simulation data initialized for 608 neurons (3D). Synapses: 6079. GPU memory: 0.0GB/9223372036.9GB (0.0%)
[2026-07-17 03:58:46][WARNING] SIM_BRIDGE: No trait info available; all synapses default to E->E STP type.
[2026-07-17 03:58:46][INFO] SIM_BRIDGE: inject_explicit_wiring: installed 90112 synapses across 3 populations.
[2026-07-17 04:20:24][INFO] SIM_BRIDGE: NumPy backend (CPU (NumPy backend), 8589934592.0 GB RAM available)
[2026-07-17 04:20:24][INFO] SIM_BRIDGE: Initializing simulation data for model: IZHIKEVICH (3D)... (playback_init: False)
[2026-07-17 04:20:24][INFO] SIM_BRIDGE: RNG initialized with seed: 1864996785
[2026-07-17 04:20:24][INFO] SIM_BRIDGE: Initializing Izhikevich model specifics for 608 neurons...
[2026-07-17 04:20:24][INFO] SIM_BRIDGE: Applying parameter heterogeneity to neuron parameters...
[2026-07-17 04:20:24][INFO] SIM_BRIDGE: Applied heterogeneity to 4 parameters.
[2026-07-17 04:20:24][INFO] SIM_BRIDGE: Initializing OU process state (tau=15.0ms, sigma=100.0pA)...
[2026-07-17 04:20:24][INFO] SIM_BRIDGE: Generating 3D neuron positions for 608 neurons...
[2026-07-17 04:20:24][INFO] SIM_BRIDGE: Generating connections (3D)...
[2026-07-17 04:20:24][INFO] SIM_BRIDGE: Generating Watts-Strogatz 3D network (n=608, k=10, p_rewire=0.1)...
[2026-07-17 04:20:24][INFO] SIM_BRIDGE: Watts-Strogatz network complete: 6067 connections (avg degree: 10.0, expected: 10). Time: 0.01s
[2026-07-17 04:20:24][INFO] SIM_BRIDGE: Initializing STP state for 6067 synapses (capacity: 9100)...
[2026-07-17 04:20:24][INFO] SIM_BRIDGE: Initializing eligibility traces for 6067 synapses (capacity: 9100, dtype: float32)...
[2026-07-17 04:20:24][WARNING] SIM_BRIDGE: No trait info available; all synapses default to E->E STP type.
[2026-07-17 04:20:24][INFO] SIM_BRIDGE: Initializing structural plasticity state...
[2026-07-17 04:20:24][INFO] SIM_BRIDGE: Simulation data initialized for 608 neurons (3D). Synapses: 6067. GPU memory: 0.0GB/9223372036.9GB (0.0%)
[2026-07-17 04:20:24][WARNING] SIM_BRIDGE: No trait info available; all synapses default to E->E STP type.
[2026-07-17 04:20:24][INFO] SIM_BRIDGE: inject_explicit_wiring: installed 90112 synapses across 3 populations.
[2026-07-17 04:42:01][INFO] SIM_BRIDGE: NumPy backend (CPU (NumPy backend), 8589934592.0 GB RAM available)
[2026-07-17 04:42:01][INFO] SIM_BRIDGE: Initializing simulation data for model: IZHIKEVICH (3D)... (playback_init: False)
[2026-07-17 04:42:01][INFO] SIM_BRIDGE: RNG initialized with seed: 1866293286
[2026-07-17 04:42:01][INFO] SIM_BRIDGE: Initializing Izhikevich model specifics for 608 neurons...
[2026-07-17 04:42:01][INFO] SIM_BRIDGE: Applying parameter heterogeneity to neuron parameters...
[2026-07-17 04:42:01][INFO] SIM_BRIDGE: Applied heterogeneity to 4 parameters.
[2026-07-17 04:42:01][INFO] SIM_BRIDGE: Initializing OU process state (tau=15.0ms, sigma=100.0pA)...
[2026-07-17 04:42:01][INFO] SIM_BRIDGE: Generating 3D neuron positions for 608 neurons...
[2026-07-17 04:42:01][INFO] SIM_BRIDGE: Generating connections (3D)...
[2026-07-17 04:42:01][INFO] SIM_BRIDGE: Generating Watts-Strogatz 3D network (n=608, k=10, p_rewire=0.1)...
[2026-07-17 04:42:01][INFO] SIM_BRIDGE: Watts-Strogatz network complete: 6071 connections (avg degree: 10.0, expected: 10). Time: 0.01s
[2026-07-17 04:42:01][INFO] SIM_BRIDGE: Initializing STP state for 6071 synapses (capacity: 9106)...
[2026-07-17 04:42:01][INFO] SIM_BRIDGE: Initializing eligibility traces for 6071 synapses (capacity: 9106, dtype: float32)...
[2026-07-17 04:42:01][WARNING] SIM_BRIDGE: No trait info available; all synapses default to E->E STP type.
[2026-07-17 04:42:01][INFO] SIM_BRIDGE: Initializing structural plasticity state...
[2026-07-17 04:42:01][INFO] SIM_BRIDGE: Simulation data initialized for 608 neurons (3D). Synapses: 6071. GPU memory: 0.0GB/9223372036.9GB (0.0%)
[2026-07-17 04:42:01][WARNING] SIM_BRIDGE: No trait info available; all synapses default to E->E STP type.
[2026-07-17 04:42:01][INFO] SIM_BRIDGE: inject_explicit_wiring: installed 90112 synapses across 3 populations.
----------------------------------------------------------------------------------------------------
[seed 42] k=5 chance 0.333 | STAGE0 depth-sep True (deep-best 1.000 vs 1-layer 0.444) | oracle 1.000
  e-prop ON BRIDGE: train 0.875 | inherit-heldout 0.778 | ff-moved 6307625.5
  [controls] permuted 0.407 | shuffle-DFA 0.296 | chance 0.333 => TRAINS-THE-TASK False

====================================================================================================
[onbridge-eprop-port] HONEST NEGATIVE -- the ported e-prop does NOT cleanly train the task on the bridge: train 0.875, inherit 0.778 (chance 0.333, oracle 1.000); permuted 0.407, shuffle-DFA 0.296. (Positive control gates whether the port itself is sound -- run --poscontrol-only.) The exact residual: controls not clean.
[onbridge-eprop-port] wrote research/findings/raw/_backendAB_numpy_s42.json
====================================================================================================
