[cancellation ON SPIKES] corpus=data/corpus/tinystories.txt K=1024 prop_k=2
[2026-07-08 06:37:23][INFO] SIM_BRIDGE: NumPy backend (CPU (NumPy backend), 47.7 GB RAM available)
[2026-07-08 06:37:23][INFO] SIM_BRIDGE: Initializing simulation data for model: IZHIKEVICH (3D)... (playback_init: False)
[2026-07-08 06:37:23][INFO] SIM_BRIDGE: Brain-region framework: 1 regions, 904 total neurons, 0 pathways.
[2026-07-08 06:37:23][INFO] SIM_BRIDGE: RNG initialized with seed: 42
[2026-07-08 06:37:23][INFO] SIM_BRIDGE: Initializing Izhikevich model specifics for 904 neurons...
[2026-07-08 06:37:23][INFO] SIM_BRIDGE: Region 'cells' (904 neurons): using Izh type IZH2007_RS_CORTICAL_PYRAMIDAL
[2026-07-08 06:37:23][INFO] SIM_BRIDGE: Generating 3D neuron positions for 904 neurons...
[2026-07-08 06:37:23][INFO] SIM_BRIDGE: Generating connections (brain-region framework)...
[2026-07-08 06:37:23][WARNING] SIM_BRIDGE: inject_explicit_wiring: no synapses in plan.
[2026-07-08 06:37:23][WARNING] SIM_BRIDGE: Connection generation resulted in None. Initializing as empty matrix.
[2026-07-08 06:37:23][INFO] SIM_BRIDGE: Simulation data initialized for 904 neurons (3D). Synapses: 0. GPU memory: 20.2GB/51.2GB (39.3%)
[2026-07-08 06:37:23][INFO] SIM_BRIDGE: inject_explicit_wiring: installed 6548 synapses across 1 populations.
[2026-07-08 06:37:26][INFO] SIM_BRIDGE: NumPy backend (CPU (NumPy backend), 47.7 GB RAM available)
[2026-07-08 06:37:26][INFO] SIM_BRIDGE: Initializing simulation data for model: IZHIKEVICH (3D)... (playback_init: False)
[2026-07-08 06:37:26][INFO] SIM_BRIDGE: Brain-region framework: 1 regions, 904 total neurons, 0 pathways.
[2026-07-08 06:37:26][INFO] SIM_BRIDGE: RNG initialized with seed: 42
[2026-07-08 06:37:26][INFO] SIM_BRIDGE: Initializing Izhikevich model specifics for 904 neurons...
[2026-07-08 06:37:26][INFO] SIM_BRIDGE: Region 'cells' (904 neurons): using Izh type IZH2007_RS_CORTICAL_PYRAMIDAL
[2026-07-08 06:37:26][INFO] SIM_BRIDGE: Generating 3D neuron positions for 904 neurons...
[2026-07-08 06:37:26][INFO] SIM_BRIDGE: Generating connections (brain-region framework)...
[2026-07-08 06:37:26][WARNING] SIM_BRIDGE: inject_explicit_wiring: no synapses in plan.
[2026-07-08 06:37:26][WARNING] SIM_BRIDGE: Connection generation resulted in None. Initializing as empty matrix.
[2026-07-08 06:37:26][INFO] SIM_BRIDGE: Simulation data initialized for 904 neurons (3D). Synapses: 0. GPU memory: 19.5GB/51.2GB (38.1%)
[2026-07-08 06:37:26][INFO] SIM_BRIDGE: inject_explicit_wiring: installed 6548 synapses across 1 populations.
  [seed 42] pos=0 passes=6 | inherit_before=True -> CANCEL=True not_class=True | collateral=0/15 | lesion_override=False

  AGGREGATE (1 seeds): CANCEL(inherit->EXC) all=True | no-collateral all=True | lesion-no-override all=True
  VERDICT: GO -- a member's OWN property OVERRIDES its inherited class ON SPIKES (EMERGE-54 apical competition; identity->exc drive beats codon->class, read from cp_v_apical), other members still inherit.
  [saved] research/findings/raw/_cancelspk_s42.json
