[cancellation ON SPIKES] corpus=data/corpus/tinystories.txt K=1024 prop_k=2 EMERGENT-clusters
[2026-07-08 06:48:33][INFO] SIM_BRIDGE: NumPy backend (CPU (NumPy backend), 47.7 GB RAM available)
[2026-07-08 06:48:33][INFO] SIM_BRIDGE: Initializing simulation data for model: IZHIKEVICH (3D)... (playback_init: False)
[2026-07-08 06:48:33][INFO] SIM_BRIDGE: Brain-region framework: 1 regions, 3798 total neurons, 0 pathways.
[2026-07-08 06:48:33][INFO] SIM_BRIDGE: RNG initialized with seed: 43
[2026-07-08 06:48:33][INFO] SIM_BRIDGE: Initializing Izhikevich model specifics for 3798 neurons...
[2026-07-08 06:48:33][INFO] SIM_BRIDGE: Region 'cells' (3798 neurons): using Izh type IZH2007_RS_CORTICAL_PYRAMIDAL
[2026-07-08 06:48:33][INFO] SIM_BRIDGE: Generating 3D neuron positions for 3798 neurons...
[2026-07-08 06:48:33][INFO] SIM_BRIDGE: Generating connections (brain-region framework)...
[2026-07-08 06:48:33][WARNING] SIM_BRIDGE: inject_explicit_wiring: no synapses in plan.
[2026-07-08 06:48:33][WARNING] SIM_BRIDGE: Connection generation resulted in None. Initializing as empty matrix.
[2026-07-08 06:48:33][INFO] SIM_BRIDGE: Simulation data initialized for 3798 neurons (3D). Synapses: 0. GPU memory: 19.6GB/51.2GB (38.2%)
[2026-07-08 06:48:33][INFO] SIM_BRIDGE: inject_explicit_wiring: installed 84672 synapses across 1 populations.
[2026-07-08 06:51:15][INFO] SIM_BRIDGE: NumPy backend (CPU (NumPy backend), 47.7 GB RAM available)
[2026-07-08 06:51:15][INFO] SIM_BRIDGE: Initializing simulation data for model: IZHIKEVICH (3D)... (playback_init: False)
[2026-07-08 06:51:15][INFO] SIM_BRIDGE: Brain-region framework: 1 regions, 3798 total neurons, 0 pathways.
[2026-07-08 06:51:15][INFO] SIM_BRIDGE: RNG initialized with seed: 43
[2026-07-08 06:51:15][INFO] SIM_BRIDGE: Initializing Izhikevich model specifics for 3798 neurons...
[2026-07-08 06:51:15][INFO] SIM_BRIDGE: Region 'cells' (3798 neurons): using Izh type IZH2007_RS_CORTICAL_PYRAMIDAL
[2026-07-08 06:51:15][INFO] SIM_BRIDGE: Generating 3D neuron positions for 3798 neurons...
[2026-07-08 06:51:15][INFO] SIM_BRIDGE: Generating connections (brain-region framework)...
[2026-07-08 06:51:15][WARNING] SIM_BRIDGE: inject_explicit_wiring: no synapses in plan.
[2026-07-08 06:51:15][WARNING] SIM_BRIDGE: Connection generation resulted in None. Initializing as empty matrix.
[2026-07-08 06:51:15][INFO] SIM_BRIDGE: Simulation data initialized for 3798 neurons (3D). Synapses: 0. GPU memory: 19.8GB/51.2GB (38.6%)
[2026-07-08 06:51:15][INFO] SIM_BRIDGE: inject_explicit_wiring: installed 84672 synapses across 1 populations.
  [seed 43] pos=2 passes=12 | inherit_before=True -> CANCEL=False not_class=False | collateral=0/23 | lesion_override=False

  AGGREGATE (1 seeds): CANCEL(inherit->EXC) all=False | no-collateral all=True | lesion-no-override all=True
  VERDICT: NEGATIVE -- a member's OWN property OVERRIDES its inherited class does NOT cleanly cancel on spikes.
  [saved] research/findings/raw/_cancelspk_emg_s43.json
