====================================================================================================
[FOUNDATIONAL CURRICULUM — STEP 1: 320 concepts from the REAL TinyStories corpus]
  backend=cupy  seeds=[42]  n_concepts=320  n_hub=300  n_per=16  max_windows=150000  D=128
  corpus=E:\Documents\Projects\sim\data\corpus\tinystories.txt
  bars: recall>=0.95 (who/what) | moat 0 false-accepts | generalization>=0.80 + derangement collapse | frozen-brain control | MEASURE VRAM + wall-clock
====================================================================================================
  [curriculum] corpus=tinystories.txt | 9829 stories, 1570941 tokens, 7948 types
  [curriculum] 320 content words (high-freq-first), freq 19729->169 | 30/32 categories | 320/320 gen-usable (cat has >=2 members)
  [curriculum] developmental order (top 12): ['hey', 'day', 'big', 'very', 'happy', 'saw', 'play', 'little', 'there', 'bird', 'dog', 'can']

====================================================================================================
  STEP 1 — SEED 42  (320 corpus-frequency concepts on ONE bridge)
====================================================================================================
[2026-06-25 06:12:34][INFO] SIM_BRIDGE: CuPy using GPU: NVIDIA GeForce RTX 3090 (24.0 GB), mempool limit: 80%
[2026-06-25 06:12:34][INFO] SIM_BRIDGE: Initializing simulation data for model: IZHIKEVICH (3D)... (playback_init: False)
[2026-06-25 06:12:34][INFO] SIM_BRIDGE: Brain-region framework: 2 regions, 9920 total neurons, 1 pathways.
[2026-06-25 06:12:34][INFO] SIM_BRIDGE: RNG initialized with seed: 42
[2026-06-25 06:12:34][INFO] SIM_BRIDGE: Initializing Izhikevich model specifics for 9920 neurons...
[2026-06-25 06:12:34][INFO] SIM_BRIDGE: Applying parameter heterogeneity to neuron parameters...
[2026-06-25 06:12:34][INFO] SIM_BRIDGE: Applied heterogeneity to 4 parameters.
[2026-06-25 06:12:34][INFO] SIM_BRIDGE: Generating 3D neuron positions for 9920 neurons...
[2026-06-25 06:12:34][INFO] SIM_BRIDGE: Generating connections (brain-region framework)...
[2026-06-25 06:12:45][WARNING] SIM_BRIDGE: No trait info available; all synapses default to E->E STP type.
[2026-06-25 06:12:45][INFO] SIM_BRIDGE: inject_explicit_wiring: installed 24576000 synapses across 1 populations.
[2026-06-25 06:12:46][INFO] SIM_BRIDGE: Initializing STP state for 24576000 synapses (capacity: 36864000)...
[2026-06-25 06:12:46][INFO] SIM_BRIDGE: Initializing eligibility traces for 24576000 synapses (capacity: 36864000, dtype: float32)...
[2026-06-25 06:12:46][WARNING] SIM_BRIDGE: No trait info available; all synapses default to E->E STP type.
[2026-06-25 06:12:46][INFO] SIM_BRIDGE: Initializing structural plasticity state...
[2026-06-25 06:12:46][INFO] SIM_BRIDGE: Simulation data initialized for 9920 neurons (3D). Synapses: 24576000. GPU memory: 3.4GB/25.8GB (13.1%)
  [learn] 150000 windows in 4534s | 9920 neurons (hub 4800 + tgt 5120) | corr(M,C)=+0.756 | VRAM resident 4911.5 MB (pool 1419.6 MB)
[2026-06-25 07:28:21][INFO] SIM_BRIDGE: CuPy using GPU: NVIDIA GeForce RTX 3090 (24.0 GB), mempool limit: 80%
[2026-06-25 07:28:21][INFO] SIM_BRIDGE: Initializing simulation data for model: IZHIKEVICH (3D)... (playback_init: False)
[2026-06-25 07:28:21][INFO] SIM_BRIDGE: RNG initialized with seed: 42
[2026-06-25 07:28:21][INFO] SIM_BRIDGE: Initializing Izhikevich model specifics for 256 neurons...
[2026-06-25 07:28:21][INFO] SIM_BRIDGE: Applying parameter heterogeneity to neuron parameters...
[2026-06-25 07:28:21][INFO] SIM_BRIDGE: Applied heterogeneity to 4 parameters.
[2026-06-25 07:28:21][INFO] SIM_BRIDGE: Initializing OU process state (tau=15.0ms, sigma=0.0pA)...
[2026-06-25 07:28:21][INFO] SIM_BRIDGE: Generating 3D neuron positions for 256 neurons...
[2026-06-25 07:28:21][INFO] SIM_BRIDGE: Generating connections (3D)...
[2026-06-25 07:28:21][INFO] SIM_BRIDGE: Simulation data initialized for 256 neurons (3D). Synapses: 0. GPU memory: 6.3GB/25.8GB (24.3%)
[2026-06-25 07:28:22][INFO] SIM_BRIDGE: CuPy using GPU: NVIDIA GeForce RTX 3090 (24.0 GB), mempool limit: 80%
[2026-06-25 07:28:22][INFO] SIM_BRIDGE: Initializing simulation data for model: IZHIKEVICH (3D)... (playback_init: False)
[2026-06-25 07:28:22][INFO] SIM_BRIDGE: RNG initialized with seed: 42
[2026-06-25 07:28:22][INFO] SIM_BRIDGE: Initializing Izhikevich model specifics for 512 neurons...
[2026-06-25 07:28:22][INFO] SIM_BRIDGE: Applying parameter heterogeneity to neuron parameters...
[2026-06-25 07:28:22][INFO] SIM_BRIDGE: Applied heterogeneity to 4 parameters.
[2026-06-25 07:28:22][INFO] SIM_BRIDGE: Initializing OU process state (tau=15.0ms, sigma=0.0pA)...
[2026-06-25 07:28:22][INFO] SIM_BRIDGE: Generating 3D neuron positions for 512 neurons...
[2026-06-25 07:28:22][INFO] SIM_BRIDGE: Generating connections (3D)...
[2026-06-25 07:28:22][INFO] SIM_BRIDGE: Simulation data initialized for 512 neurons (3D). Synapses: 0. GPU memory: 6.3GB/25.8GB (24.3%)
[2026-06-25 07:28:35][INFO] SIM_BRIDGE: CuPy using GPU: NVIDIA GeForce RTX 3090 (24.0 GB), mempool limit: 80%
[2026-06-25 07:28:35][INFO] SIM_BRIDGE: Initializing simulation data for model: IZHIKEVICH (3D)... (playback_init: False)
[2026-06-25 07:28:35][INFO] SIM_BRIDGE: RNG initialized with seed: 42
[2026-06-25 07:28:35][INFO] SIM_BRIDGE: Initializing Izhikevich model specifics for 6144 neurons...
[2026-06-25 07:28:35][INFO] SIM_BRIDGE: Applying parameter heterogeneity to neuron parameters...
[2026-06-25 07:28:35][INFO] SIM_BRIDGE: Applied heterogeneity to 4 parameters.
[2026-06-25 07:28:35][INFO] SIM_BRIDGE: Initializing OU process state (tau=15.0ms, sigma=0.0pA)...
[2026-06-25 07:28:35][INFO] SIM_BRIDGE: Generating 3D neuron positions for 6144 neurons...
[2026-06-25 07:28:35][INFO] SIM_BRIDGE: Generating connections (3D)...
[2026-06-25 07:28:35][INFO] SIM_BRIDGE: Simulation data initialized for 6144 neurons (3D). Synapses: 0. GPU memory: 6.3GB/25.8GB (24.3%)
  [recall/moat] recall 1.000 (48/48) | abstain 1.000 (false-accept 0/48) | 24 facts
  [generalization] 0.153 (4.6x chance 0.033) | derangement 0.009 (collapses=True) | Pearson(S,S_true) +0.070
[2026-06-25 07:29:12][INFO] SIM_BRIDGE: CuPy using GPU: NVIDIA GeForce RTX 3090 (24.0 GB), mempool limit: 80%
[2026-06-25 07:29:12][INFO] SIM_BRIDGE: Initializing simulation data for model: IZHIKEVICH (3D)... (playback_init: False)
[2026-06-25 07:29:12][INFO] SIM_BRIDGE: Brain-region framework: 2 regions, 9920 total neurons, 1 pathways.
[2026-06-25 07:29:12][INFO] SIM_BRIDGE: RNG initialized with seed: 42
[2026-06-25 07:29:12][INFO] SIM_BRIDGE: Initializing Izhikevich model specifics for 9920 neurons...
[2026-06-25 07:29:12][INFO] SIM_BRIDGE: Applying parameter heterogeneity to neuron parameters...
[2026-06-25 07:29:12][INFO] SIM_BRIDGE: Applied heterogeneity to 4 parameters.
[2026-06-25 07:29:12][INFO] SIM_BRIDGE: Generating 3D neuron positions for 9920 neurons...
[2026-06-25 07:29:12][INFO] SIM_BRIDGE: Generating connections (brain-region framework)...
[2026-06-25 07:29:22][WARNING] SIM_BRIDGE: No trait info available; all synapses default to E->E STP type.
[2026-06-25 07:29:22][INFO] SIM_BRIDGE: inject_explicit_wiring: installed 24576000 synapses across 1 populations.
[2026-06-25 07:29:23][INFO] SIM_BRIDGE: Initializing STP state for 24576000 synapses (capacity: 36864000)...
[2026-06-25 07:29:23][INFO] SIM_BRIDGE: Initializing eligibility traces for 24576000 synapses (capacity: 36864000, dtype: float32)...
[2026-06-25 07:29:23][WARNING] SIM_BRIDGE: No trait info available; all synapses default to E->E STP type.
[2026-06-25 07:29:23][INFO] SIM_BRIDGE: Initializing structural plasticity state...
[2026-06-25 07:29:23][INFO] SIM_BRIDGE: Simulation data initialized for 9920 neurons (3D). Synapses: 24576000. GPU memory: 6.3GB/25.8GB (24.3%)
[2026-06-25 08:38:34][INFO] SIM_BRIDGE: CuPy using GPU: NVIDIA GeForce RTX 3090 (24.0 GB), mempool limit: 80%
[2026-06-25 08:38:34][INFO] SIM_BRIDGE: Initializing simulation data for model: IZHIKEVICH (3D)... (playback_init: False)
[2026-06-25 08:38:34][INFO] SIM_BRIDGE: RNG initialized with seed: 42
[2026-06-25 08:38:34][INFO] SIM_BRIDGE: Initializing Izhikevich model specifics for 256 neurons...
[2026-06-25 08:38:34][INFO] SIM_BRIDGE: Applying parameter heterogeneity to neuron parameters...
[2026-06-25 08:38:34][INFO] SIM_BRIDGE: Applied heterogeneity to 4 parameters.
[2026-06-25 08:38:34][INFO] SIM_BRIDGE: Initializing OU process state (tau=15.0ms, sigma=0.0pA)...
[2026-06-25 08:38:34][INFO] SIM_BRIDGE: Generating 3D neuron positions for 256 neurons...
[2026-06-25 08:38:34][INFO] SIM_BRIDGE: Generating connections (3D)...
[2026-06-25 08:38:34][INFO] SIM_BRIDGE: Simulation data initialized for 256 neurons (3D). Synapses: 0. GPU memory: 6.3GB/25.8GB (24.3%)
[2026-06-25 08:38:35][INFO] SIM_BRIDGE: CuPy using GPU: NVIDIA GeForce RTX 3090 (24.0 GB), mempool limit: 80%
[2026-06-25 08:38:35][INFO] SIM_BRIDGE: Initializing simulation data for model: IZHIKEVICH (3D)... (playback_init: False)
[2026-06-25 08:38:35][INFO] SIM_BRIDGE: RNG initialized with seed: 42
[2026-06-25 08:38:35][INFO] SIM_BRIDGE: Initializing Izhikevich model specifics for 512 neurons...
[2026-06-25 08:38:35][INFO] SIM_BRIDGE: Applying parameter heterogeneity to neuron parameters...
[2026-06-25 08:38:35][INFO] SIM_BRIDGE: Applied heterogeneity to 4 parameters.
[2026-06-25 08:38:35][INFO] SIM_BRIDGE: Initializing OU process state (tau=15.0ms, sigma=0.0pA)...
[2026-06-25 08:38:35][INFO] SIM_BRIDGE: Generating 3D neuron positions for 512 neurons...
[2026-06-25 08:38:35][INFO] SIM_BRIDGE: Generating connections (3D)...
[2026-06-25 08:38:35][INFO] SIM_BRIDGE: Simulation data initialized for 512 neurons (3D). Synapses: 0. GPU memory: 6.3GB/25.8GB (24.3%)
[2026-06-25 08:38:49][INFO] SIM_BRIDGE: CuPy using GPU: NVIDIA GeForce RTX 3090 (24.0 GB), mempool limit: 80%
[2026-06-25 08:38:49][INFO] SIM_BRIDGE: Initializing simulation data for model: IZHIKEVICH (3D)... (playback_init: False)
[2026-06-25 08:38:49][INFO] SIM_BRIDGE: RNG initialized with seed: 42
[2026-06-25 08:38:49][INFO] SIM_BRIDGE: Initializing Izhikevich model specifics for 6144 neurons...
[2026-06-25 08:38:49][INFO] SIM_BRIDGE: Applying parameter heterogeneity to neuron parameters...
[2026-06-25 08:38:49][INFO] SIM_BRIDGE: Applied heterogeneity to 4 parameters.
[2026-06-25 08:38:49][INFO] SIM_BRIDGE: Initializing OU process state (tau=15.0ms, sigma=0.0pA)...
[2026-06-25 08:38:49][INFO] SIM_BRIDGE: Generating 3D neuron positions for 6144 neurons...
[2026-06-25 08:38:49][INFO] SIM_BRIDGE: Generating connections (3D)...
[2026-06-25 08:38:49][INFO] SIM_BRIDGE: Simulation data initialized for 6144 neurons (3D). Synapses: 0. GPU memory: 6.3GB/25.8GB (24.3%)
  [frozen-brain] corr(M,C)=+0.000 | gen 0.009 | recall 0.000 -> competence-flat=True  (vs learned: corr +0.756, gen 0.153, recall 1.000)

====================================================================================================
  VERDICT: STEP 1 PARTIAL/MISS (first REAL-corpus 320 data point = a FINDING, not a failure) — miss: generalization [0.153] (bar 0.8). Calibrated per-bridge rate: 4534.2s/320 concepts (33.1 win/s), VRAM 4911.5 MB. Likely cause = real-corpus noise vs the curated 64-word baseline (frequency-derived 320 vocab is uneven per category + the long-frequency tail at ~169 counts is thinly learned). See the per-seed detail + the curriculum report for the localize.
  [saved] research/findings/raw/_curriculum_step1_320_real_corpus_seed42.json  (wall 8805.2s)
====================================================================================================
