====================================================================================================
[FOUNDATIONAL CURRICULUM — STEP 1: 320 concepts from the REAL TinyStories corpus]
  backend=cupy  seeds=[42]  n_concepts=320  n_hub=400  n_per=24  max_windows=150000  D=128  vocab_filter=content
  corpus=E:\Documents\Projects\sim\data\corpus\tinystories.txt (1 corpus file(s))
  bars: recall>=0.95 (who/what) | moat 0 false-accepts | generalization>=0.80 (gen-reference=coherent; BOTH sharding+coherent reported) + derangement collapse | frozen-brain control | MEASURE VRAM + wall-clock
====================================================================================================
  [curriculum] corpus=tinystories.txt | 9829 stories, 1570941 tokens, 7948 types | vocab-filter=content
  [curriculum] 320 words (high-freq-first), freq 8828->70 | 23/32 categories | 320/320 gen-usable (cat has >=2 members) | 320/320 content
  [curriculum] developmental order (top 20): ['saw', 'bird', 'dog', 'girl', 'cat', 'ball', 'boy', 'tree', 'friend', 'park', 'go', 'hen', 'pot', 'make', 'see', 'home', 'find', 'hat', 'box', 'house']
  [gen-reference] coherent map covers 320/320 (100%) of the frequency-vocab with a coherent category; 319/320 (100%) gen-usable (cat>=2 members) across 51 categories (184 from validated TAXONOMY_40x8 + 136 from coherent g20 domains); 0 incoherent (adjective/function) words excluded.

====================================================================================================
  STEP 1 — SEED 42  (320 corpus-frequency concepts on ONE bridge)
====================================================================================================
[2026-06-26 00:18:26][INFO] SIM_BRIDGE: CuPy using GPU: NVIDIA GeForce RTX 3090 (24.0 GB), mempool limit: 80%
[2026-06-26 00:18:26][INFO] SIM_BRIDGE: Initializing simulation data for model: IZHIKEVICH (3D)... (playback_init: False)
[2026-06-26 00:18:26][INFO] SIM_BRIDGE: Brain-region framework: 2 regions, 17280 total neurons, 1 pathways.
[2026-06-26 00:18:26][INFO] SIM_BRIDGE: RNG initialized with seed: 42
[2026-06-26 00:18:26][INFO] SIM_BRIDGE: Initializing Izhikevich model specifics for 17280 neurons...
[2026-06-26 00:18:26][INFO] SIM_BRIDGE: Applying parameter heterogeneity to neuron parameters...
[2026-06-26 00:18:26][INFO] SIM_BRIDGE: Applied heterogeneity to 4 parameters.
[2026-06-26 00:18:26][INFO] SIM_BRIDGE: Generating 3D neuron positions for 17280 neurons...
[2026-06-26 00:18:26][INFO] SIM_BRIDGE: Generating connections (brain-region framework)...
[2026-06-26 00:18:59][WARNING] SIM_BRIDGE: No trait info available; all synapses default to E->E STP type.
[2026-06-26 00:18:59][INFO] SIM_BRIDGE: inject_explicit_wiring: installed 73728000 synapses across 1 populations.
[2026-06-26 00:19:00][INFO] SIM_BRIDGE: Initializing STP state for 73728000 synapses (capacity: 110592000)...
[2026-06-26 00:19:00][INFO] SIM_BRIDGE: Initializing eligibility traces for 73728000 synapses (capacity: 110592000, dtype: float32)...
[2026-06-26 00:19:00][WARNING] SIM_BRIDGE: No trait info available; all synapses default to E->E STP type.
[2026-06-26 00:19:00][INFO] SIM_BRIDGE: Initializing structural plasticity state...
[2026-06-26 00:19:00][INFO] SIM_BRIDGE: Simulation data initialized for 17280 neurons (3D). Synapses: 73728000. GPU memory: 7.5GB/25.8GB (29.2%)
[learn-progress] 5000/150000 windows  439s
[learn-progress] 10000/150000 windows  867s
[learn-progress] 15000/150000 windows  1309s
[learn-progress] 20000/150000 windows  1900s
[learn-progress] 25000/150000 windows  2530s
[learn-progress] 30000/150000 windows  3124s
[learn-progress] 35000/150000 windows  3771s
[learn-progress] 40000/150000 windows  4408s
[learn-progress] 45000/150000 windows  4984s
[learn-progress] 50000/150000 windows  5408s
[learn-progress] 55000/150000 windows  5810s
[learn-progress] 60000/150000 windows  6237s
[learn-progress] 65000/150000 windows  6678s
[learn-progress] 70000/150000 windows  7077s
[learn-progress] 75000/150000 windows  7475s
[learn-progress] 80000/150000 windows  7873s
[learn-progress] 85000/150000 windows  8270s
[learn-progress] 90000/150000 windows  8666s
[learn-progress] 95000/150000 windows  9061s
[learn-progress] 100000/150000 windows  9455s
[learn-progress] 105000/150000 windows  9842s
[learn-progress] 110000/150000 windows  10230s
[learn-progress] 115000/150000 windows  10617s
[learn-progress] 120000/150000 windows  11005s
[learn-progress] 125000/150000 windows  11392s
[learn-progress] 130000/150000 windows  11780s
[learn-progress] 135000/150000 windows  12167s
[learn-progress] 140000/150000 windows  12554s
[learn-progress] 145000/150000 windows  12941s
[learn-progress] 150000/150000 windows  13327s
  [learn] 150000 windows in 13327s | 17280 neurons (hub 9600 + tgt 7680) | corr(M,C)=+0.821 | VRAM resident 12135.5 MB (pool 4254.7 MB)
[2026-06-26 04:01:11][INFO] SIM_BRIDGE: CuPy using GPU: NVIDIA GeForce RTX 3090 (24.0 GB), mempool limit: 80%
[2026-06-26 04:01:11][INFO] SIM_BRIDGE: Initializing simulation data for model: IZHIKEVICH (3D)... (playback_init: False)
[2026-06-26 04:01:11][INFO] SIM_BRIDGE: RNG initialized with seed: 42
[2026-06-26 04:01:11][INFO] SIM_BRIDGE: Initializing Izhikevich model specifics for 256 neurons...
[2026-06-26 04:01:11][INFO] SIM_BRIDGE: Applying parameter heterogeneity to neuron parameters...
[2026-06-26 04:01:11][INFO] SIM_BRIDGE: Applied heterogeneity to 4 parameters.
[2026-06-26 04:01:11][INFO] SIM_BRIDGE: Initializing OU process state (tau=15.0ms, sigma=0.0pA)...
[2026-06-26 04:01:11][INFO] SIM_BRIDGE: Generating 3D neuron positions for 256 neurons...
[2026-06-26 04:01:11][INFO] SIM_BRIDGE: Generating connections (3D)...
[2026-06-26 04:01:11][INFO] SIM_BRIDGE: Simulation data initialized for 256 neurons (3D). Synapses: 0. GPU memory: 16.1GB/25.8GB (62.5%)
[2026-06-26 04:01:11][INFO] SIM_BRIDGE: CuPy using GPU: NVIDIA GeForce RTX 3090 (24.0 GB), mempool limit: 80%
[2026-06-26 04:01:11][INFO] SIM_BRIDGE: Initializing simulation data for model: IZHIKEVICH (3D)... (playback_init: False)
[2026-06-26 04:01:11][INFO] SIM_BRIDGE: RNG initialized with seed: 42
[2026-06-26 04:01:11][INFO] SIM_BRIDGE: Initializing Izhikevich model specifics for 512 neurons...
[2026-06-26 04:01:11][INFO] SIM_BRIDGE: Applying parameter heterogeneity to neuron parameters...
[2026-06-26 04:01:11][INFO] SIM_BRIDGE: Applied heterogeneity to 4 parameters.
[2026-06-26 04:01:11][INFO] SIM_BRIDGE: Initializing OU process state (tau=15.0ms, sigma=0.0pA)...
[2026-06-26 04:01:11][INFO] SIM_BRIDGE: Generating 3D neuron positions for 512 neurons...
[2026-06-26 04:01:11][INFO] SIM_BRIDGE: Generating connections (3D)...
[2026-06-26 04:01:11][INFO] SIM_BRIDGE: Simulation data initialized for 512 neurons (3D). Synapses: 0. GPU memory: 16.1GB/25.8GB (62.5%)
[2026-06-26 04:01:27][INFO] SIM_BRIDGE: CuPy using GPU: NVIDIA GeForce RTX 3090 (24.0 GB), mempool limit: 80%
[2026-06-26 04:01:27][INFO] SIM_BRIDGE: Initializing simulation data for model: IZHIKEVICH (3D)... (playback_init: False)
[2026-06-26 04:01:27][INFO] SIM_BRIDGE: RNG initialized with seed: 42
[2026-06-26 04:01:27][INFO] SIM_BRIDGE: Initializing Izhikevich model specifics for 6144 neurons...
[2026-06-26 04:01:27][INFO] SIM_BRIDGE: Applying parameter heterogeneity to neuron parameters...
[2026-06-26 04:01:27][INFO] SIM_BRIDGE: Applied heterogeneity to 4 parameters.
[2026-06-26 04:01:27][INFO] SIM_BRIDGE: Initializing OU process state (tau=15.0ms, sigma=0.0pA)...
[2026-06-26 04:01:27][INFO] SIM_BRIDGE: Generating 3D neuron positions for 6144 neurons...
[2026-06-26 04:01:27][INFO] SIM_BRIDGE: Generating connections (3D)...
[2026-06-26 04:01:27][INFO] SIM_BRIDGE: Simulation data initialized for 6144 neurons (3D). Synapses: 0. GPU memory: 16.1GB/25.8GB (62.5%)
  [recall/moat] recall 1.000 (48/48) | abstain 1.000 (false-accept 0/48) | 24 facts
  [generalization] gen-reference=coherent -> SELECTED 0.141 (7.2x chance 0.020) | derangement 0.025 (collapses=True) | Pearson +0.065
  [generalization] BOTH refs: sharding(g20) 0.188 (full 320, Pearson +0.077) | coherent 0.141 (scored 319/320 = 100% gen-usable, 51 cats, Pearson +0.065)

====================================================================================================
  VERDICT: STEP 1 PARTIAL/MISS (first REAL-corpus 320 data point = a FINDING, not a failure) — miss: generalization (coherent) [0.141] (bar 0.8). [BOTH references: sharding(g20, the original 0.153) 0.188-0.188; coherent(fix) 0.141-0.141 over 319/320 gen-usable (100%) words]. Calibrated per-bridge rate: 13327.4s/320 concepts (11.3 win/s), VRAM 12135.5 MB. NOTE the gen-reference fix (2026-06-25): the original 0.153 was the g20 SHARDING taxonomy (~33% co-occurrence-INCOHERENT adjective/function categories); the 'coherent' reference (validated TAXONOMY_40x8 + coherent g20 entity/verb domains) is the apples-to-apples reference the stream cortex scored 0.91 against. HONEST CAVEAT: only 100% of the frequency-derived vocab is coherent-clusterable (TinyStories' most-frequent content words are ~1/3 adjective/function words a distributional cortex cannot cluster) -- gen is scored over that gen-usable subset.
  [saved] research/findings/raw/_curriculum_320_nper24_150k.json  (wall 13424.4s)
====================================================================================================
