====================================================================================================
[FOUNDATIONAL CURRICULUM — STEP 1: 320 concepts from the REAL TinyStories corpus]
  backend=cupy  seeds=[42]  n_concepts=1454  n_hub=500  n_per=10  max_windows=150000  D=128  vocab_filter=content
  corpus=data/corpus/tinystories.txt+data/corpus/simplewiki.txt (2 corpus file(s))
  bars: recall>=0.95 (who/what) | moat 0 false-accepts | generalization>=0.80 (gen-reference=coherent; BOTH sharding+coherent reported) + derangement collapse | frozen-brain control | MEASURE VRAM + wall-clock
====================================================================================================
  [curriculum] corpus=tinystories.txt+simplewiki.txt | 9830 stories, 24938799 tokens, 320777 types | vocab-filter=content
  [curriculum] 1454 words (high-freq-first), freq 63571->1 | 23/32 categories | 1454/1454 gen-usable (cat has >=2 members) | 1454/1454 content
  [curriculum] developmental order (top 20): ['people', 'state', 'make', 'march', 'family', 'river', 'water', 'school', 'house', 'place', 'television', 'home', 'king', 'person', 'saw', 'season', 'go', 'park', 'man', 'book']
  [gen-reference] coherent map covers 1454/1454 (100%) of the frequency-vocab with a coherent category; 1454/1454 (100%) gen-usable (cat>=2 members) across 54 categories (190 from validated TAXONOMY_40x8 + 1264 from coherent g20 domains); 0 incoherent (adjective/function) words excluded.

====================================================================================================
  STEP 1 — SEED 42  (1454 corpus-frequency concepts on ONE bridge)
====================================================================================================
[2026-06-26 09:47:48][INFO] SIM_BRIDGE: CuPy using GPU: NVIDIA GeForce RTX 3090 (24.0 GB), mempool limit: 80%
[2026-06-26 09:47:48][INFO] SIM_BRIDGE: Initializing simulation data for model: IZHIKEVICH (3D)... (playback_init: False)
[2026-06-26 09:47:48][INFO] SIM_BRIDGE: Brain-region framework: 2 regions, 19540 total neurons, 1 pathways.
[2026-06-26 09:47:48][INFO] SIM_BRIDGE: RNG initialized with seed: 42
[2026-06-26 09:47:48][INFO] SIM_BRIDGE: Initializing Izhikevich model specifics for 19540 neurons...
[2026-06-26 09:47:48][INFO] SIM_BRIDGE: Applying parameter heterogeneity to neuron parameters...
[2026-06-26 09:47:48][INFO] SIM_BRIDGE: Applied heterogeneity to 4 parameters.
[2026-06-26 09:47:48][INFO] SIM_BRIDGE: Generating 3D neuron positions for 19540 neurons...
[2026-06-26 09:47:48][INFO] SIM_BRIDGE: Generating connections (brain-region framework)...
[2026-06-26 09:48:20][WARNING] SIM_BRIDGE: No trait info available; all synapses default to E->E STP type.
[2026-06-26 09:48:20][INFO] SIM_BRIDGE: inject_explicit_wiring: installed 72700000 synapses across 1 populations.
[2026-06-26 09:48:21][INFO] SIM_BRIDGE: Initializing STP state for 72700000 synapses (capacity: 109050000)...
[2026-06-26 09:48:21][INFO] SIM_BRIDGE: Initializing eligibility traces for 72700000 synapses (capacity: 109050000, dtype: float32)...
[2026-06-26 09:48:21][WARNING] SIM_BRIDGE: No trait info available; all synapses default to E->E STP type.
[2026-06-26 09:48:21][INFO] SIM_BRIDGE: Initializing structural plasticity state...
[2026-06-26 09:48:21][INFO] SIM_BRIDGE: Simulation data initialized for 19540 neurons (3D). Synapses: 72700000. GPU memory: 7.4GB/25.8GB (28.8%)
[learn-progress] 5000/150000 windows  397s
[learn-progress] 10000/150000 windows  796s
[learn-progress] 15000/150000 windows  1196s
[learn-progress] 20000/150000 windows  1596s
[learn-progress] 25000/150000 windows  1996s
[learn-progress] 30000/150000 windows  2397s
[learn-progress] 35000/150000 windows  2798s
[learn-progress] 40000/150000 windows  3199s
[learn-progress] 45000/150000 windows  3600s
[learn-progress] 50000/150000 windows  4001s
[learn-progress] 55000/150000 windows  4395s
[learn-progress] 60000/150000 windows  4790s
[learn-progress] 65000/150000 windows  5184s
[learn-progress] 70000/150000 windows  5577s
[learn-progress] 75000/150000 windows  5970s
[learn-progress] 80000/150000 windows  6364s
[learn-progress] 85000/150000 windows  6758s
[learn-progress] 90000/150000 windows  7151s
[learn-progress] 95000/150000 windows  7544s
[learn-progress] 100000/150000 windows  7937s
[learn-progress] 105000/150000 windows  8323s
[learn-progress] 110000/150000 windows  8709s
[learn-progress] 115000/150000 windows  9095s
[learn-progress] 120000/150000 windows  9480s
[learn-progress] 125000/150000 windows  9867s
[learn-progress] 130000/150000 windows  10254s
[learn-progress] 135000/150000 windows  10643s
[learn-progress] 140000/150000 windows  11032s
[learn-progress] 145000/150000 windows  11421s
[learn-progress] 150000/150000 windows  11813s
  [learn] 150000 windows in 11813s | 19540 neurons (hub 5000 + tgt 14540) | corr(M,C)=+0.758 | VRAM resident 11981.5 MB (pool 4190.3 MB)
  [save-codes] wrote bridges/firstchat/brain1454_seed42.npz  (1454 concepts, D=128, corr(M,C)=+0.758)
[2026-06-26 13:05:18][INFO] SIM_BRIDGE: CuPy using GPU: NVIDIA GeForce RTX 3090 (24.0 GB), mempool limit: 80%
[2026-06-26 13:05:18][INFO] SIM_BRIDGE: Initializing simulation data for model: IZHIKEVICH (3D)... (playback_init: False)
[2026-06-26 13:05:18][INFO] SIM_BRIDGE: RNG initialized with seed: 42
[2026-06-26 13:05:18][INFO] SIM_BRIDGE: Initializing Izhikevich model specifics for 256 neurons...
[2026-06-26 13:05:18][INFO] SIM_BRIDGE: Applying parameter heterogeneity to neuron parameters...
[2026-06-26 13:05:18][INFO] SIM_BRIDGE: Applied heterogeneity to 4 parameters.
[2026-06-26 13:05:18][INFO] SIM_BRIDGE: Initializing OU process state (tau=15.0ms, sigma=0.0pA)...
[2026-06-26 13:05:18][INFO] SIM_BRIDGE: Generating 3D neuron positions for 256 neurons...
[2026-06-26 13:05:18][INFO] SIM_BRIDGE: Generating connections (3D)...
[2026-06-26 13:05:18][INFO] SIM_BRIDGE: Simulation data initialized for 256 neurons (3D). Synapses: 0. GPU memory: 16.6GB/25.8GB (64.4%)
[2026-06-26 13:05:18][INFO] SIM_BRIDGE: CuPy using GPU: NVIDIA GeForce RTX 3090 (24.0 GB), mempool limit: 80%
[2026-06-26 13:05:18][INFO] SIM_BRIDGE: Initializing simulation data for model: IZHIKEVICH (3D)... (playback_init: False)
[2026-06-26 13:05:18][INFO] SIM_BRIDGE: RNG initialized with seed: 42
[2026-06-26 13:05:18][INFO] SIM_BRIDGE: Initializing Izhikevich model specifics for 512 neurons...
[2026-06-26 13:05:18][INFO] SIM_BRIDGE: Applying parameter heterogeneity to neuron parameters...
[2026-06-26 13:05:18][INFO] SIM_BRIDGE: Applied heterogeneity to 4 parameters.
[2026-06-26 13:05:18][INFO] SIM_BRIDGE: Initializing OU process state (tau=15.0ms, sigma=0.0pA)...
[2026-06-26 13:05:18][INFO] SIM_BRIDGE: Generating 3D neuron positions for 512 neurons...
[2026-06-26 13:05:18][INFO] SIM_BRIDGE: Generating connections (3D)...
[2026-06-26 13:05:18][INFO] SIM_BRIDGE: Simulation data initialized for 512 neurons (3D). Synapses: 0. GPU memory: 16.6GB/25.8GB (64.4%)
[2026-06-26 13:05:33][INFO] SIM_BRIDGE: CuPy using GPU: NVIDIA GeForce RTX 3090 (24.0 GB), mempool limit: 80%
[2026-06-26 13:05:33][INFO] SIM_BRIDGE: Initializing simulation data for model: IZHIKEVICH (3D)... (playback_init: False)
[2026-06-26 13:05:33][INFO] SIM_BRIDGE: RNG initialized with seed: 42
[2026-06-26 13:05:33][INFO] SIM_BRIDGE: Initializing Izhikevich model specifics for 6144 neurons...
[2026-06-26 13:05:33][INFO] SIM_BRIDGE: Applying parameter heterogeneity to neuron parameters...
[2026-06-26 13:05:33][INFO] SIM_BRIDGE: Applied heterogeneity to 4 parameters.
[2026-06-26 13:05:33][INFO] SIM_BRIDGE: Initializing OU process state (tau=15.0ms, sigma=0.0pA)...
[2026-06-26 13:05:33][INFO] SIM_BRIDGE: Generating 3D neuron positions for 6144 neurons...
[2026-06-26 13:05:33][INFO] SIM_BRIDGE: Generating connections (3D)...
[2026-06-26 13:05:33][INFO] SIM_BRIDGE: Simulation data initialized for 6144 neurons (3D). Synapses: 0. GPU memory: 16.6GB/25.8GB (64.4%)
  [recall/moat] recall 0.208 (10/48) | abstain 1.000 (false-accept 0/48) | 24 facts
  [generalization] gen-reference=coherent -> SELECTED 0.054 (2.9x chance 0.019) | derangement 0.006 (collapses=True) | Pearson +0.027
  [generalization] BOTH refs: sharding(g20) 0.074 (full 320, Pearson +0.006) | coherent 0.054 (scored 1454/1454 = 100% gen-usable, 54 cats, Pearson +0.027)

====================================================================================================
  VERDICT: STEP 1 PARTIAL/MISS (first REAL-corpus 320 data point = a FINDING, not a failure) — miss: recall [0.20833333333333334] (bar 0.95); generalization (coherent) [0.054] (bar 0.8). [BOTH references: sharding(g20, the original 0.153) 0.074-0.074; coherent(fix) 0.054-0.054 over 1454/1454 gen-usable (100%) words]. Calibrated per-bridge rate: 11812.6s/320 concepts (12.7 win/s), VRAM 11981.5 MB. NOTE the gen-reference fix (2026-06-25): the original 0.153 was the g20 SHARDING taxonomy (~33% co-occurrence-INCOHERENT adjective/function categories); the 'coherent' reference (validated TAXONOMY_40x8 + coherent g20 entity/verb domains) is the apples-to-apples reference the stream cortex scored 0.91 against. HONEST CAVEAT: only 100% of the frequency-derived vocab is coherent-clusterable (TinyStories' most-frequent content words are ~1/3 adjective/function words a distributional cortex cannot cluster) -- gen is scored over that gen-usable subset.
  [saved] research/findings/raw/_curriculum_breadth1454_full.json  (wall 11956.8s)
====================================================================================================
