====================================================================================================
[FOUNDATIONAL CURRICULUM — STEP 1: 320 concepts from the REAL TinyStories corpus]
  backend=cupy  seeds=[42]  n_concepts=320  n_hub=300  n_per=16  max_windows=150000  D=128  vocab_filter=content
  corpus=E:\Documents\Projects\sim\data\corpus\tinystories.txt
  bars: recall>=0.95 (who/what) | moat 0 false-accepts | generalization>=0.80 (gen-reference=coherent; BOTH sharding+coherent reported) + derangement collapse | frozen-brain control | MEASURE VRAM + wall-clock
====================================================================================================
  [curriculum] corpus=tinystories.txt | 9829 stories, 1570941 tokens, 7948 types | vocab-filter=content
  [curriculum] 320 words (high-freq-first), freq 8828->70 | 23/32 categories | 320/320 gen-usable (cat has >=2 members) | 320/320 content
  [curriculum] developmental order (top 20): ['saw', 'bird', 'dog', 'girl', 'cat', 'ball', 'boy', 'tree', 'friend', 'park', 'go', 'hen', 'pot', 'make', 'see', 'home', 'find', 'hat', 'box', 'house']
  [gen-reference] coherent map covers 320/320 (100%) of the frequency-vocab with a coherent category; 319/320 (100%) gen-usable (cat>=2 members) across 51 categories (184 from validated TAXONOMY_40x8 + 136 from coherent g20 domains); 0 incoherent (adjective/function) words excluded.

====================================================================================================
  STEP 1 — SEED 42  (320 corpus-frequency concepts on ONE bridge)
====================================================================================================
[2026-06-25 12:33:45][INFO] SIM_BRIDGE: CuPy using GPU: NVIDIA GeForce RTX 3090 (24.0 GB), mempool limit: 80%
[2026-06-25 12:33:45][INFO] SIM_BRIDGE: Initializing simulation data for model: IZHIKEVICH (3D)... (playback_init: False)
[2026-06-25 12:33:45][INFO] SIM_BRIDGE: Brain-region framework: 2 regions, 9920 total neurons, 1 pathways.
[2026-06-25 12:33:45][INFO] SIM_BRIDGE: RNG initialized with seed: 42
[2026-06-25 12:33:46][INFO] SIM_BRIDGE: Initializing Izhikevich model specifics for 9920 neurons...
[2026-06-25 12:33:46][INFO] SIM_BRIDGE: Applying parameter heterogeneity to neuron parameters...
[2026-06-25 12:33:46][INFO] SIM_BRIDGE: Applied heterogeneity to 4 parameters.
[2026-06-25 12:33:46][INFO] SIM_BRIDGE: Generating 3D neuron positions for 9920 neurons...
[2026-06-25 12:33:46][INFO] SIM_BRIDGE: Generating connections (brain-region framework)...
[2026-06-25 12:33:56][WARNING] SIM_BRIDGE: No trait info available; all synapses default to E->E STP type.
[2026-06-25 12:33:56][INFO] SIM_BRIDGE: inject_explicit_wiring: installed 24576000 synapses across 1 populations.
[2026-06-25 12:33:57][INFO] SIM_BRIDGE: Initializing STP state for 24576000 synapses (capacity: 36864000)...
[2026-06-25 12:33:57][INFO] SIM_BRIDGE: Initializing eligibility traces for 24576000 synapses (capacity: 36864000, dtype: float32)...
[2026-06-25 12:33:57][WARNING] SIM_BRIDGE: No trait info available; all synapses default to E->E STP type.
[2026-06-25 12:33:57][INFO] SIM_BRIDGE: Initializing structural plasticity state...
[2026-06-25 12:33:57][INFO] SIM_BRIDGE: Simulation data initialized for 9920 neurons (3D). Synapses: 24576000. GPU memory: 3.4GB/25.8GB (13.1%)
  [learn] 150000 windows in 4438s | 9920 neurons (hub 4800 + tgt 5120) | corr(M,C)=+0.808 | VRAM resident 4911.5 MB (pool 1419.2 MB)
[2026-06-25 13:47:56][INFO] SIM_BRIDGE: CuPy using GPU: NVIDIA GeForce RTX 3090 (24.0 GB), mempool limit: 80%
[2026-06-25 13:47:56][INFO] SIM_BRIDGE: Initializing simulation data for model: IZHIKEVICH (3D)... (playback_init: False)
[2026-06-25 13:47:56][INFO] SIM_BRIDGE: RNG initialized with seed: 42
[2026-06-25 13:47:56][INFO] SIM_BRIDGE: Initializing Izhikevich model specifics for 256 neurons...
[2026-06-25 13:47:56][INFO] SIM_BRIDGE: Applying parameter heterogeneity to neuron parameters...
[2026-06-25 13:47:56][INFO] SIM_BRIDGE: Applied heterogeneity to 4 parameters.
[2026-06-25 13:47:56][INFO] SIM_BRIDGE: Initializing OU process state (tau=15.0ms, sigma=0.0pA)...
[2026-06-25 13:47:56][INFO] SIM_BRIDGE: Generating 3D neuron positions for 256 neurons...
[2026-06-25 13:47:56][INFO] SIM_BRIDGE: Generating connections (3D)...
[2026-06-25 13:47:56][INFO] SIM_BRIDGE: Simulation data initialized for 256 neurons (3D). Synapses: 0. GPU memory: 6.3GB/25.8GB (24.3%)
[2026-06-25 13:47:56][INFO] SIM_BRIDGE: CuPy using GPU: NVIDIA GeForce RTX 3090 (24.0 GB), mempool limit: 80%
[2026-06-25 13:47:56][INFO] SIM_BRIDGE: Initializing simulation data for model: IZHIKEVICH (3D)... (playback_init: False)
[2026-06-25 13:47:56][INFO] SIM_BRIDGE: RNG initialized with seed: 42
[2026-06-25 13:47:56][INFO] SIM_BRIDGE: Initializing Izhikevich model specifics for 512 neurons...
[2026-06-25 13:47:56][INFO] SIM_BRIDGE: Applying parameter heterogeneity to neuron parameters...
[2026-06-25 13:47:56][INFO] SIM_BRIDGE: Applied heterogeneity to 4 parameters.
[2026-06-25 13:47:56][INFO] SIM_BRIDGE: Initializing OU process state (tau=15.0ms, sigma=0.0pA)...
[2026-06-25 13:47:56][INFO] SIM_BRIDGE: Generating 3D neuron positions for 512 neurons...
[2026-06-25 13:47:56][INFO] SIM_BRIDGE: Generating connections (3D)...
[2026-06-25 13:47:56][INFO] SIM_BRIDGE: Simulation data initialized for 512 neurons (3D). Synapses: 0. GPU memory: 6.3GB/25.8GB (24.3%)
[2026-06-25 13:48:09][INFO] SIM_BRIDGE: CuPy using GPU: NVIDIA GeForce RTX 3090 (24.0 GB), mempool limit: 80%
[2026-06-25 13:48:09][INFO] SIM_BRIDGE: Initializing simulation data for model: IZHIKEVICH (3D)... (playback_init: False)
[2026-06-25 13:48:09][INFO] SIM_BRIDGE: RNG initialized with seed: 42
[2026-06-25 13:48:09][INFO] SIM_BRIDGE: Initializing Izhikevich model specifics for 6144 neurons...
[2026-06-25 13:48:09][INFO] SIM_BRIDGE: Applying parameter heterogeneity to neuron parameters...
[2026-06-25 13:48:09][INFO] SIM_BRIDGE: Applied heterogeneity to 4 parameters.
[2026-06-25 13:48:09][INFO] SIM_BRIDGE: Initializing OU process state (tau=15.0ms, sigma=0.0pA)...
[2026-06-25 13:48:09][INFO] SIM_BRIDGE: Generating 3D neuron positions for 6144 neurons...
[2026-06-25 13:48:09][INFO] SIM_BRIDGE: Generating connections (3D)...
[2026-06-25 13:48:09][INFO] SIM_BRIDGE: Simulation data initialized for 6144 neurons (3D). Synapses: 0. GPU memory: 6.3GB/25.8GB (24.3%)
  [recall/moat] recall 1.000 (48/48) | abstain 1.000 (false-accept 0/48) | 24 facts
  [generalization] gen-reference=coherent -> SELECTED 0.125 (6.4x chance 0.020) | derangement 0.025 (collapses=True) | Pearson +0.059
  [generalization] BOTH refs: sharding(g20) 0.150 (full 320, Pearson +0.065) | coherent 0.125 (scored 319/320 = 100% gen-usable, 51 cats, Pearson +0.059)
[2026-06-25 13:48:50][INFO] SIM_BRIDGE: CuPy using GPU: NVIDIA GeForce RTX 3090 (24.0 GB), mempool limit: 80%
[2026-06-25 13:48:50][INFO] SIM_BRIDGE: Initializing simulation data for model: IZHIKEVICH (3D)... (playback_init: False)
[2026-06-25 13:48:50][INFO] SIM_BRIDGE: Brain-region framework: 2 regions, 9920 total neurons, 1 pathways.
[2026-06-25 13:48:50][INFO] SIM_BRIDGE: RNG initialized with seed: 42
[2026-06-25 13:48:50][INFO] SIM_BRIDGE: Initializing Izhikevich model specifics for 9920 neurons...
[2026-06-25 13:48:50][INFO] SIM_BRIDGE: Applying parameter heterogeneity to neuron parameters...
[2026-06-25 13:48:50][INFO] SIM_BRIDGE: Applied heterogeneity to 4 parameters.
[2026-06-25 13:48:50][INFO] SIM_BRIDGE: Generating 3D neuron positions for 9920 neurons...
[2026-06-25 13:48:50][INFO] SIM_BRIDGE: Generating connections (brain-region framework)...
[2026-06-25 13:49:01][WARNING] SIM_BRIDGE: No trait info available; all synapses default to E->E STP type.
[2026-06-25 13:49:01][INFO] SIM_BRIDGE: inject_explicit_wiring: installed 24576000 synapses across 1 populations.
[2026-06-25 13:49:01][INFO] SIM_BRIDGE: Initializing STP state for 24576000 synapses (capacity: 36864000)...
[2026-06-25 13:49:01][INFO] SIM_BRIDGE: Initializing eligibility traces for 24576000 synapses (capacity: 36864000, dtype: float32)...
[2026-06-25 13:49:01][WARNING] SIM_BRIDGE: No trait info available; all synapses default to E->E STP type.
[2026-06-25 13:49:01][INFO] SIM_BRIDGE: Initializing structural plasticity state...
[2026-06-25 13:49:01][INFO] SIM_BRIDGE: Simulation data initialized for 9920 neurons (3D). Synapses: 24576000. GPU memory: 6.3GB/25.8GB (24.3%)
[2026-06-25 15:08:02][INFO] SIM_BRIDGE: CuPy using GPU: NVIDIA GeForce RTX 3090 (24.0 GB), mempool limit: 80%
[2026-06-25 15:08:02][INFO] SIM_BRIDGE: Initializing simulation data for model: IZHIKEVICH (3D)... (playback_init: False)
[2026-06-25 15:08:02][INFO] SIM_BRIDGE: RNG initialized with seed: 42
[2026-06-25 15:08:02][INFO] SIM_BRIDGE: Initializing Izhikevich model specifics for 256 neurons...
[2026-06-25 15:08:02][INFO] SIM_BRIDGE: Applying parameter heterogeneity to neuron parameters...
[2026-06-25 15:08:02][INFO] SIM_BRIDGE: Applied heterogeneity to 4 parameters.
[2026-06-25 15:08:02][INFO] SIM_BRIDGE: Initializing OU process state (tau=15.0ms, sigma=0.0pA)...
[2026-06-25 15:08:02][INFO] SIM_BRIDGE: Generating 3D neuron positions for 256 neurons...
[2026-06-25 15:08:02][INFO] SIM_BRIDGE: Generating connections (3D)...
[2026-06-25 15:08:02][INFO] SIM_BRIDGE: Simulation data initialized for 256 neurons (3D). Synapses: 0. GPU memory: 6.3GB/25.8GB (24.3%)
[2026-06-25 15:08:02][INFO] SIM_BRIDGE: CuPy using GPU: NVIDIA GeForce RTX 3090 (24.0 GB), mempool limit: 80%
[2026-06-25 15:08:02][INFO] SIM_BRIDGE: Initializing simulation data for model: IZHIKEVICH (3D)... (playback_init: False)
[2026-06-25 15:08:02][INFO] SIM_BRIDGE: RNG initialized with seed: 42
[2026-06-25 15:08:02][INFO] SIM_BRIDGE: Initializing Izhikevich model specifics for 512 neurons...
[2026-06-25 15:08:02][INFO] SIM_BRIDGE: Applying parameter heterogeneity to neuron parameters...
[2026-06-25 15:08:02][INFO] SIM_BRIDGE: Applied heterogeneity to 4 parameters.
[2026-06-25 15:08:02][INFO] SIM_BRIDGE: Initializing OU process state (tau=15.0ms, sigma=0.0pA)...
[2026-06-25 15:08:02][INFO] SIM_BRIDGE: Generating 3D neuron positions for 512 neurons...
[2026-06-25 15:08:02][INFO] SIM_BRIDGE: Generating connections (3D)...
[2026-06-25 15:08:02][INFO] SIM_BRIDGE: Simulation data initialized for 512 neurons (3D). Synapses: 0. GPU memory: 6.3GB/25.8GB (24.3%)
[2026-06-25 15:08:16][INFO] SIM_BRIDGE: CuPy using GPU: NVIDIA GeForce RTX 3090 (24.0 GB), mempool limit: 80%
[2026-06-25 15:08:16][INFO] SIM_BRIDGE: Initializing simulation data for model: IZHIKEVICH (3D)... (playback_init: False)
[2026-06-25 15:08:16][INFO] SIM_BRIDGE: RNG initialized with seed: 42
[2026-06-25 15:08:16][INFO] SIM_BRIDGE: Initializing Izhikevich model specifics for 6144 neurons...
[2026-06-25 15:08:16][INFO] SIM_BRIDGE: Applying parameter heterogeneity to neuron parameters...
[2026-06-25 15:08:16][INFO] SIM_BRIDGE: Applied heterogeneity to 4 parameters.
[2026-06-25 15:08:16][INFO] SIM_BRIDGE: Initializing OU process state (tau=15.0ms, sigma=0.0pA)...
[2026-06-25 15:08:16][INFO] SIM_BRIDGE: Generating 3D neuron positions for 6144 neurons...
[2026-06-25 15:08:16][INFO] SIM_BRIDGE: Generating connections (3D)...
[2026-06-25 15:08:16][INFO] SIM_BRIDGE: Simulation data initialized for 6144 neurons (3D). Synapses: 0. GPU memory: 6.3GB/25.8GB (24.3%)
  [frozen-brain] corr(M,C)=+0.000 | gen 0.000 | recall 0.000 -> competence-flat=True  (vs learned: corr +0.808, gen 0.125, recall 1.000)

====================================================================================================
  VERDICT: STEP 1 PARTIAL/MISS (first REAL-corpus 320 data point = a FINDING, not a failure) — miss: generalization (coherent) [0.125] (bar 0.8). [BOTH references: sharding(g20, the original 0.153) 0.150-0.150; coherent(fix) 0.125-0.125 over 319/320 gen-usable (100%) words]. Calibrated per-bridge rate: 4437.8s/320 concepts (33.8 win/s), VRAM 4911.5 MB. NOTE the gen-reference fix (2026-06-25): the original 0.153 was the g20 SHARDING taxonomy (~33% co-occurrence-INCOHERENT adjective/function categories); the 'coherent' reference (validated TAXONOMY_40x8 + coherent g20 entity/verb domains) is the apples-to-apples reference the stream cortex scored 0.91 against. HONEST CAVEAT: only 100% of the frequency-derived vocab is coherent-clusterable (TinyStories' most-frequent content words are ~1/3 adjective/function words a distributional cortex cannot cluster) -- gen is scored over that gen-usable subset.
  [saved] research/findings/raw/_curriculum_step1_contentfilter_seed42.json  (wall 9300.5s)
====================================================================================================
