SIM_BACKEND=numpy selected, but a CUDA GPU + CuPy ARE available -> this run is on the CPU (typically 10-50x slower). If you did not mean that, pass SIM_BACKEND=cupy explicitly: many research runners do os.environ.setdefault('SIM_BACKEND','numpy'), which silently wins unless the caller overrides it.
[2026-07-20 14:12:16][INFO] SIM_BRIDGE: NumPy backend (CPU (NumPy backend), 8589934592.0 GB RAM available)
[2026-07-20 14:12:16][INFO] SIM_BRIDGE: Initializing simulation data for model: IZHIKEVICH (3D)... (playback_init: False)
[2026-07-20 14:12:16][INFO] SIM_BRIDGE: Brain-region framework: 3 regions, 108 total neurons, 2 pathways.
[2026-07-20 14:12:16][INFO] SIM_BRIDGE: RNG initialized with seed: 43
[2026-07-20 14:12:16][INFO] SIM_BRIDGE: Initializing Izhikevich model specifics for 108 neurons...
[2026-07-20 14:12:16][INFO] SIM_BRIDGE: Applying parameter heterogeneity to neuron parameters...
[2026-07-20 14:12:16][INFO] SIM_BRIDGE: Applied heterogeneity to 4 parameters.
[2026-07-20 14:12:16][INFO] SIM_BRIDGE: Initializing OU process state (tau=15.0ms, sigma=0.0pA)...
[2026-07-20 14:12:16][INFO] SIM_BRIDGE: Generating 3D neuron positions for 108 neurons...
[2026-07-20 14:12:16][INFO] SIM_BRIDGE: Generating connections (brain-region framework)...
[2026-07-20 14:12:16][INFO] SIM_BRIDGE: inject_explicit_wiring: installed 2880 synapses across 2 populations.
[2026-07-20 14:12:16][INFO] SIM_BRIDGE: Simulation data initialized for 108 neurons (3D). Synapses: 2880. GPU memory: 0.0GB/9223372036.9GB (0.0%)
[2026-07-20 14:13:20][INFO] SIM_BRIDGE: NumPy backend (CPU (NumPy backend), 8589934592.0 GB RAM available)
[2026-07-20 14:13:20][INFO] SIM_BRIDGE: Initializing simulation data for model: IZHIKEVICH (3D)... (playback_init: False)
[2026-07-20 14:13:20][INFO] SIM_BRIDGE: Brain-region framework: 3 regions, 108 total neurons, 2 pathways.
[2026-07-20 14:13:20][INFO] SIM_BRIDGE: RNG initialized with seed: 43
[2026-07-20 14:13:20][INFO] SIM_BRIDGE: Initializing Izhikevich model specifics for 108 neurons...
[2026-07-20 14:13:20][INFO] SIM_BRIDGE: Applying parameter heterogeneity to neuron parameters...
[2026-07-20 14:13:20][INFO] SIM_BRIDGE: Applied heterogeneity to 4 parameters.
[2026-07-20 14:13:20][INFO] SIM_BRIDGE: Initializing OU process state (tau=15.0ms, sigma=0.0pA)...
[2026-07-20 14:13:20][INFO] SIM_BRIDGE: Generating 3D neuron positions for 108 neurons...
[2026-07-20 14:13:20][INFO] SIM_BRIDGE: Generating connections (brain-region framework)...
[2026-07-20 14:13:20][INFO] SIM_BRIDGE: inject_explicit_wiring: installed 2880 synapses across 2 populations.
[2026-07-20 14:13:20][INFO] SIM_BRIDGE: Simulation data initialized for 108 neurons (3D). Synapses: 2880. GPU memory: 0.0GB/9223372036.9GB (0.0%)
[2026-07-20 14:14:20][INFO] SIM_BRIDGE: NumPy backend (CPU (NumPy backend), 8589934592.0 GB RAM available)
[2026-07-20 14:14:20][INFO] SIM_BRIDGE: Initializing simulation data for model: IZHIKEVICH (3D)... (playback_init: False)
[2026-07-20 14:14:20][INFO] SIM_BRIDGE: Brain-region framework: 3 regions, 108 total neurons, 2 pathways.
[2026-07-20 14:14:20][INFO] SIM_BRIDGE: RNG initialized with seed: 43
[2026-07-20 14:14:20][INFO] SIM_BRIDGE: Initializing Izhikevich model specifics for 108 neurons...
[2026-07-20 14:14:20][INFO] SIM_BRIDGE: Applying parameter heterogeneity to neuron parameters...
[2026-07-20 14:14:20][INFO] SIM_BRIDGE: Applied heterogeneity to 4 parameters.
[2026-07-20 14:14:20][INFO] SIM_BRIDGE: Initializing OU process state (tau=15.0ms, sigma=0.0pA)...
[2026-07-20 14:14:20][INFO] SIM_BRIDGE: Generating 3D neuron positions for 108 neurons...
[2026-07-20 14:14:20][INFO] SIM_BRIDGE: Generating connections (brain-region framework)...
[2026-07-20 14:14:20][INFO] SIM_BRIDGE: inject_explicit_wiring: installed 2880 synapses across 2 populations.
[2026-07-20 14:14:20][INFO] SIM_BRIDGE: Simulation data initialized for 108 neurons (3D). Synapses: 2880. GPU memory: 0.0GB/9223372036.9GB (0.0%)
  [seed 43] apical-coupling: P_rest 0.14 -> P_apical 1.00 (P_rises True); B_rest 0.000 -> B_apical 0.191 (B_rises True = apical->bursts COUPLED)
  [seed 43][cleanxor] oracle 0.986 | np-single 0.497 | chance 0.531 || BDSP held 0.531 dw(in>hid 654.726, hid>out 367.811) | LESION held 0.531 dw(in>hid 0.183, hid>out 0.094) | wt_ok True | rates in/hid/out 0.04/0.08/0.07
       wrong-sign held 0.469

============================================================================================================
[d1-onbridge] VERDICT: PIPELINE-VALIDATED (smoke) [MICROCIRCUIT] -- the on-bridge 3-region BDSP net runs END-TO-END and the MECHANISM is correct: both plastic pathways MOVE under credit (in>hid 654.726, hid>out 367.811); the P0 MOAT holds (apical-lesion hidden-dw 0.183 << credit 654.726); NO weight transport (True); task valid (oracle 0.986 >= 0.80, numpy single-layer floor 0.497 ~ chance 0.531). Held-out at this CPU-smoke scale: BDSP 0.531 vs lesion 0.531 vs chance 0.531, wrong-sign 0.469. The held-out ACCURACY bar (>=0.75) is the CONTROLLER's multi-seed GPU sweep (needs width + epochs + drive tuning the smoke deliberately omits). ⇒ the machinery + wiring are ready; accuracy is the GPU run.
[d1-onbridge] wrote research/findings/raw/_d1_confirm_cleanxor_h48e24_sg200_s43.json
============================================================================================================
