SIM_BACKEND=numpy selected, but a CUDA GPU + CuPy ARE available -> this run is on the CPU (typically 10-50x slower). If you did not mean that, pass SIM_BACKEND=cupy explicitly: many research runners do os.environ.setdefault('SIM_BACKEND','numpy'), which silently wins unless the caller overrides it.
[2026-07-20 13:46:33][INFO] SIM_BRIDGE: NumPy backend (CPU (NumPy backend), 8589934592.0 GB RAM available)
[2026-07-20 13:46:33][INFO] SIM_BRIDGE: Initializing simulation data for model: IZHIKEVICH (3D)... (playback_init: False)
[2026-07-20 13:46:33][INFO] SIM_BRIDGE: Brain-region framework: 3 regions, 108 total neurons, 2 pathways.
[2026-07-20 13:46:33][INFO] SIM_BRIDGE: RNG initialized with seed: 42
[2026-07-20 13:46:33][INFO] SIM_BRIDGE: Initializing Izhikevich model specifics for 108 neurons...
[2026-07-20 13:46:33][INFO] SIM_BRIDGE: Applying parameter heterogeneity to neuron parameters...
[2026-07-20 13:46:33][INFO] SIM_BRIDGE: Applied heterogeneity to 4 parameters.
[2026-07-20 13:46:33][INFO] SIM_BRIDGE: Initializing OU process state (tau=15.0ms, sigma=0.0pA)...
[2026-07-20 13:46:33][INFO] SIM_BRIDGE: Generating 3D neuron positions for 108 neurons...
[2026-07-20 13:46:33][INFO] SIM_BRIDGE: Generating connections (brain-region framework)...
[2026-07-20 13:46:33][INFO] SIM_BRIDGE: inject_explicit_wiring: installed 2880 synapses across 2 populations.
[2026-07-20 13:46:33][INFO] SIM_BRIDGE: Simulation data initialized for 108 neurons (3D). Synapses: 2880. GPU memory: 0.0GB/9223372036.9GB (0.0%)
[2026-07-20 13:47:36][INFO] SIM_BRIDGE: NumPy backend (CPU (NumPy backend), 8589934592.0 GB RAM available)
[2026-07-20 13:47:36][INFO] SIM_BRIDGE: Initializing simulation data for model: IZHIKEVICH (3D)... (playback_init: False)
[2026-07-20 13:47:36][INFO] SIM_BRIDGE: Brain-region framework: 3 regions, 108 total neurons, 2 pathways.
[2026-07-20 13:47:36][INFO] SIM_BRIDGE: RNG initialized with seed: 42
[2026-07-20 13:47:36][INFO] SIM_BRIDGE: Initializing Izhikevich model specifics for 108 neurons...
[2026-07-20 13:47:36][INFO] SIM_BRIDGE: Applying parameter heterogeneity to neuron parameters...
[2026-07-20 13:47:36][INFO] SIM_BRIDGE: Applied heterogeneity to 4 parameters.
[2026-07-20 13:47:36][INFO] SIM_BRIDGE: Initializing OU process state (tau=15.0ms, sigma=0.0pA)...
[2026-07-20 13:47:36][INFO] SIM_BRIDGE: Generating 3D neuron positions for 108 neurons...
[2026-07-20 13:47:36][INFO] SIM_BRIDGE: Generating connections (brain-region framework)...
[2026-07-20 13:47:36][INFO] SIM_BRIDGE: inject_explicit_wiring: installed 2880 synapses across 2 populations.
[2026-07-20 13:47:36][INFO] SIM_BRIDGE: Simulation data initialized for 108 neurons (3D). Synapses: 2880. GPU memory: 0.0GB/9223372036.9GB (0.0%)
[2026-07-20 13:48:35][INFO] SIM_BRIDGE: NumPy backend (CPU (NumPy backend), 8589934592.0 GB RAM available)
[2026-07-20 13:48:35][INFO] SIM_BRIDGE: Initializing simulation data for model: IZHIKEVICH (3D)... (playback_init: False)
[2026-07-20 13:48:35][INFO] SIM_BRIDGE: Brain-region framework: 3 regions, 108 total neurons, 2 pathways.
[2026-07-20 13:48:35][INFO] SIM_BRIDGE: RNG initialized with seed: 42
[2026-07-20 13:48:35][INFO] SIM_BRIDGE: Initializing Izhikevich model specifics for 108 neurons...
[2026-07-20 13:48:35][INFO] SIM_BRIDGE: Applying parameter heterogeneity to neuron parameters...
[2026-07-20 13:48:35][INFO] SIM_BRIDGE: Applied heterogeneity to 4 parameters.
[2026-07-20 13:48:35][INFO] SIM_BRIDGE: Initializing OU process state (tau=15.0ms, sigma=0.0pA)...
[2026-07-20 13:48:35][INFO] SIM_BRIDGE: Generating 3D neuron positions for 108 neurons...
[2026-07-20 13:48:35][INFO] SIM_BRIDGE: Generating connections (brain-region framework)...
[2026-07-20 13:48:35][INFO] SIM_BRIDGE: inject_explicit_wiring: installed 2880 synapses across 2 populations.
[2026-07-20 13:48:35][INFO] SIM_BRIDGE: Simulation data initialized for 108 neurons (3D). Synapses: 2880. GPU memory: 0.0GB/9223372036.9GB (0.0%)
  [seed 42] apical-coupling: P_rest 0.14 -> P_apical 1.00 (P_rises True); B_rest 0.000 -> B_apical 0.202 (B_rises True = apical->bursts COUPLED)
  [seed 42][dense] oracle 0.764 | np-single 0.731 | chance 0.731 || BDSP held 0.731 dw(in>hid 840.647, hid>out 559.349) | LESION held 0.731 dw(in>hid 0.190, hid>out 0.109) | wt_ok True | rates in/hid/out 0.05/0.09/0.07
       wrong-sign held 0.728

============================================================================================================
[d1-onbridge] VERDICT: INCONCLUSIVE [MICROCIRCUIT] -- task not validated (oracle 0.764 need>=0.80; numpy single-layer floor 0.731 vs chance 0.731); fix the task before reading the on-bridge arms.
[d1-onbridge] wrote research/findings/raw/_d1_scaleup_corrected_dense_h48e24_sg200_s42.json
============================================================================================================
