[D3 PERSISTENT SLOT] K=6 recur=25.0 nmda=True | can a spiking slot HOLD with ZERO input? (the prerequisite for a gated copy on spikes)
[2026-07-10 03:55:19][INFO] SIM_BRIDGE: NumPy backend (CPU (NumPy backend), 47.7 GB RAM available)
[2026-07-10 03:55:19][INFO] SIM_BRIDGE: Initializing simulation data for model: IZHIKEVICH (3D)... (playback_init: False)
[2026-07-10 03:55:19][INFO] SIM_BRIDGE: Brain-region framework: 7 regions, 144 total neurons, 18 pathways.
[2026-07-10 03:55:19][INFO] SIM_BRIDGE: RNG initialized with seed: 42
[2026-07-10 03:55:19][INFO] SIM_BRIDGE: Initializing Izhikevich model specifics for 144 neurons...
[2026-07-10 03:55:19][INFO] SIM_BRIDGE: Applying parameter heterogeneity to neuron parameters...
[2026-07-10 03:55:19][INFO] SIM_BRIDGE: Applied heterogeneity to 4 parameters.
[2026-07-10 03:55:19][INFO] SIM_BRIDGE: Initializing OU process state (tau=15.0ms, sigma=0.0pA)...
[2026-07-10 03:55:19][INFO] SIM_BRIDGE: Generating 3D neuron positions for 144 neurons...
[2026-07-10 03:55:19][INFO] SIM_BRIDGE: Generating connections (brain-region framework)...
[2026-07-10 03:55:19][INFO] SIM_BRIDGE: inject_explicit_wiring: installed 5596 synapses across 18 populations.
[2026-07-10 03:55:19][INFO] SIM_BRIDGE: Simulation data initialized for 144 neurons (3D). Synapses: 5596. GPU memory: 19.0GB/51.2GB (37.1%)
[2026-07-10 03:55:19][INFO] SIM_BRIDGE: NumPy backend (CPU (NumPy backend), 47.7 GB RAM available)
[2026-07-10 03:55:19][INFO] SIM_BRIDGE: Initializing simulation data for model: IZHIKEVICH (3D)... (playback_init: False)
[2026-07-10 03:55:19][INFO] SIM_BRIDGE: Brain-region framework: 7 regions, 144 total neurons, 18 pathways.
[2026-07-10 03:55:19][INFO] SIM_BRIDGE: RNG initialized with seed: 42
[2026-07-10 03:55:19][INFO] SIM_BRIDGE: Initializing Izhikevich model specifics for 144 neurons...
[2026-07-10 03:55:19][INFO] SIM_BRIDGE: Applying parameter heterogeneity to neuron parameters...
[2026-07-10 03:55:19][INFO] SIM_BRIDGE: Applied heterogeneity to 4 parameters.
[2026-07-10 03:55:19][INFO] SIM_BRIDGE: Initializing OU process state (tau=15.0ms, sigma=0.0pA)...
[2026-07-10 03:55:19][INFO] SIM_BRIDGE: Generating 3D neuron positions for 144 neurons...
[2026-07-10 03:55:19][INFO] SIM_BRIDGE: Generating connections (brain-region framework)...
[2026-07-10 03:55:19][INFO] SIM_BRIDGE: inject_explicit_wiring: installed 5596 synapses across 18 populations.
[2026-07-10 03:55:19][INFO] SIM_BRIDGE: Simulation data initialized for 144 neurons (3D). Synapses: 5596. GPU memory: 19.0GB/51.2GB (37.1%)
[2026-07-10 03:55:19][INFO] SIM_BRIDGE: NumPy backend (CPU (NumPy backend), 47.7 GB RAM available)
[2026-07-10 03:55:19][INFO] SIM_BRIDGE: Initializing simulation data for model: IZHIKEVICH (3D)... (playback_init: False)
[2026-07-10 03:55:19][INFO] SIM_BRIDGE: Brain-region framework: 7 regions, 144 total neurons, 18 pathways.
[2026-07-10 03:55:19][INFO] SIM_BRIDGE: RNG initialized with seed: 42
[2026-07-10 03:55:19][INFO] SIM_BRIDGE: Initializing Izhikevich model specifics for 144 neurons...
[2026-07-10 03:55:19][INFO] SIM_BRIDGE: Applying parameter heterogeneity to neuron parameters...
[2026-07-10 03:55:19][INFO] SIM_BRIDGE: Applied heterogeneity to 4 parameters.
[2026-07-10 03:55:19][INFO] SIM_BRIDGE: Initializing OU process state (tau=15.0ms, sigma=0.0pA)...
[2026-07-10 03:55:19][INFO] SIM_BRIDGE: Generating 3D neuron positions for 144 neurons...
[2026-07-10 03:55:19][INFO] SIM_BRIDGE: Generating connections (brain-region framework)...
[2026-07-10 03:55:19][INFO] SIM_BRIDGE: inject_explicit_wiring: installed 5596 synapses across 18 populations.
[2026-07-10 03:55:19][INFO] SIM_BRIDGE: Simulation data initialized for 144 neurons (3D). Synapses: 5596. GPU memory: 19.0GB/51.2GB (37.2%)
[2026-07-10 03:55:19][INFO] SIM_BRIDGE: NumPy backend (CPU (NumPy backend), 47.7 GB RAM available)
[2026-07-10 03:55:19][INFO] SIM_BRIDGE: Initializing simulation data for model: IZHIKEVICH (3D)... (playback_init: False)
[2026-07-10 03:55:19][INFO] SIM_BRIDGE: Brain-region framework: 7 regions, 144 total neurons, 18 pathways.
[2026-07-10 03:55:19][INFO] SIM_BRIDGE: RNG initialized with seed: 42
[2026-07-10 03:55:19][INFO] SIM_BRIDGE: Initializing Izhikevich model specifics for 144 neurons...
[2026-07-10 03:55:19][INFO] SIM_BRIDGE: Applying parameter heterogeneity to neuron parameters...
[2026-07-10 03:55:19][INFO] SIM_BRIDGE: Applied heterogeneity to 4 parameters.
[2026-07-10 03:55:19][INFO] SIM_BRIDGE: Initializing OU process state (tau=15.0ms, sigma=0.0pA)...
[2026-07-10 03:55:19][INFO] SIM_BRIDGE: Generating 3D neuron positions for 144 neurons...
[2026-07-10 03:55:19][INFO] SIM_BRIDGE: Generating connections (brain-region framework)...
[2026-07-10 03:55:19][INFO] SIM_BRIDGE: inject_explicit_wiring: installed 5596 synapses across 18 populations.
[2026-07-10 03:55:19][INFO] SIM_BRIDGE: Simulation data initialized for 144 neurons (3D). Synapses: 5596. GPU memory: 19.0GB/51.2GB (37.2%)
  [seed 42] HOLD (zero input): correct=1 alive=0.1033 selectivity=1.000 pools-active=1 || gate OPEN (clear+load): switch_correct=0 (new 0.0892 / old 0.0267) || controls: no-clear=0 short-clear=0 no-recurrence-hold=0.0042

  AGGREGATE: hold_alive=0.1033 | hold_correct=1.00 | selectivity=1.000 | pools-active=1.00
    gate OPEN (clear 250ms >> tau_NMDA, then load): switch_correct=0.00
    CONTROLS: no-clear switch=0.00 | short-clear(60ms) switch=0.00 | NO-RECURRENCE hold=0.0042
  VERDICT: PARTIAL/NEGATIVE -- the slot did not hold/switch cleanly (read hold_alive / selectivity / switch_correct and the two clear controls). NO sim/ edit.
