[D3 EVENT CAPSTONE] the LIVE MultiTurnAgent answers 'what does HE eat?' over a running event whose delta was NEVER given a state label
[2026-07-10 05:53:32][INFO] SIM_BRIDGE: NumPy backend (CPU (NumPy backend), 47.7 GB RAM available)
[2026-07-10 05:53:32][INFO] SIM_BRIDGE: Initializing simulation data for model: IZHIKEVICH (3D)... (playback_init: False)
[2026-07-10 05:53:32][INFO] SIM_BRIDGE: RNG initialized with seed: 42
[2026-07-10 05:53:32][INFO] SIM_BRIDGE: Initializing Izhikevich model specifics for 126 neurons...
[2026-07-10 05:53:32][INFO] SIM_BRIDGE: Applying parameter heterogeneity to neuron parameters...
[2026-07-10 05:53:32][INFO] SIM_BRIDGE: Applied heterogeneity to 4 parameters.
[2026-07-10 05:53:32][INFO] SIM_BRIDGE: Initializing OU process state (tau=15.0ms, sigma=20.0pA)...
[2026-07-10 05:53:32][INFO] SIM_BRIDGE: Generating 3D neuron positions for 126 neurons...
[2026-07-10 05:53:32][INFO] SIM_BRIDGE: Generating connections (3D)...
[2026-07-10 05:53:32][INFO] SIM_BRIDGE: Simulation data initialized for 126 neurons (3D). Synapses: 0. GPU memory: 20.6GB/51.2GB (40.2%)
[2026-07-10 05:53:32][INFO] SIM_BRIDGE: inject_explicit_wiring: installed 720 synapses across 1 populations.
[2026-07-10 05:53:39][INFO] SIM_BRIDGE: NumPy backend (CPU (NumPy backend), 47.7 GB RAM available)
[2026-07-10 05:53:39][INFO] SIM_BRIDGE: Initializing simulation data for model: IZHIKEVICH (3D)... (playback_init: False)
[2026-07-10 05:53:39][INFO] SIM_BRIDGE: RNG initialized with seed: 42
[2026-07-10 05:53:39][INFO] SIM_BRIDGE: Initializing Izhikevich model specifics for 224 neurons...
[2026-07-10 05:53:39][INFO] SIM_BRIDGE: Applying parameter heterogeneity to neuron parameters...
[2026-07-10 05:53:39][INFO] SIM_BRIDGE: Applied heterogeneity to 4 parameters.
[2026-07-10 05:53:39][INFO] SIM_BRIDGE: Initializing OU process state (tau=15.0ms, sigma=20.0pA)...
[2026-07-10 05:53:39][INFO] SIM_BRIDGE: Generating 3D neuron positions for 224 neurons...
[2026-07-10 05:53:39][INFO] SIM_BRIDGE: Generating connections (3D)...
[2026-07-10 05:53:39][INFO] SIM_BRIDGE: Simulation data initialized for 224 neurons (3D). Synapses: 0. GPU memory: 20.8GB/51.2GB (40.6%)
[2026-07-10 05:53:39][INFO] SIM_BRIDGE: inject_explicit_wiring: installed 4800 synapses across 1 populations.
[2026-07-10 05:53:49][INFO] SIM_BRIDGE: NumPy backend (CPU (NumPy backend), 47.7 GB RAM available)
[2026-07-10 05:53:49][INFO] SIM_BRIDGE: Initializing simulation data for model: IZHIKEVICH (3D)... (playback_init: False)
[2026-07-10 05:53:49][INFO] SIM_BRIDGE: Brain-region framework: 2 regions, 1200 total neurons, 2 pathways.
[2026-07-10 05:53:49][INFO] SIM_BRIDGE: RNG initialized with seed: 42
[2026-07-10 05:53:49][INFO] SIM_BRIDGE: NMDA per-region mask: 2 regions enabled (1200 neurons)
[2026-07-10 05:53:49][INFO] SIM_BRIDGE: Initializing Izhikevich model specifics for 1200 neurons...
[2026-07-10 05:53:49][INFO] SIM_BRIDGE: Region 'cortex_ctx' (600 neurons): using Izh type IZH2007_HIPPO_PYRAMIDAL
[2026-07-10 05:53:49][INFO] SIM_BRIDGE: Region 'dlpfc_wm' (600 neurons): using Izh type IZH2007_HIPPO_PYRAMIDAL
[2026-07-10 05:53:49][INFO] SIM_BRIDGE: Applying parameter heterogeneity to neuron parameters...
[2026-07-10 05:53:49][INFO] SIM_BRIDGE: Applied heterogeneity to 4 parameters.
[2026-07-10 05:53:49][INFO] SIM_BRIDGE: Generating 3D neuron positions for 1200 neurons...
[2026-07-10 05:53:49][INFO] SIM_BRIDGE: Generating connections (brain-region framework)...
[2026-07-10 05:53:49][INFO] SIM_BRIDGE: inject_explicit_wiring: installed 107786 synapses across 4 populations.
[2026-07-10 05:53:49][INFO] SIM_BRIDGE: Initializing eligibility traces for 107786 synapses (capacity: 161679, dtype: float32)...
[2026-07-10 05:53:49][INFO] SIM_BRIDGE: Initializing STDP state for 1200 neurons...
[2026-07-10 05:53:49][INFO] SIM_BRIDGE: Simulation data initialized for 1200 neurons (3D). Synapses: 107786. GPU memory: 20.9GB/51.2GB (40.8%)
[2026-07-10 05:53:49][INFO] SIM_BRIDGE: NumPy backend (CPU (NumPy backend), 47.7 GB RAM available)
[2026-07-10 05:53:49][INFO] SIM_BRIDGE: Initializing simulation data for model: IZHIKEVICH (3D)... (playback_init: False)
[2026-07-10 05:53:49][INFO] SIM_BRIDGE: Brain-region framework: 14 regions, 1380 total neurons, 38 pathways.
[2026-07-10 05:53:49][INFO] SIM_BRIDGE: RNG initialized with seed: 42
[2026-07-10 05:53:49][INFO] SIM_BRIDGE: NMDA per-region mask: 8 regions enabled (1320 neurons)
[2026-07-10 05:53:49][INFO] SIM_BRIDGE: Initializing Izhikevich model specifics for 1380 neurons...
[2026-07-10 05:53:49][INFO] SIM_BRIDGE: Region 'cortex_ctx' (600 neurons): using Izh type IZH2007_HIPPO_PYRAMIDAL
[2026-07-10 05:53:49][INFO] SIM_BRIDGE: Region 'dlpfc_wm' (600 neurons): using Izh type IZH2007_HIPPO_PYRAMIDAL
[2026-07-10 05:53:49][INFO] SIM_BRIDGE: Region 'sel_dog' (20 neurons): using Izh type IZH2007_RS_CORTICAL_PYRAMIDAL
[2026-07-10 05:53:49][INFO] SIM_BRIDGE: Region 'sel_FS_dog' (10 neurons): using Izh type IZH2007_FS_CORTICAL_INTERNEURON
[2026-07-10 05:53:49][INFO] SIM_BRIDGE: Region 'sel_cat' (20 neurons): using Izh type IZH2007_RS_CORTICAL_PYRAMIDAL
[2026-07-10 05:53:49][INFO] SIM_BRIDGE: Region 'sel_FS_cat' (10 neurons): using Izh type IZH2007_FS_CORTICAL_INTERNEURON
[2026-07-10 05:53:49][INFO] SIM_BRIDGE: Region 'sel_fish' (20 neurons): using Izh type IZH2007_RS_CORTICAL_PYRAMIDAL
[2026-07-10 05:53:49][INFO] SIM_BRIDGE: Region 'sel_FS_fish' (10 neurons): using Izh type IZH2007_FS_CORTICAL_INTERNEURON
[2026-07-10 05:53:49][INFO] SIM_BRIDGE: Region 'sel_bird' (20 neurons): using Izh type IZH2007_RS_CORTICAL_PYRAMIDAL
[2026-07-10 05:53:49][INFO] SIM_BRIDGE: Region 'sel_FS_bird' (10 neurons): using Izh type IZH2007_FS_CORTICAL_INTERNEURON
[2026-07-10 05:53:49][INFO] SIM_BRIDGE: Region 'sel_worm' (20 neurons): using Izh type IZH2007_RS_CORTICAL_PYRAMIDAL
[2026-07-10 05:53:49][INFO] SIM_BRIDGE: Region 'sel_FS_worm' (10 neurons): using Izh type IZH2007_FS_CORTICAL_INTERNEURON
[2026-07-10 05:53:49][INFO] SIM_BRIDGE: Region 'sel_ball' (20 neurons): using Izh type IZH2007_RS_CORTICAL_PYRAMIDAL
[2026-07-10 05:53:49][INFO] SIM_BRIDGE: Region 'sel_FS_ball' (10 neurons): using Izh type IZH2007_FS_CORTICAL_INTERNEURON
[2026-07-10 05:53:49][INFO] SIM_BRIDGE: Applying parameter heterogeneity to neuron parameters...
[2026-07-10 05:53:49][INFO] SIM_BRIDGE: Applied heterogeneity to 4 parameters.
[2026-07-10 05:53:49][INFO] SIM_BRIDGE: Generating 3D neuron positions for 1380 neurons...
[2026-07-10 05:53:49][INFO] SIM_BRIDGE: Generating connections (brain-region framework)...
[2026-07-10 05:53:50][INFO] SIM_BRIDGE: inject_explicit_wiring: installed 44129 synapses across 44 populations.
[2026-07-10 05:53:50][INFO] SIM_BRIDGE: Initializing eligibility traces for 44129 synapses (capacity: 66193, dtype: float32)...
[2026-07-10 05:53:50][INFO] SIM_BRIDGE: Initializing STDP state for 1380 neurons...
[2026-07-10 05:53:50][INFO] SIM_BRIDGE: Simulation data initialized for 1380 neurons (3D). Synapses: 44129. GPU memory: 21.0GB/51.2GB (41.0%)
[2026-07-10 05:53:50][INFO] SIM_BRIDGE: NumPy backend (CPU (NumPy backend), 47.7 GB RAM available)
[2026-07-10 05:53:50][INFO] SIM_BRIDGE: Initializing simulation data for model: IZHIKEVICH (3D)... (playback_init: False)
[2026-07-10 05:53:50][INFO] SIM_BRIDGE: RNG initialized with seed: 42
[2026-07-10 05:53:50][INFO] SIM_BRIDGE: Initializing Izhikevich model specifics for 256 neurons...
[2026-07-10 05:53:50][INFO] SIM_BRIDGE: Applying parameter heterogeneity to neuron parameters...
[2026-07-10 05:53:50][INFO] SIM_BRIDGE: Applied heterogeneity to 4 parameters.
[2026-07-10 05:53:50][INFO] SIM_BRIDGE: Initializing OU process state (tau=15.0ms, sigma=0.0pA)...
[2026-07-10 05:53:50][INFO] SIM_BRIDGE: Generating 3D neuron positions for 256 neurons...
[2026-07-10 05:53:50][INFO] SIM_BRIDGE: Generating connections (3D)...
[2026-07-10 05:53:50][INFO] SIM_BRIDGE: Simulation data initialized for 256 neurons (3D). Synapses: 0. GPU memory: 20.9GB/51.2GB (40.9%)
[2026-07-10 05:53:50][INFO] SIM_BRIDGE: NumPy backend (CPU (NumPy backend), 47.7 GB RAM available)
[2026-07-10 05:53:50][INFO] SIM_BRIDGE: Initializing simulation data for model: IZHIKEVICH (3D)... (playback_init: False)
[2026-07-10 05:53:50][INFO] SIM_BRIDGE: RNG initialized with seed: 42
[2026-07-10 05:53:50][INFO] SIM_BRIDGE: Initializing Izhikevich model specifics for 512 neurons...
[2026-07-10 05:53:50][INFO] SIM_BRIDGE: Applying parameter heterogeneity to neuron parameters...
[2026-07-10 05:53:50][INFO] SIM_BRIDGE: Applied heterogeneity to 4 parameters.
[2026-07-10 05:53:50][INFO] SIM_BRIDGE: Initializing OU process state (tau=15.0ms, sigma=0.0pA)...
[2026-07-10 05:53:50][INFO] SIM_BRIDGE: Generating 3D neuron positions for 512 neurons...
[2026-07-10 05:53:50][INFO] SIM_BRIDGE: Generating connections (3D)...
[2026-07-10 05:53:50][INFO] SIM_BRIDGE: Simulation data initialized for 512 neurons (3D). Synapses: 0. GPU memory: 21.0GB/51.2GB (40.9%)
[2026-07-10 05:53:59][INFO] SIM_BRIDGE: NumPy backend (CPU (NumPy backend), 47.7 GB RAM available)
[2026-07-10 05:53:59][INFO] SIM_BRIDGE: Initializing simulation data for model: IZHIKEVICH (3D)... (playback_init: False)
[2026-07-10 05:53:59][INFO] SIM_BRIDGE: RNG initialized with seed: 42
[2026-07-10 05:53:59][INFO] SIM_BRIDGE: Initializing Izhikevich model specifics for 126 neurons...
[2026-07-10 05:53:59][INFO] SIM_BRIDGE: Applying parameter heterogeneity to neuron parameters...
[2026-07-10 05:53:59][INFO] SIM_BRIDGE: Applied heterogeneity to 4 parameters.
[2026-07-10 05:53:59][INFO] SIM_BRIDGE: Initializing OU process state (tau=15.0ms, sigma=20.0pA)...
[2026-07-10 05:53:59][INFO] SIM_BRIDGE: Generating 3D neuron positions for 126 neurons...
[2026-07-10 05:53:59][INFO] SIM_BRIDGE: Generating connections (3D)...
[2026-07-10 05:53:59][INFO] SIM_BRIDGE: Simulation data initialized for 126 neurons (3D). Synapses: 0. GPU memory: 21.2GB/51.2GB (41.3%)
[2026-07-10 05:53:59][INFO] SIM_BRIDGE: inject_explicit_wiring: installed 720 synapses across 1 populations.
[2026-07-10 05:54:05][INFO] SIM_BRIDGE: NumPy backend (CPU (NumPy backend), 47.7 GB RAM available)
[2026-07-10 05:54:05][INFO] SIM_BRIDGE: Initializing simulation data for model: IZHIKEVICH (3D)... (playback_init: False)
[2026-07-10 05:54:05][INFO] SIM_BRIDGE: RNG initialized with seed: 42
[2026-07-10 05:54:05][INFO] SIM_BRIDGE: Initializing Izhikevich model specifics for 224 neurons...
[2026-07-10 05:54:05][INFO] SIM_BRIDGE: Applying parameter heterogeneity to neuron parameters...
[2026-07-10 05:54:05][INFO] SIM_BRIDGE: Applied heterogeneity to 4 parameters.
[2026-07-10 05:54:05][INFO] SIM_BRIDGE: Initializing OU process state (tau=15.0ms, sigma=20.0pA)...
[2026-07-10 05:54:05][INFO] SIM_BRIDGE: Generating 3D neuron positions for 224 neurons...
[2026-07-10 05:54:05][INFO] SIM_BRIDGE: Generating connections (3D)...
[2026-07-10 05:54:05][INFO] SIM_BRIDGE: Simulation data initialized for 224 neurons (3D). Synapses: 0. GPU memory: 21.1GB/51.2GB (41.2%)
[2026-07-10 05:54:05][INFO] SIM_BRIDGE: inject_explicit_wiring: installed 4800 synapses across 1 populations.
[2026-07-10 05:54:14][INFO] SIM_BRIDGE: NumPy backend (CPU (NumPy backend), 47.7 GB RAM available)
[2026-07-10 05:54:14][INFO] SIM_BRIDGE: Initializing simulation data for model: IZHIKEVICH (3D)... (playback_init: False)
[2026-07-10 05:54:14][INFO] SIM_BRIDGE: Brain-region framework: 2 regions, 1200 total neurons, 2 pathways.
[2026-07-10 05:54:14][INFO] SIM_BRIDGE: RNG initialized with seed: 42
[2026-07-10 05:54:14][INFO] SIM_BRIDGE: NMDA per-region mask: 2 regions enabled (1200 neurons)
[2026-07-10 05:54:14][INFO] SIM_BRIDGE: Initializing Izhikevich model specifics for 1200 neurons...
[2026-07-10 05:54:14][INFO] SIM_BRIDGE: Region 'cortex_ctx' (600 neurons): using Izh type IZH2007_HIPPO_PYRAMIDAL
[2026-07-10 05:54:14][INFO] SIM_BRIDGE: Region 'dlpfc_wm' (600 neurons): using Izh type IZH2007_HIPPO_PYRAMIDAL
[2026-07-10 05:54:14][INFO] SIM_BRIDGE: Applying parameter heterogeneity to neuron parameters...
[2026-07-10 05:54:14][INFO] SIM_BRIDGE: Applied heterogeneity to 4 parameters.
[2026-07-10 05:54:14][INFO] SIM_BRIDGE: Generating 3D neuron positions for 1200 neurons...
[2026-07-10 05:54:14][INFO] SIM_BRIDGE: Generating connections (brain-region framework)...
[2026-07-10 05:54:15][INFO] SIM_BRIDGE: inject_explicit_wiring: installed 107786 synapses across 4 populations.
[2026-07-10 05:54:15][INFO] SIM_BRIDGE: Initializing eligibility traces for 107786 synapses (capacity: 161679, dtype: float32)...
[2026-07-10 05:54:15][INFO] SIM_BRIDGE: Initializing STDP state for 1200 neurons...
[2026-07-10 05:54:15][INFO] SIM_BRIDGE: Simulation data initialized for 1200 neurons (3D). Synapses: 107786. GPU memory: 21.1GB/51.2GB (41.2%)
[2026-07-10 05:54:15][INFO] SIM_BRIDGE: NumPy backend (CPU (NumPy backend), 47.7 GB RAM available)
[2026-07-10 05:54:15][INFO] SIM_BRIDGE: Initializing simulation data for model: IZHIKEVICH (3D)... (playback_init: False)
[2026-07-10 05:54:15][INFO] SIM_BRIDGE: Brain-region framework: 14 regions, 1380 total neurons, 38 pathways.
[2026-07-10 05:54:15][INFO] SIM_BRIDGE: RNG initialized with seed: 42
[2026-07-10 05:54:15][INFO] SIM_BRIDGE: NMDA per-region mask: 8 regions enabled (1320 neurons)
[2026-07-10 05:54:15][INFO] SIM_BRIDGE: Initializing Izhikevich model specifics for 1380 neurons...
[2026-07-10 05:54:15][INFO] SIM_BRIDGE: Region 'cortex_ctx' (600 neurons): using Izh type IZH2007_HIPPO_PYRAMIDAL
[2026-07-10 05:54:15][INFO] SIM_BRIDGE: Region 'dlpfc_wm' (600 neurons): using Izh type IZH2007_HIPPO_PYRAMIDAL
[2026-07-10 05:54:15][INFO] SIM_BRIDGE: Region 'sel_dog' (20 neurons): using Izh type IZH2007_RS_CORTICAL_PYRAMIDAL
[2026-07-10 05:54:15][INFO] SIM_BRIDGE: Region 'sel_FS_dog' (10 neurons): using Izh type IZH2007_FS_CORTICAL_INTERNEURON
[2026-07-10 05:54:15][INFO] SIM_BRIDGE: Region 'sel_cat' (20 neurons): using Izh type IZH2007_RS_CORTICAL_PYRAMIDAL
[2026-07-10 05:54:15][INFO] SIM_BRIDGE: Region 'sel_FS_cat' (10 neurons): using Izh type IZH2007_FS_CORTICAL_INTERNEURON
[2026-07-10 05:54:15][INFO] SIM_BRIDGE: Region 'sel_fish' (20 neurons): using Izh type IZH2007_RS_CORTICAL_PYRAMIDAL
[2026-07-10 05:54:15][INFO] SIM_BRIDGE: Region 'sel_FS_fish' (10 neurons): using Izh type IZH2007_FS_CORTICAL_INTERNEURON
[2026-07-10 05:54:15][INFO] SIM_BRIDGE: Region 'sel_bird' (20 neurons): using Izh type IZH2007_RS_CORTICAL_PYRAMIDAL
[2026-07-10 05:54:15][INFO] SIM_BRIDGE: Region 'sel_FS_bird' (10 neurons): using Izh type IZH2007_FS_CORTICAL_INTERNEURON
[2026-07-10 05:54:15][INFO] SIM_BRIDGE: Region 'sel_worm' (20 neurons): using Izh type IZH2007_RS_CORTICAL_PYRAMIDAL
[2026-07-10 05:54:15][INFO] SIM_BRIDGE: Region 'sel_FS_worm' (10 neurons): using Izh type IZH2007_FS_CORTICAL_INTERNEURON
[2026-07-10 05:54:15][INFO] SIM_BRIDGE: Region 'sel_ball' (20 neurons): using Izh type IZH2007_RS_CORTICAL_PYRAMIDAL
[2026-07-10 05:54:15][INFO] SIM_BRIDGE: Region 'sel_FS_ball' (10 neurons): using Izh type IZH2007_FS_CORTICAL_INTERNEURON
[2026-07-10 05:54:15][INFO] SIM_BRIDGE: Applying parameter heterogeneity to neuron parameters...
[2026-07-10 05:54:15][INFO] SIM_BRIDGE: Applied heterogeneity to 4 parameters.
[2026-07-10 05:54:15][INFO] SIM_BRIDGE: Generating 3D neuron positions for 1380 neurons...
[2026-07-10 05:54:15][INFO] SIM_BRIDGE: Generating connections (brain-region framework)...
[2026-07-10 05:54:15][INFO] SIM_BRIDGE: inject_explicit_wiring: installed 44129 synapses across 44 populations.
[2026-07-10 05:54:15][INFO] SIM_BRIDGE: Initializing eligibility traces for 44129 synapses (capacity: 66193, dtype: float32)...
[2026-07-10 05:54:15][INFO] SIM_BRIDGE: Initializing STDP state for 1380 neurons...
[2026-07-10 05:54:15][INFO] SIM_BRIDGE: Simulation data initialized for 1380 neurons (3D). Synapses: 44129. GPU memory: 21.1GB/51.2GB (41.3%)
[2026-07-10 05:54:16][INFO] SIM_BRIDGE: NumPy backend (CPU (NumPy backend), 47.7 GB RAM available)
[2026-07-10 05:54:16][INFO] SIM_BRIDGE: Initializing simulation data for model: IZHIKEVICH (3D)... (playback_init: False)
[2026-07-10 05:54:16][INFO] SIM_BRIDGE: RNG initialized with seed: 42
[2026-07-10 05:54:16][INFO] SIM_BRIDGE: Initializing Izhikevich model specifics for 256 neurons...
[2026-07-10 05:54:16][INFO] SIM_BRIDGE: Applying parameter heterogeneity to neuron parameters...
[2026-07-10 05:54:16][INFO] SIM_BRIDGE: Applied heterogeneity to 4 parameters.
[2026-07-10 05:54:16][INFO] SIM_BRIDGE: Initializing OU process state (tau=15.0ms, sigma=0.0pA)...
[2026-07-10 05:54:16][INFO] SIM_BRIDGE: Generating 3D neuron positions for 256 neurons...
[2026-07-10 05:54:16][INFO] SIM_BRIDGE: Generating connections (3D)...
[2026-07-10 05:54:16][INFO] SIM_BRIDGE: Simulation data initialized for 256 neurons (3D). Synapses: 0. GPU memory: 21.2GB/51.2GB (41.3%)
[2026-07-10 05:54:16][INFO] SIM_BRIDGE: NumPy backend (CPU (NumPy backend), 47.7 GB RAM available)
[2026-07-10 05:54:16][INFO] SIM_BRIDGE: Initializing simulation data for model: IZHIKEVICH (3D)... (playback_init: False)
[2026-07-10 05:54:16][INFO] SIM_BRIDGE: RNG initialized with seed: 42
[2026-07-10 05:54:16][INFO] SIM_BRIDGE: Initializing Izhikevich model specifics for 512 neurons...
[2026-07-10 05:54:16][INFO] SIM_BRIDGE: Applying parameter heterogeneity to neuron parameters...
[2026-07-10 05:54:16][INFO] SIM_BRIDGE: Applied heterogeneity to 4 parameters.
[2026-07-10 05:54:16][INFO] SIM_BRIDGE: Initializing OU process state (tau=15.0ms, sigma=0.0pA)...
[2026-07-10 05:54:16][INFO] SIM_BRIDGE: Generating 3D neuron positions for 512 neurons...
[2026-07-10 05:54:16][INFO] SIM_BRIDGE: Generating connections (3D)...
[2026-07-10 05:54:16][INFO] SIM_BRIDGE: Simulation data initialized for 512 neurons (3D). Synapses: 0. GPU memory: 21.2GB/51.2GB (41.3%)
E:\Documents\Projects\sim\sim\kernels.py:247: RuntimeWarning: overflow encountered in exp
  mg_block = 1.0 / (1.0 + (mg_conc / 3.57) * cp.exp(-0.062 * v))
[2026-07-10 05:54:21][INFO] SIM_BRIDGE: NumPy backend (CPU (NumPy backend), 47.7 GB RAM available)
[2026-07-10 05:54:21][INFO] SIM_BRIDGE: Initializing simulation data for model: IZHIKEVICH (3D)... (playback_init: False)
[2026-07-10 05:54:21][INFO] SIM_BRIDGE: RNG initialized with seed: 42
[2026-07-10 05:54:21][INFO] SIM_BRIDGE: Initializing Izhikevich model specifics for 1792 neurons...
[2026-07-10 05:54:21][INFO] SIM_BRIDGE: Applying parameter heterogeneity to neuron parameters...
[2026-07-10 05:54:21][INFO] SIM_BRIDGE: Applied heterogeneity to 4 parameters.
[2026-07-10 05:54:21][INFO] SIM_BRIDGE: Initializing OU process state (tau=15.0ms, sigma=0.0pA)...
[2026-07-10 05:54:21][INFO] SIM_BRIDGE: Generating 3D neuron positions for 1792 neurons...
[2026-07-10 05:54:21][INFO] SIM_BRIDGE: Generating connections (3D)...
[2026-07-10 05:54:21][INFO] SIM_BRIDGE: Simulation data initialized for 1792 neurons (3D). Synapses: 0. GPU memory: 21.3GB/51.2GB (41.6%)
[2026-07-10 05:54:22][INFO] SIM_BRIDGE: NumPy backend (CPU (NumPy backend), 47.7 GB RAM available)
[2026-07-10 05:54:22][INFO] SIM_BRIDGE: Initializing simulation data for model: IZHIKEVICH (3D)... (playback_init: False)
[2026-07-10 05:54:22][INFO] SIM_BRIDGE: RNG initialized with seed: 42
[2026-07-10 05:54:22][INFO] SIM_BRIDGE: Initializing Izhikevich model specifics for 1792 neurons...
[2026-07-10 05:54:22][INFO] SIM_BRIDGE: Applying parameter heterogeneity to neuron parameters...
[2026-07-10 05:54:22][INFO] SIM_BRIDGE: Applied heterogeneity to 4 parameters.
[2026-07-10 05:54:22][INFO] SIM_BRIDGE: Initializing OU process state (tau=15.0ms, sigma=0.0pA)...
[2026-07-10 05:54:22][INFO] SIM_BRIDGE: Generating 3D neuron positions for 1792 neurons...
[2026-07-10 05:54:22][INFO] SIM_BRIDGE: Generating connections (3D)...
[2026-07-10 05:54:22][INFO] SIM_BRIDGE: Simulation data initialized for 1792 neurons (3D). Synapses: 0. GPU memory: 21.3GB/51.2GB (41.5%)
[2026-07-10 05:54:25][INFO] SIM_BRIDGE: NumPy backend (CPU (NumPy backend), 47.7 GB RAM available)
[2026-07-10 05:54:25][INFO] SIM_BRIDGE: Initializing simulation data for model: IZHIKEVICH (3D)... (playback_init: False)
[2026-07-10 05:54:25][INFO] SIM_BRIDGE: RNG initialized with seed: 42
[2026-07-10 05:54:25][INFO] SIM_BRIDGE: Initializing Izhikevich model specifics for 2304 neurons...
[2026-07-10 05:54:25][INFO] SIM_BRIDGE: Applying parameter heterogeneity to neuron parameters...
[2026-07-10 05:54:25][INFO] SIM_BRIDGE: Applied heterogeneity to 4 parameters.
[2026-07-10 05:54:25][INFO] SIM_BRIDGE: Initializing OU process state (tau=15.0ms, sigma=0.0pA)...
[2026-07-10 05:54:25][INFO] SIM_BRIDGE: Generating 3D neuron positions for 2304 neurons...
[2026-07-10 05:54:25][INFO] SIM_BRIDGE: Generating connections (3D)...
[2026-07-10 05:54:25][INFO] SIM_BRIDGE: Simulation data initialized for 2304 neurons (3D). Synapses: 0. GPU memory: 21.3GB/51.2GB (41.6%)
[2026-07-10 05:54:25][INFO] SIM_BRIDGE: NumPy backend (CPU (NumPy backend), 47.7 GB RAM available)
[2026-07-10 05:54:25][INFO] SIM_BRIDGE: Initializing simulation data for model: IZHIKEVICH (3D)... (playback_init: False)
[2026-07-10 05:54:25][INFO] SIM_BRIDGE: RNG initialized with seed: 42
[2026-07-10 05:54:25][INFO] SIM_BRIDGE: Initializing Izhikevich model specifics for 2304 neurons...
[2026-07-10 05:54:25][INFO] SIM_BRIDGE: Applying parameter heterogeneity to neuron parameters...
[2026-07-10 05:54:25][INFO] SIM_BRIDGE: Applied heterogeneity to 4 parameters.
[2026-07-10 05:54:25][INFO] SIM_BRIDGE: Initializing OU process state (tau=15.0ms, sigma=0.0pA)...
[2026-07-10 05:54:25][INFO] SIM_BRIDGE: Generating 3D neuron positions for 2304 neurons...
[2026-07-10 05:54:25][INFO] SIM_BRIDGE: Generating connections (3D)...
[2026-07-10 05:54:25][INFO] SIM_BRIDGE: Simulation data initialized for 2304 neurons (3D). Synapses: 0. GPU memory: 21.3GB/51.2GB (41.6%)
[2026-07-10 05:54:29][INFO] SIM_BRIDGE: NumPy backend (CPU (NumPy backend), 47.7 GB RAM available)
[2026-07-10 05:54:29][INFO] SIM_BRIDGE: Initializing simulation data for model: IZHIKEVICH (3D)... (playback_init: False)
[2026-07-10 05:54:29][INFO] SIM_BRIDGE: RNG initialized with seed: 42
[2026-07-10 05:54:29][INFO] SIM_BRIDGE: Initializing Izhikevich model specifics for 2560 neurons...
[2026-07-10 05:54:29][INFO] SIM_BRIDGE: Applying parameter heterogeneity to neuron parameters...
[2026-07-10 05:54:29][INFO] SIM_BRIDGE: Applied heterogeneity to 4 parameters.
[2026-07-10 05:54:29][INFO] SIM_BRIDGE: Initializing OU process state (tau=15.0ms, sigma=0.0pA)...
[2026-07-10 05:54:29][INFO] SIM_BRIDGE: Generating 3D neuron positions for 2560 neurons...
[2026-07-10 05:54:29][INFO] SIM_BRIDGE: Generating connections (3D)...
[2026-07-10 05:54:29][INFO] SIM_BRIDGE: Simulation data initialized for 2560 neurons (3D). Synapses: 0. GPU memory: 21.3GB/51.2GB (41.6%)
[2026-07-10 05:54:29][INFO] SIM_BRIDGE: NumPy backend (CPU (NumPy backend), 47.7 GB RAM available)
[2026-07-10 05:54:29][INFO] SIM_BRIDGE: Initializing simulation data for model: IZHIKEVICH (3D)... (playback_init: False)
[2026-07-10 05:54:29][INFO] SIM_BRIDGE: RNG initialized with seed: 42
[2026-07-10 05:54:29][INFO] SIM_BRIDGE: Initializing Izhikevich model specifics for 2560 neurons...
[2026-07-10 05:54:29][INFO] SIM_BRIDGE: Applying parameter heterogeneity to neuron parameters...
[2026-07-10 05:54:29][INFO] SIM_BRIDGE: Applied heterogeneity to 4 parameters.
[2026-07-10 05:54:29][INFO] SIM_BRIDGE: Initializing OU process state (tau=15.0ms, sigma=0.0pA)...
[2026-07-10 05:54:29][INFO] SIM_BRIDGE: Generating 3D neuron positions for 2560 neurons...
[2026-07-10 05:54:29][INFO] SIM_BRIDGE: Generating connections (3D)...
[2026-07-10 05:54:29][INFO] SIM_BRIDGE: Simulation data initialized for 2560 neurons (3D). Synapses: 0. GPU memory: 21.3GB/51.2GB (41.6%)
[2026-07-10 05:54:33][INFO] SIM_BRIDGE: NumPy backend (CPU (NumPy backend), 47.7 GB RAM available)
[2026-07-10 05:54:33][INFO] SIM_BRIDGE: Initializing simulation data for model: IZHIKEVICH (3D)... (playback_init: False)
[2026-07-10 05:54:33][INFO] SIM_BRIDGE: RNG initialized with seed: 42
[2026-07-10 05:54:33][INFO] SIM_BRIDGE: Initializing Izhikevich model specifics for 2816 neurons...
[2026-07-10 05:54:33][INFO] SIM_BRIDGE: Applying parameter heterogeneity to neuron parameters...
[2026-07-10 05:54:33][INFO] SIM_BRIDGE: Applied heterogeneity to 4 parameters.
[2026-07-10 05:54:33][INFO] SIM_BRIDGE: Initializing OU process state (tau=15.0ms, sigma=0.0pA)...
[2026-07-10 05:54:33][INFO] SIM_BRIDGE: Generating 3D neuron positions for 2816 neurons...
[2026-07-10 05:54:33][INFO] SIM_BRIDGE: Generating connections (3D)...
[2026-07-10 05:54:33][INFO] SIM_BRIDGE: Simulation data initialized for 2816 neurons (3D). Synapses: 0. GPU memory: 21.4GB/51.2GB (41.7%)
[2026-07-10 05:54:33][INFO] SIM_BRIDGE: NumPy backend (CPU (NumPy backend), 47.7 GB RAM available)
[2026-07-10 05:54:33][INFO] SIM_BRIDGE: Initializing simulation data for model: IZHIKEVICH (3D)... (playback_init: False)
[2026-07-10 05:54:33][INFO] SIM_BRIDGE: RNG initialized with seed: 42
[2026-07-10 05:54:33][INFO] SIM_BRIDGE: Initializing Izhikevich model specifics for 2816 neurons...
[2026-07-10 05:54:33][INFO] SIM_BRIDGE: Applying parameter heterogeneity to neuron parameters...
[2026-07-10 05:54:33][INFO] SIM_BRIDGE: Applied heterogeneity to 4 parameters.
[2026-07-10 05:54:33][INFO] SIM_BRIDGE: Initializing OU process state (tau=15.0ms, sigma=0.0pA)...
[2026-07-10 05:54:33][INFO] SIM_BRIDGE: Generating 3D neuron positions for 2816 neurons...
[2026-07-10 05:54:33][INFO] SIM_BRIDGE: Generating connections (3D)...
[2026-07-10 05:54:33][INFO] SIM_BRIDGE: Simulation data initialized for 2816 neurons (3D). Synapses: 0. GPU memory: 21.4GB/51.2GB (41.7%)
  [seed 42] CAPSTONE-QA=1.0 || emission-severed register=0.0 | FLAT-FACT=0.0 | RECENCY=0.0

  AGGREGATE: CAPSTONE-QA=1.000 | emission-severed register=0.000 | FLAT-FACT=0.000 | RECENCY=0.000
  VERDICT: GO -- the DEPLOYED MultiTurnAgent answers what-does-HE-eat (1.00) over a running event whose transition delta was learned from agent-emission prediction ALONE (NO (agent,patient) state label anywhere) and whose slot is named by a read-out fitted only on INTRODUCE clauses (observable), maintained host-side; an EMISSION-SEVERED register COLLAPSES through the identical deployment (0.00) so the answer rides a LEARNED delta, and FLAT-FACT (0.00) + RECENCY (0.00) both FAIL -> EMERGENT + SPIKING + DEPLOYED + QA, end-to-end: the brain answers a question about the running discourse from a composed meaning it was never taught to represent. NO sim/ edit.
