[D3 EVENT CAPSTONE] [SPIKING slot] the LIVE MultiTurnAgent answers 'what does HE eat?' over a running event whose delta was NEVER given a state label
[2026-07-10 05:55:42][INFO] SIM_BRIDGE: NumPy backend (CPU (NumPy backend), 47.7 GB RAM available)
[2026-07-10 05:55:42][INFO] SIM_BRIDGE: Initializing simulation data for model: IZHIKEVICH (3D)... (playback_init: False)
[2026-07-10 05:55:42][INFO] SIM_BRIDGE: Brain-region framework: 7 regions, 96 total neurons, 12 pathways.
[2026-07-10 05:55:42][INFO] SIM_BRIDGE: RNG initialized with seed: 43
[2026-07-10 05:55:42][INFO] SIM_BRIDGE: Initializing Izhikevich model specifics for 96 neurons...
[2026-07-10 05:55:42][INFO] SIM_BRIDGE: Applying parameter heterogeneity to neuron parameters...
[2026-07-10 05:55:42][INFO] SIM_BRIDGE: Applied heterogeneity to 4 parameters.
[2026-07-10 05:55:42][INFO] SIM_BRIDGE: Initializing OU process state (tau=15.0ms, sigma=0.0pA)...
[2026-07-10 05:55:42][INFO] SIM_BRIDGE: Generating 3D neuron positions for 96 neurons...
[2026-07-10 05:55:42][INFO] SIM_BRIDGE: Generating connections (brain-region framework)...
[2026-07-10 05:55:42][INFO] SIM_BRIDGE: inject_explicit_wiring: installed 2079 synapses across 12 populations.
[2026-07-10 05:55:42][INFO] SIM_BRIDGE: Simulation data initialized for 96 neurons (3D). Synapses: 2079. GPU memory: 20.3GB/51.2GB (39.6%)
[2026-07-10 05:55:42][INFO] SIM_BRIDGE: NumPy backend (CPU (NumPy backend), 47.7 GB RAM available)
[2026-07-10 05:55:42][INFO] SIM_BRIDGE: Initializing simulation data for model: IZHIKEVICH (3D)... (playback_init: False)
[2026-07-10 05:55:42][INFO] SIM_BRIDGE: RNG initialized with seed: 43
[2026-07-10 05:55:42][INFO] SIM_BRIDGE: Initializing Izhikevich model specifics for 126 neurons...
[2026-07-10 05:55:42][INFO] SIM_BRIDGE: Applying parameter heterogeneity to neuron parameters...
[2026-07-10 05:55:42][INFO] SIM_BRIDGE: Applied heterogeneity to 4 parameters.
[2026-07-10 05:55:42][INFO] SIM_BRIDGE: Initializing OU process state (tau=15.0ms, sigma=20.0pA)...
[2026-07-10 05:55:42][INFO] SIM_BRIDGE: Generating 3D neuron positions for 126 neurons...
[2026-07-10 05:55:42][INFO] SIM_BRIDGE: Generating connections (3D)...
[2026-07-10 05:55:42][INFO] SIM_BRIDGE: Simulation data initialized for 126 neurons (3D). Synapses: 0. GPU memory: 20.3GB/51.2GB (39.6%)
[2026-07-10 05:55:42][INFO] SIM_BRIDGE: inject_explicit_wiring: installed 720 synapses across 1 populations.
[2026-07-10 05:55:48][INFO] SIM_BRIDGE: NumPy backend (CPU (NumPy backend), 47.7 GB RAM available)
[2026-07-10 05:55:48][INFO] SIM_BRIDGE: Initializing simulation data for model: IZHIKEVICH (3D)... (playback_init: False)
[2026-07-10 05:55:48][INFO] SIM_BRIDGE: RNG initialized with seed: 43
[2026-07-10 05:55:48][INFO] SIM_BRIDGE: Initializing Izhikevich model specifics for 224 neurons...
[2026-07-10 05:55:48][INFO] SIM_BRIDGE: Applying parameter heterogeneity to neuron parameters...
[2026-07-10 05:55:48][INFO] SIM_BRIDGE: Applied heterogeneity to 4 parameters.
[2026-07-10 05:55:48][INFO] SIM_BRIDGE: Initializing OU process state (tau=15.0ms, sigma=20.0pA)...
[2026-07-10 05:55:48][INFO] SIM_BRIDGE: Generating 3D neuron positions for 224 neurons...
[2026-07-10 05:55:48][INFO] SIM_BRIDGE: Generating connections (3D)...
[2026-07-10 05:55:48][INFO] SIM_BRIDGE: Simulation data initialized for 224 neurons (3D). Synapses: 0. GPU memory: 20.4GB/51.2GB (39.8%)
[2026-07-10 05:55:48][INFO] SIM_BRIDGE: inject_explicit_wiring: installed 4800 synapses across 1 populations.
[2026-07-10 05:55:55][INFO] SIM_BRIDGE: NumPy backend (CPU (NumPy backend), 47.7 GB RAM available)
[2026-07-10 05:55:55][INFO] SIM_BRIDGE: Initializing simulation data for model: IZHIKEVICH (3D)... (playback_init: False)
[2026-07-10 05:55:55][INFO] SIM_BRIDGE: Brain-region framework: 2 regions, 1200 total neurons, 2 pathways.
[2026-07-10 05:55:55][INFO] SIM_BRIDGE: RNG initialized with seed: 43
[2026-07-10 05:55:55][INFO] SIM_BRIDGE: NMDA per-region mask: 2 regions enabled (1200 neurons)
[2026-07-10 05:55:55][INFO] SIM_BRIDGE: Initializing Izhikevich model specifics for 1200 neurons...
[2026-07-10 05:55:55][INFO] SIM_BRIDGE: Region 'cortex_ctx' (600 neurons): using Izh type IZH2007_HIPPO_PYRAMIDAL
[2026-07-10 05:55:55][INFO] SIM_BRIDGE: Region 'dlpfc_wm' (600 neurons): using Izh type IZH2007_HIPPO_PYRAMIDAL
[2026-07-10 05:55:55][INFO] SIM_BRIDGE: Applying parameter heterogeneity to neuron parameters...
[2026-07-10 05:55:55][INFO] SIM_BRIDGE: Applied heterogeneity to 4 parameters.
[2026-07-10 05:55:55][INFO] SIM_BRIDGE: Generating 3D neuron positions for 1200 neurons...
[2026-07-10 05:55:55][INFO] SIM_BRIDGE: Generating connections (brain-region framework)...
[2026-07-10 05:55:55][INFO] SIM_BRIDGE: inject_explicit_wiring: installed 107649 synapses across 4 populations.
[2026-07-10 05:55:55][INFO] SIM_BRIDGE: Initializing eligibility traces for 107649 synapses (capacity: 161473, dtype: float32)...
[2026-07-10 05:55:55][INFO] SIM_BRIDGE: Initializing STDP state for 1200 neurons...
[2026-07-10 05:55:55][INFO] SIM_BRIDGE: Simulation data initialized for 1200 neurons (3D). Synapses: 107649. GPU memory: 20.4GB/51.2GB (39.9%)
[2026-07-10 05:55:55][INFO] SIM_BRIDGE: NumPy backend (CPU (NumPy backend), 47.7 GB RAM available)
[2026-07-10 05:55:55][INFO] SIM_BRIDGE: Initializing simulation data for model: IZHIKEVICH (3D)... (playback_init: False)
[2026-07-10 05:55:55][INFO] SIM_BRIDGE: Brain-region framework: 14 regions, 1380 total neurons, 38 pathways.
[2026-07-10 05:55:55][INFO] SIM_BRIDGE: RNG initialized with seed: 43
[2026-07-10 05:55:55][INFO] SIM_BRIDGE: NMDA per-region mask: 8 regions enabled (1320 neurons)
[2026-07-10 05:55:55][INFO] SIM_BRIDGE: Initializing Izhikevich model specifics for 1380 neurons...
[2026-07-10 05:55:55][INFO] SIM_BRIDGE: Region 'cortex_ctx' (600 neurons): using Izh type IZH2007_HIPPO_PYRAMIDAL
[2026-07-10 05:55:55][INFO] SIM_BRIDGE: Region 'dlpfc_wm' (600 neurons): using Izh type IZH2007_HIPPO_PYRAMIDAL
[2026-07-10 05:55:55][INFO] SIM_BRIDGE: Region 'sel_dog' (20 neurons): using Izh type IZH2007_RS_CORTICAL_PYRAMIDAL
[2026-07-10 05:55:55][INFO] SIM_BRIDGE: Region 'sel_FS_dog' (10 neurons): using Izh type IZH2007_FS_CORTICAL_INTERNEURON
[2026-07-10 05:55:55][INFO] SIM_BRIDGE: Region 'sel_cat' (20 neurons): using Izh type IZH2007_RS_CORTICAL_PYRAMIDAL
[2026-07-10 05:55:55][INFO] SIM_BRIDGE: Region 'sel_FS_cat' (10 neurons): using Izh type IZH2007_FS_CORTICAL_INTERNEURON
[2026-07-10 05:55:55][INFO] SIM_BRIDGE: Region 'sel_fish' (20 neurons): using Izh type IZH2007_RS_CORTICAL_PYRAMIDAL
[2026-07-10 05:55:55][INFO] SIM_BRIDGE: Region 'sel_FS_fish' (10 neurons): using Izh type IZH2007_FS_CORTICAL_INTERNEURON
[2026-07-10 05:55:55][INFO] SIM_BRIDGE: Region 'sel_bird' (20 neurons): using Izh type IZH2007_RS_CORTICAL_PYRAMIDAL
[2026-07-10 05:55:55][INFO] SIM_BRIDGE: Region 'sel_FS_bird' (10 neurons): using Izh type IZH2007_FS_CORTICAL_INTERNEURON
[2026-07-10 05:55:55][INFO] SIM_BRIDGE: Region 'sel_worm' (20 neurons): using Izh type IZH2007_RS_CORTICAL_PYRAMIDAL
[2026-07-10 05:55:55][INFO] SIM_BRIDGE: Region 'sel_FS_worm' (10 neurons): using Izh type IZH2007_FS_CORTICAL_INTERNEURON
[2026-07-10 05:55:55][INFO] SIM_BRIDGE: Region 'sel_ball' (20 neurons): using Izh type IZH2007_RS_CORTICAL_PYRAMIDAL
[2026-07-10 05:55:55][INFO] SIM_BRIDGE: Region 'sel_FS_ball' (10 neurons): using Izh type IZH2007_FS_CORTICAL_INTERNEURON
[2026-07-10 05:55:55][INFO] SIM_BRIDGE: Applying parameter heterogeneity to neuron parameters...
[2026-07-10 05:55:55][INFO] SIM_BRIDGE: Applied heterogeneity to 4 parameters.
[2026-07-10 05:55:55][INFO] SIM_BRIDGE: Generating 3D neuron positions for 1380 neurons...
[2026-07-10 05:55:55][INFO] SIM_BRIDGE: Generating connections (brain-region framework)...
[2026-07-10 05:55:56][INFO] SIM_BRIDGE: inject_explicit_wiring: installed 44055 synapses across 44 populations.
[2026-07-10 05:55:56][INFO] SIM_BRIDGE: Initializing eligibility traces for 44055 synapses (capacity: 66082, dtype: float32)...
[2026-07-10 05:55:56][INFO] SIM_BRIDGE: Initializing STDP state for 1380 neurons...
[2026-07-10 05:55:56][INFO] SIM_BRIDGE: Simulation data initialized for 1380 neurons (3D). Synapses: 44055. GPU memory: 20.4GB/51.2GB (39.8%)
[2026-07-10 05:55:56][INFO] SIM_BRIDGE: NumPy backend (CPU (NumPy backend), 47.7 GB RAM available)
[2026-07-10 05:55:56][INFO] SIM_BRIDGE: Initializing simulation data for model: IZHIKEVICH (3D)... (playback_init: False)
[2026-07-10 05:55:56][INFO] SIM_BRIDGE: RNG initialized with seed: 43
[2026-07-10 05:55:56][INFO] SIM_BRIDGE: Initializing Izhikevich model specifics for 256 neurons...
[2026-07-10 05:55:56][INFO] SIM_BRIDGE: Applying parameter heterogeneity to neuron parameters...
[2026-07-10 05:55:56][INFO] SIM_BRIDGE: Applied heterogeneity to 4 parameters.
[2026-07-10 05:55:56][INFO] SIM_BRIDGE: Initializing OU process state (tau=15.0ms, sigma=0.0pA)...
[2026-07-10 05:55:56][INFO] SIM_BRIDGE: Generating 3D neuron positions for 256 neurons...
[2026-07-10 05:55:56][INFO] SIM_BRIDGE: Generating connections (3D)...
[2026-07-10 05:55:56][INFO] SIM_BRIDGE: Simulation data initialized for 256 neurons (3D). Synapses: 0. GPU memory: 20.4GB/51.2GB (39.8%)
[2026-07-10 05:55:56][INFO] SIM_BRIDGE: NumPy backend (CPU (NumPy backend), 47.7 GB RAM available)
[2026-07-10 05:55:56][INFO] SIM_BRIDGE: Initializing simulation data for model: IZHIKEVICH (3D)... (playback_init: False)
[2026-07-10 05:55:56][INFO] SIM_BRIDGE: RNG initialized with seed: 43
[2026-07-10 05:55:56][INFO] SIM_BRIDGE: Initializing Izhikevich model specifics for 512 neurons...
[2026-07-10 05:55:56][INFO] SIM_BRIDGE: Applying parameter heterogeneity to neuron parameters...
[2026-07-10 05:55:56][INFO] SIM_BRIDGE: Applied heterogeneity to 4 parameters.
[2026-07-10 05:55:56][INFO] SIM_BRIDGE: Initializing OU process state (tau=15.0ms, sigma=0.0pA)...
[2026-07-10 05:55:56][INFO] SIM_BRIDGE: Generating 3D neuron positions for 512 neurons...
[2026-07-10 05:55:56][INFO] SIM_BRIDGE: Generating connections (3D)...
[2026-07-10 05:55:56][INFO] SIM_BRIDGE: Simulation data initialized for 512 neurons (3D). Synapses: 0. GPU memory: 20.4GB/51.2GB (39.8%)
[2026-07-10 05:56:03][INFO] SIM_BRIDGE: NumPy backend (CPU (NumPy backend), 47.7 GB RAM available)
[2026-07-10 05:56:03][INFO] SIM_BRIDGE: Initializing simulation data for model: IZHIKEVICH (3D)... (playback_init: False)
[2026-07-10 05:56:03][INFO] SIM_BRIDGE: Brain-region framework: 7 regions, 96 total neurons, 12 pathways.
[2026-07-10 05:56:03][INFO] SIM_BRIDGE: RNG initialized with seed: 43
[2026-07-10 05:56:03][INFO] SIM_BRIDGE: Initializing Izhikevich model specifics for 96 neurons...
[2026-07-10 05:56:03][INFO] SIM_BRIDGE: Applying parameter heterogeneity to neuron parameters...
[2026-07-10 05:56:03][INFO] SIM_BRIDGE: Applied heterogeneity to 4 parameters.
[2026-07-10 05:56:03][INFO] SIM_BRIDGE: Initializing OU process state (tau=15.0ms, sigma=0.0pA)...
[2026-07-10 05:56:03][INFO] SIM_BRIDGE: Generating 3D neuron positions for 96 neurons...
[2026-07-10 05:56:03][INFO] SIM_BRIDGE: Generating connections (brain-region framework)...
[2026-07-10 05:56:03][INFO] SIM_BRIDGE: inject_explicit_wiring: installed 2079 synapses across 12 populations.
[2026-07-10 05:56:03][INFO] SIM_BRIDGE: Simulation data initialized for 96 neurons (3D). Synapses: 2079. GPU memory: 20.6GB/51.2GB (40.1%)
[2026-07-10 05:56:03][INFO] SIM_BRIDGE: NumPy backend (CPU (NumPy backend), 47.7 GB RAM available)
[2026-07-10 05:56:03][INFO] SIM_BRIDGE: Initializing simulation data for model: IZHIKEVICH (3D)... (playback_init: False)
[2026-07-10 05:56:03][INFO] SIM_BRIDGE: RNG initialized with seed: 43
[2026-07-10 05:56:03][INFO] SIM_BRIDGE: Initializing Izhikevich model specifics for 126 neurons...
[2026-07-10 05:56:03][INFO] SIM_BRIDGE: Applying parameter heterogeneity to neuron parameters...
[2026-07-10 05:56:03][INFO] SIM_BRIDGE: Applied heterogeneity to 4 parameters.
[2026-07-10 05:56:03][INFO] SIM_BRIDGE: Initializing OU process state (tau=15.0ms, sigma=20.0pA)...
[2026-07-10 05:56:03][INFO] SIM_BRIDGE: Generating 3D neuron positions for 126 neurons...
[2026-07-10 05:56:03][INFO] SIM_BRIDGE: Generating connections (3D)...
[2026-07-10 05:56:03][INFO] SIM_BRIDGE: Simulation data initialized for 126 neurons (3D). Synapses: 0. GPU memory: 20.6GB/51.2GB (40.1%)
[2026-07-10 05:56:03][INFO] SIM_BRIDGE: inject_explicit_wiring: installed 720 synapses across 1 populations.
[2026-07-10 05:56:07][INFO] SIM_BRIDGE: NumPy backend (CPU (NumPy backend), 47.7 GB RAM available)
[2026-07-10 05:56:07][INFO] SIM_BRIDGE: Initializing simulation data for model: IZHIKEVICH (3D)... (playback_init: False)
[2026-07-10 05:56:07][INFO] SIM_BRIDGE: RNG initialized with seed: 43
[2026-07-10 05:56:07][INFO] SIM_BRIDGE: Initializing Izhikevich model specifics for 224 neurons...
[2026-07-10 05:56:07][INFO] SIM_BRIDGE: Applying parameter heterogeneity to neuron parameters...
[2026-07-10 05:56:07][INFO] SIM_BRIDGE: Applied heterogeneity to 4 parameters.
[2026-07-10 05:56:07][INFO] SIM_BRIDGE: Initializing OU process state (tau=15.0ms, sigma=20.0pA)...
[2026-07-10 05:56:07][INFO] SIM_BRIDGE: Generating 3D neuron positions for 224 neurons...
[2026-07-10 05:56:07][INFO] SIM_BRIDGE: Generating connections (3D)...
[2026-07-10 05:56:07][INFO] SIM_BRIDGE: Simulation data initialized for 224 neurons (3D). Synapses: 0. GPU memory: 20.6GB/51.2GB (40.1%)
[2026-07-10 05:56:07][INFO] SIM_BRIDGE: inject_explicit_wiring: installed 4800 synapses across 1 populations.
[2026-07-10 05:56:15][INFO] SIM_BRIDGE: NumPy backend (CPU (NumPy backend), 47.7 GB RAM available)
[2026-07-10 05:56:15][INFO] SIM_BRIDGE: Initializing simulation data for model: IZHIKEVICH (3D)... (playback_init: False)
[2026-07-10 05:56:15][INFO] SIM_BRIDGE: Brain-region framework: 2 regions, 1200 total neurons, 2 pathways.
[2026-07-10 05:56:15][INFO] SIM_BRIDGE: RNG initialized with seed: 43
[2026-07-10 05:56:15][INFO] SIM_BRIDGE: NMDA per-region mask: 2 regions enabled (1200 neurons)
[2026-07-10 05:56:15][INFO] SIM_BRIDGE: Initializing Izhikevich model specifics for 1200 neurons...
[2026-07-10 05:56:15][INFO] SIM_BRIDGE: Region 'cortex_ctx' (600 neurons): using Izh type IZH2007_HIPPO_PYRAMIDAL
[2026-07-10 05:56:15][INFO] SIM_BRIDGE: Region 'dlpfc_wm' (600 neurons): using Izh type IZH2007_HIPPO_PYRAMIDAL
[2026-07-10 05:56:15][INFO] SIM_BRIDGE: Applying parameter heterogeneity to neuron parameters...
[2026-07-10 05:56:15][INFO] SIM_BRIDGE: Applied heterogeneity to 4 parameters.
[2026-07-10 05:56:15][INFO] SIM_BRIDGE: Generating 3D neuron positions for 1200 neurons...
[2026-07-10 05:56:15][INFO] SIM_BRIDGE: Generating connections (brain-region framework)...
[2026-07-10 05:56:15][INFO] SIM_BRIDGE: inject_explicit_wiring: installed 107649 synapses across 4 populations.
[2026-07-10 05:56:15][INFO] SIM_BRIDGE: Initializing eligibility traces for 107649 synapses (capacity: 161473, dtype: float32)...
[2026-07-10 05:56:15][INFO] SIM_BRIDGE: Initializing STDP state for 1200 neurons...
[2026-07-10 05:56:15][INFO] SIM_BRIDGE: Simulation data initialized for 1200 neurons (3D). Synapses: 107649. GPU memory: 20.5GB/51.2GB (40.0%)
[2026-07-10 05:56:15][INFO] SIM_BRIDGE: NumPy backend (CPU (NumPy backend), 47.7 GB RAM available)
[2026-07-10 05:56:15][INFO] SIM_BRIDGE: Initializing simulation data for model: IZHIKEVICH (3D)... (playback_init: False)
[2026-07-10 05:56:15][INFO] SIM_BRIDGE: Brain-region framework: 14 regions, 1380 total neurons, 38 pathways.
[2026-07-10 05:56:15][INFO] SIM_BRIDGE: RNG initialized with seed: 43
[2026-07-10 05:56:15][INFO] SIM_BRIDGE: NMDA per-region mask: 8 regions enabled (1320 neurons)
[2026-07-10 05:56:15][INFO] SIM_BRIDGE: Initializing Izhikevich model specifics for 1380 neurons...
[2026-07-10 05:56:15][INFO] SIM_BRIDGE: Region 'cortex_ctx' (600 neurons): using Izh type IZH2007_HIPPO_PYRAMIDAL
[2026-07-10 05:56:15][INFO] SIM_BRIDGE: Region 'dlpfc_wm' (600 neurons): using Izh type IZH2007_HIPPO_PYRAMIDAL
[2026-07-10 05:56:15][INFO] SIM_BRIDGE: Region 'sel_dog' (20 neurons): using Izh type IZH2007_RS_CORTICAL_PYRAMIDAL
[2026-07-10 05:56:15][INFO] SIM_BRIDGE: Region 'sel_FS_dog' (10 neurons): using Izh type IZH2007_FS_CORTICAL_INTERNEURON
[2026-07-10 05:56:15][INFO] SIM_BRIDGE: Region 'sel_cat' (20 neurons): using Izh type IZH2007_RS_CORTICAL_PYRAMIDAL
[2026-07-10 05:56:15][INFO] SIM_BRIDGE: Region 'sel_FS_cat' (10 neurons): using Izh type IZH2007_FS_CORTICAL_INTERNEURON
[2026-07-10 05:56:15][INFO] SIM_BRIDGE: Region 'sel_fish' (20 neurons): using Izh type IZH2007_RS_CORTICAL_PYRAMIDAL
[2026-07-10 05:56:15][INFO] SIM_BRIDGE: Region 'sel_FS_fish' (10 neurons): using Izh type IZH2007_FS_CORTICAL_INTERNEURON
[2026-07-10 05:56:15][INFO] SIM_BRIDGE: Region 'sel_bird' (20 neurons): using Izh type IZH2007_RS_CORTICAL_PYRAMIDAL
[2026-07-10 05:56:15][INFO] SIM_BRIDGE: Region 'sel_FS_bird' (10 neurons): using Izh type IZH2007_FS_CORTICAL_INTERNEURON
[2026-07-10 05:56:15][INFO] SIM_BRIDGE: Region 'sel_worm' (20 neurons): using Izh type IZH2007_RS_CORTICAL_PYRAMIDAL
[2026-07-10 05:56:15][INFO] SIM_BRIDGE: Region 'sel_FS_worm' (10 neurons): using Izh type IZH2007_FS_CORTICAL_INTERNEURON
[2026-07-10 05:56:15][INFO] SIM_BRIDGE: Region 'sel_ball' (20 neurons): using Izh type IZH2007_RS_CORTICAL_PYRAMIDAL
[2026-07-10 05:56:15][INFO] SIM_BRIDGE: Region 'sel_FS_ball' (10 neurons): using Izh type IZH2007_FS_CORTICAL_INTERNEURON
[2026-07-10 05:56:15][INFO] SIM_BRIDGE: Applying parameter heterogeneity to neuron parameters...
[2026-07-10 05:56:15][INFO] SIM_BRIDGE: Applied heterogeneity to 4 parameters.
[2026-07-10 05:56:15][INFO] SIM_BRIDGE: Generating 3D neuron positions for 1380 neurons...
[2026-07-10 05:56:15][INFO] SIM_BRIDGE: Generating connections (brain-region framework)...
[2026-07-10 05:56:16][INFO] SIM_BRIDGE: inject_explicit_wiring: installed 44055 synapses across 44 populations.
[2026-07-10 05:56:16][INFO] SIM_BRIDGE: Initializing eligibility traces for 44055 synapses (capacity: 66082, dtype: float32)...
[2026-07-10 05:56:16][INFO] SIM_BRIDGE: Initializing STDP state for 1380 neurons...
[2026-07-10 05:56:16][INFO] SIM_BRIDGE: Simulation data initialized for 1380 neurons (3D). Synapses: 44055. GPU memory: 20.5GB/51.2GB (40.0%)
[2026-07-10 05:56:16][INFO] SIM_BRIDGE: NumPy backend (CPU (NumPy backend), 47.7 GB RAM available)
[2026-07-10 05:56:16][INFO] SIM_BRIDGE: Initializing simulation data for model: IZHIKEVICH (3D)... (playback_init: False)
[2026-07-10 05:56:16][INFO] SIM_BRIDGE: RNG initialized with seed: 43
[2026-07-10 05:56:16][INFO] SIM_BRIDGE: Initializing Izhikevich model specifics for 256 neurons...
[2026-07-10 05:56:16][INFO] SIM_BRIDGE: Applying parameter heterogeneity to neuron parameters...
[2026-07-10 05:56:16][INFO] SIM_BRIDGE: Applied heterogeneity to 4 parameters.
[2026-07-10 05:56:16][INFO] SIM_BRIDGE: Initializing OU process state (tau=15.0ms, sigma=0.0pA)...
[2026-07-10 05:56:16][INFO] SIM_BRIDGE: Generating 3D neuron positions for 256 neurons...
[2026-07-10 05:56:16][INFO] SIM_BRIDGE: Generating connections (3D)...
[2026-07-10 05:56:16][INFO] SIM_BRIDGE: Simulation data initialized for 256 neurons (3D). Synapses: 0. GPU memory: 20.5GB/51.2GB (40.0%)
[2026-07-10 05:56:16][INFO] SIM_BRIDGE: NumPy backend (CPU (NumPy backend), 47.7 GB RAM available)
[2026-07-10 05:56:16][INFO] SIM_BRIDGE: Initializing simulation data for model: IZHIKEVICH (3D)... (playback_init: False)
[2026-07-10 05:56:16][INFO] SIM_BRIDGE: RNG initialized with seed: 43
[2026-07-10 05:56:16][INFO] SIM_BRIDGE: Initializing Izhikevich model specifics for 512 neurons...
[2026-07-10 05:56:16][INFO] SIM_BRIDGE: Applying parameter heterogeneity to neuron parameters...
[2026-07-10 05:56:16][INFO] SIM_BRIDGE: Applied heterogeneity to 4 parameters.
[2026-07-10 05:56:16][INFO] SIM_BRIDGE: Initializing OU process state (tau=15.0ms, sigma=0.0pA)...
[2026-07-10 05:56:16][INFO] SIM_BRIDGE: Generating 3D neuron positions for 512 neurons...
[2026-07-10 05:56:16][INFO] SIM_BRIDGE: Generating connections (3D)...
[2026-07-10 05:56:16][INFO] SIM_BRIDGE: Simulation data initialized for 512 neurons (3D). Synapses: 0. GPU memory: 20.5GB/51.2GB (40.0%)
[2026-07-10 05:56:22][INFO] SIM_BRIDGE: NumPy backend (CPU (NumPy backend), 47.7 GB RAM available)
[2026-07-10 05:56:22][INFO] SIM_BRIDGE: Initializing simulation data for model: IZHIKEVICH (3D)... (playback_init: False)
[2026-07-10 05:56:22][INFO] SIM_BRIDGE: RNG initialized with seed: 43
[2026-07-10 05:56:22][INFO] SIM_BRIDGE: Initializing Izhikevich model specifics for 2304 neurons...
[2026-07-10 05:56:22][INFO] SIM_BRIDGE: Applying parameter heterogeneity to neuron parameters...
[2026-07-10 05:56:22][INFO] SIM_BRIDGE: Applied heterogeneity to 4 parameters.
[2026-07-10 05:56:22][INFO] SIM_BRIDGE: Initializing OU process state (tau=15.0ms, sigma=0.0pA)...
[2026-07-10 05:56:22][INFO] SIM_BRIDGE: Generating 3D neuron positions for 2304 neurons...
[2026-07-10 05:56:22][INFO] SIM_BRIDGE: Generating connections (3D)...
[2026-07-10 05:56:22][INFO] SIM_BRIDGE: Simulation data initialized for 2304 neurons (3D). Synapses: 0. GPU memory: 20.6GB/51.2GB (40.1%)
[2026-07-10 05:56:22][INFO] SIM_BRIDGE: NumPy backend (CPU (NumPy backend), 47.7 GB RAM available)
[2026-07-10 05:56:22][INFO] SIM_BRIDGE: Initializing simulation data for model: IZHIKEVICH (3D)... (playback_init: False)
[2026-07-10 05:56:22][INFO] SIM_BRIDGE: RNG initialized with seed: 43
[2026-07-10 05:56:22][INFO] SIM_BRIDGE: Initializing Izhikevich model specifics for 2304 neurons...
[2026-07-10 05:56:22][INFO] SIM_BRIDGE: Applying parameter heterogeneity to neuron parameters...
[2026-07-10 05:56:22][INFO] SIM_BRIDGE: Applied heterogeneity to 4 parameters.
[2026-07-10 05:56:22][INFO] SIM_BRIDGE: Initializing OU process state (tau=15.0ms, sigma=0.0pA)...
[2026-07-10 05:56:22][INFO] SIM_BRIDGE: Generating 3D neuron positions for 2304 neurons...
[2026-07-10 05:56:22][INFO] SIM_BRIDGE: Generating connections (3D)...
[2026-07-10 05:56:22][INFO] SIM_BRIDGE: Simulation data initialized for 2304 neurons (3D). Synapses: 0. GPU memory: 20.5GB/51.2GB (40.1%)
[2026-07-10 05:56:24][INFO] SIM_BRIDGE: NumPy backend (CPU (NumPy backend), 47.7 GB RAM available)
[2026-07-10 05:56:24][INFO] SIM_BRIDGE: Initializing simulation data for model: IZHIKEVICH (3D)... (playback_init: False)
[2026-07-10 05:56:24][INFO] SIM_BRIDGE: RNG initialized with seed: 43
[2026-07-10 05:56:24][INFO] SIM_BRIDGE: Initializing Izhikevich model specifics for 2560 neurons...
[2026-07-10 05:56:24][INFO] SIM_BRIDGE: Applying parameter heterogeneity to neuron parameters...
[2026-07-10 05:56:24][INFO] SIM_BRIDGE: Applied heterogeneity to 4 parameters.
[2026-07-10 05:56:24][INFO] SIM_BRIDGE: Initializing OU process state (tau=15.0ms, sigma=0.0pA)...
[2026-07-10 05:56:24][INFO] SIM_BRIDGE: Generating 3D neuron positions for 2560 neurons...
[2026-07-10 05:56:24][INFO] SIM_BRIDGE: Generating connections (3D)...
[2026-07-10 05:56:24][INFO] SIM_BRIDGE: Simulation data initialized for 2560 neurons (3D). Synapses: 0. GPU memory: 20.5GB/51.2GB (40.0%)
[2026-07-10 05:56:24][INFO] SIM_BRIDGE: NumPy backend (CPU (NumPy backend), 47.7 GB RAM available)
[2026-07-10 05:56:24][INFO] SIM_BRIDGE: Initializing simulation data for model: IZHIKEVICH (3D)... (playback_init: False)
[2026-07-10 05:56:24][INFO] SIM_BRIDGE: RNG initialized with seed: 43
[2026-07-10 05:56:24][INFO] SIM_BRIDGE: Initializing Izhikevich model specifics for 2560 neurons...
[2026-07-10 05:56:24][INFO] SIM_BRIDGE: Applying parameter heterogeneity to neuron parameters...
[2026-07-10 05:56:24][INFO] SIM_BRIDGE: Applied heterogeneity to 4 parameters.
[2026-07-10 05:56:24][INFO] SIM_BRIDGE: Initializing OU process state (tau=15.0ms, sigma=0.0pA)...
[2026-07-10 05:56:24][INFO] SIM_BRIDGE: Generating 3D neuron positions for 2560 neurons...
[2026-07-10 05:56:24][INFO] SIM_BRIDGE: Generating connections (3D)...
[2026-07-10 05:56:24][INFO] SIM_BRIDGE: Simulation data initialized for 2560 neurons (3D). Synapses: 0. GPU memory: 20.5GB/51.2GB (40.0%)
[2026-07-10 05:56:28][INFO] SIM_BRIDGE: NumPy backend (CPU (NumPy backend), 47.7 GB RAM available)
[2026-07-10 05:56:28][INFO] SIM_BRIDGE: Initializing simulation data for model: IZHIKEVICH (3D)... (playback_init: False)
[2026-07-10 05:56:28][INFO] SIM_BRIDGE: RNG initialized with seed: 43
[2026-07-10 05:56:28][INFO] SIM_BRIDGE: Initializing Izhikevich model specifics for 3328 neurons...
[2026-07-10 05:56:28][INFO] SIM_BRIDGE: Applying parameter heterogeneity to neuron parameters...
[2026-07-10 05:56:28][INFO] SIM_BRIDGE: Applied heterogeneity to 4 parameters.
[2026-07-10 05:56:28][INFO] SIM_BRIDGE: Initializing OU process state (tau=15.0ms, sigma=0.0pA)...
[2026-07-10 05:56:28][INFO] SIM_BRIDGE: Generating 3D neuron positions for 3328 neurons...
[2026-07-10 05:56:28][INFO] SIM_BRIDGE: Generating connections (3D)...
[2026-07-10 05:56:28][INFO] SIM_BRIDGE: Simulation data initialized for 3328 neurons (3D). Synapses: 0. GPU memory: 20.6GB/51.2GB (40.1%)
[2026-07-10 05:56:29][INFO] SIM_BRIDGE: NumPy backend (CPU (NumPy backend), 47.7 GB RAM available)
[2026-07-10 05:56:29][INFO] SIM_BRIDGE: Initializing simulation data for model: IZHIKEVICH (3D)... (playback_init: False)
[2026-07-10 05:56:29][INFO] SIM_BRIDGE: RNG initialized with seed: 43
[2026-07-10 05:56:29][INFO] SIM_BRIDGE: Initializing Izhikevich model specifics for 3328 neurons...
[2026-07-10 05:56:29][INFO] SIM_BRIDGE: Applying parameter heterogeneity to neuron parameters...
[2026-07-10 05:56:29][INFO] SIM_BRIDGE: Applied heterogeneity to 4 parameters.
[2026-07-10 05:56:29][INFO] SIM_BRIDGE: Initializing OU process state (tau=15.0ms, sigma=0.0pA)...
[2026-07-10 05:56:29][INFO] SIM_BRIDGE: Generating 3D neuron positions for 3328 neurons...
[2026-07-10 05:56:29][INFO] SIM_BRIDGE: Generating connections (3D)...
[2026-07-10 05:56:29][INFO] SIM_BRIDGE: Simulation data initialized for 3328 neurons (3D). Synapses: 0. GPU memory: 20.6GB/51.2GB (40.1%)
[2026-07-10 05:56:33][INFO] SIM_BRIDGE: NumPy backend (CPU (NumPy backend), 47.7 GB RAM available)
[2026-07-10 05:56:33][INFO] SIM_BRIDGE: Initializing simulation data for model: IZHIKEVICH (3D)... (playback_init: False)
[2026-07-10 05:56:33][INFO] SIM_BRIDGE: RNG initialized with seed: 43
[2026-07-10 05:56:33][INFO] SIM_BRIDGE: Initializing Izhikevich model specifics for 3840 neurons...
[2026-07-10 05:56:33][INFO] SIM_BRIDGE: Applying parameter heterogeneity to neuron parameters...
[2026-07-10 05:56:33][INFO] SIM_BRIDGE: Applied heterogeneity to 4 parameters.
[2026-07-10 05:56:33][INFO] SIM_BRIDGE: Initializing OU process state (tau=15.0ms, sigma=0.0pA)...
[2026-07-10 05:56:33][INFO] SIM_BRIDGE: Generating 3D neuron positions for 3840 neurons...
[2026-07-10 05:56:33][INFO] SIM_BRIDGE: Generating connections (3D)...
[2026-07-10 05:56:33][INFO] SIM_BRIDGE: Simulation data initialized for 3840 neurons (3D). Synapses: 0. GPU memory: 20.6GB/51.2GB (40.2%)
[2026-07-10 05:56:33][INFO] SIM_BRIDGE: NumPy backend (CPU (NumPy backend), 47.7 GB RAM available)
[2026-07-10 05:56:33][INFO] SIM_BRIDGE: Initializing simulation data for model: IZHIKEVICH (3D)... (playback_init: False)
[2026-07-10 05:56:33][INFO] SIM_BRIDGE: RNG initialized with seed: 43
[2026-07-10 05:56:33][INFO] SIM_BRIDGE: Initializing Izhikevich model specifics for 3840 neurons...
[2026-07-10 05:56:33][INFO] SIM_BRIDGE: Applying parameter heterogeneity to neuron parameters...
[2026-07-10 05:56:33][INFO] SIM_BRIDGE: Applied heterogeneity to 4 parameters.
[2026-07-10 05:56:33][INFO] SIM_BRIDGE: Initializing OU process state (tau=15.0ms, sigma=0.0pA)...
[2026-07-10 05:56:33][INFO] SIM_BRIDGE: Generating 3D neuron positions for 3840 neurons...
[2026-07-10 05:56:33][INFO] SIM_BRIDGE: Generating connections (3D)...
[2026-07-10 05:56:33][INFO] SIM_BRIDGE: Simulation data initialized for 3840 neurons (3D). Synapses: 0. GPU memory: 20.6GB/51.2GB (40.2%)
[2026-07-10 05:56:38][INFO] SIM_BRIDGE: NumPy backend (CPU (NumPy backend), 47.7 GB RAM available)
[2026-07-10 05:56:38][INFO] SIM_BRIDGE: Initializing simulation data for model: IZHIKEVICH (3D)... (playback_init: False)
[2026-07-10 05:56:38][INFO] SIM_BRIDGE: RNG initialized with seed: 43
[2026-07-10 05:56:38][INFO] SIM_BRIDGE: Initializing Izhikevich model specifics for 4608 neurons...
[2026-07-10 05:56:38][INFO] SIM_BRIDGE: Applying parameter heterogeneity to neuron parameters...
[2026-07-10 05:56:38][INFO] SIM_BRIDGE: Applied heterogeneity to 4 parameters.
[2026-07-10 05:56:38][INFO] SIM_BRIDGE: Initializing OU process state (tau=15.0ms, sigma=0.0pA)...
[2026-07-10 05:56:38][INFO] SIM_BRIDGE: Generating 3D neuron positions for 4608 neurons...
[2026-07-10 05:56:38][INFO] SIM_BRIDGE: Generating connections (3D)...
[2026-07-10 05:56:38][INFO] SIM_BRIDGE: Simulation data initialized for 4608 neurons (3D). Synapses: 0. GPU memory: 20.7GB/51.2GB (40.4%)
[2026-07-10 05:56:38][INFO] SIM_BRIDGE: NumPy backend (CPU (NumPy backend), 47.7 GB RAM available)
[2026-07-10 05:56:38][INFO] SIM_BRIDGE: Initializing simulation data for model: IZHIKEVICH (3D)... (playback_init: False)
[2026-07-10 05:56:38][INFO] SIM_BRIDGE: RNG initialized with seed: 43
[2026-07-10 05:56:38][INFO] SIM_BRIDGE: Initializing Izhikevich model specifics for 4608 neurons...
[2026-07-10 05:56:38][INFO] SIM_BRIDGE: Applying parameter heterogeneity to neuron parameters...
[2026-07-10 05:56:38][INFO] SIM_BRIDGE: Applied heterogeneity to 4 parameters.
[2026-07-10 05:56:38][INFO] SIM_BRIDGE: Initializing OU process state (tau=15.0ms, sigma=0.0pA)...
[2026-07-10 05:56:38][INFO] SIM_BRIDGE: Generating 3D neuron positions for 4608 neurons...
[2026-07-10 05:56:38][INFO] SIM_BRIDGE: Generating connections (3D)...
[2026-07-10 05:56:38][INFO] SIM_BRIDGE: Simulation data initialized for 4608 neurons (3D). Synapses: 0. GPU memory: 20.7GB/51.2GB (40.3%)
[2026-07-10 05:56:41][INFO] SIM_BRIDGE: NumPy backend (CPU (NumPy backend), 47.7 GB RAM available)
[2026-07-10 05:56:41][INFO] SIM_BRIDGE: Initializing simulation data for model: IZHIKEVICH (3D)... (playback_init: False)
[2026-07-10 05:56:41][INFO] SIM_BRIDGE: RNG initialized with seed: 43
[2026-07-10 05:56:41][INFO] SIM_BRIDGE: Initializing Izhikevich model specifics for 5120 neurons...
[2026-07-10 05:56:41][INFO] SIM_BRIDGE: Applying parameter heterogeneity to neuron parameters...
[2026-07-10 05:56:41][INFO] SIM_BRIDGE: Applied heterogeneity to 4 parameters.
[2026-07-10 05:56:41][INFO] SIM_BRIDGE: Initializing OU process state (tau=15.0ms, sigma=0.0pA)...
[2026-07-10 05:56:41][INFO] SIM_BRIDGE: Generating 3D neuron positions for 5120 neurons...
[2026-07-10 05:56:41][INFO] SIM_BRIDGE: Generating connections (3D)...
[2026-07-10 05:56:41][INFO] SIM_BRIDGE: Simulation data initialized for 5120 neurons (3D). Synapses: 0. GPU memory: 20.6GB/51.2GB (40.2%)
[2026-07-10 05:56:41][INFO] SIM_BRIDGE: NumPy backend (CPU (NumPy backend), 47.7 GB RAM available)
[2026-07-10 05:56:41][INFO] SIM_BRIDGE: Initializing simulation data for model: IZHIKEVICH (3D)... (playback_init: False)
[2026-07-10 05:56:41][INFO] SIM_BRIDGE: RNG initialized with seed: 43
[2026-07-10 05:56:41][INFO] SIM_BRIDGE: Initializing Izhikevich model specifics for 5120 neurons...
[2026-07-10 05:56:41][INFO] SIM_BRIDGE: Applying parameter heterogeneity to neuron parameters...
[2026-07-10 05:56:41][INFO] SIM_BRIDGE: Applied heterogeneity to 4 parameters.
[2026-07-10 05:56:41][INFO] SIM_BRIDGE: Initializing OU process state (tau=15.0ms, sigma=0.0pA)...
[2026-07-10 05:56:41][INFO] SIM_BRIDGE: Generating 3D neuron positions for 5120 neurons...
[2026-07-10 05:56:41][INFO] SIM_BRIDGE: Generating connections (3D)...
[2026-07-10 05:56:41][INFO] SIM_BRIDGE: Simulation data initialized for 5120 neurons (3D). Synapses: 0. GPU memory: 20.6GB/51.2GB (40.2%)
[2026-07-10 05:56:44][INFO] SIM_BRIDGE: NumPy backend (CPU (NumPy backend), 47.7 GB RAM available)
[2026-07-10 05:56:44][INFO] SIM_BRIDGE: Initializing simulation data for model: IZHIKEVICH (3D)... (playback_init: False)
[2026-07-10 05:56:44][INFO] SIM_BRIDGE: RNG initialized with seed: 43
[2026-07-10 05:56:44][INFO] SIM_BRIDGE: Initializing Izhikevich model specifics for 5632 neurons...
[2026-07-10 05:56:44][INFO] SIM_BRIDGE: Applying parameter heterogeneity to neuron parameters...
[2026-07-10 05:56:44][INFO] SIM_BRIDGE: Applied heterogeneity to 4 parameters.
[2026-07-10 05:56:44][INFO] SIM_BRIDGE: Initializing OU process state (tau=15.0ms, sigma=0.0pA)...
[2026-07-10 05:56:44][INFO] SIM_BRIDGE: Generating 3D neuron positions for 5632 neurons...
[2026-07-10 05:56:44][INFO] SIM_BRIDGE: Generating connections (3D)...
[2026-07-10 05:56:44][INFO] SIM_BRIDGE: Simulation data initialized for 5632 neurons (3D). Synapses: 0. GPU memory: 20.6GB/51.2GB (40.2%)
[2026-07-10 05:56:45][INFO] SIM_BRIDGE: NumPy backend (CPU (NumPy backend), 47.7 GB RAM available)
[2026-07-10 05:56:45][INFO] SIM_BRIDGE: Initializing simulation data for model: IZHIKEVICH (3D)... (playback_init: False)
[2026-07-10 05:56:45][INFO] SIM_BRIDGE: RNG initialized with seed: 43
[2026-07-10 05:56:45][INFO] SIM_BRIDGE: Initializing Izhikevich model specifics for 5632 neurons...
[2026-07-10 05:56:45][INFO] SIM_BRIDGE: Applying parameter heterogeneity to neuron parameters...
[2026-07-10 05:56:45][INFO] SIM_BRIDGE: Applied heterogeneity to 4 parameters.
[2026-07-10 05:56:45][INFO] SIM_BRIDGE: Initializing OU process state (tau=15.0ms, sigma=0.0pA)...
[2026-07-10 05:56:45][INFO] SIM_BRIDGE: Generating 3D neuron positions for 5632 neurons...
[2026-07-10 05:56:45][INFO] SIM_BRIDGE: Generating connections (3D)...
[2026-07-10 05:56:45][INFO] SIM_BRIDGE: Simulation data initialized for 5632 neurons (3D). Synapses: 0. GPU memory: 20.6GB/51.2GB (40.2%)
[2026-07-10 05:56:49][INFO] SIM_BRIDGE: NumPy backend (CPU (NumPy backend), 47.7 GB RAM available)
[2026-07-10 05:56:49][INFO] SIM_BRIDGE: Initializing simulation data for model: IZHIKEVICH (3D)... (playback_init: False)
[2026-07-10 05:56:49][INFO] SIM_BRIDGE: RNG initialized with seed: 43
[2026-07-10 05:56:49][INFO] SIM_BRIDGE: Initializing Izhikevich model specifics for 6400 neurons...
[2026-07-10 05:56:49][INFO] SIM_BRIDGE: Applying parameter heterogeneity to neuron parameters...
[2026-07-10 05:56:49][INFO] SIM_BRIDGE: Applied heterogeneity to 4 parameters.
[2026-07-10 05:56:49][INFO] SIM_BRIDGE: Initializing OU process state (tau=15.0ms, sigma=0.0pA)...
[2026-07-10 05:56:49][INFO] SIM_BRIDGE: Generating 3D neuron positions for 6400 neurons...
[2026-07-10 05:56:49][INFO] SIM_BRIDGE: Generating connections (3D)...
[2026-07-10 05:56:49][INFO] SIM_BRIDGE: Simulation data initialized for 6400 neurons (3D). Synapses: 0. GPU memory: 20.6GB/51.2GB (40.2%)
[2026-07-10 05:56:49][INFO] SIM_BRIDGE: NumPy backend (CPU (NumPy backend), 47.7 GB RAM available)
[2026-07-10 05:56:49][INFO] SIM_BRIDGE: Initializing simulation data for model: IZHIKEVICH (3D)... (playback_init: False)
[2026-07-10 05:56:49][INFO] SIM_BRIDGE: RNG initialized with seed: 43
[2026-07-10 05:56:49][INFO] SIM_BRIDGE: Initializing Izhikevich model specifics for 6400 neurons...
[2026-07-10 05:56:49][INFO] SIM_BRIDGE: Applying parameter heterogeneity to neuron parameters...
[2026-07-10 05:56:49][INFO] SIM_BRIDGE: Applied heterogeneity to 4 parameters.
[2026-07-10 05:56:49][INFO] SIM_BRIDGE: Initializing OU process state (tau=15.0ms, sigma=0.0pA)...
[2026-07-10 05:56:49][INFO] SIM_BRIDGE: Generating 3D neuron positions for 6400 neurons...
[2026-07-10 05:56:49][INFO] SIM_BRIDGE: Generating connections (3D)...
[2026-07-10 05:56:49][INFO] SIM_BRIDGE: Simulation data initialized for 6400 neurons (3D). Synapses: 0. GPU memory: 20.6GB/51.2GB (40.2%)
[2026-07-10 05:56:54][INFO] SIM_BRIDGE: NumPy backend (CPU (NumPy backend), 47.7 GB RAM available)
[2026-07-10 05:56:54][INFO] SIM_BRIDGE: Initializing simulation data for model: IZHIKEVICH (3D)... (playback_init: False)
[2026-07-10 05:56:54][INFO] SIM_BRIDGE: RNG initialized with seed: 43
[2026-07-10 05:56:54][INFO] SIM_BRIDGE: Initializing Izhikevich model specifics for 6656 neurons...
[2026-07-10 05:56:54][INFO] SIM_BRIDGE: Applying parameter heterogeneity to neuron parameters...
[2026-07-10 05:56:54][INFO] SIM_BRIDGE: Applied heterogeneity to 4 parameters.
[2026-07-10 05:56:54][INFO] SIM_BRIDGE: Initializing OU process state (tau=15.0ms, sigma=0.0pA)...
[2026-07-10 05:56:54][INFO] SIM_BRIDGE: Generating 3D neuron positions for 6656 neurons...
[2026-07-10 05:56:54][INFO] SIM_BRIDGE: Generating connections (3D)...
[2026-07-10 05:56:54][INFO] SIM_BRIDGE: Simulation data initialized for 6656 neurons (3D). Synapses: 0. GPU memory: 20.8GB/51.2GB (40.6%)
[2026-07-10 05:56:54][INFO] SIM_BRIDGE: NumPy backend (CPU (NumPy backend), 47.7 GB RAM available)
[2026-07-10 05:56:54][INFO] SIM_BRIDGE: Initializing simulation data for model: IZHIKEVICH (3D)... (playback_init: False)
[2026-07-10 05:56:54][INFO] SIM_BRIDGE: RNG initialized with seed: 43
[2026-07-10 05:56:54][INFO] SIM_BRIDGE: Initializing Izhikevich model specifics for 6656 neurons...
[2026-07-10 05:56:54][INFO] SIM_BRIDGE: Applying parameter heterogeneity to neuron parameters...
[2026-07-10 05:56:54][INFO] SIM_BRIDGE: Applied heterogeneity to 4 parameters.
[2026-07-10 05:56:54][INFO] SIM_BRIDGE: Initializing OU process state (tau=15.0ms, sigma=0.0pA)...
[2026-07-10 05:56:54][INFO] SIM_BRIDGE: Generating 3D neuron positions for 6656 neurons...
[2026-07-10 05:56:54][INFO] SIM_BRIDGE: Generating connections (3D)...
[2026-07-10 05:56:54][INFO] SIM_BRIDGE: Simulation data initialized for 6656 neurons (3D). Synapses: 0. GPU memory: 20.9GB/51.2GB (40.7%)
[2026-07-10 05:56:59][INFO] SIM_BRIDGE: NumPy backend (CPU (NumPy backend), 47.7 GB RAM available)
[2026-07-10 05:56:59][INFO] SIM_BRIDGE: Initializing simulation data for model: IZHIKEVICH (3D)... (playback_init: False)
[2026-07-10 05:56:59][INFO] SIM_BRIDGE: RNG initialized with seed: 43
[2026-07-10 05:56:59][INFO] SIM_BRIDGE: Initializing Izhikevich model specifics for 7168 neurons...
[2026-07-10 05:56:59][INFO] SIM_BRIDGE: Applying parameter heterogeneity to neuron parameters...
[2026-07-10 05:56:59][INFO] SIM_BRIDGE: Applied heterogeneity to 4 parameters.
[2026-07-10 05:56:59][INFO] SIM_BRIDGE: Initializing OU process state (tau=15.0ms, sigma=0.0pA)...
[2026-07-10 05:56:59][INFO] SIM_BRIDGE: Generating 3D neuron positions for 7168 neurons...
[2026-07-10 05:56:59][INFO] SIM_BRIDGE: Generating connections (3D)...
[2026-07-10 05:56:59][INFO] SIM_BRIDGE: Simulation data initialized for 7168 neurons (3D). Synapses: 0. GPU memory: 20.9GB/51.2GB (40.8%)
[2026-07-10 05:56:59][INFO] SIM_BRIDGE: NumPy backend (CPU (NumPy backend), 47.7 GB RAM available)
[2026-07-10 05:56:59][INFO] SIM_BRIDGE: Initializing simulation data for model: IZHIKEVICH (3D)... (playback_init: False)
[2026-07-10 05:56:59][INFO] SIM_BRIDGE: RNG initialized with seed: 43
[2026-07-10 05:56:59][INFO] SIM_BRIDGE: Initializing Izhikevich model specifics for 7168 neurons...
[2026-07-10 05:56:59][INFO] SIM_BRIDGE: Applying parameter heterogeneity to neuron parameters...
[2026-07-10 05:56:59][INFO] SIM_BRIDGE: Applied heterogeneity to 4 parameters.
[2026-07-10 05:56:59][INFO] SIM_BRIDGE: Initializing OU process state (tau=15.0ms, sigma=0.0pA)...
[2026-07-10 05:56:59][INFO] SIM_BRIDGE: Generating 3D neuron positions for 7168 neurons...
[2026-07-10 05:56:59][INFO] SIM_BRIDGE: Generating connections (3D)...
[2026-07-10 05:56:59][INFO] SIM_BRIDGE: Simulation data initialized for 7168 neurons (3D). Synapses: 0. GPU memory: 20.9GB/51.2GB (40.7%)
[2026-07-10 05:57:03][INFO] SIM_BRIDGE: NumPy backend (CPU (NumPy backend), 47.7 GB RAM available)
[2026-07-10 05:57:03][INFO] SIM_BRIDGE: Initializing simulation data for model: IZHIKEVICH (3D)... (playback_init: False)
[2026-07-10 05:57:03][INFO] SIM_BRIDGE: RNG initialized with seed: 43
[2026-07-10 05:57:03][INFO] SIM_BRIDGE: Initializing Izhikevich model specifics for 7680 neurons...
[2026-07-10 05:57:03][INFO] SIM_BRIDGE: Applying parameter heterogeneity to neuron parameters...
[2026-07-10 05:57:03][INFO] SIM_BRIDGE: Applied heterogeneity to 4 parameters.
[2026-07-10 05:57:03][INFO] SIM_BRIDGE: Initializing OU process state (tau=15.0ms, sigma=0.0pA)...
[2026-07-10 05:57:03][INFO] SIM_BRIDGE: Generating 3D neuron positions for 7680 neurons...
[2026-07-10 05:57:03][INFO] SIM_BRIDGE: Generating connections (3D)...
[2026-07-10 05:57:03][INFO] SIM_BRIDGE: Simulation data initialized for 7680 neurons (3D). Synapses: 0. GPU memory: 20.9GB/51.2GB (40.7%)
[2026-07-10 05:57:03][INFO] SIM_BRIDGE: NumPy backend (CPU (NumPy backend), 47.7 GB RAM available)
[2026-07-10 05:57:03][INFO] SIM_BRIDGE: Initializing simulation data for model: IZHIKEVICH (3D)... (playback_init: False)
[2026-07-10 05:57:03][INFO] SIM_BRIDGE: RNG initialized with seed: 43
[2026-07-10 05:57:03][INFO] SIM_BRIDGE: Initializing Izhikevich model specifics for 7680 neurons...
[2026-07-10 05:57:03][INFO] SIM_BRIDGE: Applying parameter heterogeneity to neuron parameters...
[2026-07-10 05:57:03][INFO] SIM_BRIDGE: Applied heterogeneity to 4 parameters.
[2026-07-10 05:57:03][INFO] SIM_BRIDGE: Initializing OU process state (tau=15.0ms, sigma=0.0pA)...
[2026-07-10 05:57:03][INFO] SIM_BRIDGE: Generating 3D neuron positions for 7680 neurons...
[2026-07-10 05:57:03][INFO] SIM_BRIDGE: Generating connections (3D)...
[2026-07-10 05:57:03][INFO] SIM_BRIDGE: Simulation data initialized for 7680 neurons (3D). Synapses: 0. GPU memory: 20.9GB/51.2GB (40.7%)
[2026-07-10 05:57:09][INFO] SIM_BRIDGE: NumPy backend (CPU (NumPy backend), 47.7 GB RAM available)
[2026-07-10 05:57:09][INFO] SIM_BRIDGE: Initializing simulation data for model: IZHIKEVICH (3D)... (playback_init: False)
[2026-07-10 05:57:09][INFO] SIM_BRIDGE: RNG initialized with seed: 43
[2026-07-10 05:57:09][INFO] SIM_BRIDGE: Initializing Izhikevich model specifics for 8704 neurons...
[2026-07-10 05:57:09][INFO] SIM_BRIDGE: Applying parameter heterogeneity to neuron parameters...
[2026-07-10 05:57:09][INFO] SIM_BRIDGE: Applied heterogeneity to 4 parameters.
[2026-07-10 05:57:09][INFO] SIM_BRIDGE: Initializing OU process state (tau=15.0ms, sigma=0.0pA)...
[2026-07-10 05:57:09][INFO] SIM_BRIDGE: Generating 3D neuron positions for 8704 neurons...
[2026-07-10 05:57:09][INFO] SIM_BRIDGE: Generating connections (3D)...
[2026-07-10 05:57:09][INFO] SIM_BRIDGE: Simulation data initialized for 8704 neurons (3D). Synapses: 0. GPU memory: 20.9GB/51.2GB (40.8%)
[2026-07-10 05:57:09][INFO] SIM_BRIDGE: NumPy backend (CPU (NumPy backend), 47.7 GB RAM available)
[2026-07-10 05:57:09][INFO] SIM_BRIDGE: Initializing simulation data for model: IZHIKEVICH (3D)... (playback_init: False)
[2026-07-10 05:57:09][INFO] SIM_BRIDGE: RNG initialized with seed: 43
[2026-07-10 05:57:09][INFO] SIM_BRIDGE: Initializing Izhikevich model specifics for 8704 neurons...
[2026-07-10 05:57:09][INFO] SIM_BRIDGE: Applying parameter heterogeneity to neuron parameters...
[2026-07-10 05:57:09][INFO] SIM_BRIDGE: Applied heterogeneity to 4 parameters.
[2026-07-10 05:57:09][INFO] SIM_BRIDGE: Initializing OU process state (tau=15.0ms, sigma=0.0pA)...
[2026-07-10 05:57:09][INFO] SIM_BRIDGE: Generating 3D neuron positions for 8704 neurons...
[2026-07-10 05:57:09][INFO] SIM_BRIDGE: Generating connections (3D)...
[2026-07-10 05:57:09][INFO] SIM_BRIDGE: Simulation data initialized for 8704 neurons (3D). Synapses: 0. GPU memory: 20.9GB/51.2GB (40.8%)
[2026-07-10 05:57:12][INFO] SIM_BRIDGE: NumPy backend (CPU (NumPy backend), 47.7 GB RAM available)
[2026-07-10 05:57:12][INFO] SIM_BRIDGE: Initializing simulation data for model: IZHIKEVICH (3D)... (playback_init: False)
[2026-07-10 05:57:12][INFO] SIM_BRIDGE: RNG initialized with seed: 43
[2026-07-10 05:57:12][INFO] SIM_BRIDGE: Initializing Izhikevich model specifics for 8960 neurons...
[2026-07-10 05:57:12][INFO] SIM_BRIDGE: Applying parameter heterogeneity to neuron parameters...
[2026-07-10 05:57:12][INFO] SIM_BRIDGE: Applied heterogeneity to 4 parameters.
[2026-07-10 05:57:12][INFO] SIM_BRIDGE: Initializing OU process state (tau=15.0ms, sigma=0.0pA)...
[2026-07-10 05:57:12][INFO] SIM_BRIDGE: Generating 3D neuron positions for 8960 neurons...
[2026-07-10 05:57:12][INFO] SIM_BRIDGE: Generating connections (3D)...
[2026-07-10 05:57:12][INFO] SIM_BRIDGE: Simulation data initialized for 8960 neurons (3D). Synapses: 0. GPU memory: 20.9GB/51.2GB (40.9%)
[2026-07-10 05:57:12][INFO] SIM_BRIDGE: NumPy backend (CPU (NumPy backend), 47.7 GB RAM available)
[2026-07-10 05:57:12][INFO] SIM_BRIDGE: Initializing simulation data for model: IZHIKEVICH (3D)... (playback_init: False)
[2026-07-10 05:57:12][INFO] SIM_BRIDGE: RNG initialized with seed: 43
[2026-07-10 05:57:12][INFO] SIM_BRIDGE: Initializing Izhikevich model specifics for 8960 neurons...
[2026-07-10 05:57:12][INFO] SIM_BRIDGE: Applying parameter heterogeneity to neuron parameters...
[2026-07-10 05:57:12][INFO] SIM_BRIDGE: Applied heterogeneity to 4 parameters.
[2026-07-10 05:57:12][INFO] SIM_BRIDGE: Initializing OU process state (tau=15.0ms, sigma=0.0pA)...
[2026-07-10 05:57:12][INFO] SIM_BRIDGE: Generating 3D neuron positions for 8960 neurons...
[2026-07-10 05:57:12][INFO] SIM_BRIDGE: Generating connections (3D)...
[2026-07-10 05:57:12][INFO] SIM_BRIDGE: Simulation data initialized for 8960 neurons (3D). Synapses: 0. GPU memory: 20.9GB/51.2GB (40.8%)
[2026-07-10 05:57:16][INFO] SIM_BRIDGE: NumPy backend (CPU (NumPy backend), 47.7 GB RAM available)
[2026-07-10 05:57:16][INFO] SIM_BRIDGE: Initializing simulation data for model: IZHIKEVICH (3D)... (playback_init: False)
[2026-07-10 05:57:16][INFO] SIM_BRIDGE: RNG initialized with seed: 43
[2026-07-10 05:57:16][INFO] SIM_BRIDGE: Initializing Izhikevich model specifics for 9472 neurons...
[2026-07-10 05:57:16][INFO] SIM_BRIDGE: Applying parameter heterogeneity to neuron parameters...
[2026-07-10 05:57:16][INFO] SIM_BRIDGE: Applied heterogeneity to 4 parameters.
[2026-07-10 05:57:16][INFO] SIM_BRIDGE: Initializing OU process state (tau=15.0ms, sigma=0.0pA)...
[2026-07-10 05:57:16][INFO] SIM_BRIDGE: Generating 3D neuron positions for 9472 neurons...
[2026-07-10 05:57:16][INFO] SIM_BRIDGE: Generating connections (3D)...
[2026-07-10 05:57:16][INFO] SIM_BRIDGE: Simulation data initialized for 9472 neurons (3D). Synapses: 0. GPU memory: 20.9GB/51.2GB (40.9%)
[2026-07-10 05:57:16][INFO] SIM_BRIDGE: NumPy backend (CPU (NumPy backend), 47.7 GB RAM available)
[2026-07-10 05:57:16][INFO] SIM_BRIDGE: Initializing simulation data for model: IZHIKEVICH (3D)... (playback_init: False)
[2026-07-10 05:57:16][INFO] SIM_BRIDGE: RNG initialized with seed: 43
[2026-07-10 05:57:16][INFO] SIM_BRIDGE: Initializing Izhikevich model specifics for 9472 neurons...
[2026-07-10 05:57:16][INFO] SIM_BRIDGE: Applying parameter heterogeneity to neuron parameters...
[2026-07-10 05:57:16][INFO] SIM_BRIDGE: Applied heterogeneity to 4 parameters.
[2026-07-10 05:57:16][INFO] SIM_BRIDGE: Initializing OU process state (tau=15.0ms, sigma=0.0pA)...
[2026-07-10 05:57:16][INFO] SIM_BRIDGE: Generating 3D neuron positions for 9472 neurons...
[2026-07-10 05:57:16][INFO] SIM_BRIDGE: Generating connections (3D)...
[2026-07-10 05:57:16][INFO] SIM_BRIDGE: Simulation data initialized for 9472 neurons (3D). Synapses: 0. GPU memory: 20.9GB/51.2GB (40.9%)
[2026-07-10 05:57:20][INFO] SIM_BRIDGE: NumPy backend (CPU (NumPy backend), 47.7 GB RAM available)
[2026-07-10 05:57:20][INFO] SIM_BRIDGE: Initializing simulation data for model: IZHIKEVICH (3D)... (playback_init: False)
[2026-07-10 05:57:20][INFO] SIM_BRIDGE: RNG initialized with seed: 43
[2026-07-10 05:57:20][INFO] SIM_BRIDGE: Initializing Izhikevich model specifics for 9984 neurons...
[2026-07-10 05:57:20][INFO] SIM_BRIDGE: Applying parameter heterogeneity to neuron parameters...
[2026-07-10 05:57:20][INFO] SIM_BRIDGE: Applied heterogeneity to 4 parameters.
[2026-07-10 05:57:20][INFO] SIM_BRIDGE: Initializing OU process state (tau=15.0ms, sigma=0.0pA)...
[2026-07-10 05:57:20][INFO] SIM_BRIDGE: Generating 3D neuron positions for 9984 neurons...
[2026-07-10 05:57:20][INFO] SIM_BRIDGE: Generating connections (3D)...
[2026-07-10 05:57:20][INFO] SIM_BRIDGE: Simulation data initialized for 9984 neurons (3D). Synapses: 0. GPU memory: 21.0GB/51.2GB (40.9%)
[2026-07-10 05:57:20][INFO] SIM_BRIDGE: NumPy backend (CPU (NumPy backend), 47.7 GB RAM available)
[2026-07-10 05:57:20][INFO] SIM_BRIDGE: Initializing simulation data for model: IZHIKEVICH (3D)... (playback_init: False)
[2026-07-10 05:57:20][INFO] SIM_BRIDGE: RNG initialized with seed: 43
[2026-07-10 05:57:20][INFO] SIM_BRIDGE: Initializing Izhikevich model specifics for 9984 neurons...
[2026-07-10 05:57:20][INFO] SIM_BRIDGE: Applying parameter heterogeneity to neuron parameters...
[2026-07-10 05:57:20][INFO] SIM_BRIDGE: Applied heterogeneity to 4 parameters.
[2026-07-10 05:57:20][INFO] SIM_BRIDGE: Initializing OU process state (tau=15.0ms, sigma=0.0pA)...
[2026-07-10 05:57:20][INFO] SIM_BRIDGE: Generating 3D neuron positions for 9984 neurons...
[2026-07-10 05:57:20][INFO] SIM_BRIDGE: Generating connections (3D)...
[2026-07-10 05:57:20][INFO] SIM_BRIDGE: Simulation data initialized for 9984 neurons (3D). Synapses: 0. GPU memory: 21.0GB/51.2GB (40.9%)
[2026-07-10 05:57:24][INFO] SIM_BRIDGE: NumPy backend (CPU (NumPy backend), 47.7 GB RAM available)
[2026-07-10 05:57:24][INFO] SIM_BRIDGE: Initializing simulation data for model: IZHIKEVICH (3D)... (playback_init: False)
[2026-07-10 05:57:24][INFO] SIM_BRIDGE: RNG initialized with seed: 43
[2026-07-10 05:57:24][INFO] SIM_BRIDGE: Initializing Izhikevich model specifics for 10496 neurons...
[2026-07-10 05:57:24][INFO] SIM_BRIDGE: Applying parameter heterogeneity to neuron parameters...
[2026-07-10 05:57:24][INFO] SIM_BRIDGE: Applied heterogeneity to 4 parameters.
[2026-07-10 05:57:24][INFO] SIM_BRIDGE: Initializing OU process state (tau=15.0ms, sigma=0.0pA)...
[2026-07-10 05:57:24][INFO] SIM_BRIDGE: Generating 3D neuron positions for 10496 neurons...
[2026-07-10 05:57:24][INFO] SIM_BRIDGE: Generating connections (3D)...
[2026-07-10 05:57:24][INFO] SIM_BRIDGE: Simulation data initialized for 10496 neurons (3D). Synapses: 0. GPU memory: 21.0GB/51.2GB (41.0%)
[2026-07-10 05:57:24][INFO] SIM_BRIDGE: NumPy backend (CPU (NumPy backend), 47.7 GB RAM available)
[2026-07-10 05:57:24][INFO] SIM_BRIDGE: Initializing simulation data for model: IZHIKEVICH (3D)... (playback_init: False)
[2026-07-10 05:57:24][INFO] SIM_BRIDGE: RNG initialized with seed: 43
[2026-07-10 05:57:24][INFO] SIM_BRIDGE: Initializing Izhikevich model specifics for 10496 neurons...
[2026-07-10 05:57:24][INFO] SIM_BRIDGE: Applying parameter heterogeneity to neuron parameters...
[2026-07-10 05:57:24][INFO] SIM_BRIDGE: Applied heterogeneity to 4 parameters.
[2026-07-10 05:57:24][INFO] SIM_BRIDGE: Initializing OU process state (tau=15.0ms, sigma=0.0pA)...
[2026-07-10 05:57:24][INFO] SIM_BRIDGE: Generating 3D neuron positions for 10496 neurons...
[2026-07-10 05:57:24][INFO] SIM_BRIDGE: Generating connections (3D)...
[2026-07-10 05:57:24][INFO] SIM_BRIDGE: Simulation data initialized for 10496 neurons (3D). Synapses: 0. GPU memory: 21.0GB/51.2GB (41.0%)
[2026-07-10 05:57:28][INFO] SIM_BRIDGE: NumPy backend (CPU (NumPy backend), 47.7 GB RAM available)
[2026-07-10 05:57:28][INFO] SIM_BRIDGE: Initializing simulation data for model: IZHIKEVICH (3D)... (playback_init: False)
[2026-07-10 05:57:28][INFO] SIM_BRIDGE: RNG initialized with seed: 43
[2026-07-10 05:57:28][INFO] SIM_BRIDGE: Initializing Izhikevich model specifics for 11264 neurons...
[2026-07-10 05:57:28][INFO] SIM_BRIDGE: Applying parameter heterogeneity to neuron parameters...
[2026-07-10 05:57:28][INFO] SIM_BRIDGE: Applied heterogeneity to 4 parameters.
[2026-07-10 05:57:28][INFO] SIM_BRIDGE: Initializing OU process state (tau=15.0ms, sigma=0.0pA)...
[2026-07-10 05:57:28][INFO] SIM_BRIDGE: Generating 3D neuron positions for 11264 neurons...
[2026-07-10 05:57:28][INFO] SIM_BRIDGE: Generating connections (3D)...
[2026-07-10 05:57:28][INFO] SIM_BRIDGE: Simulation data initialized for 11264 neurons (3D). Synapses: 0. GPU memory: 21.1GB/51.2GB (41.1%)
[2026-07-10 05:57:28][INFO] SIM_BRIDGE: NumPy backend (CPU (NumPy backend), 47.7 GB RAM available)
[2026-07-10 05:57:28][INFO] SIM_BRIDGE: Initializing simulation data for model: IZHIKEVICH (3D)... (playback_init: False)
[2026-07-10 05:57:28][INFO] SIM_BRIDGE: RNG initialized with seed: 43
[2026-07-10 05:57:28][INFO] SIM_BRIDGE: Initializing Izhikevich model specifics for 11264 neurons...
[2026-07-10 05:57:28][INFO] SIM_BRIDGE: Applying parameter heterogeneity to neuron parameters...
[2026-07-10 05:57:28][INFO] SIM_BRIDGE: Applied heterogeneity to 4 parameters.
[2026-07-10 05:57:28][INFO] SIM_BRIDGE: Initializing OU process state (tau=15.0ms, sigma=0.0pA)...
[2026-07-10 05:57:28][INFO] SIM_BRIDGE: Generating 3D neuron positions for 11264 neurons...
[2026-07-10 05:57:28][INFO] SIM_BRIDGE: Generating connections (3D)...
[2026-07-10 05:57:28][INFO] SIM_BRIDGE: Simulation data initialized for 11264 neurons (3D). Synapses: 0. GPU memory: 21.1GB/51.2GB (41.1%)
[2026-07-10 05:57:32][INFO] SIM_BRIDGE: NumPy backend (CPU (NumPy backend), 47.7 GB RAM available)
[2026-07-10 05:57:32][INFO] SIM_BRIDGE: Initializing simulation data for model: IZHIKEVICH (3D)... (playback_init: False)
[2026-07-10 05:57:32][INFO] SIM_BRIDGE: RNG initialized with seed: 43
[2026-07-10 05:57:32][INFO] SIM_BRIDGE: Initializing Izhikevich model specifics for 11776 neurons...
[2026-07-10 05:57:32][INFO] SIM_BRIDGE: Applying parameter heterogeneity to neuron parameters...
[2026-07-10 05:57:32][INFO] SIM_BRIDGE: Applied heterogeneity to 4 parameters.
[2026-07-10 05:57:32][INFO] SIM_BRIDGE: Initializing OU process state (tau=15.0ms, sigma=0.0pA)...
[2026-07-10 05:57:32][INFO] SIM_BRIDGE: Generating 3D neuron positions for 11776 neurons...
[2026-07-10 05:57:32][INFO] SIM_BRIDGE: Generating connections (3D)...
[2026-07-10 05:57:32][INFO] SIM_BRIDGE: Simulation data initialized for 11776 neurons (3D). Synapses: 0. GPU memory: 21.1GB/51.2GB (41.2%)
[2026-07-10 05:57:32][INFO] SIM_BRIDGE: NumPy backend (CPU (NumPy backend), 47.7 GB RAM available)
[2026-07-10 05:57:32][INFO] SIM_BRIDGE: Initializing simulation data for model: IZHIKEVICH (3D)... (playback_init: False)
[2026-07-10 05:57:32][INFO] SIM_BRIDGE: RNG initialized with seed: 43
[2026-07-10 05:57:32][INFO] SIM_BRIDGE: Initializing Izhikevich model specifics for 11776 neurons...
[2026-07-10 05:57:32][INFO] SIM_BRIDGE: Applying parameter heterogeneity to neuron parameters...
[2026-07-10 05:57:32][INFO] SIM_BRIDGE: Applied heterogeneity to 4 parameters.
[2026-07-10 05:57:32][INFO] SIM_BRIDGE: Initializing OU process state (tau=15.0ms, sigma=0.0pA)...
[2026-07-10 05:57:32][INFO] SIM_BRIDGE: Generating 3D neuron positions for 11776 neurons...
[2026-07-10 05:57:32][INFO] SIM_BRIDGE: Generating connections (3D)...
[2026-07-10 05:57:32][INFO] SIM_BRIDGE: Simulation data initialized for 11776 neurons (3D). Synapses: 0. GPU memory: 21.1GB/51.2GB (41.2%)
[2026-07-10 05:57:36][INFO] SIM_BRIDGE: NumPy backend (CPU (NumPy backend), 47.7 GB RAM available)
[2026-07-10 05:57:36][INFO] SIM_BRIDGE: Initializing simulation data for model: IZHIKEVICH (3D)... (playback_init: False)
[2026-07-10 05:57:36][INFO] SIM_BRIDGE: RNG initialized with seed: 43
[2026-07-10 05:57:36][INFO] SIM_BRIDGE: Initializing Izhikevich model specifics for 12288 neurons...
[2026-07-10 05:57:36][INFO] SIM_BRIDGE: Applying parameter heterogeneity to neuron parameters...
[2026-07-10 05:57:36][INFO] SIM_BRIDGE: Applied heterogeneity to 4 parameters.
[2026-07-10 05:57:36][INFO] SIM_BRIDGE: Initializing OU process state (tau=15.0ms, sigma=0.0pA)...
[2026-07-10 05:57:36][INFO] SIM_BRIDGE: Generating 3D neuron positions for 12288 neurons...
[2026-07-10 05:57:36][INFO] SIM_BRIDGE: Generating connections (3D)...
[2026-07-10 05:57:36][INFO] SIM_BRIDGE: Simulation data initialized for 12288 neurons (3D). Synapses: 0. GPU memory: 21.2GB/51.2GB (41.4%)
[2026-07-10 05:57:36][INFO] SIM_BRIDGE: NumPy backend (CPU (NumPy backend), 47.7 GB RAM available)
[2026-07-10 05:57:36][INFO] SIM_BRIDGE: Initializing simulation data for model: IZHIKEVICH (3D)... (playback_init: False)
[2026-07-10 05:57:36][INFO] SIM_BRIDGE: RNG initialized with seed: 43
[2026-07-10 05:57:36][INFO] SIM_BRIDGE: Initializing Izhikevich model specifics for 12288 neurons...
[2026-07-10 05:57:36][INFO] SIM_BRIDGE: Applying parameter heterogeneity to neuron parameters...
[2026-07-10 05:57:36][INFO] SIM_BRIDGE: Applied heterogeneity to 4 parameters.
[2026-07-10 05:57:36][INFO] SIM_BRIDGE: Initializing OU process state (tau=15.0ms, sigma=0.0pA)...
[2026-07-10 05:57:36][INFO] SIM_BRIDGE: Generating 3D neuron positions for 12288 neurons...
[2026-07-10 05:57:36][INFO] SIM_BRIDGE: Generating connections (3D)...
[2026-07-10 05:57:36][INFO] SIM_BRIDGE: Simulation data initialized for 12288 neurons (3D). Synapses: 0. GPU memory: 21.3GB/51.2GB (41.5%)
[2026-07-10 05:57:40][INFO] SIM_BRIDGE: NumPy backend (CPU (NumPy backend), 47.7 GB RAM available)
[2026-07-10 05:57:40][INFO] SIM_BRIDGE: Initializing simulation data for model: IZHIKEVICH (3D)... (playback_init: False)
[2026-07-10 05:57:40][INFO] SIM_BRIDGE: RNG initialized with seed: 43
[2026-07-10 05:57:40][INFO] SIM_BRIDGE: Initializing Izhikevich model specifics for 13056 neurons...
[2026-07-10 05:57:40][INFO] SIM_BRIDGE: Applying parameter heterogeneity to neuron parameters...
[2026-07-10 05:57:40][INFO] SIM_BRIDGE: Applied heterogeneity to 4 parameters.
[2026-07-10 05:57:40][INFO] SIM_BRIDGE: Initializing OU process state (tau=15.0ms, sigma=0.0pA)...
[2026-07-10 05:57:40][INFO] SIM_BRIDGE: Generating 3D neuron positions for 13056 neurons...
[2026-07-10 05:57:40][INFO] SIM_BRIDGE: Generating connections (3D)...
[2026-07-10 05:57:40][INFO] SIM_BRIDGE: Simulation data initialized for 13056 neurons (3D). Synapses: 0. GPU memory: 21.7GB/51.2GB (42.4%)
[2026-07-10 05:57:40][INFO] SIM_BRIDGE: NumPy backend (CPU (NumPy backend), 47.7 GB RAM available)
[2026-07-10 05:57:40][INFO] SIM_BRIDGE: Initializing simulation data for model: IZHIKEVICH (3D)... (playback_init: False)
[2026-07-10 05:57:40][INFO] SIM_BRIDGE: RNG initialized with seed: 43
[2026-07-10 05:57:40][INFO] SIM_BRIDGE: Initializing Izhikevich model specifics for 13056 neurons...
[2026-07-10 05:57:40][INFO] SIM_BRIDGE: Applying parameter heterogeneity to neuron parameters...
[2026-07-10 05:57:40][INFO] SIM_BRIDGE: Applied heterogeneity to 4 parameters.
[2026-07-10 05:57:40][INFO] SIM_BRIDGE: Initializing OU process state (tau=15.0ms, sigma=0.0pA)...
[2026-07-10 05:57:40][INFO] SIM_BRIDGE: Generating 3D neuron positions for 13056 neurons...
[2026-07-10 05:57:40][INFO] SIM_BRIDGE: Generating connections (3D)...
[2026-07-10 05:57:40][INFO] SIM_BRIDGE: Simulation data initialized for 13056 neurons (3D). Synapses: 0. GPU memory: 21.8GB/51.2GB (42.5%)
[2026-07-10 05:57:43][INFO] SIM_BRIDGE: NumPy backend (CPU (NumPy backend), 47.7 GB RAM available)
[2026-07-10 05:57:43][INFO] SIM_BRIDGE: Initializing simulation data for model: IZHIKEVICH (3D)... (playback_init: False)
[2026-07-10 05:57:43][INFO] SIM_BRIDGE: RNG initialized with seed: 43
[2026-07-10 05:57:43][INFO] SIM_BRIDGE: Initializing Izhikevich model specifics for 13568 neurons...
[2026-07-10 05:57:43][INFO] SIM_BRIDGE: Applying parameter heterogeneity to neuron parameters...
[2026-07-10 05:57:43][INFO] SIM_BRIDGE: Applied heterogeneity to 4 parameters.
[2026-07-10 05:57:43][INFO] SIM_BRIDGE: Initializing OU process state (tau=15.0ms, sigma=0.0pA)...
[2026-07-10 05:57:43][INFO] SIM_BRIDGE: Generating 3D neuron positions for 13568 neurons...
[2026-07-10 05:57:43][INFO] SIM_BRIDGE: Generating connections (3D)...
[2026-07-10 05:57:43][INFO] SIM_BRIDGE: Simulation data initialized for 13568 neurons (3D). Synapses: 0. GPU memory: 22.2GB/51.2GB (43.2%)
[2026-07-10 05:57:44][INFO] SIM_BRIDGE: NumPy backend (CPU (NumPy backend), 47.7 GB RAM available)
[2026-07-10 05:57:44][INFO] SIM_BRIDGE: Initializing simulation data for model: IZHIKEVICH (3D)... (playback_init: False)
[2026-07-10 05:57:44][INFO] SIM_BRIDGE: RNG initialized with seed: 43
[2026-07-10 05:57:44][INFO] SIM_BRIDGE: Initializing Izhikevich model specifics for 13568 neurons...
[2026-07-10 05:57:44][INFO] SIM_BRIDGE: Applying parameter heterogeneity to neuron parameters...
[2026-07-10 05:57:44][INFO] SIM_BRIDGE: Applied heterogeneity to 4 parameters.
[2026-07-10 05:57:44][INFO] SIM_BRIDGE: Initializing OU process state (tau=15.0ms, sigma=0.0pA)...
[2026-07-10 05:57:44][INFO] SIM_BRIDGE: Generating 3D neuron positions for 13568 neurons...
[2026-07-10 05:57:44][INFO] SIM_BRIDGE: Generating connections (3D)...
[2026-07-10 05:57:44][INFO] SIM_BRIDGE: Simulation data initialized for 13568 neurons (3D). Synapses: 0. GPU memory: 22.2GB/51.2GB (43.3%)
[2026-07-10 05:57:47][INFO] SIM_BRIDGE: NumPy backend (CPU (NumPy backend), 47.7 GB RAM available)
[2026-07-10 05:57:47][INFO] SIM_BRIDGE: Initializing simulation data for model: IZHIKEVICH (3D)... (playback_init: False)
[2026-07-10 05:57:47][INFO] SIM_BRIDGE: RNG initialized with seed: 43
[2026-07-10 05:57:47][INFO] SIM_BRIDGE: Initializing Izhikevich model specifics for 14080 neurons...
[2026-07-10 05:57:47][INFO] SIM_BRIDGE: Applying parameter heterogeneity to neuron parameters...
[2026-07-10 05:57:47][INFO] SIM_BRIDGE: Applied heterogeneity to 4 parameters.
[2026-07-10 05:57:47][INFO] SIM_BRIDGE: Initializing OU process state (tau=15.0ms, sigma=0.0pA)...
[2026-07-10 05:57:47][INFO] SIM_BRIDGE: Generating 3D neuron positions for 14080 neurons...
[2026-07-10 05:57:47][INFO] SIM_BRIDGE: Generating connections (3D)...
[2026-07-10 05:57:47][INFO] SIM_BRIDGE: Simulation data initialized for 14080 neurons (3D). Synapses: 0. GPU memory: 22.2GB/51.2GB (43.4%)
[2026-07-10 05:57:48][INFO] SIM_BRIDGE: NumPy backend (CPU (NumPy backend), 47.7 GB RAM available)
[2026-07-10 05:57:48][INFO] SIM_BRIDGE: Initializing simulation data for model: IZHIKEVICH (3D)... (playback_init: False)
[2026-07-10 05:57:48][INFO] SIM_BRIDGE: RNG initialized with seed: 43
[2026-07-10 05:57:48][INFO] SIM_BRIDGE: Initializing Izhikevich model specifics for 14080 neurons...
[2026-07-10 05:57:48][INFO] SIM_BRIDGE: Applying parameter heterogeneity to neuron parameters...
[2026-07-10 05:57:48][INFO] SIM_BRIDGE: Applied heterogeneity to 4 parameters.
[2026-07-10 05:57:48][INFO] SIM_BRIDGE: Initializing OU process state (tau=15.0ms, sigma=0.0pA)...
[2026-07-10 05:57:48][INFO] SIM_BRIDGE: Generating 3D neuron positions for 14080 neurons...
[2026-07-10 05:57:48][INFO] SIM_BRIDGE: Generating connections (3D)...
[2026-07-10 05:57:48][INFO] SIM_BRIDGE: Simulation data initialized for 14080 neurons (3D). Synapses: 0. GPU memory: 22.2GB/51.2GB (43.4%)
[2026-07-10 05:57:51][INFO] SIM_BRIDGE: NumPy backend (CPU (NumPy backend), 47.7 GB RAM available)
[2026-07-10 05:57:51][INFO] SIM_BRIDGE: Initializing simulation data for model: IZHIKEVICH (3D)... (playback_init: False)
[2026-07-10 05:57:51][INFO] SIM_BRIDGE: RNG initialized with seed: 43
[2026-07-10 05:57:51][INFO] SIM_BRIDGE: Initializing Izhikevich model specifics for 14336 neurons...
[2026-07-10 05:57:51][INFO] SIM_BRIDGE: Applying parameter heterogeneity to neuron parameters...
[2026-07-10 05:57:51][INFO] SIM_BRIDGE: Applied heterogeneity to 4 parameters.
[2026-07-10 05:57:51][INFO] SIM_BRIDGE: Initializing OU process state (tau=15.0ms, sigma=0.0pA)...
[2026-07-10 05:57:51][INFO] SIM_BRIDGE: Generating 3D neuron positions for 14336 neurons...
[2026-07-10 05:57:51][INFO] SIM_BRIDGE: Generating connections (3D)...
[2026-07-10 05:57:51][INFO] SIM_BRIDGE: Simulation data initialized for 14336 neurons (3D). Synapses: 0. GPU memory: 22.3GB/51.2GB (43.5%)
[2026-07-10 05:57:51][INFO] SIM_BRIDGE: NumPy backend (CPU (NumPy backend), 47.7 GB RAM available)
[2026-07-10 05:57:51][INFO] SIM_BRIDGE: Initializing simulation data for model: IZHIKEVICH (3D)... (playback_init: False)
[2026-07-10 05:57:51][INFO] SIM_BRIDGE: RNG initialized with seed: 43
[2026-07-10 05:57:51][INFO] SIM_BRIDGE: Initializing Izhikevich model specifics for 14336 neurons...
[2026-07-10 05:57:51][INFO] SIM_BRIDGE: Applying parameter heterogeneity to neuron parameters...
[2026-07-10 05:57:51][INFO] SIM_BRIDGE: Applied heterogeneity to 4 parameters.
[2026-07-10 05:57:51][INFO] SIM_BRIDGE: Initializing OU process state (tau=15.0ms, sigma=0.0pA)...
[2026-07-10 05:57:51][INFO] SIM_BRIDGE: Generating 3D neuron positions for 14336 neurons...
[2026-07-10 05:57:51][INFO] SIM_BRIDGE: Generating connections (3D)...
[2026-07-10 05:57:51][INFO] SIM_BRIDGE: Simulation data initialized for 14336 neurons (3D). Synapses: 0. GPU memory: 22.3GB/51.2GB (43.5%)
[2026-07-10 05:57:55][INFO] SIM_BRIDGE: NumPy backend (CPU (NumPy backend), 47.7 GB RAM available)
[2026-07-10 05:57:55][INFO] SIM_BRIDGE: Initializing simulation data for model: IZHIKEVICH (3D)... (playback_init: False)
[2026-07-10 05:57:55][INFO] SIM_BRIDGE: RNG initialized with seed: 43
[2026-07-10 05:57:55][INFO] SIM_BRIDGE: Initializing Izhikevich model specifics for 14848 neurons...
[2026-07-10 05:57:55][INFO] SIM_BRIDGE: Applying parameter heterogeneity to neuron parameters...
[2026-07-10 05:57:55][INFO] SIM_BRIDGE: Applied heterogeneity to 4 parameters.
[2026-07-10 05:57:55][INFO] SIM_BRIDGE: Initializing OU process state (tau=15.0ms, sigma=0.0pA)...
[2026-07-10 05:57:55][INFO] SIM_BRIDGE: Generating 3D neuron positions for 14848 neurons...
[2026-07-10 05:57:55][INFO] SIM_BRIDGE: Generating connections (3D)...
[2026-07-10 05:57:55][INFO] SIM_BRIDGE: Simulation data initialized for 14848 neurons (3D). Synapses: 0. GPU memory: 22.4GB/51.2GB (43.7%)
[2026-07-10 05:57:55][INFO] SIM_BRIDGE: NumPy backend (CPU (NumPy backend), 47.7 GB RAM available)
[2026-07-10 05:57:55][INFO] SIM_BRIDGE: Initializing simulation data for model: IZHIKEVICH (3D)... (playback_init: False)
[2026-07-10 05:57:55][INFO] SIM_BRIDGE: RNG initialized with seed: 43
[2026-07-10 05:57:55][INFO] SIM_BRIDGE: Initializing Izhikevich model specifics for 14848 neurons...
[2026-07-10 05:57:55][INFO] SIM_BRIDGE: Applying parameter heterogeneity to neuron parameters...
[2026-07-10 05:57:55][INFO] SIM_BRIDGE: Applied heterogeneity to 4 parameters.
[2026-07-10 05:57:55][INFO] SIM_BRIDGE: Initializing OU process state (tau=15.0ms, sigma=0.0pA)...
[2026-07-10 05:57:55][INFO] SIM_BRIDGE: Generating 3D neuron positions for 14848 neurons...
[2026-07-10 05:57:55][INFO] SIM_BRIDGE: Generating connections (3D)...
[2026-07-10 05:57:55][INFO] SIM_BRIDGE: Simulation data initialized for 14848 neurons (3D). Synapses: 0. GPU memory: 22.5GB/51.2GB (43.8%)
[2026-07-10 05:57:59][INFO] SIM_BRIDGE: NumPy backend (CPU (NumPy backend), 47.7 GB RAM available)
[2026-07-10 05:57:59][INFO] SIM_BRIDGE: Initializing simulation data for model: IZHIKEVICH (3D)... (playback_init: False)
[2026-07-10 05:57:59][INFO] SIM_BRIDGE: RNG initialized with seed: 43
[2026-07-10 05:57:59][INFO] SIM_BRIDGE: Initializing Izhikevich model specifics for 15104 neurons...
[2026-07-10 05:57:59][INFO] SIM_BRIDGE: Applying parameter heterogeneity to neuron parameters...
[2026-07-10 05:57:59][INFO] SIM_BRIDGE: Applied heterogeneity to 4 parameters.
[2026-07-10 05:57:59][INFO] SIM_BRIDGE: Initializing OU process state (tau=15.0ms, sigma=0.0pA)...
[2026-07-10 05:57:59][INFO] SIM_BRIDGE: Generating 3D neuron positions for 15104 neurons...
[2026-07-10 05:57:59][INFO] SIM_BRIDGE: Generating connections (3D)...
[2026-07-10 05:57:59][INFO] SIM_BRIDGE: Simulation data initialized for 15104 neurons (3D). Synapses: 0. GPU memory: 22.6GB/51.2GB (44.1%)
[2026-07-10 05:57:59][INFO] SIM_BRIDGE: NumPy backend (CPU (NumPy backend), 47.7 GB RAM available)
[2026-07-10 05:57:59][INFO] SIM_BRIDGE: Initializing simulation data for model: IZHIKEVICH (3D)... (playback_init: False)
[2026-07-10 05:57:59][INFO] SIM_BRIDGE: RNG initialized with seed: 43
[2026-07-10 05:57:59][INFO] SIM_BRIDGE: Initializing Izhikevich model specifics for 15104 neurons...
[2026-07-10 05:57:59][INFO] SIM_BRIDGE: Applying parameter heterogeneity to neuron parameters...
[2026-07-10 05:57:59][INFO] SIM_BRIDGE: Applied heterogeneity to 4 parameters.
[2026-07-10 05:57:59][INFO] SIM_BRIDGE: Initializing OU process state (tau=15.0ms, sigma=0.0pA)...
[2026-07-10 05:57:59][INFO] SIM_BRIDGE: Generating 3D neuron positions for 15104 neurons...
[2026-07-10 05:57:59][INFO] SIM_BRIDGE: Generating connections (3D)...
[2026-07-10 05:57:59][INFO] SIM_BRIDGE: Simulation data initialized for 15104 neurons (3D). Synapses: 0. GPU memory: 22.6GB/51.2GB (44.1%)
[2026-07-10 05:58:02][INFO] SIM_BRIDGE: NumPy backend (CPU (NumPy backend), 47.7 GB RAM available)
[2026-07-10 05:58:02][INFO] SIM_BRIDGE: Initializing simulation data for model: IZHIKEVICH (3D)... (playback_init: False)
[2026-07-10 05:58:02][INFO] SIM_BRIDGE: RNG initialized with seed: 43
[2026-07-10 05:58:02][INFO] SIM_BRIDGE: Initializing Izhikevich model specifics for 15616 neurons...
[2026-07-10 05:58:02][INFO] SIM_BRIDGE: Applying parameter heterogeneity to neuron parameters...
[2026-07-10 05:58:02][INFO] SIM_BRIDGE: Applied heterogeneity to 4 parameters.
[2026-07-10 05:58:02][INFO] SIM_BRIDGE: Initializing OU process state (tau=15.0ms, sigma=0.0pA)...
[2026-07-10 05:58:02][INFO] SIM_BRIDGE: Generating 3D neuron positions for 15616 neurons...
[2026-07-10 05:58:02][INFO] SIM_BRIDGE: Generating connections (3D)...
[2026-07-10 05:58:02][INFO] SIM_BRIDGE: Simulation data initialized for 15616 neurons (3D). Synapses: 0. GPU memory: 22.6GB/51.2GB (44.2%)
[2026-07-10 05:58:03][INFO] SIM_BRIDGE: NumPy backend (CPU (NumPy backend), 47.7 GB RAM available)
[2026-07-10 05:58:03][INFO] SIM_BRIDGE: Initializing simulation data for model: IZHIKEVICH (3D)... (playback_init: False)
[2026-07-10 05:58:03][INFO] SIM_BRIDGE: RNG initialized with seed: 43
[2026-07-10 05:58:03][INFO] SIM_BRIDGE: Initializing Izhikevich model specifics for 15616 neurons...
[2026-07-10 05:58:03][INFO] SIM_BRIDGE: Applying parameter heterogeneity to neuron parameters...
[2026-07-10 05:58:03][INFO] SIM_BRIDGE: Applied heterogeneity to 4 parameters.
[2026-07-10 05:58:03][INFO] SIM_BRIDGE: Initializing OU process state (tau=15.0ms, sigma=0.0pA)...
[2026-07-10 05:58:03][INFO] SIM_BRIDGE: Generating 3D neuron positions for 15616 neurons...
[2026-07-10 05:58:03][INFO] SIM_BRIDGE: Generating connections (3D)...
[2026-07-10 05:58:03][INFO] SIM_BRIDGE: Simulation data initialized for 15616 neurons (3D). Synapses: 0. GPU memory: 22.6GB/51.2GB (44.2%)
[2026-07-10 05:58:07][INFO] SIM_BRIDGE: NumPy backend (CPU (NumPy backend), 47.7 GB RAM available)
[2026-07-10 05:58:07][INFO] SIM_BRIDGE: Initializing simulation data for model: IZHIKEVICH (3D)... (playback_init: False)
[2026-07-10 05:58:07][INFO] SIM_BRIDGE: RNG initialized with seed: 43
[2026-07-10 05:58:07][INFO] SIM_BRIDGE: Initializing Izhikevich model specifics for 16384 neurons...
[2026-07-10 05:58:07][INFO] SIM_BRIDGE: Applying parameter heterogeneity to neuron parameters...
[2026-07-10 05:58:07][INFO] SIM_BRIDGE: Applied heterogeneity to 4 parameters.
[2026-07-10 05:58:07][INFO] SIM_BRIDGE: Initializing OU process state (tau=15.0ms, sigma=0.0pA)...
[2026-07-10 05:58:07][INFO] SIM_BRIDGE: Generating 3D neuron positions for 16384 neurons...
[2026-07-10 05:58:07][INFO] SIM_BRIDGE: Generating connections (3D)...
[2026-07-10 05:58:07][INFO] SIM_BRIDGE: Simulation data initialized for 16384 neurons (3D). Synapses: 0. GPU memory: 22.7GB/51.2GB (44.2%)
[2026-07-10 05:58:07][INFO] SIM_BRIDGE: NumPy backend (CPU (NumPy backend), 47.7 GB RAM available)
[2026-07-10 05:58:07][INFO] SIM_BRIDGE: Initializing simulation data for model: IZHIKEVICH (3D)... (playback_init: False)
[2026-07-10 05:58:07][INFO] SIM_BRIDGE: RNG initialized with seed: 43
[2026-07-10 05:58:07][INFO] SIM_BRIDGE: Initializing Izhikevich model specifics for 16384 neurons...
[2026-07-10 05:58:07][INFO] SIM_BRIDGE: Applying parameter heterogeneity to neuron parameters...
[2026-07-10 05:58:07][INFO] SIM_BRIDGE: Applied heterogeneity to 4 parameters.
[2026-07-10 05:58:07][INFO] SIM_BRIDGE: Initializing OU process state (tau=15.0ms, sigma=0.0pA)...
[2026-07-10 05:58:07][INFO] SIM_BRIDGE: Generating 3D neuron positions for 16384 neurons...
[2026-07-10 05:58:07][INFO] SIM_BRIDGE: Generating connections (3D)...
[2026-07-10 05:58:07][INFO] SIM_BRIDGE: Simulation data initialized for 16384 neurons (3D). Synapses: 0. GPU memory: 22.7GB/51.2GB (44.2%)
[2026-07-10 05:58:12][INFO] SIM_BRIDGE: NumPy backend (CPU (NumPy backend), 47.7 GB RAM available)
[2026-07-10 05:58:12][INFO] SIM_BRIDGE: Initializing simulation data for model: IZHIKEVICH (3D)... (playback_init: False)
[2026-07-10 05:58:12][INFO] SIM_BRIDGE: RNG initialized with seed: 43
[2026-07-10 05:58:12][INFO] SIM_BRIDGE: Initializing Izhikevich model specifics for 16896 neurons...
[2026-07-10 05:58:12][INFO] SIM_BRIDGE: Applying parameter heterogeneity to neuron parameters...
[2026-07-10 05:58:12][INFO] SIM_BRIDGE: Applied heterogeneity to 4 parameters.
[2026-07-10 05:58:12][INFO] SIM_BRIDGE: Initializing OU process state (tau=15.0ms, sigma=0.0pA)...
[2026-07-10 05:58:12][INFO] SIM_BRIDGE: Generating 3D neuron positions for 16896 neurons...
[2026-07-10 05:58:12][INFO] SIM_BRIDGE: Generating connections (3D)...
[2026-07-10 05:58:12][INFO] SIM_BRIDGE: Simulation data initialized for 16896 neurons (3D). Synapses: 0. GPU memory: 22.7GB/51.2GB (44.3%)
[2026-07-10 05:58:12][INFO] SIM_BRIDGE: NumPy backend (CPU (NumPy backend), 47.7 GB RAM available)
[2026-07-10 05:58:12][INFO] SIM_BRIDGE: Initializing simulation data for model: IZHIKEVICH (3D)... (playback_init: False)
[2026-07-10 05:58:12][INFO] SIM_BRIDGE: RNG initialized with seed: 43
[2026-07-10 05:58:12][INFO] SIM_BRIDGE: Initializing Izhikevich model specifics for 16896 neurons...
[2026-07-10 05:58:12][INFO] SIM_BRIDGE: Applying parameter heterogeneity to neuron parameters...
[2026-07-10 05:58:12][INFO] SIM_BRIDGE: Applied heterogeneity to 4 parameters.
[2026-07-10 05:58:12][INFO] SIM_BRIDGE: Initializing OU process state (tau=15.0ms, sigma=0.0pA)...
[2026-07-10 05:58:12][INFO] SIM_BRIDGE: Generating 3D neuron positions for 16896 neurons...
[2026-07-10 05:58:12][INFO] SIM_BRIDGE: Generating connections (3D)...
[2026-07-10 05:58:12][INFO] SIM_BRIDGE: Simulation data initialized for 16896 neurons (3D). Synapses: 0. GPU memory: 22.7GB/51.2GB (44.3%)
[2026-07-10 05:58:17][INFO] SIM_BRIDGE: NumPy backend (CPU (NumPy backend), 47.7 GB RAM available)
[2026-07-10 05:58:17][INFO] SIM_BRIDGE: Initializing simulation data for model: IZHIKEVICH (3D)... (playback_init: False)
[2026-07-10 05:58:17][INFO] SIM_BRIDGE: RNG initialized with seed: 43
[2026-07-10 05:58:17][INFO] SIM_BRIDGE: Initializing Izhikevich model specifics for 17664 neurons...
[2026-07-10 05:58:17][INFO] SIM_BRIDGE: Applying parameter heterogeneity to neuron parameters...
[2026-07-10 05:58:17][INFO] SIM_BRIDGE: Applied heterogeneity to 4 parameters.
[2026-07-10 05:58:17][INFO] SIM_BRIDGE: Initializing OU process state (tau=15.0ms, sigma=0.0pA)...
[2026-07-10 05:58:17][INFO] SIM_BRIDGE: Generating 3D neuron positions for 17664 neurons...
[2026-07-10 05:58:17][INFO] SIM_BRIDGE: Generating connections (3D)...
[2026-07-10 05:58:17][INFO] SIM_BRIDGE: Simulation data initialized for 17664 neurons (3D). Synapses: 0. GPU memory: 22.8GB/51.2GB (44.4%)
[2026-07-10 05:58:17][INFO] SIM_BRIDGE: NumPy backend (CPU (NumPy backend), 47.7 GB RAM available)
[2026-07-10 05:58:17][INFO] SIM_BRIDGE: Initializing simulation data for model: IZHIKEVICH (3D)... (playback_init: False)
[2026-07-10 05:58:17][INFO] SIM_BRIDGE: RNG initialized with seed: 43
[2026-07-10 05:58:17][INFO] SIM_BRIDGE: Initializing Izhikevich model specifics for 17664 neurons...
[2026-07-10 05:58:17][INFO] SIM_BRIDGE: Applying parameter heterogeneity to neuron parameters...
[2026-07-10 05:58:17][INFO] SIM_BRIDGE: Applied heterogeneity to 4 parameters.
[2026-07-10 05:58:17][INFO] SIM_BRIDGE: Initializing OU process state (tau=15.0ms, sigma=0.0pA)...
[2026-07-10 05:58:17][INFO] SIM_BRIDGE: Generating 3D neuron positions for 17664 neurons...
[2026-07-10 05:58:17][INFO] SIM_BRIDGE: Generating connections (3D)...
[2026-07-10 05:58:17][INFO] SIM_BRIDGE: Simulation data initialized for 17664 neurons (3D). Synapses: 0. GPU memory: 22.8GB/51.2GB (44.5%)
[2026-07-10 05:58:22][INFO] SIM_BRIDGE: NumPy backend (CPU (NumPy backend), 47.7 GB RAM available)
[2026-07-10 05:58:22][INFO] SIM_BRIDGE: Initializing simulation data for model: IZHIKEVICH (3D)... (playback_init: False)
[2026-07-10 05:58:22][INFO] SIM_BRIDGE: RNG initialized with seed: 43
[2026-07-10 05:58:22][INFO] SIM_BRIDGE: Initializing Izhikevich model specifics for 18432 neurons...
[2026-07-10 05:58:22][INFO] SIM_BRIDGE: Applying parameter heterogeneity to neuron parameters...
[2026-07-10 05:58:22][INFO] SIM_BRIDGE: Applied heterogeneity to 4 parameters.
[2026-07-10 05:58:22][INFO] SIM_BRIDGE: Initializing OU process state (tau=15.0ms, sigma=0.0pA)...
[2026-07-10 05:58:22][INFO] SIM_BRIDGE: Generating 3D neuron positions for 18432 neurons...
[2026-07-10 05:58:22][INFO] SIM_BRIDGE: Generating connections (3D)...
[2026-07-10 05:58:22][INFO] SIM_BRIDGE: Simulation data initialized for 18432 neurons (3D). Synapses: 0. GPU memory: 22.6GB/51.2GB (44.2%)
[2026-07-10 05:58:22][INFO] SIM_BRIDGE: NumPy backend (CPU (NumPy backend), 47.7 GB RAM available)
[2026-07-10 05:58:22][INFO] SIM_BRIDGE: Initializing simulation data for model: IZHIKEVICH (3D)... (playback_init: False)
[2026-07-10 05:58:22][INFO] SIM_BRIDGE: RNG initialized with seed: 43
[2026-07-10 05:58:22][INFO] SIM_BRIDGE: Initializing Izhikevich model specifics for 18432 neurons...
[2026-07-10 05:58:22][INFO] SIM_BRIDGE: Applying parameter heterogeneity to neuron parameters...
[2026-07-10 05:58:22][INFO] SIM_BRIDGE: Applied heterogeneity to 4 parameters.
[2026-07-10 05:58:22][INFO] SIM_BRIDGE: Initializing OU process state (tau=15.0ms, sigma=0.0pA)...
[2026-07-10 05:58:22][INFO] SIM_BRIDGE: Generating 3D neuron positions for 18432 neurons...
[2026-07-10 05:58:22][INFO] SIM_BRIDGE: Generating connections (3D)...
[2026-07-10 05:58:22][INFO] SIM_BRIDGE: Simulation data initialized for 18432 neurons (3D). Synapses: 0. GPU memory: 22.6GB/51.2GB (44.2%)
[2026-07-10 05:58:26][INFO] SIM_BRIDGE: NumPy backend (CPU (NumPy backend), 47.7 GB RAM available)
[2026-07-10 05:58:26][INFO] SIM_BRIDGE: Initializing simulation data for model: IZHIKEVICH (3D)... (playback_init: False)
[2026-07-10 05:58:26][INFO] SIM_BRIDGE: RNG initialized with seed: 43
[2026-07-10 05:58:26][INFO] SIM_BRIDGE: Initializing Izhikevich model specifics for 18944 neurons...
[2026-07-10 05:58:26][INFO] SIM_BRIDGE: Applying parameter heterogeneity to neuron parameters...
[2026-07-10 05:58:26][INFO] SIM_BRIDGE: Applied heterogeneity to 4 parameters.
[2026-07-10 05:58:26][INFO] SIM_BRIDGE: Initializing OU process state (tau=15.0ms, sigma=0.0pA)...
[2026-07-10 05:58:26][INFO] SIM_BRIDGE: Generating 3D neuron positions for 18944 neurons...
[2026-07-10 05:58:26][INFO] SIM_BRIDGE: Generating connections (3D)...
[2026-07-10 05:58:26][INFO] SIM_BRIDGE: Simulation data initialized for 18944 neurons (3D). Synapses: 0. GPU memory: 22.7GB/51.2GB (44.2%)
[2026-07-10 05:58:26][INFO] SIM_BRIDGE: NumPy backend (CPU (NumPy backend), 47.7 GB RAM available)
[2026-07-10 05:58:26][INFO] SIM_BRIDGE: Initializing simulation data for model: IZHIKEVICH (3D)... (playback_init: False)
[2026-07-10 05:58:26][INFO] SIM_BRIDGE: RNG initialized with seed: 43
[2026-07-10 05:58:26][INFO] SIM_BRIDGE: Initializing Izhikevich model specifics for 18944 neurons...
[2026-07-10 05:58:26][INFO] SIM_BRIDGE: Applying parameter heterogeneity to neuron parameters...
[2026-07-10 05:58:26][INFO] SIM_BRIDGE: Applied heterogeneity to 4 parameters.
[2026-07-10 05:58:26][INFO] SIM_BRIDGE: Initializing OU process state (tau=15.0ms, sigma=0.0pA)...
[2026-07-10 05:58:26][INFO] SIM_BRIDGE: Generating 3D neuron positions for 18944 neurons...
[2026-07-10 05:58:26][INFO] SIM_BRIDGE: Generating connections (3D)...
[2026-07-10 05:58:26][INFO] SIM_BRIDGE: Simulation data initialized for 18944 neurons (3D). Synapses: 0. GPU memory: 22.7GB/51.2GB (44.2%)
[2026-07-10 05:58:31][INFO] SIM_BRIDGE: NumPy backend (CPU (NumPy backend), 47.7 GB RAM available)
[2026-07-10 05:58:31][INFO] SIM_BRIDGE: Initializing simulation data for model: IZHIKEVICH (3D)... (playback_init: False)
[2026-07-10 05:58:31][INFO] SIM_BRIDGE: RNG initialized with seed: 43
[2026-07-10 05:58:31][INFO] SIM_BRIDGE: Initializing Izhikevich model specifics for 19456 neurons...
[2026-07-10 05:58:31][INFO] SIM_BRIDGE: Applying parameter heterogeneity to neuron parameters...
[2026-07-10 05:58:31][INFO] SIM_BRIDGE: Applied heterogeneity to 4 parameters.
[2026-07-10 05:58:31][INFO] SIM_BRIDGE: Initializing OU process state (tau=15.0ms, sigma=0.0pA)...
[2026-07-10 05:58:31][INFO] SIM_BRIDGE: Generating 3D neuron positions for 19456 neurons...
[2026-07-10 05:58:31][INFO] SIM_BRIDGE: Generating connections (3D)...
[2026-07-10 05:58:31][INFO] SIM_BRIDGE: Simulation data initialized for 19456 neurons (3D). Synapses: 0. GPU memory: 22.7GB/51.2GB (44.4%)
[2026-07-10 05:58:31][INFO] SIM_BRIDGE: NumPy backend (CPU (NumPy backend), 47.7 GB RAM available)
[2026-07-10 05:58:31][INFO] SIM_BRIDGE: Initializing simulation data for model: IZHIKEVICH (3D)... (playback_init: False)
[2026-07-10 05:58:31][INFO] SIM_BRIDGE: RNG initialized with seed: 43
[2026-07-10 05:58:31][INFO] SIM_BRIDGE: Initializing Izhikevich model specifics for 19456 neurons...
[2026-07-10 05:58:31][INFO] SIM_BRIDGE: Applying parameter heterogeneity to neuron parameters...
[2026-07-10 05:58:31][INFO] SIM_BRIDGE: Applied heterogeneity to 4 parameters.
[2026-07-10 05:58:31][INFO] SIM_BRIDGE: Initializing OU process state (tau=15.0ms, sigma=0.0pA)...
[2026-07-10 05:58:31][INFO] SIM_BRIDGE: Generating 3D neuron positions for 19456 neurons...
[2026-07-10 05:58:31][INFO] SIM_BRIDGE: Generating connections (3D)...
[2026-07-10 05:58:31][INFO] SIM_BRIDGE: Simulation data initialized for 19456 neurons (3D). Synapses: 0. GPU memory: 22.7GB/51.2GB (44.4%)
[2026-07-10 05:58:35][INFO] SIM_BRIDGE: NumPy backend (CPU (NumPy backend), 47.7 GB RAM available)
[2026-07-10 05:58:35][INFO] SIM_BRIDGE: Initializing simulation data for model: IZHIKEVICH (3D)... (playback_init: False)
[2026-07-10 05:58:35][INFO] SIM_BRIDGE: RNG initialized with seed: 43
[2026-07-10 05:58:35][INFO] SIM_BRIDGE: Initializing Izhikevich model specifics for 19968 neurons...
[2026-07-10 05:58:35][INFO] SIM_BRIDGE: Applying parameter heterogeneity to neuron parameters...
[2026-07-10 05:58:35][INFO] SIM_BRIDGE: Applied heterogeneity to 4 parameters.
[2026-07-10 05:58:35][INFO] SIM_BRIDGE: Initializing OU process state (tau=15.0ms, sigma=0.0pA)...
[2026-07-10 05:58:35][INFO] SIM_BRIDGE: Generating 3D neuron positions for 19968 neurons...
[2026-07-10 05:58:35][INFO] SIM_BRIDGE: Generating connections (3D)...
[2026-07-10 05:58:35][INFO] SIM_BRIDGE: Simulation data initialized for 19968 neurons (3D). Synapses: 0. GPU memory: 22.8GB/51.2GB (44.5%)
[2026-07-10 05:58:36][INFO] SIM_BRIDGE: NumPy backend (CPU (NumPy backend), 47.7 GB RAM available)
[2026-07-10 05:58:36][INFO] SIM_BRIDGE: Initializing simulation data for model: IZHIKEVICH (3D)... (playback_init: False)
[2026-07-10 05:58:36][INFO] SIM_BRIDGE: RNG initialized with seed: 43
[2026-07-10 05:58:36][INFO] SIM_BRIDGE: Initializing Izhikevich model specifics for 19968 neurons...
[2026-07-10 05:58:36][INFO] SIM_BRIDGE: Applying parameter heterogeneity to neuron parameters...
[2026-07-10 05:58:36][INFO] SIM_BRIDGE: Applied heterogeneity to 4 parameters.
[2026-07-10 05:58:36][INFO] SIM_BRIDGE: Initializing OU process state (tau=15.0ms, sigma=0.0pA)...
[2026-07-10 05:58:36][INFO] SIM_BRIDGE: Generating 3D neuron positions for 19968 neurons...
[2026-07-10 05:58:36][INFO] SIM_BRIDGE: Generating connections (3D)...
[2026-07-10 05:58:36][INFO] SIM_BRIDGE: Simulation data initialized for 19968 neurons (3D). Synapses: 0. GPU memory: 22.8GB/51.2GB (44.5%)
[2026-07-10 05:58:39][INFO] SIM_BRIDGE: NumPy backend (CPU (NumPy backend), 47.7 GB RAM available)
[2026-07-10 05:58:39][INFO] SIM_BRIDGE: Initializing simulation data for model: IZHIKEVICH (3D)... (playback_init: False)
[2026-07-10 05:58:39][INFO] SIM_BRIDGE: RNG initialized with seed: 43
[2026-07-10 05:58:39][INFO] SIM_BRIDGE: Initializing Izhikevich model specifics for 20224 neurons...
[2026-07-10 05:58:39][INFO] SIM_BRIDGE: Applying parameter heterogeneity to neuron parameters...
[2026-07-10 05:58:39][INFO] SIM_BRIDGE: Applied heterogeneity to 4 parameters.
[2026-07-10 05:58:39][INFO] SIM_BRIDGE: Initializing OU process state (tau=15.0ms, sigma=0.0pA)...
[2026-07-10 05:58:39][INFO] SIM_BRIDGE: Generating 3D neuron positions for 20224 neurons...
[2026-07-10 05:58:39][INFO] SIM_BRIDGE: Generating connections (3D)...
[2026-07-10 05:58:39][INFO] SIM_BRIDGE: Simulation data initialized for 20224 neurons (3D). Synapses: 0. GPU memory: 22.9GB/51.2GB (44.6%)
[2026-07-10 05:58:39][INFO] SIM_BRIDGE: NumPy backend (CPU (NumPy backend), 47.7 GB RAM available)
[2026-07-10 05:58:39][INFO] SIM_BRIDGE: Initializing simulation data for model: IZHIKEVICH (3D)... (playback_init: False)
[2026-07-10 05:58:39][INFO] SIM_BRIDGE: RNG initialized with seed: 43
[2026-07-10 05:58:39][INFO] SIM_BRIDGE: Initializing Izhikevich model specifics for 20224 neurons...
[2026-07-10 05:58:39][INFO] SIM_BRIDGE: Applying parameter heterogeneity to neuron parameters...
[2026-07-10 05:58:39][INFO] SIM_BRIDGE: Applied heterogeneity to 4 parameters.
[2026-07-10 05:58:39][INFO] SIM_BRIDGE: Initializing OU process state (tau=15.0ms, sigma=0.0pA)...
[2026-07-10 05:58:39][INFO] SIM_BRIDGE: Generating 3D neuron positions for 20224 neurons...
[2026-07-10 05:58:39][INFO] SIM_BRIDGE: Generating connections (3D)...
[2026-07-10 05:58:39][INFO] SIM_BRIDGE: Simulation data initialized for 20224 neurons (3D). Synapses: 0. GPU memory: 22.9GB/51.2GB (44.6%)
[2026-07-10 05:58:42][INFO] SIM_BRIDGE: NumPy backend (CPU (NumPy backend), 47.7 GB RAM available)
[2026-07-10 05:58:42][INFO] SIM_BRIDGE: Initializing simulation data for model: IZHIKEVICH (3D)... (playback_init: False)
[2026-07-10 05:58:42][INFO] SIM_BRIDGE: RNG initialized with seed: 43
[2026-07-10 05:58:42][INFO] SIM_BRIDGE: Initializing Izhikevich model specifics for 20992 neurons...
[2026-07-10 05:58:42][INFO] SIM_BRIDGE: Applying parameter heterogeneity to neuron parameters...
[2026-07-10 05:58:42][INFO] SIM_BRIDGE: Applied heterogeneity to 4 parameters.
[2026-07-10 05:58:42][INFO] SIM_BRIDGE: Initializing OU process state (tau=15.0ms, sigma=0.0pA)...
[2026-07-10 05:58:42][INFO] SIM_BRIDGE: Generating 3D neuron positions for 20992 neurons...
[2026-07-10 05:58:42][INFO] SIM_BRIDGE: Generating connections (3D)...
[2026-07-10 05:58:42][INFO] SIM_BRIDGE: Simulation data initialized for 20992 neurons (3D). Synapses: 0. GPU memory: 22.9GB/51.2GB (44.6%)
[2026-07-10 05:58:42][INFO] SIM_BRIDGE: NumPy backend (CPU (NumPy backend), 47.7 GB RAM available)
[2026-07-10 05:58:42][INFO] SIM_BRIDGE: Initializing simulation data for model: IZHIKEVICH (3D)... (playback_init: False)
[2026-07-10 05:58:42][INFO] SIM_BRIDGE: RNG initialized with seed: 43
[2026-07-10 05:58:42][INFO] SIM_BRIDGE: Initializing Izhikevich model specifics for 20992 neurons...
[2026-07-10 05:58:42][INFO] SIM_BRIDGE: Applying parameter heterogeneity to neuron parameters...
[2026-07-10 05:58:42][INFO] SIM_BRIDGE: Applied heterogeneity to 4 parameters.
[2026-07-10 05:58:42][INFO] SIM_BRIDGE: Initializing OU process state (tau=15.0ms, sigma=0.0pA)...
[2026-07-10 05:58:42][INFO] SIM_BRIDGE: Generating 3D neuron positions for 20992 neurons...
[2026-07-10 05:58:42][INFO] SIM_BRIDGE: Generating connections (3D)...
[2026-07-10 05:58:42][INFO] SIM_BRIDGE: Simulation data initialized for 20992 neurons (3D). Synapses: 0. GPU memory: 22.9GB/51.2GB (44.6%)
[2026-07-10 05:58:47][INFO] SIM_BRIDGE: NumPy backend (CPU (NumPy backend), 47.7 GB RAM available)
[2026-07-10 05:58:47][INFO] SIM_BRIDGE: Initializing simulation data for model: IZHIKEVICH (3D)... (playback_init: False)
[2026-07-10 05:58:47][INFO] SIM_BRIDGE: RNG initialized with seed: 43
[2026-07-10 05:58:47][INFO] SIM_BRIDGE: Initializing Izhikevich model specifics for 21760 neurons...
[2026-07-10 05:58:47][INFO] SIM_BRIDGE: Applying parameter heterogeneity to neuron parameters...
[2026-07-10 05:58:47][INFO] SIM_BRIDGE: Applied heterogeneity to 4 parameters.
[2026-07-10 05:58:47][INFO] SIM_BRIDGE: Initializing OU process state (tau=15.0ms, sigma=0.0pA)...
[2026-07-10 05:58:47][INFO] SIM_BRIDGE: Generating 3D neuron positions for 21760 neurons...
[2026-07-10 05:58:47][INFO] SIM_BRIDGE: Generating connections (3D)...
[2026-07-10 05:58:47][INFO] SIM_BRIDGE: Simulation data initialized for 21760 neurons (3D). Synapses: 0. GPU memory: 22.9GB/51.2GB (44.7%)
[2026-07-10 05:58:47][INFO] SIM_BRIDGE: NumPy backend (CPU (NumPy backend), 47.7 GB RAM available)
[2026-07-10 05:58:47][INFO] SIM_BRIDGE: Initializing simulation data for model: IZHIKEVICH (3D)... (playback_init: False)
[2026-07-10 05:58:47][INFO] SIM_BRIDGE: RNG initialized with seed: 43
[2026-07-10 05:58:47][INFO] SIM_BRIDGE: Initializing Izhikevich model specifics for 21760 neurons...
[2026-07-10 05:58:47][INFO] SIM_BRIDGE: Applying parameter heterogeneity to neuron parameters...
[2026-07-10 05:58:47][INFO] SIM_BRIDGE: Applied heterogeneity to 4 parameters.
[2026-07-10 05:58:47][INFO] SIM_BRIDGE: Initializing OU process state (tau=15.0ms, sigma=0.0pA)...
[2026-07-10 05:58:47][INFO] SIM_BRIDGE: Generating 3D neuron positions for 21760 neurons...
[2026-07-10 05:58:47][INFO] SIM_BRIDGE: Generating connections (3D)...
[2026-07-10 05:58:47][INFO] SIM_BRIDGE: Simulation data initialized for 21760 neurons (3D). Synapses: 0. GPU memory: 22.9GB/51.2GB (44.7%)
[2026-07-10 05:58:51][INFO] SIM_BRIDGE: NumPy backend (CPU (NumPy backend), 47.7 GB RAM available)
[2026-07-10 05:58:51][INFO] SIM_BRIDGE: Initializing simulation data for model: IZHIKEVICH (3D)... (playback_init: False)
[2026-07-10 05:58:51][INFO] SIM_BRIDGE: RNG initialized with seed: 43
[2026-07-10 05:58:51][INFO] SIM_BRIDGE: Initializing Izhikevich model specifics for 22528 neurons...
[2026-07-10 05:58:51][INFO] SIM_BRIDGE: Applying parameter heterogeneity to neuron parameters...
[2026-07-10 05:58:51][INFO] SIM_BRIDGE: Applied heterogeneity to 4 parameters.
[2026-07-10 05:58:51][INFO] SIM_BRIDGE: Initializing OU process state (tau=15.0ms, sigma=0.0pA)...
[2026-07-10 05:58:51][INFO] SIM_BRIDGE: Generating 3D neuron positions for 22528 neurons...
[2026-07-10 05:58:51][INFO] SIM_BRIDGE: Generating connections (3D)...
[2026-07-10 05:58:51][INFO] SIM_BRIDGE: Simulation data initialized for 22528 neurons (3D). Synapses: 0. GPU memory: 23.1GB/51.2GB (45.0%)
[2026-07-10 05:58:51][INFO] SIM_BRIDGE: NumPy backend (CPU (NumPy backend), 47.7 GB RAM available)
[2026-07-10 05:58:51][INFO] SIM_BRIDGE: Initializing simulation data for model: IZHIKEVICH (3D)... (playback_init: False)
[2026-07-10 05:58:51][INFO] SIM_BRIDGE: RNG initialized with seed: 43
[2026-07-10 05:58:51][INFO] SIM_BRIDGE: Initializing Izhikevich model specifics for 22528 neurons...
[2026-07-10 05:58:51][INFO] SIM_BRIDGE: Applying parameter heterogeneity to neuron parameters...
[2026-07-10 05:58:51][INFO] SIM_BRIDGE: Applied heterogeneity to 4 parameters.
[2026-07-10 05:58:51][INFO] SIM_BRIDGE: Initializing OU process state (tau=15.0ms, sigma=0.0pA)...
[2026-07-10 05:58:51][INFO] SIM_BRIDGE: Generating 3D neuron positions for 22528 neurons...
[2026-07-10 05:58:51][INFO] SIM_BRIDGE: Generating connections (3D)...
[2026-07-10 05:58:51][INFO] SIM_BRIDGE: Simulation data initialized for 22528 neurons (3D). Synapses: 0. GPU memory: 23.2GB/51.2GB (45.3%)
[2026-07-10 05:58:55][INFO] SIM_BRIDGE: NumPy backend (CPU (NumPy backend), 47.7 GB RAM available)
[2026-07-10 05:58:55][INFO] SIM_BRIDGE: Initializing simulation data for model: IZHIKEVICH (3D)... (playback_init: False)
[2026-07-10 05:58:55][INFO] SIM_BRIDGE: RNG initialized with seed: 43
[2026-07-10 05:58:55][INFO] SIM_BRIDGE: Initializing Izhikevich model specifics for 22784 neurons...
[2026-07-10 05:58:55][INFO] SIM_BRIDGE: Applying parameter heterogeneity to neuron parameters...
[2026-07-10 05:58:55][INFO] SIM_BRIDGE: Applied heterogeneity to 4 parameters.
[2026-07-10 05:58:55][INFO] SIM_BRIDGE: Initializing OU process state (tau=15.0ms, sigma=0.0pA)...
[2026-07-10 05:58:55][INFO] SIM_BRIDGE: Generating 3D neuron positions for 22784 neurons...
[2026-07-10 05:58:55][INFO] SIM_BRIDGE: Generating connections (3D)...
[2026-07-10 05:58:55][INFO] SIM_BRIDGE: Simulation data initialized for 22784 neurons (3D). Synapses: 0. GPU memory: 23.5GB/51.2GB (45.9%)
[2026-07-10 05:58:55][INFO] SIM_BRIDGE: NumPy backend (CPU (NumPy backend), 47.7 GB RAM available)
[2026-07-10 05:58:55][INFO] SIM_BRIDGE: Initializing simulation data for model: IZHIKEVICH (3D)... (playback_init: False)
[2026-07-10 05:58:55][INFO] SIM_BRIDGE: RNG initialized with seed: 43
[2026-07-10 05:58:55][INFO] SIM_BRIDGE: Initializing Izhikevich model specifics for 22784 neurons...
[2026-07-10 05:58:55][INFO] SIM_BRIDGE: Applying parameter heterogeneity to neuron parameters...
[2026-07-10 05:58:55][INFO] SIM_BRIDGE: Applied heterogeneity to 4 parameters.
[2026-07-10 05:58:55][INFO] SIM_BRIDGE: Initializing OU process state (tau=15.0ms, sigma=0.0pA)...
[2026-07-10 05:58:55][INFO] SIM_BRIDGE: Generating 3D neuron positions for 22784 neurons...
[2026-07-10 05:58:55][INFO] SIM_BRIDGE: Generating connections (3D)...
[2026-07-10 05:58:55][INFO] SIM_BRIDGE: Simulation data initialized for 22784 neurons (3D). Synapses: 0. GPU memory: 23.5GB/51.2GB (45.9%)
[2026-07-10 05:58:59][INFO] SIM_BRIDGE: NumPy backend (CPU (NumPy backend), 47.7 GB RAM available)
[2026-07-10 05:58:59][INFO] SIM_BRIDGE: Initializing simulation data for model: IZHIKEVICH (3D)... (playback_init: False)
[2026-07-10 05:58:59][INFO] SIM_BRIDGE: RNG initialized with seed: 43
[2026-07-10 05:58:59][INFO] SIM_BRIDGE: Initializing Izhikevich model specifics for 23552 neurons...
[2026-07-10 05:58:59][INFO] SIM_BRIDGE: Applying parameter heterogeneity to neuron parameters...
[2026-07-10 05:58:59][INFO] SIM_BRIDGE: Applied heterogeneity to 4 parameters.
[2026-07-10 05:58:59][INFO] SIM_BRIDGE: Initializing OU process state (tau=15.0ms, sigma=0.0pA)...
[2026-07-10 05:58:59][INFO] SIM_BRIDGE: Generating 3D neuron positions for 23552 neurons...
[2026-07-10 05:58:59][INFO] SIM_BRIDGE: Generating connections (3D)...
[2026-07-10 05:58:59][INFO] SIM_BRIDGE: Simulation data initialized for 23552 neurons (3D). Synapses: 0. GPU memory: 22.8GB/51.2GB (44.4%)
[2026-07-10 05:59:00][INFO] SIM_BRIDGE: NumPy backend (CPU (NumPy backend), 47.7 GB RAM available)
[2026-07-10 05:59:00][INFO] SIM_BRIDGE: Initializing simulation data for model: IZHIKEVICH (3D)... (playback_init: False)
[2026-07-10 05:59:00][INFO] SIM_BRIDGE: RNG initialized with seed: 43
[2026-07-10 05:59:00][INFO] SIM_BRIDGE: Initializing Izhikevich model specifics for 23552 neurons...
[2026-07-10 05:59:00][INFO] SIM_BRIDGE: Applying parameter heterogeneity to neuron parameters...
[2026-07-10 05:59:00][INFO] SIM_BRIDGE: Applied heterogeneity to 4 parameters.
[2026-07-10 05:59:00][INFO] SIM_BRIDGE: Initializing OU process state (tau=15.0ms, sigma=0.0pA)...
[2026-07-10 05:59:00][INFO] SIM_BRIDGE: Generating 3D neuron positions for 23552 neurons...
[2026-07-10 05:59:00][INFO] SIM_BRIDGE: Generating connections (3D)...
[2026-07-10 05:59:00][INFO] SIM_BRIDGE: Simulation data initialized for 23552 neurons (3D). Synapses: 0. GPU memory: 22.8GB/51.2GB (44.4%)
[2026-07-10 05:59:02][INFO] SIM_BRIDGE: NumPy backend (CPU (NumPy backend), 47.7 GB RAM available)
[2026-07-10 05:59:02][INFO] SIM_BRIDGE: Initializing simulation data for model: IZHIKEVICH (3D)... (playback_init: False)
[2026-07-10 05:59:02][INFO] SIM_BRIDGE: RNG initialized with seed: 43
[2026-07-10 05:59:02][INFO] SIM_BRIDGE: Initializing Izhikevich model specifics for 24064 neurons...
[2026-07-10 05:59:02][INFO] SIM_BRIDGE: Applying parameter heterogeneity to neuron parameters...
[2026-07-10 05:59:02][INFO] SIM_BRIDGE: Applied heterogeneity to 4 parameters.
[2026-07-10 05:59:02][INFO] SIM_BRIDGE: Initializing OU process state (tau=15.0ms, sigma=0.0pA)...
[2026-07-10 05:59:02][INFO] SIM_BRIDGE: Generating 3D neuron positions for 24064 neurons...
[2026-07-10 05:59:02][INFO] SIM_BRIDGE: Generating connections (3D)...
[2026-07-10 05:59:02][INFO] SIM_BRIDGE: Simulation data initialized for 24064 neurons (3D). Synapses: 0. GPU memory: 22.1GB/51.2GB (43.2%)
[2026-07-10 05:59:02][INFO] SIM_BRIDGE: NumPy backend (CPU (NumPy backend), 47.7 GB RAM available)
[2026-07-10 05:59:02][INFO] SIM_BRIDGE: Initializing simulation data for model: IZHIKEVICH (3D)... (playback_init: False)
[2026-07-10 05:59:02][INFO] SIM_BRIDGE: RNG initialized with seed: 43
[2026-07-10 05:59:02][INFO] SIM_BRIDGE: Initializing Izhikevich model specifics for 24064 neurons...
[2026-07-10 05:59:02][INFO] SIM_BRIDGE: Applying parameter heterogeneity to neuron parameters...
[2026-07-10 05:59:02][INFO] SIM_BRIDGE: Applied heterogeneity to 4 parameters.
[2026-07-10 05:59:02][INFO] SIM_BRIDGE: Initializing OU process state (tau=15.0ms, sigma=0.0pA)...
[2026-07-10 05:59:02][INFO] SIM_BRIDGE: Generating 3D neuron positions for 24064 neurons...
[2026-07-10 05:59:02][INFO] SIM_BRIDGE: Generating connections (3D)...
[2026-07-10 05:59:02][INFO] SIM_BRIDGE: Simulation data initialized for 24064 neurons (3D). Synapses: 0. GPU memory: 22.1GB/51.2GB (43.1%)
  [seed 43] CAPSTONE-QA=1.0 || emission-severed register=0.275 | FLAT-FACT=0.425 | RECENCY=0.125

  AGGREGATE: CAPSTONE-QA=1.000 | emission-severed register=0.275 | FLAT-FACT=0.425 | RECENCY=0.125
  VERDICT: GO -- the DEPLOYED MultiTurnAgent answers what-does-HE-eat (1.00) over a running event whose transition delta was learned from agent-emission prediction ALONE (NO (agent,patient) state label anywhere) and whose slot is named by a read-out fitted only on INTRODUCE clauses (observable), maintained ON SPIKES (FS-WTA one-of-K attractor); an EMISSION-SEVERED register COLLAPSES through the identical deployment (0.28) so the answer rides a LEARNED delta, and FLAT-FACT (0.42) + RECENCY (0.12) both FAIL -> EMERGENT + SPIKING + DEPLOYED + QA, end-to-end: the brain answers a question about the running discourse from a composed meaning it was never taught to represent. NO sim/ edit.
