[D3 SELF-SUP EVENT PAIR -> LIVE MultiTurnAgent] the deployed brain answers 'who was doing it BEFORE?' from a pair whose delta was NEVER given a state label
[2026-07-10 07:07:23][INFO] SIM_BRIDGE: NumPy backend (CPU (NumPy backend), 47.7 GB RAM available)
[2026-07-10 07:07:23][INFO] SIM_BRIDGE: Initializing simulation data for model: IZHIKEVICH (3D)... (playback_init: False)
[2026-07-10 07:07:23][INFO] SIM_BRIDGE: RNG initialized with seed: 44
[2026-07-10 07:07:23][INFO] SIM_BRIDGE: Initializing Izhikevich model specifics for 126 neurons...
[2026-07-10 07:07:23][INFO] SIM_BRIDGE: Applying parameter heterogeneity to neuron parameters...
[2026-07-10 07:07:23][INFO] SIM_BRIDGE: Applied heterogeneity to 4 parameters.
[2026-07-10 07:07:23][INFO] SIM_BRIDGE: Initializing OU process state (tau=15.0ms, sigma=20.0pA)...
[2026-07-10 07:07:23][INFO] SIM_BRIDGE: Generating 3D neuron positions for 126 neurons...
[2026-07-10 07:07:23][INFO] SIM_BRIDGE: Generating connections (3D)...
[2026-07-10 07:07:23][INFO] SIM_BRIDGE: Simulation data initialized for 126 neurons (3D). Synapses: 0. GPU memory: 22.3GB/51.2GB (43.4%)
[2026-07-10 07:07:23][INFO] SIM_BRIDGE: inject_explicit_wiring: installed 720 synapses across 1 populations.
[2026-07-10 07:07:28][INFO] SIM_BRIDGE: NumPy backend (CPU (NumPy backend), 47.7 GB RAM available)
[2026-07-10 07:07:28][INFO] SIM_BRIDGE: Initializing simulation data for model: IZHIKEVICH (3D)... (playback_init: False)
[2026-07-10 07:07:28][INFO] SIM_BRIDGE: RNG initialized with seed: 44
[2026-07-10 07:07:28][INFO] SIM_BRIDGE: Initializing Izhikevich model specifics for 224 neurons...
[2026-07-10 07:07:28][INFO] SIM_BRIDGE: Applying parameter heterogeneity to neuron parameters...
[2026-07-10 07:07:28][INFO] SIM_BRIDGE: Applied heterogeneity to 4 parameters.
[2026-07-10 07:07:28][INFO] SIM_BRIDGE: Initializing OU process state (tau=15.0ms, sigma=20.0pA)...
[2026-07-10 07:07:28][INFO] SIM_BRIDGE: Generating 3D neuron positions for 224 neurons...
[2026-07-10 07:07:28][INFO] SIM_BRIDGE: Generating connections (3D)...
[2026-07-10 07:07:28][INFO] SIM_BRIDGE: Simulation data initialized for 224 neurons (3D). Synapses: 0. GPU memory: 22.3GB/51.2GB (43.6%)
[2026-07-10 07:07:28][INFO] SIM_BRIDGE: inject_explicit_wiring: installed 4800 synapses across 1 populations.
[2026-07-10 07:07:35][INFO] SIM_BRIDGE: NumPy backend (CPU (NumPy backend), 47.7 GB RAM available)
[2026-07-10 07:07:35][INFO] SIM_BRIDGE: Initializing simulation data for model: IZHIKEVICH (3D)... (playback_init: False)
[2026-07-10 07:07:35][INFO] SIM_BRIDGE: Brain-region framework: 2 regions, 1200 total neurons, 2 pathways.
[2026-07-10 07:07:35][INFO] SIM_BRIDGE: RNG initialized with seed: 44
[2026-07-10 07:07:35][INFO] SIM_BRIDGE: NMDA per-region mask: 2 regions enabled (1200 neurons)
[2026-07-10 07:07:35][INFO] SIM_BRIDGE: Initializing Izhikevich model specifics for 1200 neurons...
[2026-07-10 07:07:35][INFO] SIM_BRIDGE: Region 'cortex_ctx' (600 neurons): using Izh type IZH2007_HIPPO_PYRAMIDAL
[2026-07-10 07:07:35][INFO] SIM_BRIDGE: Region 'dlpfc_wm' (600 neurons): using Izh type IZH2007_HIPPO_PYRAMIDAL
[2026-07-10 07:07:35][INFO] SIM_BRIDGE: Applying parameter heterogeneity to neuron parameters...
[2026-07-10 07:07:35][INFO] SIM_BRIDGE: Applied heterogeneity to 4 parameters.
[2026-07-10 07:07:35][INFO] SIM_BRIDGE: Generating 3D neuron positions for 1200 neurons...
[2026-07-10 07:07:35][INFO] SIM_BRIDGE: Generating connections (brain-region framework)...
[2026-07-10 07:07:36][INFO] SIM_BRIDGE: inject_explicit_wiring: installed 107422 synapses across 4 populations.
[2026-07-10 07:07:36][INFO] SIM_BRIDGE: Initializing eligibility traces for 107422 synapses (capacity: 161133, dtype: float32)...
[2026-07-10 07:07:36][INFO] SIM_BRIDGE: Initializing STDP state for 1200 neurons...
[2026-07-10 07:07:36][INFO] SIM_BRIDGE: Simulation data initialized for 1200 neurons (3D). Synapses: 107422. GPU memory: 22.4GB/51.2GB (43.8%)
[2026-07-10 07:07:36][INFO] SIM_BRIDGE: NumPy backend (CPU (NumPy backend), 47.7 GB RAM available)
[2026-07-10 07:07:36][INFO] SIM_BRIDGE: Initializing simulation data for model: IZHIKEVICH (3D)... (playback_init: False)
[2026-07-10 07:07:36][INFO] SIM_BRIDGE: Brain-region framework: 14 regions, 1380 total neurons, 38 pathways.
[2026-07-10 07:07:36][INFO] SIM_BRIDGE: RNG initialized with seed: 44
[2026-07-10 07:07:36][INFO] SIM_BRIDGE: NMDA per-region mask: 8 regions enabled (1320 neurons)
[2026-07-10 07:07:36][INFO] SIM_BRIDGE: Initializing Izhikevich model specifics for 1380 neurons...
[2026-07-10 07:07:36][INFO] SIM_BRIDGE: Region 'cortex_ctx' (600 neurons): using Izh type IZH2007_HIPPO_PYRAMIDAL
[2026-07-10 07:07:36][INFO] SIM_BRIDGE: Region 'dlpfc_wm' (600 neurons): using Izh type IZH2007_HIPPO_PYRAMIDAL
[2026-07-10 07:07:36][INFO] SIM_BRIDGE: Region 'sel_dog' (20 neurons): using Izh type IZH2007_RS_CORTICAL_PYRAMIDAL
[2026-07-10 07:07:36][INFO] SIM_BRIDGE: Region 'sel_FS_dog' (10 neurons): using Izh type IZH2007_FS_CORTICAL_INTERNEURON
[2026-07-10 07:07:36][INFO] SIM_BRIDGE: Region 'sel_cat' (20 neurons): using Izh type IZH2007_RS_CORTICAL_PYRAMIDAL
[2026-07-10 07:07:36][INFO] SIM_BRIDGE: Region 'sel_FS_cat' (10 neurons): using Izh type IZH2007_FS_CORTICAL_INTERNEURON
[2026-07-10 07:07:36][INFO] SIM_BRIDGE: Region 'sel_fish' (20 neurons): using Izh type IZH2007_RS_CORTICAL_PYRAMIDAL
[2026-07-10 07:07:36][INFO] SIM_BRIDGE: Region 'sel_FS_fish' (10 neurons): using Izh type IZH2007_FS_CORTICAL_INTERNEURON
[2026-07-10 07:07:36][INFO] SIM_BRIDGE: Region 'sel_bird' (20 neurons): using Izh type IZH2007_RS_CORTICAL_PYRAMIDAL
[2026-07-10 07:07:36][INFO] SIM_BRIDGE: Region 'sel_FS_bird' (10 neurons): using Izh type IZH2007_FS_CORTICAL_INTERNEURON
[2026-07-10 07:07:36][INFO] SIM_BRIDGE: Region 'sel_worm' (20 neurons): using Izh type IZH2007_RS_CORTICAL_PYRAMIDAL
[2026-07-10 07:07:36][INFO] SIM_BRIDGE: Region 'sel_FS_worm' (10 neurons): using Izh type IZH2007_FS_CORTICAL_INTERNEURON
[2026-07-10 07:07:36][INFO] SIM_BRIDGE: Region 'sel_ball' (20 neurons): using Izh type IZH2007_RS_CORTICAL_PYRAMIDAL
[2026-07-10 07:07:36][INFO] SIM_BRIDGE: Region 'sel_FS_ball' (10 neurons): using Izh type IZH2007_FS_CORTICAL_INTERNEURON
[2026-07-10 07:07:36][INFO] SIM_BRIDGE: Applying parameter heterogeneity to neuron parameters...
[2026-07-10 07:07:36][INFO] SIM_BRIDGE: Applied heterogeneity to 4 parameters.
[2026-07-10 07:07:36][INFO] SIM_BRIDGE: Generating 3D neuron positions for 1380 neurons...
[2026-07-10 07:07:36][INFO] SIM_BRIDGE: Generating connections (brain-region framework)...
[2026-07-10 07:07:36][INFO] SIM_BRIDGE: inject_explicit_wiring: installed 44155 synapses across 44 populations.
[2026-07-10 07:07:36][INFO] SIM_BRIDGE: Initializing eligibility traces for 44155 synapses (capacity: 66232, dtype: float32)...
[2026-07-10 07:07:36][INFO] SIM_BRIDGE: Initializing STDP state for 1380 neurons...
[2026-07-10 07:07:36][INFO] SIM_BRIDGE: Simulation data initialized for 1380 neurons (3D). Synapses: 44155. GPU memory: 22.5GB/51.2GB (43.8%)
[2026-07-10 07:07:45][INFO] SIM_BRIDGE: NumPy backend (CPU (NumPy backend), 47.7 GB RAM available)
[2026-07-10 07:07:45][INFO] SIM_BRIDGE: Initializing simulation data for model: IZHIKEVICH (3D)... (playback_init: False)
[2026-07-10 07:07:45][INFO] SIM_BRIDGE: RNG initialized with seed: 44
[2026-07-10 07:07:45][INFO] SIM_BRIDGE: Initializing Izhikevich model specifics for 126 neurons...
[2026-07-10 07:07:45][INFO] SIM_BRIDGE: Applying parameter heterogeneity to neuron parameters...
[2026-07-10 07:07:45][INFO] SIM_BRIDGE: Applied heterogeneity to 4 parameters.
[2026-07-10 07:07:45][INFO] SIM_BRIDGE: Initializing OU process state (tau=15.0ms, sigma=20.0pA)...
[2026-07-10 07:07:45][INFO] SIM_BRIDGE: Generating 3D neuron positions for 126 neurons...
[2026-07-10 07:07:45][INFO] SIM_BRIDGE: Generating connections (3D)...
[2026-07-10 07:07:45][INFO] SIM_BRIDGE: Simulation data initialized for 126 neurons (3D). Synapses: 0. GPU memory: 22.4GB/51.2GB (43.8%)
[2026-07-10 07:07:45][INFO] SIM_BRIDGE: inject_explicit_wiring: installed 720 synapses across 1 populations.
[2026-07-10 07:07:49][INFO] SIM_BRIDGE: NumPy backend (CPU (NumPy backend), 47.7 GB RAM available)
[2026-07-10 07:07:49][INFO] SIM_BRIDGE: Initializing simulation data for model: IZHIKEVICH (3D)... (playback_init: False)
[2026-07-10 07:07:49][INFO] SIM_BRIDGE: RNG initialized with seed: 44
[2026-07-10 07:07:49][INFO] SIM_BRIDGE: Initializing Izhikevich model specifics for 224 neurons...
[2026-07-10 07:07:49][INFO] SIM_BRIDGE: Applying parameter heterogeneity to neuron parameters...
[2026-07-10 07:07:49][INFO] SIM_BRIDGE: Applied heterogeneity to 4 parameters.
[2026-07-10 07:07:49][INFO] SIM_BRIDGE: Initializing OU process state (tau=15.0ms, sigma=20.0pA)...
[2026-07-10 07:07:49][INFO] SIM_BRIDGE: Generating 3D neuron positions for 224 neurons...
[2026-07-10 07:07:49][INFO] SIM_BRIDGE: Generating connections (3D)...
[2026-07-10 07:07:49][INFO] SIM_BRIDGE: Simulation data initialized for 224 neurons (3D). Synapses: 0. GPU memory: 22.5GB/51.2GB (43.9%)
[2026-07-10 07:07:49][INFO] SIM_BRIDGE: inject_explicit_wiring: installed 4800 synapses across 1 populations.
[2026-07-10 07:07:57][INFO] SIM_BRIDGE: NumPy backend (CPU (NumPy backend), 47.7 GB RAM available)
[2026-07-10 07:07:57][INFO] SIM_BRIDGE: Initializing simulation data for model: IZHIKEVICH (3D)... (playback_init: False)
[2026-07-10 07:07:57][INFO] SIM_BRIDGE: Brain-region framework: 2 regions, 1200 total neurons, 2 pathways.
[2026-07-10 07:07:57][INFO] SIM_BRIDGE: RNG initialized with seed: 44
[2026-07-10 07:07:57][INFO] SIM_BRIDGE: NMDA per-region mask: 2 regions enabled (1200 neurons)
[2026-07-10 07:07:57][INFO] SIM_BRIDGE: Initializing Izhikevich model specifics for 1200 neurons...
[2026-07-10 07:07:57][INFO] SIM_BRIDGE: Region 'cortex_ctx' (600 neurons): using Izh type IZH2007_HIPPO_PYRAMIDAL
[2026-07-10 07:07:57][INFO] SIM_BRIDGE: Region 'dlpfc_wm' (600 neurons): using Izh type IZH2007_HIPPO_PYRAMIDAL
[2026-07-10 07:07:57][INFO] SIM_BRIDGE: Applying parameter heterogeneity to neuron parameters...
[2026-07-10 07:07:57][INFO] SIM_BRIDGE: Applied heterogeneity to 4 parameters.
[2026-07-10 07:07:57][INFO] SIM_BRIDGE: Generating 3D neuron positions for 1200 neurons...
[2026-07-10 07:07:57][INFO] SIM_BRIDGE: Generating connections (brain-region framework)...
[2026-07-10 07:07:57][INFO] SIM_BRIDGE: inject_explicit_wiring: installed 107422 synapses across 4 populations.
[2026-07-10 07:07:57][INFO] SIM_BRIDGE: Initializing eligibility traces for 107422 synapses (capacity: 161133, dtype: float32)...
[2026-07-10 07:07:57][INFO] SIM_BRIDGE: Initializing STDP state for 1200 neurons...
[2026-07-10 07:07:57][INFO] SIM_BRIDGE: Simulation data initialized for 1200 neurons (3D). Synapses: 107422. GPU memory: 22.5GB/51.2GB (44.0%)
[2026-07-10 07:07:57][INFO] SIM_BRIDGE: NumPy backend (CPU (NumPy backend), 47.7 GB RAM available)
[2026-07-10 07:07:57][INFO] SIM_BRIDGE: Initializing simulation data for model: IZHIKEVICH (3D)... (playback_init: False)
[2026-07-10 07:07:57][INFO] SIM_BRIDGE: Brain-region framework: 14 regions, 1380 total neurons, 38 pathways.
[2026-07-10 07:07:57][INFO] SIM_BRIDGE: RNG initialized with seed: 44
[2026-07-10 07:07:57][INFO] SIM_BRIDGE: NMDA per-region mask: 8 regions enabled (1320 neurons)
[2026-07-10 07:07:57][INFO] SIM_BRIDGE: Initializing Izhikevich model specifics for 1380 neurons...
[2026-07-10 07:07:57][INFO] SIM_BRIDGE: Region 'cortex_ctx' (600 neurons): using Izh type IZH2007_HIPPO_PYRAMIDAL
[2026-07-10 07:07:57][INFO] SIM_BRIDGE: Region 'dlpfc_wm' (600 neurons): using Izh type IZH2007_HIPPO_PYRAMIDAL
[2026-07-10 07:07:57][INFO] SIM_BRIDGE: Region 'sel_dog' (20 neurons): using Izh type IZH2007_RS_CORTICAL_PYRAMIDAL
[2026-07-10 07:07:57][INFO] SIM_BRIDGE: Region 'sel_FS_dog' (10 neurons): using Izh type IZH2007_FS_CORTICAL_INTERNEURON
[2026-07-10 07:07:57][INFO] SIM_BRIDGE: Region 'sel_cat' (20 neurons): using Izh type IZH2007_RS_CORTICAL_PYRAMIDAL
[2026-07-10 07:07:57][INFO] SIM_BRIDGE: Region 'sel_FS_cat' (10 neurons): using Izh type IZH2007_FS_CORTICAL_INTERNEURON
[2026-07-10 07:07:57][INFO] SIM_BRIDGE: Region 'sel_fish' (20 neurons): using Izh type IZH2007_RS_CORTICAL_PYRAMIDAL
[2026-07-10 07:07:57][INFO] SIM_BRIDGE: Region 'sel_FS_fish' (10 neurons): using Izh type IZH2007_FS_CORTICAL_INTERNEURON
[2026-07-10 07:07:57][INFO] SIM_BRIDGE: Region 'sel_bird' (20 neurons): using Izh type IZH2007_RS_CORTICAL_PYRAMIDAL
[2026-07-10 07:07:57][INFO] SIM_BRIDGE: Region 'sel_FS_bird' (10 neurons): using Izh type IZH2007_FS_CORTICAL_INTERNEURON
[2026-07-10 07:07:57][INFO] SIM_BRIDGE: Region 'sel_worm' (20 neurons): using Izh type IZH2007_RS_CORTICAL_PYRAMIDAL
[2026-07-10 07:07:57][INFO] SIM_BRIDGE: Region 'sel_FS_worm' (10 neurons): using Izh type IZH2007_FS_CORTICAL_INTERNEURON
[2026-07-10 07:07:57][INFO] SIM_BRIDGE: Region 'sel_ball' (20 neurons): using Izh type IZH2007_RS_CORTICAL_PYRAMIDAL
[2026-07-10 07:07:57][INFO] SIM_BRIDGE: Region 'sel_FS_ball' (10 neurons): using Izh type IZH2007_FS_CORTICAL_INTERNEURON
[2026-07-10 07:07:57][INFO] SIM_BRIDGE: Applying parameter heterogeneity to neuron parameters...
[2026-07-10 07:07:57][INFO] SIM_BRIDGE: Applied heterogeneity to 4 parameters.
[2026-07-10 07:07:57][INFO] SIM_BRIDGE: Generating 3D neuron positions for 1380 neurons...
[2026-07-10 07:07:57][INFO] SIM_BRIDGE: Generating connections (brain-region framework)...
[2026-07-10 07:07:58][INFO] SIM_BRIDGE: inject_explicit_wiring: installed 44155 synapses across 44 populations.
[2026-07-10 07:07:58][INFO] SIM_BRIDGE: Initializing eligibility traces for 44155 synapses (capacity: 66232, dtype: float32)...
[2026-07-10 07:07:58][INFO] SIM_BRIDGE: Initializing STDP state for 1380 neurons...
[2026-07-10 07:07:58][INFO] SIM_BRIDGE: Simulation data initialized for 1380 neurons (3D). Synapses: 44155. GPU memory: 22.6GB/51.2GB (44.1%)
[2026-07-10 07:08:06][INFO] SIM_BRIDGE: NumPy backend (CPU (NumPy backend), 47.7 GB RAM available)
[2026-07-10 07:08:06][INFO] SIM_BRIDGE: Initializing simulation data for model: IZHIKEVICH (3D)... (playback_init: False)
[2026-07-10 07:08:06][INFO] SIM_BRIDGE: RNG initialized with seed: 44
[2026-07-10 07:08:06][INFO] SIM_BRIDGE: Initializing Izhikevich model specifics for 126 neurons...
[2026-07-10 07:08:06][INFO] SIM_BRIDGE: Applying parameter heterogeneity to neuron parameters...
[2026-07-10 07:08:06][INFO] SIM_BRIDGE: Applied heterogeneity to 4 parameters.
[2026-07-10 07:08:06][INFO] SIM_BRIDGE: Initializing OU process state (tau=15.0ms, sigma=20.0pA)...
[2026-07-10 07:08:06][INFO] SIM_BRIDGE: Generating 3D neuron positions for 126 neurons...
[2026-07-10 07:08:06][INFO] SIM_BRIDGE: Generating connections (3D)...
[2026-07-10 07:08:06][INFO] SIM_BRIDGE: Simulation data initialized for 126 neurons (3D). Synapses: 0. GPU memory: 22.5GB/51.2GB (43.8%)
[2026-07-10 07:08:06][INFO] SIM_BRIDGE: inject_explicit_wiring: installed 720 synapses across 1 populations.
[2026-07-10 07:08:10][INFO] SIM_BRIDGE: NumPy backend (CPU (NumPy backend), 47.7 GB RAM available)
[2026-07-10 07:08:10][INFO] SIM_BRIDGE: Initializing simulation data for model: IZHIKEVICH (3D)... (playback_init: False)
[2026-07-10 07:08:10][INFO] SIM_BRIDGE: RNG initialized with seed: 44
[2026-07-10 07:08:10][INFO] SIM_BRIDGE: Initializing Izhikevich model specifics for 224 neurons...
[2026-07-10 07:08:10][INFO] SIM_BRIDGE: Applying parameter heterogeneity to neuron parameters...
[2026-07-10 07:08:10][INFO] SIM_BRIDGE: Applied heterogeneity to 4 parameters.
[2026-07-10 07:08:10][INFO] SIM_BRIDGE: Initializing OU process state (tau=15.0ms, sigma=20.0pA)...
[2026-07-10 07:08:10][INFO] SIM_BRIDGE: Generating 3D neuron positions for 224 neurons...
[2026-07-10 07:08:10][INFO] SIM_BRIDGE: Generating connections (3D)...
[2026-07-10 07:08:10][INFO] SIM_BRIDGE: Simulation data initialized for 224 neurons (3D). Synapses: 0. GPU memory: 22.5GB/51.2GB (43.9%)
[2026-07-10 07:08:10][INFO] SIM_BRIDGE: inject_explicit_wiring: installed 4800 synapses across 1 populations.
[2026-07-10 07:08:17][INFO] SIM_BRIDGE: NumPy backend (CPU (NumPy backend), 47.7 GB RAM available)
[2026-07-10 07:08:17][INFO] SIM_BRIDGE: Initializing simulation data for model: IZHIKEVICH (3D)... (playback_init: False)
[2026-07-10 07:08:17][INFO] SIM_BRIDGE: Brain-region framework: 2 regions, 1200 total neurons, 2 pathways.
[2026-07-10 07:08:17][INFO] SIM_BRIDGE: RNG initialized with seed: 44
[2026-07-10 07:08:17][INFO] SIM_BRIDGE: NMDA per-region mask: 2 regions enabled (1200 neurons)
[2026-07-10 07:08:17][INFO] SIM_BRIDGE: Initializing Izhikevich model specifics for 1200 neurons...
[2026-07-10 07:08:17][INFO] SIM_BRIDGE: Region 'cortex_ctx' (600 neurons): using Izh type IZH2007_HIPPO_PYRAMIDAL
[2026-07-10 07:08:17][INFO] SIM_BRIDGE: Region 'dlpfc_wm' (600 neurons): using Izh type IZH2007_HIPPO_PYRAMIDAL
[2026-07-10 07:08:17][INFO] SIM_BRIDGE: Applying parameter heterogeneity to neuron parameters...
[2026-07-10 07:08:17][INFO] SIM_BRIDGE: Applied heterogeneity to 4 parameters.
[2026-07-10 07:08:17][INFO] SIM_BRIDGE: Generating 3D neuron positions for 1200 neurons...
[2026-07-10 07:08:17][INFO] SIM_BRIDGE: Generating connections (brain-region framework)...
[2026-07-10 07:08:17][INFO] SIM_BRIDGE: inject_explicit_wiring: installed 107422 synapses across 4 populations.
[2026-07-10 07:08:17][INFO] SIM_BRIDGE: Initializing eligibility traces for 107422 synapses (capacity: 161133, dtype: float32)...
[2026-07-10 07:08:17][INFO] SIM_BRIDGE: Initializing STDP state for 1200 neurons...
[2026-07-10 07:08:17][INFO] SIM_BRIDGE: Simulation data initialized for 1200 neurons (3D). Synapses: 107422. GPU memory: 22.6GB/51.2GB (44.1%)
[2026-07-10 07:08:18][INFO] SIM_BRIDGE: NumPy backend (CPU (NumPy backend), 47.7 GB RAM available)
[2026-07-10 07:08:18][INFO] SIM_BRIDGE: Initializing simulation data for model: IZHIKEVICH (3D)... (playback_init: False)
[2026-07-10 07:08:18][INFO] SIM_BRIDGE: Brain-region framework: 14 regions, 1380 total neurons, 38 pathways.
[2026-07-10 07:08:18][INFO] SIM_BRIDGE: RNG initialized with seed: 44
[2026-07-10 07:08:18][INFO] SIM_BRIDGE: NMDA per-region mask: 8 regions enabled (1320 neurons)
[2026-07-10 07:08:18][INFO] SIM_BRIDGE: Initializing Izhikevich model specifics for 1380 neurons...
[2026-07-10 07:08:18][INFO] SIM_BRIDGE: Region 'cortex_ctx' (600 neurons): using Izh type IZH2007_HIPPO_PYRAMIDAL
[2026-07-10 07:08:18][INFO] SIM_BRIDGE: Region 'dlpfc_wm' (600 neurons): using Izh type IZH2007_HIPPO_PYRAMIDAL
[2026-07-10 07:08:18][INFO] SIM_BRIDGE: Region 'sel_dog' (20 neurons): using Izh type IZH2007_RS_CORTICAL_PYRAMIDAL
[2026-07-10 07:08:18][INFO] SIM_BRIDGE: Region 'sel_FS_dog' (10 neurons): using Izh type IZH2007_FS_CORTICAL_INTERNEURON
[2026-07-10 07:08:18][INFO] SIM_BRIDGE: Region 'sel_cat' (20 neurons): using Izh type IZH2007_RS_CORTICAL_PYRAMIDAL
[2026-07-10 07:08:18][INFO] SIM_BRIDGE: Region 'sel_FS_cat' (10 neurons): using Izh type IZH2007_FS_CORTICAL_INTERNEURON
[2026-07-10 07:08:18][INFO] SIM_BRIDGE: Region 'sel_fish' (20 neurons): using Izh type IZH2007_RS_CORTICAL_PYRAMIDAL
[2026-07-10 07:08:18][INFO] SIM_BRIDGE: Region 'sel_FS_fish' (10 neurons): using Izh type IZH2007_FS_CORTICAL_INTERNEURON
[2026-07-10 07:08:18][INFO] SIM_BRIDGE: Region 'sel_bird' (20 neurons): using Izh type IZH2007_RS_CORTICAL_PYRAMIDAL
[2026-07-10 07:08:18][INFO] SIM_BRIDGE: Region 'sel_FS_bird' (10 neurons): using Izh type IZH2007_FS_CORTICAL_INTERNEURON
[2026-07-10 07:08:18][INFO] SIM_BRIDGE: Region 'sel_worm' (20 neurons): using Izh type IZH2007_RS_CORTICAL_PYRAMIDAL
[2026-07-10 07:08:18][INFO] SIM_BRIDGE: Region 'sel_FS_worm' (10 neurons): using Izh type IZH2007_FS_CORTICAL_INTERNEURON
[2026-07-10 07:08:18][INFO] SIM_BRIDGE: Region 'sel_ball' (20 neurons): using Izh type IZH2007_RS_CORTICAL_PYRAMIDAL
[2026-07-10 07:08:18][INFO] SIM_BRIDGE: Region 'sel_FS_ball' (10 neurons): using Izh type IZH2007_FS_CORTICAL_INTERNEURON
[2026-07-10 07:08:18][INFO] SIM_BRIDGE: Applying parameter heterogeneity to neuron parameters...
[2026-07-10 07:08:18][INFO] SIM_BRIDGE: Applied heterogeneity to 4 parameters.
[2026-07-10 07:08:18][INFO] SIM_BRIDGE: Generating 3D neuron positions for 1380 neurons...
[2026-07-10 07:08:18][INFO] SIM_BRIDGE: Generating connections (brain-region framework)...
[2026-07-10 07:08:18][INFO] SIM_BRIDGE: inject_explicit_wiring: installed 44155 synapses across 44 populations.
[2026-07-10 07:08:18][INFO] SIM_BRIDGE: Initializing eligibility traces for 44155 synapses (capacity: 66232, dtype: float32)...
[2026-07-10 07:08:18][INFO] SIM_BRIDGE: Initializing STDP state for 1380 neurons...
[2026-07-10 07:08:18][INFO] SIM_BRIDGE: Simulation data initialized for 1380 neurons (3D). Synapses: 44155. GPU memory: 22.6GB/51.2GB (44.1%)
[2026-07-10 07:08:18][INFO] SIM_BRIDGE: NumPy backend (CPU (NumPy backend), 47.7 GB RAM available)
[2026-07-10 07:08:18][INFO] SIM_BRIDGE: Initializing simulation data for model: IZHIKEVICH (3D)... (playback_init: False)
[2026-07-10 07:08:18][INFO] SIM_BRIDGE: RNG initialized with seed: 44
[2026-07-10 07:08:18][INFO] SIM_BRIDGE: Initializing Izhikevich model specifics for 256 neurons...
[2026-07-10 07:08:18][INFO] SIM_BRIDGE: Applying parameter heterogeneity to neuron parameters...
[2026-07-10 07:08:18][INFO] SIM_BRIDGE: Applied heterogeneity to 4 parameters.
[2026-07-10 07:08:18][INFO] SIM_BRIDGE: Initializing OU process state (tau=15.0ms, sigma=0.0pA)...
[2026-07-10 07:08:18][INFO] SIM_BRIDGE: Generating 3D neuron positions for 256 neurons...
[2026-07-10 07:08:18][INFO] SIM_BRIDGE: Generating connections (3D)...
[2026-07-10 07:08:18][INFO] SIM_BRIDGE: Simulation data initialized for 256 neurons (3D). Synapses: 0. GPU memory: 22.6GB/51.2GB (44.1%)
[2026-07-10 07:08:18][INFO] SIM_BRIDGE: NumPy backend (CPU (NumPy backend), 47.7 GB RAM available)
[2026-07-10 07:08:18][INFO] SIM_BRIDGE: Initializing simulation data for model: IZHIKEVICH (3D)... (playback_init: False)
[2026-07-10 07:08:18][INFO] SIM_BRIDGE: RNG initialized with seed: 44
[2026-07-10 07:08:18][INFO] SIM_BRIDGE: Initializing Izhikevich model specifics for 512 neurons...
[2026-07-10 07:08:18][INFO] SIM_BRIDGE: Applying parameter heterogeneity to neuron parameters...
[2026-07-10 07:08:18][INFO] SIM_BRIDGE: Applied heterogeneity to 4 parameters.
[2026-07-10 07:08:18][INFO] SIM_BRIDGE: Initializing OU process state (tau=15.0ms, sigma=0.0pA)...
[2026-07-10 07:08:18][INFO] SIM_BRIDGE: Generating 3D neuron positions for 512 neurons...
[2026-07-10 07:08:18][INFO] SIM_BRIDGE: Generating connections (3D)...
[2026-07-10 07:08:18][INFO] SIM_BRIDGE: Simulation data initialized for 512 neurons (3D). Synapses: 0. GPU memory: 22.6GB/51.2GB (44.1%)
[2026-07-10 07:08:18][INFO] SIM_BRIDGE: NumPy backend (CPU (NumPy backend), 47.7 GB RAM available)
[2026-07-10 07:08:18][INFO] SIM_BRIDGE: Initializing simulation data for model: IZHIKEVICH (3D)... (playback_init: False)
[2026-07-10 07:08:18][INFO] SIM_BRIDGE: RNG initialized with seed: 44
[2026-07-10 07:08:18][INFO] SIM_BRIDGE: Initializing Izhikevich model specifics for 256 neurons...
[2026-07-10 07:08:18][INFO] SIM_BRIDGE: Applying parameter heterogeneity to neuron parameters...
[2026-07-10 07:08:18][INFO] SIM_BRIDGE: Applied heterogeneity to 4 parameters.
[2026-07-10 07:08:18][INFO] SIM_BRIDGE: Initializing OU process state (tau=15.0ms, sigma=0.0pA)...
[2026-07-10 07:08:18][INFO] SIM_BRIDGE: Generating 3D neuron positions for 256 neurons...
[2026-07-10 07:08:18][INFO] SIM_BRIDGE: Generating connections (3D)...
[2026-07-10 07:08:18][INFO] SIM_BRIDGE: Simulation data initialized for 256 neurons (3D). Synapses: 0. GPU memory: 22.6GB/51.2GB (44.1%)
[2026-07-10 07:08:18][INFO] SIM_BRIDGE: NumPy backend (CPU (NumPy backend), 47.7 GB RAM available)
[2026-07-10 07:08:18][INFO] SIM_BRIDGE: Initializing simulation data for model: IZHIKEVICH (3D)... (playback_init: False)
[2026-07-10 07:08:18][INFO] SIM_BRIDGE: RNG initialized with seed: 44
[2026-07-10 07:08:18][INFO] SIM_BRIDGE: Initializing Izhikevich model specifics for 512 neurons...
[2026-07-10 07:08:18][INFO] SIM_BRIDGE: Applying parameter heterogeneity to neuron parameters...
[2026-07-10 07:08:18][INFO] SIM_BRIDGE: Applied heterogeneity to 4 parameters.
[2026-07-10 07:08:18][INFO] SIM_BRIDGE: Initializing OU process state (tau=15.0ms, sigma=0.0pA)...
[2026-07-10 07:08:18][INFO] SIM_BRIDGE: Generating 3D neuron positions for 512 neurons...
[2026-07-10 07:08:18][INFO] SIM_BRIDGE: Generating connections (3D)...
[2026-07-10 07:08:18][INFO] SIM_BRIDGE: Simulation data initialized for 512 neurons (3D). Synapses: 0. GPU memory: 22.6GB/51.2GB (44.1%)
[2026-07-10 07:08:19][INFO] SIM_BRIDGE: NumPy backend (CPU (NumPy backend), 47.7 GB RAM available)
[2026-07-10 07:08:19][INFO] SIM_BRIDGE: Initializing simulation data for model: IZHIKEVICH (3D)... (playback_init: False)
[2026-07-10 07:08:19][INFO] SIM_BRIDGE: RNG initialized with seed: 44
[2026-07-10 07:08:19][INFO] SIM_BRIDGE: Initializing Izhikevich model specifics for 256 neurons...
[2026-07-10 07:08:19][INFO] SIM_BRIDGE: Applying parameter heterogeneity to neuron parameters...
[2026-07-10 07:08:19][INFO] SIM_BRIDGE: Applied heterogeneity to 4 parameters.
[2026-07-10 07:08:19][INFO] SIM_BRIDGE: Initializing OU process state (tau=15.0ms, sigma=0.0pA)...
[2026-07-10 07:08:19][INFO] SIM_BRIDGE: Generating 3D neuron positions for 256 neurons...
[2026-07-10 07:08:19][INFO] SIM_BRIDGE: Generating connections (3D)...
[2026-07-10 07:08:19][INFO] SIM_BRIDGE: Simulation data initialized for 256 neurons (3D). Synapses: 0. GPU memory: 22.6GB/51.2GB (44.1%)
[2026-07-10 07:08:19][INFO] SIM_BRIDGE: NumPy backend (CPU (NumPy backend), 47.7 GB RAM available)
[2026-07-10 07:08:19][INFO] SIM_BRIDGE: Initializing simulation data for model: IZHIKEVICH (3D)... (playback_init: False)
[2026-07-10 07:08:19][INFO] SIM_BRIDGE: RNG initialized with seed: 44
[2026-07-10 07:08:19][INFO] SIM_BRIDGE: Initializing Izhikevich model specifics for 512 neurons...
[2026-07-10 07:08:19][INFO] SIM_BRIDGE: Applying parameter heterogeneity to neuron parameters...
[2026-07-10 07:08:19][INFO] SIM_BRIDGE: Applied heterogeneity to 4 parameters.
[2026-07-10 07:08:19][INFO] SIM_BRIDGE: Initializing OU process state (tau=15.0ms, sigma=0.0pA)...
[2026-07-10 07:08:19][INFO] SIM_BRIDGE: Generating 3D neuron positions for 512 neurons...
[2026-07-10 07:08:19][INFO] SIM_BRIDGE: Generating connections (3D)...
[2026-07-10 07:08:19][INFO] SIM_BRIDGE: Simulation data initialized for 512 neurons (3D). Synapses: 0. GPU memory: 22.6GB/51.2GB (44.1%)
E:\Documents\Projects\sim\sim\kernels.py:247: RuntimeWarning: overflow encountered in exp
  mg_block = 1.0 / (1.0 + (mg_conc / 3.57) * cp.exp(-0.062 * v))
  [seed 44] BEFORE (self-sup + replay)=0.533 || replay-ABLATED=0.167 | single-event=0.0 | recency=0.1 | naive-current=0.0 || NOW=0.733

  AGGREGATE: BEFORE (self-sup + replay)=0.533 | replay-ABLATED=0.167 | single-event=0.000 | recency=0.100 | naive-current=0.000 || NOW=0.733
  VERDICT: GO -- the DEPLOYED agent answers who-was-doing-it-BEFORE (0.53) from a pair of composed events whose transition delta was NEVER given a state label, with BOTH slot names learned label-free (a_curr from spoken INTRODUCE subjects; a_prev from RETURN clauses, where the discourse pop makes the calibrated current read-out say aloud what the prior slot holds). A REPLAY-ABLATED register (prediction alone) collapses to 0.17 -- the deployed answer rides the replay mechanism -- while a SINGLE-EVENT register cannot answer at all (0.00), and recency (0.10) + naive-current (0.00) both fail. The discourse pop is NOT the teacher (refuted) but IS the read-out calibrator. NO sim/ edit.
