[D3 EVENT SPIKING] K=6 | the running FACTORED (agent, patient) MEANING re-discretized ON SPIKES (two FS-WTA Izhikevich attractor slots)
[2026-07-09 22:40:01][INFO] SIM_BRIDGE: NumPy backend (CPU (NumPy backend), 47.7 GB RAM available)
[2026-07-09 22:40:01][INFO] SIM_BRIDGE: Initializing simulation data for model: IZHIKEVICH (3D)... (playback_init: False)
[2026-07-09 22:40:01][INFO] SIM_BRIDGE: Brain-region framework: 7 regions, 96 total neurons, 12 pathways.
[2026-07-09 22:40:01][INFO] SIM_BRIDGE: RNG initialized with seed: 102
[2026-07-09 22:40:01][INFO] SIM_BRIDGE: Initializing Izhikevich model specifics for 96 neurons...
[2026-07-09 22:40:01][INFO] SIM_BRIDGE: Applying parameter heterogeneity to neuron parameters...
[2026-07-09 22:40:01][INFO] SIM_BRIDGE: Applied heterogeneity to 4 parameters.
[2026-07-09 22:40:01][INFO] SIM_BRIDGE: Initializing OU process state (tau=15.0ms, sigma=0.0pA)...
[2026-07-09 22:40:01][INFO] SIM_BRIDGE: Generating 3D neuron positions for 96 neurons...
[2026-07-09 22:40:01][INFO] SIM_BRIDGE: Generating connections (brain-region framework)...
[2026-07-09 22:40:01][INFO] SIM_BRIDGE: inject_explicit_wiring: installed 2075 synapses across 12 populations.
[2026-07-09 22:40:01][INFO] SIM_BRIDGE: Simulation data initialized for 96 neurons (3D). Synapses: 2075. GPU memory: 24.0GB/51.2GB (46.8%)
[2026-07-09 22:40:01][INFO] SIM_BRIDGE: NumPy backend (CPU (NumPy backend), 47.7 GB RAM available)
[2026-07-09 22:40:01][INFO] SIM_BRIDGE: Initializing simulation data for model: IZHIKEVICH (3D)... (playback_init: False)
[2026-07-09 22:40:01][INFO] SIM_BRIDGE: Brain-region framework: 7 regions, 96 total neurons, 12 pathways.
[2026-07-09 22:40:01][INFO] SIM_BRIDGE: RNG initialized with seed: 109
[2026-07-09 22:40:01][INFO] SIM_BRIDGE: Initializing Izhikevich model specifics for 96 neurons...
[2026-07-09 22:40:01][INFO] SIM_BRIDGE: Applying parameter heterogeneity to neuron parameters...
[2026-07-09 22:40:01][INFO] SIM_BRIDGE: Applied heterogeneity to 4 parameters.
[2026-07-09 22:40:01][INFO] SIM_BRIDGE: Initializing OU process state (tau=15.0ms, sigma=0.0pA)...
[2026-07-09 22:40:01][INFO] SIM_BRIDGE: Generating 3D neuron positions for 96 neurons...
[2026-07-09 22:40:01][INFO] SIM_BRIDGE: Generating connections (brain-region framework)...
[2026-07-09 22:40:01][INFO] SIM_BRIDGE: inject_explicit_wiring: installed 2085 synapses across 12 populations.
[2026-07-09 22:40:01][INFO] SIM_BRIDGE: Simulation data initialized for 96 neurons (3D). Synapses: 2085. GPU memory: 24.0GB/51.2GB (46.8%)
  [seed 102] rate event DEEPER=0.987 || SPIKING event DEEPER=1.0 (a=1.0 p=1.0) || per-slot host-agree a=0.995 p=1.0

  AGGREGATE (K=6, event chance 0.028): SPIKING event DEEPER=1.000 | per-slot host-agree agent=0.995 patient=1.000
  VERDICT: GO -- the running FACTORED (agent, patient) MEANING is re-discretized ON SPIKES (two co-evolving FS-WTA Izhikevich attractor slots) and composes the relational role-shift to held-out-DEEPER depth (spiking event-track 1.00, both per-slot WTAs faithful == host argmax a=0.99/p=1.00) -> the anti-RAG running who-did-what-to-whom MEANING runs on the project spiking substrate = the simulated recurrent sequence/language cortex maintaining a composed event; next: wrap the composer fixed per-slot bind + learn the transition on-substrate. NO sim/ edit.
