[D3 EVENT QA -> LIVE MultiTurnAgent] [SPIKING event] the DEPLOYED agent answers 'what does HE eat?' -- resolve the coref-DEEP pronoun via its D3 event register, then query its OWN eat-KB
[2026-07-10 04:58:08][INFO] SIM_BRIDGE: NumPy backend (CPU (NumPy backend), 47.7 GB RAM available)
[2026-07-10 04:58:08][INFO] SIM_BRIDGE: Initializing simulation data for model: IZHIKEVICH (3D)... (playback_init: False)
[2026-07-10 04:58:08][INFO] SIM_BRIDGE: Brain-region framework: 7 regions, 96 total neurons, 12 pathways.
[2026-07-10 04:58:08][INFO] SIM_BRIDGE: RNG initialized with seed: 43
[2026-07-10 04:58:08][INFO] SIM_BRIDGE: Initializing Izhikevich model specifics for 96 neurons...
[2026-07-10 04:58:08][INFO] SIM_BRIDGE: Applying parameter heterogeneity to neuron parameters...
[2026-07-10 04:58:08][INFO] SIM_BRIDGE: Applied heterogeneity to 4 parameters.
[2026-07-10 04:58:08][INFO] SIM_BRIDGE: Initializing OU process state (tau=15.0ms, sigma=0.0pA)...
[2026-07-10 04:58:08][INFO] SIM_BRIDGE: Generating 3D neuron positions for 96 neurons...
[2026-07-10 04:58:08][INFO] SIM_BRIDGE: Generating connections (brain-region framework)...
[2026-07-10 04:58:08][INFO] SIM_BRIDGE: inject_explicit_wiring: installed 2079 synapses across 12 populations.
[2026-07-10 04:58:08][INFO] SIM_BRIDGE: Simulation data initialized for 96 neurons (3D). Synapses: 2079. GPU memory: 18.3GB/51.2GB (35.7%)
[2026-07-10 04:58:08][INFO] SIM_BRIDGE: NumPy backend (CPU (NumPy backend), 47.7 GB RAM available)
[2026-07-10 04:58:08][INFO] SIM_BRIDGE: Initializing simulation data for model: IZHIKEVICH (3D)... (playback_init: False)
[2026-07-10 04:58:08][INFO] SIM_BRIDGE: Brain-region framework: 7 regions, 96 total neurons, 12 pathways.
[2026-07-10 04:58:08][INFO] SIM_BRIDGE: RNG initialized with seed: 50
[2026-07-10 04:58:08][INFO] SIM_BRIDGE: Initializing Izhikevich model specifics for 96 neurons...
[2026-07-10 04:58:08][INFO] SIM_BRIDGE: Applying parameter heterogeneity to neuron parameters...
[2026-07-10 04:58:08][INFO] SIM_BRIDGE: Applied heterogeneity to 4 parameters.
[2026-07-10 04:58:08][INFO] SIM_BRIDGE: Initializing OU process state (tau=15.0ms, sigma=0.0pA)...
[2026-07-10 04:58:08][INFO] SIM_BRIDGE: Generating 3D neuron positions for 96 neurons...
[2026-07-10 04:58:08][INFO] SIM_BRIDGE: Generating connections (brain-region framework)...
[2026-07-10 04:58:08][INFO] SIM_BRIDGE: inject_explicit_wiring: installed 2086 synapses across 12 populations.
[2026-07-10 04:58:08][INFO] SIM_BRIDGE: Simulation data initialized for 96 neurons (3D). Synapses: 2086. GPU memory: 18.3GB/51.2GB (35.7%)
[2026-07-10 04:58:08][INFO] SIM_BRIDGE: NumPy backend (CPU (NumPy backend), 47.7 GB RAM available)
[2026-07-10 04:58:08][INFO] SIM_BRIDGE: Initializing simulation data for model: IZHIKEVICH (3D)... (playback_init: False)
[2026-07-10 04:58:08][INFO] SIM_BRIDGE: RNG initialized with seed: 43
[2026-07-10 04:58:08][INFO] SIM_BRIDGE: Initializing Izhikevich model specifics for 126 neurons...
[2026-07-10 04:58:08][INFO] SIM_BRIDGE: Applying parameter heterogeneity to neuron parameters...
[2026-07-10 04:58:08][INFO] SIM_BRIDGE: Applied heterogeneity to 4 parameters.
[2026-07-10 04:58:08][INFO] SIM_BRIDGE: Initializing OU process state (tau=15.0ms, sigma=20.0pA)...
[2026-07-10 04:58:08][INFO] SIM_BRIDGE: Generating 3D neuron positions for 126 neurons...
[2026-07-10 04:58:08][INFO] SIM_BRIDGE: Generating connections (3D)...
[2026-07-10 04:58:08][INFO] SIM_BRIDGE: Simulation data initialized for 126 neurons (3D). Synapses: 0. GPU memory: 18.3GB/51.2GB (35.7%)
[2026-07-10 04:58:08][INFO] SIM_BRIDGE: inject_explicit_wiring: installed 720 synapses across 1 populations.
[2026-07-10 04:58:15][INFO] SIM_BRIDGE: NumPy backend (CPU (NumPy backend), 47.7 GB RAM available)
[2026-07-10 04:58:15][INFO] SIM_BRIDGE: Initializing simulation data for model: IZHIKEVICH (3D)... (playback_init: False)
[2026-07-10 04:58:15][INFO] SIM_BRIDGE: RNG initialized with seed: 43
[2026-07-10 04:58:15][INFO] SIM_BRIDGE: Initializing Izhikevich model specifics for 224 neurons...
[2026-07-10 04:58:15][INFO] SIM_BRIDGE: Applying parameter heterogeneity to neuron parameters...
[2026-07-10 04:58:15][INFO] SIM_BRIDGE: Applied heterogeneity to 4 parameters.
[2026-07-10 04:58:15][INFO] SIM_BRIDGE: Initializing OU process state (tau=15.0ms, sigma=20.0pA)...
[2026-07-10 04:58:15][INFO] SIM_BRIDGE: Generating 3D neuron positions for 224 neurons...
[2026-07-10 04:58:15][INFO] SIM_BRIDGE: Generating connections (3D)...
[2026-07-10 04:58:15][INFO] SIM_BRIDGE: Simulation data initialized for 224 neurons (3D). Synapses: 0. GPU memory: 18.9GB/51.2GB (36.9%)
[2026-07-10 04:58:15][INFO] SIM_BRIDGE: inject_explicit_wiring: installed 4800 synapses across 1 populations.
[2026-07-10 04:58:25][INFO] SIM_BRIDGE: NumPy backend (CPU (NumPy backend), 47.7 GB RAM available)
[2026-07-10 04:58:25][INFO] SIM_BRIDGE: Initializing simulation data for model: IZHIKEVICH (3D)... (playback_init: False)
[2026-07-10 04:58:25][INFO] SIM_BRIDGE: Brain-region framework: 2 regions, 1200 total neurons, 2 pathways.
[2026-07-10 04:58:25][INFO] SIM_BRIDGE: RNG initialized with seed: 43
[2026-07-10 04:58:25][INFO] SIM_BRIDGE: NMDA per-region mask: 2 regions enabled (1200 neurons)
[2026-07-10 04:58:25][INFO] SIM_BRIDGE: Initializing Izhikevich model specifics for 1200 neurons...
[2026-07-10 04:58:25][INFO] SIM_BRIDGE: Region 'cortex_ctx' (600 neurons): using Izh type IZH2007_HIPPO_PYRAMIDAL
[2026-07-10 04:58:25][INFO] SIM_BRIDGE: Region 'dlpfc_wm' (600 neurons): using Izh type IZH2007_HIPPO_PYRAMIDAL
[2026-07-10 04:58:25][INFO] SIM_BRIDGE: Applying parameter heterogeneity to neuron parameters...
[2026-07-10 04:58:25][INFO] SIM_BRIDGE: Applied heterogeneity to 4 parameters.
[2026-07-10 04:58:25][INFO] SIM_BRIDGE: Generating 3D neuron positions for 1200 neurons...
[2026-07-10 04:58:25][INFO] SIM_BRIDGE: Generating connections (brain-region framework)...
[2026-07-10 04:58:25][INFO] SIM_BRIDGE: inject_explicit_wiring: installed 107649 synapses across 4 populations.
[2026-07-10 04:58:25][INFO] SIM_BRIDGE: Initializing eligibility traces for 107649 synapses (capacity: 161473, dtype: float32)...
[2026-07-10 04:58:25][INFO] SIM_BRIDGE: Initializing STDP state for 1200 neurons...
[2026-07-10 04:58:25][INFO] SIM_BRIDGE: Simulation data initialized for 1200 neurons (3D). Synapses: 107649. GPU memory: 18.6GB/51.2GB (36.3%)
[2026-07-10 04:58:25][INFO] SIM_BRIDGE: NumPy backend (CPU (NumPy backend), 47.7 GB RAM available)
[2026-07-10 04:58:25][INFO] SIM_BRIDGE: Initializing simulation data for model: IZHIKEVICH (3D)... (playback_init: False)
[2026-07-10 04:58:25][INFO] SIM_BRIDGE: Brain-region framework: 14 regions, 1380 total neurons, 38 pathways.
[2026-07-10 04:58:25][INFO] SIM_BRIDGE: RNG initialized with seed: 43
[2026-07-10 04:58:25][INFO] SIM_BRIDGE: NMDA per-region mask: 8 regions enabled (1320 neurons)
[2026-07-10 04:58:25][INFO] SIM_BRIDGE: Initializing Izhikevich model specifics for 1380 neurons...
[2026-07-10 04:58:25][INFO] SIM_BRIDGE: Region 'cortex_ctx' (600 neurons): using Izh type IZH2007_HIPPO_PYRAMIDAL
[2026-07-10 04:58:25][INFO] SIM_BRIDGE: Region 'dlpfc_wm' (600 neurons): using Izh type IZH2007_HIPPO_PYRAMIDAL
[2026-07-10 04:58:25][INFO] SIM_BRIDGE: Region 'sel_dog' (20 neurons): using Izh type IZH2007_RS_CORTICAL_PYRAMIDAL
[2026-07-10 04:58:25][INFO] SIM_BRIDGE: Region 'sel_FS_dog' (10 neurons): using Izh type IZH2007_FS_CORTICAL_INTERNEURON
[2026-07-10 04:58:25][INFO] SIM_BRIDGE: Region 'sel_cat' (20 neurons): using Izh type IZH2007_RS_CORTICAL_PYRAMIDAL
[2026-07-10 04:58:25][INFO] SIM_BRIDGE: Region 'sel_FS_cat' (10 neurons): using Izh type IZH2007_FS_CORTICAL_INTERNEURON
[2026-07-10 04:58:25][INFO] SIM_BRIDGE: Region 'sel_fish' (20 neurons): using Izh type IZH2007_RS_CORTICAL_PYRAMIDAL
[2026-07-10 04:58:25][INFO] SIM_BRIDGE: Region 'sel_FS_fish' (10 neurons): using Izh type IZH2007_FS_CORTICAL_INTERNEURON
[2026-07-10 04:58:25][INFO] SIM_BRIDGE: Region 'sel_bird' (20 neurons): using Izh type IZH2007_RS_CORTICAL_PYRAMIDAL
[2026-07-10 04:58:25][INFO] SIM_BRIDGE: Region 'sel_FS_bird' (10 neurons): using Izh type IZH2007_FS_CORTICAL_INTERNEURON
[2026-07-10 04:58:25][INFO] SIM_BRIDGE: Region 'sel_worm' (20 neurons): using Izh type IZH2007_RS_CORTICAL_PYRAMIDAL
[2026-07-10 04:58:25][INFO] SIM_BRIDGE: Region 'sel_FS_worm' (10 neurons): using Izh type IZH2007_FS_CORTICAL_INTERNEURON
[2026-07-10 04:58:25][INFO] SIM_BRIDGE: Region 'sel_ball' (20 neurons): using Izh type IZH2007_RS_CORTICAL_PYRAMIDAL
[2026-07-10 04:58:25][INFO] SIM_BRIDGE: Region 'sel_FS_ball' (10 neurons): using Izh type IZH2007_FS_CORTICAL_INTERNEURON
[2026-07-10 04:58:25][INFO] SIM_BRIDGE: Applying parameter heterogeneity to neuron parameters...
[2026-07-10 04:58:25][INFO] SIM_BRIDGE: Applied heterogeneity to 4 parameters.
[2026-07-10 04:58:25][INFO] SIM_BRIDGE: Generating 3D neuron positions for 1380 neurons...
[2026-07-10 04:58:25][INFO] SIM_BRIDGE: Generating connections (brain-region framework)...
[2026-07-10 04:58:26][INFO] SIM_BRIDGE: inject_explicit_wiring: installed 44055 synapses across 44 populations.
[2026-07-10 04:58:26][INFO] SIM_BRIDGE: Initializing eligibility traces for 44055 synapses (capacity: 66082, dtype: float32)...
[2026-07-10 04:58:26][INFO] SIM_BRIDGE: Initializing STDP state for 1380 neurons...
[2026-07-10 04:58:26][INFO] SIM_BRIDGE: Simulation data initialized for 1380 neurons (3D). Synapses: 44055. GPU memory: 18.5GB/51.2GB (36.2%)
[2026-07-10 04:58:26][INFO] SIM_BRIDGE: NumPy backend (CPU (NumPy backend), 47.7 GB RAM available)
[2026-07-10 04:58:26][INFO] SIM_BRIDGE: Initializing simulation data for model: IZHIKEVICH (3D)... (playback_init: False)
[2026-07-10 04:58:26][INFO] SIM_BRIDGE: RNG initialized with seed: 43
[2026-07-10 04:58:26][INFO] SIM_BRIDGE: Initializing Izhikevich model specifics for 256 neurons...
[2026-07-10 04:58:26][INFO] SIM_BRIDGE: Applying parameter heterogeneity to neuron parameters...
[2026-07-10 04:58:26][INFO] SIM_BRIDGE: Applied heterogeneity to 4 parameters.
[2026-07-10 04:58:26][INFO] SIM_BRIDGE: Initializing OU process state (tau=15.0ms, sigma=0.0pA)...
[2026-07-10 04:58:26][INFO] SIM_BRIDGE: Generating 3D neuron positions for 256 neurons...
[2026-07-10 04:58:26][INFO] SIM_BRIDGE: Generating connections (3D)...
[2026-07-10 04:58:26][INFO] SIM_BRIDGE: Simulation data initialized for 256 neurons (3D). Synapses: 0. GPU memory: 18.5GB/51.2GB (36.2%)
[2026-07-10 04:58:26][INFO] SIM_BRIDGE: NumPy backend (CPU (NumPy backend), 47.7 GB RAM available)
[2026-07-10 04:58:26][INFO] SIM_BRIDGE: Initializing simulation data for model: IZHIKEVICH (3D)... (playback_init: False)
[2026-07-10 04:58:26][INFO] SIM_BRIDGE: RNG initialized with seed: 43
[2026-07-10 04:58:26][INFO] SIM_BRIDGE: Initializing Izhikevich model specifics for 512 neurons...
[2026-07-10 04:58:26][INFO] SIM_BRIDGE: Applying parameter heterogeneity to neuron parameters...
[2026-07-10 04:58:26][INFO] SIM_BRIDGE: Applied heterogeneity to 4 parameters.
[2026-07-10 04:58:26][INFO] SIM_BRIDGE: Initializing OU process state (tau=15.0ms, sigma=0.0pA)...
[2026-07-10 04:58:26][INFO] SIM_BRIDGE: Generating 3D neuron positions for 512 neurons...
[2026-07-10 04:58:26][INFO] SIM_BRIDGE: Generating connections (3D)...
[2026-07-10 04:58:26][INFO] SIM_BRIDGE: Simulation data initialized for 512 neurons (3D). Synapses: 0. GPU memory: 18.6GB/51.2GB (36.2%)
[2026-07-10 04:58:30][INFO] SIM_BRIDGE: NumPy backend (CPU (NumPy backend), 47.7 GB RAM available)
[2026-07-10 04:58:30][INFO] SIM_BRIDGE: Initializing simulation data for model: IZHIKEVICH (3D)... (playback_init: False)
[2026-07-10 04:58:30][INFO] SIM_BRIDGE: RNG initialized with seed: 43
[2026-07-10 04:58:30][INFO] SIM_BRIDGE: Initializing Izhikevich model specifics for 1792 neurons...
[2026-07-10 04:58:30][INFO] SIM_BRIDGE: Applying parameter heterogeneity to neuron parameters...
[2026-07-10 04:58:30][INFO] SIM_BRIDGE: Applied heterogeneity to 4 parameters.
[2026-07-10 04:58:30][INFO] SIM_BRIDGE: Initializing OU process state (tau=15.0ms, sigma=0.0pA)...
[2026-07-10 04:58:30][INFO] SIM_BRIDGE: Generating 3D neuron positions for 1792 neurons...
[2026-07-10 04:58:30][INFO] SIM_BRIDGE: Generating connections (3D)...
[2026-07-10 04:58:30][INFO] SIM_BRIDGE: Simulation data initialized for 1792 neurons (3D). Synapses: 0. GPU memory: 18.2GB/51.2GB (35.5%)
[2026-07-10 04:58:32][INFO] SIM_BRIDGE: NumPy backend (CPU (NumPy backend), 47.7 GB RAM available)
[2026-07-10 04:58:32][INFO] SIM_BRIDGE: Initializing simulation data for model: IZHIKEVICH (3D)... (playback_init: False)
[2026-07-10 04:58:32][INFO] SIM_BRIDGE: RNG initialized with seed: 43
[2026-07-10 04:58:32][INFO] SIM_BRIDGE: Initializing Izhikevich model specifics for 2304 neurons...
[2026-07-10 04:58:32][INFO] SIM_BRIDGE: Applying parameter heterogeneity to neuron parameters...
[2026-07-10 04:58:32][INFO] SIM_BRIDGE: Applied heterogeneity to 4 parameters.
[2026-07-10 04:58:32][INFO] SIM_BRIDGE: Initializing OU process state (tau=15.0ms, sigma=0.0pA)...
[2026-07-10 04:58:32][INFO] SIM_BRIDGE: Generating 3D neuron positions for 2304 neurons...
[2026-07-10 04:58:32][INFO] SIM_BRIDGE: Generating connections (3D)...
[2026-07-10 04:58:32][INFO] SIM_BRIDGE: Simulation data initialized for 2304 neurons (3D). Synapses: 0. GPU memory: 18.4GB/51.2GB (35.8%)
[2026-07-10 04:58:34][INFO] SIM_BRIDGE: NumPy backend (CPU (NumPy backend), 47.7 GB RAM available)
[2026-07-10 04:58:34][INFO] SIM_BRIDGE: Initializing simulation data for model: IZHIKEVICH (3D)... (playback_init: False)
[2026-07-10 04:58:34][INFO] SIM_BRIDGE: RNG initialized with seed: 43
[2026-07-10 04:58:34][INFO] SIM_BRIDGE: Initializing Izhikevich model specifics for 2560 neurons...
[2026-07-10 04:58:34][INFO] SIM_BRIDGE: Applying parameter heterogeneity to neuron parameters...
[2026-07-10 04:58:34][INFO] SIM_BRIDGE: Applied heterogeneity to 4 parameters.
[2026-07-10 04:58:34][INFO] SIM_BRIDGE: Initializing OU process state (tau=15.0ms, sigma=0.0pA)...
[2026-07-10 04:58:34][INFO] SIM_BRIDGE: Generating 3D neuron positions for 2560 neurons...
[2026-07-10 04:58:34][INFO] SIM_BRIDGE: Generating connections (3D)...
[2026-07-10 04:58:34][INFO] SIM_BRIDGE: Simulation data initialized for 2560 neurons (3D). Synapses: 0. GPU memory: 18.3GB/51.2GB (35.6%)
[2026-07-10 04:58:35][INFO] SIM_BRIDGE: NumPy backend (CPU (NumPy backend), 47.7 GB RAM available)
[2026-07-10 04:58:35][INFO] SIM_BRIDGE: Initializing simulation data for model: IZHIKEVICH (3D)... (playback_init: False)
[2026-07-10 04:58:35][INFO] SIM_BRIDGE: RNG initialized with seed: 43
[2026-07-10 04:58:35][INFO] SIM_BRIDGE: Initializing Izhikevich model specifics for 2816 neurons...
[2026-07-10 04:58:35][INFO] SIM_BRIDGE: Applying parameter heterogeneity to neuron parameters...
[2026-07-10 04:58:35][INFO] SIM_BRIDGE: Applied heterogeneity to 4 parameters.
[2026-07-10 04:58:35][INFO] SIM_BRIDGE: Initializing OU process state (tau=15.0ms, sigma=0.0pA)...
[2026-07-10 04:58:35][INFO] SIM_BRIDGE: Generating 3D neuron positions for 2816 neurons...
[2026-07-10 04:58:35][INFO] SIM_BRIDGE: Generating connections (3D)...
[2026-07-10 04:58:35][INFO] SIM_BRIDGE: Simulation data initialized for 2816 neurons (3D). Synapses: 0. GPU memory: 18.2GB/51.2GB (35.5%)
  [seed 43] LIVE-agent EVENT-QA=1.0 || FLAT-FACT(unresolved 'he')=0.0 || RECENCY(last-mentioned's fact)=0.0

  AGGREGATE (wire QA): LIVE-agent EVENT-QA=1.000 | FLAT-FACT=0.000 | RECENCY=0.000
  VERDICT: GO -- the DEPLOYED MultiTurnAgent ANSWERS what-does-HE-eat (1.00) by resolving the coref-DEEP pronoun via its D3 event register THEN querying its own eat-KB (taught separately, never in the chase-discourse), where a FLAT-FACT retriever (unresolved he) FAILS (0.00) and a RECENCY resolver (the last-mentioned entity s eat-fact) FAILS (0.00) -> the situation-model x fact-store QA is DEPLOYED on the real agent (what_does_agent_now, additive) ON SPIKES = the anti-RAG payoff: the brain answers a question about the running discourse from the composed meaning, not a retrieved/last-mentioned fact. NO sim/ edit.
