[D3 EVENT QA SPIKING] K=6 | QA over the composed running event, BOTH stages ON SPIKES: spiking-composed agent -> spiking associative recall of its stored property
[2026-07-10 04:53:03][INFO] SIM_BRIDGE: NumPy backend (CPU (NumPy backend), 47.7 GB RAM available)
[2026-07-10 04:53:03][INFO] SIM_BRIDGE: Initializing simulation data for model: IZHIKEVICH (3D)... (playback_init: False)
[2026-07-10 04:53:03][INFO] SIM_BRIDGE: Brain-region framework: 7 regions, 96 total neurons, 12 pathways.
[2026-07-10 04:53:03][INFO] SIM_BRIDGE: RNG initialized with seed: 43
[2026-07-10 04:53:03][INFO] SIM_BRIDGE: Initializing Izhikevich model specifics for 96 neurons...
[2026-07-10 04:53:03][INFO] SIM_BRIDGE: Applying parameter heterogeneity to neuron parameters...
[2026-07-10 04:53:03][INFO] SIM_BRIDGE: Applied heterogeneity to 4 parameters.
[2026-07-10 04:53:03][INFO] SIM_BRIDGE: Initializing OU process state (tau=15.0ms, sigma=0.0pA)...
[2026-07-10 04:53:03][INFO] SIM_BRIDGE: Generating 3D neuron positions for 96 neurons...
[2026-07-10 04:53:03][INFO] SIM_BRIDGE: Generating connections (brain-region framework)...
[2026-07-10 04:53:03][INFO] SIM_BRIDGE: inject_explicit_wiring: installed 2079 synapses across 12 populations.
[2026-07-10 04:53:03][INFO] SIM_BRIDGE: Simulation data initialized for 96 neurons (3D). Synapses: 2079. GPU memory: 15.5GB/51.2GB (30.2%)
[2026-07-10 04:53:03][INFO] SIM_BRIDGE: NumPy backend (CPU (NumPy backend), 47.7 GB RAM available)
[2026-07-10 04:53:03][INFO] SIM_BRIDGE: Initializing simulation data for model: IZHIKEVICH (3D)... (playback_init: False)
[2026-07-10 04:53:03][INFO] SIM_BRIDGE: Brain-region framework: 7 regions, 96 total neurons, 12 pathways.
[2026-07-10 04:53:03][INFO] SIM_BRIDGE: RNG initialized with seed: 50
[2026-07-10 04:53:03][INFO] SIM_BRIDGE: Initializing Izhikevich model specifics for 96 neurons...
[2026-07-10 04:53:03][INFO] SIM_BRIDGE: Applying parameter heterogeneity to neuron parameters...
[2026-07-10 04:53:03][INFO] SIM_BRIDGE: Applied heterogeneity to 4 parameters.
[2026-07-10 04:53:03][INFO] SIM_BRIDGE: Initializing OU process state (tau=15.0ms, sigma=0.0pA)...
[2026-07-10 04:53:03][INFO] SIM_BRIDGE: Generating 3D neuron positions for 96 neurons...
[2026-07-10 04:53:03][INFO] SIM_BRIDGE: Generating connections (brain-region framework)...
[2026-07-10 04:53:03][INFO] SIM_BRIDGE: inject_explicit_wiring: installed 2086 synapses across 12 populations.
[2026-07-10 04:53:03][INFO] SIM_BRIDGE: Simulation data initialized for 96 neurons (3D). Synapses: 2086. GPU memory: 15.5GB/51.2GB (30.2%)
[2026-07-10 04:53:03][INFO] SIM_BRIDGE: NumPy backend (CPU (NumPy backend), 47.7 GB RAM available)
[2026-07-10 04:53:03][INFO] SIM_BRIDGE: Initializing simulation data for model: IZHIKEVICH (3D)... (playback_init: False)
[2026-07-10 04:53:03][INFO] SIM_BRIDGE: Brain-region framework: 7 regions, 96 total neurons, 12 pathways.
[2026-07-10 04:53:03][INFO] SIM_BRIDGE: RNG initialized with seed: 56
[2026-07-10 04:53:03][INFO] SIM_BRIDGE: Initializing Izhikevich model specifics for 96 neurons...
[2026-07-10 04:53:03][INFO] SIM_BRIDGE: Applying parameter heterogeneity to neuron parameters...
[2026-07-10 04:53:03][INFO] SIM_BRIDGE: Applied heterogeneity to 4 parameters.
[2026-07-10 04:53:03][INFO] SIM_BRIDGE: Initializing OU process state (tau=15.0ms, sigma=0.0pA)...
[2026-07-10 04:53:03][INFO] SIM_BRIDGE: Generating 3D neuron positions for 96 neurons...
[2026-07-10 04:53:03][INFO] SIM_BRIDGE: Generating connections (brain-region framework)...
[2026-07-10 04:53:03][INFO] SIM_BRIDGE: inject_explicit_wiring: installed 2058 synapses across 12 populations.
[2026-07-10 04:53:03][INFO] SIM_BRIDGE: Simulation data initialized for 96 neurons (3D). Synapses: 2058. GPU memory: 15.5GB/51.2GB (30.2%)
  [seed 43] SPIKING deep-agent QA=0.975 vs recency=0.333 || host-agree resolve=0.998 property=1.0

  AGGREGATE (K=6, chance 0.167): SPIKING deep-agent QA=0.975 | recency=0.333 || host-agree resolve=0.998 property=1.000
  VERDICT: GO -- the RANK-3 QA over the composed running event runs END-TO-END ON SPIKES (0.97): STAGE-1 the running agent re-discretized on the FS-WTA attractor (resolve host-agree 1.00), STAGE-2 the fact store keyed by a spiking associative-recall FS-WTA (property host-agree 1.00); a recency resolver FAILS (0.33) -> the anti-RAG situation-model x fact-store QA answers a question on the project spiking substrate, no host argmax in the QA path = the simulated cortex reasoning over a running meaning; next: multi-turn/connectives, wire into the live agent QA. NO sim/ edit.
