[D3 EVENT PAIR ON SPIKES] two persistent attractors, two gates, both directions an attractor->attractor transfer
[2026-07-10 06:05:08][INFO] SIM_BRIDGE: NumPy backend (CPU (NumPy backend), 47.7 GB RAM available)
[2026-07-10 06:05:08][INFO] SIM_BRIDGE: Initializing simulation data for model: IZHIKEVICH (3D)... (playback_init: False)
[2026-07-10 06:05:08][INFO] SIM_BRIDGE: Brain-region framework: 14 regions, 288 total neurons, 36 pathways.
[2026-07-10 06:05:08][INFO] SIM_BRIDGE: RNG initialized with seed: 42
[2026-07-10 06:05:08][INFO] SIM_BRIDGE: Initializing Izhikevich model specifics for 288 neurons...
[2026-07-10 06:05:08][INFO] SIM_BRIDGE: Applying parameter heterogeneity to neuron parameters...
[2026-07-10 06:05:08][INFO] SIM_BRIDGE: Applied heterogeneity to 4 parameters.
[2026-07-10 06:05:08][INFO] SIM_BRIDGE: Initializing OU process state (tau=15.0ms, sigma=0.0pA)...
[2026-07-10 06:05:08][INFO] SIM_BRIDGE: Generating 3D neuron positions for 288 neurons...
[2026-07-10 06:05:08][INFO] SIM_BRIDGE: Generating connections (brain-region framework)...
[2026-07-10 06:05:08][INFO] SIM_BRIDGE: inject_explicit_wiring: installed 11266 synapses across 36 populations.
[2026-07-10 06:05:08][INFO] SIM_BRIDGE: Simulation data initialized for 288 neurons (3D). Synapses: 11266. GPU memory: 21.2GB/51.2GB (41.4%)
[2026-07-10 06:05:19][INFO] SIM_BRIDGE: NumPy backend (CPU (NumPy backend), 47.7 GB RAM available)
[2026-07-10 06:05:19][INFO] SIM_BRIDGE: Initializing simulation data for model: IZHIKEVICH (3D)... (playback_init: False)
[2026-07-10 06:05:19][INFO] SIM_BRIDGE: Brain-region framework: 14 regions, 288 total neurons, 36 pathways.
[2026-07-10 06:05:19][INFO] SIM_BRIDGE: RNG initialized with seed: 42
[2026-07-10 06:05:19][INFO] SIM_BRIDGE: Initializing Izhikevich model specifics for 288 neurons...
[2026-07-10 06:05:19][INFO] SIM_BRIDGE: Applying parameter heterogeneity to neuron parameters...
[2026-07-10 06:05:19][INFO] SIM_BRIDGE: Applied heterogeneity to 4 parameters.
[2026-07-10 06:05:19][INFO] SIM_BRIDGE: Initializing OU process state (tau=15.0ms, sigma=0.0pA)...
[2026-07-10 06:05:19][INFO] SIM_BRIDGE: Generating 3D neuron positions for 288 neurons...
[2026-07-10 06:05:19][INFO] SIM_BRIDGE: Generating connections (brain-region framework)...
[2026-07-10 06:05:19][INFO] SIM_BRIDGE: inject_explicit_wiring: installed 11266 synapses across 36 populations.
[2026-07-10 06:05:19][INFO] SIM_BRIDGE: Simulation data initialized for 288 neurons (3D). Synapses: 11266. GPU memory: 21.3GB/51.2GB (41.5%)
[2026-07-10 06:05:29][INFO] SIM_BRIDGE: NumPy backend (CPU (NumPy backend), 47.7 GB RAM available)
[2026-07-10 06:05:29][INFO] SIM_BRIDGE: Initializing simulation data for model: IZHIKEVICH (3D)... (playback_init: False)
[2026-07-10 06:05:29][INFO] SIM_BRIDGE: Brain-region framework: 14 regions, 288 total neurons, 36 pathways.
[2026-07-10 06:05:29][INFO] SIM_BRIDGE: RNG initialized with seed: 42
[2026-07-10 06:05:29][INFO] SIM_BRIDGE: Initializing Izhikevich model specifics for 288 neurons...
[2026-07-10 06:05:29][INFO] SIM_BRIDGE: Applying parameter heterogeneity to neuron parameters...
[2026-07-10 06:05:29][INFO] SIM_BRIDGE: Applied heterogeneity to 4 parameters.
[2026-07-10 06:05:29][INFO] SIM_BRIDGE: Initializing OU process state (tau=15.0ms, sigma=0.0pA)...
[2026-07-10 06:05:29][INFO] SIM_BRIDGE: Generating 3D neuron positions for 288 neurons...
[2026-07-10 06:05:29][INFO] SIM_BRIDGE: Generating connections (brain-region framework)...
[2026-07-10 06:05:29][INFO] SIM_BRIDGE: inject_explicit_wiring: installed 11266 synapses across 36 populations.
[2026-07-10 06:05:29][INFO] SIM_BRIDGE: Simulation data initialized for 288 neurons (3D). Synapses: 11266. GPU memory: 21.3GB/51.2GB (41.7%)
[2026-07-10 06:05:40][INFO] SIM_BRIDGE: NumPy backend (CPU (NumPy backend), 47.7 GB RAM available)
[2026-07-10 06:05:40][INFO] SIM_BRIDGE: Initializing simulation data for model: IZHIKEVICH (3D)... (playback_init: False)
[2026-07-10 06:05:40][INFO] SIM_BRIDGE: RNG initialized with seed: 42
[2026-07-10 06:05:40][INFO] SIM_BRIDGE: Initializing Izhikevich model specifics for 126 neurons...
[2026-07-10 06:05:40][INFO] SIM_BRIDGE: Applying parameter heterogeneity to neuron parameters...
[2026-07-10 06:05:40][INFO] SIM_BRIDGE: Applied heterogeneity to 4 parameters.
[2026-07-10 06:05:40][INFO] SIM_BRIDGE: Initializing OU process state (tau=15.0ms, sigma=20.0pA)...
[2026-07-10 06:05:40][INFO] SIM_BRIDGE: Generating 3D neuron positions for 126 neurons...
[2026-07-10 06:05:40][INFO] SIM_BRIDGE: Generating connections (3D)...
[2026-07-10 06:05:40][INFO] SIM_BRIDGE: Simulation data initialized for 126 neurons (3D). Synapses: 0. GPU memory: 21.3GB/51.2GB (41.6%)
[2026-07-10 06:05:40][INFO] SIM_BRIDGE: inject_explicit_wiring: installed 720 synapses across 1 populations.
[2026-07-10 06:05:44][INFO] SIM_BRIDGE: NumPy backend (CPU (NumPy backend), 47.7 GB RAM available)
[2026-07-10 06:05:44][INFO] SIM_BRIDGE: Initializing simulation data for model: IZHIKEVICH (3D)... (playback_init: False)
[2026-07-10 06:05:44][INFO] SIM_BRIDGE: RNG initialized with seed: 42
[2026-07-10 06:05:44][INFO] SIM_BRIDGE: Initializing Izhikevich model specifics for 224 neurons...
[2026-07-10 06:05:44][INFO] SIM_BRIDGE: Applying parameter heterogeneity to neuron parameters...
[2026-07-10 06:05:44][INFO] SIM_BRIDGE: Applied heterogeneity to 4 parameters.
[2026-07-10 06:05:44][INFO] SIM_BRIDGE: Initializing OU process state (tau=15.0ms, sigma=20.0pA)...
[2026-07-10 06:05:44][INFO] SIM_BRIDGE: Generating 3D neuron positions for 224 neurons...
[2026-07-10 06:05:44][INFO] SIM_BRIDGE: Generating connections (3D)...
[2026-07-10 06:05:44][INFO] SIM_BRIDGE: Simulation data initialized for 224 neurons (3D). Synapses: 0. GPU memory: 21.3GB/51.2GB (41.5%)
[2026-07-10 06:05:44][INFO] SIM_BRIDGE: inject_explicit_wiring: installed 4800 synapses across 1 populations.
[2026-07-10 06:05:49][INFO] SIM_BRIDGE: NumPy backend (CPU (NumPy backend), 47.7 GB RAM available)
[2026-07-10 06:05:49][INFO] SIM_BRIDGE: Initializing simulation data for model: IZHIKEVICH (3D)... (playback_init: False)
[2026-07-10 06:05:49][INFO] SIM_BRIDGE: Brain-region framework: 2 regions, 1200 total neurons, 2 pathways.
[2026-07-10 06:05:49][INFO] SIM_BRIDGE: RNG initialized with seed: 42
[2026-07-10 06:05:49][INFO] SIM_BRIDGE: NMDA per-region mask: 2 regions enabled (1200 neurons)
[2026-07-10 06:05:49][INFO] SIM_BRIDGE: Initializing Izhikevich model specifics for 1200 neurons...
[2026-07-10 06:05:49][INFO] SIM_BRIDGE: Region 'cortex_ctx' (600 neurons): using Izh type IZH2007_HIPPO_PYRAMIDAL
[2026-07-10 06:05:49][INFO] SIM_BRIDGE: Region 'dlpfc_wm' (600 neurons): using Izh type IZH2007_HIPPO_PYRAMIDAL
[2026-07-10 06:05:49][INFO] SIM_BRIDGE: Applying parameter heterogeneity to neuron parameters...
[2026-07-10 06:05:49][INFO] SIM_BRIDGE: Applied heterogeneity to 4 parameters.
[2026-07-10 06:05:49][INFO] SIM_BRIDGE: Generating 3D neuron positions for 1200 neurons...
[2026-07-10 06:05:49][INFO] SIM_BRIDGE: Generating connections (brain-region framework)...
[2026-07-10 06:05:50][INFO] SIM_BRIDGE: inject_explicit_wiring: installed 107786 synapses across 4 populations.
[2026-07-10 06:05:50][INFO] SIM_BRIDGE: Initializing eligibility traces for 107786 synapses (capacity: 161679, dtype: float32)...
[2026-07-10 06:05:50][INFO] SIM_BRIDGE: Initializing STDP state for 1200 neurons...
[2026-07-10 06:05:50][INFO] SIM_BRIDGE: Simulation data initialized for 1200 neurons (3D). Synapses: 107786. GPU memory: 21.3GB/51.2GB (41.6%)
[2026-07-10 06:05:50][INFO] SIM_BRIDGE: NumPy backend (CPU (NumPy backend), 47.7 GB RAM available)
[2026-07-10 06:05:50][INFO] SIM_BRIDGE: Initializing simulation data for model: IZHIKEVICH (3D)... (playback_init: False)
[2026-07-10 06:05:50][INFO] SIM_BRIDGE: Brain-region framework: 14 regions, 1380 total neurons, 38 pathways.
[2026-07-10 06:05:50][INFO] SIM_BRIDGE: RNG initialized with seed: 42
[2026-07-10 06:05:50][INFO] SIM_BRIDGE: NMDA per-region mask: 8 regions enabled (1320 neurons)
[2026-07-10 06:05:50][INFO] SIM_BRIDGE: Initializing Izhikevich model specifics for 1380 neurons...
[2026-07-10 06:05:50][INFO] SIM_BRIDGE: Region 'cortex_ctx' (600 neurons): using Izh type IZH2007_HIPPO_PYRAMIDAL
[2026-07-10 06:05:50][INFO] SIM_BRIDGE: Region 'dlpfc_wm' (600 neurons): using Izh type IZH2007_HIPPO_PYRAMIDAL
[2026-07-10 06:05:50][INFO] SIM_BRIDGE: Region 'sel_dog' (20 neurons): using Izh type IZH2007_RS_CORTICAL_PYRAMIDAL
[2026-07-10 06:05:50][INFO] SIM_BRIDGE: Region 'sel_FS_dog' (10 neurons): using Izh type IZH2007_FS_CORTICAL_INTERNEURON
[2026-07-10 06:05:50][INFO] SIM_BRIDGE: Region 'sel_cat' (20 neurons): using Izh type IZH2007_RS_CORTICAL_PYRAMIDAL
[2026-07-10 06:05:50][INFO] SIM_BRIDGE: Region 'sel_FS_cat' (10 neurons): using Izh type IZH2007_FS_CORTICAL_INTERNEURON
[2026-07-10 06:05:50][INFO] SIM_BRIDGE: Region 'sel_fish' (20 neurons): using Izh type IZH2007_RS_CORTICAL_PYRAMIDAL
[2026-07-10 06:05:50][INFO] SIM_BRIDGE: Region 'sel_FS_fish' (10 neurons): using Izh type IZH2007_FS_CORTICAL_INTERNEURON
[2026-07-10 06:05:50][INFO] SIM_BRIDGE: Region 'sel_bird' (20 neurons): using Izh type IZH2007_RS_CORTICAL_PYRAMIDAL
[2026-07-10 06:05:50][INFO] SIM_BRIDGE: Region 'sel_FS_bird' (10 neurons): using Izh type IZH2007_FS_CORTICAL_INTERNEURON
[2026-07-10 06:05:50][INFO] SIM_BRIDGE: Region 'sel_worm' (20 neurons): using Izh type IZH2007_RS_CORTICAL_PYRAMIDAL
[2026-07-10 06:05:50][INFO] SIM_BRIDGE: Region 'sel_FS_worm' (10 neurons): using Izh type IZH2007_FS_CORTICAL_INTERNEURON
[2026-07-10 06:05:50][INFO] SIM_BRIDGE: Region 'sel_ball' (20 neurons): using Izh type IZH2007_RS_CORTICAL_PYRAMIDAL
[2026-07-10 06:05:50][INFO] SIM_BRIDGE: Region 'sel_FS_ball' (10 neurons): using Izh type IZH2007_FS_CORTICAL_INTERNEURON
[2026-07-10 06:05:50][INFO] SIM_BRIDGE: Applying parameter heterogeneity to neuron parameters...
[2026-07-10 06:05:50][INFO] SIM_BRIDGE: Applied heterogeneity to 4 parameters.
[2026-07-10 06:05:50][INFO] SIM_BRIDGE: Generating 3D neuron positions for 1380 neurons...
[2026-07-10 06:05:50][INFO] SIM_BRIDGE: Generating connections (brain-region framework)...
[2026-07-10 06:05:50][INFO] SIM_BRIDGE: inject_explicit_wiring: installed 44129 synapses across 44 populations.
[2026-07-10 06:05:50][INFO] SIM_BRIDGE: Initializing eligibility traces for 44129 synapses (capacity: 66193, dtype: float32)...
[2026-07-10 06:05:50][INFO] SIM_BRIDGE: Initializing STDP state for 1380 neurons...
[2026-07-10 06:05:50][INFO] SIM_BRIDGE: Simulation data initialized for 1380 neurons (3D). Synapses: 44129. GPU memory: 21.4GB/51.2GB (41.7%)
[2026-07-10 06:05:50][INFO] SIM_BRIDGE: NumPy backend (CPU (NumPy backend), 47.7 GB RAM available)
[2026-07-10 06:05:50][INFO] SIM_BRIDGE: Initializing simulation data for model: IZHIKEVICH (3D)... (playback_init: False)
[2026-07-10 06:05:50][INFO] SIM_BRIDGE: RNG initialized with seed: 42
[2026-07-10 06:05:50][INFO] SIM_BRIDGE: Initializing Izhikevich model specifics for 126 neurons...
[2026-07-10 06:05:50][INFO] SIM_BRIDGE: Applying parameter heterogeneity to neuron parameters...
[2026-07-10 06:05:50][INFO] SIM_BRIDGE: Applied heterogeneity to 4 parameters.
[2026-07-10 06:05:50][INFO] SIM_BRIDGE: Initializing OU process state (tau=15.0ms, sigma=20.0pA)...
[2026-07-10 06:05:50][INFO] SIM_BRIDGE: Generating 3D neuron positions for 126 neurons...
[2026-07-10 06:05:50][INFO] SIM_BRIDGE: Generating connections (3D)...
[2026-07-10 06:05:50][INFO] SIM_BRIDGE: Simulation data initialized for 126 neurons (3D). Synapses: 0. GPU memory: 21.4GB/51.2GB (41.7%)
[2026-07-10 06:05:50][INFO] SIM_BRIDGE: inject_explicit_wiring: installed 720 synapses across 1 populations.
[2026-07-10 06:05:53][INFO] SIM_BRIDGE: NumPy backend (CPU (NumPy backend), 47.7 GB RAM available)
[2026-07-10 06:05:53][INFO] SIM_BRIDGE: Initializing simulation data for model: IZHIKEVICH (3D)... (playback_init: False)
[2026-07-10 06:05:53][INFO] SIM_BRIDGE: RNG initialized with seed: 42
[2026-07-10 06:05:53][INFO] SIM_BRIDGE: Initializing Izhikevich model specifics for 224 neurons...
[2026-07-10 06:05:53][INFO] SIM_BRIDGE: Applying parameter heterogeneity to neuron parameters...
[2026-07-10 06:05:53][INFO] SIM_BRIDGE: Applied heterogeneity to 4 parameters.
[2026-07-10 06:05:53][INFO] SIM_BRIDGE: Initializing OU process state (tau=15.0ms, sigma=20.0pA)...
[2026-07-10 06:05:53][INFO] SIM_BRIDGE: Generating 3D neuron positions for 224 neurons...
[2026-07-10 06:05:53][INFO] SIM_BRIDGE: Generating connections (3D)...
[2026-07-10 06:05:53][INFO] SIM_BRIDGE: Simulation data initialized for 224 neurons (3D). Synapses: 0. GPU memory: 21.4GB/51.2GB (41.7%)
[2026-07-10 06:05:53][INFO] SIM_BRIDGE: inject_explicit_wiring: installed 4800 synapses across 1 populations.
[2026-07-10 06:05:59][INFO] SIM_BRIDGE: NumPy backend (CPU (NumPy backend), 47.7 GB RAM available)
[2026-07-10 06:05:59][INFO] SIM_BRIDGE: Initializing simulation data for model: IZHIKEVICH (3D)... (playback_init: False)
[2026-07-10 06:05:59][INFO] SIM_BRIDGE: Brain-region framework: 2 regions, 1200 total neurons, 2 pathways.
[2026-07-10 06:05:59][INFO] SIM_BRIDGE: RNG initialized with seed: 42
[2026-07-10 06:05:59][INFO] SIM_BRIDGE: NMDA per-region mask: 2 regions enabled (1200 neurons)
[2026-07-10 06:05:59][INFO] SIM_BRIDGE: Initializing Izhikevich model specifics for 1200 neurons...
[2026-07-10 06:05:59][INFO] SIM_BRIDGE: Region 'cortex_ctx' (600 neurons): using Izh type IZH2007_HIPPO_PYRAMIDAL
[2026-07-10 06:05:59][INFO] SIM_BRIDGE: Region 'dlpfc_wm' (600 neurons): using Izh type IZH2007_HIPPO_PYRAMIDAL
[2026-07-10 06:05:59][INFO] SIM_BRIDGE: Applying parameter heterogeneity to neuron parameters...
[2026-07-10 06:05:59][INFO] SIM_BRIDGE: Applied heterogeneity to 4 parameters.
[2026-07-10 06:05:59][INFO] SIM_BRIDGE: Generating 3D neuron positions for 1200 neurons...
[2026-07-10 06:05:59][INFO] SIM_BRIDGE: Generating connections (brain-region framework)...
[2026-07-10 06:05:59][INFO] SIM_BRIDGE: inject_explicit_wiring: installed 107786 synapses across 4 populations.
[2026-07-10 06:05:59][INFO] SIM_BRIDGE: Initializing eligibility traces for 107786 synapses (capacity: 161679, dtype: float32)...
[2026-07-10 06:05:59][INFO] SIM_BRIDGE: Initializing STDP state for 1200 neurons...
[2026-07-10 06:05:59][INFO] SIM_BRIDGE: Simulation data initialized for 1200 neurons (3D). Synapses: 107786. GPU memory: 21.4GB/51.2GB (41.8%)
[2026-07-10 06:05:59][INFO] SIM_BRIDGE: NumPy backend (CPU (NumPy backend), 47.7 GB RAM available)
[2026-07-10 06:05:59][INFO] SIM_BRIDGE: Initializing simulation data for model: IZHIKEVICH (3D)... (playback_init: False)
[2026-07-10 06:05:59][INFO] SIM_BRIDGE: Brain-region framework: 14 regions, 1380 total neurons, 38 pathways.
[2026-07-10 06:05:59][INFO] SIM_BRIDGE: RNG initialized with seed: 42
[2026-07-10 06:05:59][INFO] SIM_BRIDGE: NMDA per-region mask: 8 regions enabled (1320 neurons)
[2026-07-10 06:05:59][INFO] SIM_BRIDGE: Initializing Izhikevich model specifics for 1380 neurons...
[2026-07-10 06:05:59][INFO] SIM_BRIDGE: Region 'cortex_ctx' (600 neurons): using Izh type IZH2007_HIPPO_PYRAMIDAL
[2026-07-10 06:05:59][INFO] SIM_BRIDGE: Region 'dlpfc_wm' (600 neurons): using Izh type IZH2007_HIPPO_PYRAMIDAL
[2026-07-10 06:05:59][INFO] SIM_BRIDGE: Region 'sel_dog' (20 neurons): using Izh type IZH2007_RS_CORTICAL_PYRAMIDAL
[2026-07-10 06:05:59][INFO] SIM_BRIDGE: Region 'sel_FS_dog' (10 neurons): using Izh type IZH2007_FS_CORTICAL_INTERNEURON
[2026-07-10 06:05:59][INFO] SIM_BRIDGE: Region 'sel_cat' (20 neurons): using Izh type IZH2007_RS_CORTICAL_PYRAMIDAL
[2026-07-10 06:05:59][INFO] SIM_BRIDGE: Region 'sel_FS_cat' (10 neurons): using Izh type IZH2007_FS_CORTICAL_INTERNEURON
[2026-07-10 06:05:59][INFO] SIM_BRIDGE: Region 'sel_fish' (20 neurons): using Izh type IZH2007_RS_CORTICAL_PYRAMIDAL
[2026-07-10 06:05:59][INFO] SIM_BRIDGE: Region 'sel_FS_fish' (10 neurons): using Izh type IZH2007_FS_CORTICAL_INTERNEURON
[2026-07-10 06:05:59][INFO] SIM_BRIDGE: Region 'sel_bird' (20 neurons): using Izh type IZH2007_RS_CORTICAL_PYRAMIDAL
[2026-07-10 06:05:59][INFO] SIM_BRIDGE: Region 'sel_FS_bird' (10 neurons): using Izh type IZH2007_FS_CORTICAL_INTERNEURON
[2026-07-10 06:05:59][INFO] SIM_BRIDGE: Region 'sel_worm' (20 neurons): using Izh type IZH2007_RS_CORTICAL_PYRAMIDAL
[2026-07-10 06:05:59][INFO] SIM_BRIDGE: Region 'sel_FS_worm' (10 neurons): using Izh type IZH2007_FS_CORTICAL_INTERNEURON
[2026-07-10 06:05:59][INFO] SIM_BRIDGE: Region 'sel_ball' (20 neurons): using Izh type IZH2007_RS_CORTICAL_PYRAMIDAL
[2026-07-10 06:05:59][INFO] SIM_BRIDGE: Region 'sel_FS_ball' (10 neurons): using Izh type IZH2007_FS_CORTICAL_INTERNEURON
[2026-07-10 06:05:59][INFO] SIM_BRIDGE: Applying parameter heterogeneity to neuron parameters...
[2026-07-10 06:05:59][INFO] SIM_BRIDGE: Applied heterogeneity to 4 parameters.
[2026-07-10 06:05:59][INFO] SIM_BRIDGE: Generating 3D neuron positions for 1380 neurons...
[2026-07-10 06:05:59][INFO] SIM_BRIDGE: Generating connections (brain-region framework)...
[2026-07-10 06:05:59][INFO] SIM_BRIDGE: inject_explicit_wiring: installed 44129 synapses across 44 populations.
[2026-07-10 06:05:59][INFO] SIM_BRIDGE: Initializing eligibility traces for 44129 synapses (capacity: 66193, dtype: float32)...
[2026-07-10 06:05:59][INFO] SIM_BRIDGE: Initializing STDP state for 1380 neurons...
[2026-07-10 06:05:59][INFO] SIM_BRIDGE: Simulation data initialized for 1380 neurons (3D). Synapses: 44129. GPU memory: 21.5GB/51.2GB (41.9%)
[2026-07-10 06:06:00][INFO] SIM_BRIDGE: NumPy backend (CPU (NumPy backend), 47.7 GB RAM available)
[2026-07-10 06:06:00][INFO] SIM_BRIDGE: Initializing simulation data for model: IZHIKEVICH (3D)... (playback_init: False)
[2026-07-10 06:06:00][INFO] SIM_BRIDGE: RNG initialized with seed: 42
[2026-07-10 06:06:00][INFO] SIM_BRIDGE: Initializing Izhikevich model specifics for 126 neurons...
[2026-07-10 06:06:00][INFO] SIM_BRIDGE: Applying parameter heterogeneity to neuron parameters...
[2026-07-10 06:06:00][INFO] SIM_BRIDGE: Applied heterogeneity to 4 parameters.
[2026-07-10 06:06:00][INFO] SIM_BRIDGE: Initializing OU process state (tau=15.0ms, sigma=20.0pA)...
[2026-07-10 06:06:00][INFO] SIM_BRIDGE: Generating 3D neuron positions for 126 neurons...
[2026-07-10 06:06:00][INFO] SIM_BRIDGE: Generating connections (3D)...
[2026-07-10 06:06:00][INFO] SIM_BRIDGE: Simulation data initialized for 126 neurons (3D). Synapses: 0. GPU memory: 21.5GB/51.2GB (41.9%)
[2026-07-10 06:06:00][INFO] SIM_BRIDGE: inject_explicit_wiring: installed 720 synapses across 1 populations.
[2026-07-10 06:06:03][INFO] SIM_BRIDGE: NumPy backend (CPU (NumPy backend), 47.7 GB RAM available)
[2026-07-10 06:06:03][INFO] SIM_BRIDGE: Initializing simulation data for model: IZHIKEVICH (3D)... (playback_init: False)
[2026-07-10 06:06:03][INFO] SIM_BRIDGE: RNG initialized with seed: 42
[2026-07-10 06:06:03][INFO] SIM_BRIDGE: Initializing Izhikevich model specifics for 224 neurons...
[2026-07-10 06:06:03][INFO] SIM_BRIDGE: Applying parameter heterogeneity to neuron parameters...
[2026-07-10 06:06:03][INFO] SIM_BRIDGE: Applied heterogeneity to 4 parameters.
[2026-07-10 06:06:03][INFO] SIM_BRIDGE: Initializing OU process state (tau=15.0ms, sigma=20.0pA)...
[2026-07-10 06:06:03][INFO] SIM_BRIDGE: Generating 3D neuron positions for 224 neurons...
[2026-07-10 06:06:03][INFO] SIM_BRIDGE: Generating connections (3D)...
[2026-07-10 06:06:03][INFO] SIM_BRIDGE: Simulation data initialized for 224 neurons (3D). Synapses: 0. GPU memory: 21.5GB/51.2GB (41.9%)
[2026-07-10 06:06:03][INFO] SIM_BRIDGE: inject_explicit_wiring: installed 4800 synapses across 1 populations.
[2026-07-10 06:06:08][INFO] SIM_BRIDGE: NumPy backend (CPU (NumPy backend), 47.7 GB RAM available)
[2026-07-10 06:06:08][INFO] SIM_BRIDGE: Initializing simulation data for model: IZHIKEVICH (3D)... (playback_init: False)
[2026-07-10 06:06:08][INFO] SIM_BRIDGE: Brain-region framework: 2 regions, 1200 total neurons, 2 pathways.
[2026-07-10 06:06:08][INFO] SIM_BRIDGE: RNG initialized with seed: 42
[2026-07-10 06:06:08][INFO] SIM_BRIDGE: NMDA per-region mask: 2 regions enabled (1200 neurons)
[2026-07-10 06:06:08][INFO] SIM_BRIDGE: Initializing Izhikevich model specifics for 1200 neurons...
[2026-07-10 06:06:08][INFO] SIM_BRIDGE: Region 'cortex_ctx' (600 neurons): using Izh type IZH2007_HIPPO_PYRAMIDAL
[2026-07-10 06:06:08][INFO] SIM_BRIDGE: Region 'dlpfc_wm' (600 neurons): using Izh type IZH2007_HIPPO_PYRAMIDAL
[2026-07-10 06:06:08][INFO] SIM_BRIDGE: Applying parameter heterogeneity to neuron parameters...
[2026-07-10 06:06:08][INFO] SIM_BRIDGE: Applied heterogeneity to 4 parameters.
[2026-07-10 06:06:08][INFO] SIM_BRIDGE: Generating 3D neuron positions for 1200 neurons...
[2026-07-10 06:06:08][INFO] SIM_BRIDGE: Generating connections (brain-region framework)...
[2026-07-10 06:06:09][INFO] SIM_BRIDGE: inject_explicit_wiring: installed 107786 synapses across 4 populations.
[2026-07-10 06:06:09][INFO] SIM_BRIDGE: Initializing eligibility traces for 107786 synapses (capacity: 161679, dtype: float32)...
[2026-07-10 06:06:09][INFO] SIM_BRIDGE: Initializing STDP state for 1200 neurons...
[2026-07-10 06:06:09][INFO] SIM_BRIDGE: Simulation data initialized for 1200 neurons (3D). Synapses: 107786. GPU memory: 21.5GB/51.2GB (41.9%)
[2026-07-10 06:06:09][INFO] SIM_BRIDGE: NumPy backend (CPU (NumPy backend), 47.7 GB RAM available)
[2026-07-10 06:06:09][INFO] SIM_BRIDGE: Initializing simulation data for model: IZHIKEVICH (3D)... (playback_init: False)
[2026-07-10 06:06:09][INFO] SIM_BRIDGE: Brain-region framework: 14 regions, 1380 total neurons, 38 pathways.
[2026-07-10 06:06:09][INFO] SIM_BRIDGE: RNG initialized with seed: 42
[2026-07-10 06:06:09][INFO] SIM_BRIDGE: NMDA per-region mask: 8 regions enabled (1320 neurons)
[2026-07-10 06:06:09][INFO] SIM_BRIDGE: Initializing Izhikevich model specifics for 1380 neurons...
[2026-07-10 06:06:09][INFO] SIM_BRIDGE: Region 'cortex_ctx' (600 neurons): using Izh type IZH2007_HIPPO_PYRAMIDAL
[2026-07-10 06:06:09][INFO] SIM_BRIDGE: Region 'dlpfc_wm' (600 neurons): using Izh type IZH2007_HIPPO_PYRAMIDAL
[2026-07-10 06:06:09][INFO] SIM_BRIDGE: Region 'sel_dog' (20 neurons): using Izh type IZH2007_RS_CORTICAL_PYRAMIDAL
[2026-07-10 06:06:09][INFO] SIM_BRIDGE: Region 'sel_FS_dog' (10 neurons): using Izh type IZH2007_FS_CORTICAL_INTERNEURON
[2026-07-10 06:06:09][INFO] SIM_BRIDGE: Region 'sel_cat' (20 neurons): using Izh type IZH2007_RS_CORTICAL_PYRAMIDAL
[2026-07-10 06:06:09][INFO] SIM_BRIDGE: Region 'sel_FS_cat' (10 neurons): using Izh type IZH2007_FS_CORTICAL_INTERNEURON
[2026-07-10 06:06:09][INFO] SIM_BRIDGE: Region 'sel_fish' (20 neurons): using Izh type IZH2007_RS_CORTICAL_PYRAMIDAL
[2026-07-10 06:06:09][INFO] SIM_BRIDGE: Region 'sel_FS_fish' (10 neurons): using Izh type IZH2007_FS_CORTICAL_INTERNEURON
[2026-07-10 06:06:09][INFO] SIM_BRIDGE: Region 'sel_bird' (20 neurons): using Izh type IZH2007_RS_CORTICAL_PYRAMIDAL
[2026-07-10 06:06:09][INFO] SIM_BRIDGE: Region 'sel_FS_bird' (10 neurons): using Izh type IZH2007_FS_CORTICAL_INTERNEURON
[2026-07-10 06:06:09][INFO] SIM_BRIDGE: Region 'sel_worm' (20 neurons): using Izh type IZH2007_RS_CORTICAL_PYRAMIDAL
[2026-07-10 06:06:09][INFO] SIM_BRIDGE: Region 'sel_FS_worm' (10 neurons): using Izh type IZH2007_FS_CORTICAL_INTERNEURON
[2026-07-10 06:06:09][INFO] SIM_BRIDGE: Region 'sel_ball' (20 neurons): using Izh type IZH2007_RS_CORTICAL_PYRAMIDAL
[2026-07-10 06:06:09][INFO] SIM_BRIDGE: Region 'sel_FS_ball' (10 neurons): using Izh type IZH2007_FS_CORTICAL_INTERNEURON
[2026-07-10 06:06:09][INFO] SIM_BRIDGE: Applying parameter heterogeneity to neuron parameters...
[2026-07-10 06:06:09][INFO] SIM_BRIDGE: Applied heterogeneity to 4 parameters.
[2026-07-10 06:06:09][INFO] SIM_BRIDGE: Generating 3D neuron positions for 1380 neurons...
[2026-07-10 06:06:09][INFO] SIM_BRIDGE: Generating connections (brain-region framework)...
[2026-07-10 06:06:09][INFO] SIM_BRIDGE: inject_explicit_wiring: installed 44129 synapses across 44 populations.
[2026-07-10 06:06:09][INFO] SIM_BRIDGE: Initializing eligibility traces for 44129 synapses (capacity: 66193, dtype: float32)...
[2026-07-10 06:06:09][INFO] SIM_BRIDGE: Initializing STDP state for 1380 neurons...
[2026-07-10 06:06:09][INFO] SIM_BRIDGE: Simulation data initialized for 1380 neurons (3D). Synapses: 44129. GPU memory: 21.5GB/51.2GB (41.9%)
[2026-07-10 06:06:09][INFO] SIM_BRIDGE: NumPy backend (CPU (NumPy backend), 47.7 GB RAM available)
[2026-07-10 06:06:09][INFO] SIM_BRIDGE: Initializing simulation data for model: IZHIKEVICH (3D)... (playback_init: False)
[2026-07-10 06:06:09][INFO] SIM_BRIDGE: RNG initialized with seed: 42
[2026-07-10 06:06:09][INFO] SIM_BRIDGE: Initializing Izhikevich model specifics for 126 neurons...
[2026-07-10 06:06:09][INFO] SIM_BRIDGE: Applying parameter heterogeneity to neuron parameters...
[2026-07-10 06:06:09][INFO] SIM_BRIDGE: Applied heterogeneity to 4 parameters.
[2026-07-10 06:06:09][INFO] SIM_BRIDGE: Initializing OU process state (tau=15.0ms, sigma=20.0pA)...
[2026-07-10 06:06:09][INFO] SIM_BRIDGE: Generating 3D neuron positions for 126 neurons...
[2026-07-10 06:06:09][INFO] SIM_BRIDGE: Generating connections (3D)...
[2026-07-10 06:06:09][INFO] SIM_BRIDGE: Simulation data initialized for 126 neurons (3D). Synapses: 0. GPU memory: 21.5GB/51.2GB (41.9%)
[2026-07-10 06:06:09][INFO] SIM_BRIDGE: inject_explicit_wiring: installed 720 synapses across 1 populations.
[2026-07-10 06:06:12][INFO] SIM_BRIDGE: NumPy backend (CPU (NumPy backend), 47.7 GB RAM available)
[2026-07-10 06:06:12][INFO] SIM_BRIDGE: Initializing simulation data for model: IZHIKEVICH (3D)... (playback_init: False)
[2026-07-10 06:06:12][INFO] SIM_BRIDGE: RNG initialized with seed: 42
[2026-07-10 06:06:12][INFO] SIM_BRIDGE: Initializing Izhikevich model specifics for 224 neurons...
[2026-07-10 06:06:12][INFO] SIM_BRIDGE: Applying parameter heterogeneity to neuron parameters...
[2026-07-10 06:06:12][INFO] SIM_BRIDGE: Applied heterogeneity to 4 parameters.
[2026-07-10 06:06:12][INFO] SIM_BRIDGE: Initializing OU process state (tau=15.0ms, sigma=20.0pA)...
[2026-07-10 06:06:12][INFO] SIM_BRIDGE: Generating 3D neuron positions for 224 neurons...
[2026-07-10 06:06:12][INFO] SIM_BRIDGE: Generating connections (3D)...
[2026-07-10 06:06:12][INFO] SIM_BRIDGE: Simulation data initialized for 224 neurons (3D). Synapses: 0. GPU memory: 21.5GB/51.2GB (42.0%)
[2026-07-10 06:06:12][INFO] SIM_BRIDGE: inject_explicit_wiring: installed 4800 synapses across 1 populations.
[2026-07-10 06:06:18][INFO] SIM_BRIDGE: NumPy backend (CPU (NumPy backend), 47.7 GB RAM available)
[2026-07-10 06:06:18][INFO] SIM_BRIDGE: Initializing simulation data for model: IZHIKEVICH (3D)... (playback_init: False)
[2026-07-10 06:06:18][INFO] SIM_BRIDGE: Brain-region framework: 2 regions, 1200 total neurons, 2 pathways.
[2026-07-10 06:06:18][INFO] SIM_BRIDGE: RNG initialized with seed: 42
[2026-07-10 06:06:18][INFO] SIM_BRIDGE: NMDA per-region mask: 2 regions enabled (1200 neurons)
[2026-07-10 06:06:18][INFO] SIM_BRIDGE: Initializing Izhikevich model specifics for 1200 neurons...
[2026-07-10 06:06:18][INFO] SIM_BRIDGE: Region 'cortex_ctx' (600 neurons): using Izh type IZH2007_HIPPO_PYRAMIDAL
[2026-07-10 06:06:18][INFO] SIM_BRIDGE: Region 'dlpfc_wm' (600 neurons): using Izh type IZH2007_HIPPO_PYRAMIDAL
[2026-07-10 06:06:18][INFO] SIM_BRIDGE: Applying parameter heterogeneity to neuron parameters...
[2026-07-10 06:06:18][INFO] SIM_BRIDGE: Applied heterogeneity to 4 parameters.
[2026-07-10 06:06:18][INFO] SIM_BRIDGE: Generating 3D neuron positions for 1200 neurons...
[2026-07-10 06:06:18][INFO] SIM_BRIDGE: Generating connections (brain-region framework)...
[2026-07-10 06:06:18][INFO] SIM_BRIDGE: inject_explicit_wiring: installed 107786 synapses across 4 populations.
[2026-07-10 06:06:18][INFO] SIM_BRIDGE: Initializing eligibility traces for 107786 synapses (capacity: 161679, dtype: float32)...
[2026-07-10 06:06:18][INFO] SIM_BRIDGE: Initializing STDP state for 1200 neurons...
[2026-07-10 06:06:18][INFO] SIM_BRIDGE: Simulation data initialized for 1200 neurons (3D). Synapses: 107786. GPU memory: 21.4GB/51.2GB (41.8%)
[2026-07-10 06:06:18][INFO] SIM_BRIDGE: NumPy backend (CPU (NumPy backend), 47.7 GB RAM available)
[2026-07-10 06:06:18][INFO] SIM_BRIDGE: Initializing simulation data for model: IZHIKEVICH (3D)... (playback_init: False)
[2026-07-10 06:06:18][INFO] SIM_BRIDGE: Brain-region framework: 14 regions, 1380 total neurons, 38 pathways.
[2026-07-10 06:06:18][INFO] SIM_BRIDGE: RNG initialized with seed: 42
[2026-07-10 06:06:18][INFO] SIM_BRIDGE: NMDA per-region mask: 8 regions enabled (1320 neurons)
[2026-07-10 06:06:18][INFO] SIM_BRIDGE: Initializing Izhikevich model specifics for 1380 neurons...
[2026-07-10 06:06:18][INFO] SIM_BRIDGE: Region 'cortex_ctx' (600 neurons): using Izh type IZH2007_HIPPO_PYRAMIDAL
[2026-07-10 06:06:18][INFO] SIM_BRIDGE: Region 'dlpfc_wm' (600 neurons): using Izh type IZH2007_HIPPO_PYRAMIDAL
[2026-07-10 06:06:18][INFO] SIM_BRIDGE: Region 'sel_dog' (20 neurons): using Izh type IZH2007_RS_CORTICAL_PYRAMIDAL
[2026-07-10 06:06:18][INFO] SIM_BRIDGE: Region 'sel_FS_dog' (10 neurons): using Izh type IZH2007_FS_CORTICAL_INTERNEURON
[2026-07-10 06:06:18][INFO] SIM_BRIDGE: Region 'sel_cat' (20 neurons): using Izh type IZH2007_RS_CORTICAL_PYRAMIDAL
[2026-07-10 06:06:18][INFO] SIM_BRIDGE: Region 'sel_FS_cat' (10 neurons): using Izh type IZH2007_FS_CORTICAL_INTERNEURON
[2026-07-10 06:06:18][INFO] SIM_BRIDGE: Region 'sel_fish' (20 neurons): using Izh type IZH2007_RS_CORTICAL_PYRAMIDAL
[2026-07-10 06:06:18][INFO] SIM_BRIDGE: Region 'sel_FS_fish' (10 neurons): using Izh type IZH2007_FS_CORTICAL_INTERNEURON
[2026-07-10 06:06:18][INFO] SIM_BRIDGE: Region 'sel_bird' (20 neurons): using Izh type IZH2007_RS_CORTICAL_PYRAMIDAL
[2026-07-10 06:06:18][INFO] SIM_BRIDGE: Region 'sel_FS_bird' (10 neurons): using Izh type IZH2007_FS_CORTICAL_INTERNEURON
[2026-07-10 06:06:18][INFO] SIM_BRIDGE: Region 'sel_worm' (20 neurons): using Izh type IZH2007_RS_CORTICAL_PYRAMIDAL
[2026-07-10 06:06:18][INFO] SIM_BRIDGE: Region 'sel_FS_worm' (10 neurons): using Izh type IZH2007_FS_CORTICAL_INTERNEURON
[2026-07-10 06:06:18][INFO] SIM_BRIDGE: Region 'sel_ball' (20 neurons): using Izh type IZH2007_RS_CORTICAL_PYRAMIDAL
[2026-07-10 06:06:18][INFO] SIM_BRIDGE: Region 'sel_FS_ball' (10 neurons): using Izh type IZH2007_FS_CORTICAL_INTERNEURON
[2026-07-10 06:06:18][INFO] SIM_BRIDGE: Applying parameter heterogeneity to neuron parameters...
[2026-07-10 06:06:18][INFO] SIM_BRIDGE: Applied heterogeneity to 4 parameters.
[2026-07-10 06:06:18][INFO] SIM_BRIDGE: Generating 3D neuron positions for 1380 neurons...
[2026-07-10 06:06:18][INFO] SIM_BRIDGE: Generating connections (brain-region framework)...
[2026-07-10 06:06:18][INFO] SIM_BRIDGE: inject_explicit_wiring: installed 44129 synapses across 44 populations.
[2026-07-10 06:06:18][INFO] SIM_BRIDGE: Initializing eligibility traces for 44129 synapses (capacity: 66193, dtype: float32)...
[2026-07-10 06:06:18][INFO] SIM_BRIDGE: Initializing STDP state for 1380 neurons...
[2026-07-10 06:06:18][INFO] SIM_BRIDGE: Simulation data initialized for 1380 neurons (3D). Synapses: 44129. GPU memory: 21.4GB/51.2GB (41.8%)
[2026-07-10 06:06:19][INFO] SIM_BRIDGE: NumPy backend (CPU (NumPy backend), 47.7 GB RAM available)
[2026-07-10 06:06:19][INFO] SIM_BRIDGE: Initializing simulation data for model: IZHIKEVICH (3D)... (playback_init: False)
[2026-07-10 06:06:19][INFO] SIM_BRIDGE: RNG initialized with seed: 42
[2026-07-10 06:06:19][INFO] SIM_BRIDGE: Initializing Izhikevich model specifics for 256 neurons...
[2026-07-10 06:06:19][INFO] SIM_BRIDGE: Applying parameter heterogeneity to neuron parameters...
[2026-07-10 06:06:19][INFO] SIM_BRIDGE: Applied heterogeneity to 4 parameters.
[2026-07-10 06:06:19][INFO] SIM_BRIDGE: Initializing OU process state (tau=15.0ms, sigma=0.0pA)...
[2026-07-10 06:06:19][INFO] SIM_BRIDGE: Generating 3D neuron positions for 256 neurons...
[2026-07-10 06:06:19][INFO] SIM_BRIDGE: Generating connections (3D)...
[2026-07-10 06:06:19][INFO] SIM_BRIDGE: Simulation data initialized for 256 neurons (3D). Synapses: 0. GPU memory: 21.4GB/51.2GB (41.8%)
[2026-07-10 06:06:19][INFO] SIM_BRIDGE: NumPy backend (CPU (NumPy backend), 47.7 GB RAM available)
[2026-07-10 06:06:19][INFO] SIM_BRIDGE: Initializing simulation data for model: IZHIKEVICH (3D)... (playback_init: False)
[2026-07-10 06:06:19][INFO] SIM_BRIDGE: RNG initialized with seed: 42
[2026-07-10 06:06:19][INFO] SIM_BRIDGE: Initializing Izhikevich model specifics for 512 neurons...
[2026-07-10 06:06:19][INFO] SIM_BRIDGE: Applying parameter heterogeneity to neuron parameters...
[2026-07-10 06:06:19][INFO] SIM_BRIDGE: Applied heterogeneity to 4 parameters.
[2026-07-10 06:06:19][INFO] SIM_BRIDGE: Initializing OU process state (tau=15.0ms, sigma=0.0pA)...
[2026-07-10 06:06:19][INFO] SIM_BRIDGE: Generating 3D neuron positions for 512 neurons...
[2026-07-10 06:06:19][INFO] SIM_BRIDGE: Generating connections (3D)...
[2026-07-10 06:06:19][INFO] SIM_BRIDGE: Simulation data initialized for 512 neurons (3D). Synapses: 0. GPU memory: 21.4GB/51.2GB (41.8%)
[2026-07-10 06:06:19][INFO] SIM_BRIDGE: NumPy backend (CPU (NumPy backend), 47.7 GB RAM available)
[2026-07-10 06:06:19][INFO] SIM_BRIDGE: Initializing simulation data for model: IZHIKEVICH (3D)... (playback_init: False)
[2026-07-10 06:06:19][INFO] SIM_BRIDGE: RNG initialized with seed: 42
[2026-07-10 06:06:19][INFO] SIM_BRIDGE: Initializing Izhikevich model specifics for 256 neurons...
[2026-07-10 06:06:19][INFO] SIM_BRIDGE: Applying parameter heterogeneity to neuron parameters...
[2026-07-10 06:06:19][INFO] SIM_BRIDGE: Applied heterogeneity to 4 parameters.
[2026-07-10 06:06:19][INFO] SIM_BRIDGE: Initializing OU process state (tau=15.0ms, sigma=0.0pA)...
[2026-07-10 06:06:19][INFO] SIM_BRIDGE: Generating 3D neuron positions for 256 neurons...
[2026-07-10 06:06:19][INFO] SIM_BRIDGE: Generating connections (3D)...
[2026-07-10 06:06:19][INFO] SIM_BRIDGE: Simulation data initialized for 256 neurons (3D). Synapses: 0. GPU memory: 21.4GB/51.2GB (41.8%)
[2026-07-10 06:06:19][INFO] SIM_BRIDGE: NumPy backend (CPU (NumPy backend), 47.7 GB RAM available)
[2026-07-10 06:06:19][INFO] SIM_BRIDGE: Initializing simulation data for model: IZHIKEVICH (3D)... (playback_init: False)
[2026-07-10 06:06:19][INFO] SIM_BRIDGE: RNG initialized with seed: 42
[2026-07-10 06:06:19][INFO] SIM_BRIDGE: Initializing Izhikevich model specifics for 512 neurons...
[2026-07-10 06:06:19][INFO] SIM_BRIDGE: Applying parameter heterogeneity to neuron parameters...
[2026-07-10 06:06:19][INFO] SIM_BRIDGE: Applied heterogeneity to 4 parameters.
[2026-07-10 06:06:19][INFO] SIM_BRIDGE: Initializing OU process state (tau=15.0ms, sigma=0.0pA)...
[2026-07-10 06:06:19][INFO] SIM_BRIDGE: Generating 3D neuron positions for 512 neurons...
[2026-07-10 06:06:19][INFO] SIM_BRIDGE: Generating connections (3D)...
[2026-07-10 06:06:19][INFO] SIM_BRIDGE: Simulation data initialized for 512 neurons (3D). Synapses: 0. GPU memory: 21.4GB/51.2GB (41.8%)
[2026-07-10 06:06:19][INFO] SIM_BRIDGE: NumPy backend (CPU (NumPy backend), 47.7 GB RAM available)
[2026-07-10 06:06:19][INFO] SIM_BRIDGE: Initializing simulation data for model: IZHIKEVICH (3D)... (playback_init: False)
[2026-07-10 06:06:19][INFO] SIM_BRIDGE: RNG initialized with seed: 42
[2026-07-10 06:06:19][INFO] SIM_BRIDGE: Initializing Izhikevich model specifics for 256 neurons...
[2026-07-10 06:06:19][INFO] SIM_BRIDGE: Applying parameter heterogeneity to neuron parameters...
[2026-07-10 06:06:19][INFO] SIM_BRIDGE: Applied heterogeneity to 4 parameters.
[2026-07-10 06:06:19][INFO] SIM_BRIDGE: Initializing OU process state (tau=15.0ms, sigma=0.0pA)...
[2026-07-10 06:06:19][INFO] SIM_BRIDGE: Generating 3D neuron positions for 256 neurons...
[2026-07-10 06:06:19][INFO] SIM_BRIDGE: Generating connections (3D)...
[2026-07-10 06:06:19][INFO] SIM_BRIDGE: Simulation data initialized for 256 neurons (3D). Synapses: 0. GPU memory: 21.4GB/51.2GB (41.8%)
[2026-07-10 06:06:19][INFO] SIM_BRIDGE: NumPy backend (CPU (NumPy backend), 47.7 GB RAM available)
[2026-07-10 06:06:19][INFO] SIM_BRIDGE: Initializing simulation data for model: IZHIKEVICH (3D)... (playback_init: False)
[2026-07-10 06:06:19][INFO] SIM_BRIDGE: RNG initialized with seed: 42
[2026-07-10 06:06:19][INFO] SIM_BRIDGE: Initializing Izhikevich model specifics for 512 neurons...
[2026-07-10 06:06:19][INFO] SIM_BRIDGE: Applying parameter heterogeneity to neuron parameters...
[2026-07-10 06:06:19][INFO] SIM_BRIDGE: Applied heterogeneity to 4 parameters.
[2026-07-10 06:06:19][INFO] SIM_BRIDGE: Initializing OU process state (tau=15.0ms, sigma=0.0pA)...
[2026-07-10 06:06:19][INFO] SIM_BRIDGE: Generating 3D neuron positions for 512 neurons...
[2026-07-10 06:06:19][INFO] SIM_BRIDGE: Generating connections (3D)...
[2026-07-10 06:06:19][INFO] SIM_BRIDGE: Simulation data initialized for 512 neurons (3D). Synapses: 0. GPU memory: 21.5GB/51.2GB (41.9%)
[2026-07-10 06:06:19][INFO] SIM_BRIDGE: NumPy backend (CPU (NumPy backend), 47.7 GB RAM available)
[2026-07-10 06:06:19][INFO] SIM_BRIDGE: Initializing simulation data for model: IZHIKEVICH (3D)... (playback_init: False)
[2026-07-10 06:06:19][INFO] SIM_BRIDGE: RNG initialized with seed: 42
[2026-07-10 06:06:19][INFO] SIM_BRIDGE: Initializing Izhikevich model specifics for 256 neurons...
[2026-07-10 06:06:19][INFO] SIM_BRIDGE: Applying parameter heterogeneity to neuron parameters...
[2026-07-10 06:06:19][INFO] SIM_BRIDGE: Applied heterogeneity to 4 parameters.
[2026-07-10 06:06:19][INFO] SIM_BRIDGE: Initializing OU process state (tau=15.0ms, sigma=0.0pA)...
[2026-07-10 06:06:19][INFO] SIM_BRIDGE: Generating 3D neuron positions for 256 neurons...
[2026-07-10 06:06:19][INFO] SIM_BRIDGE: Generating connections (3D)...
[2026-07-10 06:06:19][INFO] SIM_BRIDGE: Simulation data initialized for 256 neurons (3D). Synapses: 0. GPU memory: 21.4GB/51.2GB (41.9%)
[2026-07-10 06:06:19][INFO] SIM_BRIDGE: NumPy backend (CPU (NumPy backend), 47.7 GB RAM available)
[2026-07-10 06:06:19][INFO] SIM_BRIDGE: Initializing simulation data for model: IZHIKEVICH (3D)... (playback_init: False)
[2026-07-10 06:06:19][INFO] SIM_BRIDGE: RNG initialized with seed: 42
[2026-07-10 06:06:19][INFO] SIM_BRIDGE: Initializing Izhikevich model specifics for 512 neurons...
[2026-07-10 06:06:19][INFO] SIM_BRIDGE: Applying parameter heterogeneity to neuron parameters...
[2026-07-10 06:06:19][INFO] SIM_BRIDGE: Applied heterogeneity to 4 parameters.
[2026-07-10 06:06:19][INFO] SIM_BRIDGE: Initializing OU process state (tau=15.0ms, sigma=0.0pA)...
[2026-07-10 06:06:19][INFO] SIM_BRIDGE: Generating 3D neuron positions for 512 neurons...
[2026-07-10 06:06:19][INFO] SIM_BRIDGE: Generating connections (3D)...
[2026-07-10 06:06:19][INFO] SIM_BRIDGE: Simulation data initialized for 512 neurons (3D). Synapses: 0. GPU memory: 21.4GB/51.2GB (41.9%)
E:\Documents\Projects\sim\sim\kernels.py:247: RuntimeWarning: overflow encountered in exp
  mg_block = 1.0 / (1.0 + (mg_conc / 3.57) * cp.exp(-0.062 * v))
  [seed 42] RESUME: pair-spiking=0.8 | pop-lesion=0.2 | stateless=0.1 | host-twin=1.0 | keep-agent=0.2 | recency=0.0 (n=10)
            POP leaves a_prev intact: 1.0 | slot survives its own read: 1.0 (15 checks) || BEFORE=0.8 (stateless 0.0) NOW=0.7 || gate r: pops=0.895 bounds=0.025

  AGGREGATE  RESUME: pair-spiking=0.800 | pop-lesion=0.200 | STATELESS=0.100 | host-twin=1.000 | keep-agent=0.200 | recency=0.000
    POP leaves a_prev intact=1.000 | slot survives its own read=1.000 || BEFORE=0.800 (stateless 0.000) NOW=0.700 || gate r: pops=0.895 bounds=0.025
  VERDICT: GO -- the WHOLE event pair is now spiking: BOTH slots are persistent slow-NMDA attractors on ONE bridge, and BOTH gates are attractor->attractor transfers. Resumption 0.80 vs 0.20 (read gate shut) and 0.10 (STATELESS: nothing holds; no host fallback). The POP writes a_curr while READING a_prev and leaves a_prev intact (1.00) -- which is why each slot needs its OWN inhibitory pool: a shared one would have the pop erase the very assembly it reads. BEFORE 0.80 vs a stateless 0.00; the host twin scores 1.00, pricing the substrate. NO sim/ edit.
