[D3 GATED COPY -> LIVE MultiTurnAgent] the deployed brain answers 'who was doing it BEFORE?' from a pair whose delta was never given a state label and whose held slot is a STRUCTURAL gated copy
[2026-07-10 04:38:12][INFO] SIM_BRIDGE: NumPy backend (CPU (NumPy backend), 47.7 GB RAM available)
[2026-07-10 04:38:12][INFO] SIM_BRIDGE: Initializing simulation data for model: IZHIKEVICH (3D)... (playback_init: False)
[2026-07-10 04:38:12][INFO] SIM_BRIDGE: RNG initialized with seed: 101
[2026-07-10 04:38:12][INFO] SIM_BRIDGE: Initializing Izhikevich model specifics for 126 neurons...
[2026-07-10 04:38:12][INFO] SIM_BRIDGE: Applying parameter heterogeneity to neuron parameters...
[2026-07-10 04:38:12][INFO] SIM_BRIDGE: Applied heterogeneity to 4 parameters.
[2026-07-10 04:38:12][INFO] SIM_BRIDGE: Initializing OU process state (tau=15.0ms, sigma=20.0pA)...
[2026-07-10 04:38:12][INFO] SIM_BRIDGE: Generating 3D neuron positions for 126 neurons...
[2026-07-10 04:38:12][INFO] SIM_BRIDGE: Generating connections (3D)...
[2026-07-10 04:38:12][INFO] SIM_BRIDGE: Simulation data initialized for 126 neurons (3D). Synapses: 0. GPU memory: 19.4GB/51.2GB (37.9%)
[2026-07-10 04:38:12][INFO] SIM_BRIDGE: inject_explicit_wiring: installed 720 synapses across 1 populations.
[2026-07-10 04:38:15][INFO] SIM_BRIDGE: NumPy backend (CPU (NumPy backend), 47.7 GB RAM available)
[2026-07-10 04:38:15][INFO] SIM_BRIDGE: Initializing simulation data for model: IZHIKEVICH (3D)... (playback_init: False)
[2026-07-10 04:38:15][INFO] SIM_BRIDGE: RNG initialized with seed: 101
[2026-07-10 04:38:15][INFO] SIM_BRIDGE: Initializing Izhikevich model specifics for 224 neurons...
[2026-07-10 04:38:15][INFO] SIM_BRIDGE: Applying parameter heterogeneity to neuron parameters...
[2026-07-10 04:38:15][INFO] SIM_BRIDGE: Applied heterogeneity to 4 parameters.
[2026-07-10 04:38:15][INFO] SIM_BRIDGE: Initializing OU process state (tau=15.0ms, sigma=20.0pA)...
[2026-07-10 04:38:15][INFO] SIM_BRIDGE: Generating 3D neuron positions for 224 neurons...
[2026-07-10 04:38:15][INFO] SIM_BRIDGE: Generating connections (3D)...
[2026-07-10 04:38:15][INFO] SIM_BRIDGE: Simulation data initialized for 224 neurons (3D). Synapses: 0. GPU memory: 19.4GB/51.2GB (38.0%)
[2026-07-10 04:38:15][INFO] SIM_BRIDGE: inject_explicit_wiring: installed 4800 synapses across 1 populations.
[2026-07-10 04:38:19][INFO] SIM_BRIDGE: NumPy backend (CPU (NumPy backend), 47.7 GB RAM available)
[2026-07-10 04:38:19][INFO] SIM_BRIDGE: Initializing simulation data for model: IZHIKEVICH (3D)... (playback_init: False)
[2026-07-10 04:38:19][INFO] SIM_BRIDGE: Brain-region framework: 2 regions, 1200 total neurons, 2 pathways.
[2026-07-10 04:38:19][INFO] SIM_BRIDGE: RNG initialized with seed: 101
[2026-07-10 04:38:19][INFO] SIM_BRIDGE: NMDA per-region mask: 2 regions enabled (1200 neurons)
[2026-07-10 04:38:19][INFO] SIM_BRIDGE: Initializing Izhikevich model specifics for 1200 neurons...
[2026-07-10 04:38:19][INFO] SIM_BRIDGE: Region 'cortex_ctx' (600 neurons): using Izh type IZH2007_HIPPO_PYRAMIDAL
[2026-07-10 04:38:19][INFO] SIM_BRIDGE: Region 'dlpfc_wm' (600 neurons): using Izh type IZH2007_HIPPO_PYRAMIDAL
[2026-07-10 04:38:19][INFO] SIM_BRIDGE: Applying parameter heterogeneity to neuron parameters...
[2026-07-10 04:38:19][INFO] SIM_BRIDGE: Applied heterogeneity to 4 parameters.
[2026-07-10 04:38:19][INFO] SIM_BRIDGE: Generating 3D neuron positions for 1200 neurons...
[2026-07-10 04:38:19][INFO] SIM_BRIDGE: Generating connections (brain-region framework)...
[2026-07-10 04:38:19][INFO] SIM_BRIDGE: inject_explicit_wiring: installed 107926 synapses across 4 populations.
[2026-07-10 04:38:19][INFO] SIM_BRIDGE: Initializing eligibility traces for 107926 synapses (capacity: 161889, dtype: float32)...
[2026-07-10 04:38:19][INFO] SIM_BRIDGE: Initializing STDP state for 1200 neurons...
[2026-07-10 04:38:19][INFO] SIM_BRIDGE: Simulation data initialized for 1200 neurons (3D). Synapses: 107926. GPU memory: 19.4GB/51.2GB (37.8%)
[2026-07-10 04:38:19][INFO] SIM_BRIDGE: NumPy backend (CPU (NumPy backend), 47.7 GB RAM available)
[2026-07-10 04:38:19][INFO] SIM_BRIDGE: Initializing simulation data for model: IZHIKEVICH (3D)... (playback_init: False)
[2026-07-10 04:38:19][INFO] SIM_BRIDGE: Brain-region framework: 14 regions, 1380 total neurons, 38 pathways.
[2026-07-10 04:38:19][INFO] SIM_BRIDGE: RNG initialized with seed: 101
[2026-07-10 04:38:19][INFO] SIM_BRIDGE: NMDA per-region mask: 8 regions enabled (1320 neurons)
[2026-07-10 04:38:19][INFO] SIM_BRIDGE: Initializing Izhikevich model specifics for 1380 neurons...
[2026-07-10 04:38:19][INFO] SIM_BRIDGE: Region 'cortex_ctx' (600 neurons): using Izh type IZH2007_HIPPO_PYRAMIDAL
[2026-07-10 04:38:19][INFO] SIM_BRIDGE: Region 'dlpfc_wm' (600 neurons): using Izh type IZH2007_HIPPO_PYRAMIDAL
[2026-07-10 04:38:19][INFO] SIM_BRIDGE: Region 'sel_dog' (20 neurons): using Izh type IZH2007_RS_CORTICAL_PYRAMIDAL
[2026-07-10 04:38:19][INFO] SIM_BRIDGE: Region 'sel_FS_dog' (10 neurons): using Izh type IZH2007_FS_CORTICAL_INTERNEURON
[2026-07-10 04:38:19][INFO] SIM_BRIDGE: Region 'sel_cat' (20 neurons): using Izh type IZH2007_RS_CORTICAL_PYRAMIDAL
[2026-07-10 04:38:19][INFO] SIM_BRIDGE: Region 'sel_FS_cat' (10 neurons): using Izh type IZH2007_FS_CORTICAL_INTERNEURON
[2026-07-10 04:38:19][INFO] SIM_BRIDGE: Region 'sel_fish' (20 neurons): using Izh type IZH2007_RS_CORTICAL_PYRAMIDAL
[2026-07-10 04:38:19][INFO] SIM_BRIDGE: Region 'sel_FS_fish' (10 neurons): using Izh type IZH2007_FS_CORTICAL_INTERNEURON
[2026-07-10 04:38:19][INFO] SIM_BRIDGE: Region 'sel_bird' (20 neurons): using Izh type IZH2007_RS_CORTICAL_PYRAMIDAL
[2026-07-10 04:38:19][INFO] SIM_BRIDGE: Region 'sel_FS_bird' (10 neurons): using Izh type IZH2007_FS_CORTICAL_INTERNEURON
[2026-07-10 04:38:19][INFO] SIM_BRIDGE: Region 'sel_worm' (20 neurons): using Izh type IZH2007_RS_CORTICAL_PYRAMIDAL
[2026-07-10 04:38:19][INFO] SIM_BRIDGE: Region 'sel_FS_worm' (10 neurons): using Izh type IZH2007_FS_CORTICAL_INTERNEURON
[2026-07-10 04:38:19][INFO] SIM_BRIDGE: Region 'sel_ball' (20 neurons): using Izh type IZH2007_RS_CORTICAL_PYRAMIDAL
[2026-07-10 04:38:19][INFO] SIM_BRIDGE: Region 'sel_FS_ball' (10 neurons): using Izh type IZH2007_FS_CORTICAL_INTERNEURON
[2026-07-10 04:38:19][INFO] SIM_BRIDGE: Applying parameter heterogeneity to neuron parameters...
[2026-07-10 04:38:19][INFO] SIM_BRIDGE: Applied heterogeneity to 4 parameters.
[2026-07-10 04:38:19][INFO] SIM_BRIDGE: Generating 3D neuron positions for 1380 neurons...
[2026-07-10 04:38:19][INFO] SIM_BRIDGE: Generating connections (brain-region framework)...
[2026-07-10 04:38:20][INFO] SIM_BRIDGE: inject_explicit_wiring: installed 44384 synapses across 44 populations.
[2026-07-10 04:38:20][INFO] SIM_BRIDGE: Initializing eligibility traces for 44384 synapses (capacity: 66576, dtype: float32)...
[2026-07-10 04:38:20][INFO] SIM_BRIDGE: Initializing STDP state for 1380 neurons...
[2026-07-10 04:38:20][INFO] SIM_BRIDGE: Simulation data initialized for 1380 neurons (3D). Synapses: 44384. GPU memory: 19.4GB/51.2GB (37.8%)
[2026-07-10 04:38:26][INFO] SIM_BRIDGE: NumPy backend (CPU (NumPy backend), 47.7 GB RAM available)
[2026-07-10 04:38:26][INFO] SIM_BRIDGE: Initializing simulation data for model: IZHIKEVICH (3D)... (playback_init: False)
[2026-07-10 04:38:26][INFO] SIM_BRIDGE: RNG initialized with seed: 101
[2026-07-10 04:38:26][INFO] SIM_BRIDGE: Initializing Izhikevich model specifics for 126 neurons...
[2026-07-10 04:38:26][INFO] SIM_BRIDGE: Applying parameter heterogeneity to neuron parameters...
[2026-07-10 04:38:26][INFO] SIM_BRIDGE: Applied heterogeneity to 4 parameters.
[2026-07-10 04:38:26][INFO] SIM_BRIDGE: Initializing OU process state (tau=15.0ms, sigma=20.0pA)...
[2026-07-10 04:38:26][INFO] SIM_BRIDGE: Generating 3D neuron positions for 126 neurons...
[2026-07-10 04:38:26][INFO] SIM_BRIDGE: Generating connections (3D)...
[2026-07-10 04:38:26][INFO] SIM_BRIDGE: Simulation data initialized for 126 neurons (3D). Synapses: 0. GPU memory: 19.4GB/51.2GB (38.0%)
[2026-07-10 04:38:26][INFO] SIM_BRIDGE: inject_explicit_wiring: installed 720 synapses across 1 populations.
[2026-07-10 04:38:28][INFO] SIM_BRIDGE: NumPy backend (CPU (NumPy backend), 47.7 GB RAM available)
[2026-07-10 04:38:28][INFO] SIM_BRIDGE: Initializing simulation data for model: IZHIKEVICH (3D)... (playback_init: False)
[2026-07-10 04:38:28][INFO] SIM_BRIDGE: RNG initialized with seed: 101
[2026-07-10 04:38:28][INFO] SIM_BRIDGE: Initializing Izhikevich model specifics for 224 neurons...
[2026-07-10 04:38:28][INFO] SIM_BRIDGE: Applying parameter heterogeneity to neuron parameters...
[2026-07-10 04:38:28][INFO] SIM_BRIDGE: Applied heterogeneity to 4 parameters.
[2026-07-10 04:38:28][INFO] SIM_BRIDGE: Initializing OU process state (tau=15.0ms, sigma=20.0pA)...
[2026-07-10 04:38:28][INFO] SIM_BRIDGE: Generating 3D neuron positions for 224 neurons...
[2026-07-10 04:38:28][INFO] SIM_BRIDGE: Generating connections (3D)...
[2026-07-10 04:38:28][INFO] SIM_BRIDGE: Simulation data initialized for 224 neurons (3D). Synapses: 0. GPU memory: 19.4GB/51.2GB (37.8%)
[2026-07-10 04:38:28][INFO] SIM_BRIDGE: inject_explicit_wiring: installed 4800 synapses across 1 populations.
[2026-07-10 04:38:33][INFO] SIM_BRIDGE: NumPy backend (CPU (NumPy backend), 47.7 GB RAM available)
[2026-07-10 04:38:33][INFO] SIM_BRIDGE: Initializing simulation data for model: IZHIKEVICH (3D)... (playback_init: False)
[2026-07-10 04:38:33][INFO] SIM_BRIDGE: Brain-region framework: 2 regions, 1200 total neurons, 2 pathways.
[2026-07-10 04:38:33][INFO] SIM_BRIDGE: RNG initialized with seed: 101
[2026-07-10 04:38:33][INFO] SIM_BRIDGE: NMDA per-region mask: 2 regions enabled (1200 neurons)
[2026-07-10 04:38:33][INFO] SIM_BRIDGE: Initializing Izhikevich model specifics for 1200 neurons...
[2026-07-10 04:38:33][INFO] SIM_BRIDGE: Region 'cortex_ctx' (600 neurons): using Izh type IZH2007_HIPPO_PYRAMIDAL
[2026-07-10 04:38:33][INFO] SIM_BRIDGE: Region 'dlpfc_wm' (600 neurons): using Izh type IZH2007_HIPPO_PYRAMIDAL
[2026-07-10 04:38:33][INFO] SIM_BRIDGE: Applying parameter heterogeneity to neuron parameters...
[2026-07-10 04:38:33][INFO] SIM_BRIDGE: Applied heterogeneity to 4 parameters.
[2026-07-10 04:38:33][INFO] SIM_BRIDGE: Generating 3D neuron positions for 1200 neurons...
[2026-07-10 04:38:33][INFO] SIM_BRIDGE: Generating connections (brain-region framework)...
[2026-07-10 04:38:33][INFO] SIM_BRIDGE: inject_explicit_wiring: installed 107926 synapses across 4 populations.
[2026-07-10 04:38:33][INFO] SIM_BRIDGE: Initializing eligibility traces for 107926 synapses (capacity: 161889, dtype: float32)...
[2026-07-10 04:38:33][INFO] SIM_BRIDGE: Initializing STDP state for 1200 neurons...
[2026-07-10 04:38:33][INFO] SIM_BRIDGE: Simulation data initialized for 1200 neurons (3D). Synapses: 107926. GPU memory: 19.4GB/51.2GB (37.9%)
[2026-07-10 04:38:33][INFO] SIM_BRIDGE: NumPy backend (CPU (NumPy backend), 47.7 GB RAM available)
[2026-07-10 04:38:33][INFO] SIM_BRIDGE: Initializing simulation data for model: IZHIKEVICH (3D)... (playback_init: False)
[2026-07-10 04:38:33][INFO] SIM_BRIDGE: Brain-region framework: 14 regions, 1380 total neurons, 38 pathways.
[2026-07-10 04:38:33][INFO] SIM_BRIDGE: RNG initialized with seed: 101
[2026-07-10 04:38:33][INFO] SIM_BRIDGE: NMDA per-region mask: 8 regions enabled (1320 neurons)
[2026-07-10 04:38:33][INFO] SIM_BRIDGE: Initializing Izhikevich model specifics for 1380 neurons...
[2026-07-10 04:38:33][INFO] SIM_BRIDGE: Region 'cortex_ctx' (600 neurons): using Izh type IZH2007_HIPPO_PYRAMIDAL
[2026-07-10 04:38:33][INFO] SIM_BRIDGE: Region 'dlpfc_wm' (600 neurons): using Izh type IZH2007_HIPPO_PYRAMIDAL
[2026-07-10 04:38:33][INFO] SIM_BRIDGE: Region 'sel_dog' (20 neurons): using Izh type IZH2007_RS_CORTICAL_PYRAMIDAL
[2026-07-10 04:38:33][INFO] SIM_BRIDGE: Region 'sel_FS_dog' (10 neurons): using Izh type IZH2007_FS_CORTICAL_INTERNEURON
[2026-07-10 04:38:33][INFO] SIM_BRIDGE: Region 'sel_cat' (20 neurons): using Izh type IZH2007_RS_CORTICAL_PYRAMIDAL
[2026-07-10 04:38:33][INFO] SIM_BRIDGE: Region 'sel_FS_cat' (10 neurons): using Izh type IZH2007_FS_CORTICAL_INTERNEURON
[2026-07-10 04:38:33][INFO] SIM_BRIDGE: Region 'sel_fish' (20 neurons): using Izh type IZH2007_RS_CORTICAL_PYRAMIDAL
[2026-07-10 04:38:33][INFO] SIM_BRIDGE: Region 'sel_FS_fish' (10 neurons): using Izh type IZH2007_FS_CORTICAL_INTERNEURON
[2026-07-10 04:38:33][INFO] SIM_BRIDGE: Region 'sel_bird' (20 neurons): using Izh type IZH2007_RS_CORTICAL_PYRAMIDAL
[2026-07-10 04:38:33][INFO] SIM_BRIDGE: Region 'sel_FS_bird' (10 neurons): using Izh type IZH2007_FS_CORTICAL_INTERNEURON
[2026-07-10 04:38:33][INFO] SIM_BRIDGE: Region 'sel_worm' (20 neurons): using Izh type IZH2007_RS_CORTICAL_PYRAMIDAL
[2026-07-10 04:38:33][INFO] SIM_BRIDGE: Region 'sel_FS_worm' (10 neurons): using Izh type IZH2007_FS_CORTICAL_INTERNEURON
[2026-07-10 04:38:33][INFO] SIM_BRIDGE: Region 'sel_ball' (20 neurons): using Izh type IZH2007_RS_CORTICAL_PYRAMIDAL
[2026-07-10 04:38:33][INFO] SIM_BRIDGE: Region 'sel_FS_ball' (10 neurons): using Izh type IZH2007_FS_CORTICAL_INTERNEURON
[2026-07-10 04:38:33][INFO] SIM_BRIDGE: Applying parameter heterogeneity to neuron parameters...
[2026-07-10 04:38:33][INFO] SIM_BRIDGE: Applied heterogeneity to 4 parameters.
[2026-07-10 04:38:33][INFO] SIM_BRIDGE: Generating 3D neuron positions for 1380 neurons...
[2026-07-10 04:38:33][INFO] SIM_BRIDGE: Generating connections (brain-region framework)...
[2026-07-10 04:38:33][INFO] SIM_BRIDGE: inject_explicit_wiring: installed 44384 synapses across 44 populations.
[2026-07-10 04:38:33][INFO] SIM_BRIDGE: Initializing eligibility traces for 44384 synapses (capacity: 66576, dtype: float32)...
[2026-07-10 04:38:33][INFO] SIM_BRIDGE: Initializing STDP state for 1380 neurons...
[2026-07-10 04:38:33][INFO] SIM_BRIDGE: Simulation data initialized for 1380 neurons (3D). Synapses: 44384. GPU memory: 19.5GB/51.2GB (38.1%)
[2026-07-10 04:38:39][INFO] SIM_BRIDGE: NumPy backend (CPU (NumPy backend), 47.7 GB RAM available)
[2026-07-10 04:38:39][INFO] SIM_BRIDGE: Initializing simulation data for model: IZHIKEVICH (3D)... (playback_init: False)
[2026-07-10 04:38:39][INFO] SIM_BRIDGE: RNG initialized with seed: 101
[2026-07-10 04:38:39][INFO] SIM_BRIDGE: Initializing Izhikevich model specifics for 126 neurons...
[2026-07-10 04:38:39][INFO] SIM_BRIDGE: Applying parameter heterogeneity to neuron parameters...
[2026-07-10 04:38:39][INFO] SIM_BRIDGE: Applied heterogeneity to 4 parameters.
[2026-07-10 04:38:39][INFO] SIM_BRIDGE: Initializing OU process state (tau=15.0ms, sigma=20.0pA)...
[2026-07-10 04:38:39][INFO] SIM_BRIDGE: Generating 3D neuron positions for 126 neurons...
[2026-07-10 04:38:39][INFO] SIM_BRIDGE: Generating connections (3D)...
[2026-07-10 04:38:39][INFO] SIM_BRIDGE: Simulation data initialized for 126 neurons (3D). Synapses: 0. GPU memory: 19.4GB/51.2GB (37.9%)
[2026-07-10 04:38:39][INFO] SIM_BRIDGE: inject_explicit_wiring: installed 720 synapses across 1 populations.
[2026-07-10 04:38:41][INFO] SIM_BRIDGE: NumPy backend (CPU (NumPy backend), 47.7 GB RAM available)
[2026-07-10 04:38:41][INFO] SIM_BRIDGE: Initializing simulation data for model: IZHIKEVICH (3D)... (playback_init: False)
[2026-07-10 04:38:41][INFO] SIM_BRIDGE: RNG initialized with seed: 101
[2026-07-10 04:38:41][INFO] SIM_BRIDGE: Initializing Izhikevich model specifics for 224 neurons...
[2026-07-10 04:38:41][INFO] SIM_BRIDGE: Applying parameter heterogeneity to neuron parameters...
[2026-07-10 04:38:41][INFO] SIM_BRIDGE: Applied heterogeneity to 4 parameters.
[2026-07-10 04:38:41][INFO] SIM_BRIDGE: Initializing OU process state (tau=15.0ms, sigma=20.0pA)...
[2026-07-10 04:38:41][INFO] SIM_BRIDGE: Generating 3D neuron positions for 224 neurons...
[2026-07-10 04:38:41][INFO] SIM_BRIDGE: Generating connections (3D)...
[2026-07-10 04:38:41][INFO] SIM_BRIDGE: Simulation data initialized for 224 neurons (3D). Synapses: 0. GPU memory: 19.4GB/51.2GB (37.9%)
[2026-07-10 04:38:41][INFO] SIM_BRIDGE: inject_explicit_wiring: installed 4800 synapses across 1 populations.
[2026-07-10 04:38:46][INFO] SIM_BRIDGE: NumPy backend (CPU (NumPy backend), 47.7 GB RAM available)
[2026-07-10 04:38:46][INFO] SIM_BRIDGE: Initializing simulation data for model: IZHIKEVICH (3D)... (playback_init: False)
[2026-07-10 04:38:46][INFO] SIM_BRIDGE: Brain-region framework: 2 regions, 1200 total neurons, 2 pathways.
[2026-07-10 04:38:46][INFO] SIM_BRIDGE: RNG initialized with seed: 101
[2026-07-10 04:38:46][INFO] SIM_BRIDGE: NMDA per-region mask: 2 regions enabled (1200 neurons)
[2026-07-10 04:38:46][INFO] SIM_BRIDGE: Initializing Izhikevich model specifics for 1200 neurons...
[2026-07-10 04:38:46][INFO] SIM_BRIDGE: Region 'cortex_ctx' (600 neurons): using Izh type IZH2007_HIPPO_PYRAMIDAL
[2026-07-10 04:38:46][INFO] SIM_BRIDGE: Region 'dlpfc_wm' (600 neurons): using Izh type IZH2007_HIPPO_PYRAMIDAL
[2026-07-10 04:38:46][INFO] SIM_BRIDGE: Applying parameter heterogeneity to neuron parameters...
[2026-07-10 04:38:46][INFO] SIM_BRIDGE: Applied heterogeneity to 4 parameters.
[2026-07-10 04:38:46][INFO] SIM_BRIDGE: Generating 3D neuron positions for 1200 neurons...
[2026-07-10 04:38:46][INFO] SIM_BRIDGE: Generating connections (brain-region framework)...
[2026-07-10 04:38:46][INFO] SIM_BRIDGE: inject_explicit_wiring: installed 107926 synapses across 4 populations.
[2026-07-10 04:38:46][INFO] SIM_BRIDGE: Initializing eligibility traces for 107926 synapses (capacity: 161889, dtype: float32)...
[2026-07-10 04:38:46][INFO] SIM_BRIDGE: Initializing STDP state for 1200 neurons...
[2026-07-10 04:38:46][INFO] SIM_BRIDGE: Simulation data initialized for 1200 neurons (3D). Synapses: 107926. GPU memory: 19.5GB/51.2GB (38.1%)
[2026-07-10 04:38:46][INFO] SIM_BRIDGE: NumPy backend (CPU (NumPy backend), 47.7 GB RAM available)
[2026-07-10 04:38:46][INFO] SIM_BRIDGE: Initializing simulation data for model: IZHIKEVICH (3D)... (playback_init: False)
[2026-07-10 04:38:46][INFO] SIM_BRIDGE: Brain-region framework: 14 regions, 1380 total neurons, 38 pathways.
[2026-07-10 04:38:46][INFO] SIM_BRIDGE: RNG initialized with seed: 101
[2026-07-10 04:38:46][INFO] SIM_BRIDGE: NMDA per-region mask: 8 regions enabled (1320 neurons)
[2026-07-10 04:38:46][INFO] SIM_BRIDGE: Initializing Izhikevich model specifics for 1380 neurons...
[2026-07-10 04:38:46][INFO] SIM_BRIDGE: Region 'cortex_ctx' (600 neurons): using Izh type IZH2007_HIPPO_PYRAMIDAL
[2026-07-10 04:38:46][INFO] SIM_BRIDGE: Region 'dlpfc_wm' (600 neurons): using Izh type IZH2007_HIPPO_PYRAMIDAL
[2026-07-10 04:38:46][INFO] SIM_BRIDGE: Region 'sel_dog' (20 neurons): using Izh type IZH2007_RS_CORTICAL_PYRAMIDAL
[2026-07-10 04:38:46][INFO] SIM_BRIDGE: Region 'sel_FS_dog' (10 neurons): using Izh type IZH2007_FS_CORTICAL_INTERNEURON
[2026-07-10 04:38:46][INFO] SIM_BRIDGE: Region 'sel_cat' (20 neurons): using Izh type IZH2007_RS_CORTICAL_PYRAMIDAL
[2026-07-10 04:38:46][INFO] SIM_BRIDGE: Region 'sel_FS_cat' (10 neurons): using Izh type IZH2007_FS_CORTICAL_INTERNEURON
[2026-07-10 04:38:46][INFO] SIM_BRIDGE: Region 'sel_fish' (20 neurons): using Izh type IZH2007_RS_CORTICAL_PYRAMIDAL
[2026-07-10 04:38:46][INFO] SIM_BRIDGE: Region 'sel_FS_fish' (10 neurons): using Izh type IZH2007_FS_CORTICAL_INTERNEURON
[2026-07-10 04:38:46][INFO] SIM_BRIDGE: Region 'sel_bird' (20 neurons): using Izh type IZH2007_RS_CORTICAL_PYRAMIDAL
[2026-07-10 04:38:46][INFO] SIM_BRIDGE: Region 'sel_FS_bird' (10 neurons): using Izh type IZH2007_FS_CORTICAL_INTERNEURON
[2026-07-10 04:38:46][INFO] SIM_BRIDGE: Region 'sel_worm' (20 neurons): using Izh type IZH2007_RS_CORTICAL_PYRAMIDAL
[2026-07-10 04:38:46][INFO] SIM_BRIDGE: Region 'sel_FS_worm' (10 neurons): using Izh type IZH2007_FS_CORTICAL_INTERNEURON
[2026-07-10 04:38:46][INFO] SIM_BRIDGE: Region 'sel_ball' (20 neurons): using Izh type IZH2007_RS_CORTICAL_PYRAMIDAL
[2026-07-10 04:38:46][INFO] SIM_BRIDGE: Region 'sel_FS_ball' (10 neurons): using Izh type IZH2007_FS_CORTICAL_INTERNEURON
[2026-07-10 04:38:46][INFO] SIM_BRIDGE: Applying parameter heterogeneity to neuron parameters...
[2026-07-10 04:38:46][INFO] SIM_BRIDGE: Applied heterogeneity to 4 parameters.
[2026-07-10 04:38:46][INFO] SIM_BRIDGE: Generating 3D neuron positions for 1380 neurons...
[2026-07-10 04:38:46][INFO] SIM_BRIDGE: Generating connections (brain-region framework)...
[2026-07-10 04:38:46][INFO] SIM_BRIDGE: inject_explicit_wiring: installed 44384 synapses across 44 populations.
[2026-07-10 04:38:46][INFO] SIM_BRIDGE: Initializing eligibility traces for 44384 synapses (capacity: 66576, dtype: float32)...
[2026-07-10 04:38:46][INFO] SIM_BRIDGE: Initializing STDP state for 1380 neurons...
[2026-07-10 04:38:46][INFO] SIM_BRIDGE: Simulation data initialized for 1380 neurons (3D). Synapses: 44384. GPU memory: 19.5GB/51.2GB (38.1%)
[2026-07-10 04:38:46][INFO] SIM_BRIDGE: NumPy backend (CPU (NumPy backend), 47.7 GB RAM available)
[2026-07-10 04:38:46][INFO] SIM_BRIDGE: Initializing simulation data for model: IZHIKEVICH (3D)... (playback_init: False)
[2026-07-10 04:38:46][INFO] SIM_BRIDGE: RNG initialized with seed: 101
[2026-07-10 04:38:46][INFO] SIM_BRIDGE: Initializing Izhikevich model specifics for 256 neurons...
[2026-07-10 04:38:46][INFO] SIM_BRIDGE: Applying parameter heterogeneity to neuron parameters...
[2026-07-10 04:38:46][INFO] SIM_BRIDGE: Applied heterogeneity to 4 parameters.
[2026-07-10 04:38:46][INFO] SIM_BRIDGE: Initializing OU process state (tau=15.0ms, sigma=0.0pA)...
[2026-07-10 04:38:46][INFO] SIM_BRIDGE: Generating 3D neuron positions for 256 neurons...
[2026-07-10 04:38:46][INFO] SIM_BRIDGE: Generating connections (3D)...
[2026-07-10 04:38:46][INFO] SIM_BRIDGE: Simulation data initialized for 256 neurons (3D). Synapses: 0. GPU memory: 19.5GB/51.2GB (38.1%)
[2026-07-10 04:38:46][INFO] SIM_BRIDGE: NumPy backend (CPU (NumPy backend), 47.7 GB RAM available)
[2026-07-10 04:38:46][INFO] SIM_BRIDGE: Initializing simulation data for model: IZHIKEVICH (3D)... (playback_init: False)
[2026-07-10 04:38:46][INFO] SIM_BRIDGE: RNG initialized with seed: 101
[2026-07-10 04:38:46][INFO] SIM_BRIDGE: Initializing Izhikevich model specifics for 512 neurons...
[2026-07-10 04:38:46][INFO] SIM_BRIDGE: Applying parameter heterogeneity to neuron parameters...
[2026-07-10 04:38:46][INFO] SIM_BRIDGE: Applied heterogeneity to 4 parameters.
[2026-07-10 04:38:46][INFO] SIM_BRIDGE: Initializing OU process state (tau=15.0ms, sigma=0.0pA)...
[2026-07-10 04:38:46][INFO] SIM_BRIDGE: Generating 3D neuron positions for 512 neurons...
[2026-07-10 04:38:46][INFO] SIM_BRIDGE: Generating connections (3D)...
[2026-07-10 04:38:46][INFO] SIM_BRIDGE: Simulation data initialized for 512 neurons (3D). Synapses: 0. GPU memory: 19.5GB/51.2GB (38.1%)
[2026-07-10 04:38:46][INFO] SIM_BRIDGE: NumPy backend (CPU (NumPy backend), 47.7 GB RAM available)
[2026-07-10 04:38:46][INFO] SIM_BRIDGE: Initializing simulation data for model: IZHIKEVICH (3D)... (playback_init: False)
[2026-07-10 04:38:46][INFO] SIM_BRIDGE: RNG initialized with seed: 101
[2026-07-10 04:38:46][INFO] SIM_BRIDGE: Initializing Izhikevich model specifics for 256 neurons...
[2026-07-10 04:38:46][INFO] SIM_BRIDGE: Applying parameter heterogeneity to neuron parameters...
[2026-07-10 04:38:46][INFO] SIM_BRIDGE: Applied heterogeneity to 4 parameters.
[2026-07-10 04:38:46][INFO] SIM_BRIDGE: Initializing OU process state (tau=15.0ms, sigma=0.0pA)...
[2026-07-10 04:38:46][INFO] SIM_BRIDGE: Generating 3D neuron positions for 256 neurons...
[2026-07-10 04:38:46][INFO] SIM_BRIDGE: Generating connections (3D)...
[2026-07-10 04:38:46][INFO] SIM_BRIDGE: Simulation data initialized for 256 neurons (3D). Synapses: 0. GPU memory: 19.5GB/51.2GB (38.1%)
[2026-07-10 04:38:46][INFO] SIM_BRIDGE: NumPy backend (CPU (NumPy backend), 47.7 GB RAM available)
[2026-07-10 04:38:46][INFO] SIM_BRIDGE: Initializing simulation data for model: IZHIKEVICH (3D)... (playback_init: False)
[2026-07-10 04:38:46][INFO] SIM_BRIDGE: RNG initialized with seed: 101
[2026-07-10 04:38:46][INFO] SIM_BRIDGE: Initializing Izhikevich model specifics for 512 neurons...
[2026-07-10 04:38:46][INFO] SIM_BRIDGE: Applying parameter heterogeneity to neuron parameters...
[2026-07-10 04:38:46][INFO] SIM_BRIDGE: Applied heterogeneity to 4 parameters.
[2026-07-10 04:38:46][INFO] SIM_BRIDGE: Initializing OU process state (tau=15.0ms, sigma=0.0pA)...
[2026-07-10 04:38:46][INFO] SIM_BRIDGE: Generating 3D neuron positions for 512 neurons...
[2026-07-10 04:38:46][INFO] SIM_BRIDGE: Generating connections (3D)...
[2026-07-10 04:38:46][INFO] SIM_BRIDGE: Simulation data initialized for 512 neurons (3D). Synapses: 0. GPU memory: 19.5GB/51.2GB (38.1%)
[2026-07-10 04:38:46][INFO] SIM_BRIDGE: NumPy backend (CPU (NumPy backend), 47.7 GB RAM available)
[2026-07-10 04:38:46][INFO] SIM_BRIDGE: Initializing simulation data for model: IZHIKEVICH (3D)... (playback_init: False)
[2026-07-10 04:38:46][INFO] SIM_BRIDGE: RNG initialized with seed: 101
[2026-07-10 04:38:46][INFO] SIM_BRIDGE: Initializing Izhikevich model specifics for 256 neurons...
[2026-07-10 04:38:46][INFO] SIM_BRIDGE: Applying parameter heterogeneity to neuron parameters...
[2026-07-10 04:38:46][INFO] SIM_BRIDGE: Applied heterogeneity to 4 parameters.
[2026-07-10 04:38:46][INFO] SIM_BRIDGE: Initializing OU process state (tau=15.0ms, sigma=0.0pA)...
[2026-07-10 04:38:46][INFO] SIM_BRIDGE: Generating 3D neuron positions for 256 neurons...
[2026-07-10 04:38:46][INFO] SIM_BRIDGE: Generating connections (3D)...
[2026-07-10 04:38:46][INFO] SIM_BRIDGE: Simulation data initialized for 256 neurons (3D). Synapses: 0. GPU memory: 19.5GB/51.2GB (38.1%)
[2026-07-10 04:38:46][INFO] SIM_BRIDGE: NumPy backend (CPU (NumPy backend), 47.7 GB RAM available)
[2026-07-10 04:38:46][INFO] SIM_BRIDGE: Initializing simulation data for model: IZHIKEVICH (3D)... (playback_init: False)
[2026-07-10 04:38:46][INFO] SIM_BRIDGE: RNG initialized with seed: 101
[2026-07-10 04:38:46][INFO] SIM_BRIDGE: Initializing Izhikevich model specifics for 512 neurons...
[2026-07-10 04:38:46][INFO] SIM_BRIDGE: Applying parameter heterogeneity to neuron parameters...
[2026-07-10 04:38:46][INFO] SIM_BRIDGE: Applied heterogeneity to 4 parameters.
[2026-07-10 04:38:46][INFO] SIM_BRIDGE: Initializing OU process state (tau=15.0ms, sigma=0.0pA)...
[2026-07-10 04:38:46][INFO] SIM_BRIDGE: Generating 3D neuron positions for 512 neurons...
[2026-07-10 04:38:46][INFO] SIM_BRIDGE: Generating connections (3D)...
[2026-07-10 04:38:46][INFO] SIM_BRIDGE: Simulation data initialized for 512 neurons (3D). Synapses: 0. GPU memory: 19.5GB/51.2GB (38.1%)
E:\Documents\Projects\sim\sim\kernels.py:247: RuntimeWarning: overflow encountered in exp
  mg_block = 1.0 / (1.0 + (mg_conc / 3.57) * cp.exp(-0.062 * v))
  [seed 101] BEFORE (gated copy)=0.833 || gate-lesion=0.0 | single-event=0.0 | recency=0.167 | naive-current=0.0 || NOW=0.9 (n=30)

  AGGREGATE: BEFORE (gated copy)=0.833 | gate-lesion=0.000 | single-event=0.000 | recency=0.167 | naive-current=0.000 || NOW=0.900
    head-to-head: the REPLAY deployment answered BEFORE at 0.367
  VERDICT: GO -- the DEPLOYED agent answers who-was-doing-it-BEFORE (0.83) from a pair of composed events whose transition delta was NEVER given a state label and whose held slot is a STRUCTURAL boundary-gated copy -- lifting the prior REPLAY deployment (0.37). One label-free read-out names BOTH slots (the copy keeps them in the same basis), so the discourse-pop calibrator the replay version needed is gone. A GATE-LESION register (the gate never opens, nothing is ever shifted) collapses (0.00), a SINGLE-EVENT register cannot answer at all (0.00), and recency (0.17) + naive-current (0.00) both fail. NO sim/ edit.
