[D3 SPIKING GATED COPY] K=6 | the held prior event lives in a PERSISTENT slow-NMDA attractor; closed gate = zero input = the attractor holds itself; open gate = clear-then-load
[2026-07-10 04:09:56][INFO] SIM_BRIDGE: NumPy backend (CPU (NumPy backend), 47.7 GB RAM available)
[2026-07-10 04:09:56][INFO] SIM_BRIDGE: Initializing simulation data for model: IZHIKEVICH (3D)... (playback_init: False)
[2026-07-10 04:09:56][INFO] SIM_BRIDGE: Brain-region framework: 7 regions, 144 total neurons, 18 pathways.
[2026-07-10 04:09:56][INFO] SIM_BRIDGE: RNG initialized with seed: 100
[2026-07-10 04:09:56][INFO] SIM_BRIDGE: Initializing Izhikevich model specifics for 144 neurons...
[2026-07-10 04:09:56][INFO] SIM_BRIDGE: Applying parameter heterogeneity to neuron parameters...
[2026-07-10 04:09:56][INFO] SIM_BRIDGE: Applied heterogeneity to 4 parameters.
[2026-07-10 04:09:56][INFO] SIM_BRIDGE: Initializing OU process state (tau=15.0ms, sigma=0.0pA)...
[2026-07-10 04:09:56][INFO] SIM_BRIDGE: Generating 3D neuron positions for 144 neurons...
[2026-07-10 04:09:56][INFO] SIM_BRIDGE: Generating connections (brain-region framework)...
[2026-07-10 04:09:56][INFO] SIM_BRIDGE: inject_explicit_wiring: installed 5589 synapses across 18 populations.
[2026-07-10 04:09:56][INFO] SIM_BRIDGE: Simulation data initialized for 144 neurons (3D). Synapses: 5589. GPU memory: 18.4GB/51.2GB (36.0%)
[2026-07-10 04:10:04][INFO] SIM_BRIDGE: NumPy backend (CPU (NumPy backend), 47.7 GB RAM available)
[2026-07-10 04:10:04][INFO] SIM_BRIDGE: Initializing simulation data for model: IZHIKEVICH (3D)... (playback_init: False)
[2026-07-10 04:10:04][INFO] SIM_BRIDGE: Brain-region framework: 7 regions, 144 total neurons, 18 pathways.
[2026-07-10 04:10:04][INFO] SIM_BRIDGE: RNG initialized with seed: 100
[2026-07-10 04:10:04][INFO] SIM_BRIDGE: Initializing Izhikevich model specifics for 144 neurons...
[2026-07-10 04:10:04][INFO] SIM_BRIDGE: Applying parameter heterogeneity to neuron parameters...
[2026-07-10 04:10:04][INFO] SIM_BRIDGE: Applied heterogeneity to 4 parameters.
[2026-07-10 04:10:04][INFO] SIM_BRIDGE: Initializing OU process state (tau=15.0ms, sigma=0.0pA)...
[2026-07-10 04:10:04][INFO] SIM_BRIDGE: Generating 3D neuron positions for 144 neurons...
[2026-07-10 04:10:04][INFO] SIM_BRIDGE: Generating connections (brain-region framework)...
[2026-07-10 04:10:04][INFO] SIM_BRIDGE: inject_explicit_wiring: installed 5589 synapses across 18 populations.
[2026-07-10 04:10:04][INFO] SIM_BRIDGE: Simulation data initialized for 144 neurons (3D). Synapses: 5589. GPU memory: 18.4GB/51.2GB (35.8%)
[2026-07-10 04:10:11][INFO] SIM_BRIDGE: NumPy backend (CPU (NumPy backend), 47.7 GB RAM available)
[2026-07-10 04:10:11][INFO] SIM_BRIDGE: Initializing simulation data for model: IZHIKEVICH (3D)... (playback_init: False)
[2026-07-10 04:10:11][INFO] SIM_BRIDGE: Brain-region framework: 7 regions, 144 total neurons, 18 pathways.
[2026-07-10 04:10:11][INFO] SIM_BRIDGE: RNG initialized with seed: 100
[2026-07-10 04:10:11][INFO] SIM_BRIDGE: Initializing Izhikevich model specifics for 144 neurons...
[2026-07-10 04:10:11][INFO] SIM_BRIDGE: Applying parameter heterogeneity to neuron parameters...
[2026-07-10 04:10:11][INFO] SIM_BRIDGE: Applied heterogeneity to 4 parameters.
[2026-07-10 04:10:11][INFO] SIM_BRIDGE: Initializing OU process state (tau=15.0ms, sigma=0.0pA)...
[2026-07-10 04:10:11][INFO] SIM_BRIDGE: Generating 3D neuron positions for 144 neurons...
[2026-07-10 04:10:11][INFO] SIM_BRIDGE: Generating connections (brain-region framework)...
[2026-07-10 04:10:11][INFO] SIM_BRIDGE: inject_explicit_wiring: installed 5589 synapses across 18 populations.
[2026-07-10 04:10:11][INFO] SIM_BRIDGE: Simulation data initialized for 144 neurons (3D). Synapses: 5589. GPU memory: 18.2GB/51.2GB (35.4%)
  [seed 100] SPIKING held prev=0.696 (rate reference 0.751) || stateless-slot=0.304 | gate-lesion=0.087 | recency=0.177 | gate-open-rate=1.733 (n=23)

  AGGREGATE (K=6, chance 0.167):
    *** SPIKING held prev-agent=0.696 (rate gated-copy reference 0.751) ***
    controls: STATELESS a_prev slot (the old fswta bridge)=0.304 | gate-lesion=0.087 | recency=0.177
  VERDICT: GO -- the held prior event is a GENUINE SPIKING MEMORY: it lives in a persistent slow-NMDA attractor that sustains its own firing with the slot input identically ZERO on every non-boundary clause, and the boundary gate updates it as a CLEAR-then-LOAD (an inhibitory reset longer than tau_NMDA, then the new content) -- exactly the semantics of sim/ transmission_gate. The held agent is read out of SPIKES (0.70), close to the rate gated-copy reference (0.75), while a STATELESS slot -- the re-discretizer every prior rung used -- CANNOT hold the prior event between clauses (0.30), a gate that never opens has nothing to hold (0.09), and recency fails (0.18) -> the event arc HOLD is no longer a Python variable. NO sim/ edit.
