[D3 EVENT CAPSTONE] [SPIKING slot] the LIVE MultiTurnAgent answers 'what does HE eat?' over a running event whose delta was NEVER given a state label
[2026-07-10 05:55:42][INFO] SIM_BRIDGE: NumPy backend (CPU (NumPy backend), 47.7 GB RAM available)
[2026-07-10 05:55:42][INFO] SIM_BRIDGE: Initializing simulation data for model: IZHIKEVICH (3D)... (playback_init: False)
[2026-07-10 05:55:42][INFO] SIM_BRIDGE: Brain-region framework: 7 regions, 96 total neurons, 12 pathways.
[2026-07-10 05:55:42][INFO] SIM_BRIDGE: RNG initialized with seed: 102
[2026-07-10 05:55:42][INFO] SIM_BRIDGE: Initializing Izhikevich model specifics for 96 neurons...
[2026-07-10 05:55:42][INFO] SIM_BRIDGE: Applying parameter heterogeneity to neuron parameters...
[2026-07-10 05:55:42][INFO] SIM_BRIDGE: Applied heterogeneity to 4 parameters.
[2026-07-10 05:55:42][INFO] SIM_BRIDGE: Initializing OU process state (tau=15.0ms, sigma=0.0pA)...
[2026-07-10 05:55:42][INFO] SIM_BRIDGE: Generating 3D neuron positions for 96 neurons...
[2026-07-10 05:55:42][INFO] SIM_BRIDGE: Generating connections (brain-region framework)...
[2026-07-10 05:55:42][INFO] SIM_BRIDGE: inject_explicit_wiring: installed 2075 synapses across 12 populations.
[2026-07-10 05:55:42][INFO] SIM_BRIDGE: Simulation data initialized for 96 neurons (3D). Synapses: 2075. GPU memory: 20.3GB/51.2GB (39.6%)
[2026-07-10 05:55:42][INFO] SIM_BRIDGE: NumPy backend (CPU (NumPy backend), 47.7 GB RAM available)
[2026-07-10 05:55:42][INFO] SIM_BRIDGE: Initializing simulation data for model: IZHIKEVICH (3D)... (playback_init: False)
[2026-07-10 05:55:42][INFO] SIM_BRIDGE: RNG initialized with seed: 102
[2026-07-10 05:55:42][INFO] SIM_BRIDGE: Initializing Izhikevich model specifics for 126 neurons...
[2026-07-10 05:55:42][INFO] SIM_BRIDGE: Applying parameter heterogeneity to neuron parameters...
[2026-07-10 05:55:42][INFO] SIM_BRIDGE: Applied heterogeneity to 4 parameters.
[2026-07-10 05:55:42][INFO] SIM_BRIDGE: Initializing OU process state (tau=15.0ms, sigma=20.0pA)...
[2026-07-10 05:55:42][INFO] SIM_BRIDGE: Generating 3D neuron positions for 126 neurons...
[2026-07-10 05:55:42][INFO] SIM_BRIDGE: Generating connections (3D)...
[2026-07-10 05:55:42][INFO] SIM_BRIDGE: Simulation data initialized for 126 neurons (3D). Synapses: 0. GPU memory: 20.3GB/51.2GB (39.6%)
[2026-07-10 05:55:42][INFO] SIM_BRIDGE: inject_explicit_wiring: installed 720 synapses across 1 populations.
[2026-07-10 05:55:48][INFO] SIM_BRIDGE: NumPy backend (CPU (NumPy backend), 47.7 GB RAM available)
[2026-07-10 05:55:48][INFO] SIM_BRIDGE: Initializing simulation data for model: IZHIKEVICH (3D)... (playback_init: False)
[2026-07-10 05:55:48][INFO] SIM_BRIDGE: RNG initialized with seed: 102
[2026-07-10 05:55:48][INFO] SIM_BRIDGE: Initializing Izhikevich model specifics for 224 neurons...
[2026-07-10 05:55:48][INFO] SIM_BRIDGE: Applying parameter heterogeneity to neuron parameters...
[2026-07-10 05:55:48][INFO] SIM_BRIDGE: Applied heterogeneity to 4 parameters.
[2026-07-10 05:55:48][INFO] SIM_BRIDGE: Initializing OU process state (tau=15.0ms, sigma=20.0pA)...
[2026-07-10 05:55:48][INFO] SIM_BRIDGE: Generating 3D neuron positions for 224 neurons...
[2026-07-10 05:55:48][INFO] SIM_BRIDGE: Generating connections (3D)...
[2026-07-10 05:55:48][INFO] SIM_BRIDGE: Simulation data initialized for 224 neurons (3D). Synapses: 0. GPU memory: 20.4GB/51.2GB (39.8%)
[2026-07-10 05:55:48][INFO] SIM_BRIDGE: inject_explicit_wiring: installed 4800 synapses across 1 populations.
[2026-07-10 05:55:55][INFO] SIM_BRIDGE: NumPy backend (CPU (NumPy backend), 47.7 GB RAM available)
[2026-07-10 05:55:55][INFO] SIM_BRIDGE: Initializing simulation data for model: IZHIKEVICH (3D)... (playback_init: False)
[2026-07-10 05:55:55][INFO] SIM_BRIDGE: Brain-region framework: 2 regions, 1200 total neurons, 2 pathways.
[2026-07-10 05:55:55][INFO] SIM_BRIDGE: RNG initialized with seed: 102
[2026-07-10 05:55:55][INFO] SIM_BRIDGE: NMDA per-region mask: 2 regions enabled (1200 neurons)
[2026-07-10 05:55:55][INFO] SIM_BRIDGE: Initializing Izhikevich model specifics for 1200 neurons...
[2026-07-10 05:55:55][INFO] SIM_BRIDGE: Region 'cortex_ctx' (600 neurons): using Izh type IZH2007_HIPPO_PYRAMIDAL
[2026-07-10 05:55:55][INFO] SIM_BRIDGE: Region 'dlpfc_wm' (600 neurons): using Izh type IZH2007_HIPPO_PYRAMIDAL
[2026-07-10 05:55:55][INFO] SIM_BRIDGE: Applying parameter heterogeneity to neuron parameters...
[2026-07-10 05:55:55][INFO] SIM_BRIDGE: Applied heterogeneity to 4 parameters.
[2026-07-10 05:55:55][INFO] SIM_BRIDGE: Generating 3D neuron positions for 1200 neurons...
[2026-07-10 05:55:55][INFO] SIM_BRIDGE: Generating connections (brain-region framework)...
[2026-07-10 05:55:55][INFO] SIM_BRIDGE: inject_explicit_wiring: installed 107914 synapses across 4 populations.
[2026-07-10 05:55:55][INFO] SIM_BRIDGE: Initializing eligibility traces for 107914 synapses (capacity: 161871, dtype: float32)...
[2026-07-10 05:55:55][INFO] SIM_BRIDGE: Initializing STDP state for 1200 neurons...
[2026-07-10 05:55:55][INFO] SIM_BRIDGE: Simulation data initialized for 1200 neurons (3D). Synapses: 107914. GPU memory: 20.4GB/51.2GB (39.8%)
[2026-07-10 05:55:56][INFO] SIM_BRIDGE: NumPy backend (CPU (NumPy backend), 47.7 GB RAM available)
[2026-07-10 05:55:56][INFO] SIM_BRIDGE: Initializing simulation data for model: IZHIKEVICH (3D)... (playback_init: False)
[2026-07-10 05:55:56][INFO] SIM_BRIDGE: Brain-region framework: 14 regions, 1380 total neurons, 38 pathways.
[2026-07-10 05:55:56][INFO] SIM_BRIDGE: RNG initialized with seed: 102
[2026-07-10 05:55:56][INFO] SIM_BRIDGE: NMDA per-region mask: 8 regions enabled (1320 neurons)
[2026-07-10 05:55:56][INFO] SIM_BRIDGE: Initializing Izhikevich model specifics for 1380 neurons...
[2026-07-10 05:55:56][INFO] SIM_BRIDGE: Region 'cortex_ctx' (600 neurons): using Izh type IZH2007_HIPPO_PYRAMIDAL
[2026-07-10 05:55:56][INFO] SIM_BRIDGE: Region 'dlpfc_wm' (600 neurons): using Izh type IZH2007_HIPPO_PYRAMIDAL
[2026-07-10 05:55:56][INFO] SIM_BRIDGE: Region 'sel_dog' (20 neurons): using Izh type IZH2007_RS_CORTICAL_PYRAMIDAL
[2026-07-10 05:55:56][INFO] SIM_BRIDGE: Region 'sel_FS_dog' (10 neurons): using Izh type IZH2007_FS_CORTICAL_INTERNEURON
[2026-07-10 05:55:56][INFO] SIM_BRIDGE: Region 'sel_cat' (20 neurons): using Izh type IZH2007_RS_CORTICAL_PYRAMIDAL
[2026-07-10 05:55:56][INFO] SIM_BRIDGE: Region 'sel_FS_cat' (10 neurons): using Izh type IZH2007_FS_CORTICAL_INTERNEURON
[2026-07-10 05:55:56][INFO] SIM_BRIDGE: Region 'sel_fish' (20 neurons): using Izh type IZH2007_RS_CORTICAL_PYRAMIDAL
[2026-07-10 05:55:56][INFO] SIM_BRIDGE: Region 'sel_FS_fish' (10 neurons): using Izh type IZH2007_FS_CORTICAL_INTERNEURON
[2026-07-10 05:55:56][INFO] SIM_BRIDGE: Region 'sel_bird' (20 neurons): using Izh type IZH2007_RS_CORTICAL_PYRAMIDAL
[2026-07-10 05:55:56][INFO] SIM_BRIDGE: Region 'sel_FS_bird' (10 neurons): using Izh type IZH2007_FS_CORTICAL_INTERNEURON
[2026-07-10 05:55:56][INFO] SIM_BRIDGE: Region 'sel_worm' (20 neurons): using Izh type IZH2007_RS_CORTICAL_PYRAMIDAL
[2026-07-10 05:55:56][INFO] SIM_BRIDGE: Region 'sel_FS_worm' (10 neurons): using Izh type IZH2007_FS_CORTICAL_INTERNEURON
[2026-07-10 05:55:56][INFO] SIM_BRIDGE: Region 'sel_ball' (20 neurons): using Izh type IZH2007_RS_CORTICAL_PYRAMIDAL
[2026-07-10 05:55:56][INFO] SIM_BRIDGE: Region 'sel_FS_ball' (10 neurons): using Izh type IZH2007_FS_CORTICAL_INTERNEURON
[2026-07-10 05:55:56][INFO] SIM_BRIDGE: Applying parameter heterogeneity to neuron parameters...
[2026-07-10 05:55:56][INFO] SIM_BRIDGE: Applied heterogeneity to 4 parameters.
[2026-07-10 05:55:56][INFO] SIM_BRIDGE: Generating 3D neuron positions for 1380 neurons...
[2026-07-10 05:55:56][INFO] SIM_BRIDGE: Generating connections (brain-region framework)...
[2026-07-10 05:55:56][INFO] SIM_BRIDGE: inject_explicit_wiring: installed 44275 synapses across 44 populations.
[2026-07-10 05:55:56][INFO] SIM_BRIDGE: Initializing eligibility traces for 44275 synapses (capacity: 66412, dtype: float32)...
[2026-07-10 05:55:56][INFO] SIM_BRIDGE: Initializing STDP state for 1380 neurons...
[2026-07-10 05:55:56][INFO] SIM_BRIDGE: Simulation data initialized for 1380 neurons (3D). Synapses: 44275. GPU memory: 20.4GB/51.2GB (39.8%)
[2026-07-10 05:55:56][INFO] SIM_BRIDGE: NumPy backend (CPU (NumPy backend), 47.7 GB RAM available)
[2026-07-10 05:55:56][INFO] SIM_BRIDGE: Initializing simulation data for model: IZHIKEVICH (3D)... (playback_init: False)
[2026-07-10 05:55:56][INFO] SIM_BRIDGE: RNG initialized with seed: 102
[2026-07-10 05:55:56][INFO] SIM_BRIDGE: Initializing Izhikevich model specifics for 256 neurons...
[2026-07-10 05:55:56][INFO] SIM_BRIDGE: Applying parameter heterogeneity to neuron parameters...
[2026-07-10 05:55:56][INFO] SIM_BRIDGE: Applied heterogeneity to 4 parameters.
[2026-07-10 05:55:56][INFO] SIM_BRIDGE: Initializing OU process state (tau=15.0ms, sigma=0.0pA)...
[2026-07-10 05:55:56][INFO] SIM_BRIDGE: Generating 3D neuron positions for 256 neurons...
[2026-07-10 05:55:56][INFO] SIM_BRIDGE: Generating connections (3D)...
[2026-07-10 05:55:56][INFO] SIM_BRIDGE: Simulation data initialized for 256 neurons (3D). Synapses: 0. GPU memory: 20.4GB/51.2GB (39.8%)
[2026-07-10 05:55:56][INFO] SIM_BRIDGE: NumPy backend (CPU (NumPy backend), 47.7 GB RAM available)
[2026-07-10 05:55:56][INFO] SIM_BRIDGE: Initializing simulation data for model: IZHIKEVICH (3D)... (playback_init: False)
[2026-07-10 05:55:56][INFO] SIM_BRIDGE: RNG initialized with seed: 102
[2026-07-10 05:55:56][INFO] SIM_BRIDGE: Initializing Izhikevich model specifics for 512 neurons...
[2026-07-10 05:55:56][INFO] SIM_BRIDGE: Applying parameter heterogeneity to neuron parameters...
[2026-07-10 05:55:56][INFO] SIM_BRIDGE: Applied heterogeneity to 4 parameters.
[2026-07-10 05:55:56][INFO] SIM_BRIDGE: Initializing OU process state (tau=15.0ms, sigma=0.0pA)...
[2026-07-10 05:55:56][INFO] SIM_BRIDGE: Generating 3D neuron positions for 512 neurons...
[2026-07-10 05:55:56][INFO] SIM_BRIDGE: Generating connections (3D)...
[2026-07-10 05:55:56][INFO] SIM_BRIDGE: Simulation data initialized for 512 neurons (3D). Synapses: 0. GPU memory: 20.4GB/51.2GB (39.8%)
[2026-07-10 05:56:03][INFO] SIM_BRIDGE: NumPy backend (CPU (NumPy backend), 47.7 GB RAM available)
[2026-07-10 05:56:03][INFO] SIM_BRIDGE: Initializing simulation data for model: IZHIKEVICH (3D)... (playback_init: False)
[2026-07-10 05:56:03][INFO] SIM_BRIDGE: Brain-region framework: 7 regions, 96 total neurons, 12 pathways.
[2026-07-10 05:56:03][INFO] SIM_BRIDGE: RNG initialized with seed: 102
[2026-07-10 05:56:03][INFO] SIM_BRIDGE: Initializing Izhikevich model specifics for 96 neurons...
[2026-07-10 05:56:03][INFO] SIM_BRIDGE: Applying parameter heterogeneity to neuron parameters...
[2026-07-10 05:56:03][INFO] SIM_BRIDGE: Applied heterogeneity to 4 parameters.
[2026-07-10 05:56:03][INFO] SIM_BRIDGE: Initializing OU process state (tau=15.0ms, sigma=0.0pA)...
[2026-07-10 05:56:03][INFO] SIM_BRIDGE: Generating 3D neuron positions for 96 neurons...
[2026-07-10 05:56:03][INFO] SIM_BRIDGE: Generating connections (brain-region framework)...
[2026-07-10 05:56:03][INFO] SIM_BRIDGE: inject_explicit_wiring: installed 2075 synapses across 12 populations.
[2026-07-10 05:56:03][INFO] SIM_BRIDGE: Simulation data initialized for 96 neurons (3D). Synapses: 2075. GPU memory: 20.6GB/51.2GB (40.1%)
[2026-07-10 05:56:03][INFO] SIM_BRIDGE: NumPy backend (CPU (NumPy backend), 47.7 GB RAM available)
[2026-07-10 05:56:03][INFO] SIM_BRIDGE: Initializing simulation data for model: IZHIKEVICH (3D)... (playback_init: False)
[2026-07-10 05:56:03][INFO] SIM_BRIDGE: RNG initialized with seed: 102
[2026-07-10 05:56:03][INFO] SIM_BRIDGE: Initializing Izhikevich model specifics for 126 neurons...
[2026-07-10 05:56:03][INFO] SIM_BRIDGE: Applying parameter heterogeneity to neuron parameters...
[2026-07-10 05:56:03][INFO] SIM_BRIDGE: Applied heterogeneity to 4 parameters.
[2026-07-10 05:56:03][INFO] SIM_BRIDGE: Initializing OU process state (tau=15.0ms, sigma=20.0pA)...
[2026-07-10 05:56:03][INFO] SIM_BRIDGE: Generating 3D neuron positions for 126 neurons...
[2026-07-10 05:56:03][INFO] SIM_BRIDGE: Generating connections (3D)...
[2026-07-10 05:56:03][INFO] SIM_BRIDGE: Simulation data initialized for 126 neurons (3D). Synapses: 0. GPU memory: 20.6GB/51.2GB (40.1%)
[2026-07-10 05:56:03][INFO] SIM_BRIDGE: inject_explicit_wiring: installed 720 synapses across 1 populations.
[2026-07-10 05:56:07][INFO] SIM_BRIDGE: NumPy backend (CPU (NumPy backend), 47.7 GB RAM available)
[2026-07-10 05:56:07][INFO] SIM_BRIDGE: Initializing simulation data for model: IZHIKEVICH (3D)... (playback_init: False)
[2026-07-10 05:56:07][INFO] SIM_BRIDGE: RNG initialized with seed: 102
[2026-07-10 05:56:07][INFO] SIM_BRIDGE: Initializing Izhikevich model specifics for 224 neurons...
[2026-07-10 05:56:07][INFO] SIM_BRIDGE: Applying parameter heterogeneity to neuron parameters...
[2026-07-10 05:56:07][INFO] SIM_BRIDGE: Applied heterogeneity to 4 parameters.
[2026-07-10 05:56:07][INFO] SIM_BRIDGE: Initializing OU process state (tau=15.0ms, sigma=20.0pA)...
[2026-07-10 05:56:07][INFO] SIM_BRIDGE: Generating 3D neuron positions for 224 neurons...
[2026-07-10 05:56:07][INFO] SIM_BRIDGE: Generating connections (3D)...
[2026-07-10 05:56:07][INFO] SIM_BRIDGE: Simulation data initialized for 224 neurons (3D). Synapses: 0. GPU memory: 20.6GB/51.2GB (40.1%)
[2026-07-10 05:56:07][INFO] SIM_BRIDGE: inject_explicit_wiring: installed 4800 synapses across 1 populations.
[2026-07-10 05:56:15][INFO] SIM_BRIDGE: NumPy backend (CPU (NumPy backend), 47.7 GB RAM available)
[2026-07-10 05:56:15][INFO] SIM_BRIDGE: Initializing simulation data for model: IZHIKEVICH (3D)... (playback_init: False)
[2026-07-10 05:56:15][INFO] SIM_BRIDGE: Brain-region framework: 2 regions, 1200 total neurons, 2 pathways.
[2026-07-10 05:56:15][INFO] SIM_BRIDGE: RNG initialized with seed: 102
[2026-07-10 05:56:15][INFO] SIM_BRIDGE: NMDA per-region mask: 2 regions enabled (1200 neurons)
[2026-07-10 05:56:15][INFO] SIM_BRIDGE: Initializing Izhikevich model specifics for 1200 neurons...
[2026-07-10 05:56:15][INFO] SIM_BRIDGE: Region 'cortex_ctx' (600 neurons): using Izh type IZH2007_HIPPO_PYRAMIDAL
[2026-07-10 05:56:15][INFO] SIM_BRIDGE: Region 'dlpfc_wm' (600 neurons): using Izh type IZH2007_HIPPO_PYRAMIDAL
[2026-07-10 05:56:15][INFO] SIM_BRIDGE: Applying parameter heterogeneity to neuron parameters...
[2026-07-10 05:56:15][INFO] SIM_BRIDGE: Applied heterogeneity to 4 parameters.
[2026-07-10 05:56:15][INFO] SIM_BRIDGE: Generating 3D neuron positions for 1200 neurons...
[2026-07-10 05:56:15][INFO] SIM_BRIDGE: Generating connections (brain-region framework)...
[2026-07-10 05:56:16][INFO] SIM_BRIDGE: inject_explicit_wiring: installed 107914 synapses across 4 populations.
[2026-07-10 05:56:16][INFO] SIM_BRIDGE: Initializing eligibility traces for 107914 synapses (capacity: 161871, dtype: float32)...
[2026-07-10 05:56:16][INFO] SIM_BRIDGE: Initializing STDP state for 1200 neurons...
[2026-07-10 05:56:16][INFO] SIM_BRIDGE: Simulation data initialized for 1200 neurons (3D). Synapses: 107914. GPU memory: 20.5GB/51.2GB (40.0%)
[2026-07-10 05:56:16][INFO] SIM_BRIDGE: NumPy backend (CPU (NumPy backend), 47.7 GB RAM available)
[2026-07-10 05:56:16][INFO] SIM_BRIDGE: Initializing simulation data for model: IZHIKEVICH (3D)... (playback_init: False)
[2026-07-10 05:56:16][INFO] SIM_BRIDGE: Brain-region framework: 14 regions, 1380 total neurons, 38 pathways.
[2026-07-10 05:56:16][INFO] SIM_BRIDGE: RNG initialized with seed: 102
[2026-07-10 05:56:16][INFO] SIM_BRIDGE: NMDA per-region mask: 8 regions enabled (1320 neurons)
[2026-07-10 05:56:16][INFO] SIM_BRIDGE: Initializing Izhikevich model specifics for 1380 neurons...
[2026-07-10 05:56:16][INFO] SIM_BRIDGE: Region 'cortex_ctx' (600 neurons): using Izh type IZH2007_HIPPO_PYRAMIDAL
[2026-07-10 05:56:16][INFO] SIM_BRIDGE: Region 'dlpfc_wm' (600 neurons): using Izh type IZH2007_HIPPO_PYRAMIDAL
[2026-07-10 05:56:16][INFO] SIM_BRIDGE: Region 'sel_dog' (20 neurons): using Izh type IZH2007_RS_CORTICAL_PYRAMIDAL
[2026-07-10 05:56:16][INFO] SIM_BRIDGE: Region 'sel_FS_dog' (10 neurons): using Izh type IZH2007_FS_CORTICAL_INTERNEURON
[2026-07-10 05:56:16][INFO] SIM_BRIDGE: Region 'sel_cat' (20 neurons): using Izh type IZH2007_RS_CORTICAL_PYRAMIDAL
[2026-07-10 05:56:16][INFO] SIM_BRIDGE: Region 'sel_FS_cat' (10 neurons): using Izh type IZH2007_FS_CORTICAL_INTERNEURON
[2026-07-10 05:56:16][INFO] SIM_BRIDGE: Region 'sel_fish' (20 neurons): using Izh type IZH2007_RS_CORTICAL_PYRAMIDAL
[2026-07-10 05:56:16][INFO] SIM_BRIDGE: Region 'sel_FS_fish' (10 neurons): using Izh type IZH2007_FS_CORTICAL_INTERNEURON
[2026-07-10 05:56:16][INFO] SIM_BRIDGE: Region 'sel_bird' (20 neurons): using Izh type IZH2007_RS_CORTICAL_PYRAMIDAL
[2026-07-10 05:56:16][INFO] SIM_BRIDGE: Region 'sel_FS_bird' (10 neurons): using Izh type IZH2007_FS_CORTICAL_INTERNEURON
[2026-07-10 05:56:16][INFO] SIM_BRIDGE: Region 'sel_worm' (20 neurons): using Izh type IZH2007_RS_CORTICAL_PYRAMIDAL
[2026-07-10 05:56:16][INFO] SIM_BRIDGE: Region 'sel_FS_worm' (10 neurons): using Izh type IZH2007_FS_CORTICAL_INTERNEURON
[2026-07-10 05:56:16][INFO] SIM_BRIDGE: Region 'sel_ball' (20 neurons): using Izh type IZH2007_RS_CORTICAL_PYRAMIDAL
[2026-07-10 05:56:16][INFO] SIM_BRIDGE: Region 'sel_FS_ball' (10 neurons): using Izh type IZH2007_FS_CORTICAL_INTERNEURON
[2026-07-10 05:56:16][INFO] SIM_BRIDGE: Applying parameter heterogeneity to neuron parameters...
[2026-07-10 05:56:16][INFO] SIM_BRIDGE: Applied heterogeneity to 4 parameters.
[2026-07-10 05:56:16][INFO] SIM_BRIDGE: Generating 3D neuron positions for 1380 neurons...
[2026-07-10 05:56:16][INFO] SIM_BRIDGE: Generating connections (brain-region framework)...
[2026-07-10 05:56:16][INFO] SIM_BRIDGE: inject_explicit_wiring: installed 44275 synapses across 44 populations.
[2026-07-10 05:56:16][INFO] SIM_BRIDGE: Initializing eligibility traces for 44275 synapses (capacity: 66412, dtype: float32)...
[2026-07-10 05:56:16][INFO] SIM_BRIDGE: Initializing STDP state for 1380 neurons...
[2026-07-10 05:56:16][INFO] SIM_BRIDGE: Simulation data initialized for 1380 neurons (3D). Synapses: 44275. GPU memory: 20.5GB/51.2GB (40.0%)
[2026-07-10 05:56:16][INFO] SIM_BRIDGE: NumPy backend (CPU (NumPy backend), 47.7 GB RAM available)
[2026-07-10 05:56:16][INFO] SIM_BRIDGE: Initializing simulation data for model: IZHIKEVICH (3D)... (playback_init: False)
[2026-07-10 05:56:16][INFO] SIM_BRIDGE: RNG initialized with seed: 102
[2026-07-10 05:56:16][INFO] SIM_BRIDGE: Initializing Izhikevich model specifics for 256 neurons...
[2026-07-10 05:56:16][INFO] SIM_BRIDGE: Applying parameter heterogeneity to neuron parameters...
[2026-07-10 05:56:16][INFO] SIM_BRIDGE: Applied heterogeneity to 4 parameters.
[2026-07-10 05:56:16][INFO] SIM_BRIDGE: Initializing OU process state (tau=15.0ms, sigma=0.0pA)...
[2026-07-10 05:56:16][INFO] SIM_BRIDGE: Generating 3D neuron positions for 256 neurons...
[2026-07-10 05:56:16][INFO] SIM_BRIDGE: Generating connections (3D)...
[2026-07-10 05:56:16][INFO] SIM_BRIDGE: Simulation data initialized for 256 neurons (3D). Synapses: 0. GPU memory: 20.5GB/51.2GB (40.1%)
[2026-07-10 05:56:16][INFO] SIM_BRIDGE: NumPy backend (CPU (NumPy backend), 47.7 GB RAM available)
[2026-07-10 05:56:16][INFO] SIM_BRIDGE: Initializing simulation data for model: IZHIKEVICH (3D)... (playback_init: False)
[2026-07-10 05:56:16][INFO] SIM_BRIDGE: RNG initialized with seed: 102
[2026-07-10 05:56:16][INFO] SIM_BRIDGE: Initializing Izhikevich model specifics for 512 neurons...
[2026-07-10 05:56:16][INFO] SIM_BRIDGE: Applying parameter heterogeneity to neuron parameters...
[2026-07-10 05:56:16][INFO] SIM_BRIDGE: Applied heterogeneity to 4 parameters.
[2026-07-10 05:56:16][INFO] SIM_BRIDGE: Initializing OU process state (tau=15.0ms, sigma=0.0pA)...
[2026-07-10 05:56:16][INFO] SIM_BRIDGE: Generating 3D neuron positions for 512 neurons...
[2026-07-10 05:56:16][INFO] SIM_BRIDGE: Generating connections (3D)...
[2026-07-10 05:56:16][INFO] SIM_BRIDGE: Simulation data initialized for 512 neurons (3D). Synapses: 0. GPU memory: 20.5GB/51.2GB (40.1%)
[2026-07-10 05:56:22][INFO] SIM_BRIDGE: NumPy backend (CPU (NumPy backend), 47.7 GB RAM available)
[2026-07-10 05:56:22][INFO] SIM_BRIDGE: Initializing simulation data for model: IZHIKEVICH (3D)... (playback_init: False)
[2026-07-10 05:56:22][INFO] SIM_BRIDGE: RNG initialized with seed: 102
[2026-07-10 05:56:22][INFO] SIM_BRIDGE: Initializing Izhikevich model specifics for 2048 neurons...
[2026-07-10 05:56:22][INFO] SIM_BRIDGE: Applying parameter heterogeneity to neuron parameters...
[2026-07-10 05:56:22][INFO] SIM_BRIDGE: Applied heterogeneity to 4 parameters.
[2026-07-10 05:56:22][INFO] SIM_BRIDGE: Initializing OU process state (tau=15.0ms, sigma=0.0pA)...
[2026-07-10 05:56:22][INFO] SIM_BRIDGE: Generating 3D neuron positions for 2048 neurons...
[2026-07-10 05:56:22][INFO] SIM_BRIDGE: Generating connections (3D)...
[2026-07-10 05:56:22][INFO] SIM_BRIDGE: Simulation data initialized for 2048 neurons (3D). Synapses: 0. GPU memory: 20.5GB/51.2GB (40.1%)
[2026-07-10 05:56:22][INFO] SIM_BRIDGE: NumPy backend (CPU (NumPy backend), 47.7 GB RAM available)
[2026-07-10 05:56:22][INFO] SIM_BRIDGE: Initializing simulation data for model: IZHIKEVICH (3D)... (playback_init: False)
[2026-07-10 05:56:22][INFO] SIM_BRIDGE: RNG initialized with seed: 102
[2026-07-10 05:56:22][INFO] SIM_BRIDGE: Initializing Izhikevich model specifics for 2048 neurons...
[2026-07-10 05:56:22][INFO] SIM_BRIDGE: Applying parameter heterogeneity to neuron parameters...
[2026-07-10 05:56:22][INFO] SIM_BRIDGE: Applied heterogeneity to 4 parameters.
[2026-07-10 05:56:22][INFO] SIM_BRIDGE: Initializing OU process state (tau=15.0ms, sigma=0.0pA)...
[2026-07-10 05:56:22][INFO] SIM_BRIDGE: Generating 3D neuron positions for 2048 neurons...
[2026-07-10 05:56:22][INFO] SIM_BRIDGE: Generating connections (3D)...
[2026-07-10 05:56:22][INFO] SIM_BRIDGE: Simulation data initialized for 2048 neurons (3D). Synapses: 0. GPU memory: 20.5GB/51.2GB (40.1%)
E:\Documents\Projects\sim\sim\kernels.py:247: RuntimeWarning: overflow encountered in exp
  mg_block = 1.0 / (1.0 + (mg_conc / 3.57) * cp.exp(-0.062 * v))
[2026-07-10 05:56:25][INFO] SIM_BRIDGE: NumPy backend (CPU (NumPy backend), 47.7 GB RAM available)
[2026-07-10 05:56:25][INFO] SIM_BRIDGE: Initializing simulation data for model: IZHIKEVICH (3D)... (playback_init: False)
[2026-07-10 05:56:25][INFO] SIM_BRIDGE: RNG initialized with seed: 102
[2026-07-10 05:56:25][INFO] SIM_BRIDGE: Initializing Izhikevich model specifics for 2304 neurons...
[2026-07-10 05:56:25][INFO] SIM_BRIDGE: Applying parameter heterogeneity to neuron parameters...
[2026-07-10 05:56:25][INFO] SIM_BRIDGE: Applied heterogeneity to 4 parameters.
[2026-07-10 05:56:25][INFO] SIM_BRIDGE: Initializing OU process state (tau=15.0ms, sigma=0.0pA)...
[2026-07-10 05:56:25][INFO] SIM_BRIDGE: Generating 3D neuron positions for 2304 neurons...
[2026-07-10 05:56:25][INFO] SIM_BRIDGE: Generating connections (3D)...
[2026-07-10 05:56:25][INFO] SIM_BRIDGE: Simulation data initialized for 2304 neurons (3D). Synapses: 0. GPU memory: 20.5GB/51.2GB (40.0%)
[2026-07-10 05:56:25][INFO] SIM_BRIDGE: NumPy backend (CPU (NumPy backend), 47.7 GB RAM available)
[2026-07-10 05:56:25][INFO] SIM_BRIDGE: Initializing simulation data for model: IZHIKEVICH (3D)... (playback_init: False)
[2026-07-10 05:56:25][INFO] SIM_BRIDGE: RNG initialized with seed: 102
[2026-07-10 05:56:25][INFO] SIM_BRIDGE: Initializing Izhikevich model specifics for 2304 neurons...
[2026-07-10 05:56:25][INFO] SIM_BRIDGE: Applying parameter heterogeneity to neuron parameters...
[2026-07-10 05:56:25][INFO] SIM_BRIDGE: Applied heterogeneity to 4 parameters.
[2026-07-10 05:56:25][INFO] SIM_BRIDGE: Initializing OU process state (tau=15.0ms, sigma=0.0pA)...
[2026-07-10 05:56:25][INFO] SIM_BRIDGE: Generating 3D neuron positions for 2304 neurons...
[2026-07-10 05:56:25][INFO] SIM_BRIDGE: Generating connections (3D)...
[2026-07-10 05:56:25][INFO] SIM_BRIDGE: Simulation data initialized for 2304 neurons (3D). Synapses: 0. GPU memory: 20.5GB/51.2GB (40.0%)
[2026-07-10 05:56:30][INFO] SIM_BRIDGE: NumPy backend (CPU (NumPy backend), 47.7 GB RAM available)
[2026-07-10 05:56:30][INFO] SIM_BRIDGE: Initializing simulation data for model: IZHIKEVICH (3D)... (playback_init: False)
[2026-07-10 05:56:30][INFO] SIM_BRIDGE: RNG initialized with seed: 102
[2026-07-10 05:56:30][INFO] SIM_BRIDGE: Initializing Izhikevich model specifics for 3072 neurons...
[2026-07-10 05:56:30][INFO] SIM_BRIDGE: Applying parameter heterogeneity to neuron parameters...
[2026-07-10 05:56:30][INFO] SIM_BRIDGE: Applied heterogeneity to 4 parameters.
[2026-07-10 05:56:30][INFO] SIM_BRIDGE: Initializing OU process state (tau=15.0ms, sigma=0.0pA)...
[2026-07-10 05:56:30][INFO] SIM_BRIDGE: Generating 3D neuron positions for 3072 neurons...
[2026-07-10 05:56:30][INFO] SIM_BRIDGE: Generating connections (3D)...
[2026-07-10 05:56:30][INFO] SIM_BRIDGE: Simulation data initialized for 3072 neurons (3D). Synapses: 0. GPU memory: 20.6GB/51.2GB (40.2%)
[2026-07-10 05:56:30][INFO] SIM_BRIDGE: NumPy backend (CPU (NumPy backend), 47.7 GB RAM available)
[2026-07-10 05:56:30][INFO] SIM_BRIDGE: Initializing simulation data for model: IZHIKEVICH (3D)... (playback_init: False)
[2026-07-10 05:56:30][INFO] SIM_BRIDGE: RNG initialized with seed: 102
[2026-07-10 05:56:30][INFO] SIM_BRIDGE: Initializing Izhikevich model specifics for 3072 neurons...
[2026-07-10 05:56:30][INFO] SIM_BRIDGE: Applying parameter heterogeneity to neuron parameters...
[2026-07-10 05:56:30][INFO] SIM_BRIDGE: Applied heterogeneity to 4 parameters.
[2026-07-10 05:56:30][INFO] SIM_BRIDGE: Initializing OU process state (tau=15.0ms, sigma=0.0pA)...
[2026-07-10 05:56:30][INFO] SIM_BRIDGE: Generating 3D neuron positions for 3072 neurons...
[2026-07-10 05:56:30][INFO] SIM_BRIDGE: Generating connections (3D)...
[2026-07-10 05:56:30][INFO] SIM_BRIDGE: Simulation data initialized for 3072 neurons (3D). Synapses: 0. GPU memory: 20.6GB/51.2GB (40.2%)
[2026-07-10 05:56:33][INFO] SIM_BRIDGE: NumPy backend (CPU (NumPy backend), 47.7 GB RAM available)
[2026-07-10 05:56:33][INFO] SIM_BRIDGE: Initializing simulation data for model: IZHIKEVICH (3D)... (playback_init: False)
[2026-07-10 05:56:33][INFO] SIM_BRIDGE: RNG initialized with seed: 102
[2026-07-10 05:56:33][INFO] SIM_BRIDGE: Initializing Izhikevich model specifics for 3328 neurons...
[2026-07-10 05:56:33][INFO] SIM_BRIDGE: Applying parameter heterogeneity to neuron parameters...
[2026-07-10 05:56:33][INFO] SIM_BRIDGE: Applied heterogeneity to 4 parameters.
[2026-07-10 05:56:33][INFO] SIM_BRIDGE: Initializing OU process state (tau=15.0ms, sigma=0.0pA)...
[2026-07-10 05:56:33][INFO] SIM_BRIDGE: Generating 3D neuron positions for 3328 neurons...
[2026-07-10 05:56:33][INFO] SIM_BRIDGE: Generating connections (3D)...
[2026-07-10 05:56:33][INFO] SIM_BRIDGE: Simulation data initialized for 3328 neurons (3D). Synapses: 0. GPU memory: 20.6GB/51.2GB (40.2%)
[2026-07-10 05:56:33][INFO] SIM_BRIDGE: NumPy backend (CPU (NumPy backend), 47.7 GB RAM available)
[2026-07-10 05:56:33][INFO] SIM_BRIDGE: Initializing simulation data for model: IZHIKEVICH (3D)... (playback_init: False)
[2026-07-10 05:56:33][INFO] SIM_BRIDGE: RNG initialized with seed: 102
[2026-07-10 05:56:33][INFO] SIM_BRIDGE: Initializing Izhikevich model specifics for 3328 neurons...
[2026-07-10 05:56:33][INFO] SIM_BRIDGE: Applying parameter heterogeneity to neuron parameters...
[2026-07-10 05:56:33][INFO] SIM_BRIDGE: Applied heterogeneity to 4 parameters.
[2026-07-10 05:56:33][INFO] SIM_BRIDGE: Initializing OU process state (tau=15.0ms, sigma=0.0pA)...
[2026-07-10 05:56:33][INFO] SIM_BRIDGE: Generating 3D neuron positions for 3328 neurons...
[2026-07-10 05:56:33][INFO] SIM_BRIDGE: Generating connections (3D)...
[2026-07-10 05:56:33][INFO] SIM_BRIDGE: Simulation data initialized for 3328 neurons (3D). Synapses: 0. GPU memory: 20.6GB/51.2GB (40.2%)
[2026-07-10 05:56:37][INFO] SIM_BRIDGE: NumPy backend (CPU (NumPy backend), 47.7 GB RAM available)
[2026-07-10 05:56:37][INFO] SIM_BRIDGE: Initializing simulation data for model: IZHIKEVICH (3D)... (playback_init: False)
[2026-07-10 05:56:37][INFO] SIM_BRIDGE: RNG initialized with seed: 102
[2026-07-10 05:56:37][INFO] SIM_BRIDGE: Initializing Izhikevich model specifics for 3584 neurons...
[2026-07-10 05:56:37][INFO] SIM_BRIDGE: Applying parameter heterogeneity to neuron parameters...
[2026-07-10 05:56:37][INFO] SIM_BRIDGE: Applied heterogeneity to 4 parameters.
[2026-07-10 05:56:37][INFO] SIM_BRIDGE: Initializing OU process state (tau=15.0ms, sigma=0.0pA)...
[2026-07-10 05:56:37][INFO] SIM_BRIDGE: Generating 3D neuron positions for 3584 neurons...
[2026-07-10 05:56:37][INFO] SIM_BRIDGE: Generating connections (3D)...
[2026-07-10 05:56:37][INFO] SIM_BRIDGE: Simulation data initialized for 3584 neurons (3D). Synapses: 0. GPU memory: 20.7GB/51.2GB (40.3%)
[2026-07-10 05:56:37][INFO] SIM_BRIDGE: NumPy backend (CPU (NumPy backend), 47.7 GB RAM available)
[2026-07-10 05:56:37][INFO] SIM_BRIDGE: Initializing simulation data for model: IZHIKEVICH (3D)... (playback_init: False)
[2026-07-10 05:56:37][INFO] SIM_BRIDGE: RNG initialized with seed: 102
[2026-07-10 05:56:37][INFO] SIM_BRIDGE: Initializing Izhikevich model specifics for 3584 neurons...
[2026-07-10 05:56:37][INFO] SIM_BRIDGE: Applying parameter heterogeneity to neuron parameters...
[2026-07-10 05:56:37][INFO] SIM_BRIDGE: Applied heterogeneity to 4 parameters.
[2026-07-10 05:56:37][INFO] SIM_BRIDGE: Initializing OU process state (tau=15.0ms, sigma=0.0pA)...
[2026-07-10 05:56:37][INFO] SIM_BRIDGE: Generating 3D neuron positions for 3584 neurons...
[2026-07-10 05:56:37][INFO] SIM_BRIDGE: Generating connections (3D)...
[2026-07-10 05:56:37][INFO] SIM_BRIDGE: Simulation data initialized for 3584 neurons (3D). Synapses: 0. GPU memory: 20.7GB/51.2GB (40.3%)
[2026-07-10 05:56:41][INFO] SIM_BRIDGE: NumPy backend (CPU (NumPy backend), 47.7 GB RAM available)
[2026-07-10 05:56:41][INFO] SIM_BRIDGE: Initializing simulation data for model: IZHIKEVICH (3D)... (playback_init: False)
[2026-07-10 05:56:41][INFO] SIM_BRIDGE: RNG initialized with seed: 102
[2026-07-10 05:56:41][INFO] SIM_BRIDGE: Initializing Izhikevich model specifics for 4096 neurons...
[2026-07-10 05:56:41][INFO] SIM_BRIDGE: Applying parameter heterogeneity to neuron parameters...
[2026-07-10 05:56:41][INFO] SIM_BRIDGE: Applied heterogeneity to 4 parameters.
[2026-07-10 05:56:41][INFO] SIM_BRIDGE: Initializing OU process state (tau=15.0ms, sigma=0.0pA)...
[2026-07-10 05:56:41][INFO] SIM_BRIDGE: Generating 3D neuron positions for 4096 neurons...
[2026-07-10 05:56:41][INFO] SIM_BRIDGE: Generating connections (3D)...
[2026-07-10 05:56:41][INFO] SIM_BRIDGE: Simulation data initialized for 4096 neurons (3D). Synapses: 0. GPU memory: 20.6GB/51.2GB (40.2%)
[2026-07-10 05:56:41][INFO] SIM_BRIDGE: NumPy backend (CPU (NumPy backend), 47.7 GB RAM available)
[2026-07-10 05:56:41][INFO] SIM_BRIDGE: Initializing simulation data for model: IZHIKEVICH (3D)... (playback_init: False)
[2026-07-10 05:56:41][INFO] SIM_BRIDGE: RNG initialized with seed: 102
[2026-07-10 05:56:41][INFO] SIM_BRIDGE: Initializing Izhikevich model specifics for 4096 neurons...
[2026-07-10 05:56:41][INFO] SIM_BRIDGE: Applying parameter heterogeneity to neuron parameters...
[2026-07-10 05:56:41][INFO] SIM_BRIDGE: Applied heterogeneity to 4 parameters.
[2026-07-10 05:56:41][INFO] SIM_BRIDGE: Initializing OU process state (tau=15.0ms, sigma=0.0pA)...
[2026-07-10 05:56:41][INFO] SIM_BRIDGE: Generating 3D neuron positions for 4096 neurons...
[2026-07-10 05:56:41][INFO] SIM_BRIDGE: Generating connections (3D)...
[2026-07-10 05:56:41][INFO] SIM_BRIDGE: Simulation data initialized for 4096 neurons (3D). Synapses: 0. GPU memory: 20.6GB/51.2GB (40.2%)
[2026-07-10 05:56:45][INFO] SIM_BRIDGE: NumPy backend (CPU (NumPy backend), 47.7 GB RAM available)
[2026-07-10 05:56:45][INFO] SIM_BRIDGE: Initializing simulation data for model: IZHIKEVICH (3D)... (playback_init: False)
[2026-07-10 05:56:45][INFO] SIM_BRIDGE: RNG initialized with seed: 102
[2026-07-10 05:56:45][INFO] SIM_BRIDGE: Initializing Izhikevich model specifics for 4352 neurons...
[2026-07-10 05:56:45][INFO] SIM_BRIDGE: Applying parameter heterogeneity to neuron parameters...
[2026-07-10 05:56:45][INFO] SIM_BRIDGE: Applied heterogeneity to 4 parameters.
[2026-07-10 05:56:45][INFO] SIM_BRIDGE: Initializing OU process state (tau=15.0ms, sigma=0.0pA)...
[2026-07-10 05:56:45][INFO] SIM_BRIDGE: Generating 3D neuron positions for 4352 neurons...
[2026-07-10 05:56:45][INFO] SIM_BRIDGE: Generating connections (3D)...
[2026-07-10 05:56:45][INFO] SIM_BRIDGE: Simulation data initialized for 4352 neurons (3D). Synapses: 0. GPU memory: 20.6GB/51.2GB (40.2%)
[2026-07-10 05:56:45][INFO] SIM_BRIDGE: NumPy backend (CPU (NumPy backend), 47.7 GB RAM available)
[2026-07-10 05:56:45][INFO] SIM_BRIDGE: Initializing simulation data for model: IZHIKEVICH (3D)... (playback_init: False)
[2026-07-10 05:56:45][INFO] SIM_BRIDGE: RNG initialized with seed: 102
[2026-07-10 05:56:45][INFO] SIM_BRIDGE: Initializing Izhikevich model specifics for 4352 neurons...
[2026-07-10 05:56:45][INFO] SIM_BRIDGE: Applying parameter heterogeneity to neuron parameters...
[2026-07-10 05:56:45][INFO] SIM_BRIDGE: Applied heterogeneity to 4 parameters.
[2026-07-10 05:56:45][INFO] SIM_BRIDGE: Initializing OU process state (tau=15.0ms, sigma=0.0pA)...
[2026-07-10 05:56:45][INFO] SIM_BRIDGE: Generating 3D neuron positions for 4352 neurons...
[2026-07-10 05:56:45][INFO] SIM_BRIDGE: Generating connections (3D)...
[2026-07-10 05:56:45][INFO] SIM_BRIDGE: Simulation data initialized for 4352 neurons (3D). Synapses: 0. GPU memory: 20.6GB/51.2GB (40.2%)
[2026-07-10 05:56:48][INFO] SIM_BRIDGE: NumPy backend (CPU (NumPy backend), 47.7 GB RAM available)
[2026-07-10 05:56:48][INFO] SIM_BRIDGE: Initializing simulation data for model: IZHIKEVICH (3D)... (playback_init: False)
[2026-07-10 05:56:48][INFO] SIM_BRIDGE: RNG initialized with seed: 102
[2026-07-10 05:56:48][INFO] SIM_BRIDGE: Initializing Izhikevich model specifics for 4608 neurons...
[2026-07-10 05:56:48][INFO] SIM_BRIDGE: Applying parameter heterogeneity to neuron parameters...
[2026-07-10 05:56:48][INFO] SIM_BRIDGE: Applied heterogeneity to 4 parameters.
[2026-07-10 05:56:48][INFO] SIM_BRIDGE: Initializing OU process state (tau=15.0ms, sigma=0.0pA)...
[2026-07-10 05:56:48][INFO] SIM_BRIDGE: Generating 3D neuron positions for 4608 neurons...
[2026-07-10 05:56:48][INFO] SIM_BRIDGE: Generating connections (3D)...
[2026-07-10 05:56:48][INFO] SIM_BRIDGE: Simulation data initialized for 4608 neurons (3D). Synapses: 0. GPU memory: 20.6GB/51.2GB (40.2%)
[2026-07-10 05:56:48][INFO] SIM_BRIDGE: NumPy backend (CPU (NumPy backend), 47.7 GB RAM available)
[2026-07-10 05:56:48][INFO] SIM_BRIDGE: Initializing simulation data for model: IZHIKEVICH (3D)... (playback_init: False)
[2026-07-10 05:56:48][INFO] SIM_BRIDGE: RNG initialized with seed: 102
[2026-07-10 05:56:48][INFO] SIM_BRIDGE: Initializing Izhikevich model specifics for 4608 neurons...
[2026-07-10 05:56:48][INFO] SIM_BRIDGE: Applying parameter heterogeneity to neuron parameters...
[2026-07-10 05:56:48][INFO] SIM_BRIDGE: Applied heterogeneity to 4 parameters.
[2026-07-10 05:56:48][INFO] SIM_BRIDGE: Initializing OU process state (tau=15.0ms, sigma=0.0pA)...
[2026-07-10 05:56:48][INFO] SIM_BRIDGE: Generating 3D neuron positions for 4608 neurons...
[2026-07-10 05:56:48][INFO] SIM_BRIDGE: Generating connections (3D)...
[2026-07-10 05:56:48][INFO] SIM_BRIDGE: Simulation data initialized for 4608 neurons (3D). Synapses: 0. GPU memory: 20.6GB/51.2GB (40.2%)
[2026-07-10 05:56:53][INFO] SIM_BRIDGE: NumPy backend (CPU (NumPy backend), 47.7 GB RAM available)
[2026-07-10 05:56:53][INFO] SIM_BRIDGE: Initializing simulation data for model: IZHIKEVICH (3D)... (playback_init: False)
[2026-07-10 05:56:53][INFO] SIM_BRIDGE: RNG initialized with seed: 102
[2026-07-10 05:56:53][INFO] SIM_BRIDGE: Initializing Izhikevich model specifics for 4864 neurons...
[2026-07-10 05:56:53][INFO] SIM_BRIDGE: Applying parameter heterogeneity to neuron parameters...
[2026-07-10 05:56:53][INFO] SIM_BRIDGE: Applied heterogeneity to 4 parameters.
[2026-07-10 05:56:53][INFO] SIM_BRIDGE: Initializing OU process state (tau=15.0ms, sigma=0.0pA)...
[2026-07-10 05:56:53][INFO] SIM_BRIDGE: Generating 3D neuron positions for 4864 neurons...
[2026-07-10 05:56:53][INFO] SIM_BRIDGE: Generating connections (3D)...
[2026-07-10 05:56:53][INFO] SIM_BRIDGE: Simulation data initialized for 4864 neurons (3D). Synapses: 0. GPU memory: 20.7GB/51.2GB (40.5%)
[2026-07-10 05:56:53][INFO] SIM_BRIDGE: NumPy backend (CPU (NumPy backend), 47.7 GB RAM available)
[2026-07-10 05:56:53][INFO] SIM_BRIDGE: Initializing simulation data for model: IZHIKEVICH (3D)... (playback_init: False)
[2026-07-10 05:56:53][INFO] SIM_BRIDGE: RNG initialized with seed: 102
[2026-07-10 05:56:53][INFO] SIM_BRIDGE: Initializing Izhikevich model specifics for 4864 neurons...
[2026-07-10 05:56:53][INFO] SIM_BRIDGE: Applying parameter heterogeneity to neuron parameters...
[2026-07-10 05:56:53][INFO] SIM_BRIDGE: Applied heterogeneity to 4 parameters.
[2026-07-10 05:56:53][INFO] SIM_BRIDGE: Initializing OU process state (tau=15.0ms, sigma=0.0pA)...
[2026-07-10 05:56:53][INFO] SIM_BRIDGE: Generating 3D neuron positions for 4864 neurons...
[2026-07-10 05:56:53][INFO] SIM_BRIDGE: Generating connections (3D)...
[2026-07-10 05:56:53][INFO] SIM_BRIDGE: Simulation data initialized for 4864 neurons (3D). Synapses: 0. GPU memory: 20.8GB/51.2GB (40.5%)
[2026-07-10 05:56:58][INFO] SIM_BRIDGE: NumPy backend (CPU (NumPy backend), 47.7 GB RAM available)
[2026-07-10 05:56:58][INFO] SIM_BRIDGE: Initializing simulation data for model: IZHIKEVICH (3D)... (playback_init: False)
[2026-07-10 05:56:58][INFO] SIM_BRIDGE: RNG initialized with seed: 102
[2026-07-10 05:56:58][INFO] SIM_BRIDGE: Initializing Izhikevich model specifics for 5632 neurons...
[2026-07-10 05:56:58][INFO] SIM_BRIDGE: Applying parameter heterogeneity to neuron parameters...
[2026-07-10 05:56:58][INFO] SIM_BRIDGE: Applied heterogeneity to 4 parameters.
[2026-07-10 05:56:58][INFO] SIM_BRIDGE: Initializing OU process state (tau=15.0ms, sigma=0.0pA)...
[2026-07-10 05:56:58][INFO] SIM_BRIDGE: Generating 3D neuron positions for 5632 neurons...
[2026-07-10 05:56:58][INFO] SIM_BRIDGE: Generating connections (3D)...
[2026-07-10 05:56:58][INFO] SIM_BRIDGE: Simulation data initialized for 5632 neurons (3D). Synapses: 0. GPU memory: 20.8GB/51.2GB (40.7%)
[2026-07-10 05:56:58][INFO] SIM_BRIDGE: NumPy backend (CPU (NumPy backend), 47.7 GB RAM available)
[2026-07-10 05:56:58][INFO] SIM_BRIDGE: Initializing simulation data for model: IZHIKEVICH (3D)... (playback_init: False)
[2026-07-10 05:56:58][INFO] SIM_BRIDGE: RNG initialized with seed: 102
[2026-07-10 05:56:58][INFO] SIM_BRIDGE: Initializing Izhikevich model specifics for 5632 neurons...
[2026-07-10 05:56:58][INFO] SIM_BRIDGE: Applying parameter heterogeneity to neuron parameters...
[2026-07-10 05:56:58][INFO] SIM_BRIDGE: Applied heterogeneity to 4 parameters.
[2026-07-10 05:56:58][INFO] SIM_BRIDGE: Initializing OU process state (tau=15.0ms, sigma=0.0pA)...
[2026-07-10 05:56:58][INFO] SIM_BRIDGE: Generating 3D neuron positions for 5632 neurons...
[2026-07-10 05:56:58][INFO] SIM_BRIDGE: Generating connections (3D)...
[2026-07-10 05:56:58][INFO] SIM_BRIDGE: Simulation data initialized for 5632 neurons (3D). Synapses: 0. GPU memory: 20.9GB/51.2GB (40.9%)
[2026-07-10 05:57:03][INFO] SIM_BRIDGE: NumPy backend (CPU (NumPy backend), 47.7 GB RAM available)
[2026-07-10 05:57:03][INFO] SIM_BRIDGE: Initializing simulation data for model: IZHIKEVICH (3D)... (playback_init: False)
[2026-07-10 05:57:03][INFO] SIM_BRIDGE: RNG initialized with seed: 102
[2026-07-10 05:57:03][INFO] SIM_BRIDGE: Initializing Izhikevich model specifics for 5888 neurons...
[2026-07-10 05:57:03][INFO] SIM_BRIDGE: Applying parameter heterogeneity to neuron parameters...
[2026-07-10 05:57:03][INFO] SIM_BRIDGE: Applied heterogeneity to 4 parameters.
[2026-07-10 05:57:03][INFO] SIM_BRIDGE: Initializing OU process state (tau=15.0ms, sigma=0.0pA)...
[2026-07-10 05:57:03][INFO] SIM_BRIDGE: Generating 3D neuron positions for 5888 neurons...
[2026-07-10 05:57:03][INFO] SIM_BRIDGE: Generating connections (3D)...
[2026-07-10 05:57:03][INFO] SIM_BRIDGE: Simulation data initialized for 5888 neurons (3D). Synapses: 0. GPU memory: 20.9GB/51.2GB (40.7%)
[2026-07-10 05:57:03][INFO] SIM_BRIDGE: NumPy backend (CPU (NumPy backend), 47.7 GB RAM available)
[2026-07-10 05:57:03][INFO] SIM_BRIDGE: Initializing simulation data for model: IZHIKEVICH (3D)... (playback_init: False)
[2026-07-10 05:57:03][INFO] SIM_BRIDGE: RNG initialized with seed: 102
[2026-07-10 05:57:03][INFO] SIM_BRIDGE: Initializing Izhikevich model specifics for 5888 neurons...
[2026-07-10 05:57:03][INFO] SIM_BRIDGE: Applying parameter heterogeneity to neuron parameters...
[2026-07-10 05:57:03][INFO] SIM_BRIDGE: Applied heterogeneity to 4 parameters.
[2026-07-10 05:57:03][INFO] SIM_BRIDGE: Initializing OU process state (tau=15.0ms, sigma=0.0pA)...
[2026-07-10 05:57:03][INFO] SIM_BRIDGE: Generating 3D neuron positions for 5888 neurons...
[2026-07-10 05:57:03][INFO] SIM_BRIDGE: Generating connections (3D)...
[2026-07-10 05:57:03][INFO] SIM_BRIDGE: Simulation data initialized for 5888 neurons (3D). Synapses: 0. GPU memory: 20.9GB/51.2GB (40.7%)
[2026-07-10 05:57:07][INFO] SIM_BRIDGE: NumPy backend (CPU (NumPy backend), 47.7 GB RAM available)
[2026-07-10 05:57:07][INFO] SIM_BRIDGE: Initializing simulation data for model: IZHIKEVICH (3D)... (playback_init: False)
[2026-07-10 05:57:07][INFO] SIM_BRIDGE: RNG initialized with seed: 102
[2026-07-10 05:57:07][INFO] SIM_BRIDGE: Initializing Izhikevich model specifics for 6144 neurons...
[2026-07-10 05:57:07][INFO] SIM_BRIDGE: Applying parameter heterogeneity to neuron parameters...
[2026-07-10 05:57:07][INFO] SIM_BRIDGE: Applied heterogeneity to 4 parameters.
[2026-07-10 05:57:07][INFO] SIM_BRIDGE: Initializing OU process state (tau=15.0ms, sigma=0.0pA)...
[2026-07-10 05:57:07][INFO] SIM_BRIDGE: Generating 3D neuron positions for 6144 neurons...
[2026-07-10 05:57:07][INFO] SIM_BRIDGE: Generating connections (3D)...
[2026-07-10 05:57:07][INFO] SIM_BRIDGE: Simulation data initialized for 6144 neurons (3D). Synapses: 0. GPU memory: 21.0GB/51.2GB (40.9%)
[2026-07-10 05:57:07][INFO] SIM_BRIDGE: NumPy backend (CPU (NumPy backend), 47.7 GB RAM available)
[2026-07-10 05:57:07][INFO] SIM_BRIDGE: Initializing simulation data for model: IZHIKEVICH (3D)... (playback_init: False)
[2026-07-10 05:57:07][INFO] SIM_BRIDGE: RNG initialized with seed: 102
[2026-07-10 05:57:07][INFO] SIM_BRIDGE: Initializing Izhikevich model specifics for 6144 neurons...
[2026-07-10 05:57:07][INFO] SIM_BRIDGE: Applying parameter heterogeneity to neuron parameters...
[2026-07-10 05:57:07][INFO] SIM_BRIDGE: Applied heterogeneity to 4 parameters.
[2026-07-10 05:57:07][INFO] SIM_BRIDGE: Initializing OU process state (tau=15.0ms, sigma=0.0pA)...
[2026-07-10 05:57:07][INFO] SIM_BRIDGE: Generating 3D neuron positions for 6144 neurons...
[2026-07-10 05:57:07][INFO] SIM_BRIDGE: Generating connections (3D)...
[2026-07-10 05:57:07][INFO] SIM_BRIDGE: Simulation data initialized for 6144 neurons (3D). Synapses: 0. GPU memory: 21.0GB/51.2GB (40.9%)
[2026-07-10 05:57:12][INFO] SIM_BRIDGE: NumPy backend (CPU (NumPy backend), 47.7 GB RAM available)
[2026-07-10 05:57:12][INFO] SIM_BRIDGE: Initializing simulation data for model: IZHIKEVICH (3D)... (playback_init: False)
[2026-07-10 05:57:12][INFO] SIM_BRIDGE: RNG initialized with seed: 102
[2026-07-10 05:57:12][INFO] SIM_BRIDGE: Initializing Izhikevich model specifics for 6656 neurons...
[2026-07-10 05:57:12][INFO] SIM_BRIDGE: Applying parameter heterogeneity to neuron parameters...
[2026-07-10 05:57:12][INFO] SIM_BRIDGE: Applied heterogeneity to 4 parameters.
[2026-07-10 05:57:12][INFO] SIM_BRIDGE: Initializing OU process state (tau=15.0ms, sigma=0.0pA)...
[2026-07-10 05:57:12][INFO] SIM_BRIDGE: Generating 3D neuron positions for 6656 neurons...
[2026-07-10 05:57:12][INFO] SIM_BRIDGE: Generating connections (3D)...
[2026-07-10 05:57:12][INFO] SIM_BRIDGE: Simulation data initialized for 6656 neurons (3D). Synapses: 0. GPU memory: 21.0GB/51.2GB (41.0%)
[2026-07-10 05:57:12][INFO] SIM_BRIDGE: NumPy backend (CPU (NumPy backend), 47.7 GB RAM available)
[2026-07-10 05:57:12][INFO] SIM_BRIDGE: Initializing simulation data for model: IZHIKEVICH (3D)... (playback_init: False)
[2026-07-10 05:57:12][INFO] SIM_BRIDGE: RNG initialized with seed: 102
[2026-07-10 05:57:12][INFO] SIM_BRIDGE: Initializing Izhikevich model specifics for 6656 neurons...
[2026-07-10 05:57:12][INFO] SIM_BRIDGE: Applying parameter heterogeneity to neuron parameters...
[2026-07-10 05:57:12][INFO] SIM_BRIDGE: Applied heterogeneity to 4 parameters.
[2026-07-10 05:57:12][INFO] SIM_BRIDGE: Initializing OU process state (tau=15.0ms, sigma=0.0pA)...
[2026-07-10 05:57:12][INFO] SIM_BRIDGE: Generating 3D neuron positions for 6656 neurons...
[2026-07-10 05:57:12][INFO] SIM_BRIDGE: Generating connections (3D)...
[2026-07-10 05:57:12][INFO] SIM_BRIDGE: Simulation data initialized for 6656 neurons (3D). Synapses: 0. GPU memory: 20.9GB/51.2GB (40.9%)
[2026-07-10 05:57:16][INFO] SIM_BRIDGE: NumPy backend (CPU (NumPy backend), 47.7 GB RAM available)
[2026-07-10 05:57:16][INFO] SIM_BRIDGE: Initializing simulation data for model: IZHIKEVICH (3D)... (playback_init: False)
[2026-07-10 05:57:16][INFO] SIM_BRIDGE: RNG initialized with seed: 102
[2026-07-10 05:57:16][INFO] SIM_BRIDGE: Initializing Izhikevich model specifics for 7168 neurons...
[2026-07-10 05:57:16][INFO] SIM_BRIDGE: Applying parameter heterogeneity to neuron parameters...
[2026-07-10 05:57:16][INFO] SIM_BRIDGE: Applied heterogeneity to 4 parameters.
[2026-07-10 05:57:16][INFO] SIM_BRIDGE: Initializing OU process state (tau=15.0ms, sigma=0.0pA)...
[2026-07-10 05:57:16][INFO] SIM_BRIDGE: Generating 3D neuron positions for 7168 neurons...
[2026-07-10 05:57:16][INFO] SIM_BRIDGE: Generating connections (3D)...
[2026-07-10 05:57:16][INFO] SIM_BRIDGE: Simulation data initialized for 7168 neurons (3D). Synapses: 0. GPU memory: 20.9GB/51.2GB (40.9%)
[2026-07-10 05:57:16][INFO] SIM_BRIDGE: NumPy backend (CPU (NumPy backend), 47.7 GB RAM available)
[2026-07-10 05:57:16][INFO] SIM_BRIDGE: Initializing simulation data for model: IZHIKEVICH (3D)... (playback_init: False)
[2026-07-10 05:57:16][INFO] SIM_BRIDGE: RNG initialized with seed: 102
[2026-07-10 05:57:16][INFO] SIM_BRIDGE: Initializing Izhikevich model specifics for 7168 neurons...
[2026-07-10 05:57:16][INFO] SIM_BRIDGE: Applying parameter heterogeneity to neuron parameters...
[2026-07-10 05:57:16][INFO] SIM_BRIDGE: Applied heterogeneity to 4 parameters.
[2026-07-10 05:57:16][INFO] SIM_BRIDGE: Initializing OU process state (tau=15.0ms, sigma=0.0pA)...
[2026-07-10 05:57:16][INFO] SIM_BRIDGE: Generating 3D neuron positions for 7168 neurons...
[2026-07-10 05:57:16][INFO] SIM_BRIDGE: Generating connections (3D)...
[2026-07-10 05:57:16][INFO] SIM_BRIDGE: Simulation data initialized for 7168 neurons (3D). Synapses: 0. GPU memory: 20.9GB/51.2GB (40.9%)
[2026-07-10 05:57:21][INFO] SIM_BRIDGE: NumPy backend (CPU (NumPy backend), 47.7 GB RAM available)
[2026-07-10 05:57:21][INFO] SIM_BRIDGE: Initializing simulation data for model: IZHIKEVICH (3D)... (playback_init: False)
[2026-07-10 05:57:21][INFO] SIM_BRIDGE: RNG initialized with seed: 102
[2026-07-10 05:57:21][INFO] SIM_BRIDGE: Initializing Izhikevich model specifics for 7680 neurons...
[2026-07-10 05:57:21][INFO] SIM_BRIDGE: Applying parameter heterogeneity to neuron parameters...
[2026-07-10 05:57:21][INFO] SIM_BRIDGE: Applied heterogeneity to 4 parameters.
[2026-07-10 05:57:21][INFO] SIM_BRIDGE: Initializing OU process state (tau=15.0ms, sigma=0.0pA)...
[2026-07-10 05:57:21][INFO] SIM_BRIDGE: Generating 3D neuron positions for 7680 neurons...
[2026-07-10 05:57:21][INFO] SIM_BRIDGE: Generating connections (3D)...
[2026-07-10 05:57:21][INFO] SIM_BRIDGE: Simulation data initialized for 7680 neurons (3D). Synapses: 0. GPU memory: 21.0GB/51.2GB (40.9%)
[2026-07-10 05:57:21][INFO] SIM_BRIDGE: NumPy backend (CPU (NumPy backend), 47.7 GB RAM available)
[2026-07-10 05:57:21][INFO] SIM_BRIDGE: Initializing simulation data for model: IZHIKEVICH (3D)... (playback_init: False)
[2026-07-10 05:57:21][INFO] SIM_BRIDGE: RNG initialized with seed: 102
[2026-07-10 05:57:21][INFO] SIM_BRIDGE: Initializing Izhikevich model specifics for 7680 neurons...
[2026-07-10 05:57:21][INFO] SIM_BRIDGE: Applying parameter heterogeneity to neuron parameters...
[2026-07-10 05:57:21][INFO] SIM_BRIDGE: Applied heterogeneity to 4 parameters.
[2026-07-10 05:57:21][INFO] SIM_BRIDGE: Initializing OU process state (tau=15.0ms, sigma=0.0pA)...
[2026-07-10 05:57:21][INFO] SIM_BRIDGE: Generating 3D neuron positions for 7680 neurons...
[2026-07-10 05:57:21][INFO] SIM_BRIDGE: Generating connections (3D)...
[2026-07-10 05:57:21][INFO] SIM_BRIDGE: Simulation data initialized for 7680 neurons (3D). Synapses: 0. GPU memory: 21.0GB/51.2GB (40.9%)
[2026-07-10 05:57:24][INFO] SIM_BRIDGE: NumPy backend (CPU (NumPy backend), 47.7 GB RAM available)
[2026-07-10 05:57:24][INFO] SIM_BRIDGE: Initializing simulation data for model: IZHIKEVICH (3D)... (playback_init: False)
[2026-07-10 05:57:24][INFO] SIM_BRIDGE: RNG initialized with seed: 102
[2026-07-10 05:57:24][INFO] SIM_BRIDGE: Initializing Izhikevich model specifics for 7936 neurons...
[2026-07-10 05:57:24][INFO] SIM_BRIDGE: Applying parameter heterogeneity to neuron parameters...
[2026-07-10 05:57:24][INFO] SIM_BRIDGE: Applied heterogeneity to 4 parameters.
[2026-07-10 05:57:24][INFO] SIM_BRIDGE: Initializing OU process state (tau=15.0ms, sigma=0.0pA)...
[2026-07-10 05:57:24][INFO] SIM_BRIDGE: Generating 3D neuron positions for 7936 neurons...
[2026-07-10 05:57:24][INFO] SIM_BRIDGE: Generating connections (3D)...
[2026-07-10 05:57:24][INFO] SIM_BRIDGE: Simulation data initialized for 7936 neurons (3D). Synapses: 0. GPU memory: 21.0GB/51.2GB (41.0%)
[2026-07-10 05:57:24][INFO] SIM_BRIDGE: NumPy backend (CPU (NumPy backend), 47.7 GB RAM available)
[2026-07-10 05:57:24][INFO] SIM_BRIDGE: Initializing simulation data for model: IZHIKEVICH (3D)... (playback_init: False)
[2026-07-10 05:57:24][INFO] SIM_BRIDGE: RNG initialized with seed: 102
[2026-07-10 05:57:24][INFO] SIM_BRIDGE: Initializing Izhikevich model specifics for 7936 neurons...
[2026-07-10 05:57:24][INFO] SIM_BRIDGE: Applying parameter heterogeneity to neuron parameters...
[2026-07-10 05:57:24][INFO] SIM_BRIDGE: Applied heterogeneity to 4 parameters.
[2026-07-10 05:57:24][INFO] SIM_BRIDGE: Initializing OU process state (tau=15.0ms, sigma=0.0pA)...
[2026-07-10 05:57:24][INFO] SIM_BRIDGE: Generating 3D neuron positions for 7936 neurons...
[2026-07-10 05:57:24][INFO] SIM_BRIDGE: Generating connections (3D)...
[2026-07-10 05:57:24][INFO] SIM_BRIDGE: Simulation data initialized for 7936 neurons (3D). Synapses: 0. GPU memory: 21.0GB/51.2GB (41.0%)
[2026-07-10 05:57:27][INFO] SIM_BRIDGE: NumPy backend (CPU (NumPy backend), 47.7 GB RAM available)
[2026-07-10 05:57:27][INFO] SIM_BRIDGE: Initializing simulation data for model: IZHIKEVICH (3D)... (playback_init: False)
[2026-07-10 05:57:27][INFO] SIM_BRIDGE: RNG initialized with seed: 102
[2026-07-10 05:57:27][INFO] SIM_BRIDGE: Initializing Izhikevich model specifics for 8192 neurons...
[2026-07-10 05:57:27][INFO] SIM_BRIDGE: Applying parameter heterogeneity to neuron parameters...
[2026-07-10 05:57:27][INFO] SIM_BRIDGE: Applied heterogeneity to 4 parameters.
[2026-07-10 05:57:27][INFO] SIM_BRIDGE: Initializing OU process state (tau=15.0ms, sigma=0.0pA)...
[2026-07-10 05:57:27][INFO] SIM_BRIDGE: Generating 3D neuron positions for 8192 neurons...
[2026-07-10 05:57:27][INFO] SIM_BRIDGE: Generating connections (3D)...
[2026-07-10 05:57:27][INFO] SIM_BRIDGE: Simulation data initialized for 8192 neurons (3D). Synapses: 0. GPU memory: 21.1GB/51.2GB (41.1%)
[2026-07-10 05:57:27][INFO] SIM_BRIDGE: NumPy backend (CPU (NumPy backend), 47.7 GB RAM available)
[2026-07-10 05:57:27][INFO] SIM_BRIDGE: Initializing simulation data for model: IZHIKEVICH (3D)... (playback_init: False)
[2026-07-10 05:57:27][INFO] SIM_BRIDGE: RNG initialized with seed: 102
[2026-07-10 05:57:27][INFO] SIM_BRIDGE: Initializing Izhikevich model specifics for 8192 neurons...
[2026-07-10 05:57:27][INFO] SIM_BRIDGE: Applying parameter heterogeneity to neuron parameters...
[2026-07-10 05:57:27][INFO] SIM_BRIDGE: Applied heterogeneity to 4 parameters.
[2026-07-10 05:57:27][INFO] SIM_BRIDGE: Initializing OU process state (tau=15.0ms, sigma=0.0pA)...
[2026-07-10 05:57:27][INFO] SIM_BRIDGE: Generating 3D neuron positions for 8192 neurons...
[2026-07-10 05:57:27][INFO] SIM_BRIDGE: Generating connections (3D)...
[2026-07-10 05:57:27][INFO] SIM_BRIDGE: Simulation data initialized for 8192 neurons (3D). Synapses: 0. GPU memory: 21.1GB/51.2GB (41.1%)
[2026-07-10 05:57:31][INFO] SIM_BRIDGE: NumPy backend (CPU (NumPy backend), 47.7 GB RAM available)
[2026-07-10 05:57:31][INFO] SIM_BRIDGE: Initializing simulation data for model: IZHIKEVICH (3D)... (playback_init: False)
[2026-07-10 05:57:31][INFO] SIM_BRIDGE: RNG initialized with seed: 102
[2026-07-10 05:57:31][INFO] SIM_BRIDGE: Initializing Izhikevich model specifics for 8704 neurons...
[2026-07-10 05:57:31][INFO] SIM_BRIDGE: Applying parameter heterogeneity to neuron parameters...
[2026-07-10 05:57:31][INFO] SIM_BRIDGE: Applied heterogeneity to 4 parameters.
[2026-07-10 05:57:31][INFO] SIM_BRIDGE: Initializing OU process state (tau=15.0ms, sigma=0.0pA)...
[2026-07-10 05:57:31][INFO] SIM_BRIDGE: Generating 3D neuron positions for 8704 neurons...
[2026-07-10 05:57:31][INFO] SIM_BRIDGE: Generating connections (3D)...
[2026-07-10 05:57:31][INFO] SIM_BRIDGE: Simulation data initialized for 8704 neurons (3D). Synapses: 0. GPU memory: 21.0GB/51.2GB (41.1%)
[2026-07-10 05:57:31][INFO] SIM_BRIDGE: NumPy backend (CPU (NumPy backend), 47.7 GB RAM available)
[2026-07-10 05:57:31][INFO] SIM_BRIDGE: Initializing simulation data for model: IZHIKEVICH (3D)... (playback_init: False)
[2026-07-10 05:57:31][INFO] SIM_BRIDGE: RNG initialized with seed: 102
[2026-07-10 05:57:31][INFO] SIM_BRIDGE: Initializing Izhikevich model specifics for 8704 neurons...
[2026-07-10 05:57:31][INFO] SIM_BRIDGE: Applying parameter heterogeneity to neuron parameters...
[2026-07-10 05:57:31][INFO] SIM_BRIDGE: Applied heterogeneity to 4 parameters.
[2026-07-10 05:57:31][INFO] SIM_BRIDGE: Initializing OU process state (tau=15.0ms, sigma=0.0pA)...
[2026-07-10 05:57:31][INFO] SIM_BRIDGE: Generating 3D neuron positions for 8704 neurons...
[2026-07-10 05:57:31][INFO] SIM_BRIDGE: Generating connections (3D)...
[2026-07-10 05:57:31][INFO] SIM_BRIDGE: Simulation data initialized for 8704 neurons (3D). Synapses: 0. GPU memory: 21.0GB/51.2GB (41.1%)
[2026-07-10 05:57:34][INFO] SIM_BRIDGE: NumPy backend (CPU (NumPy backend), 47.7 GB RAM available)
[2026-07-10 05:57:34][INFO] SIM_BRIDGE: Initializing simulation data for model: IZHIKEVICH (3D)... (playback_init: False)
[2026-07-10 05:57:34][INFO] SIM_BRIDGE: RNG initialized with seed: 102
[2026-07-10 05:57:34][INFO] SIM_BRIDGE: Initializing Izhikevich model specifics for 8960 neurons...
[2026-07-10 05:57:34][INFO] SIM_BRIDGE: Applying parameter heterogeneity to neuron parameters...
[2026-07-10 05:57:34][INFO] SIM_BRIDGE: Applied heterogeneity to 4 parameters.
[2026-07-10 05:57:34][INFO] SIM_BRIDGE: Initializing OU process state (tau=15.0ms, sigma=0.0pA)...
[2026-07-10 05:57:34][INFO] SIM_BRIDGE: Generating 3D neuron positions for 8960 neurons...
[2026-07-10 05:57:34][INFO] SIM_BRIDGE: Generating connections (3D)...
[2026-07-10 05:57:34][INFO] SIM_BRIDGE: Simulation data initialized for 8960 neurons (3D). Synapses: 0. GPU memory: 21.3GB/51.2GB (41.6%)
[2026-07-10 05:57:35][INFO] SIM_BRIDGE: NumPy backend (CPU (NumPy backend), 47.7 GB RAM available)
[2026-07-10 05:57:35][INFO] SIM_BRIDGE: Initializing simulation data for model: IZHIKEVICH (3D)... (playback_init: False)
[2026-07-10 05:57:35][INFO] SIM_BRIDGE: RNG initialized with seed: 102
[2026-07-10 05:57:35][INFO] SIM_BRIDGE: Initializing Izhikevich model specifics for 8960 neurons...
[2026-07-10 05:57:35][INFO] SIM_BRIDGE: Applying parameter heterogeneity to neuron parameters...
[2026-07-10 05:57:35][INFO] SIM_BRIDGE: Applied heterogeneity to 4 parameters.
[2026-07-10 05:57:35][INFO] SIM_BRIDGE: Initializing OU process state (tau=15.0ms, sigma=0.0pA)...
[2026-07-10 05:57:35][INFO] SIM_BRIDGE: Generating 3D neuron positions for 8960 neurons...
[2026-07-10 05:57:35][INFO] SIM_BRIDGE: Generating connections (3D)...
[2026-07-10 05:57:35][INFO] SIM_BRIDGE: Simulation data initialized for 8960 neurons (3D). Synapses: 0. GPU memory: 21.3GB/51.2GB (41.6%)
[2026-07-10 05:57:39][INFO] SIM_BRIDGE: NumPy backend (CPU (NumPy backend), 47.7 GB RAM available)
[2026-07-10 05:57:39][INFO] SIM_BRIDGE: Initializing simulation data for model: IZHIKEVICH (3D)... (playback_init: False)
[2026-07-10 05:57:39][INFO] SIM_BRIDGE: RNG initialized with seed: 102
[2026-07-10 05:57:39][INFO] SIM_BRIDGE: Initializing Izhikevich model specifics for 9216 neurons...
[2026-07-10 05:57:39][INFO] SIM_BRIDGE: Applying parameter heterogeneity to neuron parameters...
[2026-07-10 05:57:39][INFO] SIM_BRIDGE: Applied heterogeneity to 4 parameters.
[2026-07-10 05:57:39][INFO] SIM_BRIDGE: Initializing OU process state (tau=15.0ms, sigma=0.0pA)...
[2026-07-10 05:57:39][INFO] SIM_BRIDGE: Generating 3D neuron positions for 9216 neurons...
[2026-07-10 05:57:39][INFO] SIM_BRIDGE: Generating connections (3D)...
[2026-07-10 05:57:39][INFO] SIM_BRIDGE: Simulation data initialized for 9216 neurons (3D). Synapses: 0. GPU memory: 21.5GB/51.2GB (42.1%)
[2026-07-10 05:57:39][INFO] SIM_BRIDGE: NumPy backend (CPU (NumPy backend), 47.7 GB RAM available)
[2026-07-10 05:57:39][INFO] SIM_BRIDGE: Initializing simulation data for model: IZHIKEVICH (3D)... (playback_init: False)
[2026-07-10 05:57:39][INFO] SIM_BRIDGE: RNG initialized with seed: 102
[2026-07-10 05:57:39][INFO] SIM_BRIDGE: Initializing Izhikevich model specifics for 9216 neurons...
[2026-07-10 05:57:39][INFO] SIM_BRIDGE: Applying parameter heterogeneity to neuron parameters...
[2026-07-10 05:57:39][INFO] SIM_BRIDGE: Applied heterogeneity to 4 parameters.
[2026-07-10 05:57:39][INFO] SIM_BRIDGE: Initializing OU process state (tau=15.0ms, sigma=0.0pA)...
[2026-07-10 05:57:39][INFO] SIM_BRIDGE: Generating 3D neuron positions for 9216 neurons...
[2026-07-10 05:57:39][INFO] SIM_BRIDGE: Generating connections (3D)...
[2026-07-10 05:57:39][INFO] SIM_BRIDGE: Simulation data initialized for 9216 neurons (3D). Synapses: 0. GPU memory: 21.6GB/51.2GB (42.1%)
[2026-07-10 05:57:44][INFO] SIM_BRIDGE: NumPy backend (CPU (NumPy backend), 47.7 GB RAM available)
[2026-07-10 05:57:44][INFO] SIM_BRIDGE: Initializing simulation data for model: IZHIKEVICH (3D)... (playback_init: False)
[2026-07-10 05:57:44][INFO] SIM_BRIDGE: RNG initialized with seed: 102
[2026-07-10 05:57:44][INFO] SIM_BRIDGE: Initializing Izhikevich model specifics for 9472 neurons...
[2026-07-10 05:57:44][INFO] SIM_BRIDGE: Applying parameter heterogeneity to neuron parameters...
[2026-07-10 05:57:44][INFO] SIM_BRIDGE: Applied heterogeneity to 4 parameters.
[2026-07-10 05:57:44][INFO] SIM_BRIDGE: Initializing OU process state (tau=15.0ms, sigma=0.0pA)...
[2026-07-10 05:57:44][INFO] SIM_BRIDGE: Generating 3D neuron positions for 9472 neurons...
[2026-07-10 05:57:44][INFO] SIM_BRIDGE: Generating connections (3D)...
[2026-07-10 05:57:44][INFO] SIM_BRIDGE: Simulation data initialized for 9472 neurons (3D). Synapses: 0. GPU memory: 22.2GB/51.2GB (43.3%)
[2026-07-10 05:57:44][INFO] SIM_BRIDGE: NumPy backend (CPU (NumPy backend), 47.7 GB RAM available)
[2026-07-10 05:57:44][INFO] SIM_BRIDGE: Initializing simulation data for model: IZHIKEVICH (3D)... (playback_init: False)
[2026-07-10 05:57:44][INFO] SIM_BRIDGE: RNG initialized with seed: 102
[2026-07-10 05:57:44][INFO] SIM_BRIDGE: Initializing Izhikevich model specifics for 9472 neurons...
[2026-07-10 05:57:44][INFO] SIM_BRIDGE: Applying parameter heterogeneity to neuron parameters...
[2026-07-10 05:57:44][INFO] SIM_BRIDGE: Applied heterogeneity to 4 parameters.
[2026-07-10 05:57:44][INFO] SIM_BRIDGE: Initializing OU process state (tau=15.0ms, sigma=0.0pA)...
[2026-07-10 05:57:44][INFO] SIM_BRIDGE: Generating 3D neuron positions for 9472 neurons...
[2026-07-10 05:57:44][INFO] SIM_BRIDGE: Generating connections (3D)...
[2026-07-10 05:57:44][INFO] SIM_BRIDGE: Simulation data initialized for 9472 neurons (3D). Synapses: 0. GPU memory: 22.2GB/51.2GB (43.3%)
[2026-07-10 05:57:48][INFO] SIM_BRIDGE: NumPy backend (CPU (NumPy backend), 47.7 GB RAM available)
[2026-07-10 05:57:48][INFO] SIM_BRIDGE: Initializing simulation data for model: IZHIKEVICH (3D)... (playback_init: False)
[2026-07-10 05:57:48][INFO] SIM_BRIDGE: RNG initialized with seed: 102
[2026-07-10 05:57:48][INFO] SIM_BRIDGE: Initializing Izhikevich model specifics for 9984 neurons...
[2026-07-10 05:57:48][INFO] SIM_BRIDGE: Applying parameter heterogeneity to neuron parameters...
[2026-07-10 05:57:48][INFO] SIM_BRIDGE: Applied heterogeneity to 4 parameters.
[2026-07-10 05:57:48][INFO] SIM_BRIDGE: Initializing OU process state (tau=15.0ms, sigma=0.0pA)...
[2026-07-10 05:57:48][INFO] SIM_BRIDGE: Generating 3D neuron positions for 9984 neurons...
[2026-07-10 05:57:48][INFO] SIM_BRIDGE: Generating connections (3D)...
[2026-07-10 05:57:48][INFO] SIM_BRIDGE: Simulation data initialized for 9984 neurons (3D). Synapses: 0. GPU memory: 22.3GB/51.2GB (43.4%)
[2026-07-10 05:57:48][INFO] SIM_BRIDGE: NumPy backend (CPU (NumPy backend), 47.7 GB RAM available)
[2026-07-10 05:57:48][INFO] SIM_BRIDGE: Initializing simulation data for model: IZHIKEVICH (3D)... (playback_init: False)
[2026-07-10 05:57:48][INFO] SIM_BRIDGE: RNG initialized with seed: 102
[2026-07-10 05:57:48][INFO] SIM_BRIDGE: Initializing Izhikevich model specifics for 9984 neurons...
[2026-07-10 05:57:48][INFO] SIM_BRIDGE: Applying parameter heterogeneity to neuron parameters...
[2026-07-10 05:57:48][INFO] SIM_BRIDGE: Applied heterogeneity to 4 parameters.
[2026-07-10 05:57:48][INFO] SIM_BRIDGE: Initializing OU process state (tau=15.0ms, sigma=0.0pA)...
[2026-07-10 05:57:48][INFO] SIM_BRIDGE: Generating 3D neuron positions for 9984 neurons...
[2026-07-10 05:57:48][INFO] SIM_BRIDGE: Generating connections (3D)...
[2026-07-10 05:57:48][INFO] SIM_BRIDGE: Simulation data initialized for 9984 neurons (3D). Synapses: 0. GPU memory: 22.3GB/51.2GB (43.4%)
[2026-07-10 05:57:52][INFO] SIM_BRIDGE: NumPy backend (CPU (NumPy backend), 47.7 GB RAM available)
[2026-07-10 05:57:52][INFO] SIM_BRIDGE: Initializing simulation data for model: IZHIKEVICH (3D)... (playback_init: False)
[2026-07-10 05:57:52][INFO] SIM_BRIDGE: RNG initialized with seed: 102
[2026-07-10 05:57:52][INFO] SIM_BRIDGE: Initializing Izhikevich model specifics for 11008 neurons...
[2026-07-10 05:57:52][INFO] SIM_BRIDGE: Applying parameter heterogeneity to neuron parameters...
[2026-07-10 05:57:52][INFO] SIM_BRIDGE: Applied heterogeneity to 4 parameters.
[2026-07-10 05:57:52][INFO] SIM_BRIDGE: Initializing OU process state (tau=15.0ms, sigma=0.0pA)...
[2026-07-10 05:57:52][INFO] SIM_BRIDGE: Generating 3D neuron positions for 11008 neurons...
[2026-07-10 05:57:52][INFO] SIM_BRIDGE: Generating connections (3D)...
[2026-07-10 05:57:52][INFO] SIM_BRIDGE: Simulation data initialized for 11008 neurons (3D). Synapses: 0. GPU memory: 22.3GB/51.2GB (43.5%)
[2026-07-10 05:57:53][INFO] SIM_BRIDGE: NumPy backend (CPU (NumPy backend), 47.7 GB RAM available)
[2026-07-10 05:57:53][INFO] SIM_BRIDGE: Initializing simulation data for model: IZHIKEVICH (3D)... (playback_init: False)
[2026-07-10 05:57:53][INFO] SIM_BRIDGE: RNG initialized with seed: 102
[2026-07-10 05:57:53][INFO] SIM_BRIDGE: Initializing Izhikevich model specifics for 11008 neurons...
[2026-07-10 05:57:53][INFO] SIM_BRIDGE: Applying parameter heterogeneity to neuron parameters...
[2026-07-10 05:57:53][INFO] SIM_BRIDGE: Applied heterogeneity to 4 parameters.
[2026-07-10 05:57:53][INFO] SIM_BRIDGE: Initializing OU process state (tau=15.0ms, sigma=0.0pA)...
[2026-07-10 05:57:53][INFO] SIM_BRIDGE: Generating 3D neuron positions for 11008 neurons...
[2026-07-10 05:57:53][INFO] SIM_BRIDGE: Generating connections (3D)...
[2026-07-10 05:57:53][INFO] SIM_BRIDGE: Simulation data initialized for 11008 neurons (3D). Synapses: 0. GPU memory: 22.3GB/51.2GB (43.5%)
[2026-07-10 05:57:56][INFO] SIM_BRIDGE: NumPy backend (CPU (NumPy backend), 47.7 GB RAM available)
[2026-07-10 05:57:56][INFO] SIM_BRIDGE: Initializing simulation data for model: IZHIKEVICH (3D)... (playback_init: False)
[2026-07-10 05:57:56][INFO] SIM_BRIDGE: RNG initialized with seed: 102
[2026-07-10 05:57:56][INFO] SIM_BRIDGE: Initializing Izhikevich model specifics for 11776 neurons...
[2026-07-10 05:57:56][INFO] SIM_BRIDGE: Applying parameter heterogeneity to neuron parameters...
[2026-07-10 05:57:56][INFO] SIM_BRIDGE: Applied heterogeneity to 4 parameters.
[2026-07-10 05:57:56][INFO] SIM_BRIDGE: Initializing OU process state (tau=15.0ms, sigma=0.0pA)...
[2026-07-10 05:57:56][INFO] SIM_BRIDGE: Generating 3D neuron positions for 11776 neurons...
[2026-07-10 05:57:56][INFO] SIM_BRIDGE: Generating connections (3D)...
[2026-07-10 05:57:56][INFO] SIM_BRIDGE: Simulation data initialized for 11776 neurons (3D). Synapses: 0. GPU memory: 22.6GB/51.2GB (44.1%)
[2026-07-10 05:57:56][INFO] SIM_BRIDGE: NumPy backend (CPU (NumPy backend), 47.7 GB RAM available)
[2026-07-10 05:57:56][INFO] SIM_BRIDGE: Initializing simulation data for model: IZHIKEVICH (3D)... (playback_init: False)
[2026-07-10 05:57:56][INFO] SIM_BRIDGE: RNG initialized with seed: 102
[2026-07-10 05:57:56][INFO] SIM_BRIDGE: Initializing Izhikevich model specifics for 11776 neurons...
[2026-07-10 05:57:56][INFO] SIM_BRIDGE: Applying parameter heterogeneity to neuron parameters...
[2026-07-10 05:57:56][INFO] SIM_BRIDGE: Applied heterogeneity to 4 parameters.
[2026-07-10 05:57:56][INFO] SIM_BRIDGE: Initializing OU process state (tau=15.0ms, sigma=0.0pA)...
[2026-07-10 05:57:56][INFO] SIM_BRIDGE: Generating 3D neuron positions for 11776 neurons...
[2026-07-10 05:57:56][INFO] SIM_BRIDGE: Generating connections (3D)...
[2026-07-10 05:57:56][INFO] SIM_BRIDGE: Simulation data initialized for 11776 neurons (3D). Synapses: 0. GPU memory: 22.6GB/51.2GB (44.1%)
[2026-07-10 05:57:59][INFO] SIM_BRIDGE: NumPy backend (CPU (NumPy backend), 47.7 GB RAM available)
[2026-07-10 05:57:59][INFO] SIM_BRIDGE: Initializing simulation data for model: IZHIKEVICH (3D)... (playback_init: False)
[2026-07-10 05:57:59][INFO] SIM_BRIDGE: RNG initialized with seed: 102
[2026-07-10 05:57:59][INFO] SIM_BRIDGE: Initializing Izhikevich model specifics for 12032 neurons...
[2026-07-10 05:57:59][INFO] SIM_BRIDGE: Applying parameter heterogeneity to neuron parameters...
[2026-07-10 05:57:59][INFO] SIM_BRIDGE: Applied heterogeneity to 4 parameters.
[2026-07-10 05:57:59][INFO] SIM_BRIDGE: Initializing OU process state (tau=15.0ms, sigma=0.0pA)...
[2026-07-10 05:57:59][INFO] SIM_BRIDGE: Generating 3D neuron positions for 12032 neurons...
[2026-07-10 05:57:59][INFO] SIM_BRIDGE: Generating connections (3D)...
[2026-07-10 05:57:59][INFO] SIM_BRIDGE: Simulation data initialized for 12032 neurons (3D). Synapses: 0. GPU memory: 22.6GB/51.2GB (44.1%)
[2026-07-10 05:58:00][INFO] SIM_BRIDGE: NumPy backend (CPU (NumPy backend), 47.7 GB RAM available)
[2026-07-10 05:58:00][INFO] SIM_BRIDGE: Initializing simulation data for model: IZHIKEVICH (3D)... (playback_init: False)
[2026-07-10 05:58:00][INFO] SIM_BRIDGE: RNG initialized with seed: 102
[2026-07-10 05:58:00][INFO] SIM_BRIDGE: Initializing Izhikevich model specifics for 12032 neurons...
[2026-07-10 05:58:00][INFO] SIM_BRIDGE: Applying parameter heterogeneity to neuron parameters...
[2026-07-10 05:58:00][INFO] SIM_BRIDGE: Applied heterogeneity to 4 parameters.
[2026-07-10 05:58:00][INFO] SIM_BRIDGE: Initializing OU process state (tau=15.0ms, sigma=0.0pA)...
[2026-07-10 05:58:00][INFO] SIM_BRIDGE: Generating 3D neuron positions for 12032 neurons...
[2026-07-10 05:58:00][INFO] SIM_BRIDGE: Generating connections (3D)...
[2026-07-10 05:58:00][INFO] SIM_BRIDGE: Simulation data initialized for 12032 neurons (3D). Synapses: 0. GPU memory: 22.6GB/51.2GB (44.1%)
[2026-07-10 05:58:04][INFO] SIM_BRIDGE: NumPy backend (CPU (NumPy backend), 47.7 GB RAM available)
[2026-07-10 05:58:04][INFO] SIM_BRIDGE: Initializing simulation data for model: IZHIKEVICH (3D)... (playback_init: False)
[2026-07-10 05:58:04][INFO] SIM_BRIDGE: RNG initialized with seed: 102
[2026-07-10 05:58:04][INFO] SIM_BRIDGE: Initializing Izhikevich model specifics for 12544 neurons...
[2026-07-10 05:58:04][INFO] SIM_BRIDGE: Applying parameter heterogeneity to neuron parameters...
[2026-07-10 05:58:04][INFO] SIM_BRIDGE: Applied heterogeneity to 4 parameters.
[2026-07-10 05:58:04][INFO] SIM_BRIDGE: Initializing OU process state (tau=15.0ms, sigma=0.0pA)...
[2026-07-10 05:58:04][INFO] SIM_BRIDGE: Generating 3D neuron positions for 12544 neurons...
[2026-07-10 05:58:04][INFO] SIM_BRIDGE: Generating connections (3D)...
[2026-07-10 05:58:04][INFO] SIM_BRIDGE: Simulation data initialized for 12544 neurons (3D). Synapses: 0. GPU memory: 22.7GB/51.2GB (44.2%)
[2026-07-10 05:58:04][INFO] SIM_BRIDGE: NumPy backend (CPU (NumPy backend), 47.7 GB RAM available)
[2026-07-10 05:58:04][INFO] SIM_BRIDGE: Initializing simulation data for model: IZHIKEVICH (3D)... (playback_init: False)
[2026-07-10 05:58:04][INFO] SIM_BRIDGE: RNG initialized with seed: 102
[2026-07-10 05:58:04][INFO] SIM_BRIDGE: Initializing Izhikevich model specifics for 12544 neurons...
[2026-07-10 05:58:04][INFO] SIM_BRIDGE: Applying parameter heterogeneity to neuron parameters...
[2026-07-10 05:58:04][INFO] SIM_BRIDGE: Applied heterogeneity to 4 parameters.
[2026-07-10 05:58:04][INFO] SIM_BRIDGE: Initializing OU process state (tau=15.0ms, sigma=0.0pA)...
[2026-07-10 05:58:04][INFO] SIM_BRIDGE: Generating 3D neuron positions for 12544 neurons...
[2026-07-10 05:58:04][INFO] SIM_BRIDGE: Generating connections (3D)...
[2026-07-10 05:58:04][INFO] SIM_BRIDGE: Simulation data initialized for 12544 neurons (3D). Synapses: 0. GPU memory: 22.7GB/51.2GB (44.2%)
[2026-07-10 05:58:08][INFO] SIM_BRIDGE: NumPy backend (CPU (NumPy backend), 47.7 GB RAM available)
[2026-07-10 05:58:08][INFO] SIM_BRIDGE: Initializing simulation data for model: IZHIKEVICH (3D)... (playback_init: False)
[2026-07-10 05:58:08][INFO] SIM_BRIDGE: RNG initialized with seed: 102
[2026-07-10 05:58:08][INFO] SIM_BRIDGE: Initializing Izhikevich model specifics for 12800 neurons...
[2026-07-10 05:58:08][INFO] SIM_BRIDGE: Applying parameter heterogeneity to neuron parameters...
[2026-07-10 05:58:08][INFO] SIM_BRIDGE: Applied heterogeneity to 4 parameters.
[2026-07-10 05:58:08][INFO] SIM_BRIDGE: Initializing OU process state (tau=15.0ms, sigma=0.0pA)...
[2026-07-10 05:58:08][INFO] SIM_BRIDGE: Generating 3D neuron positions for 12800 neurons...
[2026-07-10 05:58:08][INFO] SIM_BRIDGE: Generating connections (3D)...
[2026-07-10 05:58:08][INFO] SIM_BRIDGE: Simulation data initialized for 12800 neurons (3D). Synapses: 0. GPU memory: 22.7GB/51.2GB (44.2%)
[2026-07-10 05:58:08][INFO] SIM_BRIDGE: NumPy backend (CPU (NumPy backend), 47.7 GB RAM available)
[2026-07-10 05:58:08][INFO] SIM_BRIDGE: Initializing simulation data for model: IZHIKEVICH (3D)... (playback_init: False)
[2026-07-10 05:58:08][INFO] SIM_BRIDGE: RNG initialized with seed: 102
[2026-07-10 05:58:08][INFO] SIM_BRIDGE: Initializing Izhikevich model specifics for 12800 neurons...
[2026-07-10 05:58:08][INFO] SIM_BRIDGE: Applying parameter heterogeneity to neuron parameters...
[2026-07-10 05:58:08][INFO] SIM_BRIDGE: Applied heterogeneity to 4 parameters.
[2026-07-10 05:58:08][INFO] SIM_BRIDGE: Initializing OU process state (tau=15.0ms, sigma=0.0pA)...
[2026-07-10 05:58:08][INFO] SIM_BRIDGE: Generating 3D neuron positions for 12800 neurons...
[2026-07-10 05:58:08][INFO] SIM_BRIDGE: Generating connections (3D)...
[2026-07-10 05:58:08][INFO] SIM_BRIDGE: Simulation data initialized for 12800 neurons (3D). Synapses: 0. GPU memory: 22.7GB/51.2GB (44.3%)
[2026-07-10 05:58:12][INFO] SIM_BRIDGE: NumPy backend (CPU (NumPy backend), 47.7 GB RAM available)
[2026-07-10 05:58:12][INFO] SIM_BRIDGE: Initializing simulation data for model: IZHIKEVICH (3D)... (playback_init: False)
[2026-07-10 05:58:12][INFO] SIM_BRIDGE: RNG initialized with seed: 102
[2026-07-10 05:58:12][INFO] SIM_BRIDGE: Initializing Izhikevich model specifics for 13312 neurons...
[2026-07-10 05:58:12][INFO] SIM_BRIDGE: Applying parameter heterogeneity to neuron parameters...
[2026-07-10 05:58:12][INFO] SIM_BRIDGE: Applied heterogeneity to 4 parameters.
[2026-07-10 05:58:12][INFO] SIM_BRIDGE: Initializing OU process state (tau=15.0ms, sigma=0.0pA)...
[2026-07-10 05:58:12][INFO] SIM_BRIDGE: Generating 3D neuron positions for 13312 neurons...
[2026-07-10 05:58:12][INFO] SIM_BRIDGE: Generating connections (3D)...
[2026-07-10 05:58:12][INFO] SIM_BRIDGE: Simulation data initialized for 13312 neurons (3D). Synapses: 0. GPU memory: 22.7GB/51.2GB (44.3%)
[2026-07-10 05:58:12][INFO] SIM_BRIDGE: NumPy backend (CPU (NumPy backend), 47.7 GB RAM available)
[2026-07-10 05:58:12][INFO] SIM_BRIDGE: Initializing simulation data for model: IZHIKEVICH (3D)... (playback_init: False)
[2026-07-10 05:58:12][INFO] SIM_BRIDGE: RNG initialized with seed: 102
[2026-07-10 05:58:12][INFO] SIM_BRIDGE: Initializing Izhikevich model specifics for 13312 neurons...
[2026-07-10 05:58:12][INFO] SIM_BRIDGE: Applying parameter heterogeneity to neuron parameters...
[2026-07-10 05:58:12][INFO] SIM_BRIDGE: Applied heterogeneity to 4 parameters.
[2026-07-10 05:58:12][INFO] SIM_BRIDGE: Initializing OU process state (tau=15.0ms, sigma=0.0pA)...
[2026-07-10 05:58:12][INFO] SIM_BRIDGE: Generating 3D neuron positions for 13312 neurons...
[2026-07-10 05:58:12][INFO] SIM_BRIDGE: Generating connections (3D)...
[2026-07-10 05:58:12][INFO] SIM_BRIDGE: Simulation data initialized for 13312 neurons (3D). Synapses: 0. GPU memory: 22.7GB/51.2GB (44.3%)
[2026-07-10 05:58:16][INFO] SIM_BRIDGE: NumPy backend (CPU (NumPy backend), 47.7 GB RAM available)
[2026-07-10 05:58:16][INFO] SIM_BRIDGE: Initializing simulation data for model: IZHIKEVICH (3D)... (playback_init: False)
[2026-07-10 05:58:16][INFO] SIM_BRIDGE: RNG initialized with seed: 102
[2026-07-10 05:58:16][INFO] SIM_BRIDGE: Initializing Izhikevich model specifics for 14080 neurons...
[2026-07-10 05:58:16][INFO] SIM_BRIDGE: Applying parameter heterogeneity to neuron parameters...
[2026-07-10 05:58:16][INFO] SIM_BRIDGE: Applied heterogeneity to 4 parameters.
[2026-07-10 05:58:16][INFO] SIM_BRIDGE: Initializing OU process state (tau=15.0ms, sigma=0.0pA)...
[2026-07-10 05:58:16][INFO] SIM_BRIDGE: Generating 3D neuron positions for 14080 neurons...
[2026-07-10 05:58:16][INFO] SIM_BRIDGE: Generating connections (3D)...
[2026-07-10 05:58:16][INFO] SIM_BRIDGE: Simulation data initialized for 14080 neurons (3D). Synapses: 0. GPU memory: 22.8GB/51.2GB (44.4%)
[2026-07-10 05:58:16][INFO] SIM_BRIDGE: NumPy backend (CPU (NumPy backend), 47.7 GB RAM available)
[2026-07-10 05:58:16][INFO] SIM_BRIDGE: Initializing simulation data for model: IZHIKEVICH (3D)... (playback_init: False)
[2026-07-10 05:58:16][INFO] SIM_BRIDGE: RNG initialized with seed: 102
[2026-07-10 05:58:16][INFO] SIM_BRIDGE: Initializing Izhikevich model specifics for 14080 neurons...
[2026-07-10 05:58:16][INFO] SIM_BRIDGE: Applying parameter heterogeneity to neuron parameters...
[2026-07-10 05:58:16][INFO] SIM_BRIDGE: Applied heterogeneity to 4 parameters.
[2026-07-10 05:58:16][INFO] SIM_BRIDGE: Initializing OU process state (tau=15.0ms, sigma=0.0pA)...
[2026-07-10 05:58:16][INFO] SIM_BRIDGE: Generating 3D neuron positions for 14080 neurons...
[2026-07-10 05:58:16][INFO] SIM_BRIDGE: Generating connections (3D)...
[2026-07-10 05:58:16][INFO] SIM_BRIDGE: Simulation data initialized for 14080 neurons (3D). Synapses: 0. GPU memory: 22.8GB/51.2GB (44.4%)
[2026-07-10 05:58:20][INFO] SIM_BRIDGE: NumPy backend (CPU (NumPy backend), 47.7 GB RAM available)
[2026-07-10 05:58:20][INFO] SIM_BRIDGE: Initializing simulation data for model: IZHIKEVICH (3D)... (playback_init: False)
[2026-07-10 05:58:20][INFO] SIM_BRIDGE: RNG initialized with seed: 102
[2026-07-10 05:58:20][INFO] SIM_BRIDGE: Initializing Izhikevich model specifics for 14592 neurons...
[2026-07-10 05:58:20][INFO] SIM_BRIDGE: Applying parameter heterogeneity to neuron parameters...
[2026-07-10 05:58:20][INFO] SIM_BRIDGE: Applied heterogeneity to 4 parameters.
[2026-07-10 05:58:20][INFO] SIM_BRIDGE: Initializing OU process state (tau=15.0ms, sigma=0.0pA)...
[2026-07-10 05:58:20][INFO] SIM_BRIDGE: Generating 3D neuron positions for 14592 neurons...
[2026-07-10 05:58:20][INFO] SIM_BRIDGE: Generating connections (3D)...
[2026-07-10 05:58:20][INFO] SIM_BRIDGE: Simulation data initialized for 14592 neurons (3D). Synapses: 0. GPU memory: 22.6GB/51.2GB (44.2%)
[2026-07-10 05:58:20][INFO] SIM_BRIDGE: NumPy backend (CPU (NumPy backend), 47.7 GB RAM available)
[2026-07-10 05:58:20][INFO] SIM_BRIDGE: Initializing simulation data for model: IZHIKEVICH (3D)... (playback_init: False)
[2026-07-10 05:58:20][INFO] SIM_BRIDGE: RNG initialized with seed: 102
[2026-07-10 05:58:20][INFO] SIM_BRIDGE: Initializing Izhikevich model specifics for 14592 neurons...
[2026-07-10 05:58:20][INFO] SIM_BRIDGE: Applying parameter heterogeneity to neuron parameters...
[2026-07-10 05:58:20][INFO] SIM_BRIDGE: Applied heterogeneity to 4 parameters.
[2026-07-10 05:58:20][INFO] SIM_BRIDGE: Initializing OU process state (tau=15.0ms, sigma=0.0pA)...
[2026-07-10 05:58:20][INFO] SIM_BRIDGE: Generating 3D neuron positions for 14592 neurons...
[2026-07-10 05:58:20][INFO] SIM_BRIDGE: Generating connections (3D)...
[2026-07-10 05:58:20][INFO] SIM_BRIDGE: Simulation data initialized for 14592 neurons (3D). Synapses: 0. GPU memory: 22.6GB/51.2GB (44.2%)
[2026-07-10 05:58:24][INFO] SIM_BRIDGE: NumPy backend (CPU (NumPy backend), 47.7 GB RAM available)
[2026-07-10 05:58:24][INFO] SIM_BRIDGE: Initializing simulation data for model: IZHIKEVICH (3D)... (playback_init: False)
[2026-07-10 05:58:24][INFO] SIM_BRIDGE: RNG initialized with seed: 102
[2026-07-10 05:58:24][INFO] SIM_BRIDGE: Initializing Izhikevich model specifics for 14848 neurons...
[2026-07-10 05:58:24][INFO] SIM_BRIDGE: Applying parameter heterogeneity to neuron parameters...
[2026-07-10 05:58:24][INFO] SIM_BRIDGE: Applied heterogeneity to 4 parameters.
[2026-07-10 05:58:24][INFO] SIM_BRIDGE: Initializing OU process state (tau=15.0ms, sigma=0.0pA)...
[2026-07-10 05:58:24][INFO] SIM_BRIDGE: Generating 3D neuron positions for 14848 neurons...
[2026-07-10 05:58:24][INFO] SIM_BRIDGE: Generating connections (3D)...
[2026-07-10 05:58:24][INFO] SIM_BRIDGE: Simulation data initialized for 14848 neurons (3D). Synapses: 0. GPU memory: 22.6GB/51.2GB (44.2%)
[2026-07-10 05:58:24][INFO] SIM_BRIDGE: NumPy backend (CPU (NumPy backend), 47.7 GB RAM available)
[2026-07-10 05:58:24][INFO] SIM_BRIDGE: Initializing simulation data for model: IZHIKEVICH (3D)... (playback_init: False)
[2026-07-10 05:58:24][INFO] SIM_BRIDGE: RNG initialized with seed: 102
[2026-07-10 05:58:24][INFO] SIM_BRIDGE: Initializing Izhikevich model specifics for 14848 neurons...
[2026-07-10 05:58:24][INFO] SIM_BRIDGE: Applying parameter heterogeneity to neuron parameters...
[2026-07-10 05:58:24][INFO] SIM_BRIDGE: Applied heterogeneity to 4 parameters.
[2026-07-10 05:58:24][INFO] SIM_BRIDGE: Initializing OU process state (tau=15.0ms, sigma=0.0pA)...
[2026-07-10 05:58:24][INFO] SIM_BRIDGE: Generating 3D neuron positions for 14848 neurons...
[2026-07-10 05:58:24][INFO] SIM_BRIDGE: Generating connections (3D)...
[2026-07-10 05:58:24][INFO] SIM_BRIDGE: Simulation data initialized for 14848 neurons (3D). Synapses: 0. GPU memory: 22.6GB/51.2GB (44.2%)
[2026-07-10 05:58:29][INFO] SIM_BRIDGE: NumPy backend (CPU (NumPy backend), 47.7 GB RAM available)
[2026-07-10 05:58:29][INFO] SIM_BRIDGE: Initializing simulation data for model: IZHIKEVICH (3D)... (playback_init: False)
[2026-07-10 05:58:29][INFO] SIM_BRIDGE: RNG initialized with seed: 102
[2026-07-10 05:58:29][INFO] SIM_BRIDGE: Initializing Izhikevich model specifics for 15616 neurons...
[2026-07-10 05:58:29][INFO] SIM_BRIDGE: Applying parameter heterogeneity to neuron parameters...
[2026-07-10 05:58:29][INFO] SIM_BRIDGE: Applied heterogeneity to 4 parameters.
[2026-07-10 05:58:29][INFO] SIM_BRIDGE: Initializing OU process state (tau=15.0ms, sigma=0.0pA)...
[2026-07-10 05:58:29][INFO] SIM_BRIDGE: Generating 3D neuron positions for 15616 neurons...
[2026-07-10 05:58:29][INFO] SIM_BRIDGE: Generating connections (3D)...
[2026-07-10 05:58:29][INFO] SIM_BRIDGE: Simulation data initialized for 15616 neurons (3D). Synapses: 0. GPU memory: 22.7GB/51.2GB (44.3%)
[2026-07-10 05:58:29][INFO] SIM_BRIDGE: NumPy backend (CPU (NumPy backend), 47.7 GB RAM available)
[2026-07-10 05:58:29][INFO] SIM_BRIDGE: Initializing simulation data for model: IZHIKEVICH (3D)... (playback_init: False)
[2026-07-10 05:58:29][INFO] SIM_BRIDGE: RNG initialized with seed: 102
[2026-07-10 05:58:29][INFO] SIM_BRIDGE: Initializing Izhikevich model specifics for 15616 neurons...
[2026-07-10 05:58:29][INFO] SIM_BRIDGE: Applying parameter heterogeneity to neuron parameters...
[2026-07-10 05:58:29][INFO] SIM_BRIDGE: Applied heterogeneity to 4 parameters.
[2026-07-10 05:58:29][INFO] SIM_BRIDGE: Initializing OU process state (tau=15.0ms, sigma=0.0pA)...
[2026-07-10 05:58:29][INFO] SIM_BRIDGE: Generating 3D neuron positions for 15616 neurons...
[2026-07-10 05:58:29][INFO] SIM_BRIDGE: Generating connections (3D)...
[2026-07-10 05:58:29][INFO] SIM_BRIDGE: Simulation data initialized for 15616 neurons (3D). Synapses: 0. GPU memory: 22.7GB/51.2GB (44.3%)
[2026-07-10 05:58:33][INFO] SIM_BRIDGE: NumPy backend (CPU (NumPy backend), 47.7 GB RAM available)
[2026-07-10 05:58:33][INFO] SIM_BRIDGE: Initializing simulation data for model: IZHIKEVICH (3D)... (playback_init: False)
[2026-07-10 05:58:33][INFO] SIM_BRIDGE: RNG initialized with seed: 102
[2026-07-10 05:58:33][INFO] SIM_BRIDGE: Initializing Izhikevich model specifics for 16384 neurons...
[2026-07-10 05:58:33][INFO] SIM_BRIDGE: Applying parameter heterogeneity to neuron parameters...
[2026-07-10 05:58:33][INFO] SIM_BRIDGE: Applied heterogeneity to 4 parameters.
[2026-07-10 05:58:33][INFO] SIM_BRIDGE: Initializing OU process state (tau=15.0ms, sigma=0.0pA)...
[2026-07-10 05:58:33][INFO] SIM_BRIDGE: Generating 3D neuron positions for 16384 neurons...
[2026-07-10 05:58:33][INFO] SIM_BRIDGE: Generating connections (3D)...
[2026-07-10 05:58:33][INFO] SIM_BRIDGE: Simulation data initialized for 16384 neurons (3D). Synapses: 0. GPU memory: 22.8GB/51.2GB (44.5%)
[2026-07-10 05:58:34][INFO] SIM_BRIDGE: NumPy backend (CPU (NumPy backend), 47.7 GB RAM available)
[2026-07-10 05:58:34][INFO] SIM_BRIDGE: Initializing simulation data for model: IZHIKEVICH (3D)... (playback_init: False)
[2026-07-10 05:58:34][INFO] SIM_BRIDGE: RNG initialized with seed: 102
[2026-07-10 05:58:34][INFO] SIM_BRIDGE: Initializing Izhikevich model specifics for 16384 neurons...
[2026-07-10 05:58:34][INFO] SIM_BRIDGE: Applying parameter heterogeneity to neuron parameters...
[2026-07-10 05:58:34][INFO] SIM_BRIDGE: Applied heterogeneity to 4 parameters.
[2026-07-10 05:58:34][INFO] SIM_BRIDGE: Initializing OU process state (tau=15.0ms, sigma=0.0pA)...
[2026-07-10 05:58:34][INFO] SIM_BRIDGE: Generating 3D neuron positions for 16384 neurons...
[2026-07-10 05:58:34][INFO] SIM_BRIDGE: Generating connections (3D)...
[2026-07-10 05:58:34][INFO] SIM_BRIDGE: Simulation data initialized for 16384 neurons (3D). Synapses: 0. GPU memory: 22.8GB/51.2GB (44.5%)
[2026-07-10 05:58:37][INFO] SIM_BRIDGE: NumPy backend (CPU (NumPy backend), 47.7 GB RAM available)
[2026-07-10 05:58:37][INFO] SIM_BRIDGE: Initializing simulation data for model: IZHIKEVICH (3D)... (playback_init: False)
[2026-07-10 05:58:37][INFO] SIM_BRIDGE: RNG initialized with seed: 102
[2026-07-10 05:58:37][INFO] SIM_BRIDGE: Initializing Izhikevich model specifics for 16896 neurons...
[2026-07-10 05:58:37][INFO] SIM_BRIDGE: Applying parameter heterogeneity to neuron parameters...
[2026-07-10 05:58:37][INFO] SIM_BRIDGE: Applied heterogeneity to 4 parameters.
[2026-07-10 05:58:38][INFO] SIM_BRIDGE: Initializing OU process state (tau=15.0ms, sigma=0.0pA)...
[2026-07-10 05:58:38][INFO] SIM_BRIDGE: Generating 3D neuron positions for 16896 neurons...
[2026-07-10 05:58:38][INFO] SIM_BRIDGE: Generating connections (3D)...
[2026-07-10 05:58:38][INFO] SIM_BRIDGE: Simulation data initialized for 16896 neurons (3D). Synapses: 0. GPU memory: 22.8GB/51.2GB (44.6%)
[2026-07-10 05:58:38][INFO] SIM_BRIDGE: NumPy backend (CPU (NumPy backend), 47.7 GB RAM available)
[2026-07-10 05:58:38][INFO] SIM_BRIDGE: Initializing simulation data for model: IZHIKEVICH (3D)... (playback_init: False)
[2026-07-10 05:58:38][INFO] SIM_BRIDGE: RNG initialized with seed: 102
[2026-07-10 05:58:38][INFO] SIM_BRIDGE: Initializing Izhikevich model specifics for 16896 neurons...
[2026-07-10 05:58:38][INFO] SIM_BRIDGE: Applying parameter heterogeneity to neuron parameters...
[2026-07-10 05:58:38][INFO] SIM_BRIDGE: Applied heterogeneity to 4 parameters.
[2026-07-10 05:58:38][INFO] SIM_BRIDGE: Initializing OU process state (tau=15.0ms, sigma=0.0pA)...
[2026-07-10 05:58:38][INFO] SIM_BRIDGE: Generating 3D neuron positions for 16896 neurons...
[2026-07-10 05:58:38][INFO] SIM_BRIDGE: Generating connections (3D)...
[2026-07-10 05:58:38][INFO] SIM_BRIDGE: Simulation data initialized for 16896 neurons (3D). Synapses: 0. GPU memory: 22.8GB/51.2GB (44.6%)
[2026-07-10 05:58:41][INFO] SIM_BRIDGE: NumPy backend (CPU (NumPy backend), 47.7 GB RAM available)
[2026-07-10 05:58:41][INFO] SIM_BRIDGE: Initializing simulation data for model: IZHIKEVICH (3D)... (playback_init: False)
[2026-07-10 05:58:41][INFO] SIM_BRIDGE: RNG initialized with seed: 102
[2026-07-10 05:58:41][INFO] SIM_BRIDGE: Initializing Izhikevich model specifics for 17152 neurons...
[2026-07-10 05:58:41][INFO] SIM_BRIDGE: Applying parameter heterogeneity to neuron parameters...
[2026-07-10 05:58:41][INFO] SIM_BRIDGE: Applied heterogeneity to 4 parameters.
[2026-07-10 05:58:41][INFO] SIM_BRIDGE: Initializing OU process state (tau=15.0ms, sigma=0.0pA)...
[2026-07-10 05:58:41][INFO] SIM_BRIDGE: Generating 3D neuron positions for 17152 neurons...
[2026-07-10 05:58:41][INFO] SIM_BRIDGE: Generating connections (3D)...
[2026-07-10 05:58:41][INFO] SIM_BRIDGE: Simulation data initialized for 17152 neurons (3D). Synapses: 0. GPU memory: 22.8GB/51.2GB (44.6%)
[2026-07-10 05:58:42][INFO] SIM_BRIDGE: NumPy backend (CPU (NumPy backend), 47.7 GB RAM available)
[2026-07-10 05:58:42][INFO] SIM_BRIDGE: Initializing simulation data for model: IZHIKEVICH (3D)... (playback_init: False)
[2026-07-10 05:58:42][INFO] SIM_BRIDGE: RNG initialized with seed: 102
[2026-07-10 05:58:42][INFO] SIM_BRIDGE: Initializing Izhikevich model specifics for 17152 neurons...
[2026-07-10 05:58:42][INFO] SIM_BRIDGE: Applying parameter heterogeneity to neuron parameters...
[2026-07-10 05:58:42][INFO] SIM_BRIDGE: Applied heterogeneity to 4 parameters.
[2026-07-10 05:58:42][INFO] SIM_BRIDGE: Initializing OU process state (tau=15.0ms, sigma=0.0pA)...
[2026-07-10 05:58:42][INFO] SIM_BRIDGE: Generating 3D neuron positions for 17152 neurons...
[2026-07-10 05:58:42][INFO] SIM_BRIDGE: Generating connections (3D)...
[2026-07-10 05:58:42][INFO] SIM_BRIDGE: Simulation data initialized for 17152 neurons (3D). Synapses: 0. GPU memory: 22.9GB/51.2GB (44.6%)
[2026-07-10 05:58:46][INFO] SIM_BRIDGE: NumPy backend (CPU (NumPy backend), 47.7 GB RAM available)
[2026-07-10 05:58:46][INFO] SIM_BRIDGE: Initializing simulation data for model: IZHIKEVICH (3D)... (playback_init: False)
[2026-07-10 05:58:46][INFO] SIM_BRIDGE: RNG initialized with seed: 102
[2026-07-10 05:58:46][INFO] SIM_BRIDGE: Initializing Izhikevich model specifics for 18176 neurons...
[2026-07-10 05:58:46][INFO] SIM_BRIDGE: Applying parameter heterogeneity to neuron parameters...
[2026-07-10 05:58:46][INFO] SIM_BRIDGE: Applied heterogeneity to 4 parameters.
[2026-07-10 05:58:46][INFO] SIM_BRIDGE: Initializing OU process state (tau=15.0ms, sigma=0.0pA)...
[2026-07-10 05:58:46][INFO] SIM_BRIDGE: Generating 3D neuron positions for 18176 neurons...
[2026-07-10 05:58:46][INFO] SIM_BRIDGE: Generating connections (3D)...
[2026-07-10 05:58:46][INFO] SIM_BRIDGE: Simulation data initialized for 18176 neurons (3D). Synapses: 0. GPU memory: 22.9GB/51.2GB (44.6%)
[2026-07-10 05:58:46][INFO] SIM_BRIDGE: NumPy backend (CPU (NumPy backend), 47.7 GB RAM available)
[2026-07-10 05:58:46][INFO] SIM_BRIDGE: Initializing simulation data for model: IZHIKEVICH (3D)... (playback_init: False)
[2026-07-10 05:58:46][INFO] SIM_BRIDGE: RNG initialized with seed: 102
[2026-07-10 05:58:46][INFO] SIM_BRIDGE: Initializing Izhikevich model specifics for 18176 neurons...
[2026-07-10 05:58:46][INFO] SIM_BRIDGE: Applying parameter heterogeneity to neuron parameters...
[2026-07-10 05:58:46][INFO] SIM_BRIDGE: Applied heterogeneity to 4 parameters.
[2026-07-10 05:58:46][INFO] SIM_BRIDGE: Initializing OU process state (tau=15.0ms, sigma=0.0pA)...
[2026-07-10 05:58:46][INFO] SIM_BRIDGE: Generating 3D neuron positions for 18176 neurons...
[2026-07-10 05:58:46][INFO] SIM_BRIDGE: Generating connections (3D)...
[2026-07-10 05:58:46][INFO] SIM_BRIDGE: Simulation data initialized for 18176 neurons (3D). Synapses: 0. GPU memory: 22.9GB/51.2GB (44.7%)
[2026-07-10 05:58:50][INFO] SIM_BRIDGE: NumPy backend (CPU (NumPy backend), 47.7 GB RAM available)
[2026-07-10 05:58:50][INFO] SIM_BRIDGE: Initializing simulation data for model: IZHIKEVICH (3D)... (playback_init: False)
[2026-07-10 05:58:50][INFO] SIM_BRIDGE: RNG initialized with seed: 102
[2026-07-10 05:58:50][INFO] SIM_BRIDGE: Initializing Izhikevich model specifics for 18432 neurons...
[2026-07-10 05:58:50][INFO] SIM_BRIDGE: Applying parameter heterogeneity to neuron parameters...
[2026-07-10 05:58:50][INFO] SIM_BRIDGE: Applied heterogeneity to 4 parameters.
[2026-07-10 05:58:50][INFO] SIM_BRIDGE: Initializing OU process state (tau=15.0ms, sigma=0.0pA)...
[2026-07-10 05:58:50][INFO] SIM_BRIDGE: Generating 3D neuron positions for 18432 neurons...
[2026-07-10 05:58:50][INFO] SIM_BRIDGE: Generating connections (3D)...
[2026-07-10 05:58:50][INFO] SIM_BRIDGE: Simulation data initialized for 18432 neurons (3D). Synapses: 0. GPU memory: 23.0GB/51.2GB (45.0%)
[2026-07-10 05:58:50][INFO] SIM_BRIDGE: NumPy backend (CPU (NumPy backend), 47.7 GB RAM available)
[2026-07-10 05:58:50][INFO] SIM_BRIDGE: Initializing simulation data for model: IZHIKEVICH (3D)... (playback_init: False)
[2026-07-10 05:58:50][INFO] SIM_BRIDGE: RNG initialized with seed: 102
[2026-07-10 05:58:50][INFO] SIM_BRIDGE: Initializing Izhikevich model specifics for 18432 neurons...
[2026-07-10 05:58:50][INFO] SIM_BRIDGE: Applying parameter heterogeneity to neuron parameters...
[2026-07-10 05:58:50][INFO] SIM_BRIDGE: Applied heterogeneity to 4 parameters.
[2026-07-10 05:58:50][INFO] SIM_BRIDGE: Initializing OU process state (tau=15.0ms, sigma=0.0pA)...
[2026-07-10 05:58:50][INFO] SIM_BRIDGE: Generating 3D neuron positions for 18432 neurons...
[2026-07-10 05:58:50][INFO] SIM_BRIDGE: Generating connections (3D)...
[2026-07-10 05:58:50][INFO] SIM_BRIDGE: Simulation data initialized for 18432 neurons (3D). Synapses: 0. GPU memory: 23.0GB/51.2GB (44.9%)
[2026-07-10 05:58:53][INFO] SIM_BRIDGE: NumPy backend (CPU (NumPy backend), 47.7 GB RAM available)
[2026-07-10 05:58:53][INFO] SIM_BRIDGE: Initializing simulation data for model: IZHIKEVICH (3D)... (playback_init: False)
[2026-07-10 05:58:53][INFO] SIM_BRIDGE: RNG initialized with seed: 102
[2026-07-10 05:58:53][INFO] SIM_BRIDGE: Initializing Izhikevich model specifics for 18944 neurons...
[2026-07-10 05:58:53][INFO] SIM_BRIDGE: Applying parameter heterogeneity to neuron parameters...
[2026-07-10 05:58:53][INFO] SIM_BRIDGE: Applied heterogeneity to 4 parameters.
[2026-07-10 05:58:53][INFO] SIM_BRIDGE: Initializing OU process state (tau=15.0ms, sigma=0.0pA)...
[2026-07-10 05:58:53][INFO] SIM_BRIDGE: Generating 3D neuron positions for 18944 neurons...
[2026-07-10 05:58:53][INFO] SIM_BRIDGE: Generating connections (3D)...
[2026-07-10 05:58:53][INFO] SIM_BRIDGE: Simulation data initialized for 18944 neurons (3D). Synapses: 0. GPU memory: 23.5GB/51.2GB (45.9%)
[2026-07-10 05:58:54][INFO] SIM_BRIDGE: NumPy backend (CPU (NumPy backend), 47.7 GB RAM available)
[2026-07-10 05:58:54][INFO] SIM_BRIDGE: Initializing simulation data for model: IZHIKEVICH (3D)... (playback_init: False)
[2026-07-10 05:58:54][INFO] SIM_BRIDGE: RNG initialized with seed: 102
[2026-07-10 05:58:54][INFO] SIM_BRIDGE: Initializing Izhikevich model specifics for 18944 neurons...
[2026-07-10 05:58:54][INFO] SIM_BRIDGE: Applying parameter heterogeneity to neuron parameters...
[2026-07-10 05:58:54][INFO] SIM_BRIDGE: Applied heterogeneity to 4 parameters.
[2026-07-10 05:58:54][INFO] SIM_BRIDGE: Initializing OU process state (tau=15.0ms, sigma=0.0pA)...
[2026-07-10 05:58:54][INFO] SIM_BRIDGE: Generating 3D neuron positions for 18944 neurons...
[2026-07-10 05:58:54][INFO] SIM_BRIDGE: Generating connections (3D)...
[2026-07-10 05:58:54][INFO] SIM_BRIDGE: Simulation data initialized for 18944 neurons (3D). Synapses: 0. GPU memory: 23.4GB/51.2GB (45.7%)
[2026-07-10 05:58:57][INFO] SIM_BRIDGE: NumPy backend (CPU (NumPy backend), 47.7 GB RAM available)
[2026-07-10 05:58:57][INFO] SIM_BRIDGE: Initializing simulation data for model: IZHIKEVICH (3D)... (playback_init: False)
[2026-07-10 05:58:57][INFO] SIM_BRIDGE: RNG initialized with seed: 102
[2026-07-10 05:58:57][INFO] SIM_BRIDGE: Initializing Izhikevich model specifics for 19200 neurons...
[2026-07-10 05:58:57][INFO] SIM_BRIDGE: Applying parameter heterogeneity to neuron parameters...
[2026-07-10 05:58:57][INFO] SIM_BRIDGE: Applied heterogeneity to 4 parameters.
[2026-07-10 05:58:57][INFO] SIM_BRIDGE: Initializing OU process state (tau=15.0ms, sigma=0.0pA)...
[2026-07-10 05:58:57][INFO] SIM_BRIDGE: Generating 3D neuron positions for 19200 neurons...
[2026-07-10 05:58:57][INFO] SIM_BRIDGE: Generating connections (3D)...
[2026-07-10 05:58:57][INFO] SIM_BRIDGE: Simulation data initialized for 19200 neurons (3D). Synapses: 0. GPU memory: 23.4GB/51.2GB (45.7%)
[2026-07-10 05:58:57][INFO] SIM_BRIDGE: NumPy backend (CPU (NumPy backend), 47.7 GB RAM available)
[2026-07-10 05:58:57][INFO] SIM_BRIDGE: Initializing simulation data for model: IZHIKEVICH (3D)... (playback_init: False)
[2026-07-10 05:58:57][INFO] SIM_BRIDGE: RNG initialized with seed: 102
[2026-07-10 05:58:57][INFO] SIM_BRIDGE: Initializing Izhikevich model specifics for 19200 neurons...
[2026-07-10 05:58:57][INFO] SIM_BRIDGE: Applying parameter heterogeneity to neuron parameters...
[2026-07-10 05:58:57][INFO] SIM_BRIDGE: Applied heterogeneity to 4 parameters.
[2026-07-10 05:58:57][INFO] SIM_BRIDGE: Initializing OU process state (tau=15.0ms, sigma=0.0pA)...
[2026-07-10 05:58:57][INFO] SIM_BRIDGE: Generating 3D neuron positions for 19200 neurons...
[2026-07-10 05:58:57][INFO] SIM_BRIDGE: Generating connections (3D)...
[2026-07-10 05:58:57][INFO] SIM_BRIDGE: Simulation data initialized for 19200 neurons (3D). Synapses: 0. GPU memory: 22.7GB/51.2GB (44.3%)
[2026-07-10 05:59:01][INFO] SIM_BRIDGE: NumPy backend (CPU (NumPy backend), 47.7 GB RAM available)
[2026-07-10 05:59:01][INFO] SIM_BRIDGE: Initializing simulation data for model: IZHIKEVICH (3D)... (playback_init: False)
[2026-07-10 05:59:01][INFO] SIM_BRIDGE: RNG initialized with seed: 102
[2026-07-10 05:59:01][INFO] SIM_BRIDGE: Initializing Izhikevich model specifics for 19712 neurons...
[2026-07-10 05:59:01][INFO] SIM_BRIDGE: Applying parameter heterogeneity to neuron parameters...
[2026-07-10 05:59:01][INFO] SIM_BRIDGE: Applied heterogeneity to 4 parameters.
[2026-07-10 05:59:01][INFO] SIM_BRIDGE: Initializing OU process state (tau=15.0ms, sigma=0.0pA)...
[2026-07-10 05:59:01][INFO] SIM_BRIDGE: Generating 3D neuron positions for 19712 neurons...
[2026-07-10 05:59:01][INFO] SIM_BRIDGE: Generating connections (3D)...
[2026-07-10 05:59:01][INFO] SIM_BRIDGE: Simulation data initialized for 19712 neurons (3D). Synapses: 0. GPU memory: 22.8GB/51.2GB (44.5%)
[2026-07-10 05:59:01][INFO] SIM_BRIDGE: NumPy backend (CPU (NumPy backend), 47.7 GB RAM available)
[2026-07-10 05:59:01][INFO] SIM_BRIDGE: Initializing simulation data for model: IZHIKEVICH (3D)... (playback_init: False)
[2026-07-10 05:59:01][INFO] SIM_BRIDGE: RNG initialized with seed: 102
[2026-07-10 05:59:01][INFO] SIM_BRIDGE: Initializing Izhikevich model specifics for 19712 neurons...
[2026-07-10 05:59:01][INFO] SIM_BRIDGE: Applying parameter heterogeneity to neuron parameters...
[2026-07-10 05:59:01][INFO] SIM_BRIDGE: Applied heterogeneity to 4 parameters.
[2026-07-10 05:59:01][INFO] SIM_BRIDGE: Initializing OU process state (tau=15.0ms, sigma=0.0pA)...
[2026-07-10 05:59:01][INFO] SIM_BRIDGE: Generating 3D neuron positions for 19712 neurons...
[2026-07-10 05:59:01][INFO] SIM_BRIDGE: Generating connections (3D)...
[2026-07-10 05:59:01][INFO] SIM_BRIDGE: Simulation data initialized for 19712 neurons (3D). Synapses: 0. GPU memory: 22.5GB/51.2GB (43.8%)
  [seed 102] CAPSTONE-QA=0.875 || emission-severed register=0.225 | FLAT-FACT=0.175 | RECENCY=0.175

  AGGREGATE: CAPSTONE-QA=0.875 | emission-severed register=0.225 | FLAT-FACT=0.175 | RECENCY=0.175
  VERDICT: GO -- the DEPLOYED MultiTurnAgent answers what-does-HE-eat (0.88) over a running event whose transition delta was learned from agent-emission prediction ALONE (NO (agent,patient) state label anywhere) and whose slot is named by a read-out fitted only on INTRODUCE clauses (observable), maintained ON SPIKES (FS-WTA one-of-K attractor); an EMISSION-SEVERED register COLLAPSES through the identical deployment (0.23) so the answer rides a LEARNED delta, and FLAT-FACT (0.17) + RECENCY (0.17) both FAIL -> EMERGENT + SPIKING + DEPLOYED + QA, end-to-end: the brain answers a question about the running discourse from a composed meaning it was never taught to represent. NO sim/ edit.
