[D3 EVENT AGENT] [SPIKING event] K=6 | a conversational agent ANSWERS 'who is the agent/patient now?' from the running EVENT it maintains across a discourse (vs flat-fact + recency)
[2026-07-09 22:45:16][INFO] SIM_BRIDGE: NumPy backend (CPU (NumPy backend), 47.7 GB RAM available)
[2026-07-09 22:45:16][INFO] SIM_BRIDGE: Initializing simulation data for model: IZHIKEVICH (3D)... (playback_init: False)
[2026-07-09 22:45:16][INFO] SIM_BRIDGE: Brain-region framework: 7 regions, 96 total neurons, 12 pathways.
[2026-07-09 22:45:16][INFO] SIM_BRIDGE: RNG initialized with seed: 100
[2026-07-09 22:45:16][INFO] SIM_BRIDGE: Initializing Izhikevich model specifics for 96 neurons...
[2026-07-09 22:45:16][INFO] SIM_BRIDGE: Applying parameter heterogeneity to neuron parameters...
[2026-07-09 22:45:16][INFO] SIM_BRIDGE: Applied heterogeneity to 4 parameters.
[2026-07-09 22:45:16][INFO] SIM_BRIDGE: Initializing OU process state (tau=15.0ms, sigma=0.0pA)...
[2026-07-09 22:45:16][INFO] SIM_BRIDGE: Generating 3D neuron positions for 96 neurons...
[2026-07-09 22:45:16][INFO] SIM_BRIDGE: Generating connections (brain-region framework)...
[2026-07-09 22:45:16][INFO] SIM_BRIDGE: inject_explicit_wiring: installed 2047 synapses across 12 populations.
[2026-07-09 22:45:16][INFO] SIM_BRIDGE: Simulation data initialized for 96 neurons (3D). Synapses: 2047. GPU memory: 26.7GB/51.2GB (52.0%)
[2026-07-09 22:45:16][INFO] SIM_BRIDGE: NumPy backend (CPU (NumPy backend), 47.7 GB RAM available)
[2026-07-09 22:45:16][INFO] SIM_BRIDGE: Initializing simulation data for model: IZHIKEVICH (3D)... (playback_init: False)
[2026-07-09 22:45:16][INFO] SIM_BRIDGE: Brain-region framework: 7 regions, 96 total neurons, 12 pathways.
[2026-07-09 22:45:16][INFO] SIM_BRIDGE: RNG initialized with seed: 107
[2026-07-09 22:45:16][INFO] SIM_BRIDGE: Initializing Izhikevich model specifics for 96 neurons...
[2026-07-09 22:45:16][INFO] SIM_BRIDGE: Applying parameter heterogeneity to neuron parameters...
[2026-07-09 22:45:16][INFO] SIM_BRIDGE: Applied heterogeneity to 4 parameters.
[2026-07-09 22:45:16][INFO] SIM_BRIDGE: Initializing OU process state (tau=15.0ms, sigma=0.0pA)...
[2026-07-09 22:45:16][INFO] SIM_BRIDGE: Generating 3D neuron positions for 96 neurons...
[2026-07-09 22:45:16][INFO] SIM_BRIDGE: Generating connections (brain-region framework)...
[2026-07-09 22:45:16][INFO] SIM_BRIDGE: inject_explicit_wiring: installed 2110 synapses across 12 populations.
[2026-07-09 22:45:16][INFO] SIM_BRIDGE: Simulation data initialized for 96 neurons (3D). Synapses: 2110. GPU memory: 26.7GB/51.2GB (52.0%)
  [seed 100] EVENT who-agent=1.0 (who-patient=1.0) || FLAT-FACT(last subject)=0.283 || RECENCY(last entity)=0.1

  AGGREGATE (K=6): EVENT who-agent=1.000 | FLAT-FACT(last subject)=0.283 | RECENCY(last entity)=0.100
  VERDICT: GO -- the conversational agent ANSWERS who-is-the-agent-now from the running EVENT it maintains across the discourse (1.00) where a FLAT-FACT retriever (the last clause literal subject = an UNRESOLVED coref marker) FAILS (0.28) and a RECENCY resolver (the last-mentioned entity) FAILS (0.10) -> the agent answers about the COMPOSED MEANING it tracks, NOT a retrieved/last-mentioned fact = the anti-RAG payoff DEPLOYED ON SPIKES; next: fold the running-event register into the production MultiTurnAgent alongside the flat-fact store. NO sim/ edit.
