[D3 SPIKING GATED COPY] K=6 | the held prior event lives in a PERSISTENT slow-NMDA attractor; closed gate = zero input = the attractor holds itself; open gate = clear-then-load
[2026-07-10 04:09:56][INFO] SIM_BRIDGE: NumPy backend (CPU (NumPy backend), 47.7 GB RAM available)
[2026-07-10 04:09:56][INFO] SIM_BRIDGE: Initializing simulation data for model: IZHIKEVICH (3D)... (playback_init: False)
[2026-07-10 04:09:56][INFO] SIM_BRIDGE: Brain-region framework: 7 regions, 144 total neurons, 18 pathways.
[2026-07-10 04:09:56][INFO] SIM_BRIDGE: RNG initialized with seed: 101
[2026-07-10 04:09:56][INFO] SIM_BRIDGE: Initializing Izhikevich model specifics for 144 neurons...
[2026-07-10 04:09:56][INFO] SIM_BRIDGE: Applying parameter heterogeneity to neuron parameters...
[2026-07-10 04:09:56][INFO] SIM_BRIDGE: Applied heterogeneity to 4 parameters.
[2026-07-10 04:09:56][INFO] SIM_BRIDGE: Initializing OU process state (tau=15.0ms, sigma=0.0pA)...
[2026-07-10 04:09:56][INFO] SIM_BRIDGE: Generating 3D neuron positions for 144 neurons...
[2026-07-10 04:09:56][INFO] SIM_BRIDGE: Generating connections (brain-region framework)...
[2026-07-10 04:09:56][INFO] SIM_BRIDGE: inject_explicit_wiring: installed 5591 synapses across 18 populations.
[2026-07-10 04:09:56][INFO] SIM_BRIDGE: Simulation data initialized for 144 neurons (3D). Synapses: 5591. GPU memory: 18.4GB/51.2GB (36.0%)
[2026-07-10 04:10:05][INFO] SIM_BRIDGE: NumPy backend (CPU (NumPy backend), 47.7 GB RAM available)
[2026-07-10 04:10:05][INFO] SIM_BRIDGE: Initializing simulation data for model: IZHIKEVICH (3D)... (playback_init: False)
[2026-07-10 04:10:05][INFO] SIM_BRIDGE: Brain-region framework: 7 regions, 144 total neurons, 18 pathways.
[2026-07-10 04:10:05][INFO] SIM_BRIDGE: RNG initialized with seed: 101
[2026-07-10 04:10:05][INFO] SIM_BRIDGE: Initializing Izhikevich model specifics for 144 neurons...
[2026-07-10 04:10:05][INFO] SIM_BRIDGE: Applying parameter heterogeneity to neuron parameters...
[2026-07-10 04:10:05][INFO] SIM_BRIDGE: Applied heterogeneity to 4 parameters.
[2026-07-10 04:10:05][INFO] SIM_BRIDGE: Initializing OU process state (tau=15.0ms, sigma=0.0pA)...
[2026-07-10 04:10:05][INFO] SIM_BRIDGE: Generating 3D neuron positions for 144 neurons...
[2026-07-10 04:10:05][INFO] SIM_BRIDGE: Generating connections (brain-region framework)...
[2026-07-10 04:10:05][INFO] SIM_BRIDGE: inject_explicit_wiring: installed 5591 synapses across 18 populations.
[2026-07-10 04:10:05][INFO] SIM_BRIDGE: Simulation data initialized for 144 neurons (3D). Synapses: 5591. GPU memory: 18.4GB/51.2GB (35.9%)
[2026-07-10 04:10:13][INFO] SIM_BRIDGE: NumPy backend (CPU (NumPy backend), 47.7 GB RAM available)
[2026-07-10 04:10:13][INFO] SIM_BRIDGE: Initializing simulation data for model: IZHIKEVICH (3D)... (playback_init: False)
[2026-07-10 04:10:13][INFO] SIM_BRIDGE: Brain-region framework: 7 regions, 144 total neurons, 18 pathways.
[2026-07-10 04:10:13][INFO] SIM_BRIDGE: RNG initialized with seed: 101
[2026-07-10 04:10:13][INFO] SIM_BRIDGE: Initializing Izhikevich model specifics for 144 neurons...
[2026-07-10 04:10:13][INFO] SIM_BRIDGE: Applying parameter heterogeneity to neuron parameters...
[2026-07-10 04:10:13][INFO] SIM_BRIDGE: Applied heterogeneity to 4 parameters.
[2026-07-10 04:10:13][INFO] SIM_BRIDGE: Initializing OU process state (tau=15.0ms, sigma=0.0pA)...
[2026-07-10 04:10:13][INFO] SIM_BRIDGE: Generating 3D neuron positions for 144 neurons...
[2026-07-10 04:10:13][INFO] SIM_BRIDGE: Generating connections (brain-region framework)...
[2026-07-10 04:10:13][INFO] SIM_BRIDGE: inject_explicit_wiring: installed 5591 synapses across 18 populations.
[2026-07-10 04:10:13][INFO] SIM_BRIDGE: Simulation data initialized for 144 neurons (3D). Synapses: 5591. GPU memory: 18.0GB/51.2GB (35.1%)
  [seed 101] SPIKING held prev=0.625 (rate reference 0.683) || stateless-slot=0.417 | gate-lesion=0.333 | recency=0.173 | gate-open-rate=1.967 (n=24)

  AGGREGATE (K=6, chance 0.167):
    *** SPIKING held prev-agent=0.625 (rate gated-copy reference 0.683) ***
    controls: STATELESS a_prev slot (the old fswta bridge)=0.417 | gate-lesion=0.333 | recency=0.173
  VERDICT: PARTIAL/NEGATIVE -- the spiking gated copy did not clearly hold (read SPK vs stateless-slot / gate-lesion / recency). NO sim/ edit.
