[D3 CAPSTONE] the deployed brain answers 'who was doing it BEFORE?' from a prior event REMEMBERED BY SPIKES (persistent slow-NMDA attractor), with no state label anywhere
[2026-07-10 04:27:11][INFO] SIM_BRIDGE: NumPy backend (CPU (NumPy backend), 47.7 GB RAM available)
[2026-07-10 04:27:11][INFO] SIM_BRIDGE: Initializing simulation data for model: IZHIKEVICH (3D)... (playback_init: False)
[2026-07-10 04:27:11][INFO] SIM_BRIDGE: Brain-region framework: 7 regions, 144 total neurons, 18 pathways.
[2026-07-10 04:27:11][INFO] SIM_BRIDGE: RNG initialized with seed: 43
[2026-07-10 04:27:11][INFO] SIM_BRIDGE: Initializing Izhikevich model specifics for 144 neurons...
[2026-07-10 04:27:11][INFO] SIM_BRIDGE: Applying parameter heterogeneity to neuron parameters...
[2026-07-10 04:27:11][INFO] SIM_BRIDGE: Applied heterogeneity to 4 parameters.
[2026-07-10 04:27:11][INFO] SIM_BRIDGE: Initializing OU process state (tau=15.0ms, sigma=0.0pA)...
[2026-07-10 04:27:11][INFO] SIM_BRIDGE: Generating 3D neuron positions for 144 neurons...
[2026-07-10 04:27:11][INFO] SIM_BRIDGE: Generating connections (brain-region framework)...
[2026-07-10 04:27:11][INFO] SIM_BRIDGE: inject_explicit_wiring: installed 5631 synapses across 18 populations.
[2026-07-10 04:27:11][INFO] SIM_BRIDGE: Simulation data initialized for 144 neurons (3D). Synapses: 5631. GPU memory: 19.0GB/51.2GB (37.2%)
[2026-07-10 04:27:11][INFO] SIM_BRIDGE: NumPy backend (CPU (NumPy backend), 47.7 GB RAM available)
[2026-07-10 04:27:11][INFO] SIM_BRIDGE: Initializing simulation data for model: IZHIKEVICH (3D)... (playback_init: False)
[2026-07-10 04:27:11][INFO] SIM_BRIDGE: RNG initialized with seed: 43
[2026-07-10 04:27:11][INFO] SIM_BRIDGE: Initializing Izhikevich model specifics for 126 neurons...
[2026-07-10 04:27:11][INFO] SIM_BRIDGE: Applying parameter heterogeneity to neuron parameters...
[2026-07-10 04:27:11][INFO] SIM_BRIDGE: Applied heterogeneity to 4 parameters.
[2026-07-10 04:27:11][INFO] SIM_BRIDGE: Initializing OU process state (tau=15.0ms, sigma=20.0pA)...
[2026-07-10 04:27:11][INFO] SIM_BRIDGE: Generating 3D neuron positions for 126 neurons...
[2026-07-10 04:27:11][INFO] SIM_BRIDGE: Generating connections (3D)...
[2026-07-10 04:27:11][INFO] SIM_BRIDGE: Simulation data initialized for 126 neurons (3D). Synapses: 0. GPU memory: 19.0GB/51.2GB (37.1%)
[2026-07-10 04:27:11][INFO] SIM_BRIDGE: inject_explicit_wiring: installed 720 synapses across 1 populations.
[2026-07-10 04:27:14][INFO] SIM_BRIDGE: NumPy backend (CPU (NumPy backend), 47.7 GB RAM available)
[2026-07-10 04:27:14][INFO] SIM_BRIDGE: Initializing simulation data for model: IZHIKEVICH (3D)... (playback_init: False)
[2026-07-10 04:27:14][INFO] SIM_BRIDGE: RNG initialized with seed: 43
[2026-07-10 04:27:14][INFO] SIM_BRIDGE: Initializing Izhikevich model specifics for 224 neurons...
[2026-07-10 04:27:14][INFO] SIM_BRIDGE: Applying parameter heterogeneity to neuron parameters...
[2026-07-10 04:27:14][INFO] SIM_BRIDGE: Applied heterogeneity to 4 parameters.
[2026-07-10 04:27:14][INFO] SIM_BRIDGE: Initializing OU process state (tau=15.0ms, sigma=20.0pA)...
[2026-07-10 04:27:14][INFO] SIM_BRIDGE: Generating 3D neuron positions for 224 neurons...
[2026-07-10 04:27:14][INFO] SIM_BRIDGE: Generating connections (3D)...
[2026-07-10 04:27:14][INFO] SIM_BRIDGE: Simulation data initialized for 224 neurons (3D). Synapses: 0. GPU memory: 19.1GB/51.2GB (37.3%)
[2026-07-10 04:27:14][INFO] SIM_BRIDGE: inject_explicit_wiring: installed 4800 synapses across 1 populations.
[2026-07-10 04:27:18][INFO] SIM_BRIDGE: NumPy backend (CPU (NumPy backend), 47.7 GB RAM available)
[2026-07-10 04:27:18][INFO] SIM_BRIDGE: Initializing simulation data for model: IZHIKEVICH (3D)... (playback_init: False)
[2026-07-10 04:27:18][INFO] SIM_BRIDGE: Brain-region framework: 2 regions, 1200 total neurons, 2 pathways.
[2026-07-10 04:27:18][INFO] SIM_BRIDGE: RNG initialized with seed: 43
[2026-07-10 04:27:18][INFO] SIM_BRIDGE: NMDA per-region mask: 2 regions enabled (1200 neurons)
[2026-07-10 04:27:18][INFO] SIM_BRIDGE: Initializing Izhikevich model specifics for 1200 neurons...
[2026-07-10 04:27:18][INFO] SIM_BRIDGE: Region 'cortex_ctx' (600 neurons): using Izh type IZH2007_HIPPO_PYRAMIDAL
[2026-07-10 04:27:18][INFO] SIM_BRIDGE: Region 'dlpfc_wm' (600 neurons): using Izh type IZH2007_HIPPO_PYRAMIDAL
[2026-07-10 04:27:18][INFO] SIM_BRIDGE: Applying parameter heterogeneity to neuron parameters...
[2026-07-10 04:27:18][INFO] SIM_BRIDGE: Applied heterogeneity to 4 parameters.
[2026-07-10 04:27:18][INFO] SIM_BRIDGE: Generating 3D neuron positions for 1200 neurons...
[2026-07-10 04:27:18][INFO] SIM_BRIDGE: Generating connections (brain-region framework)...
[2026-07-10 04:27:19][INFO] SIM_BRIDGE: inject_explicit_wiring: installed 107649 synapses across 4 populations.
[2026-07-10 04:27:19][INFO] SIM_BRIDGE: Initializing eligibility traces for 107649 synapses (capacity: 161473, dtype: float32)...
[2026-07-10 04:27:19][INFO] SIM_BRIDGE: Initializing STDP state for 1200 neurons...
[2026-07-10 04:27:19][INFO] SIM_BRIDGE: Simulation data initialized for 1200 neurons (3D). Synapses: 107649. GPU memory: 19.2GB/51.2GB (37.4%)
[2026-07-10 04:27:19][INFO] SIM_BRIDGE: NumPy backend (CPU (NumPy backend), 47.7 GB RAM available)
[2026-07-10 04:27:19][INFO] SIM_BRIDGE: Initializing simulation data for model: IZHIKEVICH (3D)... (playback_init: False)
[2026-07-10 04:27:19][INFO] SIM_BRIDGE: Brain-region framework: 14 regions, 1380 total neurons, 38 pathways.
[2026-07-10 04:27:19][INFO] SIM_BRIDGE: RNG initialized with seed: 43
[2026-07-10 04:27:19][INFO] SIM_BRIDGE: NMDA per-region mask: 8 regions enabled (1320 neurons)
[2026-07-10 04:27:19][INFO] SIM_BRIDGE: Initializing Izhikevich model specifics for 1380 neurons...
[2026-07-10 04:27:19][INFO] SIM_BRIDGE: Region 'cortex_ctx' (600 neurons): using Izh type IZH2007_HIPPO_PYRAMIDAL
[2026-07-10 04:27:19][INFO] SIM_BRIDGE: Region 'dlpfc_wm' (600 neurons): using Izh type IZH2007_HIPPO_PYRAMIDAL
[2026-07-10 04:27:19][INFO] SIM_BRIDGE: Region 'sel_dog' (20 neurons): using Izh type IZH2007_RS_CORTICAL_PYRAMIDAL
[2026-07-10 04:27:19][INFO] SIM_BRIDGE: Region 'sel_FS_dog' (10 neurons): using Izh type IZH2007_FS_CORTICAL_INTERNEURON
[2026-07-10 04:27:19][INFO] SIM_BRIDGE: Region 'sel_cat' (20 neurons): using Izh type IZH2007_RS_CORTICAL_PYRAMIDAL
[2026-07-10 04:27:19][INFO] SIM_BRIDGE: Region 'sel_FS_cat' (10 neurons): using Izh type IZH2007_FS_CORTICAL_INTERNEURON
[2026-07-10 04:27:19][INFO] SIM_BRIDGE: Region 'sel_fish' (20 neurons): using Izh type IZH2007_RS_CORTICAL_PYRAMIDAL
[2026-07-10 04:27:19][INFO] SIM_BRIDGE: Region 'sel_FS_fish' (10 neurons): using Izh type IZH2007_FS_CORTICAL_INTERNEURON
[2026-07-10 04:27:19][INFO] SIM_BRIDGE: Region 'sel_bird' (20 neurons): using Izh type IZH2007_RS_CORTICAL_PYRAMIDAL
[2026-07-10 04:27:19][INFO] SIM_BRIDGE: Region 'sel_FS_bird' (10 neurons): using Izh type IZH2007_FS_CORTICAL_INTERNEURON
[2026-07-10 04:27:19][INFO] SIM_BRIDGE: Region 'sel_worm' (20 neurons): using Izh type IZH2007_RS_CORTICAL_PYRAMIDAL
[2026-07-10 04:27:19][INFO] SIM_BRIDGE: Region 'sel_FS_worm' (10 neurons): using Izh type IZH2007_FS_CORTICAL_INTERNEURON
[2026-07-10 04:27:19][INFO] SIM_BRIDGE: Region 'sel_ball' (20 neurons): using Izh type IZH2007_RS_CORTICAL_PYRAMIDAL
[2026-07-10 04:27:19][INFO] SIM_BRIDGE: Region 'sel_FS_ball' (10 neurons): using Izh type IZH2007_FS_CORTICAL_INTERNEURON
[2026-07-10 04:27:19][INFO] SIM_BRIDGE: Applying parameter heterogeneity to neuron parameters...
[2026-07-10 04:27:19][INFO] SIM_BRIDGE: Applied heterogeneity to 4 parameters.
[2026-07-10 04:27:19][INFO] SIM_BRIDGE: Generating 3D neuron positions for 1380 neurons...
[2026-07-10 04:27:19][INFO] SIM_BRIDGE: Generating connections (brain-region framework)...
[2026-07-10 04:27:19][INFO] SIM_BRIDGE: inject_explicit_wiring: installed 44055 synapses across 44 populations.
[2026-07-10 04:27:19][INFO] SIM_BRIDGE: Initializing eligibility traces for 44055 synapses (capacity: 66082, dtype: float32)...
[2026-07-10 04:27:19][INFO] SIM_BRIDGE: Initializing STDP state for 1380 neurons...
[2026-07-10 04:27:19][INFO] SIM_BRIDGE: Simulation data initialized for 1380 neurons (3D). Synapses: 44055. GPU memory: 19.1GB/51.2GB (37.2%)
[2026-07-10 04:27:25][INFO] SIM_BRIDGE: NumPy backend (CPU (NumPy backend), 47.7 GB RAM available)
[2026-07-10 04:27:25][INFO] SIM_BRIDGE: Initializing simulation data for model: IZHIKEVICH (3D)... (playback_init: False)
[2026-07-10 04:27:25][INFO] SIM_BRIDGE: Brain-region framework: 7 regions, 144 total neurons, 18 pathways.
[2026-07-10 04:27:25][INFO] SIM_BRIDGE: RNG initialized with seed: 43
[2026-07-10 04:27:25][INFO] SIM_BRIDGE: Initializing Izhikevich model specifics for 144 neurons...
[2026-07-10 04:27:25][INFO] SIM_BRIDGE: Applying parameter heterogeneity to neuron parameters...
[2026-07-10 04:27:25][INFO] SIM_BRIDGE: Applied heterogeneity to 4 parameters.
[2026-07-10 04:27:25][INFO] SIM_BRIDGE: Initializing OU process state (tau=15.0ms, sigma=0.0pA)...
[2026-07-10 04:27:25][INFO] SIM_BRIDGE: Generating 3D neuron positions for 144 neurons...
[2026-07-10 04:27:25][INFO] SIM_BRIDGE: Generating connections (brain-region framework)...
[2026-07-10 04:27:25][INFO] SIM_BRIDGE: inject_explicit_wiring: installed 5631 synapses across 18 populations.
[2026-07-10 04:27:25][INFO] SIM_BRIDGE: Simulation data initialized for 144 neurons (3D). Synapses: 5631. GPU memory: 19.1GB/51.2GB (37.4%)
[2026-07-10 04:27:25][INFO] SIM_BRIDGE: NumPy backend (CPU (NumPy backend), 47.7 GB RAM available)
[2026-07-10 04:27:25][INFO] SIM_BRIDGE: Initializing simulation data for model: IZHIKEVICH (3D)... (playback_init: False)
[2026-07-10 04:27:25][INFO] SIM_BRIDGE: RNG initialized with seed: 43
[2026-07-10 04:27:25][INFO] SIM_BRIDGE: Initializing Izhikevich model specifics for 126 neurons...
[2026-07-10 04:27:25][INFO] SIM_BRIDGE: Applying parameter heterogeneity to neuron parameters...
[2026-07-10 04:27:25][INFO] SIM_BRIDGE: Applied heterogeneity to 4 parameters.
[2026-07-10 04:27:25][INFO] SIM_BRIDGE: Initializing OU process state (tau=15.0ms, sigma=20.0pA)...
[2026-07-10 04:27:25][INFO] SIM_BRIDGE: Generating 3D neuron positions for 126 neurons...
[2026-07-10 04:27:25][INFO] SIM_BRIDGE: Generating connections (3D)...
[2026-07-10 04:27:25][INFO] SIM_BRIDGE: Simulation data initialized for 126 neurons (3D). Synapses: 0. GPU memory: 19.1GB/51.2GB (37.3%)
[2026-07-10 04:27:25][INFO] SIM_BRIDGE: inject_explicit_wiring: installed 720 synapses across 1 populations.
[2026-07-10 04:27:27][INFO] SIM_BRIDGE: NumPy backend (CPU (NumPy backend), 47.7 GB RAM available)
[2026-07-10 04:27:27][INFO] SIM_BRIDGE: Initializing simulation data for model: IZHIKEVICH (3D)... (playback_init: False)
[2026-07-10 04:27:27][INFO] SIM_BRIDGE: RNG initialized with seed: 43
[2026-07-10 04:27:27][INFO] SIM_BRIDGE: Initializing Izhikevich model specifics for 224 neurons...
[2026-07-10 04:27:27][INFO] SIM_BRIDGE: Applying parameter heterogeneity to neuron parameters...
[2026-07-10 04:27:27][INFO] SIM_BRIDGE: Applied heterogeneity to 4 parameters.
[2026-07-10 04:27:27][INFO] SIM_BRIDGE: Initializing OU process state (tau=15.0ms, sigma=20.0pA)...
[2026-07-10 04:27:27][INFO] SIM_BRIDGE: Generating 3D neuron positions for 224 neurons...
[2026-07-10 04:27:27][INFO] SIM_BRIDGE: Generating connections (3D)...
[2026-07-10 04:27:27][INFO] SIM_BRIDGE: Simulation data initialized for 224 neurons (3D). Synapses: 0. GPU memory: 19.1GB/51.2GB (37.2%)
[2026-07-10 04:27:27][INFO] SIM_BRIDGE: inject_explicit_wiring: installed 4800 synapses across 1 populations.
[2026-07-10 04:27:32][INFO] SIM_BRIDGE: NumPy backend (CPU (NumPy backend), 47.7 GB RAM available)
[2026-07-10 04:27:32][INFO] SIM_BRIDGE: Initializing simulation data for model: IZHIKEVICH (3D)... (playback_init: False)
[2026-07-10 04:27:32][INFO] SIM_BRIDGE: Brain-region framework: 2 regions, 1200 total neurons, 2 pathways.
[2026-07-10 04:27:32][INFO] SIM_BRIDGE: RNG initialized with seed: 43
[2026-07-10 04:27:32][INFO] SIM_BRIDGE: NMDA per-region mask: 2 regions enabled (1200 neurons)
[2026-07-10 04:27:32][INFO] SIM_BRIDGE: Initializing Izhikevich model specifics for 1200 neurons...
[2026-07-10 04:27:32][INFO] SIM_BRIDGE: Region 'cortex_ctx' (600 neurons): using Izh type IZH2007_HIPPO_PYRAMIDAL
[2026-07-10 04:27:32][INFO] SIM_BRIDGE: Region 'dlpfc_wm' (600 neurons): using Izh type IZH2007_HIPPO_PYRAMIDAL
[2026-07-10 04:27:32][INFO] SIM_BRIDGE: Applying parameter heterogeneity to neuron parameters...
[2026-07-10 04:27:32][INFO] SIM_BRIDGE: Applied heterogeneity to 4 parameters.
[2026-07-10 04:27:32][INFO] SIM_BRIDGE: Generating 3D neuron positions for 1200 neurons...
[2026-07-10 04:27:32][INFO] SIM_BRIDGE: Generating connections (brain-region framework)...
[2026-07-10 04:27:32][INFO] SIM_BRIDGE: inject_explicit_wiring: installed 107649 synapses across 4 populations.
[2026-07-10 04:27:32][INFO] SIM_BRIDGE: Initializing eligibility traces for 107649 synapses (capacity: 161473, dtype: float32)...
[2026-07-10 04:27:32][INFO] SIM_BRIDGE: Initializing STDP state for 1200 neurons...
[2026-07-10 04:27:32][INFO] SIM_BRIDGE: Simulation data initialized for 1200 neurons (3D). Synapses: 107649. GPU memory: 19.2GB/51.2GB (37.4%)
[2026-07-10 04:27:32][INFO] SIM_BRIDGE: NumPy backend (CPU (NumPy backend), 47.7 GB RAM available)
[2026-07-10 04:27:32][INFO] SIM_BRIDGE: Initializing simulation data for model: IZHIKEVICH (3D)... (playback_init: False)
[2026-07-10 04:27:32][INFO] SIM_BRIDGE: Brain-region framework: 14 regions, 1380 total neurons, 38 pathways.
[2026-07-10 04:27:32][INFO] SIM_BRIDGE: RNG initialized with seed: 43
[2026-07-10 04:27:32][INFO] SIM_BRIDGE: NMDA per-region mask: 8 regions enabled (1320 neurons)
[2026-07-10 04:27:32][INFO] SIM_BRIDGE: Initializing Izhikevich model specifics for 1380 neurons...
[2026-07-10 04:27:32][INFO] SIM_BRIDGE: Region 'cortex_ctx' (600 neurons): using Izh type IZH2007_HIPPO_PYRAMIDAL
[2026-07-10 04:27:32][INFO] SIM_BRIDGE: Region 'dlpfc_wm' (600 neurons): using Izh type IZH2007_HIPPO_PYRAMIDAL
[2026-07-10 04:27:32][INFO] SIM_BRIDGE: Region 'sel_dog' (20 neurons): using Izh type IZH2007_RS_CORTICAL_PYRAMIDAL
[2026-07-10 04:27:32][INFO] SIM_BRIDGE: Region 'sel_FS_dog' (10 neurons): using Izh type IZH2007_FS_CORTICAL_INTERNEURON
[2026-07-10 04:27:32][INFO] SIM_BRIDGE: Region 'sel_cat' (20 neurons): using Izh type IZH2007_RS_CORTICAL_PYRAMIDAL
[2026-07-10 04:27:32][INFO] SIM_BRIDGE: Region 'sel_FS_cat' (10 neurons): using Izh type IZH2007_FS_CORTICAL_INTERNEURON
[2026-07-10 04:27:32][INFO] SIM_BRIDGE: Region 'sel_fish' (20 neurons): using Izh type IZH2007_RS_CORTICAL_PYRAMIDAL
[2026-07-10 04:27:32][INFO] SIM_BRIDGE: Region 'sel_FS_fish' (10 neurons): using Izh type IZH2007_FS_CORTICAL_INTERNEURON
[2026-07-10 04:27:32][INFO] SIM_BRIDGE: Region 'sel_bird' (20 neurons): using Izh type IZH2007_RS_CORTICAL_PYRAMIDAL
[2026-07-10 04:27:32][INFO] SIM_BRIDGE: Region 'sel_FS_bird' (10 neurons): using Izh type IZH2007_FS_CORTICAL_INTERNEURON
[2026-07-10 04:27:32][INFO] SIM_BRIDGE: Region 'sel_worm' (20 neurons): using Izh type IZH2007_RS_CORTICAL_PYRAMIDAL
[2026-07-10 04:27:32][INFO] SIM_BRIDGE: Region 'sel_FS_worm' (10 neurons): using Izh type IZH2007_FS_CORTICAL_INTERNEURON
[2026-07-10 04:27:32][INFO] SIM_BRIDGE: Region 'sel_ball' (20 neurons): using Izh type IZH2007_RS_CORTICAL_PYRAMIDAL
[2026-07-10 04:27:32][INFO] SIM_BRIDGE: Region 'sel_FS_ball' (10 neurons): using Izh type IZH2007_FS_CORTICAL_INTERNEURON
[2026-07-10 04:27:32][INFO] SIM_BRIDGE: Applying parameter heterogeneity to neuron parameters...
[2026-07-10 04:27:32][INFO] SIM_BRIDGE: Applied heterogeneity to 4 parameters.
[2026-07-10 04:27:32][INFO] SIM_BRIDGE: Generating 3D neuron positions for 1380 neurons...
[2026-07-10 04:27:32][INFO] SIM_BRIDGE: Generating connections (brain-region framework)...
[2026-07-10 04:27:32][INFO] SIM_BRIDGE: inject_explicit_wiring: installed 44055 synapses across 44 populations.
[2026-07-10 04:27:32][INFO] SIM_BRIDGE: Initializing eligibility traces for 44055 synapses (capacity: 66082, dtype: float32)...
[2026-07-10 04:27:32][INFO] SIM_BRIDGE: Initializing STDP state for 1380 neurons...
[2026-07-10 04:27:32][INFO] SIM_BRIDGE: Simulation data initialized for 1380 neurons (3D). Synapses: 44055. GPU memory: 19.2GB/51.2GB (37.4%)
[2026-07-10 04:27:38][INFO] SIM_BRIDGE: NumPy backend (CPU (NumPy backend), 47.7 GB RAM available)
[2026-07-10 04:27:38][INFO] SIM_BRIDGE: Initializing simulation data for model: IZHIKEVICH (3D)... (playback_init: False)
[2026-07-10 04:27:38][INFO] SIM_BRIDGE: Brain-region framework: 7 regions, 144 total neurons, 18 pathways.
[2026-07-10 04:27:38][INFO] SIM_BRIDGE: RNG initialized with seed: 43
[2026-07-10 04:27:38][INFO] SIM_BRIDGE: Initializing Izhikevich model specifics for 144 neurons...
[2026-07-10 04:27:38][INFO] SIM_BRIDGE: Applying parameter heterogeneity to neuron parameters...
[2026-07-10 04:27:38][INFO] SIM_BRIDGE: Applied heterogeneity to 4 parameters.
[2026-07-10 04:27:38][INFO] SIM_BRIDGE: Initializing OU process state (tau=15.0ms, sigma=0.0pA)...
[2026-07-10 04:27:38][INFO] SIM_BRIDGE: Generating 3D neuron positions for 144 neurons...
[2026-07-10 04:27:38][INFO] SIM_BRIDGE: Generating connections (brain-region framework)...
[2026-07-10 04:27:38][INFO] SIM_BRIDGE: inject_explicit_wiring: installed 5631 synapses across 18 populations.
[2026-07-10 04:27:38][INFO] SIM_BRIDGE: Simulation data initialized for 144 neurons (3D). Synapses: 5631. GPU memory: 19.2GB/51.2GB (37.5%)
[2026-07-10 04:27:38][INFO] SIM_BRIDGE: NumPy backend (CPU (NumPy backend), 47.7 GB RAM available)
[2026-07-10 04:27:38][INFO] SIM_BRIDGE: Initializing simulation data for model: IZHIKEVICH (3D)... (playback_init: False)
[2026-07-10 04:27:38][INFO] SIM_BRIDGE: RNG initialized with seed: 43
[2026-07-10 04:27:38][INFO] SIM_BRIDGE: Initializing Izhikevich model specifics for 126 neurons...
[2026-07-10 04:27:38][INFO] SIM_BRIDGE: Applying parameter heterogeneity to neuron parameters...
[2026-07-10 04:27:38][INFO] SIM_BRIDGE: Applied heterogeneity to 4 parameters.
[2026-07-10 04:27:38][INFO] SIM_BRIDGE: Initializing OU process state (tau=15.0ms, sigma=20.0pA)...
[2026-07-10 04:27:38][INFO] SIM_BRIDGE: Generating 3D neuron positions for 126 neurons...
[2026-07-10 04:27:38][INFO] SIM_BRIDGE: Generating connections (3D)...
[2026-07-10 04:27:38][INFO] SIM_BRIDGE: Simulation data initialized for 126 neurons (3D). Synapses: 0. GPU memory: 19.2GB/51.2GB (37.5%)
[2026-07-10 04:27:38][INFO] SIM_BRIDGE: inject_explicit_wiring: installed 720 synapses across 1 populations.
[2026-07-10 04:27:41][INFO] SIM_BRIDGE: NumPy backend (CPU (NumPy backend), 47.7 GB RAM available)
[2026-07-10 04:27:41][INFO] SIM_BRIDGE: Initializing simulation data for model: IZHIKEVICH (3D)... (playback_init: False)
[2026-07-10 04:27:41][INFO] SIM_BRIDGE: RNG initialized with seed: 43
[2026-07-10 04:27:41][INFO] SIM_BRIDGE: Initializing Izhikevich model specifics for 224 neurons...
[2026-07-10 04:27:41][INFO] SIM_BRIDGE: Applying parameter heterogeneity to neuron parameters...
[2026-07-10 04:27:41][INFO] SIM_BRIDGE: Applied heterogeneity to 4 parameters.
[2026-07-10 04:27:41][INFO] SIM_BRIDGE: Initializing OU process state (tau=15.0ms, sigma=20.0pA)...
[2026-07-10 04:27:41][INFO] SIM_BRIDGE: Generating 3D neuron positions for 224 neurons...
[2026-07-10 04:27:41][INFO] SIM_BRIDGE: Generating connections (3D)...
[2026-07-10 04:27:41][INFO] SIM_BRIDGE: Simulation data initialized for 224 neurons (3D). Synapses: 0. GPU memory: 19.2GB/51.2GB (37.4%)
[2026-07-10 04:27:41][INFO] SIM_BRIDGE: inject_explicit_wiring: installed 4800 synapses across 1 populations.
[2026-07-10 04:27:45][INFO] SIM_BRIDGE: NumPy backend (CPU (NumPy backend), 47.7 GB RAM available)
[2026-07-10 04:27:45][INFO] SIM_BRIDGE: Initializing simulation data for model: IZHIKEVICH (3D)... (playback_init: False)
[2026-07-10 04:27:45][INFO] SIM_BRIDGE: Brain-region framework: 2 regions, 1200 total neurons, 2 pathways.
[2026-07-10 04:27:45][INFO] SIM_BRIDGE: RNG initialized with seed: 43
[2026-07-10 04:27:45][INFO] SIM_BRIDGE: NMDA per-region mask: 2 regions enabled (1200 neurons)
[2026-07-10 04:27:45][INFO] SIM_BRIDGE: Initializing Izhikevich model specifics for 1200 neurons...
[2026-07-10 04:27:45][INFO] SIM_BRIDGE: Region 'cortex_ctx' (600 neurons): using Izh type IZH2007_HIPPO_PYRAMIDAL
[2026-07-10 04:27:45][INFO] SIM_BRIDGE: Region 'dlpfc_wm' (600 neurons): using Izh type IZH2007_HIPPO_PYRAMIDAL
[2026-07-10 04:27:45][INFO] SIM_BRIDGE: Applying parameter heterogeneity to neuron parameters...
[2026-07-10 04:27:45][INFO] SIM_BRIDGE: Applied heterogeneity to 4 parameters.
[2026-07-10 04:27:45][INFO] SIM_BRIDGE: Generating 3D neuron positions for 1200 neurons...
[2026-07-10 04:27:45][INFO] SIM_BRIDGE: Generating connections (brain-region framework)...
[2026-07-10 04:27:46][INFO] SIM_BRIDGE: inject_explicit_wiring: installed 107649 synapses across 4 populations.
[2026-07-10 04:27:46][INFO] SIM_BRIDGE: Initializing eligibility traces for 107649 synapses (capacity: 161473, dtype: float32)...
[2026-07-10 04:27:46][INFO] SIM_BRIDGE: Initializing STDP state for 1200 neurons...
[2026-07-10 04:27:46][INFO] SIM_BRIDGE: Simulation data initialized for 1200 neurons (3D). Synapses: 107649. GPU memory: 19.2GB/51.2GB (37.6%)
[2026-07-10 04:27:46][INFO] SIM_BRIDGE: NumPy backend (CPU (NumPy backend), 47.7 GB RAM available)
[2026-07-10 04:27:46][INFO] SIM_BRIDGE: Initializing simulation data for model: IZHIKEVICH (3D)... (playback_init: False)
[2026-07-10 04:27:46][INFO] SIM_BRIDGE: Brain-region framework: 14 regions, 1380 total neurons, 38 pathways.
[2026-07-10 04:27:46][INFO] SIM_BRIDGE: RNG initialized with seed: 43
[2026-07-10 04:27:46][INFO] SIM_BRIDGE: NMDA per-region mask: 8 regions enabled (1320 neurons)
[2026-07-10 04:27:46][INFO] SIM_BRIDGE: Initializing Izhikevich model specifics for 1380 neurons...
[2026-07-10 04:27:46][INFO] SIM_BRIDGE: Region 'cortex_ctx' (600 neurons): using Izh type IZH2007_HIPPO_PYRAMIDAL
[2026-07-10 04:27:46][INFO] SIM_BRIDGE: Region 'dlpfc_wm' (600 neurons): using Izh type IZH2007_HIPPO_PYRAMIDAL
[2026-07-10 04:27:46][INFO] SIM_BRIDGE: Region 'sel_dog' (20 neurons): using Izh type IZH2007_RS_CORTICAL_PYRAMIDAL
[2026-07-10 04:27:46][INFO] SIM_BRIDGE: Region 'sel_FS_dog' (10 neurons): using Izh type IZH2007_FS_CORTICAL_INTERNEURON
[2026-07-10 04:27:46][INFO] SIM_BRIDGE: Region 'sel_cat' (20 neurons): using Izh type IZH2007_RS_CORTICAL_PYRAMIDAL
[2026-07-10 04:27:46][INFO] SIM_BRIDGE: Region 'sel_FS_cat' (10 neurons): using Izh type IZH2007_FS_CORTICAL_INTERNEURON
[2026-07-10 04:27:46][INFO] SIM_BRIDGE: Region 'sel_fish' (20 neurons): using Izh type IZH2007_RS_CORTICAL_PYRAMIDAL
[2026-07-10 04:27:46][INFO] SIM_BRIDGE: Region 'sel_FS_fish' (10 neurons): using Izh type IZH2007_FS_CORTICAL_INTERNEURON
[2026-07-10 04:27:46][INFO] SIM_BRIDGE: Region 'sel_bird' (20 neurons): using Izh type IZH2007_RS_CORTICAL_PYRAMIDAL
[2026-07-10 04:27:46][INFO] SIM_BRIDGE: Region 'sel_FS_bird' (10 neurons): using Izh type IZH2007_FS_CORTICAL_INTERNEURON
[2026-07-10 04:27:46][INFO] SIM_BRIDGE: Region 'sel_worm' (20 neurons): using Izh type IZH2007_RS_CORTICAL_PYRAMIDAL
[2026-07-10 04:27:46][INFO] SIM_BRIDGE: Region 'sel_FS_worm' (10 neurons): using Izh type IZH2007_FS_CORTICAL_INTERNEURON
[2026-07-10 04:27:46][INFO] SIM_BRIDGE: Region 'sel_ball' (20 neurons): using Izh type IZH2007_RS_CORTICAL_PYRAMIDAL
[2026-07-10 04:27:46][INFO] SIM_BRIDGE: Region 'sel_FS_ball' (10 neurons): using Izh type IZH2007_FS_CORTICAL_INTERNEURON
[2026-07-10 04:27:46][INFO] SIM_BRIDGE: Applying parameter heterogeneity to neuron parameters...
[2026-07-10 04:27:46][INFO] SIM_BRIDGE: Applied heterogeneity to 4 parameters.
[2026-07-10 04:27:46][INFO] SIM_BRIDGE: Generating 3D neuron positions for 1380 neurons...
[2026-07-10 04:27:46][INFO] SIM_BRIDGE: Generating connections (brain-region framework)...
[2026-07-10 04:27:46][INFO] SIM_BRIDGE: inject_explicit_wiring: installed 44055 synapses across 44 populations.
[2026-07-10 04:27:46][INFO] SIM_BRIDGE: Initializing eligibility traces for 44055 synapses (capacity: 66082, dtype: float32)...
[2026-07-10 04:27:46][INFO] SIM_BRIDGE: Initializing STDP state for 1380 neurons...
[2026-07-10 04:27:46][INFO] SIM_BRIDGE: Simulation data initialized for 1380 neurons (3D). Synapses: 44055. GPU memory: 19.3GB/51.2GB (37.6%)
[2026-07-10 04:27:51][INFO] SIM_BRIDGE: NumPy backend (CPU (NumPy backend), 47.7 GB RAM available)
[2026-07-10 04:27:51][INFO] SIM_BRIDGE: Initializing simulation data for model: IZHIKEVICH (3D)... (playback_init: False)
[2026-07-10 04:27:51][INFO] SIM_BRIDGE: RNG initialized with seed: 43
[2026-07-10 04:27:51][INFO] SIM_BRIDGE: Initializing Izhikevich model specifics for 126 neurons...
[2026-07-10 04:27:51][INFO] SIM_BRIDGE: Applying parameter heterogeneity to neuron parameters...
[2026-07-10 04:27:51][INFO] SIM_BRIDGE: Applied heterogeneity to 4 parameters.
[2026-07-10 04:27:51][INFO] SIM_BRIDGE: Initializing OU process state (tau=15.0ms, sigma=20.0pA)...
[2026-07-10 04:27:51][INFO] SIM_BRIDGE: Generating 3D neuron positions for 126 neurons...
[2026-07-10 04:27:51][INFO] SIM_BRIDGE: Generating connections (3D)...
[2026-07-10 04:27:51][INFO] SIM_BRIDGE: Simulation data initialized for 126 neurons (3D). Synapses: 0. GPU memory: 19.3GB/51.2GB (37.7%)
[2026-07-10 04:27:51][INFO] SIM_BRIDGE: inject_explicit_wiring: installed 720 synapses across 1 populations.
[2026-07-10 04:27:53][INFO] SIM_BRIDGE: NumPy backend (CPU (NumPy backend), 47.7 GB RAM available)
[2026-07-10 04:27:53][INFO] SIM_BRIDGE: Initializing simulation data for model: IZHIKEVICH (3D)... (playback_init: False)
[2026-07-10 04:27:53][INFO] SIM_BRIDGE: RNG initialized with seed: 43
[2026-07-10 04:27:53][INFO] SIM_BRIDGE: Initializing Izhikevich model specifics for 224 neurons...
[2026-07-10 04:27:53][INFO] SIM_BRIDGE: Applying parameter heterogeneity to neuron parameters...
[2026-07-10 04:27:53][INFO] SIM_BRIDGE: Applied heterogeneity to 4 parameters.
[2026-07-10 04:27:53][INFO] SIM_BRIDGE: Initializing OU process state (tau=15.0ms, sigma=20.0pA)...
[2026-07-10 04:27:53][INFO] SIM_BRIDGE: Generating 3D neuron positions for 224 neurons...
[2026-07-10 04:27:53][INFO] SIM_BRIDGE: Generating connections (3D)...
[2026-07-10 04:27:53][INFO] SIM_BRIDGE: Simulation data initialized for 224 neurons (3D). Synapses: 0. GPU memory: 19.2GB/51.2GB (37.5%)
[2026-07-10 04:27:53][INFO] SIM_BRIDGE: inject_explicit_wiring: installed 4800 synapses across 1 populations.
[2026-07-10 04:27:58][INFO] SIM_BRIDGE: NumPy backend (CPU (NumPy backend), 47.7 GB RAM available)
[2026-07-10 04:27:58][INFO] SIM_BRIDGE: Initializing simulation data for model: IZHIKEVICH (3D)... (playback_init: False)
[2026-07-10 04:27:58][INFO] SIM_BRIDGE: Brain-region framework: 2 regions, 1200 total neurons, 2 pathways.
[2026-07-10 04:27:58][INFO] SIM_BRIDGE: RNG initialized with seed: 43
[2026-07-10 04:27:58][INFO] SIM_BRIDGE: NMDA per-region mask: 2 regions enabled (1200 neurons)
[2026-07-10 04:27:58][INFO] SIM_BRIDGE: Initializing Izhikevich model specifics for 1200 neurons...
[2026-07-10 04:27:58][INFO] SIM_BRIDGE: Region 'cortex_ctx' (600 neurons): using Izh type IZH2007_HIPPO_PYRAMIDAL
[2026-07-10 04:27:58][INFO] SIM_BRIDGE: Region 'dlpfc_wm' (600 neurons): using Izh type IZH2007_HIPPO_PYRAMIDAL
[2026-07-10 04:27:58][INFO] SIM_BRIDGE: Applying parameter heterogeneity to neuron parameters...
[2026-07-10 04:27:58][INFO] SIM_BRIDGE: Applied heterogeneity to 4 parameters.
[2026-07-10 04:27:58][INFO] SIM_BRIDGE: Generating 3D neuron positions for 1200 neurons...
[2026-07-10 04:27:58][INFO] SIM_BRIDGE: Generating connections (brain-region framework)...
[2026-07-10 04:27:58][INFO] SIM_BRIDGE: inject_explicit_wiring: installed 107649 synapses across 4 populations.
[2026-07-10 04:27:58][INFO] SIM_BRIDGE: Initializing eligibility traces for 107649 synapses (capacity: 161473, dtype: float32)...
[2026-07-10 04:27:58][INFO] SIM_BRIDGE: Initializing STDP state for 1200 neurons...
[2026-07-10 04:27:58][INFO] SIM_BRIDGE: Simulation data initialized for 1200 neurons (3D). Synapses: 107649. GPU memory: 19.3GB/51.2GB (37.6%)
[2026-07-10 04:27:58][INFO] SIM_BRIDGE: NumPy backend (CPU (NumPy backend), 47.7 GB RAM available)
[2026-07-10 04:27:58][INFO] SIM_BRIDGE: Initializing simulation data for model: IZHIKEVICH (3D)... (playback_init: False)
[2026-07-10 04:27:58][INFO] SIM_BRIDGE: Brain-region framework: 14 regions, 1380 total neurons, 38 pathways.
[2026-07-10 04:27:58][INFO] SIM_BRIDGE: RNG initialized with seed: 43
[2026-07-10 04:27:58][INFO] SIM_BRIDGE: NMDA per-region mask: 8 regions enabled (1320 neurons)
[2026-07-10 04:27:58][INFO] SIM_BRIDGE: Initializing Izhikevich model specifics for 1380 neurons...
[2026-07-10 04:27:58][INFO] SIM_BRIDGE: Region 'cortex_ctx' (600 neurons): using Izh type IZH2007_HIPPO_PYRAMIDAL
[2026-07-10 04:27:58][INFO] SIM_BRIDGE: Region 'dlpfc_wm' (600 neurons): using Izh type IZH2007_HIPPO_PYRAMIDAL
[2026-07-10 04:27:58][INFO] SIM_BRIDGE: Region 'sel_dog' (20 neurons): using Izh type IZH2007_RS_CORTICAL_PYRAMIDAL
[2026-07-10 04:27:58][INFO] SIM_BRIDGE: Region 'sel_FS_dog' (10 neurons): using Izh type IZH2007_FS_CORTICAL_INTERNEURON
[2026-07-10 04:27:58][INFO] SIM_BRIDGE: Region 'sel_cat' (20 neurons): using Izh type IZH2007_RS_CORTICAL_PYRAMIDAL
[2026-07-10 04:27:58][INFO] SIM_BRIDGE: Region 'sel_FS_cat' (10 neurons): using Izh type IZH2007_FS_CORTICAL_INTERNEURON
[2026-07-10 04:27:58][INFO] SIM_BRIDGE: Region 'sel_fish' (20 neurons): using Izh type IZH2007_RS_CORTICAL_PYRAMIDAL
[2026-07-10 04:27:58][INFO] SIM_BRIDGE: Region 'sel_FS_fish' (10 neurons): using Izh type IZH2007_FS_CORTICAL_INTERNEURON
[2026-07-10 04:27:58][INFO] SIM_BRIDGE: Region 'sel_bird' (20 neurons): using Izh type IZH2007_RS_CORTICAL_PYRAMIDAL
[2026-07-10 04:27:58][INFO] SIM_BRIDGE: Region 'sel_FS_bird' (10 neurons): using Izh type IZH2007_FS_CORTICAL_INTERNEURON
[2026-07-10 04:27:58][INFO] SIM_BRIDGE: Region 'sel_worm' (20 neurons): using Izh type IZH2007_RS_CORTICAL_PYRAMIDAL
[2026-07-10 04:27:58][INFO] SIM_BRIDGE: Region 'sel_FS_worm' (10 neurons): using Izh type IZH2007_FS_CORTICAL_INTERNEURON
[2026-07-10 04:27:58][INFO] SIM_BRIDGE: Region 'sel_ball' (20 neurons): using Izh type IZH2007_RS_CORTICAL_PYRAMIDAL
[2026-07-10 04:27:58][INFO] SIM_BRIDGE: Region 'sel_FS_ball' (10 neurons): using Izh type IZH2007_FS_CORTICAL_INTERNEURON
[2026-07-10 04:27:58][INFO] SIM_BRIDGE: Applying parameter heterogeneity to neuron parameters...
[2026-07-10 04:27:58][INFO] SIM_BRIDGE: Applied heterogeneity to 4 parameters.
[2026-07-10 04:27:58][INFO] SIM_BRIDGE: Generating 3D neuron positions for 1380 neurons...
[2026-07-10 04:27:58][INFO] SIM_BRIDGE: Generating connections (brain-region framework)...
[2026-07-10 04:27:58][INFO] SIM_BRIDGE: inject_explicit_wiring: installed 44055 synapses across 44 populations.
[2026-07-10 04:27:58][INFO] SIM_BRIDGE: Initializing eligibility traces for 44055 synapses (capacity: 66082, dtype: float32)...
[2026-07-10 04:27:58][INFO] SIM_BRIDGE: Initializing STDP state for 1380 neurons...
[2026-07-10 04:27:58][INFO] SIM_BRIDGE: Simulation data initialized for 1380 neurons (3D). Synapses: 44055. GPU memory: 19.3GB/51.2GB (37.6%)
[2026-07-10 04:27:58][INFO] SIM_BRIDGE: NumPy backend (CPU (NumPy backend), 47.7 GB RAM available)
[2026-07-10 04:27:58][INFO] SIM_BRIDGE: Initializing simulation data for model: IZHIKEVICH (3D)... (playback_init: False)
[2026-07-10 04:27:58][INFO] SIM_BRIDGE: RNG initialized with seed: 43
[2026-07-10 04:27:58][INFO] SIM_BRIDGE: Initializing Izhikevich model specifics for 256 neurons...
[2026-07-10 04:27:58][INFO] SIM_BRIDGE: Applying parameter heterogeneity to neuron parameters...
[2026-07-10 04:27:58][INFO] SIM_BRIDGE: Applied heterogeneity to 4 parameters.
[2026-07-10 04:27:58][INFO] SIM_BRIDGE: Initializing OU process state (tau=15.0ms, sigma=0.0pA)...
[2026-07-10 04:27:58][INFO] SIM_BRIDGE: Generating 3D neuron positions for 256 neurons...
[2026-07-10 04:27:58][INFO] SIM_BRIDGE: Generating connections (3D)...
[2026-07-10 04:27:58][INFO] SIM_BRIDGE: Simulation data initialized for 256 neurons (3D). Synapses: 0. GPU memory: 19.3GB/51.2GB (37.6%)
[2026-07-10 04:27:59][INFO] SIM_BRIDGE: NumPy backend (CPU (NumPy backend), 47.7 GB RAM available)
[2026-07-10 04:27:59][INFO] SIM_BRIDGE: Initializing simulation data for model: IZHIKEVICH (3D)... (playback_init: False)
[2026-07-10 04:27:59][INFO] SIM_BRIDGE: RNG initialized with seed: 43
[2026-07-10 04:27:59][INFO] SIM_BRIDGE: Initializing Izhikevich model specifics for 512 neurons...
[2026-07-10 04:27:59][INFO] SIM_BRIDGE: Applying parameter heterogeneity to neuron parameters...
[2026-07-10 04:27:59][INFO] SIM_BRIDGE: Applied heterogeneity to 4 parameters.
[2026-07-10 04:27:59][INFO] SIM_BRIDGE: Initializing OU process state (tau=15.0ms, sigma=0.0pA)...
[2026-07-10 04:27:59][INFO] SIM_BRIDGE: Generating 3D neuron positions for 512 neurons...
[2026-07-10 04:27:59][INFO] SIM_BRIDGE: Generating connections (3D)...
[2026-07-10 04:27:59][INFO] SIM_BRIDGE: Simulation data initialized for 512 neurons (3D). Synapses: 0. GPU memory: 19.3GB/51.2GB (37.6%)
[2026-07-10 04:27:59][INFO] SIM_BRIDGE: NumPy backend (CPU (NumPy backend), 47.7 GB RAM available)
[2026-07-10 04:27:59][INFO] SIM_BRIDGE: Initializing simulation data for model: IZHIKEVICH (3D)... (playback_init: False)
[2026-07-10 04:27:59][INFO] SIM_BRIDGE: RNG initialized with seed: 43
[2026-07-10 04:27:59][INFO] SIM_BRIDGE: Initializing Izhikevich model specifics for 256 neurons...
[2026-07-10 04:27:59][INFO] SIM_BRIDGE: Applying parameter heterogeneity to neuron parameters...
[2026-07-10 04:27:59][INFO] SIM_BRIDGE: Applied heterogeneity to 4 parameters.
[2026-07-10 04:27:59][INFO] SIM_BRIDGE: Initializing OU process state (tau=15.0ms, sigma=0.0pA)...
[2026-07-10 04:27:59][INFO] SIM_BRIDGE: Generating 3D neuron positions for 256 neurons...
[2026-07-10 04:27:59][INFO] SIM_BRIDGE: Generating connections (3D)...
[2026-07-10 04:27:59][INFO] SIM_BRIDGE: Simulation data initialized for 256 neurons (3D). Synapses: 0. GPU memory: 19.3GB/51.2GB (37.6%)
[2026-07-10 04:27:59][INFO] SIM_BRIDGE: NumPy backend (CPU (NumPy backend), 47.7 GB RAM available)
[2026-07-10 04:27:59][INFO] SIM_BRIDGE: Initializing simulation data for model: IZHIKEVICH (3D)... (playback_init: False)
[2026-07-10 04:27:59][INFO] SIM_BRIDGE: RNG initialized with seed: 43
[2026-07-10 04:27:59][INFO] SIM_BRIDGE: Initializing Izhikevich model specifics for 512 neurons...
[2026-07-10 04:27:59][INFO] SIM_BRIDGE: Applying parameter heterogeneity to neuron parameters...
[2026-07-10 04:27:59][INFO] SIM_BRIDGE: Applied heterogeneity to 4 parameters.
[2026-07-10 04:27:59][INFO] SIM_BRIDGE: Initializing OU process state (tau=15.0ms, sigma=0.0pA)...
[2026-07-10 04:27:59][INFO] SIM_BRIDGE: Generating 3D neuron positions for 512 neurons...
[2026-07-10 04:27:59][INFO] SIM_BRIDGE: Generating connections (3D)...
[2026-07-10 04:27:59][INFO] SIM_BRIDGE: Simulation data initialized for 512 neurons (3D). Synapses: 0. GPU memory: 19.3GB/51.2GB (37.6%)
[2026-07-10 04:27:59][INFO] SIM_BRIDGE: NumPy backend (CPU (NumPy backend), 47.7 GB RAM available)
[2026-07-10 04:27:59][INFO] SIM_BRIDGE: Initializing simulation data for model: IZHIKEVICH (3D)... (playback_init: False)
[2026-07-10 04:27:59][INFO] SIM_BRIDGE: RNG initialized with seed: 43
[2026-07-10 04:27:59][INFO] SIM_BRIDGE: Initializing Izhikevich model specifics for 256 neurons...
[2026-07-10 04:27:59][INFO] SIM_BRIDGE: Applying parameter heterogeneity to neuron parameters...
[2026-07-10 04:27:59][INFO] SIM_BRIDGE: Applied heterogeneity to 4 parameters.
[2026-07-10 04:27:59][INFO] SIM_BRIDGE: Initializing OU process state (tau=15.0ms, sigma=0.0pA)...
[2026-07-10 04:27:59][INFO] SIM_BRIDGE: Generating 3D neuron positions for 256 neurons...
[2026-07-10 04:27:59][INFO] SIM_BRIDGE: Generating connections (3D)...
[2026-07-10 04:27:59][INFO] SIM_BRIDGE: Simulation data initialized for 256 neurons (3D). Synapses: 0. GPU memory: 19.3GB/51.2GB (37.7%)
[2026-07-10 04:27:59][INFO] SIM_BRIDGE: NumPy backend (CPU (NumPy backend), 47.7 GB RAM available)
[2026-07-10 04:27:59][INFO] SIM_BRIDGE: Initializing simulation data for model: IZHIKEVICH (3D)... (playback_init: False)
[2026-07-10 04:27:59][INFO] SIM_BRIDGE: RNG initialized with seed: 43
[2026-07-10 04:27:59][INFO] SIM_BRIDGE: Initializing Izhikevich model specifics for 512 neurons...
[2026-07-10 04:27:59][INFO] SIM_BRIDGE: Applying parameter heterogeneity to neuron parameters...
[2026-07-10 04:27:59][INFO] SIM_BRIDGE: Applied heterogeneity to 4 parameters.
[2026-07-10 04:27:59][INFO] SIM_BRIDGE: Initializing OU process state (tau=15.0ms, sigma=0.0pA)...
[2026-07-10 04:27:59][INFO] SIM_BRIDGE: Generating 3D neuron positions for 512 neurons...
[2026-07-10 04:27:59][INFO] SIM_BRIDGE: Generating connections (3D)...
[2026-07-10 04:27:59][INFO] SIM_BRIDGE: Simulation data initialized for 512 neurons (3D). Synapses: 0. GPU memory: 19.3GB/51.2GB (37.7%)
[2026-07-10 04:27:59][INFO] SIM_BRIDGE: NumPy backend (CPU (NumPy backend), 47.7 GB RAM available)
[2026-07-10 04:27:59][INFO] SIM_BRIDGE: Initializing simulation data for model: IZHIKEVICH (3D)... (playback_init: False)
[2026-07-10 04:27:59][INFO] SIM_BRIDGE: RNG initialized with seed: 43
[2026-07-10 04:27:59][INFO] SIM_BRIDGE: Initializing Izhikevich model specifics for 256 neurons...
[2026-07-10 04:27:59][INFO] SIM_BRIDGE: Applying parameter heterogeneity to neuron parameters...
[2026-07-10 04:27:59][INFO] SIM_BRIDGE: Applied heterogeneity to 4 parameters.
[2026-07-10 04:27:59][INFO] SIM_BRIDGE: Initializing OU process state (tau=15.0ms, sigma=0.0pA)...
[2026-07-10 04:27:59][INFO] SIM_BRIDGE: Generating 3D neuron positions for 256 neurons...
[2026-07-10 04:27:59][INFO] SIM_BRIDGE: Generating connections (3D)...
[2026-07-10 04:27:59][INFO] SIM_BRIDGE: Simulation data initialized for 256 neurons (3D). Synapses: 0. GPU memory: 19.3GB/51.2GB (37.7%)
[2026-07-10 04:27:59][INFO] SIM_BRIDGE: NumPy backend (CPU (NumPy backend), 47.7 GB RAM available)
[2026-07-10 04:27:59][INFO] SIM_BRIDGE: Initializing simulation data for model: IZHIKEVICH (3D)... (playback_init: False)
[2026-07-10 04:27:59][INFO] SIM_BRIDGE: RNG initialized with seed: 43
[2026-07-10 04:27:59][INFO] SIM_BRIDGE: Initializing Izhikevich model specifics for 512 neurons...
[2026-07-10 04:27:59][INFO] SIM_BRIDGE: Applying parameter heterogeneity to neuron parameters...
[2026-07-10 04:27:59][INFO] SIM_BRIDGE: Applied heterogeneity to 4 parameters.
[2026-07-10 04:27:59][INFO] SIM_BRIDGE: Initializing OU process state (tau=15.0ms, sigma=0.0pA)...
[2026-07-10 04:27:59][INFO] SIM_BRIDGE: Generating 3D neuron positions for 512 neurons...
[2026-07-10 04:27:59][INFO] SIM_BRIDGE: Generating connections (3D)...
[2026-07-10 04:27:59][INFO] SIM_BRIDGE: Simulation data initialized for 512 neurons (3D). Synapses: 0. GPU memory: 19.3GB/51.2GB (37.7%)
  [seed 43] BEFORE (spiking hold)=0.65 || stateless-slot=0.55 | gate-lesion=0.2 | single-event=0.0 | recency=0.05 | naive=0.05 || NOW=0.6 (n=20)

  AGGREGATE: BEFORE (spiking hold)=0.650 | stateless slot=0.550 | gate-lesion=0.200 | single-event=0.000 | recency=0.050 | naive=0.050 || NOW=0.600
    references: rate gated-copy deployment 0.711 | replay deployment 0.367 | fully-LABELLED register 0.928
  VERDICT: PARTIAL/NEGATIVE -- the spiking deployed register did not clearly beat its controls (read BEFORE vs stateless / gate-lesion / recency). NO sim/ edit.
