[D3 -> CONVERSATION anaphora integration] K=6 [SPIKING focus-tracker + spiking resolution = WHOLE anaphora on spikes] | D3's composed focus drives the biased-competition pronoun resolution (vs the salience baseline)
[2026-07-09 21:24:06][INFO] SIM_BRIDGE: NumPy backend (CPU (NumPy backend), 47.7 GB RAM available)
[2026-07-09 21:24:06][INFO] SIM_BRIDGE: Initializing simulation data for model: IZHIKEVICH (3D)... (playback_init: False)
[2026-07-09 21:24:06][INFO] SIM_BRIDGE: Brain-region framework: 7 regions, 96 total neurons, 12 pathways.
[2026-07-09 21:24:06][INFO] SIM_BRIDGE: RNG initialized with seed: 100
[2026-07-09 21:24:06][INFO] SIM_BRIDGE: Initializing Izhikevich model specifics for 96 neurons...
[2026-07-09 21:24:06][INFO] SIM_BRIDGE: Applying parameter heterogeneity to neuron parameters...
[2026-07-09 21:24:06][INFO] SIM_BRIDGE: Applied heterogeneity to 4 parameters.
[2026-07-09 21:24:06][INFO] SIM_BRIDGE: Initializing OU process state (tau=15.0ms, sigma=0.0pA)...
[2026-07-09 21:24:06][INFO] SIM_BRIDGE: Generating 3D neuron positions for 96 neurons...
[2026-07-09 21:24:06][INFO] SIM_BRIDGE: Generating connections (brain-region framework)...
[2026-07-09 21:24:06][INFO] SIM_BRIDGE: inject_explicit_wiring: installed 2047 synapses across 12 populations.
[2026-07-09 21:24:06][INFO] SIM_BRIDGE: Simulation data initialized for 96 neurons (3D). Synapses: 2047. GPU memory: 20.5GB/51.2GB (40.0%)
[2026-07-09 21:24:06][INFO] SIM_BRIDGE: NumPy backend (CPU (NumPy backend), 47.7 GB RAM available)
[2026-07-09 21:24:06][INFO] SIM_BRIDGE: Initializing simulation data for model: IZHIKEVICH (3D)... (playback_init: False)
[2026-07-09 21:24:06][INFO] SIM_BRIDGE: Brain-region framework: 14 regions, 780 total neurons, 38 pathways.
[2026-07-09 21:24:06][INFO] SIM_BRIDGE: RNG initialized with seed: 100
[2026-07-09 21:24:06][INFO] SIM_BRIDGE: NMDA per-region mask: 8 regions enabled (720 neurons)
[2026-07-09 21:24:06][INFO] SIM_BRIDGE: Initializing Izhikevich model specifics for 780 neurons...
[2026-07-09 21:24:06][INFO] SIM_BRIDGE: Region 'cortex_ctx' (300 neurons): using Izh type IZH2007_HIPPO_PYRAMIDAL
[2026-07-09 21:24:06][INFO] SIM_BRIDGE: Region 'dlpfc_wm' (300 neurons): using Izh type IZH2007_HIPPO_PYRAMIDAL
[2026-07-09 21:24:06][INFO] SIM_BRIDGE: Region 'sel_e0' (20 neurons): using Izh type IZH2007_RS_CORTICAL_PYRAMIDAL
[2026-07-09 21:24:06][INFO] SIM_BRIDGE: Region 'sel_FS_e0' (10 neurons): using Izh type IZH2007_FS_CORTICAL_INTERNEURON
[2026-07-09 21:24:06][INFO] SIM_BRIDGE: Region 'sel_e1' (20 neurons): using Izh type IZH2007_RS_CORTICAL_PYRAMIDAL
[2026-07-09 21:24:06][INFO] SIM_BRIDGE: Region 'sel_FS_e1' (10 neurons): using Izh type IZH2007_FS_CORTICAL_INTERNEURON
[2026-07-09 21:24:06][INFO] SIM_BRIDGE: Region 'sel_e2' (20 neurons): using Izh type IZH2007_RS_CORTICAL_PYRAMIDAL
[2026-07-09 21:24:06][INFO] SIM_BRIDGE: Region 'sel_FS_e2' (10 neurons): using Izh type IZH2007_FS_CORTICAL_INTERNEURON
[2026-07-09 21:24:06][INFO] SIM_BRIDGE: Region 'sel_e3' (20 neurons): using Izh type IZH2007_RS_CORTICAL_PYRAMIDAL
[2026-07-09 21:24:06][INFO] SIM_BRIDGE: Region 'sel_FS_e3' (10 neurons): using Izh type IZH2007_FS_CORTICAL_INTERNEURON
[2026-07-09 21:24:06][INFO] SIM_BRIDGE: Region 'sel_e4' (20 neurons): using Izh type IZH2007_RS_CORTICAL_PYRAMIDAL
[2026-07-09 21:24:06][INFO] SIM_BRIDGE: Region 'sel_FS_e4' (10 neurons): using Izh type IZH2007_FS_CORTICAL_INTERNEURON
[2026-07-09 21:24:06][INFO] SIM_BRIDGE: Region 'sel_e5' (20 neurons): using Izh type IZH2007_RS_CORTICAL_PYRAMIDAL
[2026-07-09 21:24:06][INFO] SIM_BRIDGE: Region 'sel_FS_e5' (10 neurons): using Izh type IZH2007_FS_CORTICAL_INTERNEURON
[2026-07-09 21:24:06][INFO] SIM_BRIDGE: Applying parameter heterogeneity to neuron parameters...
[2026-07-09 21:24:06][INFO] SIM_BRIDGE: Applied heterogeneity to 4 parameters.
[2026-07-09 21:24:06][INFO] SIM_BRIDGE: Generating 3D neuron positions for 780 neurons...
[2026-07-09 21:24:06][INFO] SIM_BRIDGE: Generating connections (brain-region framework)...
[2026-07-09 21:24:06][INFO] SIM_BRIDGE: inject_explicit_wiring: installed 17213 synapses across 44 populations.
[2026-07-09 21:24:06][INFO] SIM_BRIDGE: Initializing eligibility traces for 17213 synapses (capacity: 25819, dtype: float32)...
[2026-07-09 21:24:06][INFO] SIM_BRIDGE: Initializing STDP state for 780 neurons...
[2026-07-09 21:24:06][INFO] SIM_BRIDGE: Simulation data initialized for 780 neurons (3D). Synapses: 17213. GPU memory: 20.6GB/51.2GB (40.2%)
E:\Documents\Projects\sim\sim\kernels.py:247: RuntimeWarning: overflow encountered in exp
  mg_block = 1.0 / (1.0 + (mg_conc / 3.57) * cp.exp(-0.062 * v))
  [seed 100] focus-shifted discourses=12 | D3-focus resolution=0.25 vs SALIENCE(most-recent)=0.167 | bias-follows=0.25 | moat-abstain=0.0

  AGGREGATE (K=6): D3-focus resolution=0.250 | SALIENCE(most-recent) baseline=0.167 | (D3-salience gap=0.083) | bias-follows=0.250 | moat-abstain(reported)=0.000
  VERDICT: PARTIAL/NEGATIVE -- the integration did not clearly beat salience (read D3-salience gap + bias-follows). NO sim/ edit.
