[D3 -> LIVE MultiTurnAgent] the deployed agent resolves a pronoun via D3's composed Centering-Cb over the SVO facts it hears (vs recency)
[2026-07-09 21:49:24][INFO] SIM_BRIDGE: NumPy backend (CPU (NumPy backend), 47.7 GB RAM available)
[2026-07-09 21:49:24][INFO] SIM_BRIDGE: Initializing simulation data for model: IZHIKEVICH (3D)... (playback_init: False)
[2026-07-09 21:49:24][INFO] SIM_BRIDGE: RNG initialized with seed: 100
[2026-07-09 21:49:24][INFO] SIM_BRIDGE: Initializing Izhikevich model specifics for 126 neurons...
[2026-07-09 21:49:24][INFO] SIM_BRIDGE: Applying parameter heterogeneity to neuron parameters...
[2026-07-09 21:49:24][INFO] SIM_BRIDGE: Applied heterogeneity to 4 parameters.
[2026-07-09 21:49:24][INFO] SIM_BRIDGE: Initializing OU process state (tau=15.0ms, sigma=20.0pA)...
[2026-07-09 21:49:24][INFO] SIM_BRIDGE: Generating 3D neuron positions for 126 neurons...
[2026-07-09 21:49:24][INFO] SIM_BRIDGE: Generating connections (3D)...
[2026-07-09 21:49:24][INFO] SIM_BRIDGE: Simulation data initialized for 126 neurons (3D). Synapses: 0. GPU memory: 20.4GB/51.2GB (39.8%)
[2026-07-09 21:49:24][INFO] SIM_BRIDGE: inject_explicit_wiring: installed 720 synapses across 1 populations.
[2026-07-09 21:49:27][INFO] SIM_BRIDGE: NumPy backend (CPU (NumPy backend), 47.7 GB RAM available)
[2026-07-09 21:49:27][INFO] SIM_BRIDGE: Initializing simulation data for model: IZHIKEVICH (3D)... (playback_init: False)
[2026-07-09 21:49:27][INFO] SIM_BRIDGE: RNG initialized with seed: 100
[2026-07-09 21:49:27][INFO] SIM_BRIDGE: Initializing Izhikevich model specifics for 224 neurons...
[2026-07-09 21:49:27][INFO] SIM_BRIDGE: Applying parameter heterogeneity to neuron parameters...
[2026-07-09 21:49:27][INFO] SIM_BRIDGE: Applied heterogeneity to 4 parameters.
[2026-07-09 21:49:27][INFO] SIM_BRIDGE: Initializing OU process state (tau=15.0ms, sigma=20.0pA)...
[2026-07-09 21:49:27][INFO] SIM_BRIDGE: Generating 3D neuron positions for 224 neurons...
[2026-07-09 21:49:27][INFO] SIM_BRIDGE: Generating connections (3D)...
[2026-07-09 21:49:27][INFO] SIM_BRIDGE: Simulation data initialized for 224 neurons (3D). Synapses: 0. GPU memory: 20.4GB/51.2GB (39.8%)
[2026-07-09 21:49:27][INFO] SIM_BRIDGE: inject_explicit_wiring: installed 4800 synapses across 1 populations.
[2026-07-09 21:49:32][INFO] SIM_BRIDGE: NumPy backend (CPU (NumPy backend), 47.7 GB RAM available)
[2026-07-09 21:49:32][INFO] SIM_BRIDGE: Initializing simulation data for model: IZHIKEVICH (3D)... (playback_init: False)
[2026-07-09 21:49:32][INFO] SIM_BRIDGE: Brain-region framework: 2 regions, 1200 total neurons, 2 pathways.
[2026-07-09 21:49:32][INFO] SIM_BRIDGE: RNG initialized with seed: 100
[2026-07-09 21:49:32][INFO] SIM_BRIDGE: NMDA per-region mask: 2 regions enabled (1200 neurons)
[2026-07-09 21:49:32][INFO] SIM_BRIDGE: Initializing Izhikevich model specifics for 1200 neurons...
[2026-07-09 21:49:32][INFO] SIM_BRIDGE: Region 'cortex_ctx' (600 neurons): using Izh type IZH2007_HIPPO_PYRAMIDAL
[2026-07-09 21:49:32][INFO] SIM_BRIDGE: Region 'dlpfc_wm' (600 neurons): using Izh type IZH2007_HIPPO_PYRAMIDAL
[2026-07-09 21:49:32][INFO] SIM_BRIDGE: Applying parameter heterogeneity to neuron parameters...
[2026-07-09 21:49:32][INFO] SIM_BRIDGE: Applied heterogeneity to 4 parameters.
[2026-07-09 21:49:32][INFO] SIM_BRIDGE: Generating 3D neuron positions for 1200 neurons...
[2026-07-09 21:49:32][INFO] SIM_BRIDGE: Generating connections (brain-region framework)...
[2026-07-09 21:49:32][INFO] SIM_BRIDGE: inject_explicit_wiring: installed 107830 synapses across 4 populations.
[2026-07-09 21:49:32][INFO] SIM_BRIDGE: Initializing eligibility traces for 107830 synapses (capacity: 161745, dtype: float32)...
[2026-07-09 21:49:32][INFO] SIM_BRIDGE: Initializing STDP state for 1200 neurons...
[2026-07-09 21:49:32][INFO] SIM_BRIDGE: Simulation data initialized for 1200 neurons (3D). Synapses: 107830. GPU memory: 20.4GB/51.2GB (39.9%)
[2026-07-09 21:49:33][INFO] SIM_BRIDGE: NumPy backend (CPU (NumPy backend), 47.7 GB RAM available)
[2026-07-09 21:49:33][INFO] SIM_BRIDGE: Initializing simulation data for model: IZHIKEVICH (3D)... (playback_init: False)
[2026-07-09 21:49:33][INFO] SIM_BRIDGE: Brain-region framework: 14 regions, 1380 total neurons, 38 pathways.
[2026-07-09 21:49:33][INFO] SIM_BRIDGE: RNG initialized with seed: 100
[2026-07-09 21:49:33][INFO] SIM_BRIDGE: NMDA per-region mask: 8 regions enabled (1320 neurons)
[2026-07-09 21:49:33][INFO] SIM_BRIDGE: Initializing Izhikevich model specifics for 1380 neurons...
[2026-07-09 21:49:33][INFO] SIM_BRIDGE: Region 'cortex_ctx' (600 neurons): using Izh type IZH2007_HIPPO_PYRAMIDAL
[2026-07-09 21:49:33][INFO] SIM_BRIDGE: Region 'dlpfc_wm' (600 neurons): using Izh type IZH2007_HIPPO_PYRAMIDAL
[2026-07-09 21:49:33][INFO] SIM_BRIDGE: Region 'sel_dog' (20 neurons): using Izh type IZH2007_RS_CORTICAL_PYRAMIDAL
[2026-07-09 21:49:33][INFO] SIM_BRIDGE: Region 'sel_FS_dog' (10 neurons): using Izh type IZH2007_FS_CORTICAL_INTERNEURON
[2026-07-09 21:49:33][INFO] SIM_BRIDGE: Region 'sel_cat' (20 neurons): using Izh type IZH2007_RS_CORTICAL_PYRAMIDAL
[2026-07-09 21:49:33][INFO] SIM_BRIDGE: Region 'sel_FS_cat' (10 neurons): using Izh type IZH2007_FS_CORTICAL_INTERNEURON
[2026-07-09 21:49:33][INFO] SIM_BRIDGE: Region 'sel_fish' (20 neurons): using Izh type IZH2007_RS_CORTICAL_PYRAMIDAL
[2026-07-09 21:49:33][INFO] SIM_BRIDGE: Region 'sel_FS_fish' (10 neurons): using Izh type IZH2007_FS_CORTICAL_INTERNEURON
[2026-07-09 21:49:33][INFO] SIM_BRIDGE: Region 'sel_bird' (20 neurons): using Izh type IZH2007_RS_CORTICAL_PYRAMIDAL
[2026-07-09 21:49:33][INFO] SIM_BRIDGE: Region 'sel_FS_bird' (10 neurons): using Izh type IZH2007_FS_CORTICAL_INTERNEURON
[2026-07-09 21:49:33][INFO] SIM_BRIDGE: Region 'sel_worm' (20 neurons): using Izh type IZH2007_RS_CORTICAL_PYRAMIDAL
[2026-07-09 21:49:33][INFO] SIM_BRIDGE: Region 'sel_FS_worm' (10 neurons): using Izh type IZH2007_FS_CORTICAL_INTERNEURON
[2026-07-09 21:49:33][INFO] SIM_BRIDGE: Region 'sel_ball' (20 neurons): using Izh type IZH2007_RS_CORTICAL_PYRAMIDAL
[2026-07-09 21:49:33][INFO] SIM_BRIDGE: Region 'sel_FS_ball' (10 neurons): using Izh type IZH2007_FS_CORTICAL_INTERNEURON
[2026-07-09 21:49:33][INFO] SIM_BRIDGE: Applying parameter heterogeneity to neuron parameters...
[2026-07-09 21:49:33][INFO] SIM_BRIDGE: Applied heterogeneity to 4 parameters.
[2026-07-09 21:49:33][INFO] SIM_BRIDGE: Generating 3D neuron positions for 1380 neurons...
[2026-07-09 21:49:33][INFO] SIM_BRIDGE: Generating connections (brain-region framework)...
[2026-07-09 21:49:33][INFO] SIM_BRIDGE: inject_explicit_wiring: installed 44124 synapses across 44 populations.
[2026-07-09 21:49:33][INFO] SIM_BRIDGE: Initializing eligibility traces for 44124 synapses (capacity: 66186, dtype: float32)...
[2026-07-09 21:49:33][INFO] SIM_BRIDGE: Initializing STDP state for 1380 neurons...
[2026-07-09 21:49:33][INFO] SIM_BRIDGE: Simulation data initialized for 1380 neurons (3D). Synapses: 44124. GPU memory: 20.5GB/51.2GB (40.0%)
[2026-07-09 21:49:33][INFO] SIM_BRIDGE: NumPy backend (CPU (NumPy backend), 47.7 GB RAM available)
[2026-07-09 21:49:33][INFO] SIM_BRIDGE: Initializing simulation data for model: IZHIKEVICH (3D)... (playback_init: False)
[2026-07-09 21:49:33][INFO] SIM_BRIDGE: RNG initialized with seed: 100
[2026-07-09 21:49:33][INFO] SIM_BRIDGE: Initializing Izhikevich model specifics for 256 neurons...
[2026-07-09 21:49:33][INFO] SIM_BRIDGE: Applying parameter heterogeneity to neuron parameters...
[2026-07-09 21:49:33][INFO] SIM_BRIDGE: Applied heterogeneity to 4 parameters.
[2026-07-09 21:49:33][INFO] SIM_BRIDGE: Initializing OU process state (tau=15.0ms, sigma=0.0pA)...
[2026-07-09 21:49:33][INFO] SIM_BRIDGE: Generating 3D neuron positions for 256 neurons...
[2026-07-09 21:49:33][INFO] SIM_BRIDGE: Generating connections (3D)...
[2026-07-09 21:49:33][INFO] SIM_BRIDGE: Simulation data initialized for 256 neurons (3D). Synapses: 0. GPU memory: 20.5GB/51.2GB (39.9%)
[2026-07-09 21:49:33][INFO] SIM_BRIDGE: NumPy backend (CPU (NumPy backend), 47.7 GB RAM available)
[2026-07-09 21:49:33][INFO] SIM_BRIDGE: Initializing simulation data for model: IZHIKEVICH (3D)... (playback_init: False)
[2026-07-09 21:49:33][INFO] SIM_BRIDGE: RNG initialized with seed: 100
[2026-07-09 21:49:33][INFO] SIM_BRIDGE: Initializing Izhikevich model specifics for 512 neurons...
[2026-07-09 21:49:33][INFO] SIM_BRIDGE: Applying parameter heterogeneity to neuron parameters...
[2026-07-09 21:49:33][INFO] SIM_BRIDGE: Applied heterogeneity to 4 parameters.
[2026-07-09 21:49:33][INFO] SIM_BRIDGE: Initializing OU process state (tau=15.0ms, sigma=0.0pA)...
[2026-07-09 21:49:33][INFO] SIM_BRIDGE: Generating 3D neuron positions for 512 neurons...
[2026-07-09 21:49:33][INFO] SIM_BRIDGE: Generating connections (3D)...
[2026-07-09 21:49:33][INFO] SIM_BRIDGE: Simulation data initialized for 512 neurons (3D). Synapses: 0. GPU memory: 20.5GB/51.2GB (40.0%)
  [seed 100] LIVE-agent D3-Cb resolution=0.667 vs RECENCY=0.0 | resolves-when-held=1

  AGGREGATE: LIVE-agent D3-Cb resolution=0.667 | RECENCY baseline=0.000
  VERDICT: PARTIAL/NEGATIVE -- the live-agent wire did not clearly GO (read D3 vs recency + resolves-when-held; the buffer competition is ~5/6 seed-variable). NO sim/ edit.
