[D3 weak-learned -> SPIKING] S3 | delta LEARNED from end-state-only supervision, EXECUTED on the spiking FS-WTA re-discretization
[2026-07-09 19:18:21][INFO] SIM_BRIDGE: NumPy backend (CPU (NumPy backend), 47.7 GB RAM available)
[2026-07-09 19:18:21][INFO] SIM_BRIDGE: Initializing simulation data for model: IZHIKEVICH (3D)... (playback_init: False)
[2026-07-09 19:18:21][INFO] SIM_BRIDGE: Brain-region framework: 7 regions, 96 total neurons, 12 pathways.
[2026-07-09 19:18:21][INFO] SIM_BRIDGE: RNG initialized with seed: 44
[2026-07-09 19:18:21][INFO] SIM_BRIDGE: Initializing Izhikevich model specifics for 96 neurons...
[2026-07-09 19:18:21][INFO] SIM_BRIDGE: Applying parameter heterogeneity to neuron parameters...
[2026-07-09 19:18:21][INFO] SIM_BRIDGE: Applied heterogeneity to 4 parameters.
[2026-07-09 19:18:21][INFO] SIM_BRIDGE: Initializing OU process state (tau=15.0ms, sigma=0.0pA)...
[2026-07-09 19:18:21][INFO] SIM_BRIDGE: Generating 3D neuron positions for 96 neurons...
[2026-07-09 19:18:21][INFO] SIM_BRIDGE: Generating connections (brain-region framework)...
[2026-07-09 19:18:21][INFO] SIM_BRIDGE: inject_explicit_wiring: installed 2060 synapses across 12 populations.
[2026-07-09 19:18:21][INFO] SIM_BRIDGE: Simulation data initialized for 96 neurons (3D). Synapses: 2060. GPU memory: 20.5GB/51.2GB (40.0%)
[2026-07-09 19:18:22][INFO] SIM_BRIDGE: NumPy backend (CPU (NumPy backend), 47.7 GB RAM available)
[2026-07-09 19:18:22][INFO] SIM_BRIDGE: Initializing simulation data for model: IZHIKEVICH (3D)... (playback_init: False)
[2026-07-09 19:18:22][INFO] SIM_BRIDGE: Brain-region framework: 7 regions, 96 total neurons, 12 pathways.
[2026-07-09 19:18:22][INFO] SIM_BRIDGE: RNG initialized with seed: 44
[2026-07-09 19:18:22][INFO] SIM_BRIDGE: Initializing Izhikevich model specifics for 96 neurons...
[2026-07-09 19:18:22][INFO] SIM_BRIDGE: Applying parameter heterogeneity to neuron parameters...
[2026-07-09 19:18:22][INFO] SIM_BRIDGE: Applied heterogeneity to 4 parameters.
[2026-07-09 19:18:22][INFO] SIM_BRIDGE: Initializing OU process state (tau=15.0ms, sigma=0.0pA)...
[2026-07-09 19:18:22][INFO] SIM_BRIDGE: Generating 3D neuron positions for 96 neurons...
[2026-07-09 19:18:22][INFO] SIM_BRIDGE: Generating connections (brain-region framework)...
[2026-07-09 19:18:22][INFO] SIM_BRIDGE: inject_explicit_wiring: installed 2060 synapses across 12 populations.
[2026-07-09 19:18:22][INFO] SIM_BRIDGE: Simulation data initialized for 96 neurons (3D). Synapses: 2060. GPU memory: 20.5GB/51.2GB (40.0%)
  [seed 44] weak-learn rate deeper (track=1.0) || SPIKING deeper-track=1.0 (host-agree=1.0) || SHUFFLE-learned SPIKING=0.325

  AGGREGATE (S3): weakly-learned-delta SPIKING deeper-track=1.000 (host-agree 1.000) | SHUFFLE-learned SPIKING=0.325 (chance=0.167)
  VERDICT: GO -- the transition delta LEARNED from END-STATE-only supervision (no per-step teaching) EXECUTES on the spiking FS-WTA re-discretization and length-generalizes to held-out-DEEPER (1.00, faithful == host argmax) >> the shuffle-learned floor (0.33) -> the whole story is on the substrate: delta LEARNED from weak supervision + delta EXECUTED on spikes. NO sim/ edit.
