[D2 Phase 2 dendritic cortex] seeds=[42] smoke=False real_corpus=False backend=numpy

============================================================================================
  D2 PHASE 2 -- DENDRITIC CORTEX FORWARD CODES (seed 42)
============================================================================================
  64 concepts x 296 hubs; host PPMI ceiling=+0.957; n_readout=1000 drive_scale=3.0
[2026-06-14 19:57:15][INFO] SIM_BRIDGE: NumPy backend (CPU (NumPy backend), 47.7 GB RAM available)
[2026-06-14 19:57:15][INFO] SIM_BRIDGE: Initializing simulation data for model: IZHIKEVICH (3D)... (playback_init: False)
[2026-06-14 19:57:15][INFO] SIM_BRIDGE: Brain-region framework: 2 regions, 1296 total neurons, 1 pathways.
[2026-06-14 19:57:15][INFO] SIM_BRIDGE: RNG initialized with seed: 42
[2026-06-14 19:57:15][INFO] SIM_BRIDGE: Initializing Izhikevich model specifics for 1296 neurons...
[2026-06-14 19:57:16][INFO] SIM_BRIDGE: Applying parameter heterogeneity to neuron parameters...
[2026-06-14 19:57:16][INFO] SIM_BRIDGE: Applied heterogeneity to 4 parameters.
[2026-06-14 19:57:16][INFO] SIM_BRIDGE: Generating 3D neuron positions for 1296 neurons...
[2026-06-14 19:57:16][INFO] SIM_BRIDGE: Generating connections (brain-region framework)...
[2026-06-14 19:57:16][WARNING] SIM_BRIDGE: No trait info available; all synapses default to E->E STP type.
[2026-06-14 19:57:16][INFO] SIM_BRIDGE: inject_explicit_wiring: installed 29615 synapses across 1 populations.
[2026-06-14 19:57:16][INFO] SIM_BRIDGE: Initializing STP state for 29615 synapses (capacity: 44422)...
[2026-06-14 19:57:16][INFO] SIM_BRIDGE: Initializing eligibility traces for 29615 synapses (capacity: 44422, dtype: float32)...
[2026-06-14 19:57:16][WARNING] SIM_BRIDGE: No trait info available; all synapses default to E->E STP type.
[2026-06-14 19:57:16][INFO] SIM_BRIDGE: Initializing STDP state for 1296 neurons...
[2026-06-14 19:57:16][INFO] SIM_BRIDGE: Initializing structural plasticity state...
[2026-06-14 19:57:16][INFO] SIM_BRIDGE: Simulation data initialized for 1296 neurons (3D). Synapses: 29615. GPU memory: 24.4GB/51.2GB (47.6%)
[2026-06-14 19:59:34][INFO] SIM_BRIDGE: NumPy backend (CPU (NumPy backend), 47.7 GB RAM available)
[2026-06-14 19:59:34][INFO] SIM_BRIDGE: Initializing simulation data for model: IZHIKEVICH (3D)... (playback_init: False)
[2026-06-14 19:59:34][INFO] SIM_BRIDGE: Brain-region framework: 2 regions, 1296 total neurons, 1 pathways.
[2026-06-14 19:59:34][INFO] SIM_BRIDGE: RNG initialized with seed: 42
[2026-06-14 19:59:34][INFO] SIM_BRIDGE: Initializing Izhikevich model specifics for 1296 neurons...
[2026-06-14 19:59:34][INFO] SIM_BRIDGE: Applying parameter heterogeneity to neuron parameters...
[2026-06-14 19:59:34][INFO] SIM_BRIDGE: Applied heterogeneity to 4 parameters.
[2026-06-14 19:59:34][INFO] SIM_BRIDGE: Generating 3D neuron positions for 1296 neurons...
[2026-06-14 19:59:34][INFO] SIM_BRIDGE: Generating connections (brain-region framework)...
[2026-06-14 19:59:34][WARNING] SIM_BRIDGE: No trait info available; all synapses default to E->E STP type.
[2026-06-14 19:59:34][INFO] SIM_BRIDGE: inject_explicit_wiring: installed 29615 synapses across 1 populations.
[2026-06-14 19:59:34][INFO] SIM_BRIDGE: Initializing STP state for 29615 synapses (capacity: 44422)...
[2026-06-14 19:59:34][INFO] SIM_BRIDGE: Initializing eligibility traces for 29615 synapses (capacity: 44422, dtype: float32)...
[2026-06-14 19:59:34][WARNING] SIM_BRIDGE: No trait info available; all synapses default to E->E STP type.
[2026-06-14 19:59:34][INFO] SIM_BRIDGE: Initializing STDP state for 1296 neurons...
[2026-06-14 19:59:34][INFO] SIM_BRIDGE: Initializing structural plasticity state...
[2026-06-14 19:59:34][INFO] SIM_BRIDGE: Simulation data initialized for 1296 neurons (3D). Synapses: 29615. GPU memory: 24.1GB/51.2GB (47.0%)
  [DENDRITIC gain ON]  Pearson=+0.042  gen=0.328 (chance 0.125)  eff-rank=29.3  silent=0.00  (277.5s)
  [POINT-NEURON OFF]   Pearson=+0.167  gen=0.422
[2026-06-14 20:01:52][INFO] SIM_BRIDGE: NumPy backend (CPU (NumPy backend), 47.7 GB RAM available)
[2026-06-14 20:01:52][INFO] SIM_BRIDGE: Initializing simulation data for model: IZHIKEVICH (3D)... (playback_init: False)
[2026-06-14 20:01:52][INFO] SIM_BRIDGE: Brain-region framework: 2 regions, 1296 total neurons, 1 pathways.
[2026-06-14 20:01:52][INFO] SIM_BRIDGE: RNG initialized with seed: 42
[2026-06-14 20:01:52][INFO] SIM_BRIDGE: Initializing Izhikevich model specifics for 1296 neurons...
[2026-06-14 20:01:52][INFO] SIM_BRIDGE: Applying parameter heterogeneity to neuron parameters...
[2026-06-14 20:01:52][INFO] SIM_BRIDGE: Applied heterogeneity to 4 parameters.
[2026-06-14 20:01:52][INFO] SIM_BRIDGE: Generating 3D neuron positions for 1296 neurons...
[2026-06-14 20:01:52][INFO] SIM_BRIDGE: Generating connections (brain-region framework)...
[2026-06-14 20:01:52][WARNING] SIM_BRIDGE: No trait info available; all synapses default to E->E STP type.
[2026-06-14 20:01:52][INFO] SIM_BRIDGE: inject_explicit_wiring: installed 29615 synapses across 1 populations.
[2026-06-14 20:01:52][INFO] SIM_BRIDGE: Initializing STP state for 29615 synapses (capacity: 44422)...
[2026-06-14 20:01:52][INFO] SIM_BRIDGE: Initializing eligibility traces for 29615 synapses (capacity: 44422, dtype: float32)...
[2026-06-14 20:01:52][WARNING] SIM_BRIDGE: No trait info available; all synapses default to E->E STP type.
[2026-06-14 20:01:52][INFO] SIM_BRIDGE: Initializing STDP state for 1296 neurons...
[2026-06-14 20:01:52][INFO] SIM_BRIDGE: Initializing structural plasticity state...
[2026-06-14 20:01:52][INFO] SIM_BRIDGE: Simulation data initialized for 1296 neurons (3D). Synapses: 29615. GPU memory: 24.3GB/51.2GB (47.5%)
  [anti-cheat] permuted-S Pearson=-0.004 (~0)  lesion(sigma=1e6) Pearson=+0.167 (-> ~point-neuron +0.167)
  [seed 42 gates] {'structure_contrast': False, 'point_neuron_fails': False, 'host_ceiling_carries': True, 'permuted_collapses': True, 'lesion_collapses': False, 'not_collapsed': True}

============================================================================================
  D2 PHASE 2 VERDICT: NEGATIVE
  the on-bridge gain does not beat the point neuron (dendritic +0.042 vs +0.167) -> the forward-pass realization needs work (drive/EMA/projection); a decision-relevant Phase-2 finding.
  ladder: DENDRITIC +0.042  vs  POINT-NEURON +0.167
  Total elapsed: 409.0s
============================================================================================

  [saved] research/findings/raw/_dendritic_cortex_baseline_cleanreadout.json
