========================================================================
[grid-onbridge DELTA] seed=43 arm=grid grid_on=True scramble=False (graded center=1.5 slope=1.0 strength=80.0 readout_only=True) n_grid=198
========================================================================
[g11] WARN: --spiking-reward-us WITHOUT --perceived-approach-reward -> the US rides on the COORD-based reward (not coord-free). Add --perceived-approach-reward for the fully-biologized (coord-free) reward chain.
[2026-06-21 10:51:41][INFO] SIM_BRIDGE: CuPy using GPU: NVIDIA GeForce RTX 3090 (24.0 GB), mempool limit: 80%
[2026-06-21 10:51:41][INFO] SIM_BRIDGE: Initializing simulation data for model: IZHIKEVICH (3D)... (playback_init: False)
[2026-06-21 10:51:41][INFO] SIM_BRIDGE: Brain-region framework: 43 regions, 1280 total neurons, 59 pathways.
[2026-06-21 10:51:41][INFO] SIM_BRIDGE: RNG initialized with seed: 43
[2026-06-21 10:51:41][INFO] SIM_BRIDGE: NMDA per-region mask: 1 regions enabled (80 neurons)
[2026-06-21 10:51:41][INFO] SIM_BRIDGE: Homeostasis per-region mask: 1 regions enabled (80 neurons)
[2026-06-21 10:51:41][INFO] SIM_BRIDGE: Initializing Izhikevich model specifics for 1280 neurons...
[2026-06-21 10:51:41][INFO] SIM_BRIDGE: Region 'cortex_N' (25 neurons): using Izh type IZH2007_RS_CORTICAL_PYRAMIDAL
[2026-06-21 10:51:41][INFO] SIM_BRIDGE: Region 'cortex_E' (25 neurons): using Izh type IZH2007_RS_CORTICAL_PYRAMIDAL
[2026-06-21 10:51:41][INFO] SIM_BRIDGE: Region 'cortex_S' (25 neurons): using Izh type IZH2007_RS_CORTICAL_PYRAMIDAL
[2026-06-21 10:51:41][INFO] SIM_BRIDGE: Region 'cortex_W' (25 neurons): using Izh type IZH2007_RS_CORTICAL_PYRAMIDAL
[2026-06-21 10:51:41][INFO] SIM_BRIDGE: Region 'str_D1_N' (50 neurons): using Izh type IZH2007_STRIATAL_MSN_D1
[2026-06-21 10:51:41][INFO] SIM_BRIDGE: Region 'str_D2_N' (50 neurons): using Izh type IZH2007_STRIATAL_MSN_D2
[2026-06-21 10:51:41][INFO] SIM_BRIDGE: Region 'str_D1_E' (50 neurons): using Izh type IZH2007_STRIATAL_MSN_D1
[2026-06-21 10:51:41][INFO] SIM_BRIDGE: Region 'str_D2_E' (50 neurons): using Izh type IZH2007_STRIATAL_MSN_D2
[2026-06-21 10:51:41][INFO] SIM_BRIDGE: Region 'str_D1_S' (50 neurons): using Izh type IZH2007_STRIATAL_MSN_D1
[2026-06-21 10:51:41][INFO] SIM_BRIDGE: Region 'str_D2_S' (50 neurons): using Izh type IZH2007_STRIATAL_MSN_D2
[2026-06-21 10:51:41][INFO] SIM_BRIDGE: Region 'str_D1_W' (50 neurons): using Izh type IZH2007_STRIATAL_MSN_D1
[2026-06-21 10:51:41][INFO] SIM_BRIDGE: Region 'str_D2_W' (50 neurons): using Izh type IZH2007_STRIATAL_MSN_D2
[2026-06-21 10:51:41][INFO] SIM_BRIDGE: Region 'gpe_N' (10 neurons): using Izh type IZH2007_GPE_PACEMAKER
[2026-06-21 10:51:41][INFO] SIM_BRIDGE: Region 'gpe_arky_N' (4 neurons): using Izh type IZH2007_GPE_PACEMAKER
[2026-06-21 10:51:41][INFO] SIM_BRIDGE: Region 'gpi_N' (10 neurons): using Izh type IZH2007_GPI_OUTPUT
[2026-06-21 10:51:41][INFO] SIM_BRIDGE: Region 'str_striosome_N' (8 neurons): using Izh type IZH2007_STRIATAL_MSN_D1
[2026-06-21 10:51:41][INFO] SIM_BRIDGE: Region 'gpe_E' (10 neurons): using Izh type IZH2007_GPE_PACEMAKER
[2026-06-21 10:51:41][INFO] SIM_BRIDGE: Region 'gpe_arky_E' (4 neurons): using Izh type IZH2007_GPE_PACEMAKER
[2026-06-21 10:51:41][INFO] SIM_BRIDGE: Region 'gpi_E' (10 neurons): using Izh type IZH2007_GPI_OUTPUT
[2026-06-21 10:51:41][INFO] SIM_BRIDGE: Region 'str_striosome_E' (8 neurons): using Izh type IZH2007_STRIATAL_MSN_D1
[2026-06-21 10:51:41][INFO] SIM_BRIDGE: Region 'gpe_S' (10 neurons): using Izh type IZH2007_GPE_PACEMAKER
[2026-06-21 10:51:41][INFO] SIM_BRIDGE: Region 'gpe_arky_S' (4 neurons): using Izh type IZH2007_GPE_PACEMAKER
[2026-06-21 10:51:41][INFO] SIM_BRIDGE: Region 'gpi_S' (10 neurons): using Izh type IZH2007_GPI_OUTPUT
[2026-06-21 10:51:41][INFO] SIM_BRIDGE: Region 'str_striosome_S' (8 neurons): using Izh type IZH2007_STRIATAL_MSN_D1
[2026-06-21 10:51:41][INFO] SIM_BRIDGE: Region 'gpe_W' (10 neurons): using Izh type IZH2007_GPE_PACEMAKER
[2026-06-21 10:51:41][INFO] SIM_BRIDGE: Region 'gpe_arky_W' (4 neurons): using Izh type IZH2007_GPE_PACEMAKER
[2026-06-21 10:51:41][INFO] SIM_BRIDGE: Region 'gpi_W' (10 neurons): using Izh type IZH2007_GPI_OUTPUT
[2026-06-21 10:51:41][INFO] SIM_BRIDGE: Region 'str_striosome_W' (8 neurons): using Izh type IZH2007_STRIATAL_MSN_D1
[2026-06-21 10:51:41][INFO] SIM_BRIDGE: Region 'stn' (20 neurons): using Izh type IZH2007_STN_BURST
[2026-06-21 10:51:41][INFO] SIM_BRIDGE: Region 'thal_N' (10 neurons): using Izh type IZH2007_THALAMIC_RELAY
[2026-06-21 10:51:41][INFO] SIM_BRIDGE: Region 'motor_N' (10 neurons): using Izh type IZH2007_RS_CORTICAL_PYRAMIDAL
[2026-06-21 10:51:41][INFO] SIM_BRIDGE: Region 'thal_E' (10 neurons): using Izh type IZH2007_THALAMIC_RELAY
[2026-06-21 10:51:41][INFO] SIM_BRIDGE: Region 'motor_E' (10 neurons): using Izh type IZH2007_RS_CORTICAL_PYRAMIDAL
[2026-06-21 10:51:41][INFO] SIM_BRIDGE: Region 'thal_S' (10 neurons): using Izh type IZH2007_THALAMIC_RELAY
[2026-06-21 10:51:41][INFO] SIM_BRIDGE: Region 'motor_S' (10 neurons): using Izh type IZH2007_RS_CORTICAL_PYRAMIDAL
[2026-06-21 10:51:41][INFO] SIM_BRIDGE: Region 'thal_W' (10 neurons): using Izh type IZH2007_THALAMIC_RELAY
[2026-06-21 10:51:41][INFO] SIM_BRIDGE: Region 'motor_W' (10 neurons): using Izh type IZH2007_RS_CORTICAL_PYRAMIDAL
[2026-06-21 10:51:41][INFO] SIM_BRIDGE: Region 'snc' (10 neurons): using Izh type IZH2007_DOPAMINE
[2026-06-21 10:51:41][INFO] SIM_BRIDGE: Region 'reward_us' (40 neurons): using Izh type IZH2007_RS_CORTICAL_PYRAMIDAL
[2026-06-21 10:51:41][INFO] SIM_BRIDGE: Region 'place_sensors' (198 neurons): using Izh type IZH2007_RS_CORTICAL_PYRAMIDAL
[2026-06-21 10:51:41][INFO] SIM_BRIDGE: Region 'place' (200 neurons): using Izh type IZH2007_HIPPO_PYRAMIDAL
[2026-06-21 10:51:41][INFO] SIM_BRIDGE: Region 'place_fs' (24 neurons): using Izh type IZH2007_FS_CORTICAL_INTERNEURON
[2026-06-21 10:51:41][INFO] SIM_BRIDGE: Region 'striosome_value' (80 neurons): using Izh type IZH2007_STRIATAL_MSN_D1
[2026-06-21 10:51:41][INFO] SIM_BRIDGE: Generating 3D neuron positions for 1280 neurons...
[2026-06-21 10:51:41][INFO] SIM_BRIDGE: Generating connections (brain-region framework)...
[2026-06-21 10:51:41][INFO] SIM_BRIDGE: inject_explicit_wiring: installed 40875 synapses across 59 populations.
[2026-06-21 10:51:41][INFO] SIM_BRIDGE: Initializing eligibility traces for 40875 synapses (capacity: 61312, dtype: float32)...
[2026-06-21 10:51:41][INFO] SIM_BRIDGE: Initializing STDP state for 1280 neurons...
[2026-06-21 10:51:41][INFO] SIM_BRIDGE: Simulation data initialized for 1280 neurons (3D). Synapses: 40875. GPU memory: 1.3GB/25.8GB (5.1%)
[g11 seed=43] Spiking-SNc Stage B: NEURAL value critic ON (striosome_value n=80, place->value w0=0.20018084347248077); r-V subtracted via GABA_B/GIRK (E_K=-90mV, prop=0.02); critic->SNc gate = OPEN (continuous, Stage 1). Host _V_scaffold DROPPED.
[g11 seed=43] BG circuit: 43 regions, 1280 neurons, 40875 synapses
[g11 seed=43] N9 STEP-1 place self-org done (21s): diff-loc cos=0.098773 sparsity=0.120000 (place fields FROZEN; DETERMINISTIC)
[g11 seed=43] N9 STEP-2 value-training done (219s): 40 pair-then-reward trials x 4 goal(s); w_near 0.201->0.570 w_far 0.205->0.529 (near/far 1.08); V(near) 22.58928571428571->2.4999999999999996Hz (place fields FROZEN; V FROZEN)
========================================================================
[g11 seed=43] N9 STAGE-B SMOKE (value-learning @ nav scale):
  near=(6, 6) far=(1.0, 1.0) (near_set=37 far_set=2 place cells)
  [LEARNS-V]  w_near=0.570 w_far=0.529 (near/far 1.08; >=1.5x => False)
  [CRITIC FIRE+GRADE] (weighted plateau, k=12) critic@near=64.03Hz critic@far=0.00Hz (>=5Hz & near>=3xfar; fire=True grade=True)
  [GABA_B gap d=r-V]  predicted(NEAR)=0.00Hz unpredicted(FAR)=52.50Hz gap=52500000.00 (unpred>1.3x pred => True)
  [LESION control]    zeroed 402 GABA_B synapses -> pred=67.50Hz unpred=50.00Hz gap=0.74 (collapses to ~1.0 => True)
  STAGE-B VERDICT: LEARNS-V=False CRITIC-FIRE+GRADE=True GABA_B-gap=True lesion-collapses=True
========================================================================
[grid-onbridge DELTA RESULT seed=43 arm=grid] LEARNS-V=False (w_n/w_f=1.0782574088384356) critic@near=64.02777777777779Hz @far=0.0Hz grade=64027.77777777778 | V_near=114.82847129890175 V_far=9.294423139260495 V_n/f=12.35455601476285 | snc-burst-delta(gap)=52500000.0 gabab_gap=True | GRADED-V delta_vnf=13.490439193309212 (vnf_gap=True) delta_snc_graded=50000000.0 (snc_pred=0.0 snc_unpred=50.0) | GABA_B-cond delta_gabab=0.0 (gap=False) [gb_near=0.0 gb_far=0.0]
========================================================================
[grid-onbridge DELTA] seed=43 arm=render grid_on=False scramble=False (graded center=1.5 slope=1.0 strength=80.0 readout_only=True) n_grid=None
========================================================================
[g11] WARN: --spiking-reward-us WITHOUT --perceived-approach-reward -> the US rides on the COORD-based reward (not coord-free). Add --perceived-approach-reward for the fully-biologized (coord-free) reward chain.
[2026-06-21 10:55:56][INFO] SIM_BRIDGE: CuPy using GPU: NVIDIA GeForce RTX 3090 (24.0 GB), mempool limit: 80%
[2026-06-21 10:55:56][INFO] SIM_BRIDGE: Initializing simulation data for model: IZHIKEVICH (3D)... (playback_init: False)
[2026-06-21 10:55:56][INFO] SIM_BRIDGE: Brain-region framework: 43 regions, 1142 total neurons, 59 pathways.
[2026-06-21 10:55:56][INFO] SIM_BRIDGE: RNG initialized with seed: 43
[2026-06-21 10:55:56][INFO] SIM_BRIDGE: NMDA per-region mask: 1 regions enabled (80 neurons)
[2026-06-21 10:55:56][INFO] SIM_BRIDGE: Homeostasis per-region mask: 1 regions enabled (80 neurons)
[2026-06-21 10:55:56][INFO] SIM_BRIDGE: Initializing Izhikevich model specifics for 1142 neurons...
[2026-06-21 10:55:56][INFO] SIM_BRIDGE: Region 'cortex_N' (25 neurons): using Izh type IZH2007_RS_CORTICAL_PYRAMIDAL
[2026-06-21 10:55:56][INFO] SIM_BRIDGE: Region 'cortex_E' (25 neurons): using Izh type IZH2007_RS_CORTICAL_PYRAMIDAL
[2026-06-21 10:55:56][INFO] SIM_BRIDGE: Region 'cortex_S' (25 neurons): using Izh type IZH2007_RS_CORTICAL_PYRAMIDAL
[2026-06-21 10:55:56][INFO] SIM_BRIDGE: Region 'cortex_W' (25 neurons): using Izh type IZH2007_RS_CORTICAL_PYRAMIDAL
[2026-06-21 10:55:56][INFO] SIM_BRIDGE: Region 'str_D1_N' (50 neurons): using Izh type IZH2007_STRIATAL_MSN_D1
[2026-06-21 10:55:56][INFO] SIM_BRIDGE: Region 'str_D2_N' (50 neurons): using Izh type IZH2007_STRIATAL_MSN_D2
[2026-06-21 10:55:56][INFO] SIM_BRIDGE: Region 'str_D1_E' (50 neurons): using Izh type IZH2007_STRIATAL_MSN_D1
[2026-06-21 10:55:56][INFO] SIM_BRIDGE: Region 'str_D2_E' (50 neurons): using Izh type IZH2007_STRIATAL_MSN_D2
[2026-06-21 10:55:56][INFO] SIM_BRIDGE: Region 'str_D1_S' (50 neurons): using Izh type IZH2007_STRIATAL_MSN_D1
[2026-06-21 10:55:56][INFO] SIM_BRIDGE: Region 'str_D2_S' (50 neurons): using Izh type IZH2007_STRIATAL_MSN_D2
[2026-06-21 10:55:56][INFO] SIM_BRIDGE: Region 'str_D1_W' (50 neurons): using Izh type IZH2007_STRIATAL_MSN_D1
[2026-06-21 10:55:56][INFO] SIM_BRIDGE: Region 'str_D2_W' (50 neurons): using Izh type IZH2007_STRIATAL_MSN_D2
[2026-06-21 10:55:56][INFO] SIM_BRIDGE: Region 'gpe_N' (10 neurons): using Izh type IZH2007_GPE_PACEMAKER
[2026-06-21 10:55:56][INFO] SIM_BRIDGE: Region 'gpe_arky_N' (4 neurons): using Izh type IZH2007_GPE_PACEMAKER
[2026-06-21 10:55:56][INFO] SIM_BRIDGE: Region 'gpi_N' (10 neurons): using Izh type IZH2007_GPI_OUTPUT
[2026-06-21 10:55:56][INFO] SIM_BRIDGE: Region 'str_striosome_N' (8 neurons): using Izh type IZH2007_STRIATAL_MSN_D1
[2026-06-21 10:55:56][INFO] SIM_BRIDGE: Region 'gpe_E' (10 neurons): using Izh type IZH2007_GPE_PACEMAKER
[2026-06-21 10:55:56][INFO] SIM_BRIDGE: Region 'gpe_arky_E' (4 neurons): using Izh type IZH2007_GPE_PACEMAKER
[2026-06-21 10:55:56][INFO] SIM_BRIDGE: Region 'gpi_E' (10 neurons): using Izh type IZH2007_GPI_OUTPUT
[2026-06-21 10:55:56][INFO] SIM_BRIDGE: Region 'str_striosome_E' (8 neurons): using Izh type IZH2007_STRIATAL_MSN_D1
[2026-06-21 10:55:56][INFO] SIM_BRIDGE: Region 'gpe_S' (10 neurons): using Izh type IZH2007_GPE_PACEMAKER
[2026-06-21 10:55:56][INFO] SIM_BRIDGE: Region 'gpe_arky_S' (4 neurons): using Izh type IZH2007_GPE_PACEMAKER
[2026-06-21 10:55:56][INFO] SIM_BRIDGE: Region 'gpi_S' (10 neurons): using Izh type IZH2007_GPI_OUTPUT
[2026-06-21 10:55:56][INFO] SIM_BRIDGE: Region 'str_striosome_S' (8 neurons): using Izh type IZH2007_STRIATAL_MSN_D1
[2026-06-21 10:55:56][INFO] SIM_BRIDGE: Region 'gpe_W' (10 neurons): using Izh type IZH2007_GPE_PACEMAKER
[2026-06-21 10:55:56][INFO] SIM_BRIDGE: Region 'gpe_arky_W' (4 neurons): using Izh type IZH2007_GPE_PACEMAKER
[2026-06-21 10:55:56][INFO] SIM_BRIDGE: Region 'gpi_W' (10 neurons): using Izh type IZH2007_GPI_OUTPUT
[2026-06-21 10:55:56][INFO] SIM_BRIDGE: Region 'str_striosome_W' (8 neurons): using Izh type IZH2007_STRIATAL_MSN_D1
[2026-06-21 10:55:56][INFO] SIM_BRIDGE: Region 'stn' (20 neurons): using Izh type IZH2007_STN_BURST
[2026-06-21 10:55:56][INFO] SIM_BRIDGE: Region 'thal_N' (10 neurons): using Izh type IZH2007_THALAMIC_RELAY
[2026-06-21 10:55:56][INFO] SIM_BRIDGE: Region 'motor_N' (10 neurons): using Izh type IZH2007_RS_CORTICAL_PYRAMIDAL
[2026-06-21 10:55:56][INFO] SIM_BRIDGE: Region 'thal_E' (10 neurons): using Izh type IZH2007_THALAMIC_RELAY
[2026-06-21 10:55:56][INFO] SIM_BRIDGE: Region 'motor_E' (10 neurons): using Izh type IZH2007_RS_CORTICAL_PYRAMIDAL
[2026-06-21 10:55:56][INFO] SIM_BRIDGE: Region 'thal_S' (10 neurons): using Izh type IZH2007_THALAMIC_RELAY
[2026-06-21 10:55:56][INFO] SIM_BRIDGE: Region 'motor_S' (10 neurons): using Izh type IZH2007_RS_CORTICAL_PYRAMIDAL
[2026-06-21 10:55:56][INFO] SIM_BRIDGE: Region 'thal_W' (10 neurons): using Izh type IZH2007_THALAMIC_RELAY
[2026-06-21 10:55:56][INFO] SIM_BRIDGE: Region 'motor_W' (10 neurons): using Izh type IZH2007_RS_CORTICAL_PYRAMIDAL
[2026-06-21 10:55:56][INFO] SIM_BRIDGE: Region 'snc' (10 neurons): using Izh type IZH2007_DOPAMINE
[2026-06-21 10:55:56][INFO] SIM_BRIDGE: Region 'reward_us' (40 neurons): using Izh type IZH2007_RS_CORTICAL_PYRAMIDAL
[2026-06-21 10:55:56][INFO] SIM_BRIDGE: Region 'place_sensors' (60 neurons): using Izh type IZH2007_RS_CORTICAL_PYRAMIDAL
[2026-06-21 10:55:56][INFO] SIM_BRIDGE: Region 'place' (200 neurons): using Izh type IZH2007_HIPPO_PYRAMIDAL
[2026-06-21 10:55:56][INFO] SIM_BRIDGE: Region 'place_fs' (24 neurons): using Izh type IZH2007_FS_CORTICAL_INTERNEURON
[2026-06-21 10:55:56][INFO] SIM_BRIDGE: Region 'striosome_value' (80 neurons): using Izh type IZH2007_STRIATAL_MSN_D1
[2026-06-21 10:55:56][INFO] SIM_BRIDGE: Generating 3D neuron positions for 1142 neurons...
[2026-06-21 10:55:56][INFO] SIM_BRIDGE: Generating connections (brain-region framework)...
[2026-06-21 10:55:56][INFO] SIM_BRIDGE: inject_explicit_wiring: installed 27065 synapses across 59 populations.
[2026-06-21 10:55:56][INFO] SIM_BRIDGE: Initializing eligibility traces for 27065 synapses (capacity: 40597, dtype: float32)...
[2026-06-21 10:55:56][INFO] SIM_BRIDGE: Initializing STDP state for 1142 neurons...
[2026-06-21 10:55:56][INFO] SIM_BRIDGE: Simulation data initialized for 1142 neurons (3D). Synapses: 27065. GPU memory: 1.4GB/25.8GB (5.2%)
[g11 seed=43] Spiking-SNc Stage B: NEURAL value critic ON (striosome_value n=80, place->value w0=0.19987934827804565); r-V subtracted via GABA_B/GIRK (E_K=-90mV, prop=0.02); critic->SNc gate = OPEN (continuous, Stage 1). Host _V_scaffold DROPPED.
[g11 seed=43] BG circuit: 43 regions, 1142 neurons, 27065 synapses
[g11 seed=43] N9 STEP-1 place self-org done (20s): diff-loc cos=0.694365 sparsity=0.080000 (place fields FROZEN; DETERMINISTIC)
[g11 seed=43] N9 STEP-2 value-training done (227s): 40 pair-then-reward trials x 4 goal(s); w_near 0.202->0.251 w_far 0.199->0.229 (near/far 1.09); V(near) 0.0->0.08928571428571429Hz (place fields FROZEN; V FROZEN)
========================================================================
[g11 seed=43] N9 STAGE-B SMOKE (value-learning @ nav scale):
  near=(6, 6) far=(1.0, 1.0) (near_set=14 far_set=7 place cells)
  [LEARNS-V]  w_near=0.251 w_far=0.229 (near/far 1.09; >=1.5x => False)
  [CRITIC FIRE+GRADE] (weighted plateau, k=12) critic@near=0.97Hz critic@far=2.22Hz (>=5Hz & near>=3xfar; fire=False grade=False)
  [GABA_B gap d=r-V]  predicted(NEAR)=50.00Hz unpredicted(FAR)=50.00Hz gap=1.00 (unpred>1.3x pred => False)
  [LESION control]    zeroed 384 GABA_B synapses -> pred=50.00Hz unpred=50.00Hz gap=1.00 (collapses to ~1.0 => True)
  STAGE-B VERDICT: LEARNS-V=False CRITIC-FIRE+GRADE=False GABA_B-gap=False lesion-collapses=True
  [HONEST] critic does NOT fire+grade at nav scale (critic@near=0.97Hz, near/far=0.44) — design §Risk 'place-code self-org at nav scale' / 'actor-critic interaction'.
========================================================================
[grid-onbridge DELTA RESULT seed=43 arm=render] LEARNS-V=False (w_n/w_f=1.0928779449397334) critic@near=0.9722222222222222Hz @far=2.2222222222222223Hz grade=0.4375 | V_near=22.29646677966778 V_far=22.79268186844012 V_n/f=0.9782291925260703 | snc-burst-delta(gap)=1.0 gabab_gap=False | GRADED-V delta_vnf=0.934483979847186 (vnf_gap=False) delta_snc_graded=1.0 (snc_pred=50.0 snc_unpred=50.0) | GABA_B-cond delta_gabab=0.0 (gap=False) [gb_near=0.0 gb_far=0.0]
========================================================================
[grid-onbridge DELTA] seed=43 arm=scramble grid_on=True scramble=True (graded center=1.5 slope=1.0 strength=80.0 readout_only=True) n_grid=198
========================================================================
[g11] WARN: --spiking-reward-us WITHOUT --perceived-approach-reward -> the US rides on the COORD-based reward (not coord-free). Add --perceived-approach-reward for the fully-biologized (coord-free) reward chain.
[2026-06-21 11:00:20][INFO] SIM_BRIDGE: CuPy using GPU: NVIDIA GeForce RTX 3090 (24.0 GB), mempool limit: 80%
[2026-06-21 11:00:20][INFO] SIM_BRIDGE: Initializing simulation data for model: IZHIKEVICH (3D)... (playback_init: False)
[2026-06-21 11:00:20][INFO] SIM_BRIDGE: Brain-region framework: 43 regions, 1280 total neurons, 59 pathways.
[2026-06-21 11:00:20][INFO] SIM_BRIDGE: RNG initialized with seed: 43
[2026-06-21 11:00:20][INFO] SIM_BRIDGE: NMDA per-region mask: 1 regions enabled (80 neurons)
[2026-06-21 11:00:20][INFO] SIM_BRIDGE: Homeostasis per-region mask: 1 regions enabled (80 neurons)
[2026-06-21 11:00:20][INFO] SIM_BRIDGE: Initializing Izhikevich model specifics for 1280 neurons...
[2026-06-21 11:00:20][INFO] SIM_BRIDGE: Region 'cortex_N' (25 neurons): using Izh type IZH2007_RS_CORTICAL_PYRAMIDAL
[2026-06-21 11:00:20][INFO] SIM_BRIDGE: Region 'cortex_E' (25 neurons): using Izh type IZH2007_RS_CORTICAL_PYRAMIDAL
[2026-06-21 11:00:20][INFO] SIM_BRIDGE: Region 'cortex_S' (25 neurons): using Izh type IZH2007_RS_CORTICAL_PYRAMIDAL
[2026-06-21 11:00:20][INFO] SIM_BRIDGE: Region 'cortex_W' (25 neurons): using Izh type IZH2007_RS_CORTICAL_PYRAMIDAL
[2026-06-21 11:00:20][INFO] SIM_BRIDGE: Region 'str_D1_N' (50 neurons): using Izh type IZH2007_STRIATAL_MSN_D1
[2026-06-21 11:00:20][INFO] SIM_BRIDGE: Region 'str_D2_N' (50 neurons): using Izh type IZH2007_STRIATAL_MSN_D2
[2026-06-21 11:00:20][INFO] SIM_BRIDGE: Region 'str_D1_E' (50 neurons): using Izh type IZH2007_STRIATAL_MSN_D1
[2026-06-21 11:00:20][INFO] SIM_BRIDGE: Region 'str_D2_E' (50 neurons): using Izh type IZH2007_STRIATAL_MSN_D2
[2026-06-21 11:00:20][INFO] SIM_BRIDGE: Region 'str_D1_S' (50 neurons): using Izh type IZH2007_STRIATAL_MSN_D1
[2026-06-21 11:00:20][INFO] SIM_BRIDGE: Region 'str_D2_S' (50 neurons): using Izh type IZH2007_STRIATAL_MSN_D2
[2026-06-21 11:00:20][INFO] SIM_BRIDGE: Region 'str_D1_W' (50 neurons): using Izh type IZH2007_STRIATAL_MSN_D1
[2026-06-21 11:00:20][INFO] SIM_BRIDGE: Region 'str_D2_W' (50 neurons): using Izh type IZH2007_STRIATAL_MSN_D2
[2026-06-21 11:00:20][INFO] SIM_BRIDGE: Region 'gpe_N' (10 neurons): using Izh type IZH2007_GPE_PACEMAKER
[2026-06-21 11:00:20][INFO] SIM_BRIDGE: Region 'gpe_arky_N' (4 neurons): using Izh type IZH2007_GPE_PACEMAKER
[2026-06-21 11:00:20][INFO] SIM_BRIDGE: Region 'gpi_N' (10 neurons): using Izh type IZH2007_GPI_OUTPUT
[2026-06-21 11:00:20][INFO] SIM_BRIDGE: Region 'str_striosome_N' (8 neurons): using Izh type IZH2007_STRIATAL_MSN_D1
[2026-06-21 11:00:20][INFO] SIM_BRIDGE: Region 'gpe_E' (10 neurons): using Izh type IZH2007_GPE_PACEMAKER
[2026-06-21 11:00:20][INFO] SIM_BRIDGE: Region 'gpe_arky_E' (4 neurons): using Izh type IZH2007_GPE_PACEMAKER
[2026-06-21 11:00:20][INFO] SIM_BRIDGE: Region 'gpi_E' (10 neurons): using Izh type IZH2007_GPI_OUTPUT
[2026-06-21 11:00:20][INFO] SIM_BRIDGE: Region 'str_striosome_E' (8 neurons): using Izh type IZH2007_STRIATAL_MSN_D1
[2026-06-21 11:00:20][INFO] SIM_BRIDGE: Region 'gpe_S' (10 neurons): using Izh type IZH2007_GPE_PACEMAKER
[2026-06-21 11:00:20][INFO] SIM_BRIDGE: Region 'gpe_arky_S' (4 neurons): using Izh type IZH2007_GPE_PACEMAKER
[2026-06-21 11:00:20][INFO] SIM_BRIDGE: Region 'gpi_S' (10 neurons): using Izh type IZH2007_GPI_OUTPUT
[2026-06-21 11:00:20][INFO] SIM_BRIDGE: Region 'str_striosome_S' (8 neurons): using Izh type IZH2007_STRIATAL_MSN_D1
[2026-06-21 11:00:20][INFO] SIM_BRIDGE: Region 'gpe_W' (10 neurons): using Izh type IZH2007_GPE_PACEMAKER
[2026-06-21 11:00:20][INFO] SIM_BRIDGE: Region 'gpe_arky_W' (4 neurons): using Izh type IZH2007_GPE_PACEMAKER
[2026-06-21 11:00:20][INFO] SIM_BRIDGE: Region 'gpi_W' (10 neurons): using Izh type IZH2007_GPI_OUTPUT
[2026-06-21 11:00:20][INFO] SIM_BRIDGE: Region 'str_striosome_W' (8 neurons): using Izh type IZH2007_STRIATAL_MSN_D1
[2026-06-21 11:00:20][INFO] SIM_BRIDGE: Region 'stn' (20 neurons): using Izh type IZH2007_STN_BURST
[2026-06-21 11:00:20][INFO] SIM_BRIDGE: Region 'thal_N' (10 neurons): using Izh type IZH2007_THALAMIC_RELAY
[2026-06-21 11:00:20][INFO] SIM_BRIDGE: Region 'motor_N' (10 neurons): using Izh type IZH2007_RS_CORTICAL_PYRAMIDAL
[2026-06-21 11:00:20][INFO] SIM_BRIDGE: Region 'thal_E' (10 neurons): using Izh type IZH2007_THALAMIC_RELAY
[2026-06-21 11:00:20][INFO] SIM_BRIDGE: Region 'motor_E' (10 neurons): using Izh type IZH2007_RS_CORTICAL_PYRAMIDAL
[2026-06-21 11:00:20][INFO] SIM_BRIDGE: Region 'thal_S' (10 neurons): using Izh type IZH2007_THALAMIC_RELAY
[2026-06-21 11:00:20][INFO] SIM_BRIDGE: Region 'motor_S' (10 neurons): using Izh type IZH2007_RS_CORTICAL_PYRAMIDAL
[2026-06-21 11:00:20][INFO] SIM_BRIDGE: Region 'thal_W' (10 neurons): using Izh type IZH2007_THALAMIC_RELAY
[2026-06-21 11:00:20][INFO] SIM_BRIDGE: Region 'motor_W' (10 neurons): using Izh type IZH2007_RS_CORTICAL_PYRAMIDAL
[2026-06-21 11:00:20][INFO] SIM_BRIDGE: Region 'snc' (10 neurons): using Izh type IZH2007_DOPAMINE
[2026-06-21 11:00:20][INFO] SIM_BRIDGE: Region 'reward_us' (40 neurons): using Izh type IZH2007_RS_CORTICAL_PYRAMIDAL
[2026-06-21 11:00:20][INFO] SIM_BRIDGE: Region 'place_sensors' (198 neurons): using Izh type IZH2007_RS_CORTICAL_PYRAMIDAL
[2026-06-21 11:00:20][INFO] SIM_BRIDGE: Region 'place' (200 neurons): using Izh type IZH2007_HIPPO_PYRAMIDAL
[2026-06-21 11:00:20][INFO] SIM_BRIDGE: Region 'place_fs' (24 neurons): using Izh type IZH2007_FS_CORTICAL_INTERNEURON
[2026-06-21 11:00:20][INFO] SIM_BRIDGE: Region 'striosome_value' (80 neurons): using Izh type IZH2007_STRIATAL_MSN_D1
[2026-06-21 11:00:20][INFO] SIM_BRIDGE: Generating 3D neuron positions for 1280 neurons...
[2026-06-21 11:00:20][INFO] SIM_BRIDGE: Generating connections (brain-region framework)...
[2026-06-21 11:00:20][INFO] SIM_BRIDGE: inject_explicit_wiring: installed 40875 synapses across 59 populations.
[2026-06-21 11:00:20][INFO] SIM_BRIDGE: Initializing eligibility traces for 40875 synapses (capacity: 61312, dtype: float32)...
[2026-06-21 11:00:20][INFO] SIM_BRIDGE: Initializing STDP state for 1280 neurons...
[2026-06-21 11:00:20][INFO] SIM_BRIDGE: Simulation data initialized for 1280 neurons (3D). Synapses: 40875. GPU memory: 1.4GB/25.8GB (5.2%)
[g11 seed=43] Spiking-SNc Stage B: NEURAL value critic ON (striosome_value n=80, place->value w0=0.20018084347248077); r-V subtracted via GABA_B/GIRK (E_K=-90mV, prop=0.02); critic->SNc gate = OPEN (continuous, Stage 1). Host _V_scaffold DROPPED.
[g11 seed=43] BG circuit: 43 regions, 1280 neurons, 40875 synapses
[g11 seed=43] N9 STEP-1 place self-org done (22s): diff-loc cos=0.075810 sparsity=0.175000 (place fields FROZEN; DETERMINISTIC)
[g11 seed=43] N9 STEP-2 value-training done (230s): 40 pair-then-reward trials x 4 goal(s); w_near 0.201->1.796 w_far 0.197->0.719 (near/far 2.50); V(near) 35.357142857142854->16.07142857142857Hz (place fields FROZEN; V FROZEN)
========================================================================
[g11 seed=43] N9 STAGE-B SMOKE (value-learning @ nav scale):
  near=(6, 6) far=(1.0, 1.0) (near_set=46 far_set=7 place cells)
  [LEARNS-V]  w_near=1.796 w_far=0.719 (near/far 2.50; >=1.5x => True)
  [CRITIC FIRE+GRADE] (weighted plateau, k=12) critic@near=301.11Hz critic@far=0.00Hz (>=5Hz & near>=3xfar; fire=True grade=True)
  [GABA_B gap d=r-V]  predicted(NEAR)=0.00Hz unpredicted(FAR)=0.00Hz gap=0.00 (unpred>1.3x pred => False)
  [LESION control]    zeroed 402 GABA_B synapses -> pred=42.50Hz unpred=50.00Hz gap=1.18 (collapses to ~1.0 => False)
  STAGE-B VERDICT: LEARNS-V=True CRITIC-FIRE+GRADE=True GABA_B-gap=False lesion-collapses=False
========================================================================
[grid-onbridge DELTA RESULT seed=43 arm=scramble] LEARNS-V=True (w_n/w_f=2.4965294168230625) critic@near=301.11111111111114Hz @far=0.0Hz grade=301111.1111111111 | V_near=569.6771790787659 V_far=14.635854339417943 V_n/f=38.92339769633301 | snc-burst-delta(gap)=0.0 gabab_gap=False | GRADED-V delta_vnf=70.05479021438623 (vnf_gap=True) delta_snc_graded=50000000.0 (snc_pred=0.0 snc_unpred=50.0) | GABA_B-cond delta_gabab=0.0 (gap=False) [gb_near=0.0 gb_far=0.0]
========================================================================
[grid-onbridge DELTA] seed=43 arm=no_learn grid_on=True scramble=False (graded center=1.5 slope=1.0 strength=80.0 readout_only=True) n_grid=198
========================================================================
[g11] WARN: --spiking-reward-us WITHOUT --perceived-approach-reward -> the US rides on the COORD-based reward (not coord-free). Add --perceived-approach-reward for the fully-biologized (coord-free) reward chain.
[2026-06-21 11:04:51][INFO] SIM_BRIDGE: CuPy using GPU: NVIDIA GeForce RTX 3090 (24.0 GB), mempool limit: 80%
[2026-06-21 11:04:51][INFO] SIM_BRIDGE: Initializing simulation data for model: IZHIKEVICH (3D)... (playback_init: False)
[2026-06-21 11:04:51][INFO] SIM_BRIDGE: Brain-region framework: 43 regions, 1280 total neurons, 59 pathways.
[2026-06-21 11:04:51][INFO] SIM_BRIDGE: RNG initialized with seed: 43
[2026-06-21 11:04:51][INFO] SIM_BRIDGE: NMDA per-region mask: 1 regions enabled (80 neurons)
[2026-06-21 11:04:51][INFO] SIM_BRIDGE: Homeostasis per-region mask: 1 regions enabled (80 neurons)
[2026-06-21 11:04:51][INFO] SIM_BRIDGE: Initializing Izhikevich model specifics for 1280 neurons...
[2026-06-21 11:04:51][INFO] SIM_BRIDGE: Region 'cortex_N' (25 neurons): using Izh type IZH2007_RS_CORTICAL_PYRAMIDAL
[2026-06-21 11:04:51][INFO] SIM_BRIDGE: Region 'cortex_E' (25 neurons): using Izh type IZH2007_RS_CORTICAL_PYRAMIDAL
[2026-06-21 11:04:51][INFO] SIM_BRIDGE: Region 'cortex_S' (25 neurons): using Izh type IZH2007_RS_CORTICAL_PYRAMIDAL
[2026-06-21 11:04:51][INFO] SIM_BRIDGE: Region 'cortex_W' (25 neurons): using Izh type IZH2007_RS_CORTICAL_PYRAMIDAL
[2026-06-21 11:04:51][INFO] SIM_BRIDGE: Region 'str_D1_N' (50 neurons): using Izh type IZH2007_STRIATAL_MSN_D1
[2026-06-21 11:04:51][INFO] SIM_BRIDGE: Region 'str_D2_N' (50 neurons): using Izh type IZH2007_STRIATAL_MSN_D2
[2026-06-21 11:04:51][INFO] SIM_BRIDGE: Region 'str_D1_E' (50 neurons): using Izh type IZH2007_STRIATAL_MSN_D1
[2026-06-21 11:04:51][INFO] SIM_BRIDGE: Region 'str_D2_E' (50 neurons): using Izh type IZH2007_STRIATAL_MSN_D2
[2026-06-21 11:04:51][INFO] SIM_BRIDGE: Region 'str_D1_S' (50 neurons): using Izh type IZH2007_STRIATAL_MSN_D1
[2026-06-21 11:04:51][INFO] SIM_BRIDGE: Region 'str_D2_S' (50 neurons): using Izh type IZH2007_STRIATAL_MSN_D2
[2026-06-21 11:04:51][INFO] SIM_BRIDGE: Region 'str_D1_W' (50 neurons): using Izh type IZH2007_STRIATAL_MSN_D1
[2026-06-21 11:04:51][INFO] SIM_BRIDGE: Region 'str_D2_W' (50 neurons): using Izh type IZH2007_STRIATAL_MSN_D2
[2026-06-21 11:04:51][INFO] SIM_BRIDGE: Region 'gpe_N' (10 neurons): using Izh type IZH2007_GPE_PACEMAKER
[2026-06-21 11:04:51][INFO] SIM_BRIDGE: Region 'gpe_arky_N' (4 neurons): using Izh type IZH2007_GPE_PACEMAKER
[2026-06-21 11:04:51][INFO] SIM_BRIDGE: Region 'gpi_N' (10 neurons): using Izh type IZH2007_GPI_OUTPUT
[2026-06-21 11:04:51][INFO] SIM_BRIDGE: Region 'str_striosome_N' (8 neurons): using Izh type IZH2007_STRIATAL_MSN_D1
[2026-06-21 11:04:51][INFO] SIM_BRIDGE: Region 'gpe_E' (10 neurons): using Izh type IZH2007_GPE_PACEMAKER
[2026-06-21 11:04:51][INFO] SIM_BRIDGE: Region 'gpe_arky_E' (4 neurons): using Izh type IZH2007_GPE_PACEMAKER
[2026-06-21 11:04:51][INFO] SIM_BRIDGE: Region 'gpi_E' (10 neurons): using Izh type IZH2007_GPI_OUTPUT
[2026-06-21 11:04:51][INFO] SIM_BRIDGE: Region 'str_striosome_E' (8 neurons): using Izh type IZH2007_STRIATAL_MSN_D1
[2026-06-21 11:04:51][INFO] SIM_BRIDGE: Region 'gpe_S' (10 neurons): using Izh type IZH2007_GPE_PACEMAKER
[2026-06-21 11:04:51][INFO] SIM_BRIDGE: Region 'gpe_arky_S' (4 neurons): using Izh type IZH2007_GPE_PACEMAKER
[2026-06-21 11:04:51][INFO] SIM_BRIDGE: Region 'gpi_S' (10 neurons): using Izh type IZH2007_GPI_OUTPUT
[2026-06-21 11:04:51][INFO] SIM_BRIDGE: Region 'str_striosome_S' (8 neurons): using Izh type IZH2007_STRIATAL_MSN_D1
[2026-06-21 11:04:51][INFO] SIM_BRIDGE: Region 'gpe_W' (10 neurons): using Izh type IZH2007_GPE_PACEMAKER
[2026-06-21 11:04:51][INFO] SIM_BRIDGE: Region 'gpe_arky_W' (4 neurons): using Izh type IZH2007_GPE_PACEMAKER
[2026-06-21 11:04:51][INFO] SIM_BRIDGE: Region 'gpi_W' (10 neurons): using Izh type IZH2007_GPI_OUTPUT
[2026-06-21 11:04:51][INFO] SIM_BRIDGE: Region 'str_striosome_W' (8 neurons): using Izh type IZH2007_STRIATAL_MSN_D1
[2026-06-21 11:04:51][INFO] SIM_BRIDGE: Region 'stn' (20 neurons): using Izh type IZH2007_STN_BURST
[2026-06-21 11:04:51][INFO] SIM_BRIDGE: Region 'thal_N' (10 neurons): using Izh type IZH2007_THALAMIC_RELAY
[2026-06-21 11:04:51][INFO] SIM_BRIDGE: Region 'motor_N' (10 neurons): using Izh type IZH2007_RS_CORTICAL_PYRAMIDAL
[2026-06-21 11:04:51][INFO] SIM_BRIDGE: Region 'thal_E' (10 neurons): using Izh type IZH2007_THALAMIC_RELAY
[2026-06-21 11:04:51][INFO] SIM_BRIDGE: Region 'motor_E' (10 neurons): using Izh type IZH2007_RS_CORTICAL_PYRAMIDAL
[2026-06-21 11:04:51][INFO] SIM_BRIDGE: Region 'thal_S' (10 neurons): using Izh type IZH2007_THALAMIC_RELAY
[2026-06-21 11:04:51][INFO] SIM_BRIDGE: Region 'motor_S' (10 neurons): using Izh type IZH2007_RS_CORTICAL_PYRAMIDAL
[2026-06-21 11:04:51][INFO] SIM_BRIDGE: Region 'thal_W' (10 neurons): using Izh type IZH2007_THALAMIC_RELAY
[2026-06-21 11:04:51][INFO] SIM_BRIDGE: Region 'motor_W' (10 neurons): using Izh type IZH2007_RS_CORTICAL_PYRAMIDAL
[2026-06-21 11:04:51][INFO] SIM_BRIDGE: Region 'snc' (10 neurons): using Izh type IZH2007_DOPAMINE
[2026-06-21 11:04:51][INFO] SIM_BRIDGE: Region 'reward_us' (40 neurons): using Izh type IZH2007_RS_CORTICAL_PYRAMIDAL
[2026-06-21 11:04:51][INFO] SIM_BRIDGE: Region 'place_sensors' (198 neurons): using Izh type IZH2007_RS_CORTICAL_PYRAMIDAL
[2026-06-21 11:04:51][INFO] SIM_BRIDGE: Region 'place' (200 neurons): using Izh type IZH2007_HIPPO_PYRAMIDAL
[2026-06-21 11:04:51][INFO] SIM_BRIDGE: Region 'place_fs' (24 neurons): using Izh type IZH2007_FS_CORTICAL_INTERNEURON
[2026-06-21 11:04:51][INFO] SIM_BRIDGE: Region 'striosome_value' (80 neurons): using Izh type IZH2007_STRIATAL_MSN_D1
[2026-06-21 11:04:51][INFO] SIM_BRIDGE: Generating 3D neuron positions for 1280 neurons...
[2026-06-21 11:04:51][INFO] SIM_BRIDGE: Generating connections (brain-region framework)...
[2026-06-21 11:04:51][INFO] SIM_BRIDGE: inject_explicit_wiring: installed 40875 synapses across 59 populations.
[2026-06-21 11:04:51][INFO] SIM_BRIDGE: Initializing eligibility traces for 40875 synapses (capacity: 61312, dtype: float32)...
[2026-06-21 11:04:51][INFO] SIM_BRIDGE: Initializing STDP state for 1280 neurons...
[2026-06-21 11:04:51][INFO] SIM_BRIDGE: Simulation data initialized for 1280 neurons (3D). Synapses: 40875. GPU memory: 1.4GB/25.8GB (5.2%)
[g11 seed=43] Spiking-SNc Stage B: NEURAL value critic ON (striosome_value n=80, place->value w0=0.20018084347248077); r-V subtracted via GABA_B/GIRK (E_K=-90mV, prop=0.02); critic->SNc gate = OPEN (continuous, Stage 1). Host _V_scaffold DROPPED.
[g11 seed=43] BG circuit: 43 regions, 1280 neurons, 40875 synapses
[g11 seed=43] N9 STEP-1 place self-org done (23s): diff-loc cos=0.098773 sparsity=0.120000 (place fields FROZEN; DETERMINISTIC)
========================================================================
[g11 seed=43] N9 STAGE-B SMOKE (value-learning @ nav scale):
  near=(6, 6) far=(1.0, 1.0) (near_set=37 far_set=2 place cells)
  [LEARNS-V]  w_near=0.201 w_far=0.205 (near/far 0.98; >=1.5x => False)
  [CRITIC FIRE+GRADE] (weighted plateau, k=12) critic@near=0.00Hz critic@far=0.00Hz (>=5Hz & near>=3xfar; fire=False grade=False)
  [GABA_B gap d=r-V]  predicted(NEAR)=90.00Hz unpredicted(FAR)=90.00Hz gap=1.00 (unpred>1.3x pred => False)
  [LESION control]    zeroed 402 GABA_B synapses -> pred=90.00Hz unpred=90.00Hz gap=1.00 (collapses to ~1.0 => True)
  STAGE-B VERDICT: LEARNS-V=False CRITIC-FIRE+GRADE=False GABA_B-gap=False lesion-collapses=True
  [HONEST] critic does NOT fire+grade at nav scale (critic@near=0.00Hz, near/far=0.00) — design §Risk 'place-code self-org at nav scale' / 'actor-critic interaction'.
========================================================================
[grid-onbridge DELTA RESULT seed=43 arm=no_learn] LEARNS-V=False (w_n/w_f=0.9768579006995035) critic@near=0.0Hz @far=0.0Hz grade=0.0 | V_near=0.0 V_far=0.0 V_n/f=0.0 | snc-burst-delta(gap)=1.0 gabab_gap=False | GRADED-V delta_vnf=0.0 (vnf_gap=False) delta_snc_graded=1.0869565217391306 (snc_pred=114.99999999999999 snc_unpred=125.0) | GABA_B-cond delta_gabab=0.0 (gap=False) [gb_near=0.0 gb_far=0.0]
========================================================================
[grid-onbridge DELTA] seed=43 arm=lesion grid_on=True scramble=False (graded center=1.5 slope=1.0 strength=0.0 readout_only=False) n_grid=198
========================================================================
[g11] WARN: --spiking-reward-us WITHOUT --perceived-approach-reward -> the US rides on the COORD-based reward (not coord-free). Add --perceived-approach-reward for the fully-biologized (coord-free) reward chain.
[2026-06-21 11:05:43][INFO] SIM_BRIDGE: CuPy using GPU: NVIDIA GeForce RTX 3090 (24.0 GB), mempool limit: 80%
[2026-06-21 11:05:43][INFO] SIM_BRIDGE: Initializing simulation data for model: IZHIKEVICH (3D)... (playback_init: False)
[2026-06-21 11:05:43][INFO] SIM_BRIDGE: Brain-region framework: 43 regions, 1280 total neurons, 59 pathways.
[2026-06-21 11:05:43][INFO] SIM_BRIDGE: RNG initialized with seed: 43
[2026-06-21 11:05:43][INFO] SIM_BRIDGE: NMDA per-region mask: 1 regions enabled (80 neurons)
[2026-06-21 11:05:43][INFO] SIM_BRIDGE: Homeostasis per-region mask: 1 regions enabled (80 neurons)
[2026-06-21 11:05:43][INFO] SIM_BRIDGE: Initializing Izhikevich model specifics for 1280 neurons...
[2026-06-21 11:05:43][INFO] SIM_BRIDGE: Region 'cortex_N' (25 neurons): using Izh type IZH2007_RS_CORTICAL_PYRAMIDAL
[2026-06-21 11:05:43][INFO] SIM_BRIDGE: Region 'cortex_E' (25 neurons): using Izh type IZH2007_RS_CORTICAL_PYRAMIDAL
[2026-06-21 11:05:43][INFO] SIM_BRIDGE: Region 'cortex_S' (25 neurons): using Izh type IZH2007_RS_CORTICAL_PYRAMIDAL
[2026-06-21 11:05:43][INFO] SIM_BRIDGE: Region 'cortex_W' (25 neurons): using Izh type IZH2007_RS_CORTICAL_PYRAMIDAL
[2026-06-21 11:05:43][INFO] SIM_BRIDGE: Region 'str_D1_N' (50 neurons): using Izh type IZH2007_STRIATAL_MSN_D1
[2026-06-21 11:05:43][INFO] SIM_BRIDGE: Region 'str_D2_N' (50 neurons): using Izh type IZH2007_STRIATAL_MSN_D2
[2026-06-21 11:05:43][INFO] SIM_BRIDGE: Region 'str_D1_E' (50 neurons): using Izh type IZH2007_STRIATAL_MSN_D1
[2026-06-21 11:05:43][INFO] SIM_BRIDGE: Region 'str_D2_E' (50 neurons): using Izh type IZH2007_STRIATAL_MSN_D2
[2026-06-21 11:05:43][INFO] SIM_BRIDGE: Region 'str_D1_S' (50 neurons): using Izh type IZH2007_STRIATAL_MSN_D1
[2026-06-21 11:05:43][INFO] SIM_BRIDGE: Region 'str_D2_S' (50 neurons): using Izh type IZH2007_STRIATAL_MSN_D2
[2026-06-21 11:05:43][INFO] SIM_BRIDGE: Region 'str_D1_W' (50 neurons): using Izh type IZH2007_STRIATAL_MSN_D1
[2026-06-21 11:05:43][INFO] SIM_BRIDGE: Region 'str_D2_W' (50 neurons): using Izh type IZH2007_STRIATAL_MSN_D2
[2026-06-21 11:05:43][INFO] SIM_BRIDGE: Region 'gpe_N' (10 neurons): using Izh type IZH2007_GPE_PACEMAKER
[2026-06-21 11:05:43][INFO] SIM_BRIDGE: Region 'gpe_arky_N' (4 neurons): using Izh type IZH2007_GPE_PACEMAKER
[2026-06-21 11:05:43][INFO] SIM_BRIDGE: Region 'gpi_N' (10 neurons): using Izh type IZH2007_GPI_OUTPUT
[2026-06-21 11:05:43][INFO] SIM_BRIDGE: Region 'str_striosome_N' (8 neurons): using Izh type IZH2007_STRIATAL_MSN_D1
[2026-06-21 11:05:43][INFO] SIM_BRIDGE: Region 'gpe_E' (10 neurons): using Izh type IZH2007_GPE_PACEMAKER
[2026-06-21 11:05:43][INFO] SIM_BRIDGE: Region 'gpe_arky_E' (4 neurons): using Izh type IZH2007_GPE_PACEMAKER
[2026-06-21 11:05:43][INFO] SIM_BRIDGE: Region 'gpi_E' (10 neurons): using Izh type IZH2007_GPI_OUTPUT
[2026-06-21 11:05:43][INFO] SIM_BRIDGE: Region 'str_striosome_E' (8 neurons): using Izh type IZH2007_STRIATAL_MSN_D1
[2026-06-21 11:05:43][INFO] SIM_BRIDGE: Region 'gpe_S' (10 neurons): using Izh type IZH2007_GPE_PACEMAKER
[2026-06-21 11:05:43][INFO] SIM_BRIDGE: Region 'gpe_arky_S' (4 neurons): using Izh type IZH2007_GPE_PACEMAKER
[2026-06-21 11:05:43][INFO] SIM_BRIDGE: Region 'gpi_S' (10 neurons): using Izh type IZH2007_GPI_OUTPUT
[2026-06-21 11:05:43][INFO] SIM_BRIDGE: Region 'str_striosome_S' (8 neurons): using Izh type IZH2007_STRIATAL_MSN_D1
[2026-06-21 11:05:43][INFO] SIM_BRIDGE: Region 'gpe_W' (10 neurons): using Izh type IZH2007_GPE_PACEMAKER
[2026-06-21 11:05:43][INFO] SIM_BRIDGE: Region 'gpe_arky_W' (4 neurons): using Izh type IZH2007_GPE_PACEMAKER
[2026-06-21 11:05:43][INFO] SIM_BRIDGE: Region 'gpi_W' (10 neurons): using Izh type IZH2007_GPI_OUTPUT
[2026-06-21 11:05:43][INFO] SIM_BRIDGE: Region 'str_striosome_W' (8 neurons): using Izh type IZH2007_STRIATAL_MSN_D1
[2026-06-21 11:05:43][INFO] SIM_BRIDGE: Region 'stn' (20 neurons): using Izh type IZH2007_STN_BURST
[2026-06-21 11:05:43][INFO] SIM_BRIDGE: Region 'thal_N' (10 neurons): using Izh type IZH2007_THALAMIC_RELAY
[2026-06-21 11:05:43][INFO] SIM_BRIDGE: Region 'motor_N' (10 neurons): using Izh type IZH2007_RS_CORTICAL_PYRAMIDAL
[2026-06-21 11:05:43][INFO] SIM_BRIDGE: Region 'thal_E' (10 neurons): using Izh type IZH2007_THALAMIC_RELAY
[2026-06-21 11:05:43][INFO] SIM_BRIDGE: Region 'motor_E' (10 neurons): using Izh type IZH2007_RS_CORTICAL_PYRAMIDAL
[2026-06-21 11:05:43][INFO] SIM_BRIDGE: Region 'thal_S' (10 neurons): using Izh type IZH2007_THALAMIC_RELAY
[2026-06-21 11:05:43][INFO] SIM_BRIDGE: Region 'motor_S' (10 neurons): using Izh type IZH2007_RS_CORTICAL_PYRAMIDAL
[2026-06-21 11:05:43][INFO] SIM_BRIDGE: Region 'thal_W' (10 neurons): using Izh type IZH2007_THALAMIC_RELAY
[2026-06-21 11:05:43][INFO] SIM_BRIDGE: Region 'motor_W' (10 neurons): using Izh type IZH2007_RS_CORTICAL_PYRAMIDAL
[2026-06-21 11:05:43][INFO] SIM_BRIDGE: Region 'snc' (10 neurons): using Izh type IZH2007_DOPAMINE
[2026-06-21 11:05:43][INFO] SIM_BRIDGE: Region 'reward_us' (40 neurons): using Izh type IZH2007_RS_CORTICAL_PYRAMIDAL
[2026-06-21 11:05:43][INFO] SIM_BRIDGE: Region 'place_sensors' (198 neurons): using Izh type IZH2007_RS_CORTICAL_PYRAMIDAL
[2026-06-21 11:05:43][INFO] SIM_BRIDGE: Region 'place' (200 neurons): using Izh type IZH2007_HIPPO_PYRAMIDAL
[2026-06-21 11:05:43][INFO] SIM_BRIDGE: Region 'place_fs' (24 neurons): using Izh type IZH2007_FS_CORTICAL_INTERNEURON
[2026-06-21 11:05:43][INFO] SIM_BRIDGE: Region 'striosome_value' (80 neurons): using Izh type IZH2007_STRIATAL_MSN_D1
[2026-06-21 11:05:43][INFO] SIM_BRIDGE: Generating 3D neuron positions for 1280 neurons...
[2026-06-21 11:05:43][INFO] SIM_BRIDGE: Generating connections (brain-region framework)...
[2026-06-21 11:05:44][INFO] SIM_BRIDGE: inject_explicit_wiring: installed 40875 synapses across 59 populations.
[2026-06-21 11:05:44][INFO] SIM_BRIDGE: Initializing eligibility traces for 40875 synapses (capacity: 61312, dtype: float32)...
[2026-06-21 11:05:44][INFO] SIM_BRIDGE: Initializing STDP state for 1280 neurons...
[2026-06-21 11:05:44][INFO] SIM_BRIDGE: Simulation data initialized for 1280 neurons (3D). Synapses: 40875. GPU memory: 1.4GB/25.8GB (5.2%)
[g11 seed=43] Spiking-SNc Stage B: NEURAL value critic ON (striosome_value n=80, place->value w0=0.20018084347248077); r-V subtracted via GABA_B/GIRK (E_K=-90mV, prop=0.02); critic->SNc gate = OPEN (continuous, Stage 1). Host _V_scaffold DROPPED.
[g11 seed=43] BG circuit: 43 regions, 1280 neurons, 40875 synapses
[g11 seed=43] N9 STEP-1 place self-org done (18s): diff-loc cos=0.000000 sparsity=0.092500 (place fields FROZEN; DETERMINISTIC)
[g11 seed=43] N9 STEP-2 value-training done (211s): 40 pair-then-reward trials x 4 goal(s); w_near 0.203->0.203 w_far 0.202->0.202 (near/far 1.01); V(near) 0.0->0.0Hz (place fields FROZEN; V FROZEN)
========================================================================
[g11 seed=43] N9 STAGE-B SMOKE (value-learning @ nav scale):
  near=(6, 6) far=(1.0, 1.0) (near_set=13 far_set=4 place cells)
  [LEARNS-V]  w_near=0.203 w_far=0.202 (near/far 1.01; >=1.5x => False)
  [CRITIC FIRE+GRADE] (weighted plateau, k=12) critic@near=0.00Hz critic@far=0.00Hz (>=5Hz & near>=3xfar; fire=False grade=False)
  [GABA_B gap d=r-V]  predicted(NEAR)=50.00Hz unpredicted(FAR)=50.00Hz gap=1.00 (unpred>1.3x pred => False)
  [LESION control]    zeroed 402 GABA_B synapses -> pred=50.00Hz unpred=50.00Hz gap=1.00 (collapses to ~1.0 => True)
  STAGE-B VERDICT: LEARNS-V=False CRITIC-FIRE+GRADE=False GABA_B-gap=False lesion-collapses=True
  [HONEST] critic does NOT fire+grade at nav scale (critic@near=0.00Hz, near/far=0.00) — design §Risk 'place-code self-org at nav scale' / 'actor-critic interaction'.
========================================================================
[grid-onbridge DELTA RESULT seed=43 arm=lesion] LEARNS-V=False (w_n/w_f=1.007395642166623) critic@near=0.0Hz @far=0.0Hz grade=0.0 | V_near=0.0 V_far=0.0 V_n/f=0.0 | snc-burst-delta(gap)=1.0 gabab_gap=False | GRADED-V delta_vnf=0.0 (vnf_gap=False) delta_snc_graded=1.0 (snc_pred=50.0 snc_unpred=50.0) | GABA_B-cond delta_gabab=0.0 (gap=False) [gb_near=0.0 gb_far=0.0]
[grid-onbridge] wrote research/findings/raw/_n5_grid_onbridge_detread_seed43.json
