========================================================================
[grid-onbridge DELTA] seed=44 arm=grid grid_on=True scramble=False (graded center=1.5 slope=1.0 strength=80.0 readout_only=True) n_grid=198
========================================================================
[g11] WARN: --spiking-reward-us WITHOUT --perceived-approach-reward -> the US rides on the COORD-based reward (not coord-free). Add --perceived-approach-reward for the fully-biologized (coord-free) reward chain.
[2026-06-21 11:10:05][INFO] SIM_BRIDGE: CuPy using GPU: NVIDIA GeForce RTX 3090 (24.0 GB), mempool limit: 80%
[2026-06-21 11:10:05][INFO] SIM_BRIDGE: Initializing simulation data for model: IZHIKEVICH (3D)... (playback_init: False)
[2026-06-21 11:10:05][INFO] SIM_BRIDGE: Brain-region framework: 43 regions, 1280 total neurons, 59 pathways.
[2026-06-21 11:10:05][INFO] SIM_BRIDGE: RNG initialized with seed: 44
[2026-06-21 11:10:05][INFO] SIM_BRIDGE: NMDA per-region mask: 1 regions enabled (80 neurons)
[2026-06-21 11:10:05][INFO] SIM_BRIDGE: Homeostasis per-region mask: 1 regions enabled (80 neurons)
[2026-06-21 11:10:05][INFO] SIM_BRIDGE: Initializing Izhikevich model specifics for 1280 neurons...
[2026-06-21 11:10:05][INFO] SIM_BRIDGE: Region 'cortex_N' (25 neurons): using Izh type IZH2007_RS_CORTICAL_PYRAMIDAL
[2026-06-21 11:10:05][INFO] SIM_BRIDGE: Region 'cortex_E' (25 neurons): using Izh type IZH2007_RS_CORTICAL_PYRAMIDAL
[2026-06-21 11:10:05][INFO] SIM_BRIDGE: Region 'cortex_S' (25 neurons): using Izh type IZH2007_RS_CORTICAL_PYRAMIDAL
[2026-06-21 11:10:05][INFO] SIM_BRIDGE: Region 'cortex_W' (25 neurons): using Izh type IZH2007_RS_CORTICAL_PYRAMIDAL
[2026-06-21 11:10:05][INFO] SIM_BRIDGE: Region 'str_D1_N' (50 neurons): using Izh type IZH2007_STRIATAL_MSN_D1
[2026-06-21 11:10:05][INFO] SIM_BRIDGE: Region 'str_D2_N' (50 neurons): using Izh type IZH2007_STRIATAL_MSN_D2
[2026-06-21 11:10:05][INFO] SIM_BRIDGE: Region 'str_D1_E' (50 neurons): using Izh type IZH2007_STRIATAL_MSN_D1
[2026-06-21 11:10:05][INFO] SIM_BRIDGE: Region 'str_D2_E' (50 neurons): using Izh type IZH2007_STRIATAL_MSN_D2
[2026-06-21 11:10:05][INFO] SIM_BRIDGE: Region 'str_D1_S' (50 neurons): using Izh type IZH2007_STRIATAL_MSN_D1
[2026-06-21 11:10:05][INFO] SIM_BRIDGE: Region 'str_D2_S' (50 neurons): using Izh type IZH2007_STRIATAL_MSN_D2
[2026-06-21 11:10:05][INFO] SIM_BRIDGE: Region 'str_D1_W' (50 neurons): using Izh type IZH2007_STRIATAL_MSN_D1
[2026-06-21 11:10:05][INFO] SIM_BRIDGE: Region 'str_D2_W' (50 neurons): using Izh type IZH2007_STRIATAL_MSN_D2
[2026-06-21 11:10:05][INFO] SIM_BRIDGE: Region 'gpe_N' (10 neurons): using Izh type IZH2007_GPE_PACEMAKER
[2026-06-21 11:10:05][INFO] SIM_BRIDGE: Region 'gpe_arky_N' (4 neurons): using Izh type IZH2007_GPE_PACEMAKER
[2026-06-21 11:10:05][INFO] SIM_BRIDGE: Region 'gpi_N' (10 neurons): using Izh type IZH2007_GPI_OUTPUT
[2026-06-21 11:10:05][INFO] SIM_BRIDGE: Region 'str_striosome_N' (8 neurons): using Izh type IZH2007_STRIATAL_MSN_D1
[2026-06-21 11:10:05][INFO] SIM_BRIDGE: Region 'gpe_E' (10 neurons): using Izh type IZH2007_GPE_PACEMAKER
[2026-06-21 11:10:05][INFO] SIM_BRIDGE: Region 'gpe_arky_E' (4 neurons): using Izh type IZH2007_GPE_PACEMAKER
[2026-06-21 11:10:05][INFO] SIM_BRIDGE: Region 'gpi_E' (10 neurons): using Izh type IZH2007_GPI_OUTPUT
[2026-06-21 11:10:05][INFO] SIM_BRIDGE: Region 'str_striosome_E' (8 neurons): using Izh type IZH2007_STRIATAL_MSN_D1
[2026-06-21 11:10:05][INFO] SIM_BRIDGE: Region 'gpe_S' (10 neurons): using Izh type IZH2007_GPE_PACEMAKER
[2026-06-21 11:10:05][INFO] SIM_BRIDGE: Region 'gpe_arky_S' (4 neurons): using Izh type IZH2007_GPE_PACEMAKER
[2026-06-21 11:10:05][INFO] SIM_BRIDGE: Region 'gpi_S' (10 neurons): using Izh type IZH2007_GPI_OUTPUT
[2026-06-21 11:10:05][INFO] SIM_BRIDGE: Region 'str_striosome_S' (8 neurons): using Izh type IZH2007_STRIATAL_MSN_D1
[2026-06-21 11:10:05][INFO] SIM_BRIDGE: Region 'gpe_W' (10 neurons): using Izh type IZH2007_GPE_PACEMAKER
[2026-06-21 11:10:05][INFO] SIM_BRIDGE: Region 'gpe_arky_W' (4 neurons): using Izh type IZH2007_GPE_PACEMAKER
[2026-06-21 11:10:05][INFO] SIM_BRIDGE: Region 'gpi_W' (10 neurons): using Izh type IZH2007_GPI_OUTPUT
[2026-06-21 11:10:05][INFO] SIM_BRIDGE: Region 'str_striosome_W' (8 neurons): using Izh type IZH2007_STRIATAL_MSN_D1
[2026-06-21 11:10:05][INFO] SIM_BRIDGE: Region 'stn' (20 neurons): using Izh type IZH2007_STN_BURST
[2026-06-21 11:10:05][INFO] SIM_BRIDGE: Region 'thal_N' (10 neurons): using Izh type IZH2007_THALAMIC_RELAY
[2026-06-21 11:10:05][INFO] SIM_BRIDGE: Region 'motor_N' (10 neurons): using Izh type IZH2007_RS_CORTICAL_PYRAMIDAL
[2026-06-21 11:10:05][INFO] SIM_BRIDGE: Region 'thal_E' (10 neurons): using Izh type IZH2007_THALAMIC_RELAY
[2026-06-21 11:10:05][INFO] SIM_BRIDGE: Region 'motor_E' (10 neurons): using Izh type IZH2007_RS_CORTICAL_PYRAMIDAL
[2026-06-21 11:10:05][INFO] SIM_BRIDGE: Region 'thal_S' (10 neurons): using Izh type IZH2007_THALAMIC_RELAY
[2026-06-21 11:10:05][INFO] SIM_BRIDGE: Region 'motor_S' (10 neurons): using Izh type IZH2007_RS_CORTICAL_PYRAMIDAL
[2026-06-21 11:10:05][INFO] SIM_BRIDGE: Region 'thal_W' (10 neurons): using Izh type IZH2007_THALAMIC_RELAY
[2026-06-21 11:10:05][INFO] SIM_BRIDGE: Region 'motor_W' (10 neurons): using Izh type IZH2007_RS_CORTICAL_PYRAMIDAL
[2026-06-21 11:10:05][INFO] SIM_BRIDGE: Region 'snc' (10 neurons): using Izh type IZH2007_DOPAMINE
[2026-06-21 11:10:05][INFO] SIM_BRIDGE: Region 'reward_us' (40 neurons): using Izh type IZH2007_RS_CORTICAL_PYRAMIDAL
[2026-06-21 11:10:05][INFO] SIM_BRIDGE: Region 'place_sensors' (198 neurons): using Izh type IZH2007_RS_CORTICAL_PYRAMIDAL
[2026-06-21 11:10:05][INFO] SIM_BRIDGE: Region 'place' (200 neurons): using Izh type IZH2007_HIPPO_PYRAMIDAL
[2026-06-21 11:10:05][INFO] SIM_BRIDGE: Region 'place_fs' (24 neurons): using Izh type IZH2007_FS_CORTICAL_INTERNEURON
[2026-06-21 11:10:05][INFO] SIM_BRIDGE: Region 'striosome_value' (80 neurons): using Izh type IZH2007_STRIATAL_MSN_D1
[2026-06-21 11:10:05][INFO] SIM_BRIDGE: Generating 3D neuron positions for 1280 neurons...
[2026-06-21 11:10:05][INFO] SIM_BRIDGE: Generating connections (brain-region framework)...
[2026-06-21 11:10:06][INFO] SIM_BRIDGE: inject_explicit_wiring: installed 40830 synapses across 59 populations.
[2026-06-21 11:10:06][INFO] SIM_BRIDGE: Initializing eligibility traces for 40830 synapses (capacity: 61245, dtype: float32)...
[2026-06-21 11:10:06][INFO] SIM_BRIDGE: Initializing STDP state for 1280 neurons...
[2026-06-21 11:10:06][INFO] SIM_BRIDGE: Simulation data initialized for 1280 neurons (3D). Synapses: 40830. GPU memory: 1.3GB/25.8GB (5.1%)
[g11 seed=44] Spiking-SNc Stage B: NEURAL value critic ON (striosome_value n=80, place->value w0=0.20027300715446472); r-V subtracted via GABA_B/GIRK (E_K=-90mV, prop=0.02); critic->SNc gate = OPEN (continuous, Stage 1). Host _V_scaffold DROPPED.
[g11 seed=44] BG circuit: 43 regions, 1280 neurons, 40830 synapses
[g11 seed=44] N9 STEP-1 place self-org done (23s): diff-loc cos=0.189258 sparsity=0.170000 (place fields FROZEN; DETERMINISTIC)
[g11 seed=44] N9 STEP-2 value-training done (231s): 40 pair-then-reward trials x 4 goal(s); w_near 0.200->2.475 w_far 0.198->1.274 (near/far 1.94); V(near) 50.357142857142854->30.44642857142857Hz (place fields FROZEN; V FROZEN)
========================================================================
[g11 seed=44] N9 STAGE-B SMOKE (value-learning @ nav scale):
  near=(6, 6) far=(1.0, 1.0) (near_set=59 far_set=2 place cells)
  [LEARNS-V]  w_near=2.475 w_far=1.274 (near/far 1.94; >=1.5x => True)
  [CRITIC FIRE+GRADE] (weighted plateau, k=12) critic@near=255.83Hz critic@far=136.53Hz (>=5Hz & near>=3xfar; fire=True grade=False)
  [GABA_B gap d=r-V]  predicted(NEAR)=0.00Hz unpredicted(FAR)=0.00Hz gap=0.00 (unpred>1.3x pred => False)
  [LESION control]    zeroed 403 GABA_B synapses -> pred=30.00Hz unpred=25.00Hz gap=0.83 (collapses to ~1.0 => True)
  STAGE-B VERDICT: LEARNS-V=True CRITIC-FIRE+GRADE=False GABA_B-gap=False lesion-collapses=True
  [HONEST] critic does NOT fire+grade at nav scale (critic@near=255.83Hz, near/far=1.87) — design §Risk 'place-code self-org at nav scale' / 'actor-critic interaction'.
========================================================================
[grid-onbridge DELTA RESULT seed=44 arm=grid] LEARNS-V=True (w_n/w_f=1.9430303277562582) critic@near=255.83333333333331Hz @far=136.52777777777777Hz grade=1.8738555442522888 | V_near=1044.214616494246 V_far=218.43541608712854 V_n/f=4.780427254881298 | snc-burst-delta(gap)=0.0 gabab_gap=False | GRADED-V delta_vnf=5.461027365029712 (vnf_gap=True) delta_snc_graded=0.0 (snc_pred=0.0 snc_unpred=0.0) | GABA_B-cond delta_gabab=0.0 (gap=False) [gb_near=0.0 gb_far=1.7847543101306653]
========================================================================
[grid-onbridge DELTA] seed=44 arm=render grid_on=False scramble=False (graded center=1.5 slope=1.0 strength=80.0 readout_only=True) n_grid=None
========================================================================
[g11] WARN: --spiking-reward-us WITHOUT --perceived-approach-reward -> the US rides on the COORD-based reward (not coord-free). Add --perceived-approach-reward for the fully-biologized (coord-free) reward chain.
[2026-06-21 11:14:36][INFO] SIM_BRIDGE: CuPy using GPU: NVIDIA GeForce RTX 3090 (24.0 GB), mempool limit: 80%
[2026-06-21 11:14:36][INFO] SIM_BRIDGE: Initializing simulation data for model: IZHIKEVICH (3D)... (playback_init: False)
[2026-06-21 11:14:36][INFO] SIM_BRIDGE: Brain-region framework: 43 regions, 1142 total neurons, 59 pathways.
[2026-06-21 11:14:36][INFO] SIM_BRIDGE: RNG initialized with seed: 44
[2026-06-21 11:14:36][INFO] SIM_BRIDGE: NMDA per-region mask: 1 regions enabled (80 neurons)
[2026-06-21 11:14:36][INFO] SIM_BRIDGE: Homeostasis per-region mask: 1 regions enabled (80 neurons)
[2026-06-21 11:14:36][INFO] SIM_BRIDGE: Initializing Izhikevich model specifics for 1142 neurons...
[2026-06-21 11:14:36][INFO] SIM_BRIDGE: Region 'cortex_N' (25 neurons): using Izh type IZH2007_RS_CORTICAL_PYRAMIDAL
[2026-06-21 11:14:36][INFO] SIM_BRIDGE: Region 'cortex_E' (25 neurons): using Izh type IZH2007_RS_CORTICAL_PYRAMIDAL
[2026-06-21 11:14:36][INFO] SIM_BRIDGE: Region 'cortex_S' (25 neurons): using Izh type IZH2007_RS_CORTICAL_PYRAMIDAL
[2026-06-21 11:14:36][INFO] SIM_BRIDGE: Region 'cortex_W' (25 neurons): using Izh type IZH2007_RS_CORTICAL_PYRAMIDAL
[2026-06-21 11:14:36][INFO] SIM_BRIDGE: Region 'str_D1_N' (50 neurons): using Izh type IZH2007_STRIATAL_MSN_D1
[2026-06-21 11:14:36][INFO] SIM_BRIDGE: Region 'str_D2_N' (50 neurons): using Izh type IZH2007_STRIATAL_MSN_D2
[2026-06-21 11:14:36][INFO] SIM_BRIDGE: Region 'str_D1_E' (50 neurons): using Izh type IZH2007_STRIATAL_MSN_D1
[2026-06-21 11:14:36][INFO] SIM_BRIDGE: Region 'str_D2_E' (50 neurons): using Izh type IZH2007_STRIATAL_MSN_D2
[2026-06-21 11:14:36][INFO] SIM_BRIDGE: Region 'str_D1_S' (50 neurons): using Izh type IZH2007_STRIATAL_MSN_D1
[2026-06-21 11:14:36][INFO] SIM_BRIDGE: Region 'str_D2_S' (50 neurons): using Izh type IZH2007_STRIATAL_MSN_D2
[2026-06-21 11:14:36][INFO] SIM_BRIDGE: Region 'str_D1_W' (50 neurons): using Izh type IZH2007_STRIATAL_MSN_D1
[2026-06-21 11:14:36][INFO] SIM_BRIDGE: Region 'str_D2_W' (50 neurons): using Izh type IZH2007_STRIATAL_MSN_D2
[2026-06-21 11:14:36][INFO] SIM_BRIDGE: Region 'gpe_N' (10 neurons): using Izh type IZH2007_GPE_PACEMAKER
[2026-06-21 11:14:36][INFO] SIM_BRIDGE: Region 'gpe_arky_N' (4 neurons): using Izh type IZH2007_GPE_PACEMAKER
[2026-06-21 11:14:36][INFO] SIM_BRIDGE: Region 'gpi_N' (10 neurons): using Izh type IZH2007_GPI_OUTPUT
[2026-06-21 11:14:36][INFO] SIM_BRIDGE: Region 'str_striosome_N' (8 neurons): using Izh type IZH2007_STRIATAL_MSN_D1
[2026-06-21 11:14:36][INFO] SIM_BRIDGE: Region 'gpe_E' (10 neurons): using Izh type IZH2007_GPE_PACEMAKER
[2026-06-21 11:14:36][INFO] SIM_BRIDGE: Region 'gpe_arky_E' (4 neurons): using Izh type IZH2007_GPE_PACEMAKER
[2026-06-21 11:14:36][INFO] SIM_BRIDGE: Region 'gpi_E' (10 neurons): using Izh type IZH2007_GPI_OUTPUT
[2026-06-21 11:14:36][INFO] SIM_BRIDGE: Region 'str_striosome_E' (8 neurons): using Izh type IZH2007_STRIATAL_MSN_D1
[2026-06-21 11:14:36][INFO] SIM_BRIDGE: Region 'gpe_S' (10 neurons): using Izh type IZH2007_GPE_PACEMAKER
[2026-06-21 11:14:36][INFO] SIM_BRIDGE: Region 'gpe_arky_S' (4 neurons): using Izh type IZH2007_GPE_PACEMAKER
[2026-06-21 11:14:36][INFO] SIM_BRIDGE: Region 'gpi_S' (10 neurons): using Izh type IZH2007_GPI_OUTPUT
[2026-06-21 11:14:36][INFO] SIM_BRIDGE: Region 'str_striosome_S' (8 neurons): using Izh type IZH2007_STRIATAL_MSN_D1
[2026-06-21 11:14:36][INFO] SIM_BRIDGE: Region 'gpe_W' (10 neurons): using Izh type IZH2007_GPE_PACEMAKER
[2026-06-21 11:14:36][INFO] SIM_BRIDGE: Region 'gpe_arky_W' (4 neurons): using Izh type IZH2007_GPE_PACEMAKER
[2026-06-21 11:14:36][INFO] SIM_BRIDGE: Region 'gpi_W' (10 neurons): using Izh type IZH2007_GPI_OUTPUT
[2026-06-21 11:14:36][INFO] SIM_BRIDGE: Region 'str_striosome_W' (8 neurons): using Izh type IZH2007_STRIATAL_MSN_D1
[2026-06-21 11:14:36][INFO] SIM_BRIDGE: Region 'stn' (20 neurons): using Izh type IZH2007_STN_BURST
[2026-06-21 11:14:36][INFO] SIM_BRIDGE: Region 'thal_N' (10 neurons): using Izh type IZH2007_THALAMIC_RELAY
[2026-06-21 11:14:36][INFO] SIM_BRIDGE: Region 'motor_N' (10 neurons): using Izh type IZH2007_RS_CORTICAL_PYRAMIDAL
[2026-06-21 11:14:36][INFO] SIM_BRIDGE: Region 'thal_E' (10 neurons): using Izh type IZH2007_THALAMIC_RELAY
[2026-06-21 11:14:36][INFO] SIM_BRIDGE: Region 'motor_E' (10 neurons): using Izh type IZH2007_RS_CORTICAL_PYRAMIDAL
[2026-06-21 11:14:36][INFO] SIM_BRIDGE: Region 'thal_S' (10 neurons): using Izh type IZH2007_THALAMIC_RELAY
[2026-06-21 11:14:36][INFO] SIM_BRIDGE: Region 'motor_S' (10 neurons): using Izh type IZH2007_RS_CORTICAL_PYRAMIDAL
[2026-06-21 11:14:36][INFO] SIM_BRIDGE: Region 'thal_W' (10 neurons): using Izh type IZH2007_THALAMIC_RELAY
[2026-06-21 11:14:36][INFO] SIM_BRIDGE: Region 'motor_W' (10 neurons): using Izh type IZH2007_RS_CORTICAL_PYRAMIDAL
[2026-06-21 11:14:36][INFO] SIM_BRIDGE: Region 'snc' (10 neurons): using Izh type IZH2007_DOPAMINE
[2026-06-21 11:14:36][INFO] SIM_BRIDGE: Region 'reward_us' (40 neurons): using Izh type IZH2007_RS_CORTICAL_PYRAMIDAL
[2026-06-21 11:14:36][INFO] SIM_BRIDGE: Region 'place_sensors' (60 neurons): using Izh type IZH2007_RS_CORTICAL_PYRAMIDAL
[2026-06-21 11:14:36][INFO] SIM_BRIDGE: Region 'place' (200 neurons): using Izh type IZH2007_HIPPO_PYRAMIDAL
[2026-06-21 11:14:36][INFO] SIM_BRIDGE: Region 'place_fs' (24 neurons): using Izh type IZH2007_FS_CORTICAL_INTERNEURON
[2026-06-21 11:14:36][INFO] SIM_BRIDGE: Region 'striosome_value' (80 neurons): using Izh type IZH2007_STRIATAL_MSN_D1
[2026-06-21 11:14:36][INFO] SIM_BRIDGE: Generating 3D neuron positions for 1142 neurons...
[2026-06-21 11:14:36][INFO] SIM_BRIDGE: Generating connections (brain-region framework)...
[2026-06-21 11:14:36][INFO] SIM_BRIDGE: inject_explicit_wiring: installed 27086 synapses across 59 populations.
[2026-06-21 11:14:36][INFO] SIM_BRIDGE: Initializing eligibility traces for 27086 synapses (capacity: 40629, dtype: float32)...
[2026-06-21 11:14:36][INFO] SIM_BRIDGE: Initializing STDP state for 1142 neurons...
[2026-06-21 11:14:36][INFO] SIM_BRIDGE: Simulation data initialized for 1142 neurons (3D). Synapses: 27086. GPU memory: 1.4GB/25.8GB (5.2%)
[g11 seed=44] Spiking-SNc Stage B: NEURAL value critic ON (striosome_value n=80, place->value w0=0.20035521686077118); r-V subtracted via GABA_B/GIRK (E_K=-90mV, prop=0.02); critic->SNc gate = OPEN (continuous, Stage 1). Host _V_scaffold DROPPED.
[g11 seed=44] BG circuit: 43 regions, 1142 neurons, 27086 synapses
[g11 seed=44] N9 STEP-1 place self-org done (19s): diff-loc cos=0.667246 sparsity=0.077500 (place fields FROZEN; DETERMINISTIC)
[g11 seed=44] N9 STEP-2 value-training done (211s): 40 pair-then-reward trials x 4 goal(s); w_near 0.202->0.213 w_far 0.203->0.211 (near/far 1.01); V(near) 0.0->0.0Hz (place fields FROZEN; V FROZEN)
========================================================================
[g11 seed=44] N9 STAGE-B SMOKE (value-learning @ nav scale):
  near=(6, 6) far=(1.0, 1.0) (near_set=9 far_set=9 place cells)
  [LEARNS-V]  w_near=0.213 w_far=0.211 (near/far 1.01; >=1.5x => False)
  [CRITIC FIRE+GRADE] (weighted plateau, k=12) critic@near=0.00Hz critic@far=0.28Hz (>=5Hz & near>=3xfar; fire=False grade=False)
  [GABA_B gap d=r-V]  predicted(NEAR)=50.00Hz unpredicted(FAR)=50.00Hz gap=1.00 (unpred>1.3x pred => False)
  [LESION control]    zeroed 411 GABA_B synapses -> pred=50.00Hz unpred=50.00Hz gap=1.00 (collapses to ~1.0 => True)
  STAGE-B VERDICT: LEARNS-V=False CRITIC-FIRE+GRADE=False GABA_B-gap=False lesion-collapses=True
  [HONEST] critic does NOT fire+grade at nav scale (critic@near=0.00Hz, near/far=0.00) — design §Risk 'place-code self-org at nav scale' / 'actor-critic interaction'.
========================================================================
[grid-onbridge DELTA RESULT seed=44 arm=render] LEARNS-V=False (w_n/w_f=1.0073992068126019) critic@near=0.0Hz @far=0.2777777777777778Hz grade=0.0 | V_near=10.715119660390654 V_far=20.606418881835143 V_n/f=0.5199894130967214 | snc-burst-delta(gap)=1.0 gabab_gap=False | GRADED-V delta_vnf=0.5316158225510272 (vnf_gap=False) delta_snc_graded=1.0 (snc_pred=50.0 snc_unpred=50.0) | GABA_B-cond delta_gabab=0.0 (gap=False) [gb_near=0.0 gb_far=0.0]
========================================================================
[grid-onbridge DELTA] seed=44 arm=scramble grid_on=True scramble=True (graded center=1.5 slope=1.0 strength=80.0 readout_only=True) n_grid=198
========================================================================
[g11] WARN: --spiking-reward-us WITHOUT --perceived-approach-reward -> the US rides on the COORD-based reward (not coord-free). Add --perceived-approach-reward for the fully-biologized (coord-free) reward chain.
[2026-06-21 11:18:40][INFO] SIM_BRIDGE: CuPy using GPU: NVIDIA GeForce RTX 3090 (24.0 GB), mempool limit: 80%
[2026-06-21 11:18:40][INFO] SIM_BRIDGE: Initializing simulation data for model: IZHIKEVICH (3D)... (playback_init: False)
[2026-06-21 11:18:40][INFO] SIM_BRIDGE: Brain-region framework: 43 regions, 1280 total neurons, 59 pathways.
[2026-06-21 11:18:40][INFO] SIM_BRIDGE: RNG initialized with seed: 44
[2026-06-21 11:18:40][INFO] SIM_BRIDGE: NMDA per-region mask: 1 regions enabled (80 neurons)
[2026-06-21 11:18:40][INFO] SIM_BRIDGE: Homeostasis per-region mask: 1 regions enabled (80 neurons)
[2026-06-21 11:18:40][INFO] SIM_BRIDGE: Initializing Izhikevich model specifics for 1280 neurons...
[2026-06-21 11:18:40][INFO] SIM_BRIDGE: Region 'cortex_N' (25 neurons): using Izh type IZH2007_RS_CORTICAL_PYRAMIDAL
[2026-06-21 11:18:40][INFO] SIM_BRIDGE: Region 'cortex_E' (25 neurons): using Izh type IZH2007_RS_CORTICAL_PYRAMIDAL
[2026-06-21 11:18:40][INFO] SIM_BRIDGE: Region 'cortex_S' (25 neurons): using Izh type IZH2007_RS_CORTICAL_PYRAMIDAL
[2026-06-21 11:18:40][INFO] SIM_BRIDGE: Region 'cortex_W' (25 neurons): using Izh type IZH2007_RS_CORTICAL_PYRAMIDAL
[2026-06-21 11:18:40][INFO] SIM_BRIDGE: Region 'str_D1_N' (50 neurons): using Izh type IZH2007_STRIATAL_MSN_D1
[2026-06-21 11:18:40][INFO] SIM_BRIDGE: Region 'str_D2_N' (50 neurons): using Izh type IZH2007_STRIATAL_MSN_D2
[2026-06-21 11:18:40][INFO] SIM_BRIDGE: Region 'str_D1_E' (50 neurons): using Izh type IZH2007_STRIATAL_MSN_D1
[2026-06-21 11:18:40][INFO] SIM_BRIDGE: Region 'str_D2_E' (50 neurons): using Izh type IZH2007_STRIATAL_MSN_D2
[2026-06-21 11:18:40][INFO] SIM_BRIDGE: Region 'str_D1_S' (50 neurons): using Izh type IZH2007_STRIATAL_MSN_D1
[2026-06-21 11:18:40][INFO] SIM_BRIDGE: Region 'str_D2_S' (50 neurons): using Izh type IZH2007_STRIATAL_MSN_D2
[2026-06-21 11:18:40][INFO] SIM_BRIDGE: Region 'str_D1_W' (50 neurons): using Izh type IZH2007_STRIATAL_MSN_D1
[2026-06-21 11:18:40][INFO] SIM_BRIDGE: Region 'str_D2_W' (50 neurons): using Izh type IZH2007_STRIATAL_MSN_D2
[2026-06-21 11:18:40][INFO] SIM_BRIDGE: Region 'gpe_N' (10 neurons): using Izh type IZH2007_GPE_PACEMAKER
[2026-06-21 11:18:40][INFO] SIM_BRIDGE: Region 'gpe_arky_N' (4 neurons): using Izh type IZH2007_GPE_PACEMAKER
[2026-06-21 11:18:40][INFO] SIM_BRIDGE: Region 'gpi_N' (10 neurons): using Izh type IZH2007_GPI_OUTPUT
[2026-06-21 11:18:40][INFO] SIM_BRIDGE: Region 'str_striosome_N' (8 neurons): using Izh type IZH2007_STRIATAL_MSN_D1
[2026-06-21 11:18:40][INFO] SIM_BRIDGE: Region 'gpe_E' (10 neurons): using Izh type IZH2007_GPE_PACEMAKER
[2026-06-21 11:18:40][INFO] SIM_BRIDGE: Region 'gpe_arky_E' (4 neurons): using Izh type IZH2007_GPE_PACEMAKER
[2026-06-21 11:18:40][INFO] SIM_BRIDGE: Region 'gpi_E' (10 neurons): using Izh type IZH2007_GPI_OUTPUT
[2026-06-21 11:18:40][INFO] SIM_BRIDGE: Region 'str_striosome_E' (8 neurons): using Izh type IZH2007_STRIATAL_MSN_D1
[2026-06-21 11:18:40][INFO] SIM_BRIDGE: Region 'gpe_S' (10 neurons): using Izh type IZH2007_GPE_PACEMAKER
[2026-06-21 11:18:40][INFO] SIM_BRIDGE: Region 'gpe_arky_S' (4 neurons): using Izh type IZH2007_GPE_PACEMAKER
[2026-06-21 11:18:40][INFO] SIM_BRIDGE: Region 'gpi_S' (10 neurons): using Izh type IZH2007_GPI_OUTPUT
[2026-06-21 11:18:40][INFO] SIM_BRIDGE: Region 'str_striosome_S' (8 neurons): using Izh type IZH2007_STRIATAL_MSN_D1
[2026-06-21 11:18:40][INFO] SIM_BRIDGE: Region 'gpe_W' (10 neurons): using Izh type IZH2007_GPE_PACEMAKER
[2026-06-21 11:18:40][INFO] SIM_BRIDGE: Region 'gpe_arky_W' (4 neurons): using Izh type IZH2007_GPE_PACEMAKER
[2026-06-21 11:18:40][INFO] SIM_BRIDGE: Region 'gpi_W' (10 neurons): using Izh type IZH2007_GPI_OUTPUT
[2026-06-21 11:18:40][INFO] SIM_BRIDGE: Region 'str_striosome_W' (8 neurons): using Izh type IZH2007_STRIATAL_MSN_D1
[2026-06-21 11:18:40][INFO] SIM_BRIDGE: Region 'stn' (20 neurons): using Izh type IZH2007_STN_BURST
[2026-06-21 11:18:40][INFO] SIM_BRIDGE: Region 'thal_N' (10 neurons): using Izh type IZH2007_THALAMIC_RELAY
[2026-06-21 11:18:40][INFO] SIM_BRIDGE: Region 'motor_N' (10 neurons): using Izh type IZH2007_RS_CORTICAL_PYRAMIDAL
[2026-06-21 11:18:40][INFO] SIM_BRIDGE: Region 'thal_E' (10 neurons): using Izh type IZH2007_THALAMIC_RELAY
[2026-06-21 11:18:40][INFO] SIM_BRIDGE: Region 'motor_E' (10 neurons): using Izh type IZH2007_RS_CORTICAL_PYRAMIDAL
[2026-06-21 11:18:40][INFO] SIM_BRIDGE: Region 'thal_S' (10 neurons): using Izh type IZH2007_THALAMIC_RELAY
[2026-06-21 11:18:40][INFO] SIM_BRIDGE: Region 'motor_S' (10 neurons): using Izh type IZH2007_RS_CORTICAL_PYRAMIDAL
[2026-06-21 11:18:40][INFO] SIM_BRIDGE: Region 'thal_W' (10 neurons): using Izh type IZH2007_THALAMIC_RELAY
[2026-06-21 11:18:40][INFO] SIM_BRIDGE: Region 'motor_W' (10 neurons): using Izh type IZH2007_RS_CORTICAL_PYRAMIDAL
[2026-06-21 11:18:40][INFO] SIM_BRIDGE: Region 'snc' (10 neurons): using Izh type IZH2007_DOPAMINE
[2026-06-21 11:18:40][INFO] SIM_BRIDGE: Region 'reward_us' (40 neurons): using Izh type IZH2007_RS_CORTICAL_PYRAMIDAL
[2026-06-21 11:18:40][INFO] SIM_BRIDGE: Region 'place_sensors' (198 neurons): using Izh type IZH2007_RS_CORTICAL_PYRAMIDAL
[2026-06-21 11:18:40][INFO] SIM_BRIDGE: Region 'place' (200 neurons): using Izh type IZH2007_HIPPO_PYRAMIDAL
[2026-06-21 11:18:40][INFO] SIM_BRIDGE: Region 'place_fs' (24 neurons): using Izh type IZH2007_FS_CORTICAL_INTERNEURON
[2026-06-21 11:18:40][INFO] SIM_BRIDGE: Region 'striosome_value' (80 neurons): using Izh type IZH2007_STRIATAL_MSN_D1
[2026-06-21 11:18:40][INFO] SIM_BRIDGE: Generating 3D neuron positions for 1280 neurons...
[2026-06-21 11:18:40][INFO] SIM_BRIDGE: Generating connections (brain-region framework)...
[2026-06-21 11:18:40][INFO] SIM_BRIDGE: inject_explicit_wiring: installed 40830 synapses across 59 populations.
[2026-06-21 11:18:40][INFO] SIM_BRIDGE: Initializing eligibility traces for 40830 synapses (capacity: 61245, dtype: float32)...
[2026-06-21 11:18:40][INFO] SIM_BRIDGE: Initializing STDP state for 1280 neurons...
[2026-06-21 11:18:40][INFO] SIM_BRIDGE: Simulation data initialized for 1280 neurons (3D). Synapses: 40830. GPU memory: 1.4GB/25.8GB (5.2%)
[g11 seed=44] Spiking-SNc Stage B: NEURAL value critic ON (striosome_value n=80, place->value w0=0.20027300715446472); r-V subtracted via GABA_B/GIRK (E_K=-90mV, prop=0.02); critic->SNc gate = OPEN (continuous, Stage 1). Host _V_scaffold DROPPED.
[g11 seed=44] BG circuit: 43 regions, 1280 neurons, 40830 synapses
[g11 seed=44] N9 STEP-1 place self-org done (20s): diff-loc cos=0.000000 sparsity=0.107500 (place fields FROZEN; DETERMINISTIC)
[g11 seed=44] N9 STEP-2 value-training done (210s): 40 pair-then-reward trials x 4 goal(s); w_near 0.202->0.385 w_far 0.199->0.538 (near/far 0.72); V(near) 4.285714285714286->1.2499999999999998Hz (place fields FROZEN; V FROZEN)
========================================================================
[g11 seed=44] N9 STAGE-B SMOKE (value-learning @ nav scale):
  near=(6, 6) far=(1.0, 1.0) (near_set=24 far_set=23 place cells)
  [LEARNS-V]  w_near=0.385 w_far=0.538 (near/far 0.72; >=1.5x => False)
  [CRITIC FIRE+GRADE] (weighted plateau, k=12) critic@near=6.53Hz critic@far=60.83Hz (>=5Hz & near>=3xfar; fire=True grade=False)
  [GABA_B gap d=r-V]  predicted(NEAR)=45.00Hz unpredicted(FAR)=0.00Hz gap=0.00 (unpred>1.3x pred => False)
  [LESION control]    zeroed 403 GABA_B synapses -> pred=50.00Hz unpred=50.00Hz gap=1.00 (collapses to ~1.0 => True)
  STAGE-B VERDICT: LEARNS-V=False CRITIC-FIRE+GRADE=False GABA_B-gap=False lesion-collapses=True
  [HONEST] critic does NOT fire+grade at nav scale (critic@near=6.53Hz, near/far=0.11) — design §Risk 'place-code self-org at nav scale' / 'actor-critic interaction'.
========================================================================
[grid-onbridge DELTA RESULT seed=44 arm=scramble] LEARNS-V=False (w_n/w_f=0.7153089363933997) critic@near=6.527777777777779Hz @far=60.83333333333333Hz grade=0.10730593607305938 | V_near=20.704485667435524 V_far=92.18865021860599 V_n/f=0.22458822879323206 | snc-burst-delta(gap)=0.0 gabab_gap=False | GRADED-V delta_vnf=0.2514345570470277 (vnf_gap=False) delta_snc_graded=0.0 (snc_pred=50.0 snc_unpred=0.0) | GABA_B-cond delta_gabab=0.0 (gap=False) [gb_near=0.0 gb_far=0.0]
========================================================================
[grid-onbridge DELTA] seed=44 arm=no_learn grid_on=True scramble=False (graded center=1.5 slope=1.0 strength=80.0 readout_only=True) n_grid=198
========================================================================
[g11] WARN: --spiking-reward-us WITHOUT --perceived-approach-reward -> the US rides on the COORD-based reward (not coord-free). Add --perceived-approach-reward for the fully-biologized (coord-free) reward chain.
[2026-06-21 11:22:46][INFO] SIM_BRIDGE: CuPy using GPU: NVIDIA GeForce RTX 3090 (24.0 GB), mempool limit: 80%
[2026-06-21 11:22:46][INFO] SIM_BRIDGE: Initializing simulation data for model: IZHIKEVICH (3D)... (playback_init: False)
[2026-06-21 11:22:46][INFO] SIM_BRIDGE: Brain-region framework: 43 regions, 1280 total neurons, 59 pathways.
[2026-06-21 11:22:46][INFO] SIM_BRIDGE: RNG initialized with seed: 44
[2026-06-21 11:22:46][INFO] SIM_BRIDGE: NMDA per-region mask: 1 regions enabled (80 neurons)
[2026-06-21 11:22:46][INFO] SIM_BRIDGE: Homeostasis per-region mask: 1 regions enabled (80 neurons)
[2026-06-21 11:22:46][INFO] SIM_BRIDGE: Initializing Izhikevich model specifics for 1280 neurons...
[2026-06-21 11:22:46][INFO] SIM_BRIDGE: Region 'cortex_N' (25 neurons): using Izh type IZH2007_RS_CORTICAL_PYRAMIDAL
[2026-06-21 11:22:46][INFO] SIM_BRIDGE: Region 'cortex_E' (25 neurons): using Izh type IZH2007_RS_CORTICAL_PYRAMIDAL
[2026-06-21 11:22:46][INFO] SIM_BRIDGE: Region 'cortex_S' (25 neurons): using Izh type IZH2007_RS_CORTICAL_PYRAMIDAL
[2026-06-21 11:22:46][INFO] SIM_BRIDGE: Region 'cortex_W' (25 neurons): using Izh type IZH2007_RS_CORTICAL_PYRAMIDAL
[2026-06-21 11:22:46][INFO] SIM_BRIDGE: Region 'str_D1_N' (50 neurons): using Izh type IZH2007_STRIATAL_MSN_D1
[2026-06-21 11:22:46][INFO] SIM_BRIDGE: Region 'str_D2_N' (50 neurons): using Izh type IZH2007_STRIATAL_MSN_D2
[2026-06-21 11:22:46][INFO] SIM_BRIDGE: Region 'str_D1_E' (50 neurons): using Izh type IZH2007_STRIATAL_MSN_D1
[2026-06-21 11:22:46][INFO] SIM_BRIDGE: Region 'str_D2_E' (50 neurons): using Izh type IZH2007_STRIATAL_MSN_D2
[2026-06-21 11:22:46][INFO] SIM_BRIDGE: Region 'str_D1_S' (50 neurons): using Izh type IZH2007_STRIATAL_MSN_D1
[2026-06-21 11:22:46][INFO] SIM_BRIDGE: Region 'str_D2_S' (50 neurons): using Izh type IZH2007_STRIATAL_MSN_D2
[2026-06-21 11:22:46][INFO] SIM_BRIDGE: Region 'str_D1_W' (50 neurons): using Izh type IZH2007_STRIATAL_MSN_D1
[2026-06-21 11:22:46][INFO] SIM_BRIDGE: Region 'str_D2_W' (50 neurons): using Izh type IZH2007_STRIATAL_MSN_D2
[2026-06-21 11:22:46][INFO] SIM_BRIDGE: Region 'gpe_N' (10 neurons): using Izh type IZH2007_GPE_PACEMAKER
[2026-06-21 11:22:46][INFO] SIM_BRIDGE: Region 'gpe_arky_N' (4 neurons): using Izh type IZH2007_GPE_PACEMAKER
[2026-06-21 11:22:46][INFO] SIM_BRIDGE: Region 'gpi_N' (10 neurons): using Izh type IZH2007_GPI_OUTPUT
[2026-06-21 11:22:46][INFO] SIM_BRIDGE: Region 'str_striosome_N' (8 neurons): using Izh type IZH2007_STRIATAL_MSN_D1
[2026-06-21 11:22:46][INFO] SIM_BRIDGE: Region 'gpe_E' (10 neurons): using Izh type IZH2007_GPE_PACEMAKER
[2026-06-21 11:22:46][INFO] SIM_BRIDGE: Region 'gpe_arky_E' (4 neurons): using Izh type IZH2007_GPE_PACEMAKER
[2026-06-21 11:22:46][INFO] SIM_BRIDGE: Region 'gpi_E' (10 neurons): using Izh type IZH2007_GPI_OUTPUT
[2026-06-21 11:22:46][INFO] SIM_BRIDGE: Region 'str_striosome_E' (8 neurons): using Izh type IZH2007_STRIATAL_MSN_D1
[2026-06-21 11:22:46][INFO] SIM_BRIDGE: Region 'gpe_S' (10 neurons): using Izh type IZH2007_GPE_PACEMAKER
[2026-06-21 11:22:46][INFO] SIM_BRIDGE: Region 'gpe_arky_S' (4 neurons): using Izh type IZH2007_GPE_PACEMAKER
[2026-06-21 11:22:46][INFO] SIM_BRIDGE: Region 'gpi_S' (10 neurons): using Izh type IZH2007_GPI_OUTPUT
[2026-06-21 11:22:46][INFO] SIM_BRIDGE: Region 'str_striosome_S' (8 neurons): using Izh type IZH2007_STRIATAL_MSN_D1
[2026-06-21 11:22:46][INFO] SIM_BRIDGE: Region 'gpe_W' (10 neurons): using Izh type IZH2007_GPE_PACEMAKER
[2026-06-21 11:22:46][INFO] SIM_BRIDGE: Region 'gpe_arky_W' (4 neurons): using Izh type IZH2007_GPE_PACEMAKER
[2026-06-21 11:22:46][INFO] SIM_BRIDGE: Region 'gpi_W' (10 neurons): using Izh type IZH2007_GPI_OUTPUT
[2026-06-21 11:22:46][INFO] SIM_BRIDGE: Region 'str_striosome_W' (8 neurons): using Izh type IZH2007_STRIATAL_MSN_D1
[2026-06-21 11:22:46][INFO] SIM_BRIDGE: Region 'stn' (20 neurons): using Izh type IZH2007_STN_BURST
[2026-06-21 11:22:46][INFO] SIM_BRIDGE: Region 'thal_N' (10 neurons): using Izh type IZH2007_THALAMIC_RELAY
[2026-06-21 11:22:46][INFO] SIM_BRIDGE: Region 'motor_N' (10 neurons): using Izh type IZH2007_RS_CORTICAL_PYRAMIDAL
[2026-06-21 11:22:46][INFO] SIM_BRIDGE: Region 'thal_E' (10 neurons): using Izh type IZH2007_THALAMIC_RELAY
[2026-06-21 11:22:46][INFO] SIM_BRIDGE: Region 'motor_E' (10 neurons): using Izh type IZH2007_RS_CORTICAL_PYRAMIDAL
[2026-06-21 11:22:46][INFO] SIM_BRIDGE: Region 'thal_S' (10 neurons): using Izh type IZH2007_THALAMIC_RELAY
[2026-06-21 11:22:46][INFO] SIM_BRIDGE: Region 'motor_S' (10 neurons): using Izh type IZH2007_RS_CORTICAL_PYRAMIDAL
[2026-06-21 11:22:46][INFO] SIM_BRIDGE: Region 'thal_W' (10 neurons): using Izh type IZH2007_THALAMIC_RELAY
[2026-06-21 11:22:46][INFO] SIM_BRIDGE: Region 'motor_W' (10 neurons): using Izh type IZH2007_RS_CORTICAL_PYRAMIDAL
[2026-06-21 11:22:46][INFO] SIM_BRIDGE: Region 'snc' (10 neurons): using Izh type IZH2007_DOPAMINE
[2026-06-21 11:22:46][INFO] SIM_BRIDGE: Region 'reward_us' (40 neurons): using Izh type IZH2007_RS_CORTICAL_PYRAMIDAL
[2026-06-21 11:22:46][INFO] SIM_BRIDGE: Region 'place_sensors' (198 neurons): using Izh type IZH2007_RS_CORTICAL_PYRAMIDAL
[2026-06-21 11:22:46][INFO] SIM_BRIDGE: Region 'place' (200 neurons): using Izh type IZH2007_HIPPO_PYRAMIDAL
[2026-06-21 11:22:46][INFO] SIM_BRIDGE: Region 'place_fs' (24 neurons): using Izh type IZH2007_FS_CORTICAL_INTERNEURON
[2026-06-21 11:22:46][INFO] SIM_BRIDGE: Region 'striosome_value' (80 neurons): using Izh type IZH2007_STRIATAL_MSN_D1
[2026-06-21 11:22:46][INFO] SIM_BRIDGE: Generating 3D neuron positions for 1280 neurons...
[2026-06-21 11:22:46][INFO] SIM_BRIDGE: Generating connections (brain-region framework)...
[2026-06-21 11:22:46][INFO] SIM_BRIDGE: inject_explicit_wiring: installed 40830 synapses across 59 populations.
[2026-06-21 11:22:46][INFO] SIM_BRIDGE: Initializing eligibility traces for 40830 synapses (capacity: 61245, dtype: float32)...
[2026-06-21 11:22:46][INFO] SIM_BRIDGE: Initializing STDP state for 1280 neurons...
[2026-06-21 11:22:46][INFO] SIM_BRIDGE: Simulation data initialized for 1280 neurons (3D). Synapses: 40830. GPU memory: 1.4GB/25.8GB (5.2%)
[g11 seed=44] Spiking-SNc Stage B: NEURAL value critic ON (striosome_value n=80, place->value w0=0.20027300715446472); r-V subtracted via GABA_B/GIRK (E_K=-90mV, prop=0.02); critic->SNc gate = OPEN (continuous, Stage 1). Host _V_scaffold DROPPED.
[g11 seed=44] BG circuit: 43 regions, 1280 neurons, 40830 synapses
[g11 seed=44] N9 STEP-1 place self-org done (22s): diff-loc cos=0.189258 sparsity=0.170000 (place fields FROZEN; DETERMINISTIC)
========================================================================
[g11 seed=44] N9 STAGE-B SMOKE (value-learning @ nav scale):
  near=(6, 6) far=(1.0, 1.0) (near_set=59 far_set=2 place cells)
  [LEARNS-V]  w_near=0.200 w_far=0.198 (near/far 1.01; >=1.5x => False)
  [CRITIC FIRE+GRADE] (weighted plateau, k=12) critic@near=0.00Hz critic@far=0.00Hz (>=5Hz & near>=3xfar; fire=False grade=False)
  [GABA_B gap d=r-V]  predicted(NEAR)=90.00Hz unpredicted(FAR)=90.00Hz gap=1.00 (unpred>1.3x pred => False)
  [LESION control]    zeroed 403 GABA_B synapses -> pred=90.00Hz unpred=90.00Hz gap=1.00 (collapses to ~1.0 => True)
  STAGE-B VERDICT: LEARNS-V=False CRITIC-FIRE+GRADE=False GABA_B-gap=False lesion-collapses=True
  [HONEST] critic does NOT fire+grade at nav scale (critic@near=0.00Hz, near/far=0.00) — design §Risk 'place-code self-org at nav scale' / 'actor-critic interaction'.
========================================================================
[grid-onbridge DELTA RESULT seed=44 arm=no_learn] LEARNS-V=False (w_n/w_f=1.011546219907896) critic@near=0.0Hz @far=0.0Hz grade=0.0 | V_near=0.0 V_far=0.0 V_n/f=0.0 | snc-burst-delta(gap)=1.0 gabab_gap=False | GRADED-V delta_vnf=0.0 (vnf_gap=False) delta_snc_graded=1.0444444444444445 (snc_pred=112.5 snc_unpred=117.5) | GABA_B-cond delta_gabab=0.0 (gap=False) [gb_near=0.0 gb_far=0.0]
========================================================================
[grid-onbridge DELTA] seed=44 arm=lesion grid_on=True scramble=False (graded center=1.5 slope=1.0 strength=0.0 readout_only=False) n_grid=198
========================================================================
[g11] WARN: --spiking-reward-us WITHOUT --perceived-approach-reward -> the US rides on the COORD-based reward (not coord-free). Add --perceived-approach-reward for the fully-biologized (coord-free) reward chain.
[2026-06-21 11:23:24][INFO] SIM_BRIDGE: CuPy using GPU: NVIDIA GeForce RTX 3090 (24.0 GB), mempool limit: 80%
[2026-06-21 11:23:24][INFO] SIM_BRIDGE: Initializing simulation data for model: IZHIKEVICH (3D)... (playback_init: False)
[2026-06-21 11:23:24][INFO] SIM_BRIDGE: Brain-region framework: 43 regions, 1280 total neurons, 59 pathways.
[2026-06-21 11:23:24][INFO] SIM_BRIDGE: RNG initialized with seed: 44
[2026-06-21 11:23:24][INFO] SIM_BRIDGE: NMDA per-region mask: 1 regions enabled (80 neurons)
[2026-06-21 11:23:24][INFO] SIM_BRIDGE: Homeostasis per-region mask: 1 regions enabled (80 neurons)
[2026-06-21 11:23:24][INFO] SIM_BRIDGE: Initializing Izhikevich model specifics for 1280 neurons...
[2026-06-21 11:23:24][INFO] SIM_BRIDGE: Region 'cortex_N' (25 neurons): using Izh type IZH2007_RS_CORTICAL_PYRAMIDAL
[2026-06-21 11:23:24][INFO] SIM_BRIDGE: Region 'cortex_E' (25 neurons): using Izh type IZH2007_RS_CORTICAL_PYRAMIDAL
[2026-06-21 11:23:24][INFO] SIM_BRIDGE: Region 'cortex_S' (25 neurons): using Izh type IZH2007_RS_CORTICAL_PYRAMIDAL
[2026-06-21 11:23:24][INFO] SIM_BRIDGE: Region 'cortex_W' (25 neurons): using Izh type IZH2007_RS_CORTICAL_PYRAMIDAL
[2026-06-21 11:23:24][INFO] SIM_BRIDGE: Region 'str_D1_N' (50 neurons): using Izh type IZH2007_STRIATAL_MSN_D1
[2026-06-21 11:23:24][INFO] SIM_BRIDGE: Region 'str_D2_N' (50 neurons): using Izh type IZH2007_STRIATAL_MSN_D2
[2026-06-21 11:23:24][INFO] SIM_BRIDGE: Region 'str_D1_E' (50 neurons): using Izh type IZH2007_STRIATAL_MSN_D1
[2026-06-21 11:23:24][INFO] SIM_BRIDGE: Region 'str_D2_E' (50 neurons): using Izh type IZH2007_STRIATAL_MSN_D2
[2026-06-21 11:23:24][INFO] SIM_BRIDGE: Region 'str_D1_S' (50 neurons): using Izh type IZH2007_STRIATAL_MSN_D1
[2026-06-21 11:23:24][INFO] SIM_BRIDGE: Region 'str_D2_S' (50 neurons): using Izh type IZH2007_STRIATAL_MSN_D2
[2026-06-21 11:23:24][INFO] SIM_BRIDGE: Region 'str_D1_W' (50 neurons): using Izh type IZH2007_STRIATAL_MSN_D1
[2026-06-21 11:23:24][INFO] SIM_BRIDGE: Region 'str_D2_W' (50 neurons): using Izh type IZH2007_STRIATAL_MSN_D2
[2026-06-21 11:23:24][INFO] SIM_BRIDGE: Region 'gpe_N' (10 neurons): using Izh type IZH2007_GPE_PACEMAKER
[2026-06-21 11:23:24][INFO] SIM_BRIDGE: Region 'gpe_arky_N' (4 neurons): using Izh type IZH2007_GPE_PACEMAKER
[2026-06-21 11:23:24][INFO] SIM_BRIDGE: Region 'gpi_N' (10 neurons): using Izh type IZH2007_GPI_OUTPUT
[2026-06-21 11:23:24][INFO] SIM_BRIDGE: Region 'str_striosome_N' (8 neurons): using Izh type IZH2007_STRIATAL_MSN_D1
[2026-06-21 11:23:24][INFO] SIM_BRIDGE: Region 'gpe_E' (10 neurons): using Izh type IZH2007_GPE_PACEMAKER
[2026-06-21 11:23:24][INFO] SIM_BRIDGE: Region 'gpe_arky_E' (4 neurons): using Izh type IZH2007_GPE_PACEMAKER
[2026-06-21 11:23:24][INFO] SIM_BRIDGE: Region 'gpi_E' (10 neurons): using Izh type IZH2007_GPI_OUTPUT
[2026-06-21 11:23:24][INFO] SIM_BRIDGE: Region 'str_striosome_E' (8 neurons): using Izh type IZH2007_STRIATAL_MSN_D1
[2026-06-21 11:23:24][INFO] SIM_BRIDGE: Region 'gpe_S' (10 neurons): using Izh type IZH2007_GPE_PACEMAKER
[2026-06-21 11:23:24][INFO] SIM_BRIDGE: Region 'gpe_arky_S' (4 neurons): using Izh type IZH2007_GPE_PACEMAKER
[2026-06-21 11:23:24][INFO] SIM_BRIDGE: Region 'gpi_S' (10 neurons): using Izh type IZH2007_GPI_OUTPUT
[2026-06-21 11:23:24][INFO] SIM_BRIDGE: Region 'str_striosome_S' (8 neurons): using Izh type IZH2007_STRIATAL_MSN_D1
[2026-06-21 11:23:24][INFO] SIM_BRIDGE: Region 'gpe_W' (10 neurons): using Izh type IZH2007_GPE_PACEMAKER
[2026-06-21 11:23:24][INFO] SIM_BRIDGE: Region 'gpe_arky_W' (4 neurons): using Izh type IZH2007_GPE_PACEMAKER
[2026-06-21 11:23:24][INFO] SIM_BRIDGE: Region 'gpi_W' (10 neurons): using Izh type IZH2007_GPI_OUTPUT
[2026-06-21 11:23:24][INFO] SIM_BRIDGE: Region 'str_striosome_W' (8 neurons): using Izh type IZH2007_STRIATAL_MSN_D1
[2026-06-21 11:23:24][INFO] SIM_BRIDGE: Region 'stn' (20 neurons): using Izh type IZH2007_STN_BURST
[2026-06-21 11:23:24][INFO] SIM_BRIDGE: Region 'thal_N' (10 neurons): using Izh type IZH2007_THALAMIC_RELAY
[2026-06-21 11:23:24][INFO] SIM_BRIDGE: Region 'motor_N' (10 neurons): using Izh type IZH2007_RS_CORTICAL_PYRAMIDAL
[2026-06-21 11:23:24][INFO] SIM_BRIDGE: Region 'thal_E' (10 neurons): using Izh type IZH2007_THALAMIC_RELAY
[2026-06-21 11:23:24][INFO] SIM_BRIDGE: Region 'motor_E' (10 neurons): using Izh type IZH2007_RS_CORTICAL_PYRAMIDAL
[2026-06-21 11:23:24][INFO] SIM_BRIDGE: Region 'thal_S' (10 neurons): using Izh type IZH2007_THALAMIC_RELAY
[2026-06-21 11:23:24][INFO] SIM_BRIDGE: Region 'motor_S' (10 neurons): using Izh type IZH2007_RS_CORTICAL_PYRAMIDAL
[2026-06-21 11:23:24][INFO] SIM_BRIDGE: Region 'thal_W' (10 neurons): using Izh type IZH2007_THALAMIC_RELAY
[2026-06-21 11:23:24][INFO] SIM_BRIDGE: Region 'motor_W' (10 neurons): using Izh type IZH2007_RS_CORTICAL_PYRAMIDAL
[2026-06-21 11:23:24][INFO] SIM_BRIDGE: Region 'snc' (10 neurons): using Izh type IZH2007_DOPAMINE
[2026-06-21 11:23:24][INFO] SIM_BRIDGE: Region 'reward_us' (40 neurons): using Izh type IZH2007_RS_CORTICAL_PYRAMIDAL
[2026-06-21 11:23:24][INFO] SIM_BRIDGE: Region 'place_sensors' (198 neurons): using Izh type IZH2007_RS_CORTICAL_PYRAMIDAL
[2026-06-21 11:23:24][INFO] SIM_BRIDGE: Region 'place' (200 neurons): using Izh type IZH2007_HIPPO_PYRAMIDAL
[2026-06-21 11:23:24][INFO] SIM_BRIDGE: Region 'place_fs' (24 neurons): using Izh type IZH2007_FS_CORTICAL_INTERNEURON
[2026-06-21 11:23:24][INFO] SIM_BRIDGE: Region 'striosome_value' (80 neurons): using Izh type IZH2007_STRIATAL_MSN_D1
[2026-06-21 11:23:24][INFO] SIM_BRIDGE: Generating 3D neuron positions for 1280 neurons...
[2026-06-21 11:23:24][INFO] SIM_BRIDGE: Generating connections (brain-region framework)...
[2026-06-21 11:23:24][INFO] SIM_BRIDGE: inject_explicit_wiring: installed 40830 synapses across 59 populations.
[2026-06-21 11:23:24][INFO] SIM_BRIDGE: Initializing eligibility traces for 40830 synapses (capacity: 61245, dtype: float32)...
[2026-06-21 11:23:24][INFO] SIM_BRIDGE: Initializing STDP state for 1280 neurons...
[2026-06-21 11:23:24][INFO] SIM_BRIDGE: Simulation data initialized for 1280 neurons (3D). Synapses: 40830. GPU memory: 1.4GB/25.8GB (5.2%)
[g11 seed=44] Spiking-SNc Stage B: NEURAL value critic ON (striosome_value n=80, place->value w0=0.20027300715446472); r-V subtracted via GABA_B/GIRK (E_K=-90mV, prop=0.02); critic->SNc gate = OPEN (continuous, Stage 1). Host _V_scaffold DROPPED.
[g11 seed=44] BG circuit: 43 regions, 1280 neurons, 40830 synapses
[g11 seed=44] N9 STEP-1 place self-org done (20s): diff-loc cos=0.133333 sparsity=0.125000 (place fields FROZEN; DETERMINISTIC)
[g11 seed=44] N9 STEP-2 value-training done (213s): 40 pair-then-reward trials x 4 goal(s); w_near 0.201->0.201 w_far 0.196->0.196 (near/far 1.03); V(near) 0.0->0.0Hz (place fields FROZEN; V FROZEN)
========================================================================
[g11 seed=44] N9 STAGE-B SMOKE (value-learning @ nav scale):
  near=(6, 6) far=(1.0, 1.0) (near_set=36 far_set=4 place cells)
  [LEARNS-V]  w_near=0.201 w_far=0.196 (near/far 1.03; >=1.5x => False)
  [CRITIC FIRE+GRADE] (weighted plateau, k=12) critic@near=0.00Hz critic@far=0.00Hz (>=5Hz & near>=3xfar; fire=False grade=False)
  [GABA_B gap d=r-V]  predicted(NEAR)=50.00Hz unpredicted(FAR)=50.00Hz gap=1.00 (unpred>1.3x pred => False)
  [LESION control]    zeroed 403 GABA_B synapses -> pred=50.00Hz unpred=50.00Hz gap=1.00 (collapses to ~1.0 => True)
  STAGE-B VERDICT: LEARNS-V=False CRITIC-FIRE+GRADE=False GABA_B-gap=False lesion-collapses=True
  [HONEST] critic does NOT fire+grade at nav scale (critic@near=0.00Hz, near/far=0.00) — design §Risk 'place-code self-org at nav scale' / 'actor-critic interaction'.
========================================================================
[grid-onbridge DELTA RESULT seed=44 arm=lesion] LEARNS-V=False (w_n/w_f=1.027382944099148) critic@near=0.0Hz @far=0.0Hz grade=0.0 | V_near=0.0 V_far=0.0 V_n/f=0.0 | snc-burst-delta(gap)=1.0 gabab_gap=False | GRADED-V delta_vnf=0.0 (vnf_gap=False) delta_snc_graded=1.0 (snc_pred=50.0 snc_unpred=50.0) | GABA_B-cond delta_gabab=0.0 (gap=False) [gb_near=0.0 gb_far=0.0]
[grid-onbridge] wrote research/findings/raw/_n5_grid_onbridge_detread_seed44.json
