[emergent-vocab breadth SCALE de-risk] seeds=[44] vocab_sizes=[4096] window=+-2 mode=REAL corpus
  mechanism: DISCOVER vocab (top-K content words) -> LEARN online Hebbian co-occurrence (stream cortex, NO global PPMI) -> MEASURE probe-taxonomy coherence as K grows.
  corpus=data/corpus/tinystories_train.txt
  loaded 146400 stories, 23726600 tokens, 15636 unique words (ok)

================================================================================================
  SEED 44
================================================================================================
  [K=4096] vocab=4096 hubs=500 updates=116612 | probe=64w/8cat (chance 0.125, rarest-probe-count 697)
      LEARNED   coherence=0.688  margin=+0.054  Pearson(cos,S)=+0.298  (within +0.057 / between +0.003, eff-rank 44.7)
      SCRAMBLED coherence=0.281  (co-occurrence destroyed -> should collapse to chance)
      FREQ-ONLY coherence=0.250  (no co-occurrence -> should be chance)
      HOST-PPMI coherence=0.656  (batch ceiling: does the DATA carry structure at this K?)

================================================================================================
  SCALING -- within-vs-between MARGIN vs K (the robust structure signal; the verdict gates on this):
    K= 4096:  learned=+0.054  scrambled=+0.012  freq-only=+0.259  host-PPMI=+0.053
  SCALING -- nearest-category COHERENCE vs K (diagnostic; saturates at large probe sizes):
    K= 4096:  learned=0.688  scrambled=0.281  freq-only=0.250  host-PPMI=0.656  (chance 0.125)

  OVERALL VERDICT: DATA_BOUND
  at the smallest evaluable K=4096 the learned within-vs-between MARGIN (+0.054) is not clearly above the structure bar (0.03) with scramble/freq-only collapse -- the corpus co-occurrence is too sparse to establish the structure even at the base vocab (host-PPMI margin 0.05344528848737952). A bigger/broader corpus is the prerequisite before the scaling question can be answered (a DATA lever, not yet demonstrated).
  Total elapsed: 86.3s
================================================================================================

  [saved] research/findings/raw/_emervocab_big_K4096_s44.json
