EMERGE-86: RANK-3 SURPASS ON SPIKES -- the theta-gamma WM buffer + stack-match on the validated spiking RF ordered-WM (OrderedPositionWM); 6-seed
[2026-07-03 17:27:09][INFO] SIM_BRIDGE: NumPy backend (CPU (NumPy backend), 47.7 GB RAM available)
[2026-07-03 17:27:09][INFO] SIM_BRIDGE: Initializing simulation data for model: IZHIKEVICH (3D)... (playback_init: False)
[2026-07-03 17:27:09][INFO] SIM_BRIDGE: RNG initialized with seed: 42
[2026-07-03 17:27:09][INFO] SIM_BRIDGE: Initializing Izhikevich model specifics for 256 neurons...
[2026-07-03 17:27:09][INFO] SIM_BRIDGE: Applying parameter heterogeneity to neuron parameters...
[2026-07-03 17:27:09][INFO] SIM_BRIDGE: Applied heterogeneity to 4 parameters.
[2026-07-03 17:27:09][INFO] SIM_BRIDGE: Initializing OU process state (tau=15.0ms, sigma=0.0pA)...
[2026-07-03 17:27:09][INFO] SIM_BRIDGE: Generating 3D neuron positions for 256 neurons...
[2026-07-03 17:27:09][INFO] SIM_BRIDGE: Generating connections (3D)...
[2026-07-03 17:27:09][INFO] SIM_BRIDGE: Simulation data initialized for 256 neurons (3D). Synapses: 0. GPU memory: 13.9GB/51.2GB (27.2%)
[2026-07-03 17:27:09][INFO] SIM_BRIDGE: NumPy backend (CPU (NumPy backend), 47.7 GB RAM available)
[2026-07-03 17:27:09][INFO] SIM_BRIDGE: Initializing simulation data for model: IZHIKEVICH (3D)... (playback_init: False)
[2026-07-03 17:27:09][INFO] SIM_BRIDGE: RNG initialized with seed: 42
[2026-07-03 17:27:09][INFO] SIM_BRIDGE: Initializing Izhikevich model specifics for 384 neurons...
[2026-07-03 17:27:09][INFO] SIM_BRIDGE: Applying parameter heterogeneity to neuron parameters...
[2026-07-03 17:27:09][INFO] SIM_BRIDGE: Applied heterogeneity to 4 parameters.
[2026-07-03 17:27:09][INFO] SIM_BRIDGE: Initializing OU process state (tau=15.0ms, sigma=0.0pA)...
[2026-07-03 17:27:09][INFO] SIM_BRIDGE: Generating 3D neuron positions for 384 neurons...
[2026-07-03 17:27:09][INFO] SIM_BRIDGE: Generating connections (3D)...
[2026-07-03 17:27:09][INFO] SIM_BRIDGE: Simulation data initialized for 384 neurons (3D). Synapses: 0. GPU memory: 13.9GB/51.2GB (27.2%)
[2026-07-03 17:27:11][INFO] SIM_BRIDGE: NumPy backend (CPU (NumPy backend), 47.7 GB RAM available)
[2026-07-03 17:27:11][INFO] SIM_BRIDGE: Initializing simulation data for model: IZHIKEVICH (3D)... (playback_init: False)
[2026-07-03 17:27:11][INFO] SIM_BRIDGE: RNG initialized with seed: 42
[2026-07-03 17:27:11][INFO] SIM_BRIDGE: Initializing Izhikevich model specifics for 640 neurons...
[2026-07-03 17:27:11][INFO] SIM_BRIDGE: Applying parameter heterogeneity to neuron parameters...
[2026-07-03 17:27:11][INFO] SIM_BRIDGE: Applied heterogeneity to 4 parameters.
[2026-07-03 17:27:11][INFO] SIM_BRIDGE: Initializing OU process state (tau=15.0ms, sigma=0.0pA)...
[2026-07-03 17:27:11][INFO] SIM_BRIDGE: Generating 3D neuron positions for 640 neurons...
[2026-07-03 17:27:11][INFO] SIM_BRIDGE: Generating connections (3D)...
[2026-07-03 17:27:11][INFO] SIM_BRIDGE: Simulation data initialized for 640 neurons (3D). Synapses: 0. GPU memory: 13.9GB/51.2GB (27.2%)
[2026-07-03 17:27:21][INFO] SIM_BRIDGE: NumPy backend (CPU (NumPy backend), 47.7 GB RAM available)
[2026-07-03 17:27:21][INFO] SIM_BRIDGE: Initializing simulation data for model: IZHIKEVICH (3D)... (playback_init: False)
[2026-07-03 17:27:21][INFO] SIM_BRIDGE: RNG initialized with seed: 42
[2026-07-03 17:27:21][INFO] SIM_BRIDGE: Initializing Izhikevich model specifics for 896 neurons...
[2026-07-03 17:27:21][INFO] SIM_BRIDGE: Applying parameter heterogeneity to neuron parameters...
[2026-07-03 17:27:21][INFO] SIM_BRIDGE: Applied heterogeneity to 4 parameters.
[2026-07-03 17:27:21][INFO] SIM_BRIDGE: Initializing OU process state (tau=15.0ms, sigma=0.0pA)...
[2026-07-03 17:27:21][INFO] SIM_BRIDGE: Generating 3D neuron positions for 896 neurons...
[2026-07-03 17:27:21][INFO] SIM_BRIDGE: Generating connections (3D)...
[2026-07-03 17:27:21][INFO] SIM_BRIDGE: Simulation data initialized for 896 neurons (3D). Synapses: 0. GPU memory: 13.9GB/51.2GB (27.2%)
[2026-07-03 17:27:37][INFO] SIM_BRIDGE: NumPy backend (CPU (NumPy backend), 47.7 GB RAM available)
[2026-07-03 17:27:37][INFO] SIM_BRIDGE: Initializing simulation data for model: IZHIKEVICH (3D)... (playback_init: False)
[2026-07-03 17:27:37][INFO] SIM_BRIDGE: RNG initialized with seed: 42
[2026-07-03 17:27:37][INFO] SIM_BRIDGE: Initializing Izhikevich model specifics for 1152 neurons...
[2026-07-03 17:27:37][INFO] SIM_BRIDGE: Applying parameter heterogeneity to neuron parameters...
[2026-07-03 17:27:37][INFO] SIM_BRIDGE: Applied heterogeneity to 4 parameters.
[2026-07-03 17:27:37][INFO] SIM_BRIDGE: Initializing OU process state (tau=15.0ms, sigma=0.0pA)...
[2026-07-03 17:27:37][INFO] SIM_BRIDGE: Generating 3D neuron positions for 1152 neurons...
[2026-07-03 17:27:37][INFO] SIM_BRIDGE: Generating connections (3D)...
[2026-07-03 17:27:37][INFO] SIM_BRIDGE: Simulation data initialized for 1152 neurons (3D). Synapses: 0. GPU memory: 14.0GB/51.2GB (27.3%)
  [seed 42] n_slots 8 | d1:wm1.00/scr0.53/les0.50 d2:wm1.00/scr0.55/les0.50 d3:wm1.00/scr0.51/les0.50 d4:wm0.45/scr0.48/les0.50
[2026-07-03 17:30:19][INFO] SIM_BRIDGE: NumPy backend (CPU (NumPy backend), 47.7 GB RAM available)
[2026-07-03 17:30:19][INFO] SIM_BRIDGE: Initializing simulation data for model: IZHIKEVICH (3D)... (playback_init: False)
[2026-07-03 17:30:19][INFO] SIM_BRIDGE: RNG initialized with seed: 43
[2026-07-03 17:30:19][INFO] SIM_BRIDGE: Initializing Izhikevich model specifics for 256 neurons...
[2026-07-03 17:30:19][INFO] SIM_BRIDGE: Applying parameter heterogeneity to neuron parameters...
[2026-07-03 17:30:19][INFO] SIM_BRIDGE: Applied heterogeneity to 4 parameters.
[2026-07-03 17:30:19][INFO] SIM_BRIDGE: Initializing OU process state (tau=15.0ms, sigma=0.0pA)...
[2026-07-03 17:30:19][INFO] SIM_BRIDGE: Generating 3D neuron positions for 256 neurons...
[2026-07-03 17:30:19][INFO] SIM_BRIDGE: Generating connections (3D)...
[2026-07-03 17:30:19][INFO] SIM_BRIDGE: Simulation data initialized for 256 neurons (3D). Synapses: 0. GPU memory: 14.0GB/51.2GB (27.3%)
[2026-07-03 17:30:19][INFO] SIM_BRIDGE: NumPy backend (CPU (NumPy backend), 47.7 GB RAM available)
[2026-07-03 17:30:19][INFO] SIM_BRIDGE: Initializing simulation data for model: IZHIKEVICH (3D)... (playback_init: False)
[2026-07-03 17:30:19][INFO] SIM_BRIDGE: RNG initialized with seed: 43
[2026-07-03 17:30:19][INFO] SIM_BRIDGE: Initializing Izhikevich model specifics for 384 neurons...
[2026-07-03 17:30:19][INFO] SIM_BRIDGE: Applying parameter heterogeneity to neuron parameters...
[2026-07-03 17:30:19][INFO] SIM_BRIDGE: Applied heterogeneity to 4 parameters.
[2026-07-03 17:30:19][INFO] SIM_BRIDGE: Initializing OU process state (tau=15.0ms, sigma=0.0pA)...
[2026-07-03 17:30:19][INFO] SIM_BRIDGE: Generating 3D neuron positions for 384 neurons...
[2026-07-03 17:30:19][INFO] SIM_BRIDGE: Generating connections (3D)...
[2026-07-03 17:30:19][INFO] SIM_BRIDGE: Simulation data initialized for 384 neurons (3D). Synapses: 0. GPU memory: 14.0GB/51.2GB (27.3%)
[2026-07-03 17:30:21][INFO] SIM_BRIDGE: NumPy backend (CPU (NumPy backend), 47.7 GB RAM available)
[2026-07-03 17:30:21][INFO] SIM_BRIDGE: Initializing simulation data for model: IZHIKEVICH (3D)... (playback_init: False)
[2026-07-03 17:30:21][INFO] SIM_BRIDGE: RNG initialized with seed: 43
[2026-07-03 17:30:21][INFO] SIM_BRIDGE: Initializing Izhikevich model specifics for 640 neurons...
[2026-07-03 17:30:21][INFO] SIM_BRIDGE: Applying parameter heterogeneity to neuron parameters...
[2026-07-03 17:30:21][INFO] SIM_BRIDGE: Applied heterogeneity to 4 parameters.
[2026-07-03 17:30:21][INFO] SIM_BRIDGE: Initializing OU process state (tau=15.0ms, sigma=0.0pA)...
[2026-07-03 17:30:21][INFO] SIM_BRIDGE: Generating 3D neuron positions for 640 neurons...
[2026-07-03 17:30:21][INFO] SIM_BRIDGE: Generating connections (3D)...
[2026-07-03 17:30:21][INFO] SIM_BRIDGE: Simulation data initialized for 640 neurons (3D). Synapses: 0. GPU memory: 14.0GB/51.2GB (27.3%)
[2026-07-03 17:30:32][INFO] SIM_BRIDGE: NumPy backend (CPU (NumPy backend), 47.7 GB RAM available)
[2026-07-03 17:30:32][INFO] SIM_BRIDGE: Initializing simulation data for model: IZHIKEVICH (3D)... (playback_init: False)
[2026-07-03 17:30:32][INFO] SIM_BRIDGE: RNG initialized with seed: 43
[2026-07-03 17:30:32][INFO] SIM_BRIDGE: Initializing Izhikevich model specifics for 896 neurons...
[2026-07-03 17:30:32][INFO] SIM_BRIDGE: Applying parameter heterogeneity to neuron parameters...
[2026-07-03 17:30:32][INFO] SIM_BRIDGE: Applied heterogeneity to 4 parameters.
[2026-07-03 17:30:32][INFO] SIM_BRIDGE: Initializing OU process state (tau=15.0ms, sigma=0.0pA)...
[2026-07-03 17:30:32][INFO] SIM_BRIDGE: Generating 3D neuron positions for 896 neurons...
[2026-07-03 17:30:32][INFO] SIM_BRIDGE: Generating connections (3D)...
[2026-07-03 17:30:32][INFO] SIM_BRIDGE: Simulation data initialized for 896 neurons (3D). Synapses: 0. GPU memory: 14.0GB/51.2GB (27.3%)
[2026-07-03 17:30:47][INFO] SIM_BRIDGE: NumPy backend (CPU (NumPy backend), 47.7 GB RAM available)
[2026-07-03 17:30:47][INFO] SIM_BRIDGE: Initializing simulation data for model: IZHIKEVICH (3D)... (playback_init: False)
[2026-07-03 17:30:47][INFO] SIM_BRIDGE: RNG initialized with seed: 43
[2026-07-03 17:30:47][INFO] SIM_BRIDGE: Initializing Izhikevich model specifics for 1152 neurons...
[2026-07-03 17:30:47][INFO] SIM_BRIDGE: Applying parameter heterogeneity to neuron parameters...
[2026-07-03 17:30:47][INFO] SIM_BRIDGE: Applied heterogeneity to 4 parameters.
[2026-07-03 17:30:47][INFO] SIM_BRIDGE: Initializing OU process state (tau=15.0ms, sigma=0.0pA)...
[2026-07-03 17:30:47][INFO] SIM_BRIDGE: Generating 3D neuron positions for 1152 neurons...
[2026-07-03 17:30:47][INFO] SIM_BRIDGE: Generating connections (3D)...
[2026-07-03 17:30:47][INFO] SIM_BRIDGE: Simulation data initialized for 1152 neurons (3D). Synapses: 0. GPU memory: 14.0GB/51.2GB (27.3%)
  [seed 43] n_slots 8 | d1:wm1.00/scr0.55/les0.50 d2:wm1.00/scr0.49/les0.50 d3:wm0.91/scr0.52/les0.50 d4:wm0.43/scr0.45/les0.50
[2026-07-03 17:33:28][INFO] SIM_BRIDGE: NumPy backend (CPU (NumPy backend), 47.7 GB RAM available)
[2026-07-03 17:33:28][INFO] SIM_BRIDGE: Initializing simulation data for model: IZHIKEVICH (3D)... (playback_init: False)
[2026-07-03 17:33:28][INFO] SIM_BRIDGE: RNG initialized with seed: 44
[2026-07-03 17:33:28][INFO] SIM_BRIDGE: Initializing Izhikevich model specifics for 256 neurons...
[2026-07-03 17:33:28][INFO] SIM_BRIDGE: Applying parameter heterogeneity to neuron parameters...
[2026-07-03 17:33:28][INFO] SIM_BRIDGE: Applied heterogeneity to 4 parameters.
[2026-07-03 17:33:28][INFO] SIM_BRIDGE: Initializing OU process state (tau=15.0ms, sigma=0.0pA)...
[2026-07-03 17:33:28][INFO] SIM_BRIDGE: Generating 3D neuron positions for 256 neurons...
[2026-07-03 17:33:28][INFO] SIM_BRIDGE: Generating connections (3D)...
[2026-07-03 17:33:28][INFO] SIM_BRIDGE: Simulation data initialized for 256 neurons (3D). Synapses: 0. GPU memory: 13.8GB/51.2GB (26.9%)
[2026-07-03 17:33:28][INFO] SIM_BRIDGE: NumPy backend (CPU (NumPy backend), 47.7 GB RAM available)
[2026-07-03 17:33:28][INFO] SIM_BRIDGE: Initializing simulation data for model: IZHIKEVICH (3D)... (playback_init: False)
[2026-07-03 17:33:28][INFO] SIM_BRIDGE: RNG initialized with seed: 44
[2026-07-03 17:33:28][INFO] SIM_BRIDGE: Initializing Izhikevich model specifics for 384 neurons...
[2026-07-03 17:33:28][INFO] SIM_BRIDGE: Applying parameter heterogeneity to neuron parameters...
[2026-07-03 17:33:28][INFO] SIM_BRIDGE: Applied heterogeneity to 4 parameters.
[2026-07-03 17:33:28][INFO] SIM_BRIDGE: Initializing OU process state (tau=15.0ms, sigma=0.0pA)...
[2026-07-03 17:33:28][INFO] SIM_BRIDGE: Generating 3D neuron positions for 384 neurons...
[2026-07-03 17:33:28][INFO] SIM_BRIDGE: Generating connections (3D)...
[2026-07-03 17:33:28][INFO] SIM_BRIDGE: Simulation data initialized for 384 neurons (3D). Synapses: 0. GPU memory: 13.8GB/51.2GB (26.9%)
[2026-07-03 17:33:30][INFO] SIM_BRIDGE: NumPy backend (CPU (NumPy backend), 47.7 GB RAM available)
[2026-07-03 17:33:30][INFO] SIM_BRIDGE: Initializing simulation data for model: IZHIKEVICH (3D)... (playback_init: False)
[2026-07-03 17:33:30][INFO] SIM_BRIDGE: RNG initialized with seed: 44
[2026-07-03 17:33:30][INFO] SIM_BRIDGE: Initializing Izhikevich model specifics for 640 neurons...
[2026-07-03 17:33:30][INFO] SIM_BRIDGE: Applying parameter heterogeneity to neuron parameters...
[2026-07-03 17:33:30][INFO] SIM_BRIDGE: Applied heterogeneity to 4 parameters.
[2026-07-03 17:33:30][INFO] SIM_BRIDGE: Initializing OU process state (tau=15.0ms, sigma=0.0pA)...
[2026-07-03 17:33:30][INFO] SIM_BRIDGE: Generating 3D neuron positions for 640 neurons...
[2026-07-03 17:33:30][INFO] SIM_BRIDGE: Generating connections (3D)...
[2026-07-03 17:33:30][INFO] SIM_BRIDGE: Simulation data initialized for 640 neurons (3D). Synapses: 0. GPU memory: 13.8GB/51.2GB (26.9%)
[2026-07-03 17:33:40][INFO] SIM_BRIDGE: NumPy backend (CPU (NumPy backend), 47.7 GB RAM available)
[2026-07-03 17:33:40][INFO] SIM_BRIDGE: Initializing simulation data for model: IZHIKEVICH (3D)... (playback_init: False)
[2026-07-03 17:33:40][INFO] SIM_BRIDGE: RNG initialized with seed: 44
[2026-07-03 17:33:40][INFO] SIM_BRIDGE: Initializing Izhikevich model specifics for 896 neurons...
[2026-07-03 17:33:40][INFO] SIM_BRIDGE: Applying parameter heterogeneity to neuron parameters...
[2026-07-03 17:33:40][INFO] SIM_BRIDGE: Applied heterogeneity to 4 parameters.
[2026-07-03 17:33:40][INFO] SIM_BRIDGE: Initializing OU process state (tau=15.0ms, sigma=0.0pA)...
[2026-07-03 17:33:40][INFO] SIM_BRIDGE: Generating 3D neuron positions for 896 neurons...
[2026-07-03 17:33:40][INFO] SIM_BRIDGE: Generating connections (3D)...
[2026-07-03 17:33:40][INFO] SIM_BRIDGE: Simulation data initialized for 896 neurons (3D). Synapses: 0. GPU memory: 13.8GB/51.2GB (26.9%)
[2026-07-03 17:33:55][INFO] SIM_BRIDGE: NumPy backend (CPU (NumPy backend), 47.7 GB RAM available)
[2026-07-03 17:33:55][INFO] SIM_BRIDGE: Initializing simulation data for model: IZHIKEVICH (3D)... (playback_init: False)
[2026-07-03 17:33:55][INFO] SIM_BRIDGE: RNG initialized with seed: 44
[2026-07-03 17:33:55][INFO] SIM_BRIDGE: Initializing Izhikevich model specifics for 1152 neurons...
[2026-07-03 17:33:55][INFO] SIM_BRIDGE: Applying parameter heterogeneity to neuron parameters...
[2026-07-03 17:33:55][INFO] SIM_BRIDGE: Applied heterogeneity to 4 parameters.
[2026-07-03 17:33:55][INFO] SIM_BRIDGE: Initializing OU process state (tau=15.0ms, sigma=0.0pA)...
[2026-07-03 17:33:55][INFO] SIM_BRIDGE: Generating 3D neuron positions for 1152 neurons...
[2026-07-03 17:33:55][INFO] SIM_BRIDGE: Generating connections (3D)...
[2026-07-03 17:33:55][INFO] SIM_BRIDGE: Simulation data initialized for 1152 neurons (3D). Synapses: 0. GPU memory: 13.8GB/51.2GB (26.9%)
  [seed 44] n_slots 8 | d1:wm1.00/scr0.46/les0.50 d2:wm1.00/scr0.48/les0.50 d3:wm0.91/scr0.53/les0.50 d4:wm0.52/scr0.56/les0.50
[2026-07-03 17:36:37][INFO] SIM_BRIDGE: NumPy backend (CPU (NumPy backend), 47.7 GB RAM available)
[2026-07-03 17:36:37][INFO] SIM_BRIDGE: Initializing simulation data for model: IZHIKEVICH (3D)... (playback_init: False)
[2026-07-03 17:36:37][INFO] SIM_BRIDGE: RNG initialized with seed: 100
[2026-07-03 17:36:37][INFO] SIM_BRIDGE: Initializing Izhikevich model specifics for 256 neurons...
[2026-07-03 17:36:37][INFO] SIM_BRIDGE: Applying parameter heterogeneity to neuron parameters...
[2026-07-03 17:36:37][INFO] SIM_BRIDGE: Applied heterogeneity to 4 parameters.
[2026-07-03 17:36:37][INFO] SIM_BRIDGE: Initializing OU process state (tau=15.0ms, sigma=0.0pA)...
[2026-07-03 17:36:37][INFO] SIM_BRIDGE: Generating 3D neuron positions for 256 neurons...
[2026-07-03 17:36:37][INFO] SIM_BRIDGE: Generating connections (3D)...
[2026-07-03 17:36:37][INFO] SIM_BRIDGE: Simulation data initialized for 256 neurons (3D). Synapses: 0. GPU memory: 13.8GB/51.2GB (26.9%)
[2026-07-03 17:36:37][INFO] SIM_BRIDGE: NumPy backend (CPU (NumPy backend), 47.7 GB RAM available)
[2026-07-03 17:36:37][INFO] SIM_BRIDGE: Initializing simulation data for model: IZHIKEVICH (3D)... (playback_init: False)
[2026-07-03 17:36:37][INFO] SIM_BRIDGE: RNG initialized with seed: 100
[2026-07-03 17:36:37][INFO] SIM_BRIDGE: Initializing Izhikevich model specifics for 384 neurons...
[2026-07-03 17:36:37][INFO] SIM_BRIDGE: Applying parameter heterogeneity to neuron parameters...
[2026-07-03 17:36:37][INFO] SIM_BRIDGE: Applied heterogeneity to 4 parameters.
[2026-07-03 17:36:37][INFO] SIM_BRIDGE: Initializing OU process state (tau=15.0ms, sigma=0.0pA)...
[2026-07-03 17:36:37][INFO] SIM_BRIDGE: Generating 3D neuron positions for 384 neurons...
[2026-07-03 17:36:37][INFO] SIM_BRIDGE: Generating connections (3D)...
[2026-07-03 17:36:37][INFO] SIM_BRIDGE: Simulation data initialized for 384 neurons (3D). Synapses: 0. GPU memory: 13.8GB/51.2GB (26.9%)
[2026-07-03 17:36:39][INFO] SIM_BRIDGE: NumPy backend (CPU (NumPy backend), 47.7 GB RAM available)
[2026-07-03 17:36:39][INFO] SIM_BRIDGE: Initializing simulation data for model: IZHIKEVICH (3D)... (playback_init: False)
[2026-07-03 17:36:39][INFO] SIM_BRIDGE: RNG initialized with seed: 100
[2026-07-03 17:36:39][INFO] SIM_BRIDGE: Initializing Izhikevich model specifics for 640 neurons...
[2026-07-03 17:36:39][INFO] SIM_BRIDGE: Applying parameter heterogeneity to neuron parameters...
[2026-07-03 17:36:39][INFO] SIM_BRIDGE: Applied heterogeneity to 4 parameters.
[2026-07-03 17:36:39][INFO] SIM_BRIDGE: Initializing OU process state (tau=15.0ms, sigma=0.0pA)...
[2026-07-03 17:36:39][INFO] SIM_BRIDGE: Generating 3D neuron positions for 640 neurons...
[2026-07-03 17:36:39][INFO] SIM_BRIDGE: Generating connections (3D)...
[2026-07-03 17:36:39][INFO] SIM_BRIDGE: Simulation data initialized for 640 neurons (3D). Synapses: 0. GPU memory: 13.8GB/51.2GB (26.9%)
[2026-07-03 17:36:49][INFO] SIM_BRIDGE: NumPy backend (CPU (NumPy backend), 47.7 GB RAM available)
[2026-07-03 17:36:49][INFO] SIM_BRIDGE: Initializing simulation data for model: IZHIKEVICH (3D)... (playback_init: False)
[2026-07-03 17:36:49][INFO] SIM_BRIDGE: RNG initialized with seed: 100
[2026-07-03 17:36:49][INFO] SIM_BRIDGE: Initializing Izhikevich model specifics for 896 neurons...
[2026-07-03 17:36:49][INFO] SIM_BRIDGE: Applying parameter heterogeneity to neuron parameters...
[2026-07-03 17:36:49][INFO] SIM_BRIDGE: Applied heterogeneity to 4 parameters.
[2026-07-03 17:36:49][INFO] SIM_BRIDGE: Initializing OU process state (tau=15.0ms, sigma=0.0pA)...
[2026-07-03 17:36:49][INFO] SIM_BRIDGE: Generating 3D neuron positions for 896 neurons...
[2026-07-03 17:36:49][INFO] SIM_BRIDGE: Generating connections (3D)...
[2026-07-03 17:36:49][INFO] SIM_BRIDGE: Simulation data initialized for 896 neurons (3D). Synapses: 0. GPU memory: 13.8GB/51.2GB (26.9%)
[2026-07-03 17:37:04][INFO] SIM_BRIDGE: NumPy backend (CPU (NumPy backend), 47.7 GB RAM available)
[2026-07-03 17:37:04][INFO] SIM_BRIDGE: Initializing simulation data for model: IZHIKEVICH (3D)... (playback_init: False)
[2026-07-03 17:37:04][INFO] SIM_BRIDGE: RNG initialized with seed: 100
[2026-07-03 17:37:04][INFO] SIM_BRIDGE: Initializing Izhikevich model specifics for 1152 neurons...
[2026-07-03 17:37:04][INFO] SIM_BRIDGE: Applying parameter heterogeneity to neuron parameters...
[2026-07-03 17:37:04][INFO] SIM_BRIDGE: Applied heterogeneity to 4 parameters.
[2026-07-03 17:37:04][INFO] SIM_BRIDGE: Initializing OU process state (tau=15.0ms, sigma=0.0pA)...
[2026-07-03 17:37:04][INFO] SIM_BRIDGE: Generating 3D neuron positions for 1152 neurons...
[2026-07-03 17:37:04][INFO] SIM_BRIDGE: Generating connections (3D)...
[2026-07-03 17:37:04][INFO] SIM_BRIDGE: Simulation data initialized for 1152 neurons (3D). Synapses: 0. GPU memory: 13.8GB/51.2GB (26.9%)
  [seed 100] n_slots 8 | d1:wm1.00/scr0.43/les0.50 d2:wm1.00/scr0.50/les0.50 d3:wm0.91/scr0.47/les0.50 d4:wm0.37/scr0.46/les0.50
[2026-07-03 17:39:45][INFO] SIM_BRIDGE: NumPy backend (CPU (NumPy backend), 47.7 GB RAM available)
[2026-07-03 17:39:45][INFO] SIM_BRIDGE: Initializing simulation data for model: IZHIKEVICH (3D)... (playback_init: False)
[2026-07-03 17:39:45][INFO] SIM_BRIDGE: RNG initialized with seed: 101
[2026-07-03 17:39:45][INFO] SIM_BRIDGE: Initializing Izhikevich model specifics for 256 neurons...
[2026-07-03 17:39:45][INFO] SIM_BRIDGE: Applying parameter heterogeneity to neuron parameters...
[2026-07-03 17:39:45][INFO] SIM_BRIDGE: Applied heterogeneity to 4 parameters.
[2026-07-03 17:39:45][INFO] SIM_BRIDGE: Initializing OU process state (tau=15.0ms, sigma=0.0pA)...
[2026-07-03 17:39:45][INFO] SIM_BRIDGE: Generating 3D neuron positions for 256 neurons...
[2026-07-03 17:39:45][INFO] SIM_BRIDGE: Generating connections (3D)...
[2026-07-03 17:39:45][INFO] SIM_BRIDGE: Simulation data initialized for 256 neurons (3D). Synapses: 0. GPU memory: 13.8GB/51.2GB (26.9%)
[2026-07-03 17:39:45][INFO] SIM_BRIDGE: NumPy backend (CPU (NumPy backend), 47.7 GB RAM available)
[2026-07-03 17:39:45][INFO] SIM_BRIDGE: Initializing simulation data for model: IZHIKEVICH (3D)... (playback_init: False)
[2026-07-03 17:39:45][INFO] SIM_BRIDGE: RNG initialized with seed: 101
[2026-07-03 17:39:45][INFO] SIM_BRIDGE: Initializing Izhikevich model specifics for 384 neurons...
[2026-07-03 17:39:45][INFO] SIM_BRIDGE: Applying parameter heterogeneity to neuron parameters...
[2026-07-03 17:39:45][INFO] SIM_BRIDGE: Applied heterogeneity to 4 parameters.
[2026-07-03 17:39:45][INFO] SIM_BRIDGE: Initializing OU process state (tau=15.0ms, sigma=0.0pA)...
[2026-07-03 17:39:45][INFO] SIM_BRIDGE: Generating 3D neuron positions for 384 neurons...
[2026-07-03 17:39:45][INFO] SIM_BRIDGE: Generating connections (3D)...
[2026-07-03 17:39:45][INFO] SIM_BRIDGE: Simulation data initialized for 384 neurons (3D). Synapses: 0. GPU memory: 13.8GB/51.2GB (26.9%)
[2026-07-03 17:39:47][INFO] SIM_BRIDGE: NumPy backend (CPU (NumPy backend), 47.7 GB RAM available)
[2026-07-03 17:39:47][INFO] SIM_BRIDGE: Initializing simulation data for model: IZHIKEVICH (3D)... (playback_init: False)
[2026-07-03 17:39:47][INFO] SIM_BRIDGE: RNG initialized with seed: 101
[2026-07-03 17:39:47][INFO] SIM_BRIDGE: Initializing Izhikevich model specifics for 640 neurons...
[2026-07-03 17:39:47][INFO] SIM_BRIDGE: Applying parameter heterogeneity to neuron parameters...
[2026-07-03 17:39:47][INFO] SIM_BRIDGE: Applied heterogeneity to 4 parameters.
[2026-07-03 17:39:47][INFO] SIM_BRIDGE: Initializing OU process state (tau=15.0ms, sigma=0.0pA)...
[2026-07-03 17:39:47][INFO] SIM_BRIDGE: Generating 3D neuron positions for 640 neurons...
[2026-07-03 17:39:47][INFO] SIM_BRIDGE: Generating connections (3D)...
[2026-07-03 17:39:47][INFO] SIM_BRIDGE: Simulation data initialized for 640 neurons (3D). Synapses: 0. GPU memory: 13.8GB/51.2GB (26.9%)
[2026-07-03 17:39:57][INFO] SIM_BRIDGE: NumPy backend (CPU (NumPy backend), 47.7 GB RAM available)
[2026-07-03 17:39:57][INFO] SIM_BRIDGE: Initializing simulation data for model: IZHIKEVICH (3D)... (playback_init: False)
[2026-07-03 17:39:57][INFO] SIM_BRIDGE: RNG initialized with seed: 101
[2026-07-03 17:39:57][INFO] SIM_BRIDGE: Initializing Izhikevich model specifics for 896 neurons...
[2026-07-03 17:39:57][INFO] SIM_BRIDGE: Applying parameter heterogeneity to neuron parameters...
[2026-07-03 17:39:57][INFO] SIM_BRIDGE: Applied heterogeneity to 4 parameters.
[2026-07-03 17:39:57][INFO] SIM_BRIDGE: Initializing OU process state (tau=15.0ms, sigma=0.0pA)...
[2026-07-03 17:39:57][INFO] SIM_BRIDGE: Generating 3D neuron positions for 896 neurons...
[2026-07-03 17:39:57][INFO] SIM_BRIDGE: Generating connections (3D)...
[2026-07-03 17:39:57][INFO] SIM_BRIDGE: Simulation data initialized for 896 neurons (3D). Synapses: 0. GPU memory: 13.8GB/51.2GB (26.9%)
[2026-07-03 17:40:12][INFO] SIM_BRIDGE: NumPy backend (CPU (NumPy backend), 47.7 GB RAM available)
[2026-07-03 17:40:12][INFO] SIM_BRIDGE: Initializing simulation data for model: IZHIKEVICH (3D)... (playback_init: False)
[2026-07-03 17:40:12][INFO] SIM_BRIDGE: RNG initialized with seed: 101
[2026-07-03 17:40:12][INFO] SIM_BRIDGE: Initializing Izhikevich model specifics for 1152 neurons...
[2026-07-03 17:40:12][INFO] SIM_BRIDGE: Applying parameter heterogeneity to neuron parameters...
[2026-07-03 17:40:12][INFO] SIM_BRIDGE: Applied heterogeneity to 4 parameters.
[2026-07-03 17:40:12][INFO] SIM_BRIDGE: Initializing OU process state (tau=15.0ms, sigma=0.0pA)...
[2026-07-03 17:40:12][INFO] SIM_BRIDGE: Generating 3D neuron positions for 1152 neurons...
[2026-07-03 17:40:12][INFO] SIM_BRIDGE: Generating connections (3D)...
[2026-07-03 17:40:12][INFO] SIM_BRIDGE: Simulation data initialized for 1152 neurons (3D). Synapses: 0. GPU memory: 13.8GB/51.2GB (26.9%)
  [seed 101] n_slots 8 | d1:wm1.00/scr0.50/les0.50 d2:wm1.00/scr0.48/les0.50 d3:wm1.00/scr0.53/les0.50 d4:wm0.42/scr0.50/les0.50
[2026-07-03 17:42:53][INFO] SIM_BRIDGE: NumPy backend (CPU (NumPy backend), 47.7 GB RAM available)
[2026-07-03 17:42:53][INFO] SIM_BRIDGE: Initializing simulation data for model: IZHIKEVICH (3D)... (playback_init: False)
[2026-07-03 17:42:53][INFO] SIM_BRIDGE: RNG initialized with seed: 102
[2026-07-03 17:42:53][INFO] SIM_BRIDGE: Initializing Izhikevich model specifics for 256 neurons...
[2026-07-03 17:42:53][INFO] SIM_BRIDGE: Applying parameter heterogeneity to neuron parameters...
[2026-07-03 17:42:53][INFO] SIM_BRIDGE: Applied heterogeneity to 4 parameters.
[2026-07-03 17:42:53][INFO] SIM_BRIDGE: Initializing OU process state (tau=15.0ms, sigma=0.0pA)...
[2026-07-03 17:42:53][INFO] SIM_BRIDGE: Generating 3D neuron positions for 256 neurons...
[2026-07-03 17:42:53][INFO] SIM_BRIDGE: Generating connections (3D)...
[2026-07-03 17:42:53][INFO] SIM_BRIDGE: Simulation data initialized for 256 neurons (3D). Synapses: 0. GPU memory: 13.8GB/51.2GB (26.9%)
[2026-07-03 17:42:53][INFO] SIM_BRIDGE: NumPy backend (CPU (NumPy backend), 47.7 GB RAM available)
[2026-07-03 17:42:53][INFO] SIM_BRIDGE: Initializing simulation data for model: IZHIKEVICH (3D)... (playback_init: False)
[2026-07-03 17:42:53][INFO] SIM_BRIDGE: RNG initialized with seed: 102
[2026-07-03 17:42:53][INFO] SIM_BRIDGE: Initializing Izhikevich model specifics for 384 neurons...
[2026-07-03 17:42:53][INFO] SIM_BRIDGE: Applying parameter heterogeneity to neuron parameters...
[2026-07-03 17:42:53][INFO] SIM_BRIDGE: Applied heterogeneity to 4 parameters.
[2026-07-03 17:42:53][INFO] SIM_BRIDGE: Initializing OU process state (tau=15.0ms, sigma=0.0pA)...
[2026-07-03 17:42:53][INFO] SIM_BRIDGE: Generating 3D neuron positions for 384 neurons...
[2026-07-03 17:42:53][INFO] SIM_BRIDGE: Generating connections (3D)...
[2026-07-03 17:42:53][INFO] SIM_BRIDGE: Simulation data initialized for 384 neurons (3D). Synapses: 0. GPU memory: 13.8GB/51.2GB (26.9%)
[2026-07-03 17:42:55][INFO] SIM_BRIDGE: NumPy backend (CPU (NumPy backend), 47.7 GB RAM available)
[2026-07-03 17:42:55][INFO] SIM_BRIDGE: Initializing simulation data for model: IZHIKEVICH (3D)... (playback_init: False)
[2026-07-03 17:42:55][INFO] SIM_BRIDGE: RNG initialized with seed: 102
[2026-07-03 17:42:55][INFO] SIM_BRIDGE: Initializing Izhikevich model specifics for 640 neurons...
[2026-07-03 17:42:55][INFO] SIM_BRIDGE: Applying parameter heterogeneity to neuron parameters...
[2026-07-03 17:42:55][INFO] SIM_BRIDGE: Applied heterogeneity to 4 parameters.
[2026-07-03 17:42:55][INFO] SIM_BRIDGE: Initializing OU process state (tau=15.0ms, sigma=0.0pA)...
[2026-07-03 17:42:55][INFO] SIM_BRIDGE: Generating 3D neuron positions for 640 neurons...
[2026-07-03 17:42:55][INFO] SIM_BRIDGE: Generating connections (3D)...
[2026-07-03 17:42:55][INFO] SIM_BRIDGE: Simulation data initialized for 640 neurons (3D). Synapses: 0. GPU memory: 13.8GB/51.2GB (26.9%)
[2026-07-03 17:43:05][INFO] SIM_BRIDGE: NumPy backend (CPU (NumPy backend), 47.7 GB RAM available)
[2026-07-03 17:43:05][INFO] SIM_BRIDGE: Initializing simulation data for model: IZHIKEVICH (3D)... (playback_init: False)
[2026-07-03 17:43:05][INFO] SIM_BRIDGE: RNG initialized with seed: 102
[2026-07-03 17:43:05][INFO] SIM_BRIDGE: Initializing Izhikevich model specifics for 896 neurons...
[2026-07-03 17:43:05][INFO] SIM_BRIDGE: Applying parameter heterogeneity to neuron parameters...
[2026-07-03 17:43:05][INFO] SIM_BRIDGE: Applied heterogeneity to 4 parameters.
[2026-07-03 17:43:05][INFO] SIM_BRIDGE: Initializing OU process state (tau=15.0ms, sigma=0.0pA)...
[2026-07-03 17:43:05][INFO] SIM_BRIDGE: Generating 3D neuron positions for 896 neurons...
[2026-07-03 17:43:05][INFO] SIM_BRIDGE: Generating connections (3D)...
[2026-07-03 17:43:05][INFO] SIM_BRIDGE: Simulation data initialized for 896 neurons (3D). Synapses: 0. GPU memory: 13.8GB/51.2GB (26.9%)
[2026-07-03 17:43:20][INFO] SIM_BRIDGE: NumPy backend (CPU (NumPy backend), 47.7 GB RAM available)
[2026-07-03 17:43:20][INFO] SIM_BRIDGE: Initializing simulation data for model: IZHIKEVICH (3D)... (playback_init: False)
[2026-07-03 17:43:20][INFO] SIM_BRIDGE: RNG initialized with seed: 102
[2026-07-03 17:43:20][INFO] SIM_BRIDGE: Initializing Izhikevich model specifics for 1152 neurons...
[2026-07-03 17:43:20][INFO] SIM_BRIDGE: Applying parameter heterogeneity to neuron parameters...
[2026-07-03 17:43:20][INFO] SIM_BRIDGE: Applied heterogeneity to 4 parameters.
[2026-07-03 17:43:20][INFO] SIM_BRIDGE: Initializing OU process state (tau=15.0ms, sigma=0.0pA)...
[2026-07-03 17:43:20][INFO] SIM_BRIDGE: Generating 3D neuron positions for 1152 neurons...
[2026-07-03 17:43:20][INFO] SIM_BRIDGE: Generating connections (3D)...
[2026-07-03 17:43:20][INFO] SIM_BRIDGE: Simulation data initialized for 1152 neurons (3D). Synapses: 0. GPU memory: 13.8GB/51.2GB (26.9%)
  [seed 102] n_slots 8 | d1:wm1.00/scr0.42/les0.50 d2:wm1.00/scr0.47/les0.50 d3:wm1.00/scr0.51/les0.50 d4:wm0.38/scr0.51/les0.50

======================================================================================================================
[emerge86] VERDICT: GO -- the RANK-3 theta-gamma WM buffer + stack-match runs ON SPIKES and surpasses the reservoir's recursion boundary. Realized on the validated spiking RF ordered-WM (OrderedPositionWM; encode/unbind on resonate-and-fire neurons + complex synapses), with the mirror-pair stack-match a spiking PHASE-COINCIDENCE between two unbind reads (no host ==). The spiking WM reaches stack-depth d*=3 (profile d1=1.00, d2=1.00, d3=0.95, d4=0.43) -- PAST the plain reservoir's d*=2 (EMERGE-84) -- then BOUNDARIES at the buffer capacity (depth 4 = 10 numbers > 8 slots, acc 0.43) -- the biologically-faithful BOUNDED recursion limit (the human ~2-3-embedding bound), NOT unbounded. The count-multiset shortcut stays DEFEATED (d1=0.50, d2=0.54, d3=0.54, d4=0.56 ~chance); a SLOT-SCRAMBLE collapses it (d1=0.48, d2=0.49, d3=0.51, d4=0.49 -> the ordered gamma-slots = the LIFO stack are load-bearing); an UNBIND-LESION (skip the spiking unbind) collapses it (d1=0.50, d2=0.50, d3=0.50, d4=0.50 -> the match is genuinely from the spiking slot recall). 6 seeds. ==> bounded stack-recursion is resolved ON the project's spiking RF substrate (multiplex + storage + recall + coincidence all spiking) -- the fully-spiking-one-brain directive. RUNG 2 (a literal time-domain theta/gamma oscillator nesting the slots, catalog N.15) is the separable fuller realization. Reuse-by-import; NO sim/ edit.
[emerge86] wrote E:\Documents\Projects\sim\research\findings\raw\_emerge86_spiking_wm_buffer_recursion.json
======================================================================================================================
