[emerge91] PASSIVE comprehension IN the spiking comprehension->composition pipeline: HEAR a passive sentence ('the O was Ved by the S') -> comprehend on spikes (emergent per-role read-out assigns AGENT to the by-phrase noun S, THEME to the surface subject O) -> composer STORES -> ANSWER, with the no-confab moat. Contrast: canonical still works; a POSITION read misreads the passive (assigns AGENT to O). Also reports whether the EMERGE-90 canonical+objrel read-out GENERALIZES to passives. seeds [100]. NO sim/ edit; CPU/numpy. SMOKE (controller fans out + verifies).
[2026-07-07 12:31:55][INFO] SIM_BRIDGE: NumPy backend (CPU (NumPy backend), 47.7 GB RAM available)
[2026-07-07 12:31:55][INFO] SIM_BRIDGE: Initializing simulation data for model: IZHIKEVICH (3D)... (playback_init: False)
[2026-07-07 12:31:55][INFO] SIM_BRIDGE: RNG initialized with seed: 100
[2026-07-07 12:31:55][INFO] SIM_BRIDGE: Initializing Izhikevich model specifics for 2818 neurons...
[2026-07-07 12:31:55][INFO] SIM_BRIDGE: Applying parameter heterogeneity to neuron parameters...
[2026-07-07 12:31:55][INFO] SIM_BRIDGE: Applied heterogeneity to 4 parameters.
[2026-07-07 12:31:55][INFO] SIM_BRIDGE: Initializing OU process state (tau=15.0ms, sigma=20.0pA)...
[2026-07-07 12:31:55][INFO] SIM_BRIDGE: Generating 3D neuron positions for 2818 neurons...
[2026-07-07 12:31:55][INFO] SIM_BRIDGE: Generating connections (3D)...
[2026-07-07 12:31:55][INFO] SIM_BRIDGE: Simulation data initialized for 2818 neurons (3D). Synapses: 0. GPU memory: 23.1GB/51.2GB (45.0%)
[2026-07-07 12:31:55][INFO] SIM_BRIDGE: inject_explicit_wiring: installed 1536 synapses across 1 populations.
[2026-07-07 12:31:55][INFO] SIM_BRIDGE: inject_explicit_wiring: installed 2256 synapses across 2 populations.
[2026-07-07 12:31:56][INFO] SIM_BRIDGE: inject_explicit_wiring: installed 2832 synapses across 5 populations.
[2026-07-07 12:32:46][INFO] SIM_BRIDGE: NumPy backend (CPU (NumPy backend), 47.7 GB RAM available)
[2026-07-07 12:32:46][INFO] SIM_BRIDGE: Initializing simulation data for model: IZHIKEVICH (3D)... (playback_init: False)
[2026-07-07 12:32:46][INFO] SIM_BRIDGE: RNG initialized with seed: 100
[2026-07-07 12:32:46][INFO] SIM_BRIDGE: Initializing Izhikevich model specifics for 512 neurons...
[2026-07-07 12:32:46][INFO] SIM_BRIDGE: Applying parameter heterogeneity to neuron parameters...
[2026-07-07 12:32:46][INFO] SIM_BRIDGE: Applied heterogeneity to 4 parameters.
[2026-07-07 12:32:46][INFO] SIM_BRIDGE: Initializing OU process state (tau=15.0ms, sigma=0.0pA)...
[2026-07-07 12:32:46][INFO] SIM_BRIDGE: Generating 3D neuron positions for 512 neurons...
[2026-07-07 12:32:46][INFO] SIM_BRIDGE: Generating connections (3D)...
[2026-07-07 12:32:46][INFO] SIM_BRIDGE: Simulation data initialized for 512 neurons (3D). Synapses: 0. GPU memory: 23.1GB/51.2GB (45.1%)
[2026-07-07 12:32:46][INFO] SIM_BRIDGE: NumPy backend (CPU (NumPy backend), 47.7 GB RAM available)
[2026-07-07 12:32:46][INFO] SIM_BRIDGE: Initializing simulation data for model: IZHIKEVICH (3D)... (playback_init: False)
[2026-07-07 12:32:46][INFO] SIM_BRIDGE: RNG initialized with seed: 100
[2026-07-07 12:32:46][INFO] SIM_BRIDGE: Initializing Izhikevich model specifics for 1024 neurons...
[2026-07-07 12:32:46][INFO] SIM_BRIDGE: Applying parameter heterogeneity to neuron parameters...
[2026-07-07 12:32:46][INFO] SIM_BRIDGE: Applied heterogeneity to 4 parameters.
[2026-07-07 12:32:46][INFO] SIM_BRIDGE: Initializing OU process state (tau=15.0ms, sigma=0.0pA)...
[2026-07-07 12:32:46][INFO] SIM_BRIDGE: Generating 3D neuron positions for 1024 neurons...
[2026-07-07 12:32:46][INFO] SIM_BRIDGE: Generating connections (3D)...
[2026-07-07 12:32:46][INFO] SIM_BRIDGE: Simulation data initialized for 1024 neurons (3D). Synapses: 0. GPU memory: 23.1GB/51.2GB (45.1%)
[2026-07-07 12:32:47][INFO] SIM_BRIDGE: NumPy backend (CPU (NumPy backend), 47.7 GB RAM available)
[2026-07-07 12:32:47][INFO] SIM_BRIDGE: Initializing simulation data for model: IZHIKEVICH (3D)... (playback_init: False)
[2026-07-07 12:32:47][INFO] SIM_BRIDGE: RNG initialized with seed: 100
[2026-07-07 12:32:47][INFO] SIM_BRIDGE: Initializing Izhikevich model specifics for 6144 neurons...
[2026-07-07 12:32:47][INFO] SIM_BRIDGE: Applying parameter heterogeneity to neuron parameters...
[2026-07-07 12:32:47][INFO] SIM_BRIDGE: Applied heterogeneity to 4 parameters.
[2026-07-07 12:32:47][INFO] SIM_BRIDGE: Initializing OU process state (tau=15.0ms, sigma=0.0pA)...
[2026-07-07 12:32:47][INFO] SIM_BRIDGE: Generating 3D neuron positions for 6144 neurons...
[2026-07-07 12:32:47][INFO] SIM_BRIDGE: Generating connections (3D)...
[2026-07-07 12:32:47][INFO] SIM_BRIDGE: Simulation data initialized for 6144 neurons (3D). Synapses: 0. GPU memory: 23.2GB/51.2GB (45.2%)
[2026-07-07 12:32:48][INFO] SIM_BRIDGE: NumPy backend (CPU (NumPy backend), 47.7 GB RAM available)
[2026-07-07 12:32:48][INFO] SIM_BRIDGE: Initializing simulation data for model: IZHIKEVICH (3D)... (playback_init: False)
[2026-07-07 12:32:48][INFO] SIM_BRIDGE: RNG initialized with seed: 100
[2026-07-07 12:32:48][INFO] SIM_BRIDGE: Initializing Izhikevich model specifics for 512 neurons...
[2026-07-07 12:32:48][INFO] SIM_BRIDGE: Applying parameter heterogeneity to neuron parameters...
[2026-07-07 12:32:48][INFO] SIM_BRIDGE: Applied heterogeneity to 4 parameters.
[2026-07-07 12:32:48][INFO] SIM_BRIDGE: Initializing OU process state (tau=15.0ms, sigma=0.0pA)...
[2026-07-07 12:32:48][INFO] SIM_BRIDGE: Generating 3D neuron positions for 512 neurons...
[2026-07-07 12:32:48][INFO] SIM_BRIDGE: Generating connections (3D)...
[2026-07-07 12:32:48][INFO] SIM_BRIDGE: Simulation data initialized for 512 neurons (3D). Synapses: 0. GPU memory: 23.2GB/51.2GB (45.3%)
[2026-07-07 12:32:48][INFO] SIM_BRIDGE: NumPy backend (CPU (NumPy backend), 47.7 GB RAM available)
[2026-07-07 12:32:48][INFO] SIM_BRIDGE: Initializing simulation data for model: IZHIKEVICH (3D)... (playback_init: False)
[2026-07-07 12:32:48][INFO] SIM_BRIDGE: RNG initialized with seed: 100
[2026-07-07 12:32:48][INFO] SIM_BRIDGE: Initializing Izhikevich model specifics for 1024 neurons...
[2026-07-07 12:32:48][INFO] SIM_BRIDGE: Applying parameter heterogeneity to neuron parameters...
[2026-07-07 12:32:48][INFO] SIM_BRIDGE: Applied heterogeneity to 4 parameters.
[2026-07-07 12:32:48][INFO] SIM_BRIDGE: Initializing OU process state (tau=15.0ms, sigma=0.0pA)...
[2026-07-07 12:32:48][INFO] SIM_BRIDGE: Generating 3D neuron positions for 1024 neurons...
[2026-07-07 12:32:48][INFO] SIM_BRIDGE: Generating connections (3D)...
[2026-07-07 12:32:48][INFO] SIM_BRIDGE: Simulation data initialized for 1024 neurons (3D). Synapses: 0. GPU memory: 23.2GB/51.2GB (45.3%)
[2026-07-07 12:32:49][INFO] SIM_BRIDGE: NumPy backend (CPU (NumPy backend), 47.7 GB RAM available)
[2026-07-07 12:32:49][INFO] SIM_BRIDGE: Initializing simulation data for model: IZHIKEVICH (3D)... (playback_init: False)
[2026-07-07 12:32:49][INFO] SIM_BRIDGE: RNG initialized with seed: 100
[2026-07-07 12:32:49][INFO] SIM_BRIDGE: Initializing Izhikevich model specifics for 6144 neurons...
[2026-07-07 12:32:49][INFO] SIM_BRIDGE: Applying parameter heterogeneity to neuron parameters...
[2026-07-07 12:32:49][INFO] SIM_BRIDGE: Applied heterogeneity to 4 parameters.
[2026-07-07 12:32:49][INFO] SIM_BRIDGE: Initializing OU process state (tau=15.0ms, sigma=0.0pA)...
[2026-07-07 12:32:49][INFO] SIM_BRIDGE: Generating 3D neuron positions for 6144 neurons...
[2026-07-07 12:32:49][INFO] SIM_BRIDGE: Generating connections (3D)...
[2026-07-07 12:32:49][INFO] SIM_BRIDGE: Simulation data initialized for 6144 neurons (3D). Synapses: 0. GPU memory: 23.2GB/51.2GB (45.3%)
[2026-07-07 12:32:50][INFO] SIM_BRIDGE: NumPy backend (CPU (NumPy backend), 47.7 GB RAM available)
[2026-07-07 12:32:50][INFO] SIM_BRIDGE: Initializing simulation data for model: IZHIKEVICH (3D)... (playback_init: False)
[2026-07-07 12:32:50][INFO] SIM_BRIDGE: RNG initialized with seed: 100
[2026-07-07 12:32:50][INFO] SIM_BRIDGE: Initializing Izhikevich model specifics for 512 neurons...
[2026-07-07 12:32:50][INFO] SIM_BRIDGE: Applying parameter heterogeneity to neuron parameters...
[2026-07-07 12:32:50][INFO] SIM_BRIDGE: Applied heterogeneity to 4 parameters.
[2026-07-07 12:32:50][INFO] SIM_BRIDGE: Initializing OU process state (tau=15.0ms, sigma=0.0pA)...
[2026-07-07 12:32:50][INFO] SIM_BRIDGE: Generating 3D neuron positions for 512 neurons...
[2026-07-07 12:32:50][INFO] SIM_BRIDGE: Generating connections (3D)...
[2026-07-07 12:32:50][INFO] SIM_BRIDGE: Simulation data initialized for 512 neurons (3D). Synapses: 0. GPU memory: 23.2GB/51.2GB (45.2%)
[2026-07-07 12:32:50][INFO] SIM_BRIDGE: NumPy backend (CPU (NumPy backend), 47.7 GB RAM available)
[2026-07-07 12:32:50][INFO] SIM_BRIDGE: Initializing simulation data for model: IZHIKEVICH (3D)... (playback_init: False)
[2026-07-07 12:32:50][INFO] SIM_BRIDGE: RNG initialized with seed: 100
[2026-07-07 12:32:50][INFO] SIM_BRIDGE: Initializing Izhikevich model specifics for 1024 neurons...
[2026-07-07 12:32:50][INFO] SIM_BRIDGE: Applying parameter heterogeneity to neuron parameters...
[2026-07-07 12:32:50][INFO] SIM_BRIDGE: Applied heterogeneity to 4 parameters.
[2026-07-07 12:32:50][INFO] SIM_BRIDGE: Initializing OU process state (tau=15.0ms, sigma=0.0pA)...
[2026-07-07 12:32:50][INFO] SIM_BRIDGE: Generating 3D neuron positions for 1024 neurons...
[2026-07-07 12:32:50][INFO] SIM_BRIDGE: Generating connections (3D)...
[2026-07-07 12:32:50][INFO] SIM_BRIDGE: Simulation data initialized for 1024 neurons (3D). Synapses: 0. GPU memory: 23.2GB/51.2GB (45.2%)
[2026-07-07 12:32:51][INFO] SIM_BRIDGE: NumPy backend (CPU (NumPy backend), 47.7 GB RAM available)
[2026-07-07 12:32:51][INFO] SIM_BRIDGE: Initializing simulation data for model: IZHIKEVICH (3D)... (playback_init: False)
[2026-07-07 12:32:51][INFO] SIM_BRIDGE: RNG initialized with seed: 100
[2026-07-07 12:32:51][INFO] SIM_BRIDGE: Initializing Izhikevich model specifics for 6144 neurons...
[2026-07-07 12:32:51][INFO] SIM_BRIDGE: Applying parameter heterogeneity to neuron parameters...
[2026-07-07 12:32:51][INFO] SIM_BRIDGE: Applied heterogeneity to 4 parameters.
[2026-07-07 12:32:51][INFO] SIM_BRIDGE: Initializing OU process state (tau=15.0ms, sigma=0.0pA)...
[2026-07-07 12:32:51][INFO] SIM_BRIDGE: Generating 3D neuron positions for 6144 neurons...
[2026-07-07 12:32:51][INFO] SIM_BRIDGE: Generating connections (3D)...
[2026-07-07 12:32:51][INFO] SIM_BRIDGE: Simulation data initialized for 6144 neurons (3D). Synapses: 0. GPU memory: 23.2GB/51.2GB (45.2%)
[2026-07-07 12:32:51][INFO] SIM_BRIDGE: NumPy backend (CPU (NumPy backend), 47.7 GB RAM available)
[2026-07-07 12:32:51][INFO] SIM_BRIDGE: Initializing simulation data for model: IZHIKEVICH (3D)... (playback_init: False)
[2026-07-07 12:32:51][INFO] SIM_BRIDGE: RNG initialized with seed: 100
[2026-07-07 12:32:51][INFO] SIM_BRIDGE: Initializing Izhikevich model specifics for 512 neurons...
[2026-07-07 12:32:51][INFO] SIM_BRIDGE: Applying parameter heterogeneity to neuron parameters...
[2026-07-07 12:32:51][INFO] SIM_BRIDGE: Applied heterogeneity to 4 parameters.
[2026-07-07 12:32:51][INFO] SIM_BRIDGE: Initializing OU process state (tau=15.0ms, sigma=0.0pA)...
[2026-07-07 12:32:51][INFO] SIM_BRIDGE: Generating 3D neuron positions for 512 neurons...
[2026-07-07 12:32:51][INFO] SIM_BRIDGE: Generating connections (3D)...
[2026-07-07 12:32:51][INFO] SIM_BRIDGE: Simulation data initialized for 512 neurons (3D). Synapses: 0. GPU memory: 23.2GB/51.2GB (45.2%)
[2026-07-07 12:32:51][INFO] SIM_BRIDGE: NumPy backend (CPU (NumPy backend), 47.7 GB RAM available)
[2026-07-07 12:32:51][INFO] SIM_BRIDGE: Initializing simulation data for model: IZHIKEVICH (3D)... (playback_init: False)
[2026-07-07 12:32:51][INFO] SIM_BRIDGE: RNG initialized with seed: 100
[2026-07-07 12:32:51][INFO] SIM_BRIDGE: Initializing Izhikevich model specifics for 1024 neurons...
[2026-07-07 12:32:51][INFO] SIM_BRIDGE: Applying parameter heterogeneity to neuron parameters...
[2026-07-07 12:32:51][INFO] SIM_BRIDGE: Applied heterogeneity to 4 parameters.
[2026-07-07 12:32:51][INFO] SIM_BRIDGE: Initializing OU process state (tau=15.0ms, sigma=0.0pA)...
[2026-07-07 12:32:51][INFO] SIM_BRIDGE: Generating 3D neuron positions for 1024 neurons...
[2026-07-07 12:32:51][INFO] SIM_BRIDGE: Generating connections (3D)...
[2026-07-07 12:32:51][INFO] SIM_BRIDGE: Simulation data initialized for 1024 neurons (3D). Synapses: 0. GPU memory: 23.2GB/51.2GB (45.2%)
[2026-07-07 12:32:52][INFO] SIM_BRIDGE: NumPy backend (CPU (NumPy backend), 47.7 GB RAM available)
[2026-07-07 12:32:52][INFO] SIM_BRIDGE: Initializing simulation data for model: IZHIKEVICH (3D)... (playback_init: False)
[2026-07-07 12:32:52][INFO] SIM_BRIDGE: RNG initialized with seed: 100
[2026-07-07 12:32:52][INFO] SIM_BRIDGE: Initializing Izhikevich model specifics for 6144 neurons...
[2026-07-07 12:32:52][INFO] SIM_BRIDGE: Applying parameter heterogeneity to neuron parameters...
[2026-07-07 12:32:52][INFO] SIM_BRIDGE: Applied heterogeneity to 4 parameters.
[2026-07-07 12:32:52][INFO] SIM_BRIDGE: Initializing OU process state (tau=15.0ms, sigma=0.0pA)...
[2026-07-07 12:32:52][INFO] SIM_BRIDGE: Generating 3D neuron positions for 6144 neurons...
[2026-07-07 12:32:52][INFO] SIM_BRIDGE: Generating connections (3D)...
[2026-07-07 12:32:52][INFO] SIM_BRIDGE: Simulation data initialized for 6144 neurons (3D). Synapses: 0. GPU memory: 23.2GB/51.2GB (45.2%)
[2026-07-07 12:32:55][INFO] SIM_BRIDGE: NumPy backend (CPU (NumPy backend), 47.7 GB RAM available)
[2026-07-07 12:32:55][INFO] SIM_BRIDGE: Initializing simulation data for model: IZHIKEVICH (3D)... (playback_init: False)
[2026-07-07 12:32:55][INFO] SIM_BRIDGE: RNG initialized with seed: 100
[2026-07-07 12:32:55][INFO] SIM_BRIDGE: Initializing Izhikevich model specifics for 512 neurons...
[2026-07-07 12:32:55][INFO] SIM_BRIDGE: Applying parameter heterogeneity to neuron parameters...
[2026-07-07 12:32:55][INFO] SIM_BRIDGE: Applied heterogeneity to 4 parameters.
[2026-07-07 12:32:55][INFO] SIM_BRIDGE: Initializing OU process state (tau=15.0ms, sigma=0.0pA)...
[2026-07-07 12:32:55][INFO] SIM_BRIDGE: Generating 3D neuron positions for 512 neurons...
[2026-07-07 12:32:55][INFO] SIM_BRIDGE: Generating connections (3D)...
[2026-07-07 12:32:55][INFO] SIM_BRIDGE: Simulation data initialized for 512 neurons (3D). Synapses: 0. GPU memory: 23.2GB/51.2GB (45.3%)
[2026-07-07 12:32:55][INFO] SIM_BRIDGE: NumPy backend (CPU (NumPy backend), 47.7 GB RAM available)
[2026-07-07 12:32:55][INFO] SIM_BRIDGE: Initializing simulation data for model: IZHIKEVICH (3D)... (playback_init: False)
[2026-07-07 12:32:55][INFO] SIM_BRIDGE: RNG initialized with seed: 100
[2026-07-07 12:32:55][INFO] SIM_BRIDGE: Initializing Izhikevich model specifics for 1024 neurons...
[2026-07-07 12:32:55][INFO] SIM_BRIDGE: Applying parameter heterogeneity to neuron parameters...
[2026-07-07 12:32:55][INFO] SIM_BRIDGE: Applied heterogeneity to 4 parameters.
[2026-07-07 12:32:55][INFO] SIM_BRIDGE: Initializing OU process state (tau=15.0ms, sigma=0.0pA)...
[2026-07-07 12:32:55][INFO] SIM_BRIDGE: Generating 3D neuron positions for 1024 neurons...
[2026-07-07 12:32:55][INFO] SIM_BRIDGE: Generating connections (3D)...
[2026-07-07 12:32:55][INFO] SIM_BRIDGE: Simulation data initialized for 1024 neurons (3D). Synapses: 0. GPU memory: 23.2GB/51.2GB (45.3%)
[2026-07-07 12:32:56][INFO] SIM_BRIDGE: NumPy backend (CPU (NumPy backend), 47.7 GB RAM available)
[2026-07-07 12:32:56][INFO] SIM_BRIDGE: Initializing simulation data for model: IZHIKEVICH (3D)... (playback_init: False)
[2026-07-07 12:32:56][INFO] SIM_BRIDGE: RNG initialized with seed: 100
[2026-07-07 12:32:56][INFO] SIM_BRIDGE: Initializing Izhikevich model specifics for 6144 neurons...
[2026-07-07 12:32:56][INFO] SIM_BRIDGE: Applying parameter heterogeneity to neuron parameters...
[2026-07-07 12:32:56][INFO] SIM_BRIDGE: Applied heterogeneity to 4 parameters.
[2026-07-07 12:32:56][INFO] SIM_BRIDGE: Initializing OU process state (tau=15.0ms, sigma=0.0pA)...
[2026-07-07 12:32:56][INFO] SIM_BRIDGE: Generating 3D neuron positions for 6144 neurons...
[2026-07-07 12:32:56][INFO] SIM_BRIDGE: Generating connections (3D)...
[2026-07-07 12:32:56][INFO] SIM_BRIDGE: Simulation data initialized for 6144 neurons (3D). Synapses: 0. GPU memory: 23.2GB/51.2GB (45.3%)
[2026-07-07 12:32:57][INFO] SIM_BRIDGE: NumPy backend (CPU (NumPy backend), 47.7 GB RAM available)
[2026-07-07 12:32:57][INFO] SIM_BRIDGE: Initializing simulation data for model: IZHIKEVICH (3D)... (playback_init: False)
[2026-07-07 12:32:57][INFO] SIM_BRIDGE: RNG initialized with seed: 100
[2026-07-07 12:32:57][INFO] SIM_BRIDGE: Initializing Izhikevich model specifics for 512 neurons...
[2026-07-07 12:32:57][INFO] SIM_BRIDGE: Applying parameter heterogeneity to neuron parameters...
[2026-07-07 12:32:57][INFO] SIM_BRIDGE: Applied heterogeneity to 4 parameters.
[2026-07-07 12:32:57][INFO] SIM_BRIDGE: Initializing OU process state (tau=15.0ms, sigma=0.0pA)...
[2026-07-07 12:32:57][INFO] SIM_BRIDGE: Generating 3D neuron positions for 512 neurons...
[2026-07-07 12:32:57][INFO] SIM_BRIDGE: Generating connections (3D)...
[2026-07-07 12:32:57][INFO] SIM_BRIDGE: Simulation data initialized for 512 neurons (3D). Synapses: 0. GPU memory: 23.2GB/51.2GB (45.3%)
[2026-07-07 12:32:57][INFO] SIM_BRIDGE: NumPy backend (CPU (NumPy backend), 47.7 GB RAM available)
[2026-07-07 12:32:57][INFO] SIM_BRIDGE: Initializing simulation data for model: IZHIKEVICH (3D)... (playback_init: False)
[2026-07-07 12:32:57][INFO] SIM_BRIDGE: RNG initialized with seed: 100
[2026-07-07 12:32:57][INFO] SIM_BRIDGE: Initializing Izhikevich model specifics for 1024 neurons...
[2026-07-07 12:32:57][INFO] SIM_BRIDGE: Applying parameter heterogeneity to neuron parameters...
[2026-07-07 12:32:57][INFO] SIM_BRIDGE: Applied heterogeneity to 4 parameters.
[2026-07-07 12:32:57][INFO] SIM_BRIDGE: Initializing OU process state (tau=15.0ms, sigma=0.0pA)...
[2026-07-07 12:32:57][INFO] SIM_BRIDGE: Generating 3D neuron positions for 1024 neurons...
[2026-07-07 12:32:57][INFO] SIM_BRIDGE: Generating connections (3D)...
[2026-07-07 12:32:57][INFO] SIM_BRIDGE: Simulation data initialized for 1024 neurons (3D). Synapses: 0. GPU memory: 23.2GB/51.2GB (45.2%)
[2026-07-07 12:32:57][INFO] SIM_BRIDGE: NumPy backend (CPU (NumPy backend), 47.7 GB RAM available)
[2026-07-07 12:32:57][INFO] SIM_BRIDGE: Initializing simulation data for model: IZHIKEVICH (3D)... (playback_init: False)
[2026-07-07 12:32:57][INFO] SIM_BRIDGE: RNG initialized with seed: 100
[2026-07-07 12:32:57][INFO] SIM_BRIDGE: Initializing Izhikevich model specifics for 6144 neurons...
[2026-07-07 12:32:57][INFO] SIM_BRIDGE: Applying parameter heterogeneity to neuron parameters...
[2026-07-07 12:32:57][INFO] SIM_BRIDGE: Applied heterogeneity to 4 parameters.
[2026-07-07 12:32:57][INFO] SIM_BRIDGE: Initializing OU process state (tau=15.0ms, sigma=0.0pA)...
[2026-07-07 12:32:57][INFO] SIM_BRIDGE: Generating 3D neuron positions for 6144 neurons...
[2026-07-07 12:32:57][INFO] SIM_BRIDGE: Generating connections (3D)...
[2026-07-07 12:32:57][INFO] SIM_BRIDGE: Simulation data initialized for 6144 neurons (3D). Synapses: 0. GPU memory: 23.0GB/51.2GB (44.8%)
[seed 100] slot0-cls [420, 0, 60] dale-legal(pasv/objrel) True/True | PARSE passive-read: PASSIVE 1.00 / CANON 1.00 || objrel-read GENERALIZE->PASSIVE 0.00 | POSITION-read on PASSIVE (misread) 0.00 | PRE-LEARN PASSIVE 0.00  ==  RECALL passive-read: PASSIVE 1.00 / CANON 1.00 || objrel-read-on-PASSIVE 0.00 | position-read-on-PASSIVE 0.00 | moat-FA 0.00 | LESION recall(passive): encoder(weak) 1.00 / RESERVOIR-SILENCE(airtight) 0.00 (63.4s)

[emerge91] VERDICT: GO -- the PASSIVE sentence is comprehended ON SPIKES (emergent per-role read-out: AGENT=by-phrase noun, THEME=surface subject) and ANSWERED: passive who/what recall 1.000 (canonical NOT broken 1.000); a POSITION read misreads the passive (recall 0.000, so the emergent read-out is NECESSARY); EMERGENT (PRE-learning parse 0.000 -> learned 1.000); no-confab moat 0.000 false-accept; the AIRTIGHT RESERVOIR-SILENCE lesion collapses passive recall to 0.000 (the weak encoder lesion does NOT: 1.000, since passive {was,by} are OOV). GENERALIZATION: the EMERGE-90 canonical+objrel read-out on passive recall = 0.000 (generalizes=False) -- so passive training WAS needed.
[emerge91] wrote research/findings/raw/_emerge91_passive_seed100.json
