[2026-07-02 10:29:11][INFO] SIM_BRIDGE: NumPy backend (CPU (NumPy backend), 47.7 GB RAM available)
[2026-07-02 10:29:11][INFO] SIM_BRIDGE: Initializing simulation data for model: IZHIKEVICH (3D)... (playback_init: False)
[2026-07-02 10:29:11][INFO] SIM_BRIDGE: Brain-region framework: 2 regions, 100 total neurons, 1 pathways.
[2026-07-02 10:29:11][INFO] SIM_BRIDGE: RNG initialized with seed: 42
[2026-07-02 10:29:11][INFO] SIM_BRIDGE: Initializing Izhikevich model specifics for 100 neurons...
[2026-07-02 10:29:12][INFO] SIM_BRIDGE: Region 'context' (60 neurons): using Izh type IZH2007_RS_CORTICAL_PYRAMIDAL
[2026-07-02 10:29:12][INFO] SIM_BRIDGE: Region 'column' (40 neurons): using Izh type IZH2007_RS_CORTICAL_PYRAMIDAL
[2026-07-02 10:29:12][INFO] SIM_BRIDGE: Generating 3D neuron positions for 100 neurons...
[2026-07-02 10:29:12][INFO] SIM_BRIDGE: Generating connections (brain-region framework)...
[2026-07-02 10:29:12][INFO] SIM_BRIDGE: inject_explicit_wiring: installed 2400 synapses across 1 populations.
[2026-07-02 10:29:12][INFO] SIM_BRIDGE: Initializing eligibility traces for 2400 synapses (capacity: 3600, dtype: float32)...
[2026-07-02 10:29:12][INFO] SIM_BRIDGE: Simulation data initialized for 100 neurons (3D). Synapses: 2400. GPU memory: 20.3GB/51.2GB (39.6%)
[2026-07-02 10:29:12][INFO] SIM_BRIDGE: NumPy backend (CPU (NumPy backend), 47.7 GB RAM available)
[2026-07-02 10:29:12][INFO] SIM_BRIDGE: Initializing simulation data for model: IZHIKEVICH (3D)... (playback_init: False)
[2026-07-02 10:29:12][INFO] SIM_BRIDGE: Brain-region framework: 2 regions, 100 total neurons, 1 pathways.
[2026-07-02 10:29:12][INFO] SIM_BRIDGE: RNG initialized with seed: 42
[2026-07-02 10:29:12][INFO] SIM_BRIDGE: Initializing Izhikevich model specifics for 100 neurons...
[2026-07-02 10:29:12][INFO] SIM_BRIDGE: Region 'context' (60 neurons): using Izh type IZH2007_RS_CORTICAL_PYRAMIDAL
[2026-07-02 10:29:12][INFO] SIM_BRIDGE: Region 'column' (40 neurons): using Izh type IZH2007_RS_CORTICAL_PYRAMIDAL
[2026-07-02 10:29:12][INFO] SIM_BRIDGE: Generating 3D neuron positions for 100 neurons...
[2026-07-02 10:29:12][INFO] SIM_BRIDGE: Generating connections (brain-region framework)...
[2026-07-02 10:29:12][INFO] SIM_BRIDGE: inject_explicit_wiring: installed 2400 synapses across 1 populations.
[2026-07-02 10:29:12][INFO] SIM_BRIDGE: Initializing eligibility traces for 2400 synapses (capacity: 3600, dtype: float32)...
[2026-07-02 10:29:12][INFO] SIM_BRIDGE: Simulation data initialized for 100 neurons (3D). Synapses: 2400. GPU memory: 20.3GB/51.2GB (39.6%)
[2026-07-02 10:29:12][INFO] SIM_BRIDGE: NumPy backend (CPU (NumPy backend), 47.7 GB RAM available)
[2026-07-02 10:29:12][INFO] SIM_BRIDGE: Initializing simulation data for model: IZHIKEVICH (3D)... (playback_init: False)
[2026-07-02 10:29:12][INFO] SIM_BRIDGE: Brain-region framework: 2 regions, 100 total neurons, 1 pathways.
[2026-07-02 10:29:12][INFO] SIM_BRIDGE: RNG initialized with seed: 42
[2026-07-02 10:29:12][INFO] SIM_BRIDGE: Initializing Izhikevich model specifics for 100 neurons...
[2026-07-02 10:29:12][INFO] SIM_BRIDGE: Region 'context' (60 neurons): using Izh type IZH2007_RS_CORTICAL_PYRAMIDAL
[2026-07-02 10:29:12][INFO] SIM_BRIDGE: Region 'column' (40 neurons): using Izh type IZH2007_RS_CORTICAL_PYRAMIDAL
[2026-07-02 10:29:12][INFO] SIM_BRIDGE: Generating 3D neuron positions for 100 neurons...
[2026-07-02 10:29:12][INFO] SIM_BRIDGE: Generating connections (brain-region framework)...
[2026-07-02 10:29:12][INFO] SIM_BRIDGE: inject_explicit_wiring: installed 2400 synapses across 1 populations.
[2026-07-02 10:29:12][INFO] SIM_BRIDGE: Initializing eligibility traces for 2400 synapses (capacity: 3600, dtype: float32)...
[2026-07-02 10:29:12][INFO] SIM_BRIDGE: Simulation data initialized for 100 neurons (3D). Synapses: 2400. GPU memory: 20.3GB/51.2GB (39.6%)
[2026-07-02 10:29:12][INFO] SIM_BRIDGE: NumPy backend (CPU (NumPy backend), 47.7 GB RAM available)
[2026-07-02 10:29:12][INFO] SIM_BRIDGE: Initializing simulation data for model: IZHIKEVICH (3D)... (playback_init: False)
[2026-07-02 10:29:12][INFO] SIM_BRIDGE: Brain-region framework: 2 regions, 100 total neurons, 1 pathways.
[2026-07-02 10:29:12][INFO] SIM_BRIDGE: RNG initialized with seed: 42
[2026-07-02 10:29:12][INFO] SIM_BRIDGE: Initializing Izhikevich model specifics for 100 neurons...
[2026-07-02 10:29:12][INFO] SIM_BRIDGE: Region 'context' (60 neurons): using Izh type IZH2007_RS_CORTICAL_PYRAMIDAL
[2026-07-02 10:29:12][INFO] SIM_BRIDGE: Region 'column' (40 neurons): using Izh type IZH2007_RS_CORTICAL_PYRAMIDAL
[2026-07-02 10:29:12][INFO] SIM_BRIDGE: Generating 3D neuron positions for 100 neurons...
[2026-07-02 10:29:12][INFO] SIM_BRIDGE: Generating connections (brain-region framework)...
[2026-07-02 10:29:12][INFO] SIM_BRIDGE: inject_explicit_wiring: installed 2400 synapses across 1 populations.
[2026-07-02 10:29:12][INFO] SIM_BRIDGE: Initializing eligibility traces for 2400 synapses (capacity: 3600, dtype: float32)...
[2026-07-02 10:29:12][INFO] SIM_BRIDGE: Simulation data initialized for 100 neurons (3D). Synapses: 2400. GPU memory: 20.3GB/51.2GB (39.6%)
[2026-07-02 10:29:12][INFO] SIM_BRIDGE: NumPy backend (CPU (NumPy backend), 47.7 GB RAM available)
[2026-07-02 10:29:12][INFO] SIM_BRIDGE: Initializing simulation data for model: IZHIKEVICH (3D)... (playback_init: False)
[2026-07-02 10:29:12][INFO] SIM_BRIDGE: Brain-region framework: 2 regions, 100 total neurons, 1 pathways.
[2026-07-02 10:29:12][INFO] SIM_BRIDGE: RNG initialized with seed: 42
[2026-07-02 10:29:12][INFO] SIM_BRIDGE: Initializing Izhikevich model specifics for 100 neurons...
[2026-07-02 10:29:12][INFO] SIM_BRIDGE: Region 'context' (60 neurons): using Izh type IZH2007_RS_CORTICAL_PYRAMIDAL
[2026-07-02 10:29:12][INFO] SIM_BRIDGE: Region 'column' (40 neurons): using Izh type IZH2007_RS_CORTICAL_PYRAMIDAL
[2026-07-02 10:29:12][INFO] SIM_BRIDGE: Generating 3D neuron positions for 100 neurons...
[2026-07-02 10:29:12][INFO] SIM_BRIDGE: Generating connections (brain-region framework)...
[2026-07-02 10:29:12][INFO] SIM_BRIDGE: inject_explicit_wiring: installed 2400 synapses across 1 populations.
[2026-07-02 10:29:12][INFO] SIM_BRIDGE: Initializing eligibility traces for 2400 synapses (capacity: 3600, dtype: float32)...
[2026-07-02 10:29:12][INFO] SIM_BRIDGE: Simulation data initialized for 100 neurons (3D). Synapses: 2400. GPU memory: 20.3GB/51.2GB (39.6%)
[2026-07-02 10:29:12][INFO] SIM_BRIDGE: NumPy backend (CPU (NumPy backend), 47.7 GB RAM available)
[2026-07-02 10:29:12][INFO] SIM_BRIDGE: Initializing simulation data for model: IZHIKEVICH (3D)... (playback_init: False)
[2026-07-02 10:29:12][INFO] SIM_BRIDGE: Brain-region framework: 2 regions, 100 total neurons, 1 pathways.
[2026-07-02 10:29:12][INFO] SIM_BRIDGE: RNG initialized with seed: 43
[2026-07-02 10:29:12][INFO] SIM_BRIDGE: Initializing Izhikevich model specifics for 100 neurons...
[2026-07-02 10:29:12][INFO] SIM_BRIDGE: Region 'context' (60 neurons): using Izh type IZH2007_RS_CORTICAL_PYRAMIDAL
[2026-07-02 10:29:12][INFO] SIM_BRIDGE: Region 'column' (40 neurons): using Izh type IZH2007_RS_CORTICAL_PYRAMIDAL
[2026-07-02 10:29:12][INFO] SIM_BRIDGE: Generating 3D neuron positions for 100 neurons...
[2026-07-02 10:29:12][INFO] SIM_BRIDGE: Generating connections (brain-region framework)...
[2026-07-02 10:29:12][INFO] SIM_BRIDGE: inject_explicit_wiring: installed 2400 synapses across 1 populations.
[2026-07-02 10:29:12][INFO] SIM_BRIDGE: Initializing eligibility traces for 2400 synapses (capacity: 3600, dtype: float32)...
[2026-07-02 10:29:12][INFO] SIM_BRIDGE: Simulation data initialized for 100 neurons (3D). Synapses: 2400. GPU memory: 20.3GB/51.2GB (39.6%)
[2026-07-02 10:29:12][INFO] SIM_BRIDGE: NumPy backend (CPU (NumPy backend), 47.7 GB RAM available)
[2026-07-02 10:29:12][INFO] SIM_BRIDGE: Initializing simulation data for model: IZHIKEVICH (3D)... (playback_init: False)
[2026-07-02 10:29:12][INFO] SIM_BRIDGE: Brain-region framework: 2 regions, 100 total neurons, 1 pathways.
[2026-07-02 10:29:12][INFO] SIM_BRIDGE: RNG initialized with seed: 43
[2026-07-02 10:29:12][INFO] SIM_BRIDGE: Initializing Izhikevich model specifics for 100 neurons...
[2026-07-02 10:29:12][INFO] SIM_BRIDGE: Region 'context' (60 neurons): using Izh type IZH2007_RS_CORTICAL_PYRAMIDAL
[2026-07-02 10:29:12][INFO] SIM_BRIDGE: Region 'column' (40 neurons): using Izh type IZH2007_RS_CORTICAL_PYRAMIDAL
[2026-07-02 10:29:12][INFO] SIM_BRIDGE: Generating 3D neuron positions for 100 neurons...
[2026-07-02 10:29:12][INFO] SIM_BRIDGE: Generating connections (brain-region framework)...
[2026-07-02 10:29:12][INFO] SIM_BRIDGE: inject_explicit_wiring: installed 2400 synapses across 1 populations.
[2026-07-02 10:29:12][INFO] SIM_BRIDGE: Initializing eligibility traces for 2400 synapses (capacity: 3600, dtype: float32)...
[2026-07-02 10:29:12][INFO] SIM_BRIDGE: Simulation data initialized for 100 neurons (3D). Synapses: 2400. GPU memory: 20.3GB/51.2GB (39.6%)
[2026-07-02 10:29:12][INFO] SIM_BRIDGE: NumPy backend (CPU (NumPy backend), 47.7 GB RAM available)
[2026-07-02 10:29:12][INFO] SIM_BRIDGE: Initializing simulation data for model: IZHIKEVICH (3D)... (playback_init: False)
[2026-07-02 10:29:12][INFO] SIM_BRIDGE: Brain-region framework: 2 regions, 100 total neurons, 1 pathways.
[2026-07-02 10:29:12][INFO] SIM_BRIDGE: RNG initialized with seed: 43
[2026-07-02 10:29:12][INFO] SIM_BRIDGE: Initializing Izhikevich model specifics for 100 neurons...
[2026-07-02 10:29:12][INFO] SIM_BRIDGE: Region 'context' (60 neurons): using Izh type IZH2007_RS_CORTICAL_PYRAMIDAL
[2026-07-02 10:29:12][INFO] SIM_BRIDGE: Region 'column' (40 neurons): using Izh type IZH2007_RS_CORTICAL_PYRAMIDAL
[2026-07-02 10:29:12][INFO] SIM_BRIDGE: Generating 3D neuron positions for 100 neurons...
[2026-07-02 10:29:12][INFO] SIM_BRIDGE: Generating connections (brain-region framework)...
[2026-07-02 10:29:12][INFO] SIM_BRIDGE: inject_explicit_wiring: installed 2400 synapses across 1 populations.
[2026-07-02 10:29:12][INFO] SIM_BRIDGE: Initializing eligibility traces for 2400 synapses (capacity: 3600, dtype: float32)...
[2026-07-02 10:29:12][INFO] SIM_BRIDGE: Simulation data initialized for 100 neurons (3D). Synapses: 2400. GPU memory: 20.3GB/51.2GB (39.6%)
[2026-07-02 10:29:12][INFO] SIM_BRIDGE: NumPy backend (CPU (NumPy backend), 47.7 GB RAM available)
[2026-07-02 10:29:12][INFO] SIM_BRIDGE: Initializing simulation data for model: IZHIKEVICH (3D)... (playback_init: False)
[2026-07-02 10:29:12][INFO] SIM_BRIDGE: Brain-region framework: 2 regions, 100 total neurons, 1 pathways.
[2026-07-02 10:29:12][INFO] SIM_BRIDGE: RNG initialized with seed: 43
[2026-07-02 10:29:12][INFO] SIM_BRIDGE: Initializing Izhikevich model specifics for 100 neurons...
[2026-07-02 10:29:12][INFO] SIM_BRIDGE: Region 'context' (60 neurons): using Izh type IZH2007_RS_CORTICAL_PYRAMIDAL
[2026-07-02 10:29:12][INFO] SIM_BRIDGE: Region 'column' (40 neurons): using Izh type IZH2007_RS_CORTICAL_PYRAMIDAL
[2026-07-02 10:29:12][INFO] SIM_BRIDGE: Generating 3D neuron positions for 100 neurons...
[2026-07-02 10:29:12][INFO] SIM_BRIDGE: Generating connections (brain-region framework)...
[2026-07-02 10:29:12][INFO] SIM_BRIDGE: inject_explicit_wiring: installed 2400 synapses across 1 populations.
[2026-07-02 10:29:12][INFO] SIM_BRIDGE: Initializing eligibility traces for 2400 synapses (capacity: 3600, dtype: float32)...
[2026-07-02 10:29:12][INFO] SIM_BRIDGE: Simulation data initialized for 100 neurons (3D). Synapses: 2400. GPU memory: 20.3GB/51.2GB (39.5%)
[2026-07-02 10:29:12][INFO] SIM_BRIDGE: NumPy backend (CPU (NumPy backend), 47.7 GB RAM available)
[2026-07-02 10:29:12][INFO] SIM_BRIDGE: Initializing simulation data for model: IZHIKEVICH (3D)... (playback_init: False)
[2026-07-02 10:29:12][INFO] SIM_BRIDGE: Brain-region framework: 2 regions, 100 total neurons, 1 pathways.
[2026-07-02 10:29:12][INFO] SIM_BRIDGE: RNG initialized with seed: 43
[2026-07-02 10:29:12][INFO] SIM_BRIDGE: Initializing Izhikevich model specifics for 100 neurons...
[2026-07-02 10:29:12][INFO] SIM_BRIDGE: Region 'context' (60 neurons): using Izh type IZH2007_RS_CORTICAL_PYRAMIDAL
[2026-07-02 10:29:12][INFO] SIM_BRIDGE: Region 'column' (40 neurons): using Izh type IZH2007_RS_CORTICAL_PYRAMIDAL
[2026-07-02 10:29:12][INFO] SIM_BRIDGE: Generating 3D neuron positions for 100 neurons...
[2026-07-02 10:29:12][INFO] SIM_BRIDGE: Generating connections (brain-region framework)...
[2026-07-02 10:29:12][INFO] SIM_BRIDGE: inject_explicit_wiring: installed 2400 synapses across 1 populations.
[2026-07-02 10:29:12][INFO] SIM_BRIDGE: Initializing eligibility traces for 2400 synapses (capacity: 3600, dtype: float32)...
[2026-07-02 10:29:12][INFO] SIM_BRIDGE: Simulation data initialized for 100 neurons (3D). Synapses: 2400. GPU memory: 20.3GB/51.2GB (39.5%)
[2026-07-02 10:29:12][INFO] SIM_BRIDGE: NumPy backend (CPU (NumPy backend), 47.7 GB RAM available)
[2026-07-02 10:29:12][INFO] SIM_BRIDGE: Initializing simulation data for model: IZHIKEVICH (3D)... (playback_init: False)
[2026-07-02 10:29:12][INFO] SIM_BRIDGE: Brain-region framework: 2 regions, 100 total neurons, 1 pathways.
[2026-07-02 10:29:12][INFO] SIM_BRIDGE: RNG initialized with seed: 44
[2026-07-02 10:29:12][INFO] SIM_BRIDGE: Initializing Izhikevich model specifics for 100 neurons...
[2026-07-02 10:29:12][INFO] SIM_BRIDGE: Region 'context' (60 neurons): using Izh type IZH2007_RS_CORTICAL_PYRAMIDAL
[2026-07-02 10:29:12][INFO] SIM_BRIDGE: Region 'column' (40 neurons): using Izh type IZH2007_RS_CORTICAL_PYRAMIDAL
[2026-07-02 10:29:12][INFO] SIM_BRIDGE: Generating 3D neuron positions for 100 neurons...
[2026-07-02 10:29:12][INFO] SIM_BRIDGE: Generating connections (brain-region framework)...
[2026-07-02 10:29:12][INFO] SIM_BRIDGE: inject_explicit_wiring: installed 2400 synapses across 1 populations.
[2026-07-02 10:29:12][INFO] SIM_BRIDGE: Initializing eligibility traces for 2400 synapses (capacity: 3600, dtype: float32)...
[2026-07-02 10:29:12][INFO] SIM_BRIDGE: Simulation data initialized for 100 neurons (3D). Synapses: 2400. GPU memory: 20.3GB/51.2GB (39.5%)
[2026-07-02 10:29:12][INFO] SIM_BRIDGE: NumPy backend (CPU (NumPy backend), 47.7 GB RAM available)
[2026-07-02 10:29:12][INFO] SIM_BRIDGE: Initializing simulation data for model: IZHIKEVICH (3D)... (playback_init: False)
[2026-07-02 10:29:12][INFO] SIM_BRIDGE: Brain-region framework: 2 regions, 100 total neurons, 1 pathways.
[2026-07-02 10:29:12][INFO] SIM_BRIDGE: RNG initialized with seed: 44
[2026-07-02 10:29:12][INFO] SIM_BRIDGE: Initializing Izhikevich model specifics for 100 neurons...
[2026-07-02 10:29:12][INFO] SIM_BRIDGE: Region 'context' (60 neurons): using Izh type IZH2007_RS_CORTICAL_PYRAMIDAL
[2026-07-02 10:29:12][INFO] SIM_BRIDGE: Region 'column' (40 neurons): using Izh type IZH2007_RS_CORTICAL_PYRAMIDAL
[2026-07-02 10:29:12][INFO] SIM_BRIDGE: Generating 3D neuron positions for 100 neurons...
[2026-07-02 10:29:12][INFO] SIM_BRIDGE: Generating connections (brain-region framework)...
[2026-07-02 10:29:12][INFO] SIM_BRIDGE: inject_explicit_wiring: installed 2400 synapses across 1 populations.
[2026-07-02 10:29:12][INFO] SIM_BRIDGE: Initializing eligibility traces for 2400 synapses (capacity: 3600, dtype: float32)...
[2026-07-02 10:29:12][INFO] SIM_BRIDGE: Simulation data initialized for 100 neurons (3D). Synapses: 2400. GPU memory: 20.3GB/51.2GB (39.5%)
[2026-07-02 10:29:12][INFO] SIM_BRIDGE: NumPy backend (CPU (NumPy backend), 47.7 GB RAM available)
[2026-07-02 10:29:12][INFO] SIM_BRIDGE: Initializing simulation data for model: IZHIKEVICH (3D)... (playback_init: False)
[2026-07-02 10:29:12][INFO] SIM_BRIDGE: Brain-region framework: 2 regions, 100 total neurons, 1 pathways.
[2026-07-02 10:29:12][INFO] SIM_BRIDGE: RNG initialized with seed: 44
[2026-07-02 10:29:12][INFO] SIM_BRIDGE: Initializing Izhikevich model specifics for 100 neurons...
[2026-07-02 10:29:12][INFO] SIM_BRIDGE: Region 'context' (60 neurons): using Izh type IZH2007_RS_CORTICAL_PYRAMIDAL
[2026-07-02 10:29:12][INFO] SIM_BRIDGE: Region 'column' (40 neurons): using Izh type IZH2007_RS_CORTICAL_PYRAMIDAL
[2026-07-02 10:29:12][INFO] SIM_BRIDGE: Generating 3D neuron positions for 100 neurons...
[2026-07-02 10:29:12][INFO] SIM_BRIDGE: Generating connections (brain-region framework)...
[2026-07-02 10:29:12][INFO] SIM_BRIDGE: inject_explicit_wiring: installed 2400 synapses across 1 populations.
[2026-07-02 10:29:12][INFO] SIM_BRIDGE: Initializing eligibility traces for 2400 synapses (capacity: 3600, dtype: float32)...
[2026-07-02 10:29:12][INFO] SIM_BRIDGE: Simulation data initialized for 100 neurons (3D). Synapses: 2400. GPU memory: 20.3GB/51.2GB (39.5%)
[2026-07-02 10:29:12][INFO] SIM_BRIDGE: NumPy backend (CPU (NumPy backend), 47.7 GB RAM available)
[2026-07-02 10:29:12][INFO] SIM_BRIDGE: Initializing simulation data for model: IZHIKEVICH (3D)... (playback_init: False)
[2026-07-02 10:29:12][INFO] SIM_BRIDGE: Brain-region framework: 2 regions, 100 total neurons, 1 pathways.
[2026-07-02 10:29:12][INFO] SIM_BRIDGE: RNG initialized with seed: 44
[2026-07-02 10:29:12][INFO] SIM_BRIDGE: Initializing Izhikevich model specifics for 100 neurons...
[2026-07-02 10:29:12][INFO] SIM_BRIDGE: Region 'context' (60 neurons): using Izh type IZH2007_RS_CORTICAL_PYRAMIDAL
[2026-07-02 10:29:12][INFO] SIM_BRIDGE: Region 'column' (40 neurons): using Izh type IZH2007_RS_CORTICAL_PYRAMIDAL
[2026-07-02 10:29:12][INFO] SIM_BRIDGE: Generating 3D neuron positions for 100 neurons...
[2026-07-02 10:29:12][INFO] SIM_BRIDGE: Generating connections (brain-region framework)...
[2026-07-02 10:29:12][INFO] SIM_BRIDGE: inject_explicit_wiring: installed 2400 synapses across 1 populations.
[2026-07-02 10:29:12][INFO] SIM_BRIDGE: Initializing eligibility traces for 2400 synapses (capacity: 3600, dtype: float32)...
[2026-07-02 10:29:12][INFO] SIM_BRIDGE: Simulation data initialized for 100 neurons (3D). Synapses: 2400. GPU memory: 20.3GB/51.2GB (39.5%)
[2026-07-02 10:29:12][INFO] SIM_BRIDGE: NumPy backend (CPU (NumPy backend), 47.7 GB RAM available)
[2026-07-02 10:29:12][INFO] SIM_BRIDGE: Initializing simulation data for model: IZHIKEVICH (3D)... (playback_init: False)
[2026-07-02 10:29:12][INFO] SIM_BRIDGE: Brain-region framework: 2 regions, 100 total neurons, 1 pathways.
[2026-07-02 10:29:12][INFO] SIM_BRIDGE: RNG initialized with seed: 44
[2026-07-02 10:29:12][INFO] SIM_BRIDGE: Initializing Izhikevich model specifics for 100 neurons...
[2026-07-02 10:29:12][INFO] SIM_BRIDGE: Region 'context' (60 neurons): using Izh type IZH2007_RS_CORTICAL_PYRAMIDAL
[2026-07-02 10:29:12][INFO] SIM_BRIDGE: Region 'column' (40 neurons): using Izh type IZH2007_RS_CORTICAL_PYRAMIDAL
[2026-07-02 10:29:12][INFO] SIM_BRIDGE: Generating 3D neuron positions for 100 neurons...
[2026-07-02 10:29:12][INFO] SIM_BRIDGE: Generating connections (brain-region framework)...
[2026-07-02 10:29:12][INFO] SIM_BRIDGE: inject_explicit_wiring: installed 2400 synapses across 1 populations.
[2026-07-02 10:29:12][INFO] SIM_BRIDGE: Initializing eligibility traces for 2400 synapses (capacity: 3600, dtype: float32)...
[2026-07-02 10:29:12][INFO] SIM_BRIDGE: Simulation data initialized for 100 neurons (3D). Synapses: 2400. GPU memory: 20.3GB/51.2GB (39.5%)
  [seed 42] fire-threshold pA: primed 120 vs unprimed 180 (shift +60) | lesion-primed 160 | desync-primed 180 | primed-noFF max 0.00
  [seed 43] fire-threshold pA: primed 120 vs unprimed 180 (shift +60) | lesion-primed 160 | desync-primed 180 | primed-noFF max 0.00
  [seed 44] fire-threshold pA: primed 120 vs unprimed 180 (shift +60) | lesion-primed 160 | desync-primed 180 | primed-noFF max 0.00

============================================================================================================
[emerge10] VERDICT: GO -- a distally-PRIMED (dAP coincidence-plateau) cell fires at LOWER feedforward drive than the SAME cell with the plateau OFF (same context AMPA volley): primed 120 vs lesion-primed 160 pA (plateau-specific advantage +40); the plateau ALONE does NOT fire it (no-FF max frac 0.00 -- predictive != active); DESYNCHRONIZED context gives no advantage (180 ~ lesion 160); unprimed baseline 180; multi-seed; NO sim/ edit. => the fire-first bias (the one genuinely-new biophysical behavior of the HTM-TM port) works on the real substrate -> Stage B (per-column WTA + frozen numpy-learned permanences => EMERGE-9c parity).
[emerge10] wrote research/findings/raw/_emerge10_ode_ac2.0.json
============================================================================================================
