EMERGE-87 de-risk: CO-RESIDENCE of the form->role reservoir region with a conversational region on ONE bridge (GO co-resident + byte-isolation); 6-seed
[2026-07-03 17:59:59][INFO] SIM_BRIDGE: NumPy backend (CPU (NumPy backend), 47.7 GB RAM available)
[2026-07-03 17:59:59][INFO] SIM_BRIDGE: Initializing simulation data for model: IZHIKEVICH (3D)... (playback_init: False)
[2026-07-03 17:59:59][INFO] SIM_BRIDGE: Brain-region framework: 2 regions, 420 total neurons, 0 pathways.
[2026-07-03 17:59:59][INFO] SIM_BRIDGE: RNG initialized with seed: 42
[2026-07-03 17:59:59][INFO] SIM_BRIDGE: Initializing Izhikevich model specifics for 420 neurons...
[2026-07-03 18:00:00][INFO] SIM_BRIDGE: Applying parameter heterogeneity to neuron parameters...
[2026-07-03 18:00:00][INFO] SIM_BRIDGE: Applied heterogeneity to 4 parameters.
[2026-07-03 18:00:00][INFO] SIM_BRIDGE: Generating 3D neuron positions for 420 neurons...
[2026-07-03 18:00:00][INFO] SIM_BRIDGE: Generating connections (brain-region framework)...
[2026-07-03 18:00:00][INFO] SIM_BRIDGE: Per-synapse STP types: E->E=4756, E->I=2336, I->E=2337, I->I=1091
[2026-07-03 18:00:00][INFO] SIM_BRIDGE: inject_explicit_wiring: installed 10520 synapses across 2 populations.
[2026-07-03 18:00:00][INFO] SIM_BRIDGE: Initializing STP state for 10520 synapses (capacity: 15780)...
[2026-07-03 18:00:00][INFO] SIM_BRIDGE: Initializing eligibility traces for 10520 synapses (capacity: 15780, dtype: float32)...
[2026-07-03 18:00:00][INFO] SIM_BRIDGE: Per-synapse STP types: E->E=4756, E->I=2336, I->E=2337, I->I=1091
[2026-07-03 18:00:00][INFO] SIM_BRIDGE: Initializing structural plasticity state...
[2026-07-03 18:00:00][INFO] SIM_BRIDGE: Simulation data initialized for 420 neurons (3D). Synapses: 10520. GPU memory: 14.1GB/51.2GB (27.5%)
  [seed 42] res+conv | spikes 1.97 | train 1.000 | rel-head 1.000/gov 0.500/sym 0.500 | silence 0.500 | ISO Δ 1.4e-02 | conv-silent 0.00
[2026-07-03 18:00:59][INFO] SIM_BRIDGE: NumPy backend (CPU (NumPy backend), 47.7 GB RAM available)
[2026-07-03 18:00:59][INFO] SIM_BRIDGE: Initializing simulation data for model: IZHIKEVICH (3D)... (playback_init: False)
[2026-07-03 18:00:59][INFO] SIM_BRIDGE: Brain-region framework: 2 regions, 420 total neurons, 0 pathways.
[2026-07-03 18:00:59][INFO] SIM_BRIDGE: RNG initialized with seed: 43
[2026-07-03 18:00:59][INFO] SIM_BRIDGE: Initializing Izhikevich model specifics for 420 neurons...
[2026-07-03 18:00:59][INFO] SIM_BRIDGE: Applying parameter heterogeneity to neuron parameters...
[2026-07-03 18:00:59][INFO] SIM_BRIDGE: Applied heterogeneity to 4 parameters.
[2026-07-03 18:00:59][INFO] SIM_BRIDGE: Generating 3D neuron positions for 420 neurons...
[2026-07-03 18:00:59][INFO] SIM_BRIDGE: Generating connections (brain-region framework)...
[2026-07-03 18:00:59][INFO] SIM_BRIDGE: Per-synapse STP types: E->E=4069, E->I=2462, I->E=2435, I->I=1411
[2026-07-03 18:00:59][INFO] SIM_BRIDGE: inject_explicit_wiring: installed 10377 synapses across 2 populations.
[2026-07-03 18:00:59][INFO] SIM_BRIDGE: Initializing STP state for 10377 synapses (capacity: 15565)...
[2026-07-03 18:00:59][INFO] SIM_BRIDGE: Initializing eligibility traces for 10377 synapses (capacity: 15565, dtype: float32)...
[2026-07-03 18:00:59][INFO] SIM_BRIDGE: Per-synapse STP types: E->E=4069, E->I=2462, I->E=2435, I->I=1411
[2026-07-03 18:00:59][INFO] SIM_BRIDGE: Initializing structural plasticity state...
[2026-07-03 18:00:59][INFO] SIM_BRIDGE: Simulation data initialized for 420 neurons (3D). Synapses: 10377. GPU memory: 14.1GB/51.2GB (27.5%)
  [seed 43] res+conv | spikes 2.06 | train 0.914 | rel-head 1.000/gov 0.500/sym 0.500 | silence 0.500 | ISO Δ 1.4e-02 | conv-silent 0.02
[2026-07-03 18:01:56][INFO] SIM_BRIDGE: NumPy backend (CPU (NumPy backend), 47.7 GB RAM available)
[2026-07-03 18:01:56][INFO] SIM_BRIDGE: Initializing simulation data for model: IZHIKEVICH (3D)... (playback_init: False)
[2026-07-03 18:01:56][INFO] SIM_BRIDGE: Brain-region framework: 2 regions, 420 total neurons, 0 pathways.
[2026-07-03 18:01:56][INFO] SIM_BRIDGE: RNG initialized with seed: 44
[2026-07-03 18:01:56][INFO] SIM_BRIDGE: Initializing Izhikevich model specifics for 420 neurons...
[2026-07-03 18:01:56][INFO] SIM_BRIDGE: Applying parameter heterogeneity to neuron parameters...
[2026-07-03 18:01:56][INFO] SIM_BRIDGE: Applied heterogeneity to 4 parameters.
[2026-07-03 18:01:56][INFO] SIM_BRIDGE: Generating 3D neuron positions for 420 neurons...
[2026-07-03 18:01:56][INFO] SIM_BRIDGE: Generating connections (brain-region framework)...
[2026-07-03 18:01:56][INFO] SIM_BRIDGE: Per-synapse STP types: E->E=4010, E->I=2394, I->E=2393, I->I=1390
[2026-07-03 18:01:56][INFO] SIM_BRIDGE: inject_explicit_wiring: installed 10187 synapses across 2 populations.
[2026-07-03 18:01:56][INFO] SIM_BRIDGE: Initializing STP state for 10187 synapses (capacity: 15280)...
[2026-07-03 18:01:56][INFO] SIM_BRIDGE: Initializing eligibility traces for 10187 synapses (capacity: 15280, dtype: float32)...
[2026-07-03 18:01:56][INFO] SIM_BRIDGE: Per-synapse STP types: E->E=4010, E->I=2394, I->E=2393, I->I=1390
[2026-07-03 18:01:56][INFO] SIM_BRIDGE: Initializing structural plasticity state...
[2026-07-03 18:01:56][INFO] SIM_BRIDGE: Simulation data initialized for 420 neurons (3D). Synapses: 10187. GPU memory: 14.0GB/51.2GB (27.4%)
  [seed 44] res+conv | spikes 2.14 | train 1.000 | rel-head 1.000/gov 0.500/sym 0.500 | silence 0.500 | ISO Δ 4.2e-02 | conv-silent 0.01
[2026-07-03 18:02:52][INFO] SIM_BRIDGE: NumPy backend (CPU (NumPy backend), 47.7 GB RAM available)
[2026-07-03 18:02:52][INFO] SIM_BRIDGE: Initializing simulation data for model: IZHIKEVICH (3D)... (playback_init: False)
[2026-07-03 18:02:52][INFO] SIM_BRIDGE: Brain-region framework: 2 regions, 420 total neurons, 0 pathways.
[2026-07-03 18:02:52][INFO] SIM_BRIDGE: RNG initialized with seed: 100
[2026-07-03 18:02:52][INFO] SIM_BRIDGE: Initializing Izhikevich model specifics for 420 neurons...
[2026-07-03 18:02:52][INFO] SIM_BRIDGE: Applying parameter heterogeneity to neuron parameters...
[2026-07-03 18:02:52][INFO] SIM_BRIDGE: Applied heterogeneity to 4 parameters.
[2026-07-03 18:02:52][INFO] SIM_BRIDGE: Generating 3D neuron positions for 420 neurons...
[2026-07-03 18:02:52][INFO] SIM_BRIDGE: Generating connections (brain-region framework)...
[2026-07-03 18:02:52][INFO] SIM_BRIDGE: Per-synapse STP types: E->E=4337, E->I=2444, I->E=2354, I->I=1220
[2026-07-03 18:02:52][INFO] SIM_BRIDGE: inject_explicit_wiring: installed 10355 synapses across 2 populations.
[2026-07-03 18:02:52][INFO] SIM_BRIDGE: Initializing STP state for 10355 synapses (capacity: 15532)...
[2026-07-03 18:02:52][INFO] SIM_BRIDGE: Initializing eligibility traces for 10355 synapses (capacity: 15532, dtype: float32)...
[2026-07-03 18:02:52][INFO] SIM_BRIDGE: Per-synapse STP types: E->E=4337, E->I=2444, I->E=2354, I->I=1220
[2026-07-03 18:02:52][INFO] SIM_BRIDGE: Initializing structural plasticity state...
[2026-07-03 18:02:52][INFO] SIM_BRIDGE: Simulation data initialized for 420 neurons (3D). Synapses: 10355. GPU memory: 14.0GB/51.2GB (27.4%)
  [seed 100] res+conv | spikes 1.79 | train 1.000 | rel-head 1.000/gov 0.500/sym 0.500 | silence 0.500 | ISO Δ 1.4e-02 | conv-silent 0.04
[2026-07-03 18:03:48][INFO] SIM_BRIDGE: NumPy backend (CPU (NumPy backend), 47.7 GB RAM available)
[2026-07-03 18:03:48][INFO] SIM_BRIDGE: Initializing simulation data for model: IZHIKEVICH (3D)... (playback_init: False)
[2026-07-03 18:03:48][INFO] SIM_BRIDGE: Brain-region framework: 2 regions, 420 total neurons, 0 pathways.
[2026-07-03 18:03:48][INFO] SIM_BRIDGE: RNG initialized with seed: 101
[2026-07-03 18:03:48][INFO] SIM_BRIDGE: Initializing Izhikevich model specifics for 420 neurons...
[2026-07-03 18:03:48][INFO] SIM_BRIDGE: Applying parameter heterogeneity to neuron parameters...
[2026-07-03 18:03:48][INFO] SIM_BRIDGE: Applied heterogeneity to 4 parameters.
[2026-07-03 18:03:48][INFO] SIM_BRIDGE: Generating 3D neuron positions for 420 neurons...
[2026-07-03 18:03:48][INFO] SIM_BRIDGE: Generating connections (brain-region framework)...
[2026-07-03 18:03:48][INFO] SIM_BRIDGE: Per-synapse STP types: E->E=4082, E->I=2419, I->E=2402, I->I=1486
[2026-07-03 18:03:48][INFO] SIM_BRIDGE: inject_explicit_wiring: installed 10389 synapses across 2 populations.
[2026-07-03 18:03:48][INFO] SIM_BRIDGE: Initializing STP state for 10389 synapses (capacity: 15583)...
[2026-07-03 18:03:48][INFO] SIM_BRIDGE: Initializing eligibility traces for 10389 synapses (capacity: 15583, dtype: float32)...
[2026-07-03 18:03:48][INFO] SIM_BRIDGE: Per-synapse STP types: E->E=4082, E->I=2419, I->E=2402, I->I=1486
[2026-07-03 18:03:48][INFO] SIM_BRIDGE: Initializing structural plasticity state...
[2026-07-03 18:03:48][INFO] SIM_BRIDGE: Simulation data initialized for 420 neurons (3D). Synapses: 10389. GPU memory: 13.9GB/51.2GB (27.1%)
  [seed 101] res+conv | spikes 2.17 | train 1.000 | rel-head 1.000/gov 0.500/sym 0.500 | silence 0.500 | ISO Δ 1.4e-02 | conv-silent 0.03
[2026-07-03 18:04:44][INFO] SIM_BRIDGE: NumPy backend (CPU (NumPy backend), 47.7 GB RAM available)
[2026-07-03 18:04:44][INFO] SIM_BRIDGE: Initializing simulation data for model: IZHIKEVICH (3D)... (playback_init: False)
[2026-07-03 18:04:44][INFO] SIM_BRIDGE: Brain-region framework: 2 regions, 420 total neurons, 0 pathways.
[2026-07-03 18:04:44][INFO] SIM_BRIDGE: RNG initialized with seed: 102
[2026-07-03 18:04:44][INFO] SIM_BRIDGE: Initializing Izhikevich model specifics for 420 neurons...
[2026-07-03 18:04:44][INFO] SIM_BRIDGE: Applying parameter heterogeneity to neuron parameters...
[2026-07-03 18:04:44][INFO] SIM_BRIDGE: Applied heterogeneity to 4 parameters.
[2026-07-03 18:04:44][INFO] SIM_BRIDGE: Generating 3D neuron positions for 420 neurons...
[2026-07-03 18:04:44][INFO] SIM_BRIDGE: Generating connections (brain-region framework)...
[2026-07-03 18:04:44][INFO] SIM_BRIDGE: Per-synapse STP types: E->E=4489, E->I=2329, I->E=2298, I->I=1180
[2026-07-03 18:04:44][INFO] SIM_BRIDGE: inject_explicit_wiring: installed 10296 synapses across 2 populations.
[2026-07-03 18:04:44][INFO] SIM_BRIDGE: Initializing STP state for 10296 synapses (capacity: 15444)...
[2026-07-03 18:04:44][INFO] SIM_BRIDGE: Initializing eligibility traces for 10296 synapses (capacity: 15444, dtype: float32)...
[2026-07-03 18:04:44][INFO] SIM_BRIDGE: Per-synapse STP types: E->E=4489, E->I=2329, I->E=2298, I->I=1180
[2026-07-03 18:04:44][INFO] SIM_BRIDGE: Initializing structural plasticity state...
[2026-07-03 18:04:44][INFO] SIM_BRIDGE: Simulation data initialized for 420 neurons (3D). Synapses: 10296. GPU memory: 13.9GB/51.2GB (27.1%)
  [seed 102] res+conv | spikes 1.94 | train 1.000 | rel-head 1.000/gov 0.500/sym 0.500 | silence 0.500 | ISO Δ 1.4e-02 | conv-silent 0.02

======================================================================================================================
[emerge87] VERDICT: GO -- the form->role RESERVOIR region COMPOSES onto the one brain: it runs as a DISJOINT SLICE on a bridge that ALSO carries a conversational region (both Izhikevich, no cross-region pathways), GOing co-resident (train role acc 0.986; non-local rel-head 1.000 vs governing-cue 0.500 / symmetric +-2 window 0.500 at chance ~0.50; genuinely active 2.01 spikes/neuron; region-silence lesion collapses to 0.500), and the two slices are FUNCTIONALLY ISOLATED: the reservoir's form->role RESULT is UNCHANGED whether the conversational region is silent or CONCURRENTLY driven (0.0% classification flips == 0 -> the co-resident conversation does NOT change the reservoir's cognition; the raw read has only a weak 4.2e-02 numerical delta from a global step mechanism, NOT a cross-region synapse -- region_pathways is empty), and the conversational region is silent (0.019 spikes) when only the reservoir is driven. 6 seeds. ==> the whole EMERGE-78..86 reservoir form->role mechanism composes as a disjoint slice on the shared spiking brain without its cognition being disturbed by a co-resident conversation -- the one-brain property. The FULL merged nav/conv bridge (with the actual composer + no-confab moat) is the mechanical extension (add the reservoir region to the merged builder's list). Reuse-by-import; NO sim/ edit.
[emerge87] wrote E:\Documents\Projects\sim\research\findings\raw\_emerge87_reservoir_coresident.json
======================================================================================================================
