[emergent-vocab breadth SCALE de-risk] seeds=[44] vocab_sizes=[2048] window=+-2 mode=REAL corpus
  mechanism: DISCOVER vocab (top-K content words) -> LEARN online Hebbian co-occurrence (stream cortex, NO global PPMI) -> MEASURE probe-taxonomy coherence as K grows.
  corpus=data/corpus/tinystories.txt
  loaded 24574 stories, 3954725 tokens, 9454 unique words (ok)

================================================================================================
  SEED 44
================================================================================================
  [K=2048] vocab=2048 hubs=500 updates=150629 | probe=64w/8cat (chance 0.125, rarest-probe-count 118)
      LEARNED   coherence=0.734  margin=+0.063  Pearson(cos,S)=+0.346  (within +0.063 / between -0.001, eff-rank 44.9)
      SCRAMBLED coherence=0.375  (co-occurrence destroyed -> should collapse to chance)
      FREQ-ONLY coherence=0.219  (no co-occurrence -> should be chance)
      HOST-PPMI coherence=0.656  (batch ceiling: does the DATA carry structure at this K?)

================================================================================================
  SCALING -- within-vs-between MARGIN vs K (the robust structure signal; the verdict gates on this):
    K= 2048:  learned=+0.063  scrambled=+0.015  freq-only=+0.100  host-PPMI=+0.059
  SCALING -- nearest-category COHERENCE vs K (diagnostic; saturates at large probe sizes):
    K= 2048:  learned=0.734  scrambled=0.375  freq-only=0.219  host-PPMI=0.656  (chance 0.125)

  OVERALL VERDICT: DATA_BOUND
  at the smallest evaluable K=2048 the learned within-vs-between MARGIN (+0.063) is not clearly above the structure bar (0.03) with scramble/freq-only collapse -- the corpus co-occurrence is too sparse to establish the structure even at the base vocab (host-PPMI margin 0.05899803566224583). A bigger/broader corpus is the prerequisite before the scaling question can be answered (a DATA lever, not yet demonstrated).
  Total elapsed: 11.4s
================================================================================================

  [saved] research/findings/raw/_emervocab_ts_K2048_s44.json
