[emergent-vocab breadth SCALE de-risk] seeds=[44] vocab_sizes=[2048] window=+-2 mode=REAL corpus
  mechanism: DISCOVER vocab (top-K content words) -> LEARN online Hebbian co-occurrence (stream cortex, NO global PPMI) -> MEASURE probe-taxonomy coherence as K grows.
  corpus=data/corpus/tinystories_train.txt
  loaded 146400 stories, 23726600 tokens, 15636 unique words (ok)

================================================================================================
  SEED 44
================================================================================================
  [K=2048] vocab=2048 hubs=500 updates=933102 | probe=64w/8cat (chance 0.125, rarest-probe-count 697)
      LEARNED   coherence=0.797  margin=+0.102  Pearson(cos,S)=+0.417  (within +0.112 / between +0.009, eff-rank 52.0)
      SCRAMBLED coherence=0.641  (co-occurrence destroyed -> should collapse to chance)
      FREQ-ONLY coherence=0.219  (no co-occurrence -> should be chance)
      HOST-PPMI coherence=0.750  (batch ceiling: does the DATA carry structure at this K?)

================================================================================================
  SCALING -- within-vs-between MARGIN vs K (the robust structure signal; the verdict gates on this):
    K= 2048:  learned=+0.102  scrambled=+0.044  freq-only=+0.101  host-PPMI=+0.101
  SCALING -- nearest-category COHERENCE vs K (diagnostic; saturates at large probe sizes):
    K= 2048:  learned=0.797  scrambled=0.641  freq-only=0.219  host-PPMI=0.750  (chance 0.125)

  OVERALL VERDICT: DATA_BOUND
  at the smallest evaluable K=2048 the learned within-vs-between MARGIN (+0.102) is not clearly above the structure bar (0.03) with scramble/freq-only collapse -- the corpus co-occurrence is too sparse to establish the structure even at the base vocab (host-PPMI margin 0.10063716395698818). A bigger/broader corpus is the prerequisite before the scaling question can be answered (a DATA lever, not yet demonstrated).
  Total elapsed: 86.3s
================================================================================================

  [saved] research/findings/raw/_emervocab_big_K2048_s44.json
