[emergent-vocab breadth SCALE de-risk] seeds=[100] vocab_sizes=[64, 256, 1024] window=+-2 mode=SYNTHETIC-BROAD (mechanism scaling control)
  mechanism: DISCOVER vocab (top-K content words) -> LEARN online Hebbian co-occurrence (stream cortex, NO global PPMI) -> MEASURE probe-taxonomy coherence as K grows.
  synthetic-broad: 60 occ/concept-word, all top-K words well-attested (the mechanism-scaling positive control; NOT a real-corpus claim).

================================================================================================
  SEED 100
================================================================================================
  [K=64] vocab=64 hubs=500 updates=27839 | probe=64w/8cat (chance 0.125, rarest-probe-count 151)
      LEARNED   coherence=1.000  margin=+0.297  Pearson(cos,S)=+0.890  (within +0.248 / between -0.049, eff-rank 49.1)
      SCRAMBLED coherence=0.797  (co-occurrence destroyed -> should collapse to chance)
      FREQ-ONLY coherence=0.094  (no co-occurrence -> should be chance)
      HOST-PPMI coherence=1.000  (batch ceiling: does the DATA carry structure at this K?)
  [K=256] vocab=256 hubs=500 updates=101096 | probe=256w/8cat (chance 0.125, rarest-probe-count 152)
      LEARNED   coherence=1.000  margin=+0.672  Pearson(cos,S)=+0.983  (within +0.586 / between -0.086, eff-rank 50.5)
      SCRAMBLED coherence=1.000  (co-occurrence destroyed -> should collapse to chance)
      FREQ-ONLY coherence=0.066  (no co-occurrence -> should be chance)
      HOST-PPMI coherence=1.000  (batch ceiling: does the DATA carry structure at this K?)
  [K=1024] vocab=1024 hubs=500 updates=163296 | probe=1024w/8cat (chance 0.125, rarest-probe-count 146)
      LEARNED   coherence=1.000  margin=+0.557  Pearson(cos,S)=+0.978  (within +0.486 / between -0.070, eff-rank 104.7)
      SCRAMBLED coherence=0.997  (co-occurrence destroyed -> should collapse to chance)
      FREQ-ONLY coherence=0.141  (no co-occurrence -> should be chance)
      HOST-PPMI coherence=1.000  (batch ceiling: does the DATA carry structure at this K?)

================================================================================================
  SCALING -- within-vs-between MARGIN vs K (the robust structure signal; the verdict gates on this):
    K=   64:  learned=+0.297  scrambled=+0.042  freq-only=-0.067  host-PPMI=+0.450
    K=  256:  learned=+0.672  scrambled=+0.079  freq-only=-0.028  host-PPMI=+0.855
    K= 1024:  learned=+0.557  scrambled=+0.050  freq-only=-0.001  host-PPMI=+0.536
  SCALING -- nearest-category COHERENCE vs K (diagnostic; saturates at large probe sizes):
    K=   64:  learned=1.000  scrambled=0.797  freq-only=0.094  host-PPMI=1.000  (chance 0.125)
    K=  256:  learned=1.000  scrambled=1.000  freq-only=0.066  host-PPMI=1.000  (chance 0.125)
    K= 1024:  learned=1.000  scrambled=0.997  freq-only=0.141  host-PPMI=1.000  (chance 0.125)

  OVERALL VERDICT: SCALES
  the emergent structure MARGIN HOLDS from K=64 (+0.297) to K=1024 (+0.557) (>= 60% of the base retained), the scramble control collapses the margin at every K, and it beats frequency-only -> the structure is genuinely learned from real co-occurrence AND does not dilute as the vocab grows ==> open-domain BREADTH is a cheap DATA/SCALE lever (the controller runs a bigger corpus + multi-seed).
  Total elapsed: 217.2s
================================================================================================

  [saved] research/findings/raw/_emervocab_syn_s100.json
