[2026-07-16 14:50:38][INFO] SIM_BRIDGE: NumPy backend (CPU (NumPy backend), 8589934592.0 GB RAM available)
[2026-07-16 14:50:38][INFO] SIM_BRIDGE: Initializing simulation data for model: IZHIKEVICH (3D)... (playback_init: False)
[2026-07-16 14:50:38][INFO] SIM_BRIDGE: RNG initialized with seed: 1816410855
[2026-07-16 14:50:38][INFO] SIM_BRIDGE: Initializing Izhikevich model specifics for 608 neurons...
[2026-07-16 14:50:38][INFO] SIM_BRIDGE: Applying parameter heterogeneity to neuron parameters...
[2026-07-16 14:50:38][INFO] SIM_BRIDGE: Applied heterogeneity to 4 parameters.
[2026-07-16 14:50:38][INFO] SIM_BRIDGE: Initializing OU process state (tau=15.0ms, sigma=100.0pA)...
[2026-07-16 14:50:38][INFO] SIM_BRIDGE: Generating 3D neuron positions for 608 neurons...
[2026-07-16 14:50:38][INFO] SIM_BRIDGE: Generating connections (3D)...
[2026-07-16 14:50:38][INFO] SIM_BRIDGE: Generating Watts-Strogatz 3D network (n=608, k=10, p_rewire=0.1)...
[2026-07-16 14:50:38][INFO] SIM_BRIDGE: Watts-Strogatz network complete: 6069 connections (avg degree: 10.0, expected: 10). Time: 0.01s
[2026-07-16 14:50:38][INFO] SIM_BRIDGE: Initializing STP state for 6069 synapses (capacity: 9103)...
[2026-07-16 14:50:38][INFO] SIM_BRIDGE: Initializing eligibility traces for 6069 synapses (capacity: 9103, dtype: float32)...
[2026-07-16 14:50:38][WARNING] SIM_BRIDGE: No trait info available; all synapses default to E->E STP type.
[2026-07-16 14:50:38][INFO] SIM_BRIDGE: Initializing structural plasticity state...
[2026-07-16 14:50:38][INFO] SIM_BRIDGE: Simulation data initialized for 608 neurons (3D). Synapses: 6069. GPU memory: 0.0GB/9223372036.9GB (0.0%)
[2026-07-16 14:50:38][WARNING] SIM_BRIDGE: No trait info available; all synapses default to E->E STP type.
[2026-07-16 14:50:38][INFO] SIM_BRIDGE: inject_explicit_wiring: installed 90112 synapses across 3 populations.
[2026-07-16 15:11:38][INFO] SIM_BRIDGE: NumPy backend (CPU (NumPy backend), 8589934592.0 GB RAM available)
[2026-07-16 15:11:38][INFO] SIM_BRIDGE: Initializing simulation data for model: IZHIKEVICH (3D)... (playback_init: False)
[2026-07-16 15:11:38][INFO] SIM_BRIDGE: RNG initialized with seed: 1817670583
[2026-07-16 15:11:38][INFO] SIM_BRIDGE: Initializing Izhikevich model specifics for 608 neurons...
[2026-07-16 15:11:38][INFO] SIM_BRIDGE: Applying parameter heterogeneity to neuron parameters...
[2026-07-16 15:11:38][INFO] SIM_BRIDGE: Applied heterogeneity to 4 parameters.
[2026-07-16 15:11:38][INFO] SIM_BRIDGE: Initializing OU process state (tau=15.0ms, sigma=100.0pA)...
[2026-07-16 15:11:38][INFO] SIM_BRIDGE: Generating 3D neuron positions for 608 neurons...
[2026-07-16 15:11:38][INFO] SIM_BRIDGE: Generating connections (3D)...
[2026-07-16 15:11:38][INFO] SIM_BRIDGE: Generating Watts-Strogatz 3D network (n=608, k=10, p_rewire=0.1)...
[2026-07-16 15:11:38][INFO] SIM_BRIDGE: Watts-Strogatz network complete: 6070 connections (avg degree: 10.0, expected: 10). Time: 0.01s
[2026-07-16 15:11:38][INFO] SIM_BRIDGE: Initializing STP state for 6070 synapses (capacity: 9105)...
[2026-07-16 15:11:38][INFO] SIM_BRIDGE: Initializing eligibility traces for 6070 synapses (capacity: 9105, dtype: float32)...
[2026-07-16 15:11:38][WARNING] SIM_BRIDGE: No trait info available; all synapses default to E->E STP type.
[2026-07-16 15:11:38][INFO] SIM_BRIDGE: Initializing structural plasticity state...
[2026-07-16 15:11:38][INFO] SIM_BRIDGE: Simulation data initialized for 608 neurons (3D). Synapses: 6070. GPU memory: 0.0GB/9223372036.9GB (0.0%)
[2026-07-16 15:11:38][WARNING] SIM_BRIDGE: No trait info available; all synapses default to E->E STP type.
[2026-07-16 15:11:38][INFO] SIM_BRIDGE: inject_explicit_wiring: installed 90112 synapses across 3 populations.
[2026-07-16 15:32:12][INFO] SIM_BRIDGE: NumPy backend (CPU (NumPy backend), 8589934592.0 GB RAM available)
[2026-07-16 15:32:12][INFO] SIM_BRIDGE: Initializing simulation data for model: IZHIKEVICH (3D)... (playback_init: False)
[2026-07-16 15:32:12][INFO] SIM_BRIDGE: RNG initialized with seed: 1818904602
[2026-07-16 15:32:12][INFO] SIM_BRIDGE: Initializing Izhikevich model specifics for 608 neurons...
[2026-07-16 15:32:12][INFO] SIM_BRIDGE: Applying parameter heterogeneity to neuron parameters...
[2026-07-16 15:32:12][INFO] SIM_BRIDGE: Applied heterogeneity to 4 parameters.
[2026-07-16 15:32:12][INFO] SIM_BRIDGE: Initializing OU process state (tau=15.0ms, sigma=100.0pA)...
[2026-07-16 15:32:12][INFO] SIM_BRIDGE: Generating 3D neuron positions for 608 neurons...
[2026-07-16 15:32:12][INFO] SIM_BRIDGE: Generating connections (3D)...
[2026-07-16 15:32:12][INFO] SIM_BRIDGE: Generating Watts-Strogatz 3D network (n=608, k=10, p_rewire=0.1)...
[2026-07-16 15:32:12][INFO] SIM_BRIDGE: Watts-Strogatz network complete: 6073 connections (avg degree: 10.0, expected: 10). Time: 0.01s
[2026-07-16 15:32:12][INFO] SIM_BRIDGE: Initializing STP state for 6073 synapses (capacity: 9109)...
[2026-07-16 15:32:12][INFO] SIM_BRIDGE: Initializing eligibility traces for 6073 synapses (capacity: 9109, dtype: float32)...
[2026-07-16 15:32:12][WARNING] SIM_BRIDGE: No trait info available; all synapses default to E->E STP type.
[2026-07-16 15:32:12][INFO] SIM_BRIDGE: Initializing structural plasticity state...
[2026-07-16 15:32:12][INFO] SIM_BRIDGE: Simulation data initialized for 608 neurons (3D). Synapses: 6073. GPU memory: 0.0GB/9223372036.9GB (0.0%)
[2026-07-16 15:32:12][WARNING] SIM_BRIDGE: No trait info available; all synapses default to E->E STP type.
[2026-07-16 15:32:12][INFO] SIM_BRIDGE: inject_explicit_wiring: installed 90112 synapses across 3 populations.
----------------------------------------------------------------------------------------------------
[seed 42] k=5 chance 0.333 | STAGE0 depth-sep True (deep-best 1.000 vs 1-layer 0.444) | oracle 1.000
  e-prop ON BRIDGE: train 0.983 | inherit-heldout 0.667 | ff-moved 6645694.0
  [controls] permuted 0.259 | shuffle-DFA 0.444 | chance 0.333 => TRAINS-THE-TASK True
[2026-07-16 15:52:59][INFO] SIM_BRIDGE: NumPy backend (CPU (NumPy backend), 8589934592.0 GB RAM available)
[2026-07-16 15:52:59][INFO] SIM_BRIDGE: Initializing simulation data for model: IZHIKEVICH (3D)... (playback_init: False)
[2026-07-16 15:52:59][INFO] SIM_BRIDGE: RNG initialized with seed: 1820151609
[2026-07-16 15:52:59][INFO] SIM_BRIDGE: Initializing Izhikevich model specifics for 608 neurons...
[2026-07-16 15:52:59][INFO] SIM_BRIDGE: Applying parameter heterogeneity to neuron parameters...
[2026-07-16 15:52:59][INFO] SIM_BRIDGE: Applied heterogeneity to 4 parameters.
[2026-07-16 15:52:59][INFO] SIM_BRIDGE: Initializing OU process state (tau=15.0ms, sigma=100.0pA)...
[2026-07-16 15:52:59][INFO] SIM_BRIDGE: Generating 3D neuron positions for 608 neurons...
[2026-07-16 15:52:59][INFO] SIM_BRIDGE: Generating connections (3D)...
[2026-07-16 15:52:59][INFO] SIM_BRIDGE: Generating Watts-Strogatz 3D network (n=608, k=10, p_rewire=0.1)...
[2026-07-16 15:52:59][INFO] SIM_BRIDGE: Watts-Strogatz network complete: 6074 connections (avg degree: 10.0, expected: 10). Time: 0.01s
[2026-07-16 15:52:59][INFO] SIM_BRIDGE: Initializing STP state for 6074 synapses (capacity: 9111)...
[2026-07-16 15:52:59][INFO] SIM_BRIDGE: Initializing eligibility traces for 6074 synapses (capacity: 9111, dtype: float32)...
[2026-07-16 15:52:59][WARNING] SIM_BRIDGE: No trait info available; all synapses default to E->E STP type.
[2026-07-16 15:52:59][INFO] SIM_BRIDGE: Initializing structural plasticity state...
[2026-07-16 15:52:59][INFO] SIM_BRIDGE: Simulation data initialized for 608 neurons (3D). Synapses: 6074. GPU memory: 0.0GB/9223372036.9GB (0.0%)
[2026-07-16 15:52:59][WARNING] SIM_BRIDGE: No trait info available; all synapses default to E->E STP type.
[2026-07-16 15:52:59][INFO] SIM_BRIDGE: inject_explicit_wiring: installed 90112 synapses across 3 populations.
[2026-07-16 16:13:58][INFO] SIM_BRIDGE: NumPy backend (CPU (NumPy backend), 8589934592.0 GB RAM available)
[2026-07-16 16:13:58][INFO] SIM_BRIDGE: Initializing simulation data for model: IZHIKEVICH (3D)... (playback_init: False)
[2026-07-16 16:13:58][INFO] SIM_BRIDGE: RNG initialized with seed: 1821410251
[2026-07-16 16:13:58][INFO] SIM_BRIDGE: Initializing Izhikevich model specifics for 608 neurons...
[2026-07-16 16:13:58][INFO] SIM_BRIDGE: Applying parameter heterogeneity to neuron parameters...
[2026-07-16 16:13:58][INFO] SIM_BRIDGE: Applied heterogeneity to 4 parameters.
[2026-07-16 16:13:58][INFO] SIM_BRIDGE: Initializing OU process state (tau=15.0ms, sigma=100.0pA)...
[2026-07-16 16:13:58][INFO] SIM_BRIDGE: Generating 3D neuron positions for 608 neurons...
[2026-07-16 16:13:58][INFO] SIM_BRIDGE: Generating connections (3D)...
[2026-07-16 16:13:58][INFO] SIM_BRIDGE: Generating Watts-Strogatz 3D network (n=608, k=10, p_rewire=0.1)...
[2026-07-16 16:13:58][INFO] SIM_BRIDGE: Watts-Strogatz network complete: 6075 connections (avg degree: 10.0, expected: 10). Time: 0.01s
[2026-07-16 16:13:58][INFO] SIM_BRIDGE: Initializing STP state for 6075 synapses (capacity: 9112)...
[2026-07-16 16:13:58][INFO] SIM_BRIDGE: Initializing eligibility traces for 6075 synapses (capacity: 9112, dtype: float32)...
[2026-07-16 16:13:58][WARNING] SIM_BRIDGE: No trait info available; all synapses default to E->E STP type.
[2026-07-16 16:13:58][INFO] SIM_BRIDGE: Initializing structural plasticity state...
[2026-07-16 16:13:58][INFO] SIM_BRIDGE: Simulation data initialized for 608 neurons (3D). Synapses: 6075. GPU memory: 0.0GB/9223372036.9GB (0.0%)
[2026-07-16 16:13:58][WARNING] SIM_BRIDGE: No trait info available; all synapses default to E->E STP type.
[2026-07-16 16:13:58][INFO] SIM_BRIDGE: inject_explicit_wiring: installed 90112 synapses across 3 populations.
[2026-07-16 16:34:46][INFO] SIM_BRIDGE: NumPy backend (CPU (NumPy backend), 8589934592.0 GB RAM available)
[2026-07-16 16:34:46][INFO] SIM_BRIDGE: Initializing simulation data for model: IZHIKEVICH (3D)... (playback_init: False)
[2026-07-16 16:34:46][INFO] SIM_BRIDGE: RNG initialized with seed: 1822658960
[2026-07-16 16:34:46][INFO] SIM_BRIDGE: Initializing Izhikevich model specifics for 608 neurons...
[2026-07-16 16:34:46][INFO] SIM_BRIDGE: Applying parameter heterogeneity to neuron parameters...
[2026-07-16 16:34:46][INFO] SIM_BRIDGE: Applied heterogeneity to 4 parameters.
[2026-07-16 16:34:46][INFO] SIM_BRIDGE: Initializing OU process state (tau=15.0ms, sigma=100.0pA)...
[2026-07-16 16:34:46][INFO] SIM_BRIDGE: Generating 3D neuron positions for 608 neurons...
[2026-07-16 16:34:46][INFO] SIM_BRIDGE: Generating connections (3D)...
[2026-07-16 16:34:46][INFO] SIM_BRIDGE: Generating Watts-Strogatz 3D network (n=608, k=10, p_rewire=0.1)...
[2026-07-16 16:34:46][INFO] SIM_BRIDGE: Watts-Strogatz network complete: 6068 connections (avg degree: 10.0, expected: 10). Time: 0.01s
[2026-07-16 16:34:46][INFO] SIM_BRIDGE: Initializing STP state for 6068 synapses (capacity: 9102)...
[2026-07-16 16:34:46][INFO] SIM_BRIDGE: Initializing eligibility traces for 6068 synapses (capacity: 9102, dtype: float32)...
[2026-07-16 16:34:46][WARNING] SIM_BRIDGE: No trait info available; all synapses default to E->E STP type.
[2026-07-16 16:34:46][INFO] SIM_BRIDGE: Initializing structural plasticity state...
[2026-07-16 16:34:46][INFO] SIM_BRIDGE: Simulation data initialized for 608 neurons (3D). Synapses: 6068. GPU memory: 0.0GB/9223372036.9GB (0.0%)
[2026-07-16 16:34:46][WARNING] SIM_BRIDGE: No trait info available; all synapses default to E->E STP type.
[2026-07-16 16:34:46][INFO] SIM_BRIDGE: inject_explicit_wiring: installed 90112 synapses across 3 populations.
----------------------------------------------------------------------------------------------------
[seed 43] k=5 chance 0.333 | STAGE0 depth-sep True (deep-best 1.000 vs 1-layer 0.370) | oracle 1.000
  e-prop ON BRIDGE: train 0.983 | inherit-heldout 0.889 | ff-moved 6890848.5
  [controls] permuted 0.444 | shuffle-DFA 0.630 | chance 0.333 => TRAINS-THE-TASK True

====================================================================================================
[onbridge-eprop-port] HONEST NEGATIVE -- the ported e-prop does NOT cleanly train the task on the bridge: train 0.983, inherit 0.778 (chance 0.333, oracle 1.000); permuted 0.352, shuffle-DFA 0.537. (Positive control gates whether the port itself is sound -- run --poscontrol-only.) The exact residual: controls not clean.
[onbridge-eprop-port] wrote research/findings/raw/_eprop_banked_FROZEN.json
====================================================================================================
