=== full-320 KB capacity (backend=cupy, V=320, D=2000, bias=-500.0, run_steps=150) ===
[2026-06-02 16:15:12][INFO] SIM_BRIDGE: CuPy using GPU: NVIDIA GeForce RTX 3090 (24.0 GB), mempool limit: 80%
[2026-06-02 16:15:12][INFO] SIM_BRIDGE: Initializing simulation data for model: IZHIKEVICH (3D)... (playback_init: False)
[2026-06-02 16:15:12][INFO] SIM_BRIDGE: RNG initialized with seed: 42
[2026-06-02 16:15:12][INFO] SIM_BRIDGE: Initializing Izhikevich model specifics for 16000 neurons...
[2026-06-02 16:15:12][INFO] SIM_BRIDGE: Applying parameter heterogeneity to neuron parameters...
[2026-06-02 16:15:12][INFO] SIM_BRIDGE: Applied heterogeneity to 4 parameters.
[2026-06-02 16:15:12][INFO] SIM_BRIDGE: Initializing OU process state (tau=15.0ms, sigma=20.0pA)...
[2026-06-02 16:15:12][INFO] SIM_BRIDGE: Generating 3D neuron positions for 16000 neurons...
[2026-06-02 16:15:12][INFO] SIM_BRIDGE: Generating connections (3D)...
[2026-06-02 16:15:12][INFO] SIM_BRIDGE: Simulation data initialized for 16000 neurons (3D). Synapses: 0. GPU memory: 1.3GB/25.8GB (5.1%)
[2026-06-02 16:15:12][INFO] SIM_BRIDGE: inject_explicit_wiring: installed 16000 synapses across 1 populations.
  N= 5 seed 42: relational=1.000  role=1.000  control=1.000
[2026-06-02 16:16:59][INFO] SIM_BRIDGE: CuPy using GPU: NVIDIA GeForce RTX 3090 (24.0 GB), mempool limit: 80%
[2026-06-02 16:16:59][INFO] SIM_BRIDGE: Initializing simulation data for model: IZHIKEVICH (3D)... (playback_init: False)
[2026-06-02 16:16:59][INFO] SIM_BRIDGE: RNG initialized with seed: 43
[2026-06-02 16:16:59][INFO] SIM_BRIDGE: Initializing Izhikevich model specifics for 16000 neurons...
[2026-06-02 16:16:59][INFO] SIM_BRIDGE: Applying parameter heterogeneity to neuron parameters...
[2026-06-02 16:16:59][INFO] SIM_BRIDGE: Applied heterogeneity to 4 parameters.
[2026-06-02 16:16:59][INFO] SIM_BRIDGE: Initializing OU process state (tau=15.0ms, sigma=20.0pA)...
[2026-06-02 16:16:59][INFO] SIM_BRIDGE: Generating 3D neuron positions for 16000 neurons...
[2026-06-02 16:16:59][INFO] SIM_BRIDGE: Generating connections (3D)...
[2026-06-02 16:16:59][INFO] SIM_BRIDGE: Simulation data initialized for 16000 neurons (3D). Synapses: 0. GPU memory: 1.3GB/25.8GB (5.1%)
[2026-06-02 16:16:59][INFO] SIM_BRIDGE: inject_explicit_wiring: installed 16000 synapses across 1 populations.
  N= 5 seed 43: relational=1.000  role=1.000  control=1.000
[2026-06-02 16:18:44][INFO] SIM_BRIDGE: CuPy using GPU: NVIDIA GeForce RTX 3090 (24.0 GB), mempool limit: 80%
[2026-06-02 16:18:44][INFO] SIM_BRIDGE: Initializing simulation data for model: IZHIKEVICH (3D)... (playback_init: False)
[2026-06-02 16:18:44][INFO] SIM_BRIDGE: RNG initialized with seed: 44
[2026-06-02 16:18:44][INFO] SIM_BRIDGE: Initializing Izhikevich model specifics for 16000 neurons...
[2026-06-02 16:18:44][INFO] SIM_BRIDGE: Applying parameter heterogeneity to neuron parameters...
[2026-06-02 16:18:44][INFO] SIM_BRIDGE: Applied heterogeneity to 4 parameters.
[2026-06-02 16:18:44][INFO] SIM_BRIDGE: Initializing OU process state (tau=15.0ms, sigma=20.0pA)...
[2026-06-02 16:18:44][INFO] SIM_BRIDGE: Generating 3D neuron positions for 16000 neurons...
[2026-06-02 16:18:44][INFO] SIM_BRIDGE: Generating connections (3D)...
[2026-06-02 16:18:44][INFO] SIM_BRIDGE: Simulation data initialized for 16000 neurons (3D). Synapses: 0. GPU memory: 1.3GB/25.8GB (5.1%)
[2026-06-02 16:18:44][INFO] SIM_BRIDGE: inject_explicit_wiring: installed 16000 synapses across 1 populations.
  N= 5 seed 44: relational=1.000  role=1.000  control=1.000
  -> N=5: relational 1.000  role 1.000  control 1.000  [PASS] (min-across-seed bar 0.80)
[2026-06-02 16:20:36][INFO] SIM_BRIDGE: CuPy using GPU: NVIDIA GeForce RTX 3090 (24.0 GB), mempool limit: 80%
[2026-06-02 16:20:36][INFO] SIM_BRIDGE: Initializing simulation data for model: IZHIKEVICH (3D)... (playback_init: False)
[2026-06-02 16:20:36][INFO] SIM_BRIDGE: RNG initialized with seed: 42
[2026-06-02 16:20:36][INFO] SIM_BRIDGE: Initializing Izhikevich model specifics for 16000 neurons...
[2026-06-02 16:20:36][INFO] SIM_BRIDGE: Applying parameter heterogeneity to neuron parameters...
[2026-06-02 16:20:36][INFO] SIM_BRIDGE: Applied heterogeneity to 4 parameters.
[2026-06-02 16:20:36][INFO] SIM_BRIDGE: Initializing OU process state (tau=15.0ms, sigma=20.0pA)...
[2026-06-02 16:20:36][INFO] SIM_BRIDGE: Generating 3D neuron positions for 16000 neurons...
[2026-06-02 16:20:36][INFO] SIM_BRIDGE: Generating connections (3D)...
[2026-06-02 16:20:36][INFO] SIM_BRIDGE: Simulation data initialized for 16000 neurons (3D). Synapses: 0. GPU memory: 1.3GB/25.8GB (5.1%)
[2026-06-02 16:20:36][INFO] SIM_BRIDGE: inject_explicit_wiring: installed 16000 synapses across 1 populations.
  N=10 seed 42: relational=1.000  role=1.000  control=1.000
[2026-06-02 16:24:02][INFO] SIM_BRIDGE: CuPy using GPU: NVIDIA GeForce RTX 3090 (24.0 GB), mempool limit: 80%
[2026-06-02 16:24:02][INFO] SIM_BRIDGE: Initializing simulation data for model: IZHIKEVICH (3D)... (playback_init: False)
[2026-06-02 16:24:02][INFO] SIM_BRIDGE: RNG initialized with seed: 43
[2026-06-02 16:24:02][INFO] SIM_BRIDGE: Initializing Izhikevich model specifics for 16000 neurons...
[2026-06-02 16:24:02][INFO] SIM_BRIDGE: Applying parameter heterogeneity to neuron parameters...
[2026-06-02 16:24:02][INFO] SIM_BRIDGE: Applied heterogeneity to 4 parameters.
[2026-06-02 16:24:02][INFO] SIM_BRIDGE: Initializing OU process state (tau=15.0ms, sigma=20.0pA)...
[2026-06-02 16:24:02][INFO] SIM_BRIDGE: Generating 3D neuron positions for 16000 neurons...
[2026-06-02 16:24:02][INFO] SIM_BRIDGE: Generating connections (3D)...
[2026-06-02 16:24:02][INFO] SIM_BRIDGE: Simulation data initialized for 16000 neurons (3D). Synapses: 0. GPU memory: 1.3GB/25.8GB (5.1%)
[2026-06-02 16:24:02][INFO] SIM_BRIDGE: inject_explicit_wiring: installed 16000 synapses across 1 populations.
  N=10 seed 43: relational=1.000  role=1.000  control=1.000
[2026-06-02 16:25:48][INFO] SIM_BRIDGE: CuPy using GPU: NVIDIA GeForce RTX 3090 (24.0 GB), mempool limit: 80%
[2026-06-02 16:25:48][INFO] SIM_BRIDGE: Initializing simulation data for model: IZHIKEVICH (3D)... (playback_init: False)
[2026-06-02 16:25:48][INFO] SIM_BRIDGE: RNG initialized with seed: 44
[2026-06-02 16:25:48][INFO] SIM_BRIDGE: Initializing Izhikevich model specifics for 16000 neurons...
[2026-06-02 16:25:48][INFO] SIM_BRIDGE: Applying parameter heterogeneity to neuron parameters...
[2026-06-02 16:25:48][INFO] SIM_BRIDGE: Applied heterogeneity to 4 parameters.
[2026-06-02 16:25:48][INFO] SIM_BRIDGE: Initializing OU process state (tau=15.0ms, sigma=20.0pA)...
[2026-06-02 16:25:48][INFO] SIM_BRIDGE: Generating 3D neuron positions for 16000 neurons...
[2026-06-02 16:25:48][INFO] SIM_BRIDGE: Generating connections (3D)...
[2026-06-02 16:25:48][INFO] SIM_BRIDGE: Simulation data initialized for 16000 neurons (3D). Synapses: 0. GPU memory: 1.3GB/25.8GB (5.1%)
[2026-06-02 16:25:48][INFO] SIM_BRIDGE: inject_explicit_wiring: installed 16000 synapses across 1 populations.
  N=10 seed 44: relational=1.000  role=1.000  control=1.000
  -> N=10: relational 1.000  role 1.000  control 1.000  [PASS] (min-across-seed bar 0.80)
[2026-06-02 16:27:22][INFO] SIM_BRIDGE: CuPy using GPU: NVIDIA GeForce RTX 3090 (24.0 GB), mempool limit: 80%
[2026-06-02 16:27:22][INFO] SIM_BRIDGE: Initializing simulation data for model: IZHIKEVICH (3D)... (playback_init: False)
[2026-06-02 16:27:22][INFO] SIM_BRIDGE: RNG initialized with seed: 42
[2026-06-02 16:27:22][INFO] SIM_BRIDGE: Initializing Izhikevich model specifics for 16000 neurons...
[2026-06-02 16:27:22][INFO] SIM_BRIDGE: Applying parameter heterogeneity to neuron parameters...
[2026-06-02 16:27:22][INFO] SIM_BRIDGE: Applied heterogeneity to 4 parameters.
[2026-06-02 16:27:22][INFO] SIM_BRIDGE: Initializing OU process state (tau=15.0ms, sigma=20.0pA)...
[2026-06-02 16:27:22][INFO] SIM_BRIDGE: Generating 3D neuron positions for 16000 neurons...
[2026-06-02 16:27:22][INFO] SIM_BRIDGE: Generating connections (3D)...
[2026-06-02 16:27:22][INFO] SIM_BRIDGE: Simulation data initialized for 16000 neurons (3D). Synapses: 0. GPU memory: 1.3GB/25.8GB (5.1%)
[2026-06-02 16:27:22][INFO] SIM_BRIDGE: inject_explicit_wiring: installed 16000 synapses across 1 populations.
  N=15 seed 42: relational=1.000  role=1.000  control=1.000
[2026-06-02 16:29:29][INFO] SIM_BRIDGE: CuPy using GPU: NVIDIA GeForce RTX 3090 (24.0 GB), mempool limit: 80%
[2026-06-02 16:29:29][INFO] SIM_BRIDGE: Initializing simulation data for model: IZHIKEVICH (3D)... (playback_init: False)
[2026-06-02 16:29:29][INFO] SIM_BRIDGE: RNG initialized with seed: 43
[2026-06-02 16:29:29][INFO] SIM_BRIDGE: Initializing Izhikevich model specifics for 16000 neurons...
[2026-06-02 16:29:29][INFO] SIM_BRIDGE: Applying parameter heterogeneity to neuron parameters...
[2026-06-02 16:29:29][INFO] SIM_BRIDGE: Applied heterogeneity to 4 parameters.
[2026-06-02 16:29:29][INFO] SIM_BRIDGE: Initializing OU process state (tau=15.0ms, sigma=20.0pA)...
[2026-06-02 16:29:29][INFO] SIM_BRIDGE: Generating 3D neuron positions for 16000 neurons...
[2026-06-02 16:29:29][INFO] SIM_BRIDGE: Generating connections (3D)...
[2026-06-02 16:29:29][INFO] SIM_BRIDGE: Simulation data initialized for 16000 neurons (3D). Synapses: 0. GPU memory: 1.3GB/25.8GB (5.1%)
[2026-06-02 16:29:29][INFO] SIM_BRIDGE: inject_explicit_wiring: installed 16000 synapses across 1 populations.
  N=15 seed 43: relational=1.000  role=1.000  control=1.000
[2026-06-02 16:31:42][INFO] SIM_BRIDGE: CuPy using GPU: NVIDIA GeForce RTX 3090 (24.0 GB), mempool limit: 80%
[2026-06-02 16:31:42][INFO] SIM_BRIDGE: Initializing simulation data for model: IZHIKEVICH (3D)... (playback_init: False)
[2026-06-02 16:31:42][INFO] SIM_BRIDGE: RNG initialized with seed: 44
[2026-06-02 16:31:42][INFO] SIM_BRIDGE: Initializing Izhikevich model specifics for 16000 neurons...
[2026-06-02 16:31:42][INFO] SIM_BRIDGE: Applying parameter heterogeneity to neuron parameters...
[2026-06-02 16:31:42][INFO] SIM_BRIDGE: Applied heterogeneity to 4 parameters.
[2026-06-02 16:31:42][INFO] SIM_BRIDGE: Initializing OU process state (tau=15.0ms, sigma=20.0pA)...
[2026-06-02 16:31:42][INFO] SIM_BRIDGE: Generating 3D neuron positions for 16000 neurons...
[2026-06-02 16:31:42][INFO] SIM_BRIDGE: Generating connections (3D)...
[2026-06-02 16:31:42][INFO] SIM_BRIDGE: Simulation data initialized for 16000 neurons (3D). Synapses: 0. GPU memory: 1.3GB/25.8GB (5.1%)
[2026-06-02 16:31:42][INFO] SIM_BRIDGE: inject_explicit_wiring: installed 16000 synapses across 1 populations.
  N=15 seed 44: relational=1.000  role=1.000  control=1.000
  -> N=15: relational 1.000  role 1.000  control 1.000  [PASS] (min-across-seed bar 0.80)

RESULT: KB capacity on the 320 substrate (mean relational / role / control, multi-seed):
  N= 5 facts: rel 1.000  role 1.000  ctrl 1.000  PASS
  N=10 facts: rel 1.000  role 1.000  ctrl 1.000  PASS
  N=15 facts: rel 1.000  role 1.000  ctrl 1.000  PASS
VERDICT: reliable relational KB holds to N=15 facts (multi-seed >= 0.80) on the full-320 biological substrate.
