=== full-320 NEGATION / yes-no / who-QA (K=4) (backend=cupy, V=320, D=2000) ===
[2026-06-02 16:33:40][INFO] SIM_BRIDGE: CuPy using GPU: NVIDIA GeForce RTX 3090 (24.0 GB), mempool limit: 80%
[2026-06-02 16:33:40][INFO] SIM_BRIDGE: Initializing simulation data for model: IZHIKEVICH (3D)... (playback_init: False)
[2026-06-02 16:33:40][INFO] SIM_BRIDGE: RNG initialized with seed: 42
[2026-06-02 16:33:40][INFO] SIM_BRIDGE: Initializing Izhikevich model specifics for 16000 neurons...
[2026-06-02 16:33:40][INFO] SIM_BRIDGE: Applying parameter heterogeneity to neuron parameters...
[2026-06-02 16:33:40][INFO] SIM_BRIDGE: Applied heterogeneity to 4 parameters.
[2026-06-02 16:33:40][INFO] SIM_BRIDGE: Initializing OU process state (tau=15.0ms, sigma=20.0pA)...
[2026-06-02 16:33:40][INFO] SIM_BRIDGE: Generating 3D neuron positions for 16000 neurons...
[2026-06-02 16:33:40][INFO] SIM_BRIDGE: Generating connections (3D)...
[2026-06-02 16:33:40][INFO] SIM_BRIDGE: Simulation data initialized for 16000 neurons (3D). Synapses: 0. GPU memory: 1.3GB/25.8GB (5.1%)
[2026-06-02 16:33:40][INFO] SIM_BRIDGE: inject_explicit_wiring: installed 16000 synapses across 1 populations.
  seed 42: yes/no=0.900  who=1.000  unknown-control=1.000
    [transcript seed 42] taught: 'blue fast how' (affirm) + 'book not cat house' (negate)
      does blue fast how? -> yes   does book cat house? -> no   who fast how? -> blue   does apple river dog (never taught)? -> unknown
[2026-06-02 16:34:51][INFO] SIM_BRIDGE: CuPy using GPU: NVIDIA GeForce RTX 3090 (24.0 GB), mempool limit: 80%
[2026-06-02 16:34:51][INFO] SIM_BRIDGE: Initializing simulation data for model: IZHIKEVICH (3D)... (playback_init: False)
[2026-06-02 16:34:51][INFO] SIM_BRIDGE: RNG initialized with seed: 43
[2026-06-02 16:34:51][INFO] SIM_BRIDGE: Initializing Izhikevich model specifics for 16000 neurons...
[2026-06-02 16:34:51][INFO] SIM_BRIDGE: Applying parameter heterogeneity to neuron parameters...
[2026-06-02 16:34:51][INFO] SIM_BRIDGE: Applied heterogeneity to 4 parameters.
[2026-06-02 16:34:51][INFO] SIM_BRIDGE: Initializing OU process state (tau=15.0ms, sigma=20.0pA)...
[2026-06-02 16:34:51][INFO] SIM_BRIDGE: Generating 3D neuron positions for 16000 neurons...
[2026-06-02 16:34:51][INFO] SIM_BRIDGE: Generating connections (3D)...
[2026-06-02 16:34:51][INFO] SIM_BRIDGE: Simulation data initialized for 16000 neurons (3D). Synapses: 0. GPU memory: 1.3GB/25.8GB (5.1%)
[2026-06-02 16:34:51][INFO] SIM_BRIDGE: inject_explicit_wiring: installed 16000 synapses across 1 populations.
  seed 43: yes/no=0.900  who=1.000  unknown-control=1.000
[2026-06-02 16:36:01][INFO] SIM_BRIDGE: CuPy using GPU: NVIDIA GeForce RTX 3090 (24.0 GB), mempool limit: 80%
[2026-06-02 16:36:01][INFO] SIM_BRIDGE: Initializing simulation data for model: IZHIKEVICH (3D)... (playback_init: False)
[2026-06-02 16:36:01][INFO] SIM_BRIDGE: RNG initialized with seed: 44
[2026-06-02 16:36:01][INFO] SIM_BRIDGE: Initializing Izhikevich model specifics for 16000 neurons...
[2026-06-02 16:36:01][INFO] SIM_BRIDGE: Applying parameter heterogeneity to neuron parameters...
[2026-06-02 16:36:01][INFO] SIM_BRIDGE: Applied heterogeneity to 4 parameters.
[2026-06-02 16:36:01][INFO] SIM_BRIDGE: Initializing OU process state (tau=15.0ms, sigma=20.0pA)...
[2026-06-02 16:36:01][INFO] SIM_BRIDGE: Generating 3D neuron positions for 16000 neurons...
[2026-06-02 16:36:01][INFO] SIM_BRIDGE: Generating connections (3D)...
[2026-06-02 16:36:01][INFO] SIM_BRIDGE: Simulation data initialized for 16000 neurons (3D). Synapses: 0. GPU memory: 1.3GB/25.8GB (5.1%)
[2026-06-02 16:36:01][INFO] SIM_BRIDGE: inject_explicit_wiring: installed 16000 synapses across 1 populations.
  seed 44: yes/no=0.800  who=1.000  unknown-control=1.000

RESULT: yes/no [0.9, 0.9, 0.8] (mean 0.867) | who [1.0, 1.0, 1.0] (mean 1.000) | unknown-control [1.0, 1.0, 1.0] (mean 1.000)
VERDICT: RESOLVES -- the K=4 negation + yes/no + who-QA conversational stack runs on the full-320 biological substrate, multi-seed. Negation = an explicit bound polarity tag (not absence); the substrate abstains on never-taught facts.
