[followon2] seeds=[42, 43, 44] n_attempts_spiking=800 ou_std=200.0 -- can a NOISE-DRIVEN spiking soft-WTA DRAW novel-but-plausible recombinations (replacing the host rng.choice), the likelihood staying the brain's, matching host quality, moat intact?
  [build_real_cooccurrence] corpus=tinystories.txt (first 4000000 bytes), 4930 stories, window=+-5, repeat_cap=40
    64 vocab words; 5517 co-occurrence facts (singletons dropped); second-order pairs (within-cat, NO direct co-occur)=33
    per-word in-corpus count: dog:2361, cat:2240, bird:3344, fish:513, frog:375, bear:523, mouse:206, duck:210, apple:200, cake:458, bread:78, milk:64, egg:84, soup:92, candy:107, cookie:115, hand:229, eye:29, foot:56, head:251, hair:163, arm:65, leg:44, face:288, mom:4925, dad:941, girl:2299, boy:1938, baby:234, friend:1712, sister:126, brother:147, run:455, jump:268, walk:366, play:4257, look:961, eat:616, sleep:142, sing:174, red:908, blue:481, green:296, yellow:231, black:66, white:144, pink:158, brown:141, house:1075, park:1665, room:798, garden:431, tree:1940, road:107, school:85, beach:133, ball:2004, toy:1592, book:281, doll:268, box:1194, blocks:240, kite:133, bell:59
    per-category fact coverage (#facts touching the category): cat0:2424, cat1:765, cat2:999, cat3:2814, cat4:2204, cat5:1166, cat6:1897, cat7:1647
    [WARN] 1 word(s) below freq-floor 30: [('eye', 29)]
[2026-06-24 23:06:20][INFO] SIM_BRIDGE: NumPy backend (CPU (NumPy backend), 47.7 GB RAM available)
[2026-06-24 23:06:20][INFO] SIM_BRIDGE: Initializing simulation data for model: IZHIKEVICH (3D)... (playback_init: False)
[2026-06-24 23:06:20][INFO] SIM_BRIDGE: RNG initialized with seed: 42
[2026-06-24 23:06:20][INFO] SIM_BRIDGE: Initializing Izhikevich model specifics for 128 neurons...
[2026-06-24 23:06:20][INFO] SIM_BRIDGE: Applying parameter heterogeneity to neuron parameters...
[2026-06-24 23:06:20][INFO] SIM_BRIDGE: Applied heterogeneity to 4 parameters.
[2026-06-24 23:06:20][INFO] SIM_BRIDGE: Initializing OU process state (tau=15.0ms, sigma=0.0pA)...
[2026-06-24 23:06:20][INFO] SIM_BRIDGE: Generating 3D neuron positions for 128 neurons...
[2026-06-24 23:06:20][INFO] SIM_BRIDGE: Generating connections (3D)...
[2026-06-24 23:06:20][INFO] SIM_BRIDGE: Simulation data initialized for 128 neurons (3D). Synapses: 0. GPU memory: 25.8GB/51.2GB (50.3%)
[2026-06-24 23:06:20][INFO] SIM_BRIDGE: NumPy backend (CPU (NumPy backend), 47.7 GB RAM available)
[2026-06-24 23:06:20][INFO] SIM_BRIDGE: Initializing simulation data for model: IZHIKEVICH (3D)... (playback_init: False)
[2026-06-24 23:06:20][INFO] SIM_BRIDGE: RNG initialized with seed: 42
[2026-06-24 23:06:20][INFO] SIM_BRIDGE: Initializing Izhikevich model specifics for 320 neurons...
[2026-06-24 23:06:20][INFO] SIM_BRIDGE: Applying parameter heterogeneity to neuron parameters...
[2026-06-24 23:06:20][INFO] SIM_BRIDGE: Applied heterogeneity to 4 parameters.
[2026-06-24 23:06:20][INFO] SIM_BRIDGE: Initializing OU process state (tau=15.0ms, sigma=0.0pA)...
[2026-06-24 23:06:20][INFO] SIM_BRIDGE: Generating 3D neuron positions for 320 neurons...
[2026-06-24 23:06:20][INFO] SIM_BRIDGE: Generating connections (3D)...
[2026-06-24 23:06:20][INFO] SIM_BRIDGE: Simulation data initialized for 320 neurons (3D). Synapses: 0. GPU memory: 25.8GB/51.2GB (50.3%)
[2026-06-24 23:06:22][INFO] SIM_BRIDGE: NumPy backend (CPU (NumPy backend), 47.7 GB RAM available)
[2026-06-24 23:06:22][INFO] SIM_BRIDGE: Initializing simulation data for model: IZHIKEVICH (3D)... (playback_init: False)
[2026-06-24 23:06:22][INFO] SIM_BRIDGE: RNG initialized with seed: 42
[2026-06-24 23:06:22][INFO] SIM_BRIDGE: Initializing Izhikevich model specifics for 4608 neurons...
[2026-06-24 23:06:22][INFO] SIM_BRIDGE: Applying parameter heterogeneity to neuron parameters...
[2026-06-24 23:06:22][INFO] SIM_BRIDGE: Applied heterogeneity to 4 parameters.
[2026-06-24 23:06:22][INFO] SIM_BRIDGE: Initializing OU process state (tau=15.0ms, sigma=0.0pA)...
[2026-06-24 23:06:22][INFO] SIM_BRIDGE: Generating 3D neuron positions for 4608 neurons...
[2026-06-24 23:06:22][INFO] SIM_BRIDGE: Generating connections (3D)...
[2026-06-24 23:06:22][INFO] SIM_BRIDGE: Simulation data initialized for 4608 neurons (3D). Synapses: 0. GPU memory: 25.7GB/51.2GB (50.1%)
[2026-06-24 23:06:27][INFO] SIM_BRIDGE: NumPy backend (CPU (NumPy backend), 47.7 GB RAM available)
[2026-06-24 23:06:27][INFO] SIM_BRIDGE: Initializing simulation data for model: IZHIKEVICH (3D)... (playback_init: False)
[2026-06-24 23:06:27][INFO] SIM_BRIDGE: RNG initialized with seed: 42
[2026-06-24 23:06:27][INFO] SIM_BRIDGE: Initializing Izhikevich model specifics for 64 neurons...
[2026-06-24 23:06:27][INFO] SIM_BRIDGE: Applying parameter heterogeneity to neuron parameters...
[2026-06-24 23:06:27][INFO] SIM_BRIDGE: Applied heterogeneity to 4 parameters.
[2026-06-24 23:06:27][INFO] SIM_BRIDGE: Initializing OU process state (tau=15.0ms, sigma=200.0pA)...
[2026-06-24 23:06:27][INFO] SIM_BRIDGE: Generating 3D neuron positions for 64 neurons...
[2026-06-24 23:06:27][INFO] SIM_BRIDGE: Generating connections (3D)...
[2026-06-24 23:06:27][INFO] SIM_BRIDGE: Simulation data initialized for 64 neurons (3D). Synapses: 0. GPU memory: 25.8GB/51.2GB (50.3%)
[2026-06-24 23:06:50][INFO] SIM_BRIDGE: NumPy backend (CPU (NumPy backend), 47.7 GB RAM available)
[2026-06-24 23:06:50][INFO] SIM_BRIDGE: Initializing simulation data for model: IZHIKEVICH (3D)... (playback_init: False)
[2026-06-24 23:06:50][INFO] SIM_BRIDGE: RNG initialized with seed: 42
[2026-06-24 23:06:50][INFO] SIM_BRIDGE: Initializing Izhikevich model specifics for 64 neurons...
[2026-06-24 23:06:50][INFO] SIM_BRIDGE: Applying parameter heterogeneity to neuron parameters...
[2026-06-24 23:06:50][INFO] SIM_BRIDGE: Applied heterogeneity to 4 parameters.
[2026-06-24 23:06:50][INFO] SIM_BRIDGE: Generating 3D neuron positions for 64 neurons...
[2026-06-24 23:06:50][INFO] SIM_BRIDGE: Generating connections (3D)...
[2026-06-24 23:06:50][INFO] SIM_BRIDGE: Simulation data initialized for 64 neurons (3D). Synapses: 0. GPU memory: 25.6GB/51.2GB (50.0%)
[2026-06-24 23:07:05][INFO] SIM_BRIDGE: NumPy backend (CPU (NumPy backend), 47.7 GB RAM available)
[2026-06-24 23:07:05][INFO] SIM_BRIDGE: Initializing simulation data for model: IZHIKEVICH (3D)... (playback_init: False)
[2026-06-24 23:07:05][INFO] SIM_BRIDGE: RNG initialized with seed: 42
[2026-06-24 23:07:05][INFO] SIM_BRIDGE: Initializing Izhikevich model specifics for 64 neurons...
[2026-06-24 23:07:05][INFO] SIM_BRIDGE: Applying parameter heterogeneity to neuron parameters...
[2026-06-24 23:07:05][INFO] SIM_BRIDGE: Applied heterogeneity to 4 parameters.
[2026-06-24 23:07:05][INFO] SIM_BRIDGE: Initializing OU process state (tau=15.0ms, sigma=200.0pA)...
[2026-06-24 23:07:05][INFO] SIM_BRIDGE: Generating 3D neuron positions for 64 neurons...
[2026-06-24 23:07:05][INFO] SIM_BRIDGE: Generating connections (3D)...
[2026-06-24 23:07:05][INFO] SIM_BRIDGE: Simulation data initialized for 64 neurons (3D). Synapses: 0. GPU memory: 23.2GB/51.2GB (45.4%)
[2026-06-24 23:07:18][INFO] SIM_BRIDGE: NumPy backend (CPU (NumPy backend), 47.7 GB RAM available)
[2026-06-24 23:07:18][INFO] SIM_BRIDGE: Initializing simulation data for model: IZHIKEVICH (3D)... (playback_init: False)
[2026-06-24 23:07:18][INFO] SIM_BRIDGE: RNG initialized with seed: 42
[2026-06-24 23:07:18][INFO] SIM_BRIDGE: Initializing Izhikevich model specifics for 64 neurons...
[2026-06-24 23:07:18][INFO] SIM_BRIDGE: Applying parameter heterogeneity to neuron parameters...
[2026-06-24 23:07:18][INFO] SIM_BRIDGE: Applied heterogeneity to 4 parameters.
[2026-06-24 23:07:18][INFO] SIM_BRIDGE: Initializing OU process state (tau=15.0ms, sigma=200.0pA)...
[2026-06-24 23:07:18][INFO] SIM_BRIDGE: Generating 3D neuron positions for 64 neurons...
[2026-06-24 23:07:18][INFO] SIM_BRIDGE: Generating connections (3D)...
[2026-06-24 23:07:18][INFO] SIM_BRIDGE: Simulation data initialized for 64 neurons (3D). Synapses: 0. GPU memory: 23.2GB/51.2GB (45.2%)

[followon2 seed 42] taught 24 affirmed + 12 negated | novel-plausible universe 45 | tau=0.477 | bank build 0.0s | ou_std=200.0
  (P) PROVENANCE: draw from cp_firing_states (no host rng on draw path): True (spiking-reads 3600, host-rng-draws 0, source-clean True)
  (P) NOISE-ABLATION: noiseless deterministic True (peak 1.000) & noisy stochastic True (peak 0.405) -> ok True
  (a) SPIKING SAMPLER generated 30 distinct NOVEL props (novel-comp 0.667); disjoint True; retrieval ABSTAINS 30/30 (all True)
  (b) PLAUSIBLE: spiking-frac 0.342 (adv 16.8x) vs HOST-frac 0.316 (adv 15.6x) vs random 0.0203 | spiking/host quality 1.08
  (c) LESION: spiking-frac 0.342 -> 0.005 (3 acc; collapses True) | SHUFFLED true-frac 0.038 (collapses True)
  (d) MOAT: hypothesis->known leaks 0 (must 0) | negated re-proposed 0 (must 0) | untaught-cue abstention 20/20
  (CAL) calibration KL(empirical||softmax) mean 0.132 (noisy-1 KL 0.022, silent 0/400)
  spiking-sampled hypotheses: ['perhaps mouse eat cake', 'perhaps brother play pink', 'perhaps bird sing pink', 'perhaps fish sing road', 'perhaps fish sing doll', 'perhaps bird sing white', 'perhaps cat sleep black', 'perhaps frog jump green', 'perhaps sister look black', 'perhaps frog jump bell', 'perhaps frog jump cookie', 'perhaps bird sing cake']
[2026-06-24 23:07:47][INFO] SIM_BRIDGE: NumPy backend (CPU (NumPy backend), 47.7 GB RAM available)
[2026-06-24 23:07:47][INFO] SIM_BRIDGE: Initializing simulation data for model: IZHIKEVICH (3D)... (playback_init: False)
[2026-06-24 23:07:47][INFO] SIM_BRIDGE: RNG initialized with seed: 43
[2026-06-24 23:07:47][INFO] SIM_BRIDGE: Initializing Izhikevich model specifics for 128 neurons...
[2026-06-24 23:07:47][INFO] SIM_BRIDGE: Applying parameter heterogeneity to neuron parameters...
[2026-06-24 23:07:47][INFO] SIM_BRIDGE: Applied heterogeneity to 4 parameters.
[2026-06-24 23:07:47][INFO] SIM_BRIDGE: Initializing OU process state (tau=15.0ms, sigma=0.0pA)...
[2026-06-24 23:07:47][INFO] SIM_BRIDGE: Generating 3D neuron positions for 128 neurons...
[2026-06-24 23:07:47][INFO] SIM_BRIDGE: Generating connections (3D)...
[2026-06-24 23:07:47][INFO] SIM_BRIDGE: Simulation data initialized for 128 neurons (3D). Synapses: 0. GPU memory: 23.2GB/51.2GB (45.2%)
[2026-06-24 23:07:47][INFO] SIM_BRIDGE: NumPy backend (CPU (NumPy backend), 47.7 GB RAM available)
[2026-06-24 23:07:47][INFO] SIM_BRIDGE: Initializing simulation data for model: IZHIKEVICH (3D)... (playback_init: False)
[2026-06-24 23:07:47][INFO] SIM_BRIDGE: RNG initialized with seed: 43
[2026-06-24 23:07:47][INFO] SIM_BRIDGE: Initializing Izhikevich model specifics for 320 neurons...
[2026-06-24 23:07:47][INFO] SIM_BRIDGE: Applying parameter heterogeneity to neuron parameters...
[2026-06-24 23:07:47][INFO] SIM_BRIDGE: Applied heterogeneity to 4 parameters.
[2026-06-24 23:07:47][INFO] SIM_BRIDGE: Initializing OU process state (tau=15.0ms, sigma=0.0pA)...
[2026-06-24 23:07:47][INFO] SIM_BRIDGE: Generating 3D neuron positions for 320 neurons...
[2026-06-24 23:07:47][INFO] SIM_BRIDGE: Generating connections (3D)...
[2026-06-24 23:07:47][INFO] SIM_BRIDGE: Simulation data initialized for 320 neurons (3D). Synapses: 0. GPU memory: 23.2GB/51.2GB (45.2%)
[2026-06-24 23:07:49][INFO] SIM_BRIDGE: NumPy backend (CPU (NumPy backend), 47.7 GB RAM available)
[2026-06-24 23:07:49][INFO] SIM_BRIDGE: Initializing simulation data for model: IZHIKEVICH (3D)... (playback_init: False)
[2026-06-24 23:07:49][INFO] SIM_BRIDGE: RNG initialized with seed: 43
[2026-06-24 23:07:49][INFO] SIM_BRIDGE: Initializing Izhikevich model specifics for 4608 neurons...
[2026-06-24 23:07:49][INFO] SIM_BRIDGE: Applying parameter heterogeneity to neuron parameters...
[2026-06-24 23:07:49][INFO] SIM_BRIDGE: Applied heterogeneity to 4 parameters.
[2026-06-24 23:07:49][INFO] SIM_BRIDGE: Initializing OU process state (tau=15.0ms, sigma=0.0pA)...
[2026-06-24 23:07:49][INFO] SIM_BRIDGE: Generating 3D neuron positions for 4608 neurons...
[2026-06-24 23:07:49][INFO] SIM_BRIDGE: Generating connections (3D)...
[2026-06-24 23:07:49][INFO] SIM_BRIDGE: Simulation data initialized for 4608 neurons (3D). Synapses: 0. GPU memory: 23.2GB/51.2GB (45.3%)
[2026-06-24 23:07:52][INFO] SIM_BRIDGE: NumPy backend (CPU (NumPy backend), 47.7 GB RAM available)
[2026-06-24 23:07:52][INFO] SIM_BRIDGE: Initializing simulation data for model: IZHIKEVICH (3D)... (playback_init: False)
[2026-06-24 23:07:52][INFO] SIM_BRIDGE: RNG initialized with seed: 43
[2026-06-24 23:07:52][INFO] SIM_BRIDGE: Initializing Izhikevich model specifics for 64 neurons...
[2026-06-24 23:07:52][INFO] SIM_BRIDGE: Applying parameter heterogeneity to neuron parameters...
[2026-06-24 23:07:52][INFO] SIM_BRIDGE: Applied heterogeneity to 4 parameters.
[2026-06-24 23:07:52][INFO] SIM_BRIDGE: Initializing OU process state (tau=15.0ms, sigma=200.0pA)...
[2026-06-24 23:07:52][INFO] SIM_BRIDGE: Generating 3D neuron positions for 64 neurons...
[2026-06-24 23:07:52][INFO] SIM_BRIDGE: Generating connections (3D)...
[2026-06-24 23:07:52][INFO] SIM_BRIDGE: Simulation data initialized for 64 neurons (3D). Synapses: 0. GPU memory: 23.1GB/51.2GB (45.0%)
[2026-06-24 23:08:06][INFO] SIM_BRIDGE: NumPy backend (CPU (NumPy backend), 47.7 GB RAM available)
[2026-06-24 23:08:06][INFO] SIM_BRIDGE: Initializing simulation data for model: IZHIKEVICH (3D)... (playback_init: False)
[2026-06-24 23:08:06][INFO] SIM_BRIDGE: RNG initialized with seed: 43
[2026-06-24 23:08:06][INFO] SIM_BRIDGE: Initializing Izhikevich model specifics for 64 neurons...
[2026-06-24 23:08:06][INFO] SIM_BRIDGE: Applying parameter heterogeneity to neuron parameters...
[2026-06-24 23:08:06][INFO] SIM_BRIDGE: Applied heterogeneity to 4 parameters.
[2026-06-24 23:08:06][INFO] SIM_BRIDGE: Generating 3D neuron positions for 64 neurons...
[2026-06-24 23:08:06][INFO] SIM_BRIDGE: Generating connections (3D)...
[2026-06-24 23:08:06][INFO] SIM_BRIDGE: Simulation data initialized for 64 neurons (3D). Synapses: 0. GPU memory: 23.0GB/51.2GB (44.9%)
[2026-06-24 23:08:17][INFO] SIM_BRIDGE: NumPy backend (CPU (NumPy backend), 47.7 GB RAM available)
[2026-06-24 23:08:17][INFO] SIM_BRIDGE: Initializing simulation data for model: IZHIKEVICH (3D)... (playback_init: False)
[2026-06-24 23:08:17][INFO] SIM_BRIDGE: RNG initialized with seed: 43
[2026-06-24 23:08:17][INFO] SIM_BRIDGE: Initializing Izhikevich model specifics for 64 neurons...
[2026-06-24 23:08:17][INFO] SIM_BRIDGE: Applying parameter heterogeneity to neuron parameters...
[2026-06-24 23:08:17][INFO] SIM_BRIDGE: Applied heterogeneity to 4 parameters.
[2026-06-24 23:08:17][INFO] SIM_BRIDGE: Initializing OU process state (tau=15.0ms, sigma=200.0pA)...
[2026-06-24 23:08:17][INFO] SIM_BRIDGE: Generating 3D neuron positions for 64 neurons...
[2026-06-24 23:08:17][INFO] SIM_BRIDGE: Generating connections (3D)...
[2026-06-24 23:08:17][INFO] SIM_BRIDGE: Simulation data initialized for 64 neurons (3D). Synapses: 0. GPU memory: 22.9GB/51.2GB (44.7%)
[2026-06-24 23:08:29][INFO] SIM_BRIDGE: NumPy backend (CPU (NumPy backend), 47.7 GB RAM available)
[2026-06-24 23:08:29][INFO] SIM_BRIDGE: Initializing simulation data for model: IZHIKEVICH (3D)... (playback_init: False)
[2026-06-24 23:08:29][INFO] SIM_BRIDGE: RNG initialized with seed: 43
[2026-06-24 23:08:29][INFO] SIM_BRIDGE: Initializing Izhikevich model specifics for 64 neurons...
[2026-06-24 23:08:29][INFO] SIM_BRIDGE: Applying parameter heterogeneity to neuron parameters...
[2026-06-24 23:08:29][INFO] SIM_BRIDGE: Applied heterogeneity to 4 parameters.
[2026-06-24 23:08:29][INFO] SIM_BRIDGE: Initializing OU process state (tau=15.0ms, sigma=200.0pA)...
[2026-06-24 23:08:29][INFO] SIM_BRIDGE: Generating 3D neuron positions for 64 neurons...
[2026-06-24 23:08:29][INFO] SIM_BRIDGE: Generating connections (3D)...
[2026-06-24 23:08:29][INFO] SIM_BRIDGE: Simulation data initialized for 64 neurons (3D). Synapses: 0. GPU memory: 22.9GB/51.2GB (44.7%)

[followon2 seed 43] taught 24 affirmed + 12 negated | novel-plausible universe 45 | tau=0.477 | bank build 0.0s | ou_std=200.0
  (P) PROVENANCE: draw from cp_firing_states (no host rng on draw path): True (spiking-reads 3600, host-rng-draws 0, source-clean True)
  (P) NOISE-ABLATION: noiseless deterministic True (peak 1.000) & noisy stochastic True (peak 0.485) -> ok True
  (a) SPIKING SAMPLER generated 31 distinct NOVEL props (novel-comp 0.689); disjoint True; retrieval ABSTAINS 31/31 (all True)
  (b) PLAUSIBLE: spiking-frac 0.369 (adv 20.6x) vs HOST-frac 0.337 (adv 18.8x) vs random 0.0179 | spiking/host quality 1.10
  (c) LESION: spiking-frac 0.369 -> 0.028 (7 acc; collapses True) | SHUFFLED true-frac 0.019 (collapses True)
  (d) MOAT: hypothesis->known leaks 0 (must 0) | negated re-proposed 0 (must 0) | untaught-cue abstention 20/20
  (CAL) calibration KL(empirical||softmax) mean 0.115 (noisy-1 KL 0.053, silent 0/400)
  spiking-sampled hypotheses: ['perhaps fish sing blue', 'perhaps bird sing road', 'perhaps fish sing road', 'perhaps frog jump road', 'perhaps dog run cookie', 'perhaps duck eat brown', 'perhaps mouse eat brown', 'perhaps mouse eat soup', 'perhaps cat sleep blue', 'perhaps cat sleep doll', 'perhaps duck eat milk', 'perhaps frog jump cookie']
[2026-06-24 23:08:59][INFO] SIM_BRIDGE: NumPy backend (CPU (NumPy backend), 47.7 GB RAM available)
[2026-06-24 23:08:59][INFO] SIM_BRIDGE: Initializing simulation data for model: IZHIKEVICH (3D)... (playback_init: False)
[2026-06-24 23:08:59][INFO] SIM_BRIDGE: RNG initialized with seed: 44
[2026-06-24 23:08:59][INFO] SIM_BRIDGE: Initializing Izhikevich model specifics for 128 neurons...
[2026-06-24 23:08:59][INFO] SIM_BRIDGE: Applying parameter heterogeneity to neuron parameters...
[2026-06-24 23:08:59][INFO] SIM_BRIDGE: Applied heterogeneity to 4 parameters.
[2026-06-24 23:08:59][INFO] SIM_BRIDGE: Initializing OU process state (tau=15.0ms, sigma=0.0pA)...
[2026-06-24 23:08:59][INFO] SIM_BRIDGE: Generating 3D neuron positions for 128 neurons...
[2026-06-24 23:08:59][INFO] SIM_BRIDGE: Generating connections (3D)...
[2026-06-24 23:08:59][INFO] SIM_BRIDGE: Simulation data initialized for 128 neurons (3D). Synapses: 0. GPU memory: 23.2GB/51.2GB (45.4%)
[2026-06-24 23:08:59][INFO] SIM_BRIDGE: NumPy backend (CPU (NumPy backend), 47.7 GB RAM available)
[2026-06-24 23:08:59][INFO] SIM_BRIDGE: Initializing simulation data for model: IZHIKEVICH (3D)... (playback_init: False)
[2026-06-24 23:08:59][INFO] SIM_BRIDGE: RNG initialized with seed: 44
[2026-06-24 23:08:59][INFO] SIM_BRIDGE: Initializing Izhikevich model specifics for 320 neurons...
[2026-06-24 23:08:59][INFO] SIM_BRIDGE: Applying parameter heterogeneity to neuron parameters...
[2026-06-24 23:08:59][INFO] SIM_BRIDGE: Applied heterogeneity to 4 parameters.
[2026-06-24 23:08:59][INFO] SIM_BRIDGE: Initializing OU process state (tau=15.0ms, sigma=0.0pA)...
[2026-06-24 23:08:59][INFO] SIM_BRIDGE: Generating 3D neuron positions for 320 neurons...
[2026-06-24 23:08:59][INFO] SIM_BRIDGE: Generating connections (3D)...
[2026-06-24 23:08:59][INFO] SIM_BRIDGE: Simulation data initialized for 320 neurons (3D). Synapses: 0. GPU memory: 23.2GB/51.2GB (45.3%)
[2026-06-24 23:09:00][INFO] SIM_BRIDGE: NumPy backend (CPU (NumPy backend), 47.7 GB RAM available)
[2026-06-24 23:09:00][INFO] SIM_BRIDGE: Initializing simulation data for model: IZHIKEVICH (3D)... (playback_init: False)
[2026-06-24 23:09:00][INFO] SIM_BRIDGE: RNG initialized with seed: 44
[2026-06-24 23:09:00][INFO] SIM_BRIDGE: Initializing Izhikevich model specifics for 4608 neurons...
[2026-06-24 23:09:00][INFO] SIM_BRIDGE: Applying parameter heterogeneity to neuron parameters...
[2026-06-24 23:09:00][INFO] SIM_BRIDGE: Applied heterogeneity to 4 parameters.
[2026-06-24 23:09:00][INFO] SIM_BRIDGE: Initializing OU process state (tau=15.0ms, sigma=0.0pA)...
[2026-06-24 23:09:00][INFO] SIM_BRIDGE: Generating 3D neuron positions for 4608 neurons...
[2026-06-24 23:09:00][INFO] SIM_BRIDGE: Generating connections (3D)...
[2026-06-24 23:09:00][INFO] SIM_BRIDGE: Simulation data initialized for 4608 neurons (3D). Synapses: 0. GPU memory: 23.2GB/51.2GB (45.2%)
[2026-06-24 23:09:02][INFO] SIM_BRIDGE: NumPy backend (CPU (NumPy backend), 47.7 GB RAM available)
[2026-06-24 23:09:02][INFO] SIM_BRIDGE: Initializing simulation data for model: IZHIKEVICH (3D)... (playback_init: False)
[2026-06-24 23:09:02][INFO] SIM_BRIDGE: RNG initialized with seed: 44
[2026-06-24 23:09:02][INFO] SIM_BRIDGE: Initializing Izhikevich model specifics for 64 neurons...
[2026-06-24 23:09:02][INFO] SIM_BRIDGE: Applying parameter heterogeneity to neuron parameters...
[2026-06-24 23:09:02][INFO] SIM_BRIDGE: Applied heterogeneity to 4 parameters.
[2026-06-24 23:09:02][INFO] SIM_BRIDGE: Initializing OU process state (tau=15.0ms, sigma=200.0pA)...
[2026-06-24 23:09:02][INFO] SIM_BRIDGE: Generating 3D neuron positions for 64 neurons...
[2026-06-24 23:09:02][INFO] SIM_BRIDGE: Generating connections (3D)...
[2026-06-24 23:09:02][INFO] SIM_BRIDGE: Simulation data initialized for 64 neurons (3D). Synapses: 0. GPU memory: 23.2GB/51.2GB (45.2%)
[2026-06-24 23:09:16][INFO] SIM_BRIDGE: NumPy backend (CPU (NumPy backend), 47.7 GB RAM available)
[2026-06-24 23:09:16][INFO] SIM_BRIDGE: Initializing simulation data for model: IZHIKEVICH (3D)... (playback_init: False)
[2026-06-24 23:09:16][INFO] SIM_BRIDGE: RNG initialized with seed: 44
[2026-06-24 23:09:16][INFO] SIM_BRIDGE: Initializing Izhikevich model specifics for 64 neurons...
[2026-06-24 23:09:16][INFO] SIM_BRIDGE: Applying parameter heterogeneity to neuron parameters...
[2026-06-24 23:09:16][INFO] SIM_BRIDGE: Applied heterogeneity to 4 parameters.
[2026-06-24 23:09:16][INFO] SIM_BRIDGE: Generating 3D neuron positions for 64 neurons...
[2026-06-24 23:09:16][INFO] SIM_BRIDGE: Generating connections (3D)...
[2026-06-24 23:09:16][INFO] SIM_BRIDGE: Simulation data initialized for 64 neurons (3D). Synapses: 0. GPU memory: 23.1GB/51.2GB (45.1%)
[2026-06-24 23:09:28][INFO] SIM_BRIDGE: NumPy backend (CPU (NumPy backend), 47.7 GB RAM available)
[2026-06-24 23:09:28][INFO] SIM_BRIDGE: Initializing simulation data for model: IZHIKEVICH (3D)... (playback_init: False)
[2026-06-24 23:09:28][INFO] SIM_BRIDGE: RNG initialized with seed: 44
[2026-06-24 23:09:28][INFO] SIM_BRIDGE: Initializing Izhikevich model specifics for 64 neurons...
[2026-06-24 23:09:28][INFO] SIM_BRIDGE: Applying parameter heterogeneity to neuron parameters...
[2026-06-24 23:09:28][INFO] SIM_BRIDGE: Applied heterogeneity to 4 parameters.
[2026-06-24 23:09:28][INFO] SIM_BRIDGE: Initializing OU process state (tau=15.0ms, sigma=200.0pA)...
[2026-06-24 23:09:28][INFO] SIM_BRIDGE: Generating 3D neuron positions for 64 neurons...
[2026-06-24 23:09:28][INFO] SIM_BRIDGE: Generating connections (3D)...
[2026-06-24 23:09:28][INFO] SIM_BRIDGE: Simulation data initialized for 64 neurons (3D). Synapses: 0. GPU memory: 23.0GB/51.2GB (44.9%)
[2026-06-24 23:09:38][INFO] SIM_BRIDGE: NumPy backend (CPU (NumPy backend), 47.7 GB RAM available)
[2026-06-24 23:09:38][INFO] SIM_BRIDGE: Initializing simulation data for model: IZHIKEVICH (3D)... (playback_init: False)
[2026-06-24 23:09:38][INFO] SIM_BRIDGE: RNG initialized with seed: 44
[2026-06-24 23:09:38][INFO] SIM_BRIDGE: Initializing Izhikevich model specifics for 64 neurons...
[2026-06-24 23:09:38][INFO] SIM_BRIDGE: Applying parameter heterogeneity to neuron parameters...
[2026-06-24 23:09:38][INFO] SIM_BRIDGE: Applied heterogeneity to 4 parameters.
[2026-06-24 23:09:38][INFO] SIM_BRIDGE: Initializing OU process state (tau=15.0ms, sigma=200.0pA)...
[2026-06-24 23:09:38][INFO] SIM_BRIDGE: Generating 3D neuron positions for 64 neurons...
[2026-06-24 23:09:38][INFO] SIM_BRIDGE: Generating connections (3D)...
[2026-06-24 23:09:38][INFO] SIM_BRIDGE: Simulation data initialized for 64 neurons (3D). Synapses: 0. GPU memory: 22.9GB/51.2GB (44.7%)

[followon2 seed 44] taught 24 affirmed + 12 negated | novel-plausible universe 45 | tau=0.477 | bank build 0.0s | ou_std=200.0
  (P) PROVENANCE: draw from cp_firing_states (no host rng on draw path): True (spiking-reads 3600, host-rng-draws 0, source-clean True)
  (P) NOISE-ABLATION: noiseless deterministic True (peak 1.000) & noisy stochastic True (peak 0.420) -> ok True
  (a) SPIKING SAMPLER generated 32 distinct NOVEL props (novel-comp 0.711); disjoint True; retrieval ABSTAINS 32/32 (all True)
  (b) PLAUSIBLE: spiking-frac 0.369 (adv 18.5x) vs HOST-frac 0.312 (adv 15.6x) vs random 0.0200 | spiking/host quality 1.18
  (c) LESION: spiking-frac 0.369 -> 0.006 (3 acc; collapses True) | SHUFFLED true-frac 0.009 (collapses True)
  (d) MOAT: hypothesis->known leaks 0 (must 0) | negated re-proposed 0 (must 0) | untaught-cue abstention 20/20
  (CAL) calibration KL(empirical||softmax) mean 0.224 (noisy-1 KL 0.053, silent 0/400)
  spiking-sampled hypotheses: ['perhaps mouse eat apple', 'perhaps cat sleep black', 'perhaps bear walk leg', 'perhaps frog jump green', 'perhaps fish sing cake', 'perhaps cat sleep arm', 'perhaps bird sing white', 'perhaps mouse eat cake', 'perhaps fish jump bell', 'perhaps sister look eye', 'perhaps mouse eat soup', 'perhaps bear walk foot']

==================================================================================================
  OVERALL VERDICT: GO
  (P) PROVENANCE+noise-ablation all seeds: True (the draw is the spiking winner read from cp_firing_states; ou_std->0 collapses to deterministic argmax)
  (a) SPIKING sampler novel: novel-comp mean 0.689 (>0 + disjoint + retrieval-abstains all: True; min 30 generated)
  (b) PLAUSIBLE: spiking-frac 0.360 (adv 18.7x; >= 3.0x all: True) vs HOST 0.322 -- spiking/host quality mean 1.12 (>= 0.7 all: True)
  (c) LESION collapses all: True | SHUFFLED collapses all: True
  (d) MOAT 0-CONFAB: 0 leaks + 0 negated re-proposed (preserved all: True); untaught-cue abstention mean 1.000 (>= 0.95 all: True)
  (CAL) calibration KL(empirical||softmax) mean 0.157 max 0.224
  elapsed 221.6s
==================================================================================================

  [saved] research/findings/raw/_followon2_REVAL_after_refactor.json
