[2026-07-20 13:27:02][INFO] SIM_BRIDGE: CuPy using GPU: NVIDIA GeForce RTX 3090 (23.5 GB), mempool limit: 80%
[2026-07-20 13:27:02][INFO] SIM_BRIDGE: Initializing simulation data for model: IZHIKEVICH (3D)... (playback_init: False)
[2026-07-20 13:27:02][INFO] SIM_BRIDGE: RNG initialized with seed: 100
[2026-07-20 13:27:02][INFO] SIM_BRIDGE: Initializing Izhikevich model specifics for 256 neurons...
[2026-07-20 13:27:02][INFO] SIM_BRIDGE: Applying parameter heterogeneity to neuron parameters...
[2026-07-20 13:27:02][INFO] SIM_BRIDGE: Applied heterogeneity to 4 parameters.
[2026-07-20 13:27:02][INFO] SIM_BRIDGE: Initializing OU process state (tau=15.0ms, sigma=0.0pA)...
[2026-07-20 13:27:02][INFO] SIM_BRIDGE: Generating 3D neuron positions for 256 neurons...
[2026-07-20 13:27:02][INFO] SIM_BRIDGE: Generating connections (3D)...
[2026-07-20 13:27:02][INFO] SIM_BRIDGE: Simulation data initialized for 256 neurons (3D). Synapses: 0. GPU memory: 2.5GB/25.3GB (9.9%)
[rf-phase-encode] 256 independent RF oscillators, period=200, VMAX(p99.8)=5.7617 (deployed frac-zero=0.500)
[2026-07-20 13:27:02][INFO] SIM_BRIDGE: CuPy using GPU: NVIDIA GeForce RTX 3090 (23.5 GB), mempool limit: 80%
[2026-07-20 13:27:02][INFO] SIM_BRIDGE: Initializing simulation data for model: IZHIKEVICH (3D)... (playback_init: False)
[2026-07-20 13:27:02][INFO] SIM_BRIDGE: Brain-region framework: 1 regions, 256 total neurons, 0 pathways.
[2026-07-20 13:27:02][INFO] SIM_BRIDGE: RNG initialized with seed: 100
[2026-07-20 13:27:02][INFO] SIM_BRIDGE: Selective SSM slow-state enabled (256 neurons, k_leak=1.0)
[2026-07-20 13:27:02][INFO] SIM_BRIDGE: Initializing Izhikevich model specifics for 256 neurons...
[2026-07-20 13:27:02][INFO] SIM_BRIDGE: Generating 3D neuron positions for 256 neurons...
[2026-07-20 13:27:02][INFO] SIM_BRIDGE: Generating connections (brain-region framework)...
[2026-07-20 13:27:02][INFO] SIM_BRIDGE: inject_explicit_wiring: installed 3286 synapses across 1 populations.
[2026-07-20 13:27:02][INFO] SIM_BRIDGE: Initializing eligibility traces for 3286 synapses (capacity: 4929, dtype: float32)...
[2026-07-20 13:27:02][INFO] SIM_BRIDGE: Initializing structural plasticity state...
[2026-07-20 13:27:02][INFO] SIM_BRIDGE: Simulation data initialized for 256 neurons (3D). Synapses: 3286. GPU memory: 2.5GB/25.3GB (9.9%)
[ssm-state] GRADED cp_ssm_state integrator: SSM decay=0.7591 -> k_leak=1.0000 (lam_eff=0.0000), inject=v/(1-decay), pop_k=1 [MEMORYLESS ANTI-CHEAT]
[verify] on-bridge firing-rate state vs rate-SSM analog state: corr=0.999 (>0.3 => substrate realizes the leaky state) | firing: mean=0.379 max=5.762 frac-active-channels=1.00 (low mean/frac => sparse; discriminative read-out needs varied firing)
[refit] fitted ridge read-out on 12 on-bridge states (T=0.5); fit-elapsed 2s
[seed 100] ON-BRIDGE per-depth NLL (elapsed 218s, decay=0.759):
    depth     1 (n=  200): onbridge 3.600 | bigram 4.175 | trigram 5.208 || vs-trigram +1.609
    depth     2 (n=  200): onbridge 3.335 | bigram 3.912 | trigram 3.004 || vs-trigram -0.330
    depth     3 (n=  195): onbridge 3.910 | bigram 3.934 | trigram 2.973 || vs-trigram -0.937
    depth   4-5 (n=  347): onbridge 4.319 | bigram 4.067 | trigram 3.215 || vs-trigram -1.104
    depth   6-9 (n=  439): onbridge 4.488 | bigram 4.445 | trigram 3.955 || vs-trigram -0.533
    depth 10-99 (n=  169): onbridge 4.520 | bigram 4.278 | trigram 3.613 || vs-trigram -0.906
    VERDICT: no-go (deep vs-trigram -0.906, map-corr 0.999)
-> research/findings/raw/_gap1_ms_RFmemless_seed100.json
