[2026-07-20 15:07:22][INFO] SIM_BRIDGE: CuPy using GPU: NVIDIA GeForce RTX 3090 (23.5 GB), mempool limit: 80%
[2026-07-20 15:07:22][INFO] SIM_BRIDGE: Initializing simulation data for model: IZHIKEVICH (3D)... (playback_init: False)
[2026-07-20 15:07:22][INFO] SIM_BRIDGE: RNG initialized with seed: 42
[2026-07-20 15:07:22][INFO] SIM_BRIDGE: Initializing Izhikevich model specifics for 256 neurons...
[2026-07-20 15:07:22][INFO] SIM_BRIDGE: Applying parameter heterogeneity to neuron parameters...
[2026-07-20 15:07:22][INFO] SIM_BRIDGE: Applied heterogeneity to 4 parameters.
[2026-07-20 15:07:22][INFO] SIM_BRIDGE: Initializing OU process state (tau=15.0ms, sigma=0.0pA)...
[2026-07-20 15:07:22][INFO] SIM_BRIDGE: Generating 3D neuron positions for 256 neurons...
[2026-07-20 15:07:22][INFO] SIM_BRIDGE: Generating connections (3D)...
[2026-07-20 15:07:22][INFO] SIM_BRIDGE: Simulation data initialized for 256 neurons (3D). Synapses: 0. GPU memory: 2.5GB/25.3GB (9.9%)
[rf-phase-encode] 256 independent RF oscillators, period=200, VMAX(p99.8)=24.2324 (deployed frac-zero=0.500)
[2026-07-20 15:07:22][INFO] SIM_BRIDGE: CuPy using GPU: NVIDIA GeForce RTX 3090 (23.5 GB), mempool limit: 80%
[2026-07-20 15:07:22][INFO] SIM_BRIDGE: Initializing simulation data for model: IZHIKEVICH (3D)... (playback_init: False)
[2026-07-20 15:07:22][INFO] SIM_BRIDGE: Brain-region framework: 1 regions, 256 total neurons, 0 pathways.
[2026-07-20 15:07:22][INFO] SIM_BRIDGE: RNG initialized with seed: 42
[2026-07-20 15:07:22][INFO] SIM_BRIDGE: Selective SSM slow-state enabled (256 neurons, k_leak=0.24016159772872925)
[2026-07-20 15:07:22][INFO] SIM_BRIDGE: Initializing Izhikevich model specifics for 256 neurons...
[2026-07-20 15:07:22][INFO] SIM_BRIDGE: Generating 3D neuron positions for 256 neurons...
[2026-07-20 15:07:22][INFO] SIM_BRIDGE: Generating connections (brain-region framework)...
[2026-07-20 15:07:23][INFO] SIM_BRIDGE: inject_explicit_wiring: installed 3245 synapses across 1 populations.
[2026-07-20 15:07:23][INFO] SIM_BRIDGE: Initializing eligibility traces for 3245 synapses (capacity: 4867, dtype: float32)...
[2026-07-20 15:07:23][INFO] SIM_BRIDGE: Initializing structural plasticity state...
[2026-07-20 15:07:23][INFO] SIM_BRIDGE: Simulation data initialized for 256 neurons (3D). Synapses: 3245. GPU memory: 2.5GB/25.3GB (9.9%)
[ssm-state] GRADED cp_ssm_state integrator: SSM decay=0.7598 -> k_leak=0.2402 (lam_eff=0.7598), inject=v/(1-decay), pop_k=1
[GEN on-bridge RF-phase] prompt='once upon a time' -> <unk> <unk> <unk> <unk> <unk> <unk> <unk> <unk> <unk> <unk> a <unk> <unk> i <unk> <unk> it in your <unk> and <unk> <unk> <unk> the pieces of <unk> together on the ground and a <unk> <unk> <unk> to <unk> <unk> his hand and he said goodbye to his friends and had a fun time she put the <unk> on the <unk>
[verify] on-bridge firing-rate state vs rate-SSM analog state: corr=0.999 (>0.3 => substrate realizes the leaky state) | firing: mean=1.014 max=8.449 frac-active-channels=0.99 (low mean/frac => sparse; discriminative read-out needs varied firing)
[refit] fitted ridge read-out on 18 on-bridge states (T=0.5); fit-elapsed 1s
[seed 42] ON-BRIDGE per-depth NLL (elapsed 4s, decay=0.760):
    depth     1 (n=    5): onbridge 3.772 | bigram 4.125 | trigram 5.232 || vs-trigram +1.460
    depth     2 (n=    5): onbridge 2.542 | bigram 3.938 | trigram 3.076 || vs-trigram +0.533
    depth     3 (n=    5): onbridge 3.102 | bigram 5.698 | trigram 4.303 || vs-trigram +1.201
    depth   4-5 (n=    9): onbridge 3.134 | bigram 4.246 | trigram 3.641 || vs-trigram +0.507
    depth   6-9 (n=    8): onbridge 3.425 | bigram 5.645 | trigram 5.005 || vs-trigram +1.580
    depth 10-99 (n=    1): onbridge 0.152 | bigram 5.093 | trigram 1.988 || vs-trigram +1.836
    VERDICT: GO (deep vs-trigram 1.836, map-corr 0.999)
-> research/findings/raw/_gap1_gen_rf_temp.json
