[2026-07-20 15:09:44][INFO] SIM_BRIDGE: CuPy using GPU: NVIDIA GeForce RTX 3090 (23.5 GB), mempool limit: 80%
[2026-07-20 15:09:44][INFO] SIM_BRIDGE: Initializing simulation data for model: IZHIKEVICH (3D)... (playback_init: False)
[2026-07-20 15:09:44][INFO] SIM_BRIDGE: RNG initialized with seed: 44
[2026-07-20 15:09:44][INFO] SIM_BRIDGE: Initializing Izhikevich model specifics for 256 neurons...
[2026-07-20 15:09:44][INFO] SIM_BRIDGE: Applying parameter heterogeneity to neuron parameters...
[2026-07-20 15:09:44][INFO] SIM_BRIDGE: Applied heterogeneity to 4 parameters.
[2026-07-20 15:09:44][INFO] SIM_BRIDGE: Initializing OU process state (tau=15.0ms, sigma=0.0pA)...
[2026-07-20 15:09:44][INFO] SIM_BRIDGE: Generating 3D neuron positions for 256 neurons...
[2026-07-20 15:09:44][INFO] SIM_BRIDGE: Generating connections (3D)...
[2026-07-20 15:09:44][INFO] SIM_BRIDGE: Simulation data initialized for 256 neurons (3D). Synapses: 0. GPU memory: 2.7GB/25.3GB (10.7%)
[rf-phase-encode] 256 independent RF oscillators, period=200, VMAX(p99.8)=22.2672 (deployed frac-zero=0.500)
[2026-07-20 15:09:44][INFO] SIM_BRIDGE: CuPy using GPU: NVIDIA GeForce RTX 3090 (23.5 GB), mempool limit: 80%
[2026-07-20 15:09:44][INFO] SIM_BRIDGE: Initializing simulation data for model: IZHIKEVICH (3D)... (playback_init: False)
[2026-07-20 15:09:44][INFO] SIM_BRIDGE: Brain-region framework: 1 regions, 256 total neurons, 0 pathways.
[2026-07-20 15:09:44][INFO] SIM_BRIDGE: RNG initialized with seed: 44
[2026-07-20 15:09:44][INFO] SIM_BRIDGE: Selective SSM slow-state enabled (256 neurons, k_leak=0.24016159772872925)
[2026-07-20 15:09:44][INFO] SIM_BRIDGE: Initializing Izhikevich model specifics for 256 neurons...
[2026-07-20 15:09:44][INFO] SIM_BRIDGE: Generating 3D neuron positions for 256 neurons...
[2026-07-20 15:09:44][INFO] SIM_BRIDGE: Generating connections (brain-region framework)...
[2026-07-20 15:09:44][INFO] SIM_BRIDGE: inject_explicit_wiring: installed 3299 synapses across 1 populations.
[2026-07-20 15:09:44][INFO] SIM_BRIDGE: Initializing eligibility traces for 3299 synapses (capacity: 4948, dtype: float32)...
[2026-07-20 15:09:44][INFO] SIM_BRIDGE: Initializing structural plasticity state...
[2026-07-20 15:09:44][INFO] SIM_BRIDGE: Simulation data initialized for 256 neurons (3D). Synapses: 3299. GPU memory: 2.7GB/25.3GB (10.7%)
[ssm-state] GRADED cp_ssm_state integrator: SSM decay=0.7598 -> k_leak=0.2402 (lam_eff=0.7598), inject=v/(1-decay), pop_k=1
[GEN on-bridge RF-phase] prompt='there was a girl who' -> <unk> <unk> <unk> <unk> <unk> <unk> <unk> a <unk> <unk> a <unk> <unk> i <unk> <unk> <unk> <unk> <unk> <unk> the door and <unk> and <unk> the river is so <unk> it everywhere for everyone to eat their dinner with the <unk> and their friends was <unk> and <unk> them to play on the swings and <unk> together for the
[verify] on-bridge firing-rate state vs rate-SSM analog state: corr=0.998 (>0.3 => substrate realizes the leaky state) | firing: mean=1.098 max=8.177 frac-active-channels=1.00 (low mean/frac => sparse; discriminative read-out needs varied firing)
[refit] fitted ridge read-out on 13 on-bridge states (T=0.5); fit-elapsed 3s
[seed 44] ON-BRIDGE per-depth NLL (elapsed 10s, decay=0.760):
    depth     1 (n=    5): onbridge 4.431 | bigram 4.965 | trigram 5.800 || vs-trigram +1.370
    depth     2 (n=    5): onbridge 2.273 | bigram 3.944 | trigram 2.805 || vs-trigram +0.532
    depth     3 (n=    5): onbridge 1.826 | bigram 2.709 | trigram 2.193 || vs-trigram +0.367
    depth   4-5 (n=   10): onbridge 2.505 | bigram 4.119 | trigram 2.915 || vs-trigram +0.409
    depth   6-9 (n=   20): onbridge 3.353 | bigram 4.607 | trigram 4.127 || vs-trigram +0.774
    depth 10-99 (n=   18): onbridge 3.781 | bigram 5.351 | trigram 5.185 || vs-trigram +1.404
    VERDICT: GO (deep vs-trigram 1.404, map-corr 0.998)
-> research/findings/raw/_gap1_genfirm_p2.json
