[2026-07-20 15:07:22][INFO] SIM_BRIDGE: CuPy using GPU: NVIDIA GeForce RTX 3090 (23.5 GB), mempool limit: 80%
[2026-07-20 15:07:22][INFO] SIM_BRIDGE: Initializing simulation data for model: IZHIKEVICH (3D)... (playback_init: False)
[2026-07-20 15:07:22][INFO] SIM_BRIDGE: Brain-region framework: 1 regions, 256 total neurons, 0 pathways.
[2026-07-20 15:07:22][INFO] SIM_BRIDGE: RNG initialized with seed: 42
[2026-07-20 15:07:22][INFO] SIM_BRIDGE: Selective SSM slow-state enabled (256 neurons, k_leak=0.24016159772872925)
[2026-07-20 15:07:22][INFO] SIM_BRIDGE: Initializing Izhikevich model specifics for 256 neurons...
[2026-07-20 15:07:22][INFO] SIM_BRIDGE: Generating 3D neuron positions for 256 neurons...
[2026-07-20 15:07:22][INFO] SIM_BRIDGE: Generating connections (brain-region framework)...
[2026-07-20 15:07:22][INFO] SIM_BRIDGE: inject_explicit_wiring: installed 3245 synapses across 1 populations.
[2026-07-20 15:07:22][INFO] SIM_BRIDGE: Initializing eligibility traces for 3245 synapses (capacity: 4867, dtype: float32)...
[2026-07-20 15:07:22][INFO] SIM_BRIDGE: Initializing structural plasticity state...
[2026-07-20 15:07:22][INFO] SIM_BRIDGE: Simulation data initialized for 256 neurons (3D). Synapses: 3245. GPU memory: 2.5GB/25.3GB (9.9%)
[ssm-state] GRADED cp_ssm_state integrator: SSM decay=0.7598 -> k_leak=0.2402 (lam_eff=0.7598), inject=v/(1-decay), pop_k=1
[GEN on-bridge host-inject] prompt='once upon a time' -> <unk> <unk> <unk> <unk> <unk> <unk> <unk> <unk> <unk> <unk> a <unk> <unk> i <unk> <unk> it in your <unk> and <unk> <unk> <unk> the kite with its paw and it was time to leave the <unk> in his pocket and saw a big tree with lots of trees and flowers and a bright <unk> together in the sky and <unk>
[verify] on-bridge firing-rate state vs rate-SSM analog state: corr=1.000 (>0.3 => substrate realizes the leaky state) | firing: mean=1.038 max=8.908 frac-active-channels=0.99 (low mean/frac => sparse; discriminative read-out needs varied firing)
[refit] fitted ridge read-out on 18 on-bridge states (T=0.5); fit-elapsed 0s
[seed 42] ON-BRIDGE per-depth NLL (elapsed 0s, decay=0.760):
    depth     1 (n=    5): onbridge 3.762 | bigram 4.125 | trigram 5.232 || vs-trigram +1.470
    depth     2 (n=    5): onbridge 2.530 | bigram 3.938 | trigram 3.076 || vs-trigram +0.546
    depth     3 (n=    5): onbridge 3.115 | bigram 5.698 | trigram 4.303 || vs-trigram +1.188
    depth   4-5 (n=    9): onbridge 3.120 | bigram 4.246 | trigram 3.641 || vs-trigram +0.521
    depth   6-9 (n=    8): onbridge 3.475 | bigram 5.645 | trigram 5.005 || vs-trigram +1.530
    depth 10-99 (n=    1): onbridge 0.090 | bigram 5.093 | trigram 1.988 || vs-trigram +1.897
    VERDICT: GO (deep vs-trigram 1.897, map-corr 1.000)
-> research/findings/raw/_gap1_gen_hostinject_temp.json
