[2026-07-20 13:17:07][INFO] SIM_BRIDGE: CuPy using GPU: NVIDIA GeForce RTX 3090 (23.5 GB), mempool limit: 80%
[2026-07-20 13:17:07][INFO] SIM_BRIDGE: Initializing simulation data for model: IZHIKEVICH (3D)... (playback_init: False)
[2026-07-20 13:17:07][INFO] SIM_BRIDGE: Brain-region framework: 1 regions, 256 total neurons, 0 pathways.
[2026-07-20 13:17:07][INFO] SIM_BRIDGE: RNG initialized with seed: 42
[2026-07-20 13:17:07][INFO] SIM_BRIDGE: Selective SSM slow-state enabled (256 neurons, k_leak=0.24274492263793945)
[2026-07-20 13:17:07][INFO] SIM_BRIDGE: Initializing Izhikevich model specifics for 256 neurons...
[2026-07-20 13:17:07][INFO] SIM_BRIDGE: Generating 3D neuron positions for 256 neurons...
[2026-07-20 13:17:07][INFO] SIM_BRIDGE: Generating connections (brain-region framework)...
[2026-07-20 13:17:07][INFO] SIM_BRIDGE: inject_explicit_wiring: installed 3245 synapses across 1 populations.
[2026-07-20 13:17:07][INFO] SIM_BRIDGE: Initializing eligibility traces for 3245 synapses (capacity: 4867, dtype: float32)...
[2026-07-20 13:17:07][INFO] SIM_BRIDGE: Initializing structural plasticity state...
[2026-07-20 13:17:07][INFO] SIM_BRIDGE: Simulation data initialized for 256 neurons (3D). Synapses: 3245. GPU memory: 3.6GB/25.3GB (14.4%)
[ssm-state] GRADED cp_ssm_state integrator: SSM decay=0.7573 -> k_leak=0.2427 (lam_eff=0.7573), inject=v/(1-decay), pop_k=1
[verify] on-bridge firing-rate state vs rate-SSM analog state: corr=1.000 (>0.3 => substrate realizes the leaky state) | firing: mean=1.140 max=7.307 frac-active-channels=1.00 (low mean/frac => sparse; discriminative read-out needs varied firing)
[refit] fitted ridge read-out on 18 on-bridge states (T=0.5); fit-elapsed 2s
[seed 42] ON-BRIDGE per-depth NLL (elapsed 9s, decay=0.757):
    depth     1 (n=  200): onbridge 3.433 | bigram 4.021 | trigram 5.039 || vs-trigram +1.606
    depth     2 (n=  200): onbridge 2.505 | bigram 3.714 | trigram 2.777 || vs-trigram +0.272
    depth     3 (n=  194): onbridge 2.891 | bigram 4.034 | trigram 3.092 || vs-trigram +0.201
    depth   4-5 (n=  340): onbridge 2.954 | bigram 4.410 | trigram 3.381 || vs-trigram +0.427
    depth   6-9 (n=  412): onbridge 3.092 | bigram 4.279 | trigram 3.475 || vs-trigram +0.383
    depth 10-99 (n=  126): onbridge 3.459 | bigram 4.363 | trigram 3.868 || vs-trigram +0.409
    VERDICT: GO (deep vs-trigram 0.409, map-corr 1.000)
-> research/findings/raw/_gap1_ms_M1_seed42.json
