[2026-07-20 13:17:07][INFO] SIM_BRIDGE: CuPy using GPU: NVIDIA GeForce RTX 3090 (23.5 GB), mempool limit: 80%
[2026-07-20 13:17:07][INFO] SIM_BRIDGE: Initializing simulation data for model: IZHIKEVICH (3D)... (playback_init: False)
[2026-07-20 13:17:07][INFO] SIM_BRIDGE: Brain-region framework: 1 regions, 256 total neurons, 0 pathways.
[2026-07-20 13:17:07][INFO] SIM_BRIDGE: RNG initialized with seed: 44
[2026-07-20 13:17:07][INFO] SIM_BRIDGE: Selective SSM slow-state enabled (256 neurons, k_leak=0.23933923244476318)
[2026-07-20 13:17:07][INFO] SIM_BRIDGE: Initializing Izhikevich model specifics for 256 neurons...
[2026-07-20 13:17:07][INFO] SIM_BRIDGE: Generating 3D neuron positions for 256 neurons...
[2026-07-20 13:17:07][INFO] SIM_BRIDGE: Generating connections (brain-region framework)...
[2026-07-20 13:17:07][INFO] SIM_BRIDGE: inject_explicit_wiring: installed 3299 synapses across 1 populations.
[2026-07-20 13:17:07][INFO] SIM_BRIDGE: Initializing eligibility traces for 3299 synapses (capacity: 4948, dtype: float32)...
[2026-07-20 13:17:07][INFO] SIM_BRIDGE: Initializing structural plasticity state...
[2026-07-20 13:17:07][INFO] SIM_BRIDGE: Simulation data initialized for 256 neurons (3D). Synapses: 3299. GPU memory: 3.6GB/25.3GB (14.4%)
[ssm-state] GRADED cp_ssm_state integrator: SSM decay=0.7607 -> k_leak=0.2393 (lam_eff=0.7607), inject=v/(1-decay), pop_k=1
[verify] on-bridge firing-rate state vs rate-SSM analog state: corr=1.000 (>0.3 => substrate realizes the leaky state) | firing: mean=1.300 max=12.841 frac-active-channels=1.00 (low mean/frac => sparse; discriminative read-out needs varied firing)
[refit] fitted ridge read-out on 13 on-bridge states (T=0.5); fit-elapsed 3s
[seed 44] ON-BRIDGE per-depth NLL (elapsed 9s, decay=0.761):
    depth     1 (n=  200): onbridge 3.451 | bigram 4.057 | trigram 5.078 || vs-trigram +1.628
    depth     2 (n=  200): onbridge 2.777 | bigram 3.912 | trigram 2.930 || vs-trigram +0.153
    depth     3 (n=  192): onbridge 3.080 | bigram 4.096 | trigram 3.332 || vs-trigram +0.253
    depth   4-5 (n=  338): onbridge 3.001 | bigram 4.280 | trigram 3.462 || vs-trigram +0.462
    depth   6-9 (n=  459): onbridge 3.282 | bigram 4.316 | trigram 3.711 || vs-trigram +0.429
    depth 10-99 (n=  187): onbridge 3.602 | bigram 4.701 | trigram 4.181 || vs-trigram +0.579
    VERDICT: GO (deep vs-trigram 0.579, map-corr 1.000)
-> research/findings/raw/_gap1_ms_M1_seed44.json
