[genfrontier graded-propagation] candidate=nmda -- does a downstream READ-OUT convert the held-out concept's sub-threshold category response into category-correct SPIKES? (structured vs flat-distinct vs derangement; moat). seeds=[42, 43, 44]
[2026-06-16 13:06:57][INFO] SIM_BRIDGE: CuPy using GPU: NVIDIA GeForce RTX 3090 (24.0 GB), mempool limit: 80%
[2026-06-16 13:06:57][INFO] SIM_BRIDGE: Initializing simulation data for model: IZHIKEVICH (3D)... (playback_init: False)
[2026-06-16 13:06:57][INFO] SIM_BRIDGE: Brain-region framework: 3 regions, 4800 total neurons, 2 pathways.
[2026-06-16 13:06:57][INFO] SIM_BRIDGE: RNG initialized with seed: 42
[2026-06-16 13:06:57][INFO] SIM_BRIDGE: NMDA per-region mask: 2 regions enabled (3200 neurons)
[2026-06-16 13:06:57][INFO] SIM_BRIDGE: Initializing Izhikevich model specifics for 4800 neurons...
[2026-06-16 13:06:57][INFO] SIM_BRIDGE: Applying parameter heterogeneity to neuron parameters...
[2026-06-16 13:06:57][INFO] SIM_BRIDGE: Applied heterogeneity to 4 parameters.
[2026-06-16 13:06:57][INFO] SIM_BRIDGE: Generating 3D neuron positions for 4800 neurons...
[2026-06-16 13:06:57][INFO] SIM_BRIDGE: Generating connections (brain-region framework)...
[2026-06-16 13:07:01][WARNING] SIM_BRIDGE: No trait info available; all synapses default to E->E STP type.
[2026-06-16 13:07:01][INFO] SIM_BRIDGE: inject_explicit_wiring: installed 5120000 synapses across 2 populations.
[2026-06-16 13:07:01][INFO] SIM_BRIDGE: Initializing STP state for 5120000 synapses (capacity: 7680000)...
[2026-06-16 13:07:01][INFO] SIM_BRIDGE: Initializing eligibility traces for 5120000 synapses (capacity: 7680000, dtype: float32)...
[2026-06-16 13:07:01][WARNING] SIM_BRIDGE: No trait info available; all synapses default to E->E STP type.
[2026-06-16 13:07:01][INFO] SIM_BRIDGE: Initializing structural plasticity state...
[2026-06-16 13:07:01][INFO] SIM_BRIDGE: Simulation data initialized for 4800 neurons (3D). Synapses: 5120000. GPU memory: 1.7GB/25.8GB (6.7%)
[2026-06-16 13:07:03][WARNING] SIM_BRIDGE: No trait info available; all synapses default to E->E STP type.
[2026-06-16 13:07:03][INFO] SIM_BRIDGE: inject_explicit_wiring: installed 2720000 synapses across 2 populations.
  [seed 42] structured train firing diag (first scene): perc 131 conc 352
  [seed 42] STRUCTURED held-out: concept spikes/cue 132, READOUT spikes/cue 284  (>0 => the response PROPAGATES as spikes)
[2026-06-16 13:07:18][INFO] SIM_BRIDGE: CuPy using GPU: NVIDIA GeForce RTX 3090 (24.0 GB), mempool limit: 80%
[2026-06-16 13:07:18][INFO] SIM_BRIDGE: Initializing simulation data for model: IZHIKEVICH (3D)... (playback_init: False)
[2026-06-16 13:07:18][INFO] SIM_BRIDGE: Brain-region framework: 3 regions, 4800 total neurons, 2 pathways.
[2026-06-16 13:07:18][INFO] SIM_BRIDGE: RNG initialized with seed: 42
[2026-06-16 13:07:18][INFO] SIM_BRIDGE: NMDA per-region mask: 2 regions enabled (3200 neurons)
[2026-06-16 13:07:18][INFO] SIM_BRIDGE: Initializing Izhikevich model specifics for 4800 neurons...
[2026-06-16 13:07:18][INFO] SIM_BRIDGE: Applying parameter heterogeneity to neuron parameters...
[2026-06-16 13:07:18][INFO] SIM_BRIDGE: Applied heterogeneity to 4 parameters.
[2026-06-16 13:07:18][INFO] SIM_BRIDGE: Generating 3D neuron positions for 4800 neurons...
[2026-06-16 13:07:18][INFO] SIM_BRIDGE: Generating connections (brain-region framework)...
[2026-06-16 13:07:22][WARNING] SIM_BRIDGE: No trait info available; all synapses default to E->E STP type.
[2026-06-16 13:07:22][INFO] SIM_BRIDGE: inject_explicit_wiring: installed 5120000 synapses across 2 populations.
[2026-06-16 13:07:22][INFO] SIM_BRIDGE: Initializing STP state for 5120000 synapses (capacity: 7680000)...
[2026-06-16 13:07:22][INFO] SIM_BRIDGE: Initializing eligibility traces for 5120000 synapses (capacity: 7680000, dtype: float32)...
[2026-06-16 13:07:22][WARNING] SIM_BRIDGE: No trait info available; all synapses default to E->E STP type.
[2026-06-16 13:07:22][INFO] SIM_BRIDGE: Initializing structural plasticity state...
[2026-06-16 13:07:22][INFO] SIM_BRIDGE: Simulation data initialized for 4800 neurons (3D). Synapses: 5120000. GPU memory: 1.8GB/25.8GB (7.1%)
[2026-06-16 13:07:23][WARNING] SIM_BRIDGE: No trait info available; all synapses default to E->E STP type.
[2026-06-16 13:07:23][INFO] SIM_BRIDGE: inject_explicit_wiring: installed 2720000 synapses across 2 populations.
[2026-06-16 13:07:38][INFO] SIM_BRIDGE: CuPy using GPU: NVIDIA GeForce RTX 3090 (24.0 GB), mempool limit: 80%
[2026-06-16 13:07:38][INFO] SIM_BRIDGE: Initializing simulation data for model: IZHIKEVICH (3D)... (playback_init: False)
[2026-06-16 13:07:38][INFO] SIM_BRIDGE: Brain-region framework: 3 regions, 4800 total neurons, 2 pathways.
[2026-06-16 13:07:38][INFO] SIM_BRIDGE: RNG initialized with seed: 42
[2026-06-16 13:07:38][INFO] SIM_BRIDGE: NMDA per-region mask: 2 regions enabled (3200 neurons)
[2026-06-16 13:07:38][INFO] SIM_BRIDGE: Initializing Izhikevich model specifics for 4800 neurons...
[2026-06-16 13:07:38][INFO] SIM_BRIDGE: Applying parameter heterogeneity to neuron parameters...
[2026-06-16 13:07:38][INFO] SIM_BRIDGE: Applied heterogeneity to 4 parameters.
[2026-06-16 13:07:38][INFO] SIM_BRIDGE: Generating 3D neuron positions for 4800 neurons...
[2026-06-16 13:07:38][INFO] SIM_BRIDGE: Generating connections (brain-region framework)...
[2026-06-16 13:07:42][WARNING] SIM_BRIDGE: No trait info available; all synapses default to E->E STP type.
[2026-06-16 13:07:42][INFO] SIM_BRIDGE: inject_explicit_wiring: installed 5120000 synapses across 2 populations.
[2026-06-16 13:07:42][INFO] SIM_BRIDGE: Initializing STP state for 5120000 synapses (capacity: 7680000)...
[2026-06-16 13:07:42][INFO] SIM_BRIDGE: Initializing eligibility traces for 5120000 synapses (capacity: 7680000, dtype: float32)...
[2026-06-16 13:07:42][WARNING] SIM_BRIDGE: No trait info available; all synapses default to E->E STP type.
[2026-06-16 13:07:42][INFO] SIM_BRIDGE: Initializing structural plasticity state...
[2026-06-16 13:07:42][INFO] SIM_BRIDGE: Simulation data initialized for 4800 neurons (3D). Synapses: 5120000. GPU memory: 1.8GB/25.8GB (7.1%)
[2026-06-16 13:07:43][WARNING] SIM_BRIDGE: No trait info available; all synapses default to E->E STP type.
[2026-06-16 13:07:43][INFO] SIM_BRIDGE: inject_explicit_wiring: installed 2720000 synapses across 2 populations.
  [seed 42] [nmda] STRUCTURED concept-spike cat-acc 1.00 (chance 0.25) margin +0.118 | readout-spike cat-acc 0.00 | FLAT concept 0.25 | PERMUTED concept 0.00 margin -0.026 | moat OK (ho 0.26 vs novel 0.08)
[2026-06-16 13:07:57][INFO] SIM_BRIDGE: CuPy using GPU: NVIDIA GeForce RTX 3090 (24.0 GB), mempool limit: 80%
[2026-06-16 13:07:57][INFO] SIM_BRIDGE: Initializing simulation data for model: IZHIKEVICH (3D)... (playback_init: False)
[2026-06-16 13:07:57][INFO] SIM_BRIDGE: Brain-region framework: 3 regions, 4800 total neurons, 2 pathways.
[2026-06-16 13:07:57][INFO] SIM_BRIDGE: RNG initialized with seed: 43
[2026-06-16 13:07:57][INFO] SIM_BRIDGE: NMDA per-region mask: 2 regions enabled (3200 neurons)
[2026-06-16 13:07:57][INFO] SIM_BRIDGE: Initializing Izhikevich model specifics for 4800 neurons...
[2026-06-16 13:07:57][INFO] SIM_BRIDGE: Applying parameter heterogeneity to neuron parameters...
[2026-06-16 13:07:57][INFO] SIM_BRIDGE: Applied heterogeneity to 4 parameters.
[2026-06-16 13:07:57][INFO] SIM_BRIDGE: Generating 3D neuron positions for 4800 neurons...
[2026-06-16 13:07:57][INFO] SIM_BRIDGE: Generating connections (brain-region framework)...
[2026-06-16 13:08:01][WARNING] SIM_BRIDGE: No trait info available; all synapses default to E->E STP type.
[2026-06-16 13:08:01][INFO] SIM_BRIDGE: inject_explicit_wiring: installed 5120000 synapses across 2 populations.
[2026-06-16 13:08:01][INFO] SIM_BRIDGE: Initializing STP state for 5120000 synapses (capacity: 7680000)...
[2026-06-16 13:08:01][INFO] SIM_BRIDGE: Initializing eligibility traces for 5120000 synapses (capacity: 7680000, dtype: float32)...
[2026-06-16 13:08:01][WARNING] SIM_BRIDGE: No trait info available; all synapses default to E->E STP type.
[2026-06-16 13:08:01][INFO] SIM_BRIDGE: Initializing structural plasticity state...
[2026-06-16 13:08:01][INFO] SIM_BRIDGE: Simulation data initialized for 4800 neurons (3D). Synapses: 5120000. GPU memory: 1.8GB/25.8GB (7.1%)
[2026-06-16 13:08:02][WARNING] SIM_BRIDGE: No trait info available; all synapses default to E->E STP type.
[2026-06-16 13:08:02][INFO] SIM_BRIDGE: inject_explicit_wiring: installed 2720000 synapses across 2 populations.
  [seed 43] structured train firing diag (first scene): perc 114 conc 366
  [seed 43] STRUCTURED held-out: concept spikes/cue 168, READOUT spikes/cue 265  (>0 => the response PROPAGATES as spikes)
[2026-06-16 13:08:18][INFO] SIM_BRIDGE: CuPy using GPU: NVIDIA GeForce RTX 3090 (24.0 GB), mempool limit: 80%
[2026-06-16 13:08:18][INFO] SIM_BRIDGE: Initializing simulation data for model: IZHIKEVICH (3D)... (playback_init: False)
[2026-06-16 13:08:18][INFO] SIM_BRIDGE: Brain-region framework: 3 regions, 4800 total neurons, 2 pathways.
[2026-06-16 13:08:18][INFO] SIM_BRIDGE: RNG initialized with seed: 43
[2026-06-16 13:08:18][INFO] SIM_BRIDGE: NMDA per-region mask: 2 regions enabled (3200 neurons)
[2026-06-16 13:08:18][INFO] SIM_BRIDGE: Initializing Izhikevich model specifics for 4800 neurons...
[2026-06-16 13:08:18][INFO] SIM_BRIDGE: Applying parameter heterogeneity to neuron parameters...
[2026-06-16 13:08:18][INFO] SIM_BRIDGE: Applied heterogeneity to 4 parameters.
[2026-06-16 13:08:18][INFO] SIM_BRIDGE: Generating 3D neuron positions for 4800 neurons...
[2026-06-16 13:08:18][INFO] SIM_BRIDGE: Generating connections (brain-region framework)...
[2026-06-16 13:08:21][WARNING] SIM_BRIDGE: No trait info available; all synapses default to E->E STP type.
[2026-06-16 13:08:21][INFO] SIM_BRIDGE: inject_explicit_wiring: installed 5120000 synapses across 2 populations.
[2026-06-16 13:08:22][INFO] SIM_BRIDGE: Initializing STP state for 5120000 synapses (capacity: 7680000)...
[2026-06-16 13:08:22][INFO] SIM_BRIDGE: Initializing eligibility traces for 5120000 synapses (capacity: 7680000, dtype: float32)...
[2026-06-16 13:08:22][WARNING] SIM_BRIDGE: No trait info available; all synapses default to E->E STP type.
[2026-06-16 13:08:22][INFO] SIM_BRIDGE: Initializing structural plasticity state...
[2026-06-16 13:08:22][INFO] SIM_BRIDGE: Simulation data initialized for 4800 neurons (3D). Synapses: 5120000. GPU memory: 1.8GB/25.8GB (7.1%)
[2026-06-16 13:08:23][WARNING] SIM_BRIDGE: No trait info available; all synapses default to E->E STP type.
[2026-06-16 13:08:23][INFO] SIM_BRIDGE: inject_explicit_wiring: installed 2720000 synapses across 2 populations.
[2026-06-16 13:08:37][INFO] SIM_BRIDGE: CuPy using GPU: NVIDIA GeForce RTX 3090 (24.0 GB), mempool limit: 80%
[2026-06-16 13:08:37][INFO] SIM_BRIDGE: Initializing simulation data for model: IZHIKEVICH (3D)... (playback_init: False)
[2026-06-16 13:08:37][INFO] SIM_BRIDGE: Brain-region framework: 3 regions, 4800 total neurons, 2 pathways.
[2026-06-16 13:08:37][INFO] SIM_BRIDGE: RNG initialized with seed: 43
[2026-06-16 13:08:37][INFO] SIM_BRIDGE: NMDA per-region mask: 2 regions enabled (3200 neurons)
[2026-06-16 13:08:37][INFO] SIM_BRIDGE: Initializing Izhikevich model specifics for 4800 neurons...
[2026-06-16 13:08:37][INFO] SIM_BRIDGE: Applying parameter heterogeneity to neuron parameters...
[2026-06-16 13:08:37][INFO] SIM_BRIDGE: Applied heterogeneity to 4 parameters.
[2026-06-16 13:08:37][INFO] SIM_BRIDGE: Generating 3D neuron positions for 4800 neurons...
[2026-06-16 13:08:37][INFO] SIM_BRIDGE: Generating connections (brain-region framework)...
[2026-06-16 13:08:41][WARNING] SIM_BRIDGE: No trait info available; all synapses default to E->E STP type.
[2026-06-16 13:08:41][INFO] SIM_BRIDGE: inject_explicit_wiring: installed 5120000 synapses across 2 populations.
[2026-06-16 13:08:41][INFO] SIM_BRIDGE: Initializing STP state for 5120000 synapses (capacity: 7680000)...
[2026-06-16 13:08:41][INFO] SIM_BRIDGE: Initializing eligibility traces for 5120000 synapses (capacity: 7680000, dtype: float32)...
[2026-06-16 13:08:41][WARNING] SIM_BRIDGE: No trait info available; all synapses default to E->E STP type.
[2026-06-16 13:08:41][INFO] SIM_BRIDGE: Initializing structural plasticity state...
[2026-06-16 13:08:41][INFO] SIM_BRIDGE: Simulation data initialized for 4800 neurons (3D). Synapses: 5120000. GPU memory: 1.8GB/25.8GB (7.1%)
[2026-06-16 13:08:42][WARNING] SIM_BRIDGE: No trait info available; all synapses default to E->E STP type.
[2026-06-16 13:08:42][INFO] SIM_BRIDGE: inject_explicit_wiring: installed 2720000 synapses across 2 populations.
  [seed 43] [nmda] STRUCTURED concept-spike cat-acc 1.00 (chance 0.25) margin +0.173 | readout-spike cat-acc 0.50 | FLAT concept 0.50 | PERMUTED concept 0.25 margin -0.009 | moat OK (ho 0.33 vs novel 0.08)
[2026-06-16 13:08:56][INFO] SIM_BRIDGE: CuPy using GPU: NVIDIA GeForce RTX 3090 (24.0 GB), mempool limit: 80%
[2026-06-16 13:08:56][INFO] SIM_BRIDGE: Initializing simulation data for model: IZHIKEVICH (3D)... (playback_init: False)
[2026-06-16 13:08:56][INFO] SIM_BRIDGE: Brain-region framework: 3 regions, 4800 total neurons, 2 pathways.
[2026-06-16 13:08:56][INFO] SIM_BRIDGE: RNG initialized with seed: 44
[2026-06-16 13:08:56][INFO] SIM_BRIDGE: NMDA per-region mask: 2 regions enabled (3200 neurons)
[2026-06-16 13:08:56][INFO] SIM_BRIDGE: Initializing Izhikevich model specifics for 4800 neurons...
[2026-06-16 13:08:56][INFO] SIM_BRIDGE: Applying parameter heterogeneity to neuron parameters...
[2026-06-16 13:08:56][INFO] SIM_BRIDGE: Applied heterogeneity to 4 parameters.
[2026-06-16 13:08:56][INFO] SIM_BRIDGE: Generating 3D neuron positions for 4800 neurons...
[2026-06-16 13:08:56][INFO] SIM_BRIDGE: Generating connections (brain-region framework)...
[2026-06-16 13:08:59][WARNING] SIM_BRIDGE: No trait info available; all synapses default to E->E STP type.
[2026-06-16 13:08:59][INFO] SIM_BRIDGE: inject_explicit_wiring: installed 5120000 synapses across 2 populations.
[2026-06-16 13:08:59][INFO] SIM_BRIDGE: Initializing STP state for 5120000 synapses (capacity: 7680000)...
[2026-06-16 13:08:59][INFO] SIM_BRIDGE: Initializing eligibility traces for 5120000 synapses (capacity: 7680000, dtype: float32)...
[2026-06-16 13:08:59][WARNING] SIM_BRIDGE: No trait info available; all synapses default to E->E STP type.
[2026-06-16 13:08:59][INFO] SIM_BRIDGE: Initializing structural plasticity state...
[2026-06-16 13:08:59][INFO] SIM_BRIDGE: Simulation data initialized for 4800 neurons (3D). Synapses: 5120000. GPU memory: 1.8GB/25.8GB (7.1%)
[2026-06-16 13:09:01][WARNING] SIM_BRIDGE: No trait info available; all synapses default to E->E STP type.
[2026-06-16 13:09:01][INFO] SIM_BRIDGE: inject_explicit_wiring: installed 2720000 synapses across 2 populations.
  [seed 44] structured train firing diag (first scene): perc 115 conc 369
  [seed 44] STRUCTURED held-out: concept spikes/cue 138, READOUT spikes/cue 247  (>0 => the response PROPAGATES as spikes)
[2026-06-16 13:09:15][INFO] SIM_BRIDGE: CuPy using GPU: NVIDIA GeForce RTX 3090 (24.0 GB), mempool limit: 80%
[2026-06-16 13:09:15][INFO] SIM_BRIDGE: Initializing simulation data for model: IZHIKEVICH (3D)... (playback_init: False)
[2026-06-16 13:09:15][INFO] SIM_BRIDGE: Brain-region framework: 3 regions, 4800 total neurons, 2 pathways.
[2026-06-16 13:09:15][INFO] SIM_BRIDGE: RNG initialized with seed: 44
[2026-06-16 13:09:15][INFO] SIM_BRIDGE: NMDA per-region mask: 2 regions enabled (3200 neurons)
[2026-06-16 13:09:15][INFO] SIM_BRIDGE: Initializing Izhikevich model specifics for 4800 neurons...
[2026-06-16 13:09:15][INFO] SIM_BRIDGE: Applying parameter heterogeneity to neuron parameters...
[2026-06-16 13:09:15][INFO] SIM_BRIDGE: Applied heterogeneity to 4 parameters.
[2026-06-16 13:09:15][INFO] SIM_BRIDGE: Generating 3D neuron positions for 4800 neurons...
[2026-06-16 13:09:15][INFO] SIM_BRIDGE: Generating connections (brain-region framework)...
[2026-06-16 13:09:18][WARNING] SIM_BRIDGE: No trait info available; all synapses default to E->E STP type.
[2026-06-16 13:09:18][INFO] SIM_BRIDGE: inject_explicit_wiring: installed 5120000 synapses across 2 populations.
[2026-06-16 13:09:18][INFO] SIM_BRIDGE: Initializing STP state for 5120000 synapses (capacity: 7680000)...
[2026-06-16 13:09:18][INFO] SIM_BRIDGE: Initializing eligibility traces for 5120000 synapses (capacity: 7680000, dtype: float32)...
[2026-06-16 13:09:18][WARNING] SIM_BRIDGE: No trait info available; all synapses default to E->E STP type.
[2026-06-16 13:09:18][INFO] SIM_BRIDGE: Initializing structural plasticity state...
[2026-06-16 13:09:18][INFO] SIM_BRIDGE: Simulation data initialized for 4800 neurons (3D). Synapses: 5120000. GPU memory: 1.8GB/25.8GB (7.1%)
[2026-06-16 13:09:20][WARNING] SIM_BRIDGE: No trait info available; all synapses default to E->E STP type.
[2026-06-16 13:09:20][INFO] SIM_BRIDGE: inject_explicit_wiring: installed 2720000 synapses across 2 populations.
[2026-06-16 13:09:32][INFO] SIM_BRIDGE: CuPy using GPU: NVIDIA GeForce RTX 3090 (24.0 GB), mempool limit: 80%
[2026-06-16 13:09:32][INFO] SIM_BRIDGE: Initializing simulation data for model: IZHIKEVICH (3D)... (playback_init: False)
[2026-06-16 13:09:32][INFO] SIM_BRIDGE: Brain-region framework: 3 regions, 4800 total neurons, 2 pathways.
[2026-06-16 13:09:32][INFO] SIM_BRIDGE: RNG initialized with seed: 44
[2026-06-16 13:09:32][INFO] SIM_BRIDGE: NMDA per-region mask: 2 regions enabled (3200 neurons)
[2026-06-16 13:09:32][INFO] SIM_BRIDGE: Initializing Izhikevich model specifics for 4800 neurons...
[2026-06-16 13:09:32][INFO] SIM_BRIDGE: Applying parameter heterogeneity to neuron parameters...
[2026-06-16 13:09:32][INFO] SIM_BRIDGE: Applied heterogeneity to 4 parameters.
[2026-06-16 13:09:32][INFO] SIM_BRIDGE: Generating 3D neuron positions for 4800 neurons...
[2026-06-16 13:09:32][INFO] SIM_BRIDGE: Generating connections (brain-region framework)...
[2026-06-16 13:09:36][WARNING] SIM_BRIDGE: No trait info available; all synapses default to E->E STP type.
[2026-06-16 13:09:36][INFO] SIM_BRIDGE: inject_explicit_wiring: installed 5120000 synapses across 2 populations.
[2026-06-16 13:09:36][INFO] SIM_BRIDGE: Initializing STP state for 5120000 synapses (capacity: 7680000)...
[2026-06-16 13:09:36][INFO] SIM_BRIDGE: Initializing eligibility traces for 5120000 synapses (capacity: 7680000, dtype: float32)...
[2026-06-16 13:09:36][WARNING] SIM_BRIDGE: No trait info available; all synapses default to E->E STP type.
[2026-06-16 13:09:36][INFO] SIM_BRIDGE: Initializing structural plasticity state...
[2026-06-16 13:09:36][INFO] SIM_BRIDGE: Simulation data initialized for 4800 neurons (3D). Synapses: 5120000. GPU memory: 1.8GB/25.8GB (7.1%)
[2026-06-16 13:09:37][WARNING] SIM_BRIDGE: No trait info available; all synapses default to E->E STP type.
[2026-06-16 13:09:37][INFO] SIM_BRIDGE: inject_explicit_wiring: installed 2720000 synapses across 2 populations.
  [seed 44] [nmda] STRUCTURED concept-spike cat-acc 0.75 (chance 0.25) margin +0.147 | readout-spike cat-acc 0.25 | FLAT concept 0.00 | PERMUTED concept 0.00 margin -0.025 | moat OK (ho 0.26 vs novel 0.07)

================================================================================================================
  MEAN (3 seeds) [nmda]: concept spikes/cue 146 -> READOUT spikes/cue 266 (PROPAGATES) | STRUCTURED concept-spike cat-acc 0.92 (chance 0.25) margin +0.1462 [readout-spike cat-acc 0.25] | FLAT 0.25 | PERMUTED 0.08 margin -0.0201 | moat INTACT  ==> GO
================================================================================================================
  GO: the held-out cross-modal convergence PROPAGATES AS SPIKES -- the converged concept assembly SPIKES (146 spikes/cue, REAL cp_firing_states not membrane -- refuting the prior 'concept cannot spike from perception' residual) category-correctly (92% >> chance 25%, margin +0.1462); the downstream [nmda] read-out region ALSO spikes (266/cue, readout cat-acc 25%) -- the response propagates a synapse further; flat-distinct ~chance (25%) => structure load-bearing; the derangement collapses (-0.0201); the no-confab moat survives. The novel-perception response is now SYNAPTICALLY readable -- the live-task capstone's open piece is de-risked. NO sim/ edit.
  [saved] research/findings/raw/_genfrontier_graded_propagation.json
  Total elapsed: 172.5s
