=== hierarchical-320 spiking: capturing 320 real codes (5 bridges, backend=cupy) ===
[2026-06-02 06:17:37][INFO] SIM_BRIDGE: CuPy using GPU: NVIDIA GeForce RTX 3090 (24.0 GB), mempool limit: 80%
[2026-06-02 06:17:37][INFO] SIM_BRIDGE: Initializing simulation data for model: IZHIKEVICH (3D)... (playback_init: False)
[2026-06-02 06:17:37][INFO] SIM_BRIDGE: Brain-region framework: 4 regions, 18684 total neurons, 4 pathways.
[2026-06-02 06:17:37][INFO] SIM_BRIDGE: RNG initialized with seed: 42
[2026-06-02 06:17:37][INFO] SIM_BRIDGE: Initializing Izhikevich model specifics for 18684 neurons...
[2026-06-02 06:17:37][INFO] SIM_BRIDGE: Applying parameter heterogeneity to neuron parameters...
[2026-06-02 06:17:37][INFO] SIM_BRIDGE: Applied heterogeneity to 4 parameters.
[2026-06-02 06:17:37][INFO] SIM_BRIDGE: Initializing OU process state (tau=15.0ms, sigma=100.0pA)...
[2026-06-02 06:17:37][INFO] SIM_BRIDGE: Generating 3D neuron positions for 18684 neurons...
[2026-06-02 06:17:37][INFO] SIM_BRIDGE: Generating connections (brain-region framework)...
[2026-06-02 06:18:00][INFO] SIM_BRIDGE: inject_explicit_wiring: installed 10392398 synapses across 5 populations.
[2026-06-02 06:18:00][INFO] SIM_BRIDGE: Initializing eligibility traces for 10392398 synapses (capacity: 15588597, dtype: float32)...
[2026-06-02 06:18:00][INFO] SIM_BRIDGE: Initializing STDP state for 18684 neurons...
[2026-06-02 06:18:00][INFO] SIM_BRIDGE: Simulation data initialized for 18684 neurons (3D). Synapses: 10392398. GPU memory: 2.1GB/25.8GB (8.0%)
[2026-06-02 06:18:00][INFO] SIM_BRIDGE: Loading checkpoint from research/findings/raw/g11_bg/g20_sparse_bridges_320/bridgeA_nouns_sparse64.simstate.h5...
[2026-06-02 06:18:00][INFO] SIM_BRIDGE: Clearing simulation state and GPU memory...
[2026-06-02 06:18:00][INFO] SIM_BRIDGE: Cleared simulation state and GPU memory.
[2026-06-02 06:18:00][DEBUG] SIM_BRIDGE: Checkpoint: Dataset for 'cp_adex_w' not found or was empty. Using default.
[2026-06-02 06:18:01][DEBUG] SIM_BRIDGE: Checkpoint: Dataset for 'cp_stp_u' not found or was empty. Using default.
[2026-06-02 06:18:01][DEBUG] SIM_BRIDGE: Checkpoint: Dataset for 'cp_stp_x' not found or was empty. Using default.
[2026-06-02 06:18:01][SUCCESS] SIM_BRIDGE: Checkpoint loaded. Sim time: 0.0ms, Step: 0, Model: IZHIKEVICH
  captured + bound 64 from bridgeA_nouns (total 64)
[2026-06-02 06:20:03][INFO] SIM_BRIDGE: CuPy using GPU: NVIDIA GeForce RTX 3090 (24.0 GB), mempool limit: 80%
[2026-06-02 06:20:03][INFO] SIM_BRIDGE: Initializing simulation data for model: IZHIKEVICH (3D)... (playback_init: False)
[2026-06-02 06:20:03][INFO] SIM_BRIDGE: Brain-region framework: 4 regions, 18684 total neurons, 4 pathways.
[2026-06-02 06:20:03][INFO] SIM_BRIDGE: RNG initialized with seed: 42
[2026-06-02 06:20:03][INFO] SIM_BRIDGE: Initializing Izhikevich model specifics for 18684 neurons...
[2026-06-02 06:20:03][INFO] SIM_BRIDGE: Applying parameter heterogeneity to neuron parameters...
[2026-06-02 06:20:03][INFO] SIM_BRIDGE: Applied heterogeneity to 4 parameters.
[2026-06-02 06:20:03][INFO] SIM_BRIDGE: Initializing OU process state (tau=15.0ms, sigma=100.0pA)...
[2026-06-02 06:20:03][INFO] SIM_BRIDGE: Generating 3D neuron positions for 18684 neurons...
[2026-06-02 06:20:03][INFO] SIM_BRIDGE: Generating connections (brain-region framework)...
[2026-06-02 06:20:29][INFO] SIM_BRIDGE: inject_explicit_wiring: installed 10392398 synapses across 5 populations.
[2026-06-02 06:20:29][INFO] SIM_BRIDGE: Initializing eligibility traces for 10392398 synapses (capacity: 15588597, dtype: float32)...
[2026-06-02 06:20:29][INFO] SIM_BRIDGE: Initializing STDP state for 18684 neurons...
[2026-06-02 06:20:29][INFO] SIM_BRIDGE: Simulation data initialized for 18684 neurons (3D). Synapses: 10392398. GPU memory: 2.1GB/25.8GB (8.1%)
[2026-06-02 06:20:29][INFO] SIM_BRIDGE: Loading checkpoint from research/findings/raw/g11_bg/g20_sparse_bridges_320/bridgeB_verbs_sparse64.simstate.h5...
[2026-06-02 06:20:29][INFO] SIM_BRIDGE: Clearing simulation state and GPU memory...
[2026-06-02 06:20:29][INFO] SIM_BRIDGE: Cleared simulation state and GPU memory.
[2026-06-02 06:20:29][DEBUG] SIM_BRIDGE: Checkpoint: Dataset for 'cp_adex_w' not found or was empty. Using default.
[2026-06-02 06:20:30][DEBUG] SIM_BRIDGE: Checkpoint: Dataset for 'cp_stp_u' not found or was empty. Using default.
[2026-06-02 06:20:30][DEBUG] SIM_BRIDGE: Checkpoint: Dataset for 'cp_stp_x' not found or was empty. Using default.
[2026-06-02 06:20:30][SUCCESS] SIM_BRIDGE: Checkpoint loaded. Sim time: 0.0ms, Step: 0, Model: IZHIKEVICH
  captured + bound 64 from bridgeB_verbs (total 128)
[2026-06-02 06:22:36][INFO] SIM_BRIDGE: CuPy using GPU: NVIDIA GeForce RTX 3090 (24.0 GB), mempool limit: 80%
[2026-06-02 06:22:36][INFO] SIM_BRIDGE: Initializing simulation data for model: IZHIKEVICH (3D)... (playback_init: False)
[2026-06-02 06:22:36][INFO] SIM_BRIDGE: Brain-region framework: 4 regions, 18684 total neurons, 4 pathways.
[2026-06-02 06:22:36][INFO] SIM_BRIDGE: RNG initialized with seed: 42
[2026-06-02 06:22:36][INFO] SIM_BRIDGE: Initializing Izhikevich model specifics for 18684 neurons...
[2026-06-02 06:22:36][INFO] SIM_BRIDGE: Applying parameter heterogeneity to neuron parameters...
[2026-06-02 06:22:36][INFO] SIM_BRIDGE: Applied heterogeneity to 4 parameters.
[2026-06-02 06:22:36][INFO] SIM_BRIDGE: Initializing OU process state (tau=15.0ms, sigma=100.0pA)...
[2026-06-02 06:22:36][INFO] SIM_BRIDGE: Generating 3D neuron positions for 18684 neurons...
[2026-06-02 06:22:36][INFO] SIM_BRIDGE: Generating connections (brain-region framework)...
[2026-06-02 06:23:01][INFO] SIM_BRIDGE: inject_explicit_wiring: installed 10392398 synapses across 5 populations.
[2026-06-02 06:23:02][INFO] SIM_BRIDGE: Initializing eligibility traces for 10392398 synapses (capacity: 15588597, dtype: float32)...
[2026-06-02 06:23:02][INFO] SIM_BRIDGE: Initializing STDP state for 18684 neurons...
[2026-06-02 06:23:02][INFO] SIM_BRIDGE: Simulation data initialized for 18684 neurons (3D). Synapses: 10392398. GPU memory: 2.1GB/25.8GB (8.1%)
[2026-06-02 06:23:02][INFO] SIM_BRIDGE: Loading checkpoint from research/findings/raw/g11_bg/g20_sparse_bridges_320/bridgeC_adj_sparse64.simstate.h5...
[2026-06-02 06:23:02][INFO] SIM_BRIDGE: Clearing simulation state and GPU memory...
[2026-06-02 06:23:02][INFO] SIM_BRIDGE: Cleared simulation state and GPU memory.
[2026-06-02 06:23:02][DEBUG] SIM_BRIDGE: Checkpoint: Dataset for 'cp_adex_w' not found or was empty. Using default.
[2026-06-02 06:23:02][DEBUG] SIM_BRIDGE: Checkpoint: Dataset for 'cp_stp_u' not found or was empty. Using default.
[2026-06-02 06:23:02][DEBUG] SIM_BRIDGE: Checkpoint: Dataset for 'cp_stp_x' not found or was empty. Using default.
[2026-06-02 06:23:03][SUCCESS] SIM_BRIDGE: Checkpoint loaded. Sim time: 0.0ms, Step: 0, Model: IZHIKEVICH
  captured + bound 64 from bridgeC_adj (total 192)
[2026-06-02 06:25:10][INFO] SIM_BRIDGE: CuPy using GPU: NVIDIA GeForce RTX 3090 (24.0 GB), mempool limit: 80%
[2026-06-02 06:25:10][INFO] SIM_BRIDGE: Initializing simulation data for model: IZHIKEVICH (3D)... (playback_init: False)
[2026-06-02 06:25:10][INFO] SIM_BRIDGE: Brain-region framework: 4 regions, 18684 total neurons, 4 pathways.
[2026-06-02 06:25:10][INFO] SIM_BRIDGE: RNG initialized with seed: 42
[2026-06-02 06:25:10][INFO] SIM_BRIDGE: Initializing Izhikevich model specifics for 18684 neurons...
[2026-06-02 06:25:10][INFO] SIM_BRIDGE: Applying parameter heterogeneity to neuron parameters...
[2026-06-02 06:25:10][INFO] SIM_BRIDGE: Applied heterogeneity to 4 parameters.
[2026-06-02 06:25:10][INFO] SIM_BRIDGE: Initializing OU process state (tau=15.0ms, sigma=100.0pA)...
[2026-06-02 06:25:10][INFO] SIM_BRIDGE: Generating 3D neuron positions for 18684 neurons...
[2026-06-02 06:25:10][INFO] SIM_BRIDGE: Generating connections (brain-region framework)...
[2026-06-02 06:25:34][INFO] SIM_BRIDGE: inject_explicit_wiring: installed 10392398 synapses across 5 populations.
[2026-06-02 06:25:35][INFO] SIM_BRIDGE: Initializing eligibility traces for 10392398 synapses (capacity: 15588597, dtype: float32)...
[2026-06-02 06:25:35][INFO] SIM_BRIDGE: Initializing STDP state for 18684 neurons...
[2026-06-02 06:25:35][INFO] SIM_BRIDGE: Simulation data initialized for 18684 neurons (3D). Synapses: 10392398. GPU memory: 2.1GB/25.8GB (8.1%)
[2026-06-02 06:25:35][INFO] SIM_BRIDGE: Loading checkpoint from research/findings/raw/g11_bg/g20_sparse_bridges_320/bridgeD_spatial_sparse64.simstate.h5...
[2026-06-02 06:25:35][INFO] SIM_BRIDGE: Clearing simulation state and GPU memory...
[2026-06-02 06:25:35][INFO] SIM_BRIDGE: Cleared simulation state and GPU memory.
[2026-06-02 06:25:35][DEBUG] SIM_BRIDGE: Checkpoint: Dataset for 'cp_adex_w' not found or was empty. Using default.
[2026-06-02 06:25:36][DEBUG] SIM_BRIDGE: Checkpoint: Dataset for 'cp_stp_u' not found or was empty. Using default.
[2026-06-02 06:25:36][DEBUG] SIM_BRIDGE: Checkpoint: Dataset for 'cp_stp_x' not found or was empty. Using default.
[2026-06-02 06:25:36][SUCCESS] SIM_BRIDGE: Checkpoint loaded. Sim time: 0.0ms, Step: 0, Model: IZHIKEVICH
  captured + bound 64 from bridgeD_spatial (total 256)
[2026-06-02 06:27:41][INFO] SIM_BRIDGE: CuPy using GPU: NVIDIA GeForce RTX 3090 (24.0 GB), mempool limit: 80%
[2026-06-02 06:27:41][INFO] SIM_BRIDGE: Initializing simulation data for model: IZHIKEVICH (3D)... (playback_init: False)
[2026-06-02 06:27:41][INFO] SIM_BRIDGE: Brain-region framework: 4 regions, 18684 total neurons, 4 pathways.
[2026-06-02 06:27:41][INFO] SIM_BRIDGE: RNG initialized with seed: 42
[2026-06-02 06:27:41][INFO] SIM_BRIDGE: Initializing Izhikevich model specifics for 18684 neurons...
[2026-06-02 06:27:41][INFO] SIM_BRIDGE: Applying parameter heterogeneity to neuron parameters...
[2026-06-02 06:27:41][INFO] SIM_BRIDGE: Applied heterogeneity to 4 parameters.
[2026-06-02 06:27:41][INFO] SIM_BRIDGE: Initializing OU process state (tau=15.0ms, sigma=100.0pA)...
[2026-06-02 06:27:41][INFO] SIM_BRIDGE: Generating 3D neuron positions for 18684 neurons...
[2026-06-02 06:27:41][INFO] SIM_BRIDGE: Generating connections (brain-region framework)...
[2026-06-02 06:28:07][INFO] SIM_BRIDGE: inject_explicit_wiring: installed 10392398 synapses across 5 populations.
[2026-06-02 06:28:07][INFO] SIM_BRIDGE: Initializing eligibility traces for 10392398 synapses (capacity: 15588597, dtype: float32)...
[2026-06-02 06:28:07][INFO] SIM_BRIDGE: Initializing STDP state for 18684 neurons...
[2026-06-02 06:28:07][INFO] SIM_BRIDGE: Simulation data initialized for 18684 neurons (3D). Synapses: 10392398. GPU memory: 2.1GB/25.8GB (8.1%)
[2026-06-02 06:28:07][INFO] SIM_BRIDGE: Loading checkpoint from research/findings/raw/g11_bg/g20_sparse_bridges_320/bridgeE_functional_sparse64.simstate.h5...
[2026-06-02 06:28:07][INFO] SIM_BRIDGE: Clearing simulation state and GPU memory...
[2026-06-02 06:28:07][INFO] SIM_BRIDGE: Cleared simulation state and GPU memory.
[2026-06-02 06:28:07][DEBUG] SIM_BRIDGE: Checkpoint: Dataset for 'cp_adex_w' not found or was empty. Using default.
[2026-06-02 06:28:08][DEBUG] SIM_BRIDGE: Checkpoint: Dataset for 'cp_stp_u' not found or was empty. Using default.
[2026-06-02 06:28:08][DEBUG] SIM_BRIDGE: Checkpoint: Dataset for 'cp_stp_x' not found or was empty. Using default.
[2026-06-02 06:28:08][SUCCESS] SIM_BRIDGE: Checkpoint loaded. Sim time: 0.0ms, Step: 0, Model: IZHIKEVICH
  captured + bound 64 from bridgeE_functional (total 320)
  cached -> research/findings/raw/_hier320_codes.npz
  320-wide between-concept cos: mean 0.048  max 0.537
[2026-06-02 06:30:13][INFO] SIM_BRIDGE: CuPy using GPU: NVIDIA GeForce RTX 3090 (24.0 GB), mempool limit: 80%
[2026-06-02 06:30:13][INFO] SIM_BRIDGE: Initializing simulation data for model: IZHIKEVICH (3D)... (playback_init: False)
[2026-06-02 06:30:13][INFO] SIM_BRIDGE: RNG initialized with seed: 42
[2026-06-02 06:30:13][INFO] SIM_BRIDGE: Initializing Izhikevich model specifics for 16000 neurons...
[2026-06-02 06:30:13][INFO] SIM_BRIDGE: Applying parameter heterogeneity to neuron parameters...
[2026-06-02 06:30:13][INFO] SIM_BRIDGE: Applied heterogeneity to 4 parameters.
[2026-06-02 06:30:13][INFO] SIM_BRIDGE: Initializing OU process state (tau=15.0ms, sigma=20.0pA)...
[2026-06-02 06:30:13][INFO] SIM_BRIDGE: Generating 3D neuron positions for 16000 neurons...
[2026-06-02 06:30:13][INFO] SIM_BRIDGE: Generating connections (3D)...
[2026-06-02 06:30:13][INFO] SIM_BRIDGE: Simulation data initialized for 16000 neurons (3D). Synapses: 0. GPU memory: 1.3GB/25.8GB (5.1%)
[2026-06-02 06:30:13][INFO] SIM_BRIDGE: inject_explicit_wiring: installed 16000 synapses across 1 populations.

RESULT: SPIKING 320-concept relational QA (who) = 1.000   abstention = 1.000  (chance 0.0031)
VERDICT: RESOLVES -- biological spiking composition works over ALL 320 concepts in one cleanup space via the hierarchical bridge-role bind (no retrain). The brain-analogue conversational substrate scales to 320 concepts.
