=== multi-sentence fluency via ORDERED TOPIC-SEQUENCING on the SPIKING RF phasor substrate ===
backend=numpy; D=128; n_facts=6; topics=['dog', 'cat', 'bird', 'fox', 'frog', 'hawk']; unknown='owl'
seeds=[42, 43, 44, 100, 101, 102]; loads=[2, 3]; slots=7

--- seed 42 ---
[2026-06-17 13:14:44][INFO] SIM_BRIDGE: NumPy backend (CPU (NumPy backend), 47.7 GB RAM available)
[2026-06-17 13:14:44][INFO] SIM_BRIDGE: Initializing simulation data for model: IZHIKEVICH (3D)... (playback_init: False)
[2026-06-17 13:14:44][INFO] SIM_BRIDGE: RNG initialized with seed: 42
[2026-06-17 13:14:44][INFO] SIM_BRIDGE: Initializing Izhikevich model specifics for 126 neurons...
[2026-06-17 13:14:44][INFO] SIM_BRIDGE: Applying parameter heterogeneity to neuron parameters...
[2026-06-17 13:14:44][INFO] SIM_BRIDGE: Applied heterogeneity to 4 parameters.
[2026-06-17 13:14:44][INFO] SIM_BRIDGE: Initializing OU process state (tau=15.0ms, sigma=20.0pA)...
[2026-06-17 13:14:44][INFO] SIM_BRIDGE: Generating 3D neuron positions for 126 neurons...
[2026-06-17 13:14:44][INFO] SIM_BRIDGE: Generating connections (3D)...
[2026-06-17 13:14:44][INFO] SIM_BRIDGE: Simulation data initialized for 126 neurons (3D). Synapses: 0. GPU memory: 25.6GB/51.2GB (49.9%)
[2026-06-17 13:14:44][INFO] SIM_BRIDGE: inject_explicit_wiring: installed 720 synapses across 1 populations.
[2026-06-17 13:14:46][INFO] SIM_BRIDGE: NumPy backend (CPU (NumPy backend), 47.7 GB RAM available)
[2026-06-17 13:14:46][INFO] SIM_BRIDGE: Initializing simulation data for model: IZHIKEVICH (3D)... (playback_init: False)
[2026-06-17 13:14:46][INFO] SIM_BRIDGE: Brain-region framework: 2 regions, 484 total neurons, 0 pathways.
[2026-06-17 13:14:46][INFO] SIM_BRIDGE: RNG initialized with seed: 42
[2026-06-17 13:14:46][INFO] SIM_BRIDGE: Initializing Izhikevich model specifics for 484 neurons...
[2026-06-17 13:14:47][INFO] SIM_BRIDGE: Applying parameter heterogeneity to neuron parameters...
[2026-06-17 13:14:47][INFO] SIM_BRIDGE: Applied heterogeneity to 4 parameters.
[2026-06-17 13:14:47][INFO] SIM_BRIDGE: Generating 3D neuron positions for 484 neurons...
[2026-06-17 13:14:47][INFO] SIM_BRIDGE: Generating connections (brain-region framework)...
[2026-06-17 13:14:47][WARNING] SIM_BRIDGE: No trait info available; all synapses default to E->E STP type.
[2026-06-17 13:14:47][INFO] SIM_BRIDGE: inject_explicit_wiring: installed 12 synapses across 1 populations.
[2026-06-17 13:14:47][INFO] SIM_BRIDGE: Initializing STP state for 12 synapses (capacity: 18)...
[2026-06-17 13:14:47][INFO] SIM_BRIDGE: Initializing eligibility traces for 12 synapses (capacity: 18, dtype: float32)...
[2026-06-17 13:14:47][WARNING] SIM_BRIDGE: No trait info available; all synapses default to E->E STP type.
[2026-06-17 13:14:47][INFO] SIM_BRIDGE: Initializing structural plasticity state...
[2026-06-17 13:14:47][INFO] SIM_BRIDGE: Simulation data initialized for 484 neurons (3D). Synapses: 12. GPU memory: 25.6GB/51.2GB (50.0%)
[2026-06-17 13:14:47][INFO] SIM_BRIDGE: NumPy backend (CPU (NumPy backend), 47.7 GB RAM available)
[2026-06-17 13:14:47][INFO] SIM_BRIDGE: Initializing simulation data for model: IZHIKEVICH (3D)... (playback_init: False)
[2026-06-17 13:14:47][INFO] SIM_BRIDGE: RNG initialized with seed: 42
[2026-06-17 13:14:47][INFO] SIM_BRIDGE: Initializing Izhikevich model specifics for 256 neurons...
[2026-06-17 13:14:47][INFO] SIM_BRIDGE: Applying parameter heterogeneity to neuron parameters...
[2026-06-17 13:14:47][INFO] SIM_BRIDGE: Applied heterogeneity to 4 parameters.
[2026-06-17 13:14:47][INFO] SIM_BRIDGE: Initializing OU process state (tau=15.0ms, sigma=0.0pA)...
[2026-06-17 13:14:47][INFO] SIM_BRIDGE: Generating 3D neuron positions for 256 neurons...
[2026-06-17 13:14:47][INFO] SIM_BRIDGE: Generating connections (3D)...
[2026-06-17 13:14:47][INFO] SIM_BRIDGE: Simulation data initialized for 256 neurons (3D). Synapses: 0. GPU memory: 25.6GB/51.2GB (50.0%)
[2026-06-17 13:14:47][INFO] SIM_BRIDGE: NumPy backend (CPU (NumPy backend), 47.7 GB RAM available)
[2026-06-17 13:14:47][INFO] SIM_BRIDGE: Initializing simulation data for model: IZHIKEVICH (3D)... (playback_init: False)
[2026-06-17 13:14:47][INFO] SIM_BRIDGE: RNG initialized with seed: 42
[2026-06-17 13:14:47][INFO] SIM_BRIDGE: Initializing Izhikevich model specifics for 512 neurons...
[2026-06-17 13:14:47][INFO] SIM_BRIDGE: Applying parameter heterogeneity to neuron parameters...
[2026-06-17 13:14:47][INFO] SIM_BRIDGE: Applied heterogeneity to 4 parameters.
[2026-06-17 13:14:47][INFO] SIM_BRIDGE: Initializing OU process state (tau=15.0ms, sigma=0.0pA)...
[2026-06-17 13:14:47][INFO] SIM_BRIDGE: Generating 3D neuron positions for 512 neurons...
[2026-06-17 13:14:47][INFO] SIM_BRIDGE: Generating connections (3D)...
[2026-06-17 13:14:47][INFO] SIM_BRIDGE: Simulation data initialized for 512 neurons (3D). Synapses: 0. GPU memory: 25.6GB/51.2GB (50.0%)
[2026-06-17 13:14:47][INFO] SIM_BRIDGE: NumPy backend (CPU (NumPy backend), 47.7 GB RAM available)
[2026-06-17 13:14:47][INFO] SIM_BRIDGE: Initializing simulation data for model: IZHIKEVICH (3D)... (playback_init: False)
[2026-06-17 13:14:47][INFO] SIM_BRIDGE: RNG initialized with seed: 42
[2026-06-17 13:14:47][INFO] SIM_BRIDGE: Initializing Izhikevich model specifics for 256 neurons...
[2026-06-17 13:14:47][INFO] SIM_BRIDGE: Applying parameter heterogeneity to neuron parameters...
[2026-06-17 13:14:47][INFO] SIM_BRIDGE: Applied heterogeneity to 4 parameters.
[2026-06-17 13:14:47][INFO] SIM_BRIDGE: Initializing OU process state (tau=15.0ms, sigma=0.0pA)...
[2026-06-17 13:14:47][INFO] SIM_BRIDGE: Generating 3D neuron positions for 256 neurons...
[2026-06-17 13:14:47][INFO] SIM_BRIDGE: Generating connections (3D)...
[2026-06-17 13:14:47][INFO] SIM_BRIDGE: Simulation data initialized for 256 neurons (3D). Synapses: 0. GPU memory: 25.6GB/51.2GB (50.0%)
[2026-06-17 13:14:47][INFO] SIM_BRIDGE: NumPy backend (CPU (NumPy backend), 47.7 GB RAM available)
[2026-06-17 13:14:47][INFO] SIM_BRIDGE: Initializing simulation data for model: IZHIKEVICH (3D)... (playback_init: False)
[2026-06-17 13:14:47][INFO] SIM_BRIDGE: RNG initialized with seed: 42
[2026-06-17 13:14:47][INFO] SIM_BRIDGE: Initializing Izhikevich model specifics for 512 neurons...
[2026-06-17 13:14:47][INFO] SIM_BRIDGE: Applying parameter heterogeneity to neuron parameters...
[2026-06-17 13:14:47][INFO] SIM_BRIDGE: Applied heterogeneity to 4 parameters.
[2026-06-17 13:14:47][INFO] SIM_BRIDGE: Initializing OU process state (tau=15.0ms, sigma=0.0pA)...
[2026-06-17 13:14:47][INFO] SIM_BRIDGE: Generating 3D neuron positions for 512 neurons...
[2026-06-17 13:14:47][INFO] SIM_BRIDGE: Generating connections (3D)...
[2026-06-17 13:14:47][INFO] SIM_BRIDGE: Simulation data initialized for 512 neurons (3D). Synapses: 0. GPU memory: 25.6GB/51.2GB (50.0%)
[2026-06-17 13:14:49][INFO] SIM_BRIDGE: NumPy backend (CPU (NumPy backend), 47.7 GB RAM available)
[2026-06-17 13:14:49][INFO] SIM_BRIDGE: Initializing simulation data for model: IZHIKEVICH (3D)... (playback_init: False)
[2026-06-17 13:14:49][INFO] SIM_BRIDGE: RNG initialized with seed: 42
[2026-06-17 13:14:49][INFO] SIM_BRIDGE: Initializing Izhikevich model specifics for 384 neurons...
[2026-06-17 13:14:49][INFO] SIM_BRIDGE: Applying parameter heterogeneity to neuron parameters...
[2026-06-17 13:14:49][INFO] SIM_BRIDGE: Applied heterogeneity to 4 parameters.
[2026-06-17 13:14:49][INFO] SIM_BRIDGE: Initializing OU process state (tau=15.0ms, sigma=0.0pA)...
[2026-06-17 13:14:49][INFO] SIM_BRIDGE: Generating 3D neuron positions for 384 neurons...
[2026-06-17 13:14:49][INFO] SIM_BRIDGE: Generating connections (3D)...
[2026-06-17 13:14:49][INFO] SIM_BRIDGE: Simulation data initialized for 384 neurons (3D). Synapses: 0. GPU memory: 25.6GB/51.2GB (50.0%)
[2026-06-17 13:14:50][INFO] SIM_BRIDGE: Growing synapse arrays: 18 -> 30
[2026-06-17 13:14:51][INFO] SIM_BRIDGE: Growing synapse arrays: 30 -> 48
[2026-06-17 13:14:52][INFO] SIM_BRIDGE: Growing synapse arrays: 48 -> 75
[2026-06-17 13:14:54][INFO] SIM_BRIDGE: Growing synapse arrays: 75 -> 115
[2026-06-17 13:14:57][INFO] SIM_BRIDGE: Growing synapse arrays: 115 -> 175
[2026-06-17 13:15:01][INFO] SIM_BRIDGE: Growing synapse arrays: 175 -> 265
[2026-06-17 13:15:08][INFO] SIM_BRIDGE: Growing synapse arrays: 265 -> 400
  ordered emission (full multi-sentence correct):  K2=1.000  K3=1.000
  ORDER-CONTROL (output order permutes with slots): 1.000  (non-trivial perms 30/40)
  NO-CONFAB (unknown topic abstains): abstain=1.000  known-slots-correct=1.000  both=1.000
  single-sentence regression (K=1): 1.000
  -> emission=True order=True no_confab=True regression=True | seed_full_pass=True

--- seed 43 ---
[2026-06-17 13:15:19][INFO] SIM_BRIDGE: NumPy backend (CPU (NumPy backend), 47.7 GB RAM available)
[2026-06-17 13:15:19][INFO] SIM_BRIDGE: Initializing simulation data for model: IZHIKEVICH (3D)... (playback_init: False)
[2026-06-17 13:15:19][INFO] SIM_BRIDGE: RNG initialized with seed: 43
[2026-06-17 13:15:19][INFO] SIM_BRIDGE: Initializing Izhikevich model specifics for 126 neurons...
[2026-06-17 13:15:19][INFO] SIM_BRIDGE: Applying parameter heterogeneity to neuron parameters...
[2026-06-17 13:15:19][INFO] SIM_BRIDGE: Applied heterogeneity to 4 parameters.
[2026-06-17 13:15:19][INFO] SIM_BRIDGE: Initializing OU process state (tau=15.0ms, sigma=20.0pA)...
[2026-06-17 13:15:19][INFO] SIM_BRIDGE: Generating 3D neuron positions for 126 neurons...
[2026-06-17 13:15:19][INFO] SIM_BRIDGE: Generating connections (3D)...
[2026-06-17 13:15:19][INFO] SIM_BRIDGE: Simulation data initialized for 126 neurons (3D). Synapses: 0. GPU memory: 25.8GB/51.2GB (50.3%)
[2026-06-17 13:15:19][INFO] SIM_BRIDGE: inject_explicit_wiring: installed 720 synapses across 1 populations.
[2026-06-17 13:15:21][INFO] SIM_BRIDGE: NumPy backend (CPU (NumPy backend), 47.7 GB RAM available)
[2026-06-17 13:15:21][INFO] SIM_BRIDGE: Initializing simulation data for model: IZHIKEVICH (3D)... (playback_init: False)
[2026-06-17 13:15:21][INFO] SIM_BRIDGE: Brain-region framework: 2 regions, 484 total neurons, 0 pathways.
[2026-06-17 13:15:21][INFO] SIM_BRIDGE: RNG initialized with seed: 43
[2026-06-17 13:15:21][INFO] SIM_BRIDGE: Initializing Izhikevich model specifics for 484 neurons...
[2026-06-17 13:15:21][INFO] SIM_BRIDGE: Applying parameter heterogeneity to neuron parameters...
[2026-06-17 13:15:21][INFO] SIM_BRIDGE: Applied heterogeneity to 4 parameters.
[2026-06-17 13:15:21][INFO] SIM_BRIDGE: Generating 3D neuron positions for 484 neurons...
[2026-06-17 13:15:21][INFO] SIM_BRIDGE: Generating connections (brain-region framework)...
[2026-06-17 13:15:21][WARNING] SIM_BRIDGE: No trait info available; all synapses default to E->E STP type.
[2026-06-17 13:15:21][INFO] SIM_BRIDGE: inject_explicit_wiring: installed 12 synapses across 1 populations.
[2026-06-17 13:15:21][INFO] SIM_BRIDGE: Initializing STP state for 12 synapses (capacity: 18)...
[2026-06-17 13:15:21][INFO] SIM_BRIDGE: Initializing eligibility traces for 12 synapses (capacity: 18, dtype: float32)...
[2026-06-17 13:15:21][WARNING] SIM_BRIDGE: No trait info available; all synapses default to E->E STP type.
[2026-06-17 13:15:21][INFO] SIM_BRIDGE: Initializing structural plasticity state...
[2026-06-17 13:15:21][INFO] SIM_BRIDGE: Simulation data initialized for 484 neurons (3D). Synapses: 12. GPU memory: 25.7GB/51.2GB (50.2%)
[2026-06-17 13:15:21][INFO] SIM_BRIDGE: NumPy backend (CPU (NumPy backend), 47.7 GB RAM available)
[2026-06-17 13:15:21][INFO] SIM_BRIDGE: Initializing simulation data for model: IZHIKEVICH (3D)... (playback_init: False)
[2026-06-17 13:15:21][INFO] SIM_BRIDGE: RNG initialized with seed: 43
[2026-06-17 13:15:21][INFO] SIM_BRIDGE: Initializing Izhikevich model specifics for 256 neurons...
[2026-06-17 13:15:21][INFO] SIM_BRIDGE: Applying parameter heterogeneity to neuron parameters...
[2026-06-17 13:15:21][INFO] SIM_BRIDGE: Applied heterogeneity to 4 parameters.
[2026-06-17 13:15:21][INFO] SIM_BRIDGE: Initializing OU process state (tau=15.0ms, sigma=0.0pA)...
[2026-06-17 13:15:21][INFO] SIM_BRIDGE: Generating 3D neuron positions for 256 neurons...
[2026-06-17 13:15:21][INFO] SIM_BRIDGE: Generating connections (3D)...
[2026-06-17 13:15:21][INFO] SIM_BRIDGE: Simulation data initialized for 256 neurons (3D). Synapses: 0. GPU memory: 25.7GB/51.2GB (50.2%)
[2026-06-17 13:15:21][INFO] SIM_BRIDGE: NumPy backend (CPU (NumPy backend), 47.7 GB RAM available)
[2026-06-17 13:15:21][INFO] SIM_BRIDGE: Initializing simulation data for model: IZHIKEVICH (3D)... (playback_init: False)
[2026-06-17 13:15:21][INFO] SIM_BRIDGE: RNG initialized with seed: 43
[2026-06-17 13:15:21][INFO] SIM_BRIDGE: Initializing Izhikevich model specifics for 512 neurons...
[2026-06-17 13:15:21][INFO] SIM_BRIDGE: Applying parameter heterogeneity to neuron parameters...
[2026-06-17 13:15:21][INFO] SIM_BRIDGE: Applied heterogeneity to 4 parameters.
[2026-06-17 13:15:21][INFO] SIM_BRIDGE: Initializing OU process state (tau=15.0ms, sigma=0.0pA)...
[2026-06-17 13:15:21][INFO] SIM_BRIDGE: Generating 3D neuron positions for 512 neurons...
[2026-06-17 13:15:21][INFO] SIM_BRIDGE: Generating connections (3D)...
[2026-06-17 13:15:21][INFO] SIM_BRIDGE: Simulation data initialized for 512 neurons (3D). Synapses: 0. GPU memory: 25.7GB/51.2GB (50.2%)
[2026-06-17 13:15:21][INFO] SIM_BRIDGE: NumPy backend (CPU (NumPy backend), 47.7 GB RAM available)
[2026-06-17 13:15:21][INFO] SIM_BRIDGE: Initializing simulation data for model: IZHIKEVICH (3D)... (playback_init: False)
[2026-06-17 13:15:21][INFO] SIM_BRIDGE: RNG initialized with seed: 43
[2026-06-17 13:15:21][INFO] SIM_BRIDGE: Initializing Izhikevich model specifics for 256 neurons...
[2026-06-17 13:15:21][INFO] SIM_BRIDGE: Applying parameter heterogeneity to neuron parameters...
[2026-06-17 13:15:21][INFO] SIM_BRIDGE: Applied heterogeneity to 4 parameters.
[2026-06-17 13:15:21][INFO] SIM_BRIDGE: Initializing OU process state (tau=15.0ms, sigma=0.0pA)...
[2026-06-17 13:15:21][INFO] SIM_BRIDGE: Generating 3D neuron positions for 256 neurons...
[2026-06-17 13:15:21][INFO] SIM_BRIDGE: Generating connections (3D)...
[2026-06-17 13:15:21][INFO] SIM_BRIDGE: Simulation data initialized for 256 neurons (3D). Synapses: 0. GPU memory: 25.7GB/51.2GB (50.2%)
[2026-06-17 13:15:21][INFO] SIM_BRIDGE: NumPy backend (CPU (NumPy backend), 47.7 GB RAM available)
[2026-06-17 13:15:21][INFO] SIM_BRIDGE: Initializing simulation data for model: IZHIKEVICH (3D)... (playback_init: False)
[2026-06-17 13:15:21][INFO] SIM_BRIDGE: RNG initialized with seed: 43
[2026-06-17 13:15:21][INFO] SIM_BRIDGE: Initializing Izhikevich model specifics for 512 neurons...
[2026-06-17 13:15:21][INFO] SIM_BRIDGE: Applying parameter heterogeneity to neuron parameters...
[2026-06-17 13:15:21][INFO] SIM_BRIDGE: Applied heterogeneity to 4 parameters.
[2026-06-17 13:15:21][INFO] SIM_BRIDGE: Initializing OU process state (tau=15.0ms, sigma=0.0pA)...
[2026-06-17 13:15:21][INFO] SIM_BRIDGE: Generating 3D neuron positions for 512 neurons...
[2026-06-17 13:15:21][INFO] SIM_BRIDGE: Generating connections (3D)...
[2026-06-17 13:15:21][INFO] SIM_BRIDGE: Simulation data initialized for 512 neurons (3D). Synapses: 0. GPU memory: 25.7GB/51.2GB (50.2%)
[2026-06-17 13:15:23][INFO] SIM_BRIDGE: NumPy backend (CPU (NumPy backend), 47.7 GB RAM available)
[2026-06-17 13:15:23][INFO] SIM_BRIDGE: Initializing simulation data for model: IZHIKEVICH (3D)... (playback_init: False)
[2026-06-17 13:15:23][INFO] SIM_BRIDGE: RNG initialized with seed: 43
[2026-06-17 13:15:23][INFO] SIM_BRIDGE: Initializing Izhikevich model specifics for 384 neurons...
[2026-06-17 13:15:23][INFO] SIM_BRIDGE: Applying parameter heterogeneity to neuron parameters...
[2026-06-17 13:15:23][INFO] SIM_BRIDGE: Applied heterogeneity to 4 parameters.
[2026-06-17 13:15:23][INFO] SIM_BRIDGE: Initializing OU process state (tau=15.0ms, sigma=0.0pA)...
[2026-06-17 13:15:23][INFO] SIM_BRIDGE: Generating 3D neuron positions for 384 neurons...
[2026-06-17 13:15:23][INFO] SIM_BRIDGE: Generating connections (3D)...
[2026-06-17 13:15:23][INFO] SIM_BRIDGE: Simulation data initialized for 384 neurons (3D). Synapses: 0. GPU memory: 25.6GB/51.2GB (50.0%)
[2026-06-17 13:15:23][INFO] SIM_BRIDGE: Growing synapse arrays: 18 -> 30
[2026-06-17 13:15:24][INFO] SIM_BRIDGE: Growing synapse arrays: 30 -> 48
[2026-06-17 13:15:25][INFO] SIM_BRIDGE: Growing synapse arrays: 48 -> 75
[2026-06-17 13:15:27][INFO] SIM_BRIDGE: Growing synapse arrays: 75 -> 114
[2026-06-17 13:15:30][INFO] SIM_BRIDGE: Growing synapse arrays: 114 -> 174
[2026-06-17 13:15:34][INFO] SIM_BRIDGE: Growing synapse arrays: 174 -> 264
[2026-06-17 13:15:41][INFO] SIM_BRIDGE: Growing synapse arrays: 264 -> 397
  ordered emission (full multi-sentence correct):  K2=1.000  K3=1.000
  ORDER-CONTROL (output order permutes with slots): 1.000  (non-trivial perms 28/40)
  NO-CONFAB (unknown topic abstains): abstain=1.000  known-slots-correct=1.000  both=1.000
  single-sentence regression (K=1): 1.000
  -> emission=True order=True no_confab=True regression=True | seed_full_pass=True

--- seed 44 ---
[2026-06-17 13:15:50][INFO] SIM_BRIDGE: NumPy backend (CPU (NumPy backend), 47.7 GB RAM available)
[2026-06-17 13:15:50][INFO] SIM_BRIDGE: Initializing simulation data for model: IZHIKEVICH (3D)... (playback_init: False)
[2026-06-17 13:15:50][INFO] SIM_BRIDGE: RNG initialized with seed: 44
[2026-06-17 13:15:50][INFO] SIM_BRIDGE: Initializing Izhikevich model specifics for 126 neurons...
[2026-06-17 13:15:50][INFO] SIM_BRIDGE: Applying parameter heterogeneity to neuron parameters...
[2026-06-17 13:15:50][INFO] SIM_BRIDGE: Applied heterogeneity to 4 parameters.
[2026-06-17 13:15:50][INFO] SIM_BRIDGE: Initializing OU process state (tau=15.0ms, sigma=20.0pA)...
[2026-06-17 13:15:50][INFO] SIM_BRIDGE: Generating 3D neuron positions for 126 neurons...
[2026-06-17 13:15:50][INFO] SIM_BRIDGE: Generating connections (3D)...
[2026-06-17 13:15:50][INFO] SIM_BRIDGE: Simulation data initialized for 126 neurons (3D). Synapses: 0. GPU memory: 25.5GB/51.2GB (49.8%)
[2026-06-17 13:15:50][INFO] SIM_BRIDGE: inject_explicit_wiring: installed 720 synapses across 1 populations.
[2026-06-17 13:15:52][INFO] SIM_BRIDGE: NumPy backend (CPU (NumPy backend), 47.7 GB RAM available)
[2026-06-17 13:15:52][INFO] SIM_BRIDGE: Initializing simulation data for model: IZHIKEVICH (3D)... (playback_init: False)
[2026-06-17 13:15:52][INFO] SIM_BRIDGE: Brain-region framework: 2 regions, 484 total neurons, 0 pathways.
[2026-06-17 13:15:52][INFO] SIM_BRIDGE: RNG initialized with seed: 44
[2026-06-17 13:15:52][INFO] SIM_BRIDGE: Initializing Izhikevich model specifics for 484 neurons...
[2026-06-17 13:15:52][INFO] SIM_BRIDGE: Applying parameter heterogeneity to neuron parameters...
[2026-06-17 13:15:52][INFO] SIM_BRIDGE: Applied heterogeneity to 4 parameters.
[2026-06-17 13:15:52][INFO] SIM_BRIDGE: Generating 3D neuron positions for 484 neurons...
[2026-06-17 13:15:52][INFO] SIM_BRIDGE: Generating connections (brain-region framework)...
[2026-06-17 13:15:52][WARNING] SIM_BRIDGE: No trait info available; all synapses default to E->E STP type.
[2026-06-17 13:15:52][INFO] SIM_BRIDGE: inject_explicit_wiring: installed 12 synapses across 1 populations.
[2026-06-17 13:15:52][INFO] SIM_BRIDGE: Initializing STP state for 12 synapses (capacity: 18)...
[2026-06-17 13:15:52][INFO] SIM_BRIDGE: Initializing eligibility traces for 12 synapses (capacity: 18, dtype: float32)...
[2026-06-17 13:15:52][WARNING] SIM_BRIDGE: No trait info available; all synapses default to E->E STP type.
[2026-06-17 13:15:52][INFO] SIM_BRIDGE: Initializing structural plasticity state...
[2026-06-17 13:15:52][INFO] SIM_BRIDGE: Simulation data initialized for 484 neurons (3D). Synapses: 12. GPU memory: 25.6GB/51.2GB (49.9%)
[2026-06-17 13:15:52][INFO] SIM_BRIDGE: NumPy backend (CPU (NumPy backend), 47.7 GB RAM available)
[2026-06-17 13:15:52][INFO] SIM_BRIDGE: Initializing simulation data for model: IZHIKEVICH (3D)... (playback_init: False)
[2026-06-17 13:15:52][INFO] SIM_BRIDGE: RNG initialized with seed: 44
[2026-06-17 13:15:52][INFO] SIM_BRIDGE: Initializing Izhikevich model specifics for 256 neurons...
[2026-06-17 13:15:52][INFO] SIM_BRIDGE: Applying parameter heterogeneity to neuron parameters...
[2026-06-17 13:15:52][INFO] SIM_BRIDGE: Applied heterogeneity to 4 parameters.
[2026-06-17 13:15:52][INFO] SIM_BRIDGE: Initializing OU process state (tau=15.0ms, sigma=0.0pA)...
[2026-06-17 13:15:52][INFO] SIM_BRIDGE: Generating 3D neuron positions for 256 neurons...
[2026-06-17 13:15:52][INFO] SIM_BRIDGE: Generating connections (3D)...
[2026-06-17 13:15:52][INFO] SIM_BRIDGE: Simulation data initialized for 256 neurons (3D). Synapses: 0. GPU memory: 25.6GB/51.2GB (49.9%)
[2026-06-17 13:15:53][INFO] SIM_BRIDGE: NumPy backend (CPU (NumPy backend), 47.7 GB RAM available)
[2026-06-17 13:15:53][INFO] SIM_BRIDGE: Initializing simulation data for model: IZHIKEVICH (3D)... (playback_init: False)
[2026-06-17 13:15:53][INFO] SIM_BRIDGE: RNG initialized with seed: 44
[2026-06-17 13:15:53][INFO] SIM_BRIDGE: Initializing Izhikevich model specifics for 512 neurons...
[2026-06-17 13:15:53][INFO] SIM_BRIDGE: Applying parameter heterogeneity to neuron parameters...
[2026-06-17 13:15:53][INFO] SIM_BRIDGE: Applied heterogeneity to 4 parameters.
[2026-06-17 13:15:53][INFO] SIM_BRIDGE: Initializing OU process state (tau=15.0ms, sigma=0.0pA)...
[2026-06-17 13:15:53][INFO] SIM_BRIDGE: Generating 3D neuron positions for 512 neurons...
[2026-06-17 13:15:53][INFO] SIM_BRIDGE: Generating connections (3D)...
[2026-06-17 13:15:53][INFO] SIM_BRIDGE: Simulation data initialized for 512 neurons (3D). Synapses: 0. GPU memory: 25.6GB/51.2GB (49.9%)
[2026-06-17 13:15:53][INFO] SIM_BRIDGE: NumPy backend (CPU (NumPy backend), 47.7 GB RAM available)
[2026-06-17 13:15:53][INFO] SIM_BRIDGE: Initializing simulation data for model: IZHIKEVICH (3D)... (playback_init: False)
[2026-06-17 13:15:53][INFO] SIM_BRIDGE: RNG initialized with seed: 44
[2026-06-17 13:15:53][INFO] SIM_BRIDGE: Initializing Izhikevich model specifics for 256 neurons...
[2026-06-17 13:15:53][INFO] SIM_BRIDGE: Applying parameter heterogeneity to neuron parameters...
[2026-06-17 13:15:53][INFO] SIM_BRIDGE: Applied heterogeneity to 4 parameters.
[2026-06-17 13:15:53][INFO] SIM_BRIDGE: Initializing OU process state (tau=15.0ms, sigma=0.0pA)...
[2026-06-17 13:15:53][INFO] SIM_BRIDGE: Generating 3D neuron positions for 256 neurons...
[2026-06-17 13:15:53][INFO] SIM_BRIDGE: Generating connections (3D)...
[2026-06-17 13:15:53][INFO] SIM_BRIDGE: Simulation data initialized for 256 neurons (3D). Synapses: 0. GPU memory: 25.6GB/51.2GB (49.9%)
[2026-06-17 13:15:53][INFO] SIM_BRIDGE: NumPy backend (CPU (NumPy backend), 47.7 GB RAM available)
[2026-06-17 13:15:53][INFO] SIM_BRIDGE: Initializing simulation data for model: IZHIKEVICH (3D)... (playback_init: False)
[2026-06-17 13:15:53][INFO] SIM_BRIDGE: RNG initialized with seed: 44
[2026-06-17 13:15:53][INFO] SIM_BRIDGE: Initializing Izhikevich model specifics for 512 neurons...
[2026-06-17 13:15:53][INFO] SIM_BRIDGE: Applying parameter heterogeneity to neuron parameters...
[2026-06-17 13:15:53][INFO] SIM_BRIDGE: Applied heterogeneity to 4 parameters.
[2026-06-17 13:15:53][INFO] SIM_BRIDGE: Initializing OU process state (tau=15.0ms, sigma=0.0pA)...
[2026-06-17 13:15:53][INFO] SIM_BRIDGE: Generating 3D neuron positions for 512 neurons...
[2026-06-17 13:15:53][INFO] SIM_BRIDGE: Generating connections (3D)...
[2026-06-17 13:15:53][INFO] SIM_BRIDGE: Simulation data initialized for 512 neurons (3D). Synapses: 0. GPU memory: 25.6GB/51.2GB (49.9%)
[2026-06-17 13:15:55][INFO] SIM_BRIDGE: NumPy backend (CPU (NumPy backend), 47.7 GB RAM available)
[2026-06-17 13:15:55][INFO] SIM_BRIDGE: Initializing simulation data for model: IZHIKEVICH (3D)... (playback_init: False)
[2026-06-17 13:15:55][INFO] SIM_BRIDGE: RNG initialized with seed: 44
[2026-06-17 13:15:55][INFO] SIM_BRIDGE: Initializing Izhikevich model specifics for 384 neurons...
[2026-06-17 13:15:55][INFO] SIM_BRIDGE: Applying parameter heterogeneity to neuron parameters...
[2026-06-17 13:15:55][INFO] SIM_BRIDGE: Applied heterogeneity to 4 parameters.
[2026-06-17 13:15:55][INFO] SIM_BRIDGE: Initializing OU process state (tau=15.0ms, sigma=0.0pA)...
[2026-06-17 13:15:55][INFO] SIM_BRIDGE: Generating 3D neuron positions for 384 neurons...
[2026-06-17 13:15:55][INFO] SIM_BRIDGE: Generating connections (3D)...
[2026-06-17 13:15:55][INFO] SIM_BRIDGE: Simulation data initialized for 384 neurons (3D). Synapses: 0. GPU memory: 25.5GB/51.2GB (49.8%)
[2026-06-17 13:15:55][INFO] SIM_BRIDGE: Growing synapse arrays: 18 -> 30
[2026-06-17 13:15:56][INFO] SIM_BRIDGE: Growing synapse arrays: 30 -> 48
[2026-06-17 13:15:57][INFO] SIM_BRIDGE: Growing synapse arrays: 48 -> 75
[2026-06-17 13:15:59][INFO] SIM_BRIDGE: Growing synapse arrays: 75 -> 114
[2026-06-17 13:16:02][INFO] SIM_BRIDGE: Growing synapse arrays: 114 -> 174
[2026-06-17 13:16:06][INFO] SIM_BRIDGE: Growing synapse arrays: 174 -> 264
[2026-06-17 13:16:13][INFO] SIM_BRIDGE: Growing synapse arrays: 264 -> 397
  ordered emission (full multi-sentence correct):  K2=1.000  K3=1.000
  ORDER-CONTROL (output order permutes with slots): 1.000  (non-trivial perms 28/40)
  NO-CONFAB (unknown topic abstains): abstain=1.000  known-slots-correct=1.000  both=1.000
  single-sentence regression (K=1): 1.000
  -> emission=True order=True no_confab=True regression=True | seed_full_pass=True

--- seed 100 ---
[2026-06-17 13:16:23][INFO] SIM_BRIDGE: NumPy backend (CPU (NumPy backend), 47.7 GB RAM available)
[2026-06-17 13:16:23][INFO] SIM_BRIDGE: Initializing simulation data for model: IZHIKEVICH (3D)... (playback_init: False)
[2026-06-17 13:16:23][INFO] SIM_BRIDGE: RNG initialized with seed: 100
[2026-06-17 13:16:23][INFO] SIM_BRIDGE: Initializing Izhikevich model specifics for 126 neurons...
[2026-06-17 13:16:23][INFO] SIM_BRIDGE: Applying parameter heterogeneity to neuron parameters...
[2026-06-17 13:16:23][INFO] SIM_BRIDGE: Applied heterogeneity to 4 parameters.
[2026-06-17 13:16:23][INFO] SIM_BRIDGE: Initializing OU process state (tau=15.0ms, sigma=20.0pA)...
[2026-06-17 13:16:23][INFO] SIM_BRIDGE: Generating 3D neuron positions for 126 neurons...
[2026-06-17 13:16:23][INFO] SIM_BRIDGE: Generating connections (3D)...
[2026-06-17 13:16:23][INFO] SIM_BRIDGE: Simulation data initialized for 126 neurons (3D). Synapses: 0. GPU memory: 25.5GB/51.2GB (49.8%)
[2026-06-17 13:16:23][INFO] SIM_BRIDGE: inject_explicit_wiring: installed 720 synapses across 1 populations.
[2026-06-17 13:16:25][INFO] SIM_BRIDGE: NumPy backend (CPU (NumPy backend), 47.7 GB RAM available)
[2026-06-17 13:16:25][INFO] SIM_BRIDGE: Initializing simulation data for model: IZHIKEVICH (3D)... (playback_init: False)
[2026-06-17 13:16:25][INFO] SIM_BRIDGE: Brain-region framework: 2 regions, 484 total neurons, 0 pathways.
[2026-06-17 13:16:25][INFO] SIM_BRIDGE: RNG initialized with seed: 100
[2026-06-17 13:16:25][INFO] SIM_BRIDGE: Initializing Izhikevich model specifics for 484 neurons...
[2026-06-17 13:16:25][INFO] SIM_BRIDGE: Applying parameter heterogeneity to neuron parameters...
[2026-06-17 13:16:25][INFO] SIM_BRIDGE: Applied heterogeneity to 4 parameters.
[2026-06-17 13:16:25][INFO] SIM_BRIDGE: Generating 3D neuron positions for 484 neurons...
[2026-06-17 13:16:25][INFO] SIM_BRIDGE: Generating connections (brain-region framework)...
[2026-06-17 13:16:25][WARNING] SIM_BRIDGE: No trait info available; all synapses default to E->E STP type.
[2026-06-17 13:16:25][INFO] SIM_BRIDGE: inject_explicit_wiring: installed 12 synapses across 1 populations.
[2026-06-17 13:16:25][INFO] SIM_BRIDGE: Initializing STP state for 12 synapses (capacity: 18)...
[2026-06-17 13:16:25][INFO] SIM_BRIDGE: Initializing eligibility traces for 12 synapses (capacity: 18, dtype: float32)...
[2026-06-17 13:16:25][WARNING] SIM_BRIDGE: No trait info available; all synapses default to E->E STP type.
[2026-06-17 13:16:25][INFO] SIM_BRIDGE: Initializing structural plasticity state...
[2026-06-17 13:16:25][INFO] SIM_BRIDGE: Simulation data initialized for 484 neurons (3D). Synapses: 12. GPU memory: 25.5GB/51.2GB (49.8%)
[2026-06-17 13:16:25][INFO] SIM_BRIDGE: NumPy backend (CPU (NumPy backend), 47.7 GB RAM available)
[2026-06-17 13:16:25][INFO] SIM_BRIDGE: Initializing simulation data for model: IZHIKEVICH (3D)... (playback_init: False)
[2026-06-17 13:16:25][INFO] SIM_BRIDGE: RNG initialized with seed: 100
[2026-06-17 13:16:25][INFO] SIM_BRIDGE: Initializing Izhikevich model specifics for 256 neurons...
[2026-06-17 13:16:25][INFO] SIM_BRIDGE: Applying parameter heterogeneity to neuron parameters...
[2026-06-17 13:16:25][INFO] SIM_BRIDGE: Applied heterogeneity to 4 parameters.
[2026-06-17 13:16:25][INFO] SIM_BRIDGE: Initializing OU process state (tau=15.0ms, sigma=0.0pA)...
[2026-06-17 13:16:25][INFO] SIM_BRIDGE: Generating 3D neuron positions for 256 neurons...
[2026-06-17 13:16:25][INFO] SIM_BRIDGE: Generating connections (3D)...
[2026-06-17 13:16:25][INFO] SIM_BRIDGE: Simulation data initialized for 256 neurons (3D). Synapses: 0. GPU memory: 25.5GB/51.2GB (49.8%)
[2026-06-17 13:16:25][INFO] SIM_BRIDGE: NumPy backend (CPU (NumPy backend), 47.7 GB RAM available)
[2026-06-17 13:16:25][INFO] SIM_BRIDGE: Initializing simulation data for model: IZHIKEVICH (3D)... (playback_init: False)
[2026-06-17 13:16:25][INFO] SIM_BRIDGE: RNG initialized with seed: 100
[2026-06-17 13:16:25][INFO] SIM_BRIDGE: Initializing Izhikevich model specifics for 512 neurons...
[2026-06-17 13:16:25][INFO] SIM_BRIDGE: Applying parameter heterogeneity to neuron parameters...
[2026-06-17 13:16:25][INFO] SIM_BRIDGE: Applied heterogeneity to 4 parameters.
[2026-06-17 13:16:25][INFO] SIM_BRIDGE: Initializing OU process state (tau=15.0ms, sigma=0.0pA)...
[2026-06-17 13:16:25][INFO] SIM_BRIDGE: Generating 3D neuron positions for 512 neurons...
[2026-06-17 13:16:25][INFO] SIM_BRIDGE: Generating connections (3D)...
[2026-06-17 13:16:25][INFO] SIM_BRIDGE: Simulation data initialized for 512 neurons (3D). Synapses: 0. GPU memory: 25.5GB/51.2GB (49.8%)
[2026-06-17 13:16:26][INFO] SIM_BRIDGE: NumPy backend (CPU (NumPy backend), 47.7 GB RAM available)
[2026-06-17 13:16:26][INFO] SIM_BRIDGE: Initializing simulation data for model: IZHIKEVICH (3D)... (playback_init: False)
[2026-06-17 13:16:26][INFO] SIM_BRIDGE: RNG initialized with seed: 100
[2026-06-17 13:16:26][INFO] SIM_BRIDGE: Initializing Izhikevich model specifics for 256 neurons...
[2026-06-17 13:16:26][INFO] SIM_BRIDGE: Applying parameter heterogeneity to neuron parameters...
[2026-06-17 13:16:26][INFO] SIM_BRIDGE: Applied heterogeneity to 4 parameters.
[2026-06-17 13:16:26][INFO] SIM_BRIDGE: Initializing OU process state (tau=15.0ms, sigma=0.0pA)...
[2026-06-17 13:16:26][INFO] SIM_BRIDGE: Generating 3D neuron positions for 256 neurons...
[2026-06-17 13:16:26][INFO] SIM_BRIDGE: Generating connections (3D)...
[2026-06-17 13:16:26][INFO] SIM_BRIDGE: Simulation data initialized for 256 neurons (3D). Synapses: 0. GPU memory: 25.5GB/51.2GB (49.8%)
[2026-06-17 13:16:26][INFO] SIM_BRIDGE: NumPy backend (CPU (NumPy backend), 47.7 GB RAM available)
[2026-06-17 13:16:26][INFO] SIM_BRIDGE: Initializing simulation data for model: IZHIKEVICH (3D)... (playback_init: False)
[2026-06-17 13:16:26][INFO] SIM_BRIDGE: RNG initialized with seed: 100
[2026-06-17 13:16:26][INFO] SIM_BRIDGE: Initializing Izhikevich model specifics for 512 neurons...
[2026-06-17 13:16:26][INFO] SIM_BRIDGE: Applying parameter heterogeneity to neuron parameters...
[2026-06-17 13:16:26][INFO] SIM_BRIDGE: Applied heterogeneity to 4 parameters.
[2026-06-17 13:16:26][INFO] SIM_BRIDGE: Initializing OU process state (tau=15.0ms, sigma=0.0pA)...
[2026-06-17 13:16:26][INFO] SIM_BRIDGE: Generating 3D neuron positions for 512 neurons...
[2026-06-17 13:16:26][INFO] SIM_BRIDGE: Generating connections (3D)...
[2026-06-17 13:16:26][INFO] SIM_BRIDGE: Simulation data initialized for 512 neurons (3D). Synapses: 0. GPU memory: 25.5GB/51.2GB (49.8%)
[2026-06-17 13:16:28][INFO] SIM_BRIDGE: NumPy backend (CPU (NumPy backend), 47.7 GB RAM available)
[2026-06-17 13:16:28][INFO] SIM_BRIDGE: Initializing simulation data for model: IZHIKEVICH (3D)... (playback_init: False)
[2026-06-17 13:16:28][INFO] SIM_BRIDGE: RNG initialized with seed: 100
[2026-06-17 13:16:28][INFO] SIM_BRIDGE: Initializing Izhikevich model specifics for 384 neurons...
[2026-06-17 13:16:28][INFO] SIM_BRIDGE: Applying parameter heterogeneity to neuron parameters...
[2026-06-17 13:16:28][INFO] SIM_BRIDGE: Applied heterogeneity to 4 parameters.
[2026-06-17 13:16:28][INFO] SIM_BRIDGE: Initializing OU process state (tau=15.0ms, sigma=0.0pA)...
[2026-06-17 13:16:28][INFO] SIM_BRIDGE: Generating 3D neuron positions for 384 neurons...
[2026-06-17 13:16:28][INFO] SIM_BRIDGE: Generating connections (3D)...
[2026-06-17 13:16:28][INFO] SIM_BRIDGE: Simulation data initialized for 384 neurons (3D). Synapses: 0. GPU memory: 25.5GB/51.2GB (49.8%)
[2026-06-17 13:16:28][INFO] SIM_BRIDGE: Growing synapse arrays: 18 -> 30
[2026-06-17 13:16:29][INFO] SIM_BRIDGE: Growing synapse arrays: 30 -> 46
[2026-06-17 13:16:30][INFO] SIM_BRIDGE: Growing synapse arrays: 46 -> 72
[2026-06-17 13:16:32][INFO] SIM_BRIDGE: Growing synapse arrays: 72 -> 111
[2026-06-17 13:16:35][INFO] SIM_BRIDGE: Growing synapse arrays: 111 -> 168
[2026-06-17 13:16:39][INFO] SIM_BRIDGE: Growing synapse arrays: 168 -> 255
[2026-06-17 13:16:45][INFO] SIM_BRIDGE: Growing synapse arrays: 255 -> 385
  ordered emission (full multi-sentence correct):  K2=1.000  K3=1.000
  ORDER-CONTROL (output order permutes with slots): 1.000  (non-trivial perms 24/40)
  NO-CONFAB (unknown topic abstains): abstain=1.000  known-slots-correct=1.000  both=1.000
  single-sentence regression (K=1): 1.000
  -> emission=True order=True no_confab=True regression=True | seed_full_pass=True

--- seed 101 ---
[2026-06-17 13:16:57][INFO] SIM_BRIDGE: NumPy backend (CPU (NumPy backend), 47.7 GB RAM available)
[2026-06-17 13:16:57][INFO] SIM_BRIDGE: Initializing simulation data for model: IZHIKEVICH (3D)... (playback_init: False)
[2026-06-17 13:16:57][INFO] SIM_BRIDGE: RNG initialized with seed: 101
[2026-06-17 13:16:57][INFO] SIM_BRIDGE: Initializing Izhikevich model specifics for 126 neurons...
[2026-06-17 13:16:57][INFO] SIM_BRIDGE: Applying parameter heterogeneity to neuron parameters...
[2026-06-17 13:16:57][INFO] SIM_BRIDGE: Applied heterogeneity to 4 parameters.
[2026-06-17 13:16:57][INFO] SIM_BRIDGE: Initializing OU process state (tau=15.0ms, sigma=20.0pA)...
[2026-06-17 13:16:57][INFO] SIM_BRIDGE: Generating 3D neuron positions for 126 neurons...
[2026-06-17 13:16:57][INFO] SIM_BRIDGE: Generating connections (3D)...
[2026-06-17 13:16:57][INFO] SIM_BRIDGE: Simulation data initialized for 126 neurons (3D). Synapses: 0. GPU memory: 25.3GB/51.2GB (49.4%)
[2026-06-17 13:16:57][INFO] SIM_BRIDGE: inject_explicit_wiring: installed 720 synapses across 1 populations.
[2026-06-17 13:17:00][INFO] SIM_BRIDGE: NumPy backend (CPU (NumPy backend), 47.7 GB RAM available)
[2026-06-17 13:17:00][INFO] SIM_BRIDGE: Initializing simulation data for model: IZHIKEVICH (3D)... (playback_init: False)
[2026-06-17 13:17:00][INFO] SIM_BRIDGE: Brain-region framework: 2 regions, 484 total neurons, 0 pathways.
[2026-06-17 13:17:00][INFO] SIM_BRIDGE: RNG initialized with seed: 101
[2026-06-17 13:17:00][INFO] SIM_BRIDGE: Initializing Izhikevich model specifics for 484 neurons...
[2026-06-17 13:17:00][INFO] SIM_BRIDGE: Applying parameter heterogeneity to neuron parameters...
[2026-06-17 13:17:00][INFO] SIM_BRIDGE: Applied heterogeneity to 4 parameters.
[2026-06-17 13:17:00][INFO] SIM_BRIDGE: Generating 3D neuron positions for 484 neurons...
[2026-06-17 13:17:00][INFO] SIM_BRIDGE: Generating connections (brain-region framework)...
[2026-06-17 13:17:00][WARNING] SIM_BRIDGE: No trait info available; all synapses default to E->E STP type.
[2026-06-17 13:17:00][INFO] SIM_BRIDGE: inject_explicit_wiring: installed 12 synapses across 1 populations.
[2026-06-17 13:17:00][INFO] SIM_BRIDGE: Initializing STP state for 12 synapses (capacity: 18)...
[2026-06-17 13:17:00][INFO] SIM_BRIDGE: Initializing eligibility traces for 12 synapses (capacity: 18, dtype: float32)...
[2026-06-17 13:17:00][WARNING] SIM_BRIDGE: No trait info available; all synapses default to E->E STP type.
[2026-06-17 13:17:00][INFO] SIM_BRIDGE: Initializing structural plasticity state...
[2026-06-17 13:17:00][INFO] SIM_BRIDGE: Simulation data initialized for 484 neurons (3D). Synapses: 12. GPU memory: 25.5GB/51.2GB (49.7%)
[2026-06-17 13:17:00][INFO] SIM_BRIDGE: NumPy backend (CPU (NumPy backend), 47.7 GB RAM available)
[2026-06-17 13:17:00][INFO] SIM_BRIDGE: Initializing simulation data for model: IZHIKEVICH (3D)... (playback_init: False)
[2026-06-17 13:17:00][INFO] SIM_BRIDGE: RNG initialized with seed: 101
[2026-06-17 13:17:00][INFO] SIM_BRIDGE: Initializing Izhikevich model specifics for 256 neurons...
[2026-06-17 13:17:00][INFO] SIM_BRIDGE: Applying parameter heterogeneity to neuron parameters...
[2026-06-17 13:17:00][INFO] SIM_BRIDGE: Applied heterogeneity to 4 parameters.
[2026-06-17 13:17:00][INFO] SIM_BRIDGE: Initializing OU process state (tau=15.0ms, sigma=0.0pA)...
[2026-06-17 13:17:00][INFO] SIM_BRIDGE: Generating 3D neuron positions for 256 neurons...
[2026-06-17 13:17:00][INFO] SIM_BRIDGE: Generating connections (3D)...
[2026-06-17 13:17:00][INFO] SIM_BRIDGE: Simulation data initialized for 256 neurons (3D). Synapses: 0. GPU memory: 25.5GB/51.2GB (49.7%)
[2026-06-17 13:17:00][INFO] SIM_BRIDGE: NumPy backend (CPU (NumPy backend), 47.7 GB RAM available)
[2026-06-17 13:17:00][INFO] SIM_BRIDGE: Initializing simulation data for model: IZHIKEVICH (3D)... (playback_init: False)
[2026-06-17 13:17:00][INFO] SIM_BRIDGE: RNG initialized with seed: 101
[2026-06-17 13:17:00][INFO] SIM_BRIDGE: Initializing Izhikevich model specifics for 512 neurons...
[2026-06-17 13:17:00][INFO] SIM_BRIDGE: Applying parameter heterogeneity to neuron parameters...
[2026-06-17 13:17:00][INFO] SIM_BRIDGE: Applied heterogeneity to 4 parameters.
[2026-06-17 13:17:00][INFO] SIM_BRIDGE: Initializing OU process state (tau=15.0ms, sigma=0.0pA)...
[2026-06-17 13:17:00][INFO] SIM_BRIDGE: Generating 3D neuron positions for 512 neurons...
[2026-06-17 13:17:00][INFO] SIM_BRIDGE: Generating connections (3D)...
[2026-06-17 13:17:00][INFO] SIM_BRIDGE: Simulation data initialized for 512 neurons (3D). Synapses: 0. GPU memory: 25.5GB/51.2GB (49.7%)
[2026-06-17 13:17:00][INFO] SIM_BRIDGE: NumPy backend (CPU (NumPy backend), 47.7 GB RAM available)
[2026-06-17 13:17:00][INFO] SIM_BRIDGE: Initializing simulation data for model: IZHIKEVICH (3D)... (playback_init: False)
[2026-06-17 13:17:00][INFO] SIM_BRIDGE: RNG initialized with seed: 101
[2026-06-17 13:17:00][INFO] SIM_BRIDGE: Initializing Izhikevich model specifics for 256 neurons...
[2026-06-17 13:17:00][INFO] SIM_BRIDGE: Applying parameter heterogeneity to neuron parameters...
[2026-06-17 13:17:00][INFO] SIM_BRIDGE: Applied heterogeneity to 4 parameters.
[2026-06-17 13:17:00][INFO] SIM_BRIDGE: Initializing OU process state (tau=15.0ms, sigma=0.0pA)...
[2026-06-17 13:17:00][INFO] SIM_BRIDGE: Generating 3D neuron positions for 256 neurons...
[2026-06-17 13:17:00][INFO] SIM_BRIDGE: Generating connections (3D)...
[2026-06-17 13:17:00][INFO] SIM_BRIDGE: Simulation data initialized for 256 neurons (3D). Synapses: 0. GPU memory: 25.5GB/51.2GB (49.7%)
[2026-06-17 13:17:00][INFO] SIM_BRIDGE: NumPy backend (CPU (NumPy backend), 47.7 GB RAM available)
[2026-06-17 13:17:00][INFO] SIM_BRIDGE: Initializing simulation data for model: IZHIKEVICH (3D)... (playback_init: False)
[2026-06-17 13:17:00][INFO] SIM_BRIDGE: RNG initialized with seed: 101
[2026-06-17 13:17:00][INFO] SIM_BRIDGE: Initializing Izhikevich model specifics for 512 neurons...
[2026-06-17 13:17:00][INFO] SIM_BRIDGE: Applying parameter heterogeneity to neuron parameters...
[2026-06-17 13:17:00][INFO] SIM_BRIDGE: Applied heterogeneity to 4 parameters.
[2026-06-17 13:17:00][INFO] SIM_BRIDGE: Initializing OU process state (tau=15.0ms, sigma=0.0pA)...
[2026-06-17 13:17:00][INFO] SIM_BRIDGE: Generating 3D neuron positions for 512 neurons...
[2026-06-17 13:17:00][INFO] SIM_BRIDGE: Generating connections (3D)...
[2026-06-17 13:17:00][INFO] SIM_BRIDGE: Simulation data initialized for 512 neurons (3D). Synapses: 0. GPU memory: 25.5GB/51.2GB (49.7%)
[2026-06-17 13:17:02][INFO] SIM_BRIDGE: NumPy backend (CPU (NumPy backend), 47.7 GB RAM available)
[2026-06-17 13:17:02][INFO] SIM_BRIDGE: Initializing simulation data for model: IZHIKEVICH (3D)... (playback_init: False)
[2026-06-17 13:17:02][INFO] SIM_BRIDGE: RNG initialized with seed: 101
[2026-06-17 13:17:02][INFO] SIM_BRIDGE: Initializing Izhikevich model specifics for 384 neurons...
[2026-06-17 13:17:02][INFO] SIM_BRIDGE: Applying parameter heterogeneity to neuron parameters...
[2026-06-17 13:17:02][INFO] SIM_BRIDGE: Applied heterogeneity to 4 parameters.
[2026-06-17 13:17:02][INFO] SIM_BRIDGE: Initializing OU process state (tau=15.0ms, sigma=0.0pA)...
[2026-06-17 13:17:02][INFO] SIM_BRIDGE: Generating 3D neuron positions for 384 neurons...
[2026-06-17 13:17:02][INFO] SIM_BRIDGE: Generating connections (3D)...
[2026-06-17 13:17:02][INFO] SIM_BRIDGE: Simulation data initialized for 384 neurons (3D). Synapses: 0. GPU memory: 25.5GB/51.2GB (49.7%)
[2026-06-17 13:17:03][INFO] SIM_BRIDGE: Growing synapse arrays: 18 -> 30
[2026-06-17 13:17:04][INFO] SIM_BRIDGE: Growing synapse arrays: 30 -> 48
[2026-06-17 13:17:05][INFO] SIM_BRIDGE: Growing synapse arrays: 48 -> 75
[2026-06-17 13:17:07][INFO] SIM_BRIDGE: Growing synapse arrays: 75 -> 114
[2026-06-17 13:17:10][INFO] SIM_BRIDGE: Growing synapse arrays: 114 -> 174
[2026-06-17 13:17:13][INFO] SIM_BRIDGE: Growing synapse arrays: 174 -> 264
[2026-06-17 13:17:19][INFO] SIM_BRIDGE: Growing synapse arrays: 264 -> 397
  ordered emission (full multi-sentence correct):  K2=1.000  K3=1.000
  ORDER-CONTROL (output order permutes with slots): 1.000  (non-trivial perms 26/40)
  NO-CONFAB (unknown topic abstains): abstain=1.000  known-slots-correct=1.000  both=1.000
  single-sentence regression (K=1): 1.000
  -> emission=True order=True no_confab=True regression=True | seed_full_pass=True

--- seed 102 ---
[2026-06-17 13:17:29][INFO] SIM_BRIDGE: NumPy backend (CPU (NumPy backend), 47.7 GB RAM available)
[2026-06-17 13:17:29][INFO] SIM_BRIDGE: Initializing simulation data for model: IZHIKEVICH (3D)... (playback_init: False)
[2026-06-17 13:17:29][INFO] SIM_BRIDGE: RNG initialized with seed: 102
[2026-06-17 13:17:29][INFO] SIM_BRIDGE: Initializing Izhikevich model specifics for 126 neurons...
[2026-06-17 13:17:29][INFO] SIM_BRIDGE: Applying parameter heterogeneity to neuron parameters...
[2026-06-17 13:17:29][INFO] SIM_BRIDGE: Applied heterogeneity to 4 parameters.
[2026-06-17 13:17:29][INFO] SIM_BRIDGE: Initializing OU process state (tau=15.0ms, sigma=20.0pA)...
[2026-06-17 13:17:29][INFO] SIM_BRIDGE: Generating 3D neuron positions for 126 neurons...
[2026-06-17 13:17:29][INFO] SIM_BRIDGE: Generating connections (3D)...
[2026-06-17 13:17:29][INFO] SIM_BRIDGE: Simulation data initialized for 126 neurons (3D). Synapses: 0. GPU memory: 25.6GB/51.2GB (49.9%)
[2026-06-17 13:17:29][INFO] SIM_BRIDGE: inject_explicit_wiring: installed 720 synapses across 1 populations.
[2026-06-17 13:17:31][INFO] SIM_BRIDGE: NumPy backend (CPU (NumPy backend), 47.7 GB RAM available)
[2026-06-17 13:17:31][INFO] SIM_BRIDGE: Initializing simulation data for model: IZHIKEVICH (3D)... (playback_init: False)
[2026-06-17 13:17:31][INFO] SIM_BRIDGE: Brain-region framework: 2 regions, 484 total neurons, 0 pathways.
[2026-06-17 13:17:31][INFO] SIM_BRIDGE: RNG initialized with seed: 102
[2026-06-17 13:17:31][INFO] SIM_BRIDGE: Initializing Izhikevich model specifics for 484 neurons...
[2026-06-17 13:17:31][INFO] SIM_BRIDGE: Applying parameter heterogeneity to neuron parameters...
[2026-06-17 13:17:31][INFO] SIM_BRIDGE: Applied heterogeneity to 4 parameters.
[2026-06-17 13:17:31][INFO] SIM_BRIDGE: Generating 3D neuron positions for 484 neurons...
[2026-06-17 13:17:31][INFO] SIM_BRIDGE: Generating connections (brain-region framework)...
[2026-06-17 13:17:31][WARNING] SIM_BRIDGE: No trait info available; all synapses default to E->E STP type.
[2026-06-17 13:17:31][INFO] SIM_BRIDGE: inject_explicit_wiring: installed 12 synapses across 1 populations.
[2026-06-17 13:17:31][INFO] SIM_BRIDGE: Initializing STP state for 12 synapses (capacity: 18)...
[2026-06-17 13:17:31][INFO] SIM_BRIDGE: Initializing eligibility traces for 12 synapses (capacity: 18, dtype: float32)...
[2026-06-17 13:17:31][WARNING] SIM_BRIDGE: No trait info available; all synapses default to E->E STP type.
[2026-06-17 13:17:31][INFO] SIM_BRIDGE: Initializing structural plasticity state...
[2026-06-17 13:17:31][INFO] SIM_BRIDGE: Simulation data initialized for 484 neurons (3D). Synapses: 12. GPU memory: 25.6GB/51.2GB (49.9%)
[2026-06-17 13:17:31][INFO] SIM_BRIDGE: NumPy backend (CPU (NumPy backend), 47.7 GB RAM available)
[2026-06-17 13:17:31][INFO] SIM_BRIDGE: Initializing simulation data for model: IZHIKEVICH (3D)... (playback_init: False)
[2026-06-17 13:17:31][INFO] SIM_BRIDGE: RNG initialized with seed: 102
[2026-06-17 13:17:31][INFO] SIM_BRIDGE: Initializing Izhikevich model specifics for 256 neurons...
[2026-06-17 13:17:31][INFO] SIM_BRIDGE: Applying parameter heterogeneity to neuron parameters...
[2026-06-17 13:17:31][INFO] SIM_BRIDGE: Applied heterogeneity to 4 parameters.
[2026-06-17 13:17:31][INFO] SIM_BRIDGE: Initializing OU process state (tau=15.0ms, sigma=0.0pA)...
[2026-06-17 13:17:31][INFO] SIM_BRIDGE: Generating 3D neuron positions for 256 neurons...
[2026-06-17 13:17:31][INFO] SIM_BRIDGE: Generating connections (3D)...
[2026-06-17 13:17:31][INFO] SIM_BRIDGE: Simulation data initialized for 256 neurons (3D). Synapses: 0. GPU memory: 25.6GB/51.2GB (49.9%)
[2026-06-17 13:17:31][INFO] SIM_BRIDGE: NumPy backend (CPU (NumPy backend), 47.7 GB RAM available)
[2026-06-17 13:17:31][INFO] SIM_BRIDGE: Initializing simulation data for model: IZHIKEVICH (3D)... (playback_init: False)
[2026-06-17 13:17:31][INFO] SIM_BRIDGE: RNG initialized with seed: 102
[2026-06-17 13:17:31][INFO] SIM_BRIDGE: Initializing Izhikevich model specifics for 512 neurons...
[2026-06-17 13:17:31][INFO] SIM_BRIDGE: Applying parameter heterogeneity to neuron parameters...
[2026-06-17 13:17:31][INFO] SIM_BRIDGE: Applied heterogeneity to 4 parameters.
[2026-06-17 13:17:31][INFO] SIM_BRIDGE: Initializing OU process state (tau=15.0ms, sigma=0.0pA)...
[2026-06-17 13:17:31][INFO] SIM_BRIDGE: Generating 3D neuron positions for 512 neurons...
[2026-06-17 13:17:31][INFO] SIM_BRIDGE: Generating connections (3D)...
[2026-06-17 13:17:31][INFO] SIM_BRIDGE: Simulation data initialized for 512 neurons (3D). Synapses: 0. GPU memory: 25.6GB/51.2GB (49.9%)
[2026-06-17 13:17:31][INFO] SIM_BRIDGE: NumPy backend (CPU (NumPy backend), 47.7 GB RAM available)
[2026-06-17 13:17:31][INFO] SIM_BRIDGE: Initializing simulation data for model: IZHIKEVICH (3D)... (playback_init: False)
[2026-06-17 13:17:31][INFO] SIM_BRIDGE: RNG initialized with seed: 102
[2026-06-17 13:17:31][INFO] SIM_BRIDGE: Initializing Izhikevich model specifics for 256 neurons...
[2026-06-17 13:17:31][INFO] SIM_BRIDGE: Applying parameter heterogeneity to neuron parameters...
[2026-06-17 13:17:31][INFO] SIM_BRIDGE: Applied heterogeneity to 4 parameters.
[2026-06-17 13:17:31][INFO] SIM_BRIDGE: Initializing OU process state (tau=15.0ms, sigma=0.0pA)...
[2026-06-17 13:17:31][INFO] SIM_BRIDGE: Generating 3D neuron positions for 256 neurons...
[2026-06-17 13:17:31][INFO] SIM_BRIDGE: Generating connections (3D)...
[2026-06-17 13:17:31][INFO] SIM_BRIDGE: Simulation data initialized for 256 neurons (3D). Synapses: 0. GPU memory: 25.6GB/51.2GB (49.9%)
[2026-06-17 13:17:31][INFO] SIM_BRIDGE: NumPy backend (CPU (NumPy backend), 47.7 GB RAM available)
[2026-06-17 13:17:31][INFO] SIM_BRIDGE: Initializing simulation data for model: IZHIKEVICH (3D)... (playback_init: False)
[2026-06-17 13:17:31][INFO] SIM_BRIDGE: RNG initialized with seed: 102
[2026-06-17 13:17:31][INFO] SIM_BRIDGE: Initializing Izhikevich model specifics for 512 neurons...
[2026-06-17 13:17:31][INFO] SIM_BRIDGE: Applying parameter heterogeneity to neuron parameters...
[2026-06-17 13:17:31][INFO] SIM_BRIDGE: Applied heterogeneity to 4 parameters.
[2026-06-17 13:17:31][INFO] SIM_BRIDGE: Initializing OU process state (tau=15.0ms, sigma=0.0pA)...
[2026-06-17 13:17:31][INFO] SIM_BRIDGE: Generating 3D neuron positions for 512 neurons...
[2026-06-17 13:17:31][INFO] SIM_BRIDGE: Generating connections (3D)...
[2026-06-17 13:17:31][INFO] SIM_BRIDGE: Simulation data initialized for 512 neurons (3D). Synapses: 0. GPU memory: 25.6GB/51.2GB (49.9%)
[2026-06-17 13:17:33][INFO] SIM_BRIDGE: NumPy backend (CPU (NumPy backend), 47.7 GB RAM available)
[2026-06-17 13:17:33][INFO] SIM_BRIDGE: Initializing simulation data for model: IZHIKEVICH (3D)... (playback_init: False)
[2026-06-17 13:17:33][INFO] SIM_BRIDGE: RNG initialized with seed: 102
[2026-06-17 13:17:33][INFO] SIM_BRIDGE: Initializing Izhikevich model specifics for 384 neurons...
[2026-06-17 13:17:33][INFO] SIM_BRIDGE: Applying parameter heterogeneity to neuron parameters...
[2026-06-17 13:17:33][INFO] SIM_BRIDGE: Applied heterogeneity to 4 parameters.
[2026-06-17 13:17:33][INFO] SIM_BRIDGE: Initializing OU process state (tau=15.0ms, sigma=0.0pA)...
[2026-06-17 13:17:33][INFO] SIM_BRIDGE: Generating 3D neuron positions for 384 neurons...
[2026-06-17 13:17:33][INFO] SIM_BRIDGE: Generating connections (3D)...
[2026-06-17 13:17:33][INFO] SIM_BRIDGE: Simulation data initialized for 384 neurons (3D). Synapses: 0. GPU memory: 25.6GB/51.2GB (49.9%)
[2026-06-17 13:17:33][INFO] SIM_BRIDGE: Growing synapse arrays: 18 -> 30
[2026-06-17 13:17:34][INFO] SIM_BRIDGE: Growing synapse arrays: 30 -> 48
[2026-06-17 13:17:35][INFO] SIM_BRIDGE: Growing synapse arrays: 48 -> 75
[2026-06-17 13:17:37][INFO] SIM_BRIDGE: Growing synapse arrays: 75 -> 114
[2026-06-17 13:17:40][INFO] SIM_BRIDGE: Growing synapse arrays: 114 -> 174
[2026-06-17 13:17:44][INFO] SIM_BRIDGE: Growing synapse arrays: 174 -> 264
[2026-06-17 13:17:50][INFO] SIM_BRIDGE: Growing synapse arrays: 264 -> 399
  ordered emission (full multi-sentence correct):  K2=1.000  K3=1.000
  ORDER-CONTROL (output order permutes with slots): 1.000  (non-trivial perms 28/40)
  NO-CONFAB (unknown topic abstains): abstain=1.000  known-slots-correct=1.000  both=1.000
  single-sentence regression (K=1): 1.000
  -> emission=True order=True no_confab=True regression=True | seed_full_pass=True

=== MULTI-SEED AGGREGATE ===
  ordered emission K2: mean=1.000 (>=0.80)  per-seed=[1.0, 1.0, 1.0, 1.0, 1.0, 1.0]
  ordered emission K3: mean=1.000 (>=0.80)  per-seed=[1.0, 1.0, 1.0, 1.0, 1.0, 1.0]
  ORDER-CONTROL mean=1.000
  NO-CONFAB unknown-abstain mean=1.000  both(abstain+knowns) mean=1.000
  single-sentence regression mean=1.000
  per-seed passes: emission 6/6  order 6/6  no_confab 6/6  regression 6/6  full 6/6
  K-split: K=2 pass 6/6  K=3 pass 6/6

=== EXAMPLE EMITTED MULTI-SENTENCE TRANSCRIPT (K=3) ===
  topic sequence (slot order): ['bird', 'hawk', 'frog']
  emitted: "bird ate worm. hawk chased mouse. frog crossed road."

=== VERDICT: GO ===
  The agent produces a coherent ORDERED MULTI-SENTENCE output by holding a sequence of topics in the spiking ordered-WM and emitting one correct sentence per slot IN SLOT ORDER. The output order is order-encoded (permuting the topic sequence permutes the sentences), each sentence renders the correct stored fact, an unknown topic abstains (no confabulation), and the single-sentence path is un-regressed -- all multi-seed. Multi-sentence fluency via topic-sequencing COMPOSES the validated ordered-WM and the validated fact-recall/serial-order renderer, staying clear of the nested-binding wall.

Wrote E:\Documents\Projects\sim\research\findings\raw\_phaseB_multisentence_ordered_emission.json
