[multi-turn anaphora de-risk] does a persistent spiking WM carry the referent across a turn boundary?
  GATE: turn2 'it'->cat (held), answer fish; reset/lesion break it; empty WM abstains.

[2026-06-17 03:49:40][INFO] SIM_BRIDGE: NumPy backend (CPU (NumPy backend), 47.7 GB RAM available)
[2026-06-17 03:49:40][INFO] SIM_BRIDGE: Initializing simulation data for model: IZHIKEVICH (3D)... (playback_init: False)
[2026-06-17 03:49:40][INFO] SIM_BRIDGE: RNG initialized with seed: 42
[2026-06-17 03:49:40][INFO] SIM_BRIDGE: Initializing Izhikevich model specifics for 256 neurons...
[2026-06-17 03:49:40][INFO] SIM_BRIDGE: Applying parameter heterogeneity to neuron parameters...
[2026-06-17 03:49:40][INFO] SIM_BRIDGE: Applied heterogeneity to 4 parameters.
[2026-06-17 03:49:40][INFO] SIM_BRIDGE: Initializing OU process state (tau=15.0ms, sigma=0.0pA)...
[2026-06-17 03:49:40][INFO] SIM_BRIDGE: Generating 3D neuron positions for 256 neurons...
[2026-06-17 03:49:40][INFO] SIM_BRIDGE: Generating connections (3D)...
[2026-06-17 03:49:40][INFO] SIM_BRIDGE: Simulation data initialized for 256 neurons (3D). Synapses: 0. GPU memory: 24.1GB/51.2GB (47.1%)
[2026-06-17 03:49:40][INFO] SIM_BRIDGE: NumPy backend (CPU (NumPy backend), 47.7 GB RAM available)
[2026-06-17 03:49:40][INFO] SIM_BRIDGE: Initializing simulation data for model: IZHIKEVICH (3D)... (playback_init: False)
[2026-06-17 03:49:40][INFO] SIM_BRIDGE: RNG initialized with seed: 42
[2026-06-17 03:49:40][INFO] SIM_BRIDGE: Initializing Izhikevich model specifics for 512 neurons...
[2026-06-17 03:49:40][INFO] SIM_BRIDGE: Applying parameter heterogeneity to neuron parameters...
[2026-06-17 03:49:40][INFO] SIM_BRIDGE: Applied heterogeneity to 4 parameters.
[2026-06-17 03:49:40][INFO] SIM_BRIDGE: Initializing OU process state (tau=15.0ms, sigma=0.0pA)...
[2026-06-17 03:49:40][INFO] SIM_BRIDGE: Generating 3D neuron positions for 512 neurons...
[2026-06-17 03:49:40][INFO] SIM_BRIDGE: Generating connections (3D)...
[2026-06-17 03:49:40][INFO] SIM_BRIDGE: Simulation data initialized for 512 neurons (3D). Synapses: 0. GPU memory: 24.1GB/51.2GB (47.1%)
[2026-06-17 03:49:40][INFO] SIM_BRIDGE: NumPy backend (CPU (NumPy backend), 47.7 GB RAM available)
[2026-06-17 03:49:40][INFO] SIM_BRIDGE: Initializing simulation data for model: IZHIKEVICH (3D)... (playback_init: False)
[2026-06-17 03:49:40][INFO] SIM_BRIDGE: Brain-region framework: 2 regions, 1200 total neurons, 2 pathways.
[2026-06-17 03:49:40][INFO] SIM_BRIDGE: RNG initialized with seed: 42
[2026-06-17 03:49:40][INFO] SIM_BRIDGE: NMDA per-region mask: 2 regions enabled (1200 neurons)
[2026-06-17 03:49:40][INFO] SIM_BRIDGE: Initializing Izhikevich model specifics for 1200 neurons...
[2026-06-17 03:49:41][INFO] SIM_BRIDGE: Region 'cortex_ctx' (600 neurons): using Izh type IZH2007_HIPPO_PYRAMIDAL
[2026-06-17 03:49:41][INFO] SIM_BRIDGE: Region 'dlpfc_wm' (600 neurons): using Izh type IZH2007_HIPPO_PYRAMIDAL
[2026-06-17 03:49:41][INFO] SIM_BRIDGE: Applying parameter heterogeneity to neuron parameters...
[2026-06-17 03:49:41][INFO] SIM_BRIDGE: Applied heterogeneity to 4 parameters.
[2026-06-17 03:49:41][INFO] SIM_BRIDGE: Generating 3D neuron positions for 1200 neurons...
[2026-06-17 03:49:41][INFO] SIM_BRIDGE: Generating connections (brain-region framework)...
[2026-06-17 03:49:42][INFO] SIM_BRIDGE: inject_explicit_wiring: installed 107786 synapses across 4 populations.
[2026-06-17 03:49:42][INFO] SIM_BRIDGE: Initializing eligibility traces for 107786 synapses (capacity: 161679, dtype: float32)...
[2026-06-17 03:49:42][INFO] SIM_BRIDGE: Initializing STDP state for 1200 neurons...
[2026-06-17 03:49:42][INFO] SIM_BRIDGE: Simulation data initialized for 1200 neurons (3D). Synapses: 107786. GPU memory: 24.2GB/51.2GB (47.2%)
[2026-06-17 03:49:44][INFO] SIM_BRIDGE: NumPy backend (CPU (NumPy backend), 47.7 GB RAM available)
[2026-06-17 03:49:44][INFO] SIM_BRIDGE: Initializing simulation data for model: IZHIKEVICH (3D)... (playback_init: False)
[2026-06-17 03:49:44][INFO] SIM_BRIDGE: Brain-region framework: 2 regions, 1200 total neurons, 2 pathways.
[2026-06-17 03:49:44][INFO] SIM_BRIDGE: RNG initialized with seed: 42
[2026-06-17 03:49:44][INFO] SIM_BRIDGE: NMDA per-region mask: 2 regions enabled (1200 neurons)
[2026-06-17 03:49:44][INFO] SIM_BRIDGE: Initializing Izhikevich model specifics for 1200 neurons...
[2026-06-17 03:49:44][INFO] SIM_BRIDGE: Region 'cortex_ctx' (600 neurons): using Izh type IZH2007_HIPPO_PYRAMIDAL
[2026-06-17 03:49:44][INFO] SIM_BRIDGE: Region 'dlpfc_wm' (600 neurons): using Izh type IZH2007_HIPPO_PYRAMIDAL
[2026-06-17 03:49:44][INFO] SIM_BRIDGE: Applying parameter heterogeneity to neuron parameters...
[2026-06-17 03:49:44][INFO] SIM_BRIDGE: Applied heterogeneity to 4 parameters.
[2026-06-17 03:49:44][INFO] SIM_BRIDGE: Generating 3D neuron positions for 1200 neurons...
[2026-06-17 03:49:44][INFO] SIM_BRIDGE: Generating connections (brain-region framework)...
[2026-06-17 03:49:44][INFO] SIM_BRIDGE: inject_explicit_wiring: installed 107786 synapses across 4 populations.
[2026-06-17 03:49:44][INFO] SIM_BRIDGE: Initializing eligibility traces for 107786 synapses (capacity: 161679, dtype: float32)...
[2026-06-17 03:49:44][INFO] SIM_BRIDGE: Initializing STDP state for 1200 neurons...
[2026-06-17 03:49:44][INFO] SIM_BRIDGE: Simulation data initialized for 1200 neurons (3D). Synapses: 107786. GPU memory: 24.2GB/51.2GB (47.2%)
[2026-06-17 03:49:45][INFO] SIM_BRIDGE: NumPy backend (CPU (NumPy backend), 47.7 GB RAM available)
[2026-06-17 03:49:45][INFO] SIM_BRIDGE: Initializing simulation data for model: IZHIKEVICH (3D)... (playback_init: False)
[2026-06-17 03:49:45][INFO] SIM_BRIDGE: Brain-region framework: 2 regions, 1200 total neurons, 2 pathways.
[2026-06-17 03:49:45][INFO] SIM_BRIDGE: RNG initialized with seed: 42
[2026-06-17 03:49:45][INFO] SIM_BRIDGE: NMDA per-region mask: 2 regions enabled (1200 neurons)
[2026-06-17 03:49:45][INFO] SIM_BRIDGE: Initializing Izhikevich model specifics for 1200 neurons...
[2026-06-17 03:49:45][INFO] SIM_BRIDGE: Region 'cortex_ctx' (600 neurons): using Izh type IZH2007_HIPPO_PYRAMIDAL
[2026-06-17 03:49:45][INFO] SIM_BRIDGE: Region 'dlpfc_wm' (600 neurons): using Izh type IZH2007_HIPPO_PYRAMIDAL
[2026-06-17 03:49:45][INFO] SIM_BRIDGE: Applying parameter heterogeneity to neuron parameters...
[2026-06-17 03:49:45][INFO] SIM_BRIDGE: Applied heterogeneity to 4 parameters.
[2026-06-17 03:49:45][INFO] SIM_BRIDGE: Generating 3D neuron positions for 1200 neurons...
[2026-06-17 03:49:45][INFO] SIM_BRIDGE: Generating connections (brain-region framework)...
[2026-06-17 03:49:46][INFO] SIM_BRIDGE: inject_explicit_wiring: installed 107786 synapses across 4 populations.
[2026-06-17 03:49:46][INFO] SIM_BRIDGE: Initializing eligibility traces for 107786 synapses (capacity: 161679, dtype: float32)...
[2026-06-17 03:49:46][INFO] SIM_BRIDGE: Initializing STDP state for 1200 neurons...
[2026-06-17 03:49:46][INFO] SIM_BRIDGE: Simulation data initialized for 1200 neurons (3D). Synapses: 107786. GPU memory: 24.2GB/51.2GB (47.2%)
[2026-06-17 03:49:47][INFO] SIM_BRIDGE: NumPy backend (CPU (NumPy backend), 47.7 GB RAM available)
[2026-06-17 03:49:47][INFO] SIM_BRIDGE: Initializing simulation data for model: IZHIKEVICH (3D)... (playback_init: False)
[2026-06-17 03:49:47][INFO] SIM_BRIDGE: Brain-region framework: 2 regions, 1200 total neurons, 2 pathways.
[2026-06-17 03:49:47][INFO] SIM_BRIDGE: RNG initialized with seed: 42
[2026-06-17 03:49:47][INFO] SIM_BRIDGE: NMDA per-region mask: 2 regions enabled (1200 neurons)
[2026-06-17 03:49:47][INFO] SIM_BRIDGE: Initializing Izhikevich model specifics for 1200 neurons...
[2026-06-17 03:49:47][INFO] SIM_BRIDGE: Region 'cortex_ctx' (600 neurons): using Izh type IZH2007_HIPPO_PYRAMIDAL
[2026-06-17 03:49:47][INFO] SIM_BRIDGE: Region 'dlpfc_wm' (600 neurons): using Izh type IZH2007_HIPPO_PYRAMIDAL
[2026-06-17 03:49:47][INFO] SIM_BRIDGE: Applying parameter heterogeneity to neuron parameters...
[2026-06-17 03:49:47][INFO] SIM_BRIDGE: Applied heterogeneity to 4 parameters.
[2026-06-17 03:49:47][INFO] SIM_BRIDGE: Generating 3D neuron positions for 1200 neurons...
[2026-06-17 03:49:47][INFO] SIM_BRIDGE: Generating connections (brain-region framework)...
[2026-06-17 03:49:48][INFO] SIM_BRIDGE: inject_explicit_wiring: installed 107786 synapses across 4 populations.
[2026-06-17 03:49:48][INFO] SIM_BRIDGE: Initializing eligibility traces for 107786 synapses (capacity: 161679, dtype: float32)...
[2026-06-17 03:49:48][INFO] SIM_BRIDGE: Initializing STDP state for 1200 neurons...
[2026-06-17 03:49:48][INFO] SIM_BRIDGE: Simulation data initialized for 1200 neurons (3D). Synapses: 107786. GPU memory: 24.2GB/51.2GB (47.2%)
[2026-06-17 03:49:50][INFO] SIM_BRIDGE: NumPy backend (CPU (NumPy backend), 47.7 GB RAM available)
[2026-06-17 03:49:50][INFO] SIM_BRIDGE: Initializing simulation data for model: IZHIKEVICH (3D)... (playback_init: False)
[2026-06-17 03:49:50][INFO] SIM_BRIDGE: Brain-region framework: 2 regions, 1200 total neurons, 2 pathways.
[2026-06-17 03:49:50][INFO] SIM_BRIDGE: RNG initialized with seed: 42
[2026-06-17 03:49:50][INFO] SIM_BRIDGE: NMDA per-region mask: 2 regions enabled (1200 neurons)
[2026-06-17 03:49:50][INFO] SIM_BRIDGE: Initializing Izhikevich model specifics for 1200 neurons...
[2026-06-17 03:49:50][INFO] SIM_BRIDGE: Region 'cortex_ctx' (600 neurons): using Izh type IZH2007_HIPPO_PYRAMIDAL
[2026-06-17 03:49:50][INFO] SIM_BRIDGE: Region 'dlpfc_wm' (600 neurons): using Izh type IZH2007_HIPPO_PYRAMIDAL
[2026-06-17 03:49:50][INFO] SIM_BRIDGE: Applying parameter heterogeneity to neuron parameters...
[2026-06-17 03:49:50][INFO] SIM_BRIDGE: Applied heterogeneity to 4 parameters.
[2026-06-17 03:49:50][INFO] SIM_BRIDGE: Generating 3D neuron positions for 1200 neurons...
[2026-06-17 03:49:50][INFO] SIM_BRIDGE: Generating connections (brain-region framework)...
[2026-06-17 03:49:51][INFO] SIM_BRIDGE: inject_explicit_wiring: installed 107786 synapses across 4 populations.
[2026-06-17 03:49:51][INFO] SIM_BRIDGE: Initializing eligibility traces for 107786 synapses (capacity: 161679, dtype: float32)...
[2026-06-17 03:49:51][INFO] SIM_BRIDGE: Initializing STDP state for 1200 neurons...
[2026-06-17 03:49:51][INFO] SIM_BRIDGE: Simulation data initialized for 1200 neurons (3D). Synapses: 107786. GPU memory: 24.2GB/51.2GB (47.2%)
  [seed 42] persistent: it->'cat' answer 'fish' (spec 574.0) | reset it->None ans None | lesion it->'worm' ans None | empty-moat None  ==> GO
[2026-06-17 03:49:52][INFO] SIM_BRIDGE: NumPy backend (CPU (NumPy backend), 47.7 GB RAM available)
[2026-06-17 03:49:52][INFO] SIM_BRIDGE: Initializing simulation data for model: IZHIKEVICH (3D)... (playback_init: False)
[2026-06-17 03:49:52][INFO] SIM_BRIDGE: RNG initialized with seed: 43
[2026-06-17 03:49:52][INFO] SIM_BRIDGE: Initializing Izhikevich model specifics for 256 neurons...
[2026-06-17 03:49:52][INFO] SIM_BRIDGE: Applying parameter heterogeneity to neuron parameters...
[2026-06-17 03:49:52][INFO] SIM_BRIDGE: Applied heterogeneity to 4 parameters.
[2026-06-17 03:49:52][INFO] SIM_BRIDGE: Initializing OU process state (tau=15.0ms, sigma=0.0pA)...
[2026-06-17 03:49:52][INFO] SIM_BRIDGE: Generating 3D neuron positions for 256 neurons...
[2026-06-17 03:49:52][INFO] SIM_BRIDGE: Generating connections (3D)...
[2026-06-17 03:49:52][INFO] SIM_BRIDGE: Simulation data initialized for 256 neurons (3D). Synapses: 0. GPU memory: 24.2GB/51.2GB (47.2%)
[2026-06-17 03:49:52][INFO] SIM_BRIDGE: NumPy backend (CPU (NumPy backend), 47.7 GB RAM available)
[2026-06-17 03:49:52][INFO] SIM_BRIDGE: Initializing simulation data for model: IZHIKEVICH (3D)... (playback_init: False)
[2026-06-17 03:49:52][INFO] SIM_BRIDGE: RNG initialized with seed: 43
[2026-06-17 03:49:52][INFO] SIM_BRIDGE: Initializing Izhikevich model specifics for 512 neurons...
[2026-06-17 03:49:52][INFO] SIM_BRIDGE: Applying parameter heterogeneity to neuron parameters...
[2026-06-17 03:49:52][INFO] SIM_BRIDGE: Applied heterogeneity to 4 parameters.
[2026-06-17 03:49:52][INFO] SIM_BRIDGE: Initializing OU process state (tau=15.0ms, sigma=0.0pA)...
[2026-06-17 03:49:52][INFO] SIM_BRIDGE: Generating 3D neuron positions for 512 neurons...
[2026-06-17 03:49:52][INFO] SIM_BRIDGE: Generating connections (3D)...
[2026-06-17 03:49:52][INFO] SIM_BRIDGE: Simulation data initialized for 512 neurons (3D). Synapses: 0. GPU memory: 24.2GB/51.2GB (47.2%)
[2026-06-17 03:49:52][INFO] SIM_BRIDGE: NumPy backend (CPU (NumPy backend), 47.7 GB RAM available)
[2026-06-17 03:49:52][INFO] SIM_BRIDGE: Initializing simulation data for model: IZHIKEVICH (3D)... (playback_init: False)
[2026-06-17 03:49:52][INFO] SIM_BRIDGE: Brain-region framework: 2 regions, 1200 total neurons, 2 pathways.
[2026-06-17 03:49:52][INFO] SIM_BRIDGE: RNG initialized with seed: 43
[2026-06-17 03:49:52][INFO] SIM_BRIDGE: NMDA per-region mask: 2 regions enabled (1200 neurons)
[2026-06-17 03:49:52][INFO] SIM_BRIDGE: Initializing Izhikevich model specifics for 1200 neurons...
[2026-06-17 03:49:52][INFO] SIM_BRIDGE: Region 'cortex_ctx' (600 neurons): using Izh type IZH2007_HIPPO_PYRAMIDAL
[2026-06-17 03:49:52][INFO] SIM_BRIDGE: Region 'dlpfc_wm' (600 neurons): using Izh type IZH2007_HIPPO_PYRAMIDAL
[2026-06-17 03:49:52][INFO] SIM_BRIDGE: Applying parameter heterogeneity to neuron parameters...
[2026-06-17 03:49:52][INFO] SIM_BRIDGE: Applied heterogeneity to 4 parameters.
[2026-06-17 03:49:52][INFO] SIM_BRIDGE: Generating 3D neuron positions for 1200 neurons...
[2026-06-17 03:49:52][INFO] SIM_BRIDGE: Generating connections (brain-region framework)...
[2026-06-17 03:49:53][INFO] SIM_BRIDGE: inject_explicit_wiring: installed 107649 synapses across 4 populations.
[2026-06-17 03:49:53][INFO] SIM_BRIDGE: Initializing eligibility traces for 107649 synapses (capacity: 161473, dtype: float32)...
[2026-06-17 03:49:53][INFO] SIM_BRIDGE: Initializing STDP state for 1200 neurons...
[2026-06-17 03:49:53][INFO] SIM_BRIDGE: Simulation data initialized for 1200 neurons (3D). Synapses: 107649. GPU memory: 24.2GB/51.2GB (47.2%)
[2026-06-17 03:49:54][INFO] SIM_BRIDGE: NumPy backend (CPU (NumPy backend), 47.7 GB RAM available)
[2026-06-17 03:49:54][INFO] SIM_BRIDGE: Initializing simulation data for model: IZHIKEVICH (3D)... (playback_init: False)
[2026-06-17 03:49:54][INFO] SIM_BRIDGE: Brain-region framework: 2 regions, 1200 total neurons, 2 pathways.
[2026-06-17 03:49:54][INFO] SIM_BRIDGE: RNG initialized with seed: 43
[2026-06-17 03:49:54][INFO] SIM_BRIDGE: NMDA per-region mask: 2 regions enabled (1200 neurons)
[2026-06-17 03:49:54][INFO] SIM_BRIDGE: Initializing Izhikevich model specifics for 1200 neurons...
[2026-06-17 03:49:54][INFO] SIM_BRIDGE: Region 'cortex_ctx' (600 neurons): using Izh type IZH2007_HIPPO_PYRAMIDAL
[2026-06-17 03:49:54][INFO] SIM_BRIDGE: Region 'dlpfc_wm' (600 neurons): using Izh type IZH2007_HIPPO_PYRAMIDAL
[2026-06-17 03:49:54][INFO] SIM_BRIDGE: Applying parameter heterogeneity to neuron parameters...
[2026-06-17 03:49:54][INFO] SIM_BRIDGE: Applied heterogeneity to 4 parameters.
[2026-06-17 03:49:54][INFO] SIM_BRIDGE: Generating 3D neuron positions for 1200 neurons...
[2026-06-17 03:49:54][INFO] SIM_BRIDGE: Generating connections (brain-region framework)...
[2026-06-17 03:49:54][INFO] SIM_BRIDGE: inject_explicit_wiring: installed 107649 synapses across 4 populations.
[2026-06-17 03:49:54][INFO] SIM_BRIDGE: Initializing eligibility traces for 107649 synapses (capacity: 161473, dtype: float32)...
[2026-06-17 03:49:54][INFO] SIM_BRIDGE: Initializing STDP state for 1200 neurons...
[2026-06-17 03:49:54][INFO] SIM_BRIDGE: Simulation data initialized for 1200 neurons (3D). Synapses: 107649. GPU memory: 24.2GB/51.2GB (47.2%)
[2026-06-17 03:49:56][INFO] SIM_BRIDGE: NumPy backend (CPU (NumPy backend), 47.7 GB RAM available)
[2026-06-17 03:49:56][INFO] SIM_BRIDGE: Initializing simulation data for model: IZHIKEVICH (3D)... (playback_init: False)
[2026-06-17 03:49:56][INFO] SIM_BRIDGE: Brain-region framework: 2 regions, 1200 total neurons, 2 pathways.
[2026-06-17 03:49:56][INFO] SIM_BRIDGE: RNG initialized with seed: 43
[2026-06-17 03:49:56][INFO] SIM_BRIDGE: NMDA per-region mask: 2 regions enabled (1200 neurons)
[2026-06-17 03:49:56][INFO] SIM_BRIDGE: Initializing Izhikevich model specifics for 1200 neurons...
[2026-06-17 03:49:56][INFO] SIM_BRIDGE: Region 'cortex_ctx' (600 neurons): using Izh type IZH2007_HIPPO_PYRAMIDAL
[2026-06-17 03:49:56][INFO] SIM_BRIDGE: Region 'dlpfc_wm' (600 neurons): using Izh type IZH2007_HIPPO_PYRAMIDAL
[2026-06-17 03:49:56][INFO] SIM_BRIDGE: Applying parameter heterogeneity to neuron parameters...
[2026-06-17 03:49:56][INFO] SIM_BRIDGE: Applied heterogeneity to 4 parameters.
[2026-06-17 03:49:56][INFO] SIM_BRIDGE: Generating 3D neuron positions for 1200 neurons...
[2026-06-17 03:49:56][INFO] SIM_BRIDGE: Generating connections (brain-region framework)...
[2026-06-17 03:49:56][INFO] SIM_BRIDGE: inject_explicit_wiring: installed 107649 synapses across 4 populations.
[2026-06-17 03:49:56][INFO] SIM_BRIDGE: Initializing eligibility traces for 107649 synapses (capacity: 161473, dtype: float32)...
[2026-06-17 03:49:56][INFO] SIM_BRIDGE: Initializing STDP state for 1200 neurons...
[2026-06-17 03:49:56][INFO] SIM_BRIDGE: Simulation data initialized for 1200 neurons (3D). Synapses: 107649. GPU memory: 24.2GB/51.2GB (47.2%)
[2026-06-17 03:49:57][INFO] SIM_BRIDGE: NumPy backend (CPU (NumPy backend), 47.7 GB RAM available)
[2026-06-17 03:49:57][INFO] SIM_BRIDGE: Initializing simulation data for model: IZHIKEVICH (3D)... (playback_init: False)
[2026-06-17 03:49:57][INFO] SIM_BRIDGE: Brain-region framework: 2 regions, 1200 total neurons, 2 pathways.
[2026-06-17 03:49:57][INFO] SIM_BRIDGE: RNG initialized with seed: 43
[2026-06-17 03:49:57][INFO] SIM_BRIDGE: NMDA per-region mask: 2 regions enabled (1200 neurons)
[2026-06-17 03:49:57][INFO] SIM_BRIDGE: Initializing Izhikevich model specifics for 1200 neurons...
[2026-06-17 03:49:57][INFO] SIM_BRIDGE: Region 'cortex_ctx' (600 neurons): using Izh type IZH2007_HIPPO_PYRAMIDAL
[2026-06-17 03:49:57][INFO] SIM_BRIDGE: Region 'dlpfc_wm' (600 neurons): using Izh type IZH2007_HIPPO_PYRAMIDAL
[2026-06-17 03:49:57][INFO] SIM_BRIDGE: Applying parameter heterogeneity to neuron parameters...
[2026-06-17 03:49:57][INFO] SIM_BRIDGE: Applied heterogeneity to 4 parameters.
[2026-06-17 03:49:57][INFO] SIM_BRIDGE: Generating 3D neuron positions for 1200 neurons...
[2026-06-17 03:49:57][INFO] SIM_BRIDGE: Generating connections (brain-region framework)...
[2026-06-17 03:49:58][INFO] SIM_BRIDGE: inject_explicit_wiring: installed 107649 synapses across 4 populations.
[2026-06-17 03:49:58][INFO] SIM_BRIDGE: Initializing eligibility traces for 107649 synapses (capacity: 161473, dtype: float32)...
[2026-06-17 03:49:58][INFO] SIM_BRIDGE: Initializing STDP state for 1200 neurons...
[2026-06-17 03:49:58][INFO] SIM_BRIDGE: Simulation data initialized for 1200 neurons (3D). Synapses: 107649. GPU memory: 24.2GB/51.2GB (47.2%)
[2026-06-17 03:50:00][INFO] SIM_BRIDGE: NumPy backend (CPU (NumPy backend), 47.7 GB RAM available)
[2026-06-17 03:50:00][INFO] SIM_BRIDGE: Initializing simulation data for model: IZHIKEVICH (3D)... (playback_init: False)
[2026-06-17 03:50:00][INFO] SIM_BRIDGE: Brain-region framework: 2 regions, 1200 total neurons, 2 pathways.
[2026-06-17 03:50:00][INFO] SIM_BRIDGE: RNG initialized with seed: 43
[2026-06-17 03:50:00][INFO] SIM_BRIDGE: NMDA per-region mask: 2 regions enabled (1200 neurons)
[2026-06-17 03:50:00][INFO] SIM_BRIDGE: Initializing Izhikevich model specifics for 1200 neurons...
[2026-06-17 03:50:00][INFO] SIM_BRIDGE: Region 'cortex_ctx' (600 neurons): using Izh type IZH2007_HIPPO_PYRAMIDAL
[2026-06-17 03:50:00][INFO] SIM_BRIDGE: Region 'dlpfc_wm' (600 neurons): using Izh type IZH2007_HIPPO_PYRAMIDAL
[2026-06-17 03:50:00][INFO] SIM_BRIDGE: Applying parameter heterogeneity to neuron parameters...
[2026-06-17 03:50:00][INFO] SIM_BRIDGE: Applied heterogeneity to 4 parameters.
[2026-06-17 03:50:00][INFO] SIM_BRIDGE: Generating 3D neuron positions for 1200 neurons...
[2026-06-17 03:50:00][INFO] SIM_BRIDGE: Generating connections (brain-region framework)...
[2026-06-17 03:50:01][INFO] SIM_BRIDGE: inject_explicit_wiring: installed 107649 synapses across 4 populations.
[2026-06-17 03:50:01][INFO] SIM_BRIDGE: Initializing eligibility traces for 107649 synapses (capacity: 161473, dtype: float32)...
[2026-06-17 03:50:01][INFO] SIM_BRIDGE: Initializing STDP state for 1200 neurons...
[2026-06-17 03:50:01][INFO] SIM_BRIDGE: Simulation data initialized for 1200 neurons (3D). Synapses: 107649. GPU memory: 24.2GB/51.2GB (47.2%)
  [seed 43] persistent: it->'cat' answer 'fish' (spec 296250000.0) | reset it->None ans None | lesion it->None ans None | empty-moat None  ==> GO
[2026-06-17 03:50:02][INFO] SIM_BRIDGE: NumPy backend (CPU (NumPy backend), 47.7 GB RAM available)
[2026-06-17 03:50:02][INFO] SIM_BRIDGE: Initializing simulation data for model: IZHIKEVICH (3D)... (playback_init: False)
[2026-06-17 03:50:02][INFO] SIM_BRIDGE: RNG initialized with seed: 44
[2026-06-17 03:50:02][INFO] SIM_BRIDGE: Initializing Izhikevich model specifics for 256 neurons...
[2026-06-17 03:50:02][INFO] SIM_BRIDGE: Applying parameter heterogeneity to neuron parameters...
[2026-06-17 03:50:02][INFO] SIM_BRIDGE: Applied heterogeneity to 4 parameters.
[2026-06-17 03:50:02][INFO] SIM_BRIDGE: Initializing OU process state (tau=15.0ms, sigma=0.0pA)...
[2026-06-17 03:50:02][INFO] SIM_BRIDGE: Generating 3D neuron positions for 256 neurons...
[2026-06-17 03:50:02][INFO] SIM_BRIDGE: Generating connections (3D)...
[2026-06-17 03:50:02][INFO] SIM_BRIDGE: Simulation data initialized for 256 neurons (3D). Synapses: 0. GPU memory: 24.2GB/51.2GB (47.2%)
[2026-06-17 03:50:02][INFO] SIM_BRIDGE: NumPy backend (CPU (NumPy backend), 47.7 GB RAM available)
[2026-06-17 03:50:02][INFO] SIM_BRIDGE: Initializing simulation data for model: IZHIKEVICH (3D)... (playback_init: False)
[2026-06-17 03:50:02][INFO] SIM_BRIDGE: RNG initialized with seed: 44
[2026-06-17 03:50:02][INFO] SIM_BRIDGE: Initializing Izhikevich model specifics for 512 neurons...
[2026-06-17 03:50:02][INFO] SIM_BRIDGE: Applying parameter heterogeneity to neuron parameters...
[2026-06-17 03:50:02][INFO] SIM_BRIDGE: Applied heterogeneity to 4 parameters.
[2026-06-17 03:50:02][INFO] SIM_BRIDGE: Initializing OU process state (tau=15.0ms, sigma=0.0pA)...
[2026-06-17 03:50:02][INFO] SIM_BRIDGE: Generating 3D neuron positions for 512 neurons...
[2026-06-17 03:50:02][INFO] SIM_BRIDGE: Generating connections (3D)...
[2026-06-17 03:50:02][INFO] SIM_BRIDGE: Simulation data initialized for 512 neurons (3D). Synapses: 0. GPU memory: 24.2GB/51.2GB (47.2%)
[2026-06-17 03:50:02][INFO] SIM_BRIDGE: NumPy backend (CPU (NumPy backend), 47.7 GB RAM available)
[2026-06-17 03:50:02][INFO] SIM_BRIDGE: Initializing simulation data for model: IZHIKEVICH (3D)... (playback_init: False)
[2026-06-17 03:50:02][INFO] SIM_BRIDGE: Brain-region framework: 2 regions, 1200 total neurons, 2 pathways.
[2026-06-17 03:50:02][INFO] SIM_BRIDGE: RNG initialized with seed: 44
[2026-06-17 03:50:02][INFO] SIM_BRIDGE: NMDA per-region mask: 2 regions enabled (1200 neurons)
[2026-06-17 03:50:02][INFO] SIM_BRIDGE: Initializing Izhikevich model specifics for 1200 neurons...
[2026-06-17 03:50:02][INFO] SIM_BRIDGE: Region 'cortex_ctx' (600 neurons): using Izh type IZH2007_HIPPO_PYRAMIDAL
[2026-06-17 03:50:02][INFO] SIM_BRIDGE: Region 'dlpfc_wm' (600 neurons): using Izh type IZH2007_HIPPO_PYRAMIDAL
[2026-06-17 03:50:02][INFO] SIM_BRIDGE: Applying parameter heterogeneity to neuron parameters...
[2026-06-17 03:50:02][INFO] SIM_BRIDGE: Applied heterogeneity to 4 parameters.
[2026-06-17 03:50:02][INFO] SIM_BRIDGE: Generating 3D neuron positions for 1200 neurons...
[2026-06-17 03:50:02][INFO] SIM_BRIDGE: Generating connections (brain-region framework)...
[2026-06-17 03:50:03][INFO] SIM_BRIDGE: inject_explicit_wiring: installed 107422 synapses across 4 populations.
[2026-06-17 03:50:03][INFO] SIM_BRIDGE: Initializing eligibility traces for 107422 synapses (capacity: 161133, dtype: float32)...
[2026-06-17 03:50:03][INFO] SIM_BRIDGE: Initializing STDP state for 1200 neurons...
[2026-06-17 03:50:03][INFO] SIM_BRIDGE: Simulation data initialized for 1200 neurons (3D). Synapses: 107422. GPU memory: 24.2GB/51.2GB (47.2%)
[2026-06-17 03:50:04][INFO] SIM_BRIDGE: NumPy backend (CPU (NumPy backend), 47.7 GB RAM available)
[2026-06-17 03:50:04][INFO] SIM_BRIDGE: Initializing simulation data for model: IZHIKEVICH (3D)... (playback_init: False)
[2026-06-17 03:50:04][INFO] SIM_BRIDGE: Brain-region framework: 2 regions, 1200 total neurons, 2 pathways.
[2026-06-17 03:50:04][INFO] SIM_BRIDGE: RNG initialized with seed: 44
[2026-06-17 03:50:04][INFO] SIM_BRIDGE: NMDA per-region mask: 2 regions enabled (1200 neurons)
[2026-06-17 03:50:04][INFO] SIM_BRIDGE: Initializing Izhikevich model specifics for 1200 neurons...
[2026-06-17 03:50:04][INFO] SIM_BRIDGE: Region 'cortex_ctx' (600 neurons): using Izh type IZH2007_HIPPO_PYRAMIDAL
[2026-06-17 03:50:04][INFO] SIM_BRIDGE: Region 'dlpfc_wm' (600 neurons): using Izh type IZH2007_HIPPO_PYRAMIDAL
[2026-06-17 03:50:04][INFO] SIM_BRIDGE: Applying parameter heterogeneity to neuron parameters...
[2026-06-17 03:50:04][INFO] SIM_BRIDGE: Applied heterogeneity to 4 parameters.
[2026-06-17 03:50:04][INFO] SIM_BRIDGE: Generating 3D neuron positions for 1200 neurons...
[2026-06-17 03:50:04][INFO] SIM_BRIDGE: Generating connections (brain-region framework)...
[2026-06-17 03:50:05][INFO] SIM_BRIDGE: inject_explicit_wiring: installed 107422 synapses across 4 populations.
[2026-06-17 03:50:05][INFO] SIM_BRIDGE: Initializing eligibility traces for 107422 synapses (capacity: 161133, dtype: float32)...
[2026-06-17 03:50:05][INFO] SIM_BRIDGE: Initializing STDP state for 1200 neurons...
[2026-06-17 03:50:05][INFO] SIM_BRIDGE: Simulation data initialized for 1200 neurons (3D). Synapses: 107422. GPU memory: 24.1GB/51.2GB (47.1%)
[2026-06-17 03:50:06][INFO] SIM_BRIDGE: NumPy backend (CPU (NumPy backend), 47.7 GB RAM available)
[2026-06-17 03:50:06][INFO] SIM_BRIDGE: Initializing simulation data for model: IZHIKEVICH (3D)... (playback_init: False)
[2026-06-17 03:50:06][INFO] SIM_BRIDGE: Brain-region framework: 2 regions, 1200 total neurons, 2 pathways.
[2026-06-17 03:50:06][INFO] SIM_BRIDGE: RNG initialized with seed: 44
[2026-06-17 03:50:06][INFO] SIM_BRIDGE: NMDA per-region mask: 2 regions enabled (1200 neurons)
[2026-06-17 03:50:06][INFO] SIM_BRIDGE: Initializing Izhikevich model specifics for 1200 neurons...
[2026-06-17 03:50:06][INFO] SIM_BRIDGE: Region 'cortex_ctx' (600 neurons): using Izh type IZH2007_HIPPO_PYRAMIDAL
[2026-06-17 03:50:06][INFO] SIM_BRIDGE: Region 'dlpfc_wm' (600 neurons): using Izh type IZH2007_HIPPO_PYRAMIDAL
[2026-06-17 03:50:06][INFO] SIM_BRIDGE: Applying parameter heterogeneity to neuron parameters...
[2026-06-17 03:50:06][INFO] SIM_BRIDGE: Applied heterogeneity to 4 parameters.
[2026-06-17 03:50:06][INFO] SIM_BRIDGE: Generating 3D neuron positions for 1200 neurons...
[2026-06-17 03:50:06][INFO] SIM_BRIDGE: Generating connections (brain-region framework)...
[2026-06-17 03:50:07][INFO] SIM_BRIDGE: inject_explicit_wiring: installed 107422 synapses across 4 populations.
[2026-06-17 03:50:07][INFO] SIM_BRIDGE: Initializing eligibility traces for 107422 synapses (capacity: 161133, dtype: float32)...
[2026-06-17 03:50:07][INFO] SIM_BRIDGE: Initializing STDP state for 1200 neurons...
[2026-06-17 03:50:07][INFO] SIM_BRIDGE: Simulation data initialized for 1200 neurons (3D). Synapses: 107422. GPU memory: 24.1GB/51.2GB (47.1%)
[2026-06-17 03:50:08][INFO] SIM_BRIDGE: NumPy backend (CPU (NumPy backend), 47.7 GB RAM available)
[2026-06-17 03:50:08][INFO] SIM_BRIDGE: Initializing simulation data for model: IZHIKEVICH (3D)... (playback_init: False)
[2026-06-17 03:50:08][INFO] SIM_BRIDGE: Brain-region framework: 2 regions, 1200 total neurons, 2 pathways.
[2026-06-17 03:50:08][INFO] SIM_BRIDGE: RNG initialized with seed: 44
[2026-06-17 03:50:08][INFO] SIM_BRIDGE: NMDA per-region mask: 2 regions enabled (1200 neurons)
[2026-06-17 03:50:08][INFO] SIM_BRIDGE: Initializing Izhikevich model specifics for 1200 neurons...
[2026-06-17 03:50:08][INFO] SIM_BRIDGE: Region 'cortex_ctx' (600 neurons): using Izh type IZH2007_HIPPO_PYRAMIDAL
[2026-06-17 03:50:08][INFO] SIM_BRIDGE: Region 'dlpfc_wm' (600 neurons): using Izh type IZH2007_HIPPO_PYRAMIDAL
[2026-06-17 03:50:08][INFO] SIM_BRIDGE: Applying parameter heterogeneity to neuron parameters...
[2026-06-17 03:50:08][INFO] SIM_BRIDGE: Applied heterogeneity to 4 parameters.
[2026-06-17 03:50:08][INFO] SIM_BRIDGE: Generating 3D neuron positions for 1200 neurons...
[2026-06-17 03:50:08][INFO] SIM_BRIDGE: Generating connections (brain-region framework)...
[2026-06-17 03:50:08][INFO] SIM_BRIDGE: inject_explicit_wiring: installed 107422 synapses across 4 populations.
[2026-06-17 03:50:08][INFO] SIM_BRIDGE: Initializing eligibility traces for 107422 synapses (capacity: 161133, dtype: float32)...
[2026-06-17 03:50:08][INFO] SIM_BRIDGE: Initializing STDP state for 1200 neurons...
[2026-06-17 03:50:08][INFO] SIM_BRIDGE: Simulation data initialized for 1200 neurons (3D). Synapses: 107422. GPU memory: 24.1GB/51.2GB (47.1%)
[2026-06-17 03:50:11][INFO] SIM_BRIDGE: NumPy backend (CPU (NumPy backend), 47.7 GB RAM available)
[2026-06-17 03:50:11][INFO] SIM_BRIDGE: Initializing simulation data for model: IZHIKEVICH (3D)... (playback_init: False)
[2026-06-17 03:50:11][INFO] SIM_BRIDGE: Brain-region framework: 2 regions, 1200 total neurons, 2 pathways.
[2026-06-17 03:50:11][INFO] SIM_BRIDGE: RNG initialized with seed: 44
[2026-06-17 03:50:11][INFO] SIM_BRIDGE: NMDA per-region mask: 2 regions enabled (1200 neurons)
[2026-06-17 03:50:11][INFO] SIM_BRIDGE: Initializing Izhikevich model specifics for 1200 neurons...
[2026-06-17 03:50:11][INFO] SIM_BRIDGE: Region 'cortex_ctx' (600 neurons): using Izh type IZH2007_HIPPO_PYRAMIDAL
[2026-06-17 03:50:11][INFO] SIM_BRIDGE: Region 'dlpfc_wm' (600 neurons): using Izh type IZH2007_HIPPO_PYRAMIDAL
[2026-06-17 03:50:11][INFO] SIM_BRIDGE: Applying parameter heterogeneity to neuron parameters...
[2026-06-17 03:50:11][INFO] SIM_BRIDGE: Applied heterogeneity to 4 parameters.
[2026-06-17 03:50:11][INFO] SIM_BRIDGE: Generating 3D neuron positions for 1200 neurons...
[2026-06-17 03:50:11][INFO] SIM_BRIDGE: Generating connections (brain-region framework)...
[2026-06-17 03:50:11][INFO] SIM_BRIDGE: inject_explicit_wiring: installed 107422 synapses across 4 populations.
[2026-06-17 03:50:11][INFO] SIM_BRIDGE: Initializing eligibility traces for 107422 synapses (capacity: 161133, dtype: float32)...
[2026-06-17 03:50:11][INFO] SIM_BRIDGE: Initializing STDP state for 1200 neurons...
[2026-06-17 03:50:11][INFO] SIM_BRIDGE: Simulation data initialized for 1200 neurons (3D). Synapses: 107422. GPU memory: 24.1GB/51.2GB (47.0%)
  [seed 44] persistent: it->'cat' answer 'fish' (spec 1749.99) | reset it->None ans None | lesion it->None ans None | empty-moat None  ==> GO

====================================================================================================
  GO (3/3 seeds): a PERSISTENT spiking working-memory loop carries the discourse referent across the turn boundary — turn-2 'it' resolves to the held concept (cat) and the composer answers correctly (fish). RESETTING the loop or LESIONING its attractor breaks resolution, and an empty WM abstains (no confabulated antecedent). Multi-turn anaphora is spiking-native + moat-safe.
  [saved] research/findings/raw/_phaseB_multiturn_anaphora.json
====================================================================================================
