========================================================================
[grid-onbridge DELTA] seed=44 arm=grid grid_on=True scramble=False (graded center=1.5 slope=1.0 strength=80.0 readout_only=True) n_grid=198
========================================================================
[g11] WARN: --spiking-reward-us WITHOUT --perceived-approach-reward -> the US rides on the COORD-based reward (not coord-free). Add --perceived-approach-reward for the fully-biologized (coord-free) reward chain.
[2026-06-21 18:24:23][INFO] SIM_BRIDGE: CuPy using GPU: NVIDIA GeForce RTX 3090 (24.0 GB), mempool limit: 80%
[2026-06-21 18:24:23][INFO] SIM_BRIDGE: Initializing simulation data for model: IZHIKEVICH (3D)... (playback_init: False)
[2026-06-21 18:24:23][INFO] SIM_BRIDGE: Brain-region framework: 43 regions, 1280 total neurons, 59 pathways.
[2026-06-21 18:24:23][INFO] SIM_BRIDGE: RNG initialized with seed: 44
[2026-06-21 18:24:23][INFO] SIM_BRIDGE: NMDA per-region mask: 1 regions enabled (80 neurons)
[2026-06-21 18:24:23][INFO] SIM_BRIDGE: Homeostasis per-region mask: 1 regions enabled (80 neurons)
[2026-06-21 18:24:23][INFO] SIM_BRIDGE: Initializing Izhikevich model specifics for 1280 neurons...
[2026-06-21 18:24:23][INFO] SIM_BRIDGE: Region 'cortex_N' (25 neurons): using Izh type IZH2007_RS_CORTICAL_PYRAMIDAL
[2026-06-21 18:24:23][INFO] SIM_BRIDGE: Region 'cortex_E' (25 neurons): using Izh type IZH2007_RS_CORTICAL_PYRAMIDAL
[2026-06-21 18:24:23][INFO] SIM_BRIDGE: Region 'cortex_S' (25 neurons): using Izh type IZH2007_RS_CORTICAL_PYRAMIDAL
[2026-06-21 18:24:23][INFO] SIM_BRIDGE: Region 'cortex_W' (25 neurons): using Izh type IZH2007_RS_CORTICAL_PYRAMIDAL
[2026-06-21 18:24:23][INFO] SIM_BRIDGE: Region 'str_D1_N' (50 neurons): using Izh type IZH2007_STRIATAL_MSN_D1
[2026-06-21 18:24:23][INFO] SIM_BRIDGE: Region 'str_D2_N' (50 neurons): using Izh type IZH2007_STRIATAL_MSN_D2
[2026-06-21 18:24:23][INFO] SIM_BRIDGE: Region 'str_D1_E' (50 neurons): using Izh type IZH2007_STRIATAL_MSN_D1
[2026-06-21 18:24:23][INFO] SIM_BRIDGE: Region 'str_D2_E' (50 neurons): using Izh type IZH2007_STRIATAL_MSN_D2
[2026-06-21 18:24:23][INFO] SIM_BRIDGE: Region 'str_D1_S' (50 neurons): using Izh type IZH2007_STRIATAL_MSN_D1
[2026-06-21 18:24:23][INFO] SIM_BRIDGE: Region 'str_D2_S' (50 neurons): using Izh type IZH2007_STRIATAL_MSN_D2
[2026-06-21 18:24:23][INFO] SIM_BRIDGE: Region 'str_D1_W' (50 neurons): using Izh type IZH2007_STRIATAL_MSN_D1
[2026-06-21 18:24:23][INFO] SIM_BRIDGE: Region 'str_D2_W' (50 neurons): using Izh type IZH2007_STRIATAL_MSN_D2
[2026-06-21 18:24:23][INFO] SIM_BRIDGE: Region 'gpe_N' (10 neurons): using Izh type IZH2007_GPE_PACEMAKER
[2026-06-21 18:24:23][INFO] SIM_BRIDGE: Region 'gpe_arky_N' (4 neurons): using Izh type IZH2007_GPE_PACEMAKER
[2026-06-21 18:24:23][INFO] SIM_BRIDGE: Region 'gpi_N' (10 neurons): using Izh type IZH2007_GPI_OUTPUT
[2026-06-21 18:24:23][INFO] SIM_BRIDGE: Region 'str_striosome_N' (8 neurons): using Izh type IZH2007_STRIATAL_MSN_D1
[2026-06-21 18:24:23][INFO] SIM_BRIDGE: Region 'gpe_E' (10 neurons): using Izh type IZH2007_GPE_PACEMAKER
[2026-06-21 18:24:23][INFO] SIM_BRIDGE: Region 'gpe_arky_E' (4 neurons): using Izh type IZH2007_GPE_PACEMAKER
[2026-06-21 18:24:23][INFO] SIM_BRIDGE: Region 'gpi_E' (10 neurons): using Izh type IZH2007_GPI_OUTPUT
[2026-06-21 18:24:23][INFO] SIM_BRIDGE: Region 'str_striosome_E' (8 neurons): using Izh type IZH2007_STRIATAL_MSN_D1
[2026-06-21 18:24:23][INFO] SIM_BRIDGE: Region 'gpe_S' (10 neurons): using Izh type IZH2007_GPE_PACEMAKER
[2026-06-21 18:24:23][INFO] SIM_BRIDGE: Region 'gpe_arky_S' (4 neurons): using Izh type IZH2007_GPE_PACEMAKER
[2026-06-21 18:24:23][INFO] SIM_BRIDGE: Region 'gpi_S' (10 neurons): using Izh type IZH2007_GPI_OUTPUT
[2026-06-21 18:24:23][INFO] SIM_BRIDGE: Region 'str_striosome_S' (8 neurons): using Izh type IZH2007_STRIATAL_MSN_D1
[2026-06-21 18:24:23][INFO] SIM_BRIDGE: Region 'gpe_W' (10 neurons): using Izh type IZH2007_GPE_PACEMAKER
[2026-06-21 18:24:23][INFO] SIM_BRIDGE: Region 'gpe_arky_W' (4 neurons): using Izh type IZH2007_GPE_PACEMAKER
[2026-06-21 18:24:23][INFO] SIM_BRIDGE: Region 'gpi_W' (10 neurons): using Izh type IZH2007_GPI_OUTPUT
[2026-06-21 18:24:23][INFO] SIM_BRIDGE: Region 'str_striosome_W' (8 neurons): using Izh type IZH2007_STRIATAL_MSN_D1
[2026-06-21 18:24:23][INFO] SIM_BRIDGE: Region 'stn' (20 neurons): using Izh type IZH2007_STN_BURST
[2026-06-21 18:24:23][INFO] SIM_BRIDGE: Region 'thal_N' (10 neurons): using Izh type IZH2007_THALAMIC_RELAY
[2026-06-21 18:24:23][INFO] SIM_BRIDGE: Region 'motor_N' (10 neurons): using Izh type IZH2007_RS_CORTICAL_PYRAMIDAL
[2026-06-21 18:24:23][INFO] SIM_BRIDGE: Region 'thal_E' (10 neurons): using Izh type IZH2007_THALAMIC_RELAY
[2026-06-21 18:24:23][INFO] SIM_BRIDGE: Region 'motor_E' (10 neurons): using Izh type IZH2007_RS_CORTICAL_PYRAMIDAL
[2026-06-21 18:24:23][INFO] SIM_BRIDGE: Region 'thal_S' (10 neurons): using Izh type IZH2007_THALAMIC_RELAY
[2026-06-21 18:24:23][INFO] SIM_BRIDGE: Region 'motor_S' (10 neurons): using Izh type IZH2007_RS_CORTICAL_PYRAMIDAL
[2026-06-21 18:24:23][INFO] SIM_BRIDGE: Region 'thal_W' (10 neurons): using Izh type IZH2007_THALAMIC_RELAY
[2026-06-21 18:24:23][INFO] SIM_BRIDGE: Region 'motor_W' (10 neurons): using Izh type IZH2007_RS_CORTICAL_PYRAMIDAL
[2026-06-21 18:24:23][INFO] SIM_BRIDGE: Region 'snc' (10 neurons): using Izh type IZH2007_DOPAMINE
[2026-06-21 18:24:23][INFO] SIM_BRIDGE: Region 'reward_us' (40 neurons): using Izh type IZH2007_RS_CORTICAL_PYRAMIDAL
[2026-06-21 18:24:23][INFO] SIM_BRIDGE: Region 'place_sensors' (198 neurons): using Izh type IZH2007_RS_CORTICAL_PYRAMIDAL
[2026-06-21 18:24:23][INFO] SIM_BRIDGE: Region 'place' (200 neurons): using Izh type IZH2007_HIPPO_PYRAMIDAL
[2026-06-21 18:24:23][INFO] SIM_BRIDGE: Region 'place_fs' (24 neurons): using Izh type IZH2007_FS_CORTICAL_INTERNEURON
[2026-06-21 18:24:23][INFO] SIM_BRIDGE: Region 'striosome_value' (80 neurons): using Izh type IZH2007_STRIATAL_MSN_D1
[2026-06-21 18:24:23][INFO] SIM_BRIDGE: Generating 3D neuron positions for 1280 neurons...
[2026-06-21 18:24:23][INFO] SIM_BRIDGE: Generating connections (brain-region framework)...
[2026-06-21 18:24:23][INFO] SIM_BRIDGE: inject_explicit_wiring: installed 40830 synapses across 59 populations.
[2026-06-21 18:24:23][INFO] SIM_BRIDGE: Initializing eligibility traces for 40830 synapses (capacity: 61245, dtype: float32)...
[2026-06-21 18:24:23][INFO] SIM_BRIDGE: Initializing STDP state for 1280 neurons...
[2026-06-21 18:24:23][INFO] SIM_BRIDGE: Simulation data initialized for 1280 neurons (3D). Synapses: 40830. GPU memory: 2.6GB/25.8GB (10.0%)
[g11 seed=44] Spiking-SNc Stage B: NEURAL value critic ON (striosome_value n=80, place->value w0=0.20027300715446472); r-V subtracted via GABA_B/GIRK (E_K=-90mV, prop=0.02); critic->SNc gate = OPEN (continuous, Stage 1). Host _V_scaffold DROPPED.
[g11 seed=44] BG circuit: 43 regions, 1280 neurons, 40830 synapses
[g11 seed=44] N9 STEP-1 place self-org done (13s): diff-loc cos=0.189258 sparsity=0.170000 (place fields FROZEN; DETERMINISTIC)
[g11 seed=44] N9 STEP-2 value-training done (129s): 40 pair-then-reward trials x 4 goal(s); w_near 0.200->132.726 w_far 0.198->51.327 (near/far 2.59); V(near) 50.357142857142854->86.16071428571428Hz (place fields FROZEN; V FROZEN)
========================================================================
[g11 seed=44] N9 STAGE-B SMOKE (value-learning @ nav scale):
  near=(6, 6) far=(1.0, 1.0) (near_set=59 far_set=2 place cells)
  [LEARNS-V]  w_near=132.726 w_far=51.327 (near/far 2.59; >=1.5x => True)
  [CRITIC FIRE+GRADE] (weighted plateau, k=12) critic@near=276.25Hz critic@far=215.97Hz (>=5Hz & near>=3xfar; fire=True grade=False)
  [GABA_B gap d=r-V]  predicted(NEAR)=342.50Hz unpredicted(FAR)=65.00Hz gap=0.19 (unpred>1.3x pred => False)
  [LESION control]    zeroed 403 GABA_B synapses -> pred=0.00Hz unpred=77.50Hz gap=77500000.00 (collapses to ~1.0 => False)
  STAGE-B VERDICT: LEARNS-V=True CRITIC-FIRE+GRADE=False GABA_B-gap=False lesion-collapses=False
  [HONEST] critic does NOT fire+grade at nav scale (critic@near=276.25Hz, near/far=1.28) — design §Risk 'place-code self-org at nav scale' / 'actor-critic interaction'.
========================================================================
[grid-onbridge TD-READ seed=44 arm=grid] V_near=723.0086498354286 V_far=238.00325439674967 V_mid=736.6478069026131 V_n/f=3.037809931078415 | (td1 graded-V) delta_td=686.8582173436572 ratio=1.9429597172622473 GAP=True | (td2 snc-burst) burst_n=204.99999999999997 burst_f=0.0 delta_td=0.0 ratio=0.0 GAP=False | (td3 adjacent) delta_td=686.8582173436572 ratio=0.9662052957380635 GAP=False
[grid-onbridge DELTA RESULT seed=44 arm=grid] LEARNS-V=True (w_n/w_f=2.5858820203316246) critic@near=276.25Hz @far=215.97222222222223Hz grade=1.2790996784565916 | V_near=627.5469908981029 V_far=223.73277928314968 V_n/f=2.804895165155472 | snc-burst-delta(gap)=0.1897810218978102 gabab_gap=False | GRADED-V delta_vnf=2.32234205074487 (vnf_gap=True) delta_snc_graded=0.0 (snc_pred=320.0 snc_unpred=0.0) | GABA_B-cond delta_gabab=1.3940972229821669 (gap=True) [gb_near=6.9615690686227065 gb_far=4.993603712753223]
========================================================================
[grid-onbridge DELTA] seed=44 arm=render grid_on=False scramble=False (graded center=1.5 slope=1.0 strength=80.0 readout_only=True) n_grid=None
========================================================================
[g11] WARN: --spiking-reward-us WITHOUT --perceived-approach-reward -> the US rides on the COORD-based reward (not coord-free). Add --perceived-approach-reward for the fully-biologized (coord-free) reward chain.
[2026-06-21 18:26:58][INFO] SIM_BRIDGE: CuPy using GPU: NVIDIA GeForce RTX 3090 (24.0 GB), mempool limit: 80%
[2026-06-21 18:26:58][INFO] SIM_BRIDGE: Initializing simulation data for model: IZHIKEVICH (3D)... (playback_init: False)
[2026-06-21 18:26:58][INFO] SIM_BRIDGE: Brain-region framework: 43 regions, 1142 total neurons, 59 pathways.
[2026-06-21 18:26:58][INFO] SIM_BRIDGE: RNG initialized with seed: 44
[2026-06-21 18:26:58][INFO] SIM_BRIDGE: NMDA per-region mask: 1 regions enabled (80 neurons)
[2026-06-21 18:26:58][INFO] SIM_BRIDGE: Homeostasis per-region mask: 1 regions enabled (80 neurons)
[2026-06-21 18:26:58][INFO] SIM_BRIDGE: Initializing Izhikevich model specifics for 1142 neurons...
[2026-06-21 18:26:58][INFO] SIM_BRIDGE: Region 'cortex_N' (25 neurons): using Izh type IZH2007_RS_CORTICAL_PYRAMIDAL
[2026-06-21 18:26:58][INFO] SIM_BRIDGE: Region 'cortex_E' (25 neurons): using Izh type IZH2007_RS_CORTICAL_PYRAMIDAL
[2026-06-21 18:26:58][INFO] SIM_BRIDGE: Region 'cortex_S' (25 neurons): using Izh type IZH2007_RS_CORTICAL_PYRAMIDAL
[2026-06-21 18:26:58][INFO] SIM_BRIDGE: Region 'cortex_W' (25 neurons): using Izh type IZH2007_RS_CORTICAL_PYRAMIDAL
[2026-06-21 18:26:58][INFO] SIM_BRIDGE: Region 'str_D1_N' (50 neurons): using Izh type IZH2007_STRIATAL_MSN_D1
[2026-06-21 18:26:58][INFO] SIM_BRIDGE: Region 'str_D2_N' (50 neurons): using Izh type IZH2007_STRIATAL_MSN_D2
[2026-06-21 18:26:58][INFO] SIM_BRIDGE: Region 'str_D1_E' (50 neurons): using Izh type IZH2007_STRIATAL_MSN_D1
[2026-06-21 18:26:58][INFO] SIM_BRIDGE: Region 'str_D2_E' (50 neurons): using Izh type IZH2007_STRIATAL_MSN_D2
[2026-06-21 18:26:58][INFO] SIM_BRIDGE: Region 'str_D1_S' (50 neurons): using Izh type IZH2007_STRIATAL_MSN_D1
[2026-06-21 18:26:58][INFO] SIM_BRIDGE: Region 'str_D2_S' (50 neurons): using Izh type IZH2007_STRIATAL_MSN_D2
[2026-06-21 18:26:58][INFO] SIM_BRIDGE: Region 'str_D1_W' (50 neurons): using Izh type IZH2007_STRIATAL_MSN_D1
[2026-06-21 18:26:58][INFO] SIM_BRIDGE: Region 'str_D2_W' (50 neurons): using Izh type IZH2007_STRIATAL_MSN_D2
[2026-06-21 18:26:58][INFO] SIM_BRIDGE: Region 'gpe_N' (10 neurons): using Izh type IZH2007_GPE_PACEMAKER
[2026-06-21 18:26:58][INFO] SIM_BRIDGE: Region 'gpe_arky_N' (4 neurons): using Izh type IZH2007_GPE_PACEMAKER
[2026-06-21 18:26:58][INFO] SIM_BRIDGE: Region 'gpi_N' (10 neurons): using Izh type IZH2007_GPI_OUTPUT
[2026-06-21 18:26:58][INFO] SIM_BRIDGE: Region 'str_striosome_N' (8 neurons): using Izh type IZH2007_STRIATAL_MSN_D1
[2026-06-21 18:26:58][INFO] SIM_BRIDGE: Region 'gpe_E' (10 neurons): using Izh type IZH2007_GPE_PACEMAKER
[2026-06-21 18:26:58][INFO] SIM_BRIDGE: Region 'gpe_arky_E' (4 neurons): using Izh type IZH2007_GPE_PACEMAKER
[2026-06-21 18:26:58][INFO] SIM_BRIDGE: Region 'gpi_E' (10 neurons): using Izh type IZH2007_GPI_OUTPUT
[2026-06-21 18:26:58][INFO] SIM_BRIDGE: Region 'str_striosome_E' (8 neurons): using Izh type IZH2007_STRIATAL_MSN_D1
[2026-06-21 18:26:58][INFO] SIM_BRIDGE: Region 'gpe_S' (10 neurons): using Izh type IZH2007_GPE_PACEMAKER
[2026-06-21 18:26:58][INFO] SIM_BRIDGE: Region 'gpe_arky_S' (4 neurons): using Izh type IZH2007_GPE_PACEMAKER
[2026-06-21 18:26:58][INFO] SIM_BRIDGE: Region 'gpi_S' (10 neurons): using Izh type IZH2007_GPI_OUTPUT
[2026-06-21 18:26:58][INFO] SIM_BRIDGE: Region 'str_striosome_S' (8 neurons): using Izh type IZH2007_STRIATAL_MSN_D1
[2026-06-21 18:26:58][INFO] SIM_BRIDGE: Region 'gpe_W' (10 neurons): using Izh type IZH2007_GPE_PACEMAKER
[2026-06-21 18:26:58][INFO] SIM_BRIDGE: Region 'gpe_arky_W' (4 neurons): using Izh type IZH2007_GPE_PACEMAKER
[2026-06-21 18:26:58][INFO] SIM_BRIDGE: Region 'gpi_W' (10 neurons): using Izh type IZH2007_GPI_OUTPUT
[2026-06-21 18:26:58][INFO] SIM_BRIDGE: Region 'str_striosome_W' (8 neurons): using Izh type IZH2007_STRIATAL_MSN_D1
[2026-06-21 18:26:58][INFO] SIM_BRIDGE: Region 'stn' (20 neurons): using Izh type IZH2007_STN_BURST
[2026-06-21 18:26:58][INFO] SIM_BRIDGE: Region 'thal_N' (10 neurons): using Izh type IZH2007_THALAMIC_RELAY
[2026-06-21 18:26:58][INFO] SIM_BRIDGE: Region 'motor_N' (10 neurons): using Izh type IZH2007_RS_CORTICAL_PYRAMIDAL
[2026-06-21 18:26:58][INFO] SIM_BRIDGE: Region 'thal_E' (10 neurons): using Izh type IZH2007_THALAMIC_RELAY
[2026-06-21 18:26:58][INFO] SIM_BRIDGE: Region 'motor_E' (10 neurons): using Izh type IZH2007_RS_CORTICAL_PYRAMIDAL
[2026-06-21 18:26:58][INFO] SIM_BRIDGE: Region 'thal_S' (10 neurons): using Izh type IZH2007_THALAMIC_RELAY
[2026-06-21 18:26:58][INFO] SIM_BRIDGE: Region 'motor_S' (10 neurons): using Izh type IZH2007_RS_CORTICAL_PYRAMIDAL
[2026-06-21 18:26:58][INFO] SIM_BRIDGE: Region 'thal_W' (10 neurons): using Izh type IZH2007_THALAMIC_RELAY
[2026-06-21 18:26:58][INFO] SIM_BRIDGE: Region 'motor_W' (10 neurons): using Izh type IZH2007_RS_CORTICAL_PYRAMIDAL
[2026-06-21 18:26:58][INFO] SIM_BRIDGE: Region 'snc' (10 neurons): using Izh type IZH2007_DOPAMINE
[2026-06-21 18:26:58][INFO] SIM_BRIDGE: Region 'reward_us' (40 neurons): using Izh type IZH2007_RS_CORTICAL_PYRAMIDAL
[2026-06-21 18:26:58][INFO] SIM_BRIDGE: Region 'place_sensors' (60 neurons): using Izh type IZH2007_RS_CORTICAL_PYRAMIDAL
[2026-06-21 18:26:58][INFO] SIM_BRIDGE: Region 'place' (200 neurons): using Izh type IZH2007_HIPPO_PYRAMIDAL
[2026-06-21 18:26:58][INFO] SIM_BRIDGE: Region 'place_fs' (24 neurons): using Izh type IZH2007_FS_CORTICAL_INTERNEURON
[2026-06-21 18:26:58][INFO] SIM_BRIDGE: Region 'striosome_value' (80 neurons): using Izh type IZH2007_STRIATAL_MSN_D1
[2026-06-21 18:26:58][INFO] SIM_BRIDGE: Generating 3D neuron positions for 1142 neurons...
[2026-06-21 18:26:58][INFO] SIM_BRIDGE: Generating connections (brain-region framework)...
[2026-06-21 18:26:58][INFO] SIM_BRIDGE: inject_explicit_wiring: installed 27086 synapses across 59 populations.
[2026-06-21 18:26:58][INFO] SIM_BRIDGE: Initializing eligibility traces for 27086 synapses (capacity: 40629, dtype: float32)...
[2026-06-21 18:26:58][INFO] SIM_BRIDGE: Initializing STDP state for 1142 neurons...
[2026-06-21 18:26:58][INFO] SIM_BRIDGE: Simulation data initialized for 1142 neurons (3D). Synapses: 27086. GPU memory: 1.4GB/25.8GB (5.2%)
[g11 seed=44] Spiking-SNc Stage B: NEURAL value critic ON (striosome_value n=80, place->value w0=0.20035521686077118); r-V subtracted via GABA_B/GIRK (E_K=-90mV, prop=0.02); critic->SNc gate = OPEN (continuous, Stage 1). Host _V_scaffold DROPPED.
[g11 seed=44] BG circuit: 43 regions, 1142 neurons, 27086 synapses
[g11 seed=44] N9 STEP-1 place self-org done (11s): diff-loc cos=0.667246 sparsity=0.077500 (place fields FROZEN; DETERMINISTIC)
[g11 seed=44] N9 STEP-2 value-training done (123s): 40 pair-then-reward trials x 4 goal(s); w_near 0.202->0.768 w_far 0.203->0.824 (near/far 0.93); V(near) 0.0->0.0Hz (place fields FROZEN; V FROZEN)
========================================================================
[g11 seed=44] N9 STAGE-B SMOKE (value-learning @ nav scale):
  near=(6, 6) far=(1.0, 1.0) (near_set=9 far_set=9 place cells)
  [LEARNS-V]  w_near=0.768 w_far=0.824 (near/far 0.93; >=1.5x => False)
  [CRITIC FIRE+GRADE] (weighted plateau, k=12) critic@near=17.50Hz critic@far=18.89Hz (>=5Hz & near>=3xfar; fire=True grade=False)
  [GABA_B gap d=r-V]  predicted(NEAR)=30.00Hz unpredicted(FAR)=30.00Hz gap=1.00 (unpred>1.3x pred => False)
  [LESION control]    zeroed 411 GABA_B synapses -> pred=90.00Hz unpred=97.50Hz gap=1.08 (collapses to ~1.0 => True)
  STAGE-B VERDICT: LEARNS-V=False CRITIC-FIRE+GRADE=False GABA_B-gap=False lesion-collapses=True
  [HONEST] critic does NOT fire+grade at nav scale (critic@near=17.50Hz, near/far=0.93) — design §Risk 'place-code self-org at nav scale' / 'actor-critic interaction'.
========================================================================
[grid-onbridge TD-READ seed=44 arm=render] V_near=47.777415785923594 V_far=67.13747810803937 V_mid=50.87986245637819 V_n/f=0.7116355444426872 | (td1 graded-V) delta_td=45.38854499662742 ratio=0.8380268836102764 GAP=False | (td2 snc-burst) burst_n=42.5 burst_f=35.0 delta_td=35.0 ratio=1.0 GAP=False | (td3 adjacent) delta_td=45.38854499662742 ratio=0.9460364356875104 GAP=False
[grid-onbridge DELTA RESULT seed=44 arm=render] LEARNS-V=False (w_n/w_f=0.9314632702025688) critic@near=17.5Hz @far=18.88888888888889Hz grade=0.926470588235294 | V_near=43.31366355608869 V_far=68.81845121658486 V_n/f=0.6293902694754389 | snc-burst-delta(gap)=1.0 gabab_gap=False | GRADED-V delta_vnf=0.7010735672772554 (vnf_gap=False) delta_snc_graded=0.6470588235294118 (snc_pred=42.5 snc_unpred=27.5) | GABA_B-cond delta_gabab=1.3609216096657484 (gap=True) [gb_near=0.7474108626491806 gb_far=0.5491946467311587]
========================================================================
[grid-onbridge DELTA] seed=44 arm=scramble grid_on=True scramble=True (graded center=1.5 slope=1.0 strength=80.0 readout_only=True) n_grid=198
========================================================================
[g11] WARN: --spiking-reward-us WITHOUT --perceived-approach-reward -> the US rides on the COORD-based reward (not coord-free). Add --perceived-approach-reward for the fully-biologized (coord-free) reward chain.
[2026-06-21 18:29:25][INFO] SIM_BRIDGE: CuPy using GPU: NVIDIA GeForce RTX 3090 (24.0 GB), mempool limit: 80%
[2026-06-21 18:29:25][INFO] SIM_BRIDGE: Initializing simulation data for model: IZHIKEVICH (3D)... (playback_init: False)
[2026-06-21 18:29:25][INFO] SIM_BRIDGE: Brain-region framework: 43 regions, 1280 total neurons, 59 pathways.
[2026-06-21 18:29:25][INFO] SIM_BRIDGE: RNG initialized with seed: 44
[2026-06-21 18:29:25][INFO] SIM_BRIDGE: NMDA per-region mask: 1 regions enabled (80 neurons)
[2026-06-21 18:29:25][INFO] SIM_BRIDGE: Homeostasis per-region mask: 1 regions enabled (80 neurons)
[2026-06-21 18:29:25][INFO] SIM_BRIDGE: Initializing Izhikevich model specifics for 1280 neurons...
[2026-06-21 18:29:25][INFO] SIM_BRIDGE: Region 'cortex_N' (25 neurons): using Izh type IZH2007_RS_CORTICAL_PYRAMIDAL
[2026-06-21 18:29:25][INFO] SIM_BRIDGE: Region 'cortex_E' (25 neurons): using Izh type IZH2007_RS_CORTICAL_PYRAMIDAL
[2026-06-21 18:29:25][INFO] SIM_BRIDGE: Region 'cortex_S' (25 neurons): using Izh type IZH2007_RS_CORTICAL_PYRAMIDAL
[2026-06-21 18:29:25][INFO] SIM_BRIDGE: Region 'cortex_W' (25 neurons): using Izh type IZH2007_RS_CORTICAL_PYRAMIDAL
[2026-06-21 18:29:25][INFO] SIM_BRIDGE: Region 'str_D1_N' (50 neurons): using Izh type IZH2007_STRIATAL_MSN_D1
[2026-06-21 18:29:25][INFO] SIM_BRIDGE: Region 'str_D2_N' (50 neurons): using Izh type IZH2007_STRIATAL_MSN_D2
[2026-06-21 18:29:25][INFO] SIM_BRIDGE: Region 'str_D1_E' (50 neurons): using Izh type IZH2007_STRIATAL_MSN_D1
[2026-06-21 18:29:25][INFO] SIM_BRIDGE: Region 'str_D2_E' (50 neurons): using Izh type IZH2007_STRIATAL_MSN_D2
[2026-06-21 18:29:25][INFO] SIM_BRIDGE: Region 'str_D1_S' (50 neurons): using Izh type IZH2007_STRIATAL_MSN_D1
[2026-06-21 18:29:25][INFO] SIM_BRIDGE: Region 'str_D2_S' (50 neurons): using Izh type IZH2007_STRIATAL_MSN_D2
[2026-06-21 18:29:25][INFO] SIM_BRIDGE: Region 'str_D1_W' (50 neurons): using Izh type IZH2007_STRIATAL_MSN_D1
[2026-06-21 18:29:25][INFO] SIM_BRIDGE: Region 'str_D2_W' (50 neurons): using Izh type IZH2007_STRIATAL_MSN_D2
[2026-06-21 18:29:25][INFO] SIM_BRIDGE: Region 'gpe_N' (10 neurons): using Izh type IZH2007_GPE_PACEMAKER
[2026-06-21 18:29:25][INFO] SIM_BRIDGE: Region 'gpe_arky_N' (4 neurons): using Izh type IZH2007_GPE_PACEMAKER
[2026-06-21 18:29:25][INFO] SIM_BRIDGE: Region 'gpi_N' (10 neurons): using Izh type IZH2007_GPI_OUTPUT
[2026-06-21 18:29:25][INFO] SIM_BRIDGE: Region 'str_striosome_N' (8 neurons): using Izh type IZH2007_STRIATAL_MSN_D1
[2026-06-21 18:29:25][INFO] SIM_BRIDGE: Region 'gpe_E' (10 neurons): using Izh type IZH2007_GPE_PACEMAKER
[2026-06-21 18:29:25][INFO] SIM_BRIDGE: Region 'gpe_arky_E' (4 neurons): using Izh type IZH2007_GPE_PACEMAKER
[2026-06-21 18:29:25][INFO] SIM_BRIDGE: Region 'gpi_E' (10 neurons): using Izh type IZH2007_GPI_OUTPUT
[2026-06-21 18:29:25][INFO] SIM_BRIDGE: Region 'str_striosome_E' (8 neurons): using Izh type IZH2007_STRIATAL_MSN_D1
[2026-06-21 18:29:25][INFO] SIM_BRIDGE: Region 'gpe_S' (10 neurons): using Izh type IZH2007_GPE_PACEMAKER
[2026-06-21 18:29:25][INFO] SIM_BRIDGE: Region 'gpe_arky_S' (4 neurons): using Izh type IZH2007_GPE_PACEMAKER
[2026-06-21 18:29:25][INFO] SIM_BRIDGE: Region 'gpi_S' (10 neurons): using Izh type IZH2007_GPI_OUTPUT
[2026-06-21 18:29:25][INFO] SIM_BRIDGE: Region 'str_striosome_S' (8 neurons): using Izh type IZH2007_STRIATAL_MSN_D1
[2026-06-21 18:29:25][INFO] SIM_BRIDGE: Region 'gpe_W' (10 neurons): using Izh type IZH2007_GPE_PACEMAKER
[2026-06-21 18:29:25][INFO] SIM_BRIDGE: Region 'gpe_arky_W' (4 neurons): using Izh type IZH2007_GPE_PACEMAKER
[2026-06-21 18:29:25][INFO] SIM_BRIDGE: Region 'gpi_W' (10 neurons): using Izh type IZH2007_GPI_OUTPUT
[2026-06-21 18:29:25][INFO] SIM_BRIDGE: Region 'str_striosome_W' (8 neurons): using Izh type IZH2007_STRIATAL_MSN_D1
[2026-06-21 18:29:25][INFO] SIM_BRIDGE: Region 'stn' (20 neurons): using Izh type IZH2007_STN_BURST
[2026-06-21 18:29:25][INFO] SIM_BRIDGE: Region 'thal_N' (10 neurons): using Izh type IZH2007_THALAMIC_RELAY
[2026-06-21 18:29:25][INFO] SIM_BRIDGE: Region 'motor_N' (10 neurons): using Izh type IZH2007_RS_CORTICAL_PYRAMIDAL
[2026-06-21 18:29:25][INFO] SIM_BRIDGE: Region 'thal_E' (10 neurons): using Izh type IZH2007_THALAMIC_RELAY
[2026-06-21 18:29:25][INFO] SIM_BRIDGE: Region 'motor_E' (10 neurons): using Izh type IZH2007_RS_CORTICAL_PYRAMIDAL
[2026-06-21 18:29:25][INFO] SIM_BRIDGE: Region 'thal_S' (10 neurons): using Izh type IZH2007_THALAMIC_RELAY
[2026-06-21 18:29:25][INFO] SIM_BRIDGE: Region 'motor_S' (10 neurons): using Izh type IZH2007_RS_CORTICAL_PYRAMIDAL
[2026-06-21 18:29:25][INFO] SIM_BRIDGE: Region 'thal_W' (10 neurons): using Izh type IZH2007_THALAMIC_RELAY
[2026-06-21 18:29:25][INFO] SIM_BRIDGE: Region 'motor_W' (10 neurons): using Izh type IZH2007_RS_CORTICAL_PYRAMIDAL
[2026-06-21 18:29:25][INFO] SIM_BRIDGE: Region 'snc' (10 neurons): using Izh type IZH2007_DOPAMINE
[2026-06-21 18:29:25][INFO] SIM_BRIDGE: Region 'reward_us' (40 neurons): using Izh type IZH2007_RS_CORTICAL_PYRAMIDAL
[2026-06-21 18:29:25][INFO] SIM_BRIDGE: Region 'place_sensors' (198 neurons): using Izh type IZH2007_RS_CORTICAL_PYRAMIDAL
[2026-06-21 18:29:25][INFO] SIM_BRIDGE: Region 'place' (200 neurons): using Izh type IZH2007_HIPPO_PYRAMIDAL
[2026-06-21 18:29:25][INFO] SIM_BRIDGE: Region 'place_fs' (24 neurons): using Izh type IZH2007_FS_CORTICAL_INTERNEURON
[2026-06-21 18:29:25][INFO] SIM_BRIDGE: Region 'striosome_value' (80 neurons): using Izh type IZH2007_STRIATAL_MSN_D1
[2026-06-21 18:29:25][INFO] SIM_BRIDGE: Generating 3D neuron positions for 1280 neurons...
[2026-06-21 18:29:25][INFO] SIM_BRIDGE: Generating connections (brain-region framework)...
[2026-06-21 18:29:25][INFO] SIM_BRIDGE: inject_explicit_wiring: installed 40830 synapses across 59 populations.
[2026-06-21 18:29:25][INFO] SIM_BRIDGE: Initializing eligibility traces for 40830 synapses (capacity: 61245, dtype: float32)...
[2026-06-21 18:29:25][INFO] SIM_BRIDGE: Initializing STDP state for 1280 neurons...
[2026-06-21 18:29:25][INFO] SIM_BRIDGE: Simulation data initialized for 1280 neurons (3D). Synapses: 40830. GPU memory: 1.4GB/25.8GB (5.2%)
[g11 seed=44] Spiking-SNc Stage B: NEURAL value critic ON (striosome_value n=80, place->value w0=0.20027300715446472); r-V subtracted via GABA_B/GIRK (E_K=-90mV, prop=0.02); critic->SNc gate = OPEN (continuous, Stage 1). Host _V_scaffold DROPPED.
[g11 seed=44] BG circuit: 43 regions, 1280 neurons, 40830 synapses
[g11 seed=44] N9 STEP-1 place self-org done (12s): diff-loc cos=0.000000 sparsity=0.107500 (place fields FROZEN; DETERMINISTIC)
[g11 seed=44] N9 STEP-2 value-training done (120s): 40 pair-then-reward trials x 4 goal(s); w_near 0.202->3.131 w_far 0.199->25.529 (near/far 0.12); V(near) 4.285714285714286->0.0Hz (place fields FROZEN; V FROZEN)
========================================================================
[g11 seed=44] N9 STAGE-B SMOKE (value-learning @ nav scale):
  near=(6, 6) far=(1.0, 1.0) (near_set=24 far_set=23 place cells)
  [LEARNS-V]  w_near=3.131 w_far=25.529 (near/far 0.12; >=1.5x => False)
  [CRITIC FIRE+GRADE] (weighted plateau, k=12) critic@near=69.86Hz critic@far=135.00Hz (>=5Hz & near>=3xfar; fire=True grade=False)
  [GABA_B gap d=r-V]  predicted(NEAR)=2.50Hz unpredicted(FAR)=0.00Hz gap=0.00 (unpred>1.3x pred => False)
  [LESION control]    zeroed 403 GABA_B synapses -> pred=90.00Hz unpred=87.50Hz gap=0.97 (collapses to ~1.0 => True)
  STAGE-B VERDICT: LEARNS-V=False CRITIC-FIRE+GRADE=False GABA_B-gap=False lesion-collapses=True
  [HONEST] critic does NOT fire+grade at nav scale (critic@near=69.86Hz, near/far=0.52) — design §Risk 'place-code self-org at nav scale' / 'actor-critic interaction'.
========================================================================
[grid-onbridge TD-READ seed=44 arm=scramble] V_near=69.97720382465386 V_far=306.90702869879135 V_mid=12.616053604972103 V_n/f=0.22800782413273366 | (td1 graded-V) delta_td=66.47834363342116 ratio=0.6083037164630485 GAP=False | (td2 snc-burst) burst_n=7.5 burst_f=0.0 delta_td=0.0 ratio=0.0 GAP=False | (td3 adjacent) delta_td=66.47834363342116 ratio=3.134672684302064 GAP=True
[grid-onbridge DELTA RESULT seed=44 arm=scramble] LEARNS-V=False (w_n/w_f=0.1226508740441199) critic@near=69.86111111111111Hz @far=135.0Hz grade=0.5174897119341564 | V_near=112.32665342160658 V_far=261.1826186273981 V_n/f=0.4300694051232072 | snc-burst-delta(gap)=0.0 gabab_gap=False | GRADED-V delta_vnf=0.40223352708388355 (vnf_gap=False) delta_snc_graded=0.0 (snc_pred=20.0 snc_unpred=0.0) | GABA_B-cond delta_gabab=0.0 (gap=False) [gb_near=0.0 gb_far=0.0]
========================================================================
[grid-onbridge DELTA] seed=44 arm=no_learn grid_on=True scramble=False (graded center=1.5 slope=1.0 strength=80.0 readout_only=True) n_grid=198
========================================================================
[g11] WARN: --spiking-reward-us WITHOUT --perceived-approach-reward -> the US rides on the COORD-based reward (not coord-free). Add --perceived-approach-reward for the fully-biologized (coord-free) reward chain.
[2026-06-21 18:31:50][INFO] SIM_BRIDGE: CuPy using GPU: NVIDIA GeForce RTX 3090 (24.0 GB), mempool limit: 80%
[2026-06-21 18:31:50][INFO] SIM_BRIDGE: Initializing simulation data for model: IZHIKEVICH (3D)... (playback_init: False)
[2026-06-21 18:31:50][INFO] SIM_BRIDGE: Brain-region framework: 43 regions, 1280 total neurons, 59 pathways.
[2026-06-21 18:31:50][INFO] SIM_BRIDGE: RNG initialized with seed: 44
[2026-06-21 18:31:50][INFO] SIM_BRIDGE: NMDA per-region mask: 1 regions enabled (80 neurons)
[2026-06-21 18:31:50][INFO] SIM_BRIDGE: Homeostasis per-region mask: 1 regions enabled (80 neurons)
[2026-06-21 18:31:50][INFO] SIM_BRIDGE: Initializing Izhikevich model specifics for 1280 neurons...
[2026-06-21 18:31:50][INFO] SIM_BRIDGE: Region 'cortex_N' (25 neurons): using Izh type IZH2007_RS_CORTICAL_PYRAMIDAL
[2026-06-21 18:31:50][INFO] SIM_BRIDGE: Region 'cortex_E' (25 neurons): using Izh type IZH2007_RS_CORTICAL_PYRAMIDAL
[2026-06-21 18:31:50][INFO] SIM_BRIDGE: Region 'cortex_S' (25 neurons): using Izh type IZH2007_RS_CORTICAL_PYRAMIDAL
[2026-06-21 18:31:50][INFO] SIM_BRIDGE: Region 'cortex_W' (25 neurons): using Izh type IZH2007_RS_CORTICAL_PYRAMIDAL
[2026-06-21 18:31:50][INFO] SIM_BRIDGE: Region 'str_D1_N' (50 neurons): using Izh type IZH2007_STRIATAL_MSN_D1
[2026-06-21 18:31:50][INFO] SIM_BRIDGE: Region 'str_D2_N' (50 neurons): using Izh type IZH2007_STRIATAL_MSN_D2
[2026-06-21 18:31:50][INFO] SIM_BRIDGE: Region 'str_D1_E' (50 neurons): using Izh type IZH2007_STRIATAL_MSN_D1
[2026-06-21 18:31:50][INFO] SIM_BRIDGE: Region 'str_D2_E' (50 neurons): using Izh type IZH2007_STRIATAL_MSN_D2
[2026-06-21 18:31:50][INFO] SIM_BRIDGE: Region 'str_D1_S' (50 neurons): using Izh type IZH2007_STRIATAL_MSN_D1
[2026-06-21 18:31:50][INFO] SIM_BRIDGE: Region 'str_D2_S' (50 neurons): using Izh type IZH2007_STRIATAL_MSN_D2
[2026-06-21 18:31:50][INFO] SIM_BRIDGE: Region 'str_D1_W' (50 neurons): using Izh type IZH2007_STRIATAL_MSN_D1
[2026-06-21 18:31:50][INFO] SIM_BRIDGE: Region 'str_D2_W' (50 neurons): using Izh type IZH2007_STRIATAL_MSN_D2
[2026-06-21 18:31:50][INFO] SIM_BRIDGE: Region 'gpe_N' (10 neurons): using Izh type IZH2007_GPE_PACEMAKER
[2026-06-21 18:31:50][INFO] SIM_BRIDGE: Region 'gpe_arky_N' (4 neurons): using Izh type IZH2007_GPE_PACEMAKER
[2026-06-21 18:31:50][INFO] SIM_BRIDGE: Region 'gpi_N' (10 neurons): using Izh type IZH2007_GPI_OUTPUT
[2026-06-21 18:31:50][INFO] SIM_BRIDGE: Region 'str_striosome_N' (8 neurons): using Izh type IZH2007_STRIATAL_MSN_D1
[2026-06-21 18:31:50][INFO] SIM_BRIDGE: Region 'gpe_E' (10 neurons): using Izh type IZH2007_GPE_PACEMAKER
[2026-06-21 18:31:50][INFO] SIM_BRIDGE: Region 'gpe_arky_E' (4 neurons): using Izh type IZH2007_GPE_PACEMAKER
[2026-06-21 18:31:50][INFO] SIM_BRIDGE: Region 'gpi_E' (10 neurons): using Izh type IZH2007_GPI_OUTPUT
[2026-06-21 18:31:50][INFO] SIM_BRIDGE: Region 'str_striosome_E' (8 neurons): using Izh type IZH2007_STRIATAL_MSN_D1
[2026-06-21 18:31:50][INFO] SIM_BRIDGE: Region 'gpe_S' (10 neurons): using Izh type IZH2007_GPE_PACEMAKER
[2026-06-21 18:31:50][INFO] SIM_BRIDGE: Region 'gpe_arky_S' (4 neurons): using Izh type IZH2007_GPE_PACEMAKER
[2026-06-21 18:31:50][INFO] SIM_BRIDGE: Region 'gpi_S' (10 neurons): using Izh type IZH2007_GPI_OUTPUT
[2026-06-21 18:31:50][INFO] SIM_BRIDGE: Region 'str_striosome_S' (8 neurons): using Izh type IZH2007_STRIATAL_MSN_D1
[2026-06-21 18:31:50][INFO] SIM_BRIDGE: Region 'gpe_W' (10 neurons): using Izh type IZH2007_GPE_PACEMAKER
[2026-06-21 18:31:50][INFO] SIM_BRIDGE: Region 'gpe_arky_W' (4 neurons): using Izh type IZH2007_GPE_PACEMAKER
[2026-06-21 18:31:50][INFO] SIM_BRIDGE: Region 'gpi_W' (10 neurons): using Izh type IZH2007_GPI_OUTPUT
[2026-06-21 18:31:50][INFO] SIM_BRIDGE: Region 'str_striosome_W' (8 neurons): using Izh type IZH2007_STRIATAL_MSN_D1
[2026-06-21 18:31:50][INFO] SIM_BRIDGE: Region 'stn' (20 neurons): using Izh type IZH2007_STN_BURST
[2026-06-21 18:31:50][INFO] SIM_BRIDGE: Region 'thal_N' (10 neurons): using Izh type IZH2007_THALAMIC_RELAY
[2026-06-21 18:31:50][INFO] SIM_BRIDGE: Region 'motor_N' (10 neurons): using Izh type IZH2007_RS_CORTICAL_PYRAMIDAL
[2026-06-21 18:31:50][INFO] SIM_BRIDGE: Region 'thal_E' (10 neurons): using Izh type IZH2007_THALAMIC_RELAY
[2026-06-21 18:31:50][INFO] SIM_BRIDGE: Region 'motor_E' (10 neurons): using Izh type IZH2007_RS_CORTICAL_PYRAMIDAL
[2026-06-21 18:31:50][INFO] SIM_BRIDGE: Region 'thal_S' (10 neurons): using Izh type IZH2007_THALAMIC_RELAY
[2026-06-21 18:31:50][INFO] SIM_BRIDGE: Region 'motor_S' (10 neurons): using Izh type IZH2007_RS_CORTICAL_PYRAMIDAL
[2026-06-21 18:31:50][INFO] SIM_BRIDGE: Region 'thal_W' (10 neurons): using Izh type IZH2007_THALAMIC_RELAY
[2026-06-21 18:31:50][INFO] SIM_BRIDGE: Region 'motor_W' (10 neurons): using Izh type IZH2007_RS_CORTICAL_PYRAMIDAL
[2026-06-21 18:31:50][INFO] SIM_BRIDGE: Region 'snc' (10 neurons): using Izh type IZH2007_DOPAMINE
[2026-06-21 18:31:50][INFO] SIM_BRIDGE: Region 'reward_us' (40 neurons): using Izh type IZH2007_RS_CORTICAL_PYRAMIDAL
[2026-06-21 18:31:50][INFO] SIM_BRIDGE: Region 'place_sensors' (198 neurons): using Izh type IZH2007_RS_CORTICAL_PYRAMIDAL
[2026-06-21 18:31:50][INFO] SIM_BRIDGE: Region 'place' (200 neurons): using Izh type IZH2007_HIPPO_PYRAMIDAL
[2026-06-21 18:31:50][INFO] SIM_BRIDGE: Region 'place_fs' (24 neurons): using Izh type IZH2007_FS_CORTICAL_INTERNEURON
[2026-06-21 18:31:50][INFO] SIM_BRIDGE: Region 'striosome_value' (80 neurons): using Izh type IZH2007_STRIATAL_MSN_D1
[2026-06-21 18:31:50][INFO] SIM_BRIDGE: Generating 3D neuron positions for 1280 neurons...
[2026-06-21 18:31:50][INFO] SIM_BRIDGE: Generating connections (brain-region framework)...
[2026-06-21 18:31:50][INFO] SIM_BRIDGE: inject_explicit_wiring: installed 40830 synapses across 59 populations.
[2026-06-21 18:31:50][INFO] SIM_BRIDGE: Initializing eligibility traces for 40830 synapses (capacity: 61245, dtype: float32)...
[2026-06-21 18:31:50][INFO] SIM_BRIDGE: Initializing STDP state for 1280 neurons...
[2026-06-21 18:31:50][INFO] SIM_BRIDGE: Simulation data initialized for 1280 neurons (3D). Synapses: 40830. GPU memory: 2.5GB/25.8GB (9.6%)
[g11 seed=44] Spiking-SNc Stage B: NEURAL value critic ON (striosome_value n=80, place->value w0=0.20027300715446472); r-V subtracted via GABA_B/GIRK (E_K=-90mV, prop=0.02); critic->SNc gate = OPEN (continuous, Stage 1). Host _V_scaffold DROPPED.
[g11 seed=44] BG circuit: 43 regions, 1280 neurons, 40830 synapses
[g11 seed=44] N9 STEP-1 place self-org done (13s): diff-loc cos=0.189258 sparsity=0.170000 (place fields FROZEN; DETERMINISTIC)
========================================================================
[g11 seed=44] N9 STAGE-B SMOKE (value-learning @ nav scale):
  near=(6, 6) far=(1.0, 1.0) (near_set=59 far_set=2 place cells)
  [LEARNS-V]  w_near=0.200 w_far=0.198 (near/far 1.01; >=1.5x => False)
  [CRITIC FIRE+GRADE] (weighted plateau, k=12) critic@near=0.00Hz critic@far=0.00Hz (>=5Hz & near>=3xfar; fire=False grade=False)
  [GABA_B gap d=r-V]  predicted(NEAR)=90.00Hz unpredicted(FAR)=90.00Hz gap=1.00 (unpred>1.3x pred => False)
  [LESION control]    zeroed 403 GABA_B synapses -> pred=90.00Hz unpred=90.00Hz gap=1.00 (collapses to ~1.0 => True)
  STAGE-B VERDICT: LEARNS-V=False CRITIC-FIRE+GRADE=False GABA_B-gap=False lesion-collapses=True
  [HONEST] critic does NOT fire+grade at nav scale (critic@near=0.00Hz, near/far=0.00) — design §Risk 'place-code self-org at nav scale' / 'actor-critic interaction'.
========================================================================
[grid-onbridge TD-READ seed=44 arm=no_learn] V_near=0.0 V_far=0.0 V_mid=0.0 V_n/f=0.0 | (td1 graded-V) delta_td=0.0 ratio=0.0 GAP=False | (td2 snc-burst) burst_n=87.5 burst_f=117.5 delta_td=146.0 ratio=1.2425531914893617 GAP=False | (td3 adjacent) delta_td=0.0 ratio=0.0 GAP=False
[grid-onbridge DELTA RESULT seed=44 arm=no_learn] LEARNS-V=False (w_n/w_f=1.011546219907896) critic@near=0.0Hz @far=0.0Hz grade=0.0 | V_near=0.0 V_far=0.0 V_n/f=0.0 | snc-burst-delta(gap)=1.0 gabab_gap=False | GRADED-V delta_vnf=0.0 (vnf_gap=False) delta_snc_graded=1.0444444444444445 (snc_pred=112.5 snc_unpred=117.5) | GABA_B-cond delta_gabab=0.0 (gap=False) [gb_near=0.0 gb_far=0.0]
========================================================================
[grid-onbridge DELTA] seed=44 arm=lesion grid_on=True scramble=False (graded center=1.5 slope=1.0 strength=0.0 readout_only=False) n_grid=198
========================================================================
[g11] WARN: --spiking-reward-us WITHOUT --perceived-approach-reward -> the US rides on the COORD-based reward (not coord-free). Add --perceived-approach-reward for the fully-biologized (coord-free) reward chain.
[2026-06-21 18:32:17][INFO] SIM_BRIDGE: CuPy using GPU: NVIDIA GeForce RTX 3090 (24.0 GB), mempool limit: 80%
[2026-06-21 18:32:17][INFO] SIM_BRIDGE: Initializing simulation data for model: IZHIKEVICH (3D)... (playback_init: False)
[2026-06-21 18:32:17][INFO] SIM_BRIDGE: Brain-region framework: 43 regions, 1280 total neurons, 59 pathways.
[2026-06-21 18:32:17][INFO] SIM_BRIDGE: RNG initialized with seed: 44
[2026-06-21 18:32:17][INFO] SIM_BRIDGE: NMDA per-region mask: 1 regions enabled (80 neurons)
[2026-06-21 18:32:17][INFO] SIM_BRIDGE: Homeostasis per-region mask: 1 regions enabled (80 neurons)
[2026-06-21 18:32:17][INFO] SIM_BRIDGE: Initializing Izhikevich model specifics for 1280 neurons...
[2026-06-21 18:32:17][INFO] SIM_BRIDGE: Region 'cortex_N' (25 neurons): using Izh type IZH2007_RS_CORTICAL_PYRAMIDAL
[2026-06-21 18:32:17][INFO] SIM_BRIDGE: Region 'cortex_E' (25 neurons): using Izh type IZH2007_RS_CORTICAL_PYRAMIDAL
[2026-06-21 18:32:17][INFO] SIM_BRIDGE: Region 'cortex_S' (25 neurons): using Izh type IZH2007_RS_CORTICAL_PYRAMIDAL
[2026-06-21 18:32:17][INFO] SIM_BRIDGE: Region 'cortex_W' (25 neurons): using Izh type IZH2007_RS_CORTICAL_PYRAMIDAL
[2026-06-21 18:32:17][INFO] SIM_BRIDGE: Region 'str_D1_N' (50 neurons): using Izh type IZH2007_STRIATAL_MSN_D1
[2026-06-21 18:32:17][INFO] SIM_BRIDGE: Region 'str_D2_N' (50 neurons): using Izh type IZH2007_STRIATAL_MSN_D2
[2026-06-21 18:32:17][INFO] SIM_BRIDGE: Region 'str_D1_E' (50 neurons): using Izh type IZH2007_STRIATAL_MSN_D1
[2026-06-21 18:32:17][INFO] SIM_BRIDGE: Region 'str_D2_E' (50 neurons): using Izh type IZH2007_STRIATAL_MSN_D2
[2026-06-21 18:32:17][INFO] SIM_BRIDGE: Region 'str_D1_S' (50 neurons): using Izh type IZH2007_STRIATAL_MSN_D1
[2026-06-21 18:32:17][INFO] SIM_BRIDGE: Region 'str_D2_S' (50 neurons): using Izh type IZH2007_STRIATAL_MSN_D2
[2026-06-21 18:32:17][INFO] SIM_BRIDGE: Region 'str_D1_W' (50 neurons): using Izh type IZH2007_STRIATAL_MSN_D1
[2026-06-21 18:32:17][INFO] SIM_BRIDGE: Region 'str_D2_W' (50 neurons): using Izh type IZH2007_STRIATAL_MSN_D2
[2026-06-21 18:32:17][INFO] SIM_BRIDGE: Region 'gpe_N' (10 neurons): using Izh type IZH2007_GPE_PACEMAKER
[2026-06-21 18:32:17][INFO] SIM_BRIDGE: Region 'gpe_arky_N' (4 neurons): using Izh type IZH2007_GPE_PACEMAKER
[2026-06-21 18:32:17][INFO] SIM_BRIDGE: Region 'gpi_N' (10 neurons): using Izh type IZH2007_GPI_OUTPUT
[2026-06-21 18:32:17][INFO] SIM_BRIDGE: Region 'str_striosome_N' (8 neurons): using Izh type IZH2007_STRIATAL_MSN_D1
[2026-06-21 18:32:17][INFO] SIM_BRIDGE: Region 'gpe_E' (10 neurons): using Izh type IZH2007_GPE_PACEMAKER
[2026-06-21 18:32:17][INFO] SIM_BRIDGE: Region 'gpe_arky_E' (4 neurons): using Izh type IZH2007_GPE_PACEMAKER
[2026-06-21 18:32:17][INFO] SIM_BRIDGE: Region 'gpi_E' (10 neurons): using Izh type IZH2007_GPI_OUTPUT
[2026-06-21 18:32:17][INFO] SIM_BRIDGE: Region 'str_striosome_E' (8 neurons): using Izh type IZH2007_STRIATAL_MSN_D1
[2026-06-21 18:32:17][INFO] SIM_BRIDGE: Region 'gpe_S' (10 neurons): using Izh type IZH2007_GPE_PACEMAKER
[2026-06-21 18:32:17][INFO] SIM_BRIDGE: Region 'gpe_arky_S' (4 neurons): using Izh type IZH2007_GPE_PACEMAKER
[2026-06-21 18:32:17][INFO] SIM_BRIDGE: Region 'gpi_S' (10 neurons): using Izh type IZH2007_GPI_OUTPUT
[2026-06-21 18:32:17][INFO] SIM_BRIDGE: Region 'str_striosome_S' (8 neurons): using Izh type IZH2007_STRIATAL_MSN_D1
[2026-06-21 18:32:17][INFO] SIM_BRIDGE: Region 'gpe_W' (10 neurons): using Izh type IZH2007_GPE_PACEMAKER
[2026-06-21 18:32:17][INFO] SIM_BRIDGE: Region 'gpe_arky_W' (4 neurons): using Izh type IZH2007_GPE_PACEMAKER
[2026-06-21 18:32:17][INFO] SIM_BRIDGE: Region 'gpi_W' (10 neurons): using Izh type IZH2007_GPI_OUTPUT
[2026-06-21 18:32:17][INFO] SIM_BRIDGE: Region 'str_striosome_W' (8 neurons): using Izh type IZH2007_STRIATAL_MSN_D1
[2026-06-21 18:32:17][INFO] SIM_BRIDGE: Region 'stn' (20 neurons): using Izh type IZH2007_STN_BURST
[2026-06-21 18:32:17][INFO] SIM_BRIDGE: Region 'thal_N' (10 neurons): using Izh type IZH2007_THALAMIC_RELAY
[2026-06-21 18:32:17][INFO] SIM_BRIDGE: Region 'motor_N' (10 neurons): using Izh type IZH2007_RS_CORTICAL_PYRAMIDAL
[2026-06-21 18:32:17][INFO] SIM_BRIDGE: Region 'thal_E' (10 neurons): using Izh type IZH2007_THALAMIC_RELAY
[2026-06-21 18:32:17][INFO] SIM_BRIDGE: Region 'motor_E' (10 neurons): using Izh type IZH2007_RS_CORTICAL_PYRAMIDAL
[2026-06-21 18:32:17][INFO] SIM_BRIDGE: Region 'thal_S' (10 neurons): using Izh type IZH2007_THALAMIC_RELAY
[2026-06-21 18:32:17][INFO] SIM_BRIDGE: Region 'motor_S' (10 neurons): using Izh type IZH2007_RS_CORTICAL_PYRAMIDAL
[2026-06-21 18:32:17][INFO] SIM_BRIDGE: Region 'thal_W' (10 neurons): using Izh type IZH2007_THALAMIC_RELAY
[2026-06-21 18:32:17][INFO] SIM_BRIDGE: Region 'motor_W' (10 neurons): using Izh type IZH2007_RS_CORTICAL_PYRAMIDAL
[2026-06-21 18:32:17][INFO] SIM_BRIDGE: Region 'snc' (10 neurons): using Izh type IZH2007_DOPAMINE
[2026-06-21 18:32:17][INFO] SIM_BRIDGE: Region 'reward_us' (40 neurons): using Izh type IZH2007_RS_CORTICAL_PYRAMIDAL
[2026-06-21 18:32:17][INFO] SIM_BRIDGE: Region 'place_sensors' (198 neurons): using Izh type IZH2007_RS_CORTICAL_PYRAMIDAL
[2026-06-21 18:32:17][INFO] SIM_BRIDGE: Region 'place' (200 neurons): using Izh type IZH2007_HIPPO_PYRAMIDAL
[2026-06-21 18:32:17][INFO] SIM_BRIDGE: Region 'place_fs' (24 neurons): using Izh type IZH2007_FS_CORTICAL_INTERNEURON
[2026-06-21 18:32:17][INFO] SIM_BRIDGE: Region 'striosome_value' (80 neurons): using Izh type IZH2007_STRIATAL_MSN_D1
[2026-06-21 18:32:17][INFO] SIM_BRIDGE: Generating 3D neuron positions for 1280 neurons...
[2026-06-21 18:32:17][INFO] SIM_BRIDGE: Generating connections (brain-region framework)...
[2026-06-21 18:32:17][INFO] SIM_BRIDGE: inject_explicit_wiring: installed 40830 synapses across 59 populations.
[2026-06-21 18:32:17][INFO] SIM_BRIDGE: Initializing eligibility traces for 40830 synapses (capacity: 61245, dtype: float32)...
[2026-06-21 18:32:17][INFO] SIM_BRIDGE: Initializing STDP state for 1280 neurons...
[2026-06-21 18:32:17][INFO] SIM_BRIDGE: Simulation data initialized for 1280 neurons (3D). Synapses: 40830. GPU memory: 1.4GB/25.8GB (5.2%)
[g11 seed=44] Spiking-SNc Stage B: NEURAL value critic ON (striosome_value n=80, place->value w0=0.20027300715446472); r-V subtracted via GABA_B/GIRK (E_K=-90mV, prop=0.02); critic->SNc gate = OPEN (continuous, Stage 1). Host _V_scaffold DROPPED.
[g11 seed=44] BG circuit: 43 regions, 1280 neurons, 40830 synapses
[g11 seed=44] N9 STEP-1 place self-org done (11s): diff-loc cos=0.133333 sparsity=0.125000 (place fields FROZEN; DETERMINISTIC)
[g11 seed=44] N9 STEP-2 value-training done (119s): 40 pair-then-reward trials x 4 goal(s); w_near 0.201->0.201 w_far 0.196->0.196 (near/far 1.03); V(near) 0.0->0.0Hz (place fields FROZEN; V FROZEN)
========================================================================
[g11 seed=44] N9 STAGE-B SMOKE (value-learning @ nav scale):
  near=(6, 6) far=(1.0, 1.0) (near_set=36 far_set=4 place cells)
  [LEARNS-V]  w_near=0.201 w_far=0.196 (near/far 1.03; >=1.5x => False)
  [CRITIC FIRE+GRADE] (weighted plateau, k=12) critic@near=0.00Hz critic@far=0.00Hz (>=5Hz & near>=3xfar; fire=False grade=False)
  [GABA_B gap d=r-V]  predicted(NEAR)=90.00Hz unpredicted(FAR)=90.00Hz gap=1.00 (unpred>1.3x pred => False)
  [LESION control]    zeroed 403 GABA_B synapses -> pred=90.00Hz unpred=90.00Hz gap=1.00 (collapses to ~1.0 => True)
  STAGE-B VERDICT: LEARNS-V=False CRITIC-FIRE+GRADE=False GABA_B-gap=False lesion-collapses=True
  [HONEST] critic does NOT fire+grade at nav scale (critic@near=0.00Hz, near/far=0.00) — design §Risk 'place-code self-org at nav scale' / 'actor-critic interaction'.
========================================================================
[grid-onbridge TD-READ seed=44 arm=lesion] V_near=0.0 V_far=0.0 V_mid=0.0 V_n/f=0.0 | (td1 graded-V) delta_td=0.0 ratio=0.0 GAP=False | (td2 snc-burst) burst_n=90.0 burst_f=90.0 delta_td=90.0 ratio=1.0 GAP=False | (td3 adjacent) delta_td=0.0 ratio=0.0 GAP=False
[grid-onbridge DELTA RESULT seed=44 arm=lesion] LEARNS-V=False (w_n/w_f=1.027382944099148) critic@near=0.0Hz @far=0.0Hz grade=0.0 | V_near=0.0 V_far=0.0 V_n/f=0.0 | snc-burst-delta(gap)=1.0 gabab_gap=False | GRADED-V delta_vnf=0.0 (vnf_gap=False) delta_snc_graded=1.0 (snc_pred=90.0 snc_unpred=90.0) | GABA_B-cond delta_gabab=0.0 (gap=False) [gb_near=0.0 gb_far=0.0]
========================================================================
[grid-onbridge DELTA] seed=44 arm=shuffle_v grid_on=True scramble=False (graded center=1.5 slope=1.0 strength=80.0 readout_only=True) n_grid=198
========================================================================
[g11] WARN: --spiking-reward-us WITHOUT --perceived-approach-reward -> the US rides on the COORD-based reward (not coord-free). Add --perceived-approach-reward for the fully-biologized (coord-free) reward chain.
[2026-06-21 18:34:40][INFO] SIM_BRIDGE: CuPy using GPU: NVIDIA GeForce RTX 3090 (24.0 GB), mempool limit: 80%
[2026-06-21 18:34:40][INFO] SIM_BRIDGE: Initializing simulation data for model: IZHIKEVICH (3D)... (playback_init: False)
[2026-06-21 18:34:40][INFO] SIM_BRIDGE: Brain-region framework: 43 regions, 1280 total neurons, 59 pathways.
[2026-06-21 18:34:40][INFO] SIM_BRIDGE: RNG initialized with seed: 44
[2026-06-21 18:34:40][INFO] SIM_BRIDGE: NMDA per-region mask: 1 regions enabled (80 neurons)
[2026-06-21 18:34:40][INFO] SIM_BRIDGE: Homeostasis per-region mask: 1 regions enabled (80 neurons)
[2026-06-21 18:34:40][INFO] SIM_BRIDGE: Initializing Izhikevich model specifics for 1280 neurons...
[2026-06-21 18:34:40][INFO] SIM_BRIDGE: Region 'cortex_N' (25 neurons): using Izh type IZH2007_RS_CORTICAL_PYRAMIDAL
[2026-06-21 18:34:40][INFO] SIM_BRIDGE: Region 'cortex_E' (25 neurons): using Izh type IZH2007_RS_CORTICAL_PYRAMIDAL
[2026-06-21 18:34:40][INFO] SIM_BRIDGE: Region 'cortex_S' (25 neurons): using Izh type IZH2007_RS_CORTICAL_PYRAMIDAL
[2026-06-21 18:34:40][INFO] SIM_BRIDGE: Region 'cortex_W' (25 neurons): using Izh type IZH2007_RS_CORTICAL_PYRAMIDAL
[2026-06-21 18:34:40][INFO] SIM_BRIDGE: Region 'str_D1_N' (50 neurons): using Izh type IZH2007_STRIATAL_MSN_D1
[2026-06-21 18:34:40][INFO] SIM_BRIDGE: Region 'str_D2_N' (50 neurons): using Izh type IZH2007_STRIATAL_MSN_D2
[2026-06-21 18:34:40][INFO] SIM_BRIDGE: Region 'str_D1_E' (50 neurons): using Izh type IZH2007_STRIATAL_MSN_D1
[2026-06-21 18:34:40][INFO] SIM_BRIDGE: Region 'str_D2_E' (50 neurons): using Izh type IZH2007_STRIATAL_MSN_D2
[2026-06-21 18:34:40][INFO] SIM_BRIDGE: Region 'str_D1_S' (50 neurons): using Izh type IZH2007_STRIATAL_MSN_D1
[2026-06-21 18:34:40][INFO] SIM_BRIDGE: Region 'str_D2_S' (50 neurons): using Izh type IZH2007_STRIATAL_MSN_D2
[2026-06-21 18:34:40][INFO] SIM_BRIDGE: Region 'str_D1_W' (50 neurons): using Izh type IZH2007_STRIATAL_MSN_D1
[2026-06-21 18:34:40][INFO] SIM_BRIDGE: Region 'str_D2_W' (50 neurons): using Izh type IZH2007_STRIATAL_MSN_D2
[2026-06-21 18:34:40][INFO] SIM_BRIDGE: Region 'gpe_N' (10 neurons): using Izh type IZH2007_GPE_PACEMAKER
[2026-06-21 18:34:40][INFO] SIM_BRIDGE: Region 'gpe_arky_N' (4 neurons): using Izh type IZH2007_GPE_PACEMAKER
[2026-06-21 18:34:40][INFO] SIM_BRIDGE: Region 'gpi_N' (10 neurons): using Izh type IZH2007_GPI_OUTPUT
[2026-06-21 18:34:40][INFO] SIM_BRIDGE: Region 'str_striosome_N' (8 neurons): using Izh type IZH2007_STRIATAL_MSN_D1
[2026-06-21 18:34:40][INFO] SIM_BRIDGE: Region 'gpe_E' (10 neurons): using Izh type IZH2007_GPE_PACEMAKER
[2026-06-21 18:34:40][INFO] SIM_BRIDGE: Region 'gpe_arky_E' (4 neurons): using Izh type IZH2007_GPE_PACEMAKER
[2026-06-21 18:34:40][INFO] SIM_BRIDGE: Region 'gpi_E' (10 neurons): using Izh type IZH2007_GPI_OUTPUT
[2026-06-21 18:34:40][INFO] SIM_BRIDGE: Region 'str_striosome_E' (8 neurons): using Izh type IZH2007_STRIATAL_MSN_D1
[2026-06-21 18:34:40][INFO] SIM_BRIDGE: Region 'gpe_S' (10 neurons): using Izh type IZH2007_GPE_PACEMAKER
[2026-06-21 18:34:40][INFO] SIM_BRIDGE: Region 'gpe_arky_S' (4 neurons): using Izh type IZH2007_GPE_PACEMAKER
[2026-06-21 18:34:40][INFO] SIM_BRIDGE: Region 'gpi_S' (10 neurons): using Izh type IZH2007_GPI_OUTPUT
[2026-06-21 18:34:40][INFO] SIM_BRIDGE: Region 'str_striosome_S' (8 neurons): using Izh type IZH2007_STRIATAL_MSN_D1
[2026-06-21 18:34:40][INFO] SIM_BRIDGE: Region 'gpe_W' (10 neurons): using Izh type IZH2007_GPE_PACEMAKER
[2026-06-21 18:34:40][INFO] SIM_BRIDGE: Region 'gpe_arky_W' (4 neurons): using Izh type IZH2007_GPE_PACEMAKER
[2026-06-21 18:34:40][INFO] SIM_BRIDGE: Region 'gpi_W' (10 neurons): using Izh type IZH2007_GPI_OUTPUT
[2026-06-21 18:34:40][INFO] SIM_BRIDGE: Region 'str_striosome_W' (8 neurons): using Izh type IZH2007_STRIATAL_MSN_D1
[2026-06-21 18:34:40][INFO] SIM_BRIDGE: Region 'stn' (20 neurons): using Izh type IZH2007_STN_BURST
[2026-06-21 18:34:40][INFO] SIM_BRIDGE: Region 'thal_N' (10 neurons): using Izh type IZH2007_THALAMIC_RELAY
[2026-06-21 18:34:40][INFO] SIM_BRIDGE: Region 'motor_N' (10 neurons): using Izh type IZH2007_RS_CORTICAL_PYRAMIDAL
[2026-06-21 18:34:40][INFO] SIM_BRIDGE: Region 'thal_E' (10 neurons): using Izh type IZH2007_THALAMIC_RELAY
[2026-06-21 18:34:40][INFO] SIM_BRIDGE: Region 'motor_E' (10 neurons): using Izh type IZH2007_RS_CORTICAL_PYRAMIDAL
[2026-06-21 18:34:40][INFO] SIM_BRIDGE: Region 'thal_S' (10 neurons): using Izh type IZH2007_THALAMIC_RELAY
[2026-06-21 18:34:40][INFO] SIM_BRIDGE: Region 'motor_S' (10 neurons): using Izh type IZH2007_RS_CORTICAL_PYRAMIDAL
[2026-06-21 18:34:40][INFO] SIM_BRIDGE: Region 'thal_W' (10 neurons): using Izh type IZH2007_THALAMIC_RELAY
[2026-06-21 18:34:40][INFO] SIM_BRIDGE: Region 'motor_W' (10 neurons): using Izh type IZH2007_RS_CORTICAL_PYRAMIDAL
[2026-06-21 18:34:40][INFO] SIM_BRIDGE: Region 'snc' (10 neurons): using Izh type IZH2007_DOPAMINE
[2026-06-21 18:34:40][INFO] SIM_BRIDGE: Region 'reward_us' (40 neurons): using Izh type IZH2007_RS_CORTICAL_PYRAMIDAL
[2026-06-21 18:34:40][INFO] SIM_BRIDGE: Region 'place_sensors' (198 neurons): using Izh type IZH2007_RS_CORTICAL_PYRAMIDAL
[2026-06-21 18:34:40][INFO] SIM_BRIDGE: Region 'place' (200 neurons): using Izh type IZH2007_HIPPO_PYRAMIDAL
[2026-06-21 18:34:40][INFO] SIM_BRIDGE: Region 'place_fs' (24 neurons): using Izh type IZH2007_FS_CORTICAL_INTERNEURON
[2026-06-21 18:34:40][INFO] SIM_BRIDGE: Region 'striosome_value' (80 neurons): using Izh type IZH2007_STRIATAL_MSN_D1
[2026-06-21 18:34:40][INFO] SIM_BRIDGE: Generating 3D neuron positions for 1280 neurons...
[2026-06-21 18:34:40][INFO] SIM_BRIDGE: Generating connections (brain-region framework)...
[2026-06-21 18:34:40][INFO] SIM_BRIDGE: inject_explicit_wiring: installed 40830 synapses across 59 populations.
[2026-06-21 18:34:40][INFO] SIM_BRIDGE: Initializing eligibility traces for 40830 synapses (capacity: 61245, dtype: float32)...
[2026-06-21 18:34:40][INFO] SIM_BRIDGE: Initializing STDP state for 1280 neurons...
[2026-06-21 18:34:40][INFO] SIM_BRIDGE: Simulation data initialized for 1280 neurons (3D). Synapses: 40830. GPU memory: 1.4GB/25.8GB (5.2%)
[g11 seed=44] Spiking-SNc Stage B: NEURAL value critic ON (striosome_value n=80, place->value w0=0.20027300715446472); r-V subtracted via GABA_B/GIRK (E_K=-90mV, prop=0.02); critic->SNc gate = OPEN (continuous, Stage 1). Host _V_scaffold DROPPED.
[g11 seed=44] BG circuit: 43 regions, 1280 neurons, 40830 synapses
[g11 seed=44] N9 STEP-1 place self-org done (12s): diff-loc cos=0.189258 sparsity=0.170000 (place fields FROZEN; DETERMINISTIC)
[lesion shuffle-V] permuted 7937 place->value weights (destroyed learned near/far spatial V; weight dist preserved)
[g11 seed=44] N9 STEP-2 value-training done (129s): 40 pair-then-reward trials x 4 goal(s); w_near 0.200->72.095 w_far 0.198->66.811 (near/far 1.08); V(near) 50.357142857142854->86.16071428571428Hz (place fields FROZEN; V FROZEN)
========================================================================
[g11 seed=44] N9 STAGE-B SMOKE (value-learning @ nav scale):
  near=(6, 6) far=(1.0, 1.0) (near_set=59 far_set=2 place cells)
  [LEARNS-V]  w_near=72.095 w_far=66.811 (near/far 1.08; >=1.5x => False)
  [CRITIC FIRE+GRADE] (weighted plateau, k=12) critic@near=245.14Hz critic@far=143.61Hz (>=5Hz & near>=3xfar; fire=True grade=False)
  [GABA_B gap d=r-V]  predicted(NEAR)=167.50Hz unpredicted(FAR)=0.00Hz gap=0.00 (unpred>1.3x pred => False)
  [LESION control]    zeroed 403 GABA_B synapses -> pred=0.00Hz unpred=90.00Hz gap=90000000.00 (collapses to ~1.0 => False)
  STAGE-B VERDICT: LEARNS-V=False CRITIC-FIRE+GRADE=False GABA_B-gap=False lesion-collapses=False
  [HONEST] critic does NOT fire+grade at nav scale (critic@near=245.14Hz, near/far=1.71) — design §Risk 'place-code self-org at nav scale' / 'actor-critic interaction'.
========================================================================
[grid-onbridge TD-READ seed=44 arm=shuffle_v] V_near=528.7913051413423 V_far=162.40338953199088 V_mid=537.0307356139775 V_n/f=3.256036137331843 | (td1 graded-V) delta_td=502.35173988427505 ratio=2.0466171652326253 GAP=True | (td2 snc-burst) burst_n=52.5 burst_f=0.0 delta_td=0.0 ratio=0.0 GAP=False | (td3 adjacent) delta_td=502.35173988427516 ratio=0.9677122802942978 GAP=False
[grid-onbridge DELTA RESULT seed=44 arm=shuffle_v] LEARNS-V=False (w_n/w_f=1.0790757304445229) critic@near=245.13888888888889Hz @far=143.61111111111111Hz grade=1.7069632495164409 | V_near=465.18969767283835 V_far=145.83292248149 V_n/f=3.1898811993696627 | snc-burst-delta(gap)=0.0 gabab_gap=False | GRADED-V delta_vnf=2.727917018296361 (vnf_gap=True) delta_snc_graded=0.0 (snc_pred=120.0 snc_unpred=0.0) | GABA_B-cond delta_gabab=2.6115529790172793 (gap=True) [gb_near=2.4368260417375365 gb_far=0.9330946227460827]
[grid-onbridge] wrote research/findings/raw/_n5_td_read_allarms_seed44.json
