==============================================================================
Stage-2 de-risk: SPARSE-read MSN-D1 value critic on the self-organized place code
  mode=PRIMARY-VOLLEY (FS-PING + Route-D critic)  seeds=[42]  grid=32
  locations={'near': (23.2, 7.8), 'far_a': (7.8, 23.2), 'far_b': (7.8, 7.8), 'far_center': (15.5, 15.5)}
  place_to_value: w=0.5 density=0.6 (PLASTIC, DA-gated; NO dense A1 floor)  nmda_critic=False
==============================================================================

[stage2 seed=42] PRIMARY-VOLLEY (FS-PING + Route-D critic):
[2026-06-09 17:21:55][INFO] SIM_BRIDGE: CuPy using GPU: NVIDIA GeForce RTX 3090 (24.0 GB), mempool limit: 80%
[2026-06-09 17:21:55][INFO] SIM_BRIDGE: Initializing simulation data for model: IZHIKEVICH (3D)... (playback_init: False)
[2026-06-09 17:21:55][INFO] SIM_BRIDGE: Brain-region framework: 10 regions, 994 total neurons, 9 pathways.
[2026-06-09 17:21:55][INFO] SIM_BRIDGE: RNG initialized with seed: 42
[2026-06-09 17:21:55][INFO] SIM_BRIDGE: NMDA per-region mask: 1 regions enabled (80 neurons)
[2026-06-09 17:21:55][INFO] SIM_BRIDGE: Initializing Izhikevich model specifics for 994 neurons...
[2026-06-09 17:21:55][INFO] SIM_BRIDGE: Region 'landmark_sensors' (60 neurons): using Izh type IZH2007_RS_CORTICAL_PYRAMIDAL
[2026-06-09 17:21:55][INFO] SIM_BRIDGE: Region 'place' (400 neurons): using Izh type IZH2007_HIPPO_PYRAMIDAL
[2026-06-09 17:21:55][INFO] SIM_BRIDGE: Region 'striosome_value' (80 neurons): using Izh type IZH2007_STRIATAL_MSN_D1
[2026-06-09 17:21:55][INFO] SIM_BRIDGE: Region 'snc' (30 neurons): using Izh type IZH2007_DOPAMINE
[2026-06-09 17:21:55][INFO] SIM_BRIDGE: Region 'place_fs' (160 neurons): using Izh type IZH2007_FS_CORTICAL_INTERNEURON
[2026-06-09 17:21:55][INFO] SIM_BRIDGE: Region 'sensor_place_readout' (64 neurons): using Izh type IZH2007_HIPPO_PYRAMIDAL
[2026-06-09 17:21:55][INFO] SIM_BRIDGE: Region 'cortex_N' (50 neurons): using Izh type IZH2007_RS_CORTICAL_PYRAMIDAL
[2026-06-09 17:21:55][INFO] SIM_BRIDGE: Region 'cortex_E' (50 neurons): using Izh type IZH2007_RS_CORTICAL_PYRAMIDAL
[2026-06-09 17:21:55][INFO] SIM_BRIDGE: Region 'cortex_S' (50 neurons): using Izh type IZH2007_RS_CORTICAL_PYRAMIDAL
[2026-06-09 17:21:55][INFO] SIM_BRIDGE: Region 'cortex_W' (50 neurons): using Izh type IZH2007_RS_CORTICAL_PYRAMIDAL
[2026-06-09 17:21:55][INFO] SIM_BRIDGE: Generating 3D neuron positions for 994 neurons...
[2026-06-09 17:21:55][INFO] SIM_BRIDGE: Generating connections (brain-region framework)...
[2026-06-09 17:21:55][INFO] SIM_BRIDGE: inject_explicit_wiring: installed 96271 synapses across 9 populations.
[2026-06-09 17:21:55][INFO] SIM_BRIDGE: Initializing eligibility traces for 96271 synapses (capacity: 144406, dtype: float32)...
[2026-06-09 17:21:55][INFO] SIM_BRIDGE: Initialized neuromodulator subsystem with 1 modulators: ['dopamine']
[2026-06-09 17:21:55][INFO] SIM_BRIDGE: Initializing STDP state for 994 neurons...
[2026-06-09 17:21:55][INFO] SIM_BRIDGE: Simulation data initialized for 994 neurons (3D). Synapses: 96271. GPU memory: 1.3GB/25.8GB (5.1%)
  [seed 42] built 0.4s; 994 neurons, 96271 synapses; backend=cupy
  [seed 42] STEP 1: self-organizing place fields (24 passes x 4 locs)...
  [seed 42] place self-org done (60s); place fields FROZEN
  [seed 42] place code: diff-loc cos=0.138 sparsity=0.059
  [CALIB-WARN] SNc tonic_frac=0.0400 OUTSIDE sane band [0.20,0.60] @ 180 pA -> DA threshold mis-set; gate-2e unreliable (residual-GIRK / drive issue).
[2026-06-09 17:22:57][INFO] SIM_BRIDGE: CuPy using GPU: NVIDIA GeForce RTX 3090 (24.0 GB), mempool limit: 80%
[2026-06-09 17:22:57][INFO] SIM_BRIDGE: Initializing simulation data for model: IZHIKEVICH (3D)... (playback_init: False)
[2026-06-09 17:22:57][INFO] SIM_BRIDGE: Brain-region framework: 10 regions, 994 total neurons, 9 pathways.
[2026-06-09 17:22:57][INFO] SIM_BRIDGE: RNG initialized with seed: 42
[2026-06-09 17:22:57][INFO] SIM_BRIDGE: NMDA per-region mask: 1 regions enabled (80 neurons)
[2026-06-09 17:22:57][INFO] SIM_BRIDGE: Initializing Izhikevich model specifics for 994 neurons...
[2026-06-09 17:22:57][INFO] SIM_BRIDGE: Region 'landmark_sensors' (60 neurons): using Izh type IZH2007_RS_CORTICAL_PYRAMIDAL
[2026-06-09 17:22:57][INFO] SIM_BRIDGE: Region 'place' (400 neurons): using Izh type IZH2007_HIPPO_PYRAMIDAL
[2026-06-09 17:22:57][INFO] SIM_BRIDGE: Region 'striosome_value' (80 neurons): using Izh type IZH2007_STRIATAL_MSN_D1
[2026-06-09 17:22:57][INFO] SIM_BRIDGE: Region 'snc' (30 neurons): using Izh type IZH2007_DOPAMINE
[2026-06-09 17:22:57][INFO] SIM_BRIDGE: Region 'place_fs' (160 neurons): using Izh type IZH2007_FS_CORTICAL_INTERNEURON
[2026-06-09 17:22:57][INFO] SIM_BRIDGE: Region 'sensor_place_readout' (64 neurons): using Izh type IZH2007_HIPPO_PYRAMIDAL
[2026-06-09 17:22:57][INFO] SIM_BRIDGE: Region 'cortex_N' (50 neurons): using Izh type IZH2007_RS_CORTICAL_PYRAMIDAL
[2026-06-09 17:22:57][INFO] SIM_BRIDGE: Region 'cortex_E' (50 neurons): using Izh type IZH2007_RS_CORTICAL_PYRAMIDAL
[2026-06-09 17:22:57][INFO] SIM_BRIDGE: Region 'cortex_S' (50 neurons): using Izh type IZH2007_RS_CORTICAL_PYRAMIDAL
[2026-06-09 17:22:57][INFO] SIM_BRIDGE: Region 'cortex_W' (50 neurons): using Izh type IZH2007_RS_CORTICAL_PYRAMIDAL
[2026-06-09 17:22:57][INFO] SIM_BRIDGE: Generating 3D neuron positions for 994 neurons...
[2026-06-09 17:22:57][INFO] SIM_BRIDGE: Generating connections (brain-region framework)...
[2026-06-09 17:22:57][INFO] SIM_BRIDGE: inject_explicit_wiring: installed 96271 synapses across 9 populations.
[2026-06-09 17:22:57][INFO] SIM_BRIDGE: Initializing eligibility traces for 96271 synapses (capacity: 144406, dtype: float32)...
[2026-06-09 17:22:57][INFO] SIM_BRIDGE: Initialized neuromodulator subsystem with 1 modulators: ['dopamine']
[2026-06-09 17:22:57][INFO] SIM_BRIDGE: Initializing STDP state for 994 neurons...
[2026-06-09 17:22:57][INFO] SIM_BRIDGE: Simulation data initialized for 994 neurons (3D). Synapses: 96271. GPU memory: 1.3GB/25.8GB (5.2%)
  [seed 42] calib SNc tonic frac=0.0400; gate-2d baseline actor(no-critic)=62.50 Hz
  [seed 42] critic@NEAR init (pre-value-train) = 58.89 Hz (w_near 0.506)
  [seed 42] STEP 2: training critic V (value-leads-reward, 40 trials)...
    [acq t=00] V(near)=  0.00Hz w_near=0.505 w_far=0.501 (near/far 1.01) DA=0.317
    [acq t=01] V(near)=  0.00Hz w_near=0.505 w_far=0.501 (near/far 1.01) DA=0.367
    [acq t=02] V(near)=  3.12Hz w_near=0.558 w_far=0.512 (near/far 1.09) DA=0.404
    [acq t=10] V(near)=  0.31Hz w_near=0.649 w_far=0.531 (near/far 1.22) DA=0.510
    [acq t=20] V(near)=  0.00Hz w_near=0.789 w_far=0.564 (near/far 1.40) DA=0.521
    [acq t=30] V(near)=  5.31Hz w_near=1.105 w_far=0.635 (near/far 1.74) DA=0.520
    [acq t=39] V(near)=  0.00Hz w_near=1.162 w_far=0.647 (near/far 1.80) DA=0.521
  [gate-2a FIRE] critic@NEAR=0.00Hz (>=5 => False)
  [gate-2b PLACE-GRADED] NEAR=0.00Hz FAR[far_a=0.00, far_b=0.00, far_center=0.00]Hz ratio(near/maxfar)=0.00 (>=3 & near>=5 => False)
  [gate-2c LEARNS-V] w_near 0.506->1.162 w_far 0.501->0.647 (near>=2x far & grew => False); V(near) 0.55->0.08Hz
  [gate-2d ACTOR] no-critic=62.50Hz with-critic=62.50Hz ratio=1.000 (not-perturbed => True)
  [gate-2e SNc gap] predicted(NEAR)=50.00Hz unpredicted(FAR)=50.83Hz gap=1.02 state-specific=False (lesion=False)
  => seed 42 PRIMARY FAIL [fire False, place-graded False, LTP False, actor-ok True]

==============================================================================
STAGE-2 SUMMARY (1 seeds, PRIMARY-VOLLEY (FS-PING + Route-D critic))
  2a FIRE(>=5Hz)              : 0/1  near [0.0]
  2b PLACE-GRADED(near>=3xfar): 0/1  ratio [0.0]
  2c LEARNS-V(LTP near>=2xfar): 0/1  w_near/far [1.796]
  2d ACTOR-NOT-PERTURBED      : 1/1  ratio [1.0]
  2e SNc state-specific gap   : 0/1  gap [1.017] (LESION/SHUFFLE expect 0/N; primary expects >=N/2)
  PRIMARY (2a+2b+2c+2d)      : 0/1
  VERDICT: NEGATIVE
==============================================================================
[OUT] research\findings\raw\_n9_snc_gap_s42.json
