==============================================================================
Stage-2 de-risk: SPARSE-read MSN-D1 value critic on the self-organized place code
  mode=PRIMARY-VOLLEY (FS-PING + Route-D critic)  seeds=[42, 43, 44]  grid=32
  locations={'near': (23.2, 7.8), 'far_a': (7.8, 23.2), 'far_b': (7.8, 7.8), 'far_center': (15.5, 15.5)}
  place_to_value: w=0.5 density=0.6 (PLASTIC, DA-gated; NO dense A1 floor)  nmda_critic=False
==============================================================================

[stage2 seed=42] PRIMARY-VOLLEY (FS-PING + Route-D critic):
[2026-06-09 16:28:06][INFO] SIM_BRIDGE: CuPy using GPU: NVIDIA GeForce RTX 3090 (24.0 GB), mempool limit: 80%
[2026-06-09 16:28:06][INFO] SIM_BRIDGE: Initializing simulation data for model: IZHIKEVICH (3D)... (playback_init: False)
[2026-06-09 16:28:06][INFO] SIM_BRIDGE: Brain-region framework: 10 regions, 1394 total neurons, 9 pathways.
[2026-06-09 16:28:06][INFO] SIM_BRIDGE: RNG initialized with seed: 42
[2026-06-09 16:28:06][INFO] SIM_BRIDGE: NMDA per-region mask: 1 regions enabled (80 neurons)
[2026-06-09 16:28:06][INFO] SIM_BRIDGE: Initializing Izhikevich model specifics for 1394 neurons...
[2026-06-09 16:28:06][INFO] SIM_BRIDGE: Region 'landmark_sensors' (60 neurons): using Izh type IZH2007_RS_CORTICAL_PYRAMIDAL
[2026-06-09 16:28:06][INFO] SIM_BRIDGE: Region 'place' (800 neurons): using Izh type IZH2007_HIPPO_PYRAMIDAL
[2026-06-09 16:28:06][INFO] SIM_BRIDGE: Region 'striosome_value' (80 neurons): using Izh type IZH2007_STRIATAL_MSN_D1
[2026-06-09 16:28:06][INFO] SIM_BRIDGE: Region 'snc' (30 neurons): using Izh type IZH2007_DOPAMINE
[2026-06-09 16:28:06][INFO] SIM_BRIDGE: Region 'place_fs' (160 neurons): using Izh type IZH2007_FS_CORTICAL_INTERNEURON
[2026-06-09 16:28:06][INFO] SIM_BRIDGE: Region 'sensor_place_readout' (64 neurons): using Izh type IZH2007_HIPPO_PYRAMIDAL
[2026-06-09 16:28:06][INFO] SIM_BRIDGE: Region 'cortex_N' (50 neurons): using Izh type IZH2007_RS_CORTICAL_PYRAMIDAL
[2026-06-09 16:28:06][INFO] SIM_BRIDGE: Region 'cortex_E' (50 neurons): using Izh type IZH2007_RS_CORTICAL_PYRAMIDAL
[2026-06-09 16:28:06][INFO] SIM_BRIDGE: Region 'cortex_S' (50 neurons): using Izh type IZH2007_RS_CORTICAL_PYRAMIDAL
[2026-06-09 16:28:06][INFO] SIM_BRIDGE: Region 'cortex_W' (50 neurons): using Izh type IZH2007_RS_CORTICAL_PYRAMIDAL
[2026-06-09 16:28:06][INFO] SIM_BRIDGE: Generating 3D neuron positions for 1394 neurons...
[2026-06-09 16:28:06][INFO] SIM_BRIDGE: Generating connections (brain-region framework)...
[2026-06-09 16:28:06][INFO] SIM_BRIDGE: inject_explicit_wiring: installed 178818 synapses across 9 populations.
[2026-06-09 16:28:06][INFO] SIM_BRIDGE: Initializing eligibility traces for 178818 synapses (capacity: 268227, dtype: float32)...
[2026-06-09 16:28:06][INFO] SIM_BRIDGE: Initialized neuromodulator subsystem with 1 modulators: ['dopamine']
[2026-06-09 16:28:06][INFO] SIM_BRIDGE: Initializing STDP state for 1394 neurons...
[2026-06-09 16:28:06][INFO] SIM_BRIDGE: Simulation data initialized for 1394 neurons (3D). Synapses: 178818. GPU memory: 1.3GB/25.8GB (5.1%)
  [seed 42] built 0.5s; 1394 neurons, 178818 synapses; backend=cupy
  [seed 42] STEP 1: self-organizing place fields (24 passes x 4 locs)...
  [seed 42] place self-org done (56s); place fields FROZEN
  [seed 42] place code: diff-loc cos=0.200 sparsity=0.048
[2026-06-09 16:29:04][INFO] SIM_BRIDGE: CuPy using GPU: NVIDIA GeForce RTX 3090 (24.0 GB), mempool limit: 80%
[2026-06-09 16:29:04][INFO] SIM_BRIDGE: Initializing simulation data for model: IZHIKEVICH (3D)... (playback_init: False)
[2026-06-09 16:29:04][INFO] SIM_BRIDGE: Brain-region framework: 10 regions, 1394 total neurons, 9 pathways.
[2026-06-09 16:29:04][INFO] SIM_BRIDGE: RNG initialized with seed: 42
[2026-06-09 16:29:04][INFO] SIM_BRIDGE: NMDA per-region mask: 1 regions enabled (80 neurons)
[2026-06-09 16:29:04][INFO] SIM_BRIDGE: Initializing Izhikevich model specifics for 1394 neurons...
[2026-06-09 16:29:04][INFO] SIM_BRIDGE: Region 'landmark_sensors' (60 neurons): using Izh type IZH2007_RS_CORTICAL_PYRAMIDAL
[2026-06-09 16:29:04][INFO] SIM_BRIDGE: Region 'place' (800 neurons): using Izh type IZH2007_HIPPO_PYRAMIDAL
[2026-06-09 16:29:04][INFO] SIM_BRIDGE: Region 'striosome_value' (80 neurons): using Izh type IZH2007_STRIATAL_MSN_D1
[2026-06-09 16:29:04][INFO] SIM_BRIDGE: Region 'snc' (30 neurons): using Izh type IZH2007_DOPAMINE
[2026-06-09 16:29:04][INFO] SIM_BRIDGE: Region 'place_fs' (160 neurons): using Izh type IZH2007_FS_CORTICAL_INTERNEURON
[2026-06-09 16:29:04][INFO] SIM_BRIDGE: Region 'sensor_place_readout' (64 neurons): using Izh type IZH2007_HIPPO_PYRAMIDAL
[2026-06-09 16:29:04][INFO] SIM_BRIDGE: Region 'cortex_N' (50 neurons): using Izh type IZH2007_RS_CORTICAL_PYRAMIDAL
[2026-06-09 16:29:04][INFO] SIM_BRIDGE: Region 'cortex_E' (50 neurons): using Izh type IZH2007_RS_CORTICAL_PYRAMIDAL
[2026-06-09 16:29:04][INFO] SIM_BRIDGE: Region 'cortex_S' (50 neurons): using Izh type IZH2007_RS_CORTICAL_PYRAMIDAL
[2026-06-09 16:29:04][INFO] SIM_BRIDGE: Region 'cortex_W' (50 neurons): using Izh type IZH2007_RS_CORTICAL_PYRAMIDAL
[2026-06-09 16:29:04][INFO] SIM_BRIDGE: Generating 3D neuron positions for 1394 neurons...
[2026-06-09 16:29:04][INFO] SIM_BRIDGE: Generating connections (brain-region framework)...
[2026-06-09 16:29:04][INFO] SIM_BRIDGE: inject_explicit_wiring: installed 178818 synapses across 9 populations.
[2026-06-09 16:29:04][INFO] SIM_BRIDGE: Initializing eligibility traces for 178818 synapses (capacity: 268227, dtype: float32)...
[2026-06-09 16:29:04][INFO] SIM_BRIDGE: Initialized neuromodulator subsystem with 1 modulators: ['dopamine']
[2026-06-09 16:29:04][INFO] SIM_BRIDGE: Initializing STDP state for 1394 neurons...
[2026-06-09 16:29:04][INFO] SIM_BRIDGE: Simulation data initialized for 1394 neurons (3D). Synapses: 178818. GPU memory: 1.4GB/25.8GB (5.3%)
  [seed 42] calib SNc tonic frac=0.0004; gate-2d baseline actor(no-critic)=62.50 Hz
  [seed 42] critic@NEAR init (pre-value-train) = 50.97 Hz (w_near 0.500)
  [seed 42] STEP 2: training critic V (value-leads-reward, 40 trials)...
    [acq t=00] V(near)=  0.00Hz w_near=0.500 w_far=0.502 (near/far 1.00) DA=0.323
    [acq t=01] V(near)=  0.00Hz w_near=0.500 w_far=0.502 (near/far 1.00) DA=0.381
    [acq t=02] V(near)= 31.87Hz w_near=0.793 w_far=0.564 (near/far 1.41) DA=0.421
    [acq t=10] V(near)= 25.62Hz w_near=1.536 w_far=0.725 (near/far 2.12) DA=0.504
    [acq t=20] V(near)=  1.88Hz w_near=2.309 w_far=0.893 (near/far 2.59) DA=0.515
    [acq t=30] V(near)= 28.75Hz w_near=3.434 w_far=1.148 (near/far 2.99) DA=0.514
    [acq t=39] V(near)=  0.00Hz w_near=4.240 w_far=1.337 (near/far 3.17) DA=0.507
  [gate-2a FIRE] critic@NEAR=16.39Hz (>=5 => True)
  [gate-2b PLACE-GRADED] NEAR=16.39Hz FAR[far_a=4.44, far_b=0.00, far_center=0.14]Hz ratio(near/maxfar)=3.69 (>=3 & near>=5 => True)
  [gate-2c LEARNS-V] w_near 0.500->4.240 w_far 0.502->1.337 (near>=2x far & grew => True); V(near) 7.46->6.29Hz
  [gate-2d ACTOR] no-critic=62.50Hz with-critic=62.50Hz ratio=1.000 (not-perturbed => True)
  [gate-2e SNc gap] predicted(NEAR)=0.00Hz unpredicted(FAR)=0.00Hz gap=0.00 state-specific=False (lesion=False)
  => seed 42 PRIMARY PASS [fire True, place-graded True, LTP True, actor-ok True]

[stage2 seed=43] PRIMARY-VOLLEY (FS-PING + Route-D critic):
[2026-06-09 16:29:19][INFO] SIM_BRIDGE: CuPy using GPU: NVIDIA GeForce RTX 3090 (24.0 GB), mempool limit: 80%
[2026-06-09 16:29:19][INFO] SIM_BRIDGE: Initializing simulation data for model: IZHIKEVICH (3D)... (playback_init: False)
[2026-06-09 16:29:19][INFO] SIM_BRIDGE: Brain-region framework: 10 regions, 1394 total neurons, 9 pathways.
[2026-06-09 16:29:19][INFO] SIM_BRIDGE: RNG initialized with seed: 43
[2026-06-09 16:29:19][INFO] SIM_BRIDGE: NMDA per-region mask: 1 regions enabled (80 neurons)
[2026-06-09 16:29:19][INFO] SIM_BRIDGE: Initializing Izhikevich model specifics for 1394 neurons...
[2026-06-09 16:29:19][INFO] SIM_BRIDGE: Region 'landmark_sensors' (60 neurons): using Izh type IZH2007_RS_CORTICAL_PYRAMIDAL
[2026-06-09 16:29:19][INFO] SIM_BRIDGE: Region 'place' (800 neurons): using Izh type IZH2007_HIPPO_PYRAMIDAL
[2026-06-09 16:29:19][INFO] SIM_BRIDGE: Region 'striosome_value' (80 neurons): using Izh type IZH2007_STRIATAL_MSN_D1
[2026-06-09 16:29:19][INFO] SIM_BRIDGE: Region 'snc' (30 neurons): using Izh type IZH2007_DOPAMINE
[2026-06-09 16:29:19][INFO] SIM_BRIDGE: Region 'place_fs' (160 neurons): using Izh type IZH2007_FS_CORTICAL_INTERNEURON
[2026-06-09 16:29:19][INFO] SIM_BRIDGE: Region 'sensor_place_readout' (64 neurons): using Izh type IZH2007_HIPPO_PYRAMIDAL
[2026-06-09 16:29:19][INFO] SIM_BRIDGE: Region 'cortex_N' (50 neurons): using Izh type IZH2007_RS_CORTICAL_PYRAMIDAL
[2026-06-09 16:29:19][INFO] SIM_BRIDGE: Region 'cortex_E' (50 neurons): using Izh type IZH2007_RS_CORTICAL_PYRAMIDAL
[2026-06-09 16:29:19][INFO] SIM_BRIDGE: Region 'cortex_S' (50 neurons): using Izh type IZH2007_RS_CORTICAL_PYRAMIDAL
[2026-06-09 16:29:19][INFO] SIM_BRIDGE: Region 'cortex_W' (50 neurons): using Izh type IZH2007_RS_CORTICAL_PYRAMIDAL
[2026-06-09 16:29:19][INFO] SIM_BRIDGE: Generating 3D neuron positions for 1394 neurons...
[2026-06-09 16:29:19][INFO] SIM_BRIDGE: Generating connections (brain-region framework)...
[2026-06-09 16:29:19][INFO] SIM_BRIDGE: inject_explicit_wiring: installed 178729 synapses across 9 populations.
[2026-06-09 16:29:19][INFO] SIM_BRIDGE: Initializing eligibility traces for 178729 synapses (capacity: 268093, dtype: float32)...
[2026-06-09 16:29:19][INFO] SIM_BRIDGE: Initialized neuromodulator subsystem with 1 modulators: ['dopamine']
[2026-06-09 16:29:19][INFO] SIM_BRIDGE: Initializing STDP state for 1394 neurons...
[2026-06-09 16:29:19][INFO] SIM_BRIDGE: Simulation data initialized for 1394 neurons (3D). Synapses: 178729. GPU memory: 1.4GB/25.8GB (5.3%)
  [seed 43] built 0.3s; 1394 neurons, 178729 synapses; backend=cupy
  [seed 43] STEP 1: self-organizing place fields (24 passes x 4 locs)...
  [seed 43] place self-org done (55s); place fields FROZEN
  [seed 43] place code: diff-loc cos=0.146 sparsity=0.036
[2026-06-09 16:30:17][INFO] SIM_BRIDGE: CuPy using GPU: NVIDIA GeForce RTX 3090 (24.0 GB), mempool limit: 80%
[2026-06-09 16:30:17][INFO] SIM_BRIDGE: Initializing simulation data for model: IZHIKEVICH (3D)... (playback_init: False)
[2026-06-09 16:30:17][INFO] SIM_BRIDGE: Brain-region framework: 10 regions, 1394 total neurons, 9 pathways.
[2026-06-09 16:30:17][INFO] SIM_BRIDGE: RNG initialized with seed: 43
[2026-06-09 16:30:17][INFO] SIM_BRIDGE: NMDA per-region mask: 1 regions enabled (80 neurons)
[2026-06-09 16:30:17][INFO] SIM_BRIDGE: Initializing Izhikevich model specifics for 1394 neurons...
[2026-06-09 16:30:17][INFO] SIM_BRIDGE: Region 'landmark_sensors' (60 neurons): using Izh type IZH2007_RS_CORTICAL_PYRAMIDAL
[2026-06-09 16:30:17][INFO] SIM_BRIDGE: Region 'place' (800 neurons): using Izh type IZH2007_HIPPO_PYRAMIDAL
[2026-06-09 16:30:17][INFO] SIM_BRIDGE: Region 'striosome_value' (80 neurons): using Izh type IZH2007_STRIATAL_MSN_D1
[2026-06-09 16:30:17][INFO] SIM_BRIDGE: Region 'snc' (30 neurons): using Izh type IZH2007_DOPAMINE
[2026-06-09 16:30:17][INFO] SIM_BRIDGE: Region 'place_fs' (160 neurons): using Izh type IZH2007_FS_CORTICAL_INTERNEURON
[2026-06-09 16:30:17][INFO] SIM_BRIDGE: Region 'sensor_place_readout' (64 neurons): using Izh type IZH2007_HIPPO_PYRAMIDAL
[2026-06-09 16:30:17][INFO] SIM_BRIDGE: Region 'cortex_N' (50 neurons): using Izh type IZH2007_RS_CORTICAL_PYRAMIDAL
[2026-06-09 16:30:17][INFO] SIM_BRIDGE: Region 'cortex_E' (50 neurons): using Izh type IZH2007_RS_CORTICAL_PYRAMIDAL
[2026-06-09 16:30:17][INFO] SIM_BRIDGE: Region 'cortex_S' (50 neurons): using Izh type IZH2007_RS_CORTICAL_PYRAMIDAL
[2026-06-09 16:30:17][INFO] SIM_BRIDGE: Region 'cortex_W' (50 neurons): using Izh type IZH2007_RS_CORTICAL_PYRAMIDAL
[2026-06-09 16:30:17][INFO] SIM_BRIDGE: Generating 3D neuron positions for 1394 neurons...
[2026-06-09 16:30:17][INFO] SIM_BRIDGE: Generating connections (brain-region framework)...
[2026-06-09 16:30:17][INFO] SIM_BRIDGE: inject_explicit_wiring: installed 178729 synapses across 9 populations.
[2026-06-09 16:30:17][INFO] SIM_BRIDGE: Initializing eligibility traces for 178729 synapses (capacity: 268093, dtype: float32)...
[2026-06-09 16:30:17][INFO] SIM_BRIDGE: Initialized neuromodulator subsystem with 1 modulators: ['dopamine']
[2026-06-09 16:30:17][INFO] SIM_BRIDGE: Initializing STDP state for 1394 neurons...
[2026-06-09 16:30:17][INFO] SIM_BRIDGE: Simulation data initialized for 1394 neurons (3D). Synapses: 178729. GPU memory: 1.4GB/25.8GB (5.3%)
  [seed 43] calib SNc tonic frac=0.0418; gate-2d baseline actor(no-critic)=62.50 Hz
  [seed 43] critic@NEAR init (pre-value-train) = 57.92 Hz (w_near 0.500)
  [seed 43] STEP 2: training critic V (value-leads-reward, 40 trials)...
    [acq t=00] V(near)=  0.00Hz w_near=0.500 w_far=0.504 (near/far 0.99) DA=0.309
    [acq t=01] V(near)=  0.00Hz w_near=0.500 w_far=0.504 (near/far 0.99) DA=0.355
    [acq t=02] V(near)= 10.00Hz w_near=0.598 w_far=0.558 (near/far 1.07) DA=0.384
    [acq t=10] V(near)= 18.12Hz w_near=0.951 w_far=0.705 (near/far 1.35) DA=0.454
    [acq t=20] V(near)=  2.81Hz w_near=1.387 w_far=0.918 (near/far 1.51) DA=0.449
    [acq t=30] V(near)= 24.06Hz w_near=1.904 w_far=1.164 (near/far 1.64) DA=0.449
    [acq t=39] V(near)=  0.00Hz w_near=2.278 w_far=1.335 (near/far 1.71) DA=0.445
  [gate-2a FIRE] critic@NEAR=10.56Hz (>=5 => True)
  [gate-2b PLACE-GRADED] NEAR=10.56Hz FAR[far_a=2.64, far_b=0.00, far_center=0.00]Hz ratio(near/maxfar)=4.00 (>=3 & near>=5 => True)
  [gate-2c LEARNS-V] w_near 0.500->2.278 w_far 0.504->1.335 (near>=2x far & grew => False); V(near) 3.12->5.86Hz
  [gate-2d ACTOR] no-critic=62.50Hz with-critic=62.50Hz ratio=1.000 (not-perturbed => True)
  [gate-2e SNc gap] predicted(NEAR)=25.00Hz unpredicted(FAR)=0.83Hz gap=0.03 state-specific=False (lesion=False)
  => seed 43 PRIMARY FAIL [fire True, place-graded True, LTP False, actor-ok True]

[stage2 seed=44] PRIMARY-VOLLEY (FS-PING + Route-D critic):
[2026-06-09 16:30:32][INFO] SIM_BRIDGE: CuPy using GPU: NVIDIA GeForce RTX 3090 (24.0 GB), mempool limit: 80%
[2026-06-09 16:30:32][INFO] SIM_BRIDGE: Initializing simulation data for model: IZHIKEVICH (3D)... (playback_init: False)
[2026-06-09 16:30:32][INFO] SIM_BRIDGE: Brain-region framework: 10 regions, 1394 total neurons, 9 pathways.
[2026-06-09 16:30:32][INFO] SIM_BRIDGE: RNG initialized with seed: 44
[2026-06-09 16:30:32][INFO] SIM_BRIDGE: NMDA per-region mask: 1 regions enabled (80 neurons)
[2026-06-09 16:30:32][INFO] SIM_BRIDGE: Initializing Izhikevich model specifics for 1394 neurons...
[2026-06-09 16:30:32][INFO] SIM_BRIDGE: Region 'landmark_sensors' (60 neurons): using Izh type IZH2007_RS_CORTICAL_PYRAMIDAL
[2026-06-09 16:30:32][INFO] SIM_BRIDGE: Region 'place' (800 neurons): using Izh type IZH2007_HIPPO_PYRAMIDAL
[2026-06-09 16:30:32][INFO] SIM_BRIDGE: Region 'striosome_value' (80 neurons): using Izh type IZH2007_STRIATAL_MSN_D1
[2026-06-09 16:30:32][INFO] SIM_BRIDGE: Region 'snc' (30 neurons): using Izh type IZH2007_DOPAMINE
[2026-06-09 16:30:32][INFO] SIM_BRIDGE: Region 'place_fs' (160 neurons): using Izh type IZH2007_FS_CORTICAL_INTERNEURON
[2026-06-09 16:30:32][INFO] SIM_BRIDGE: Region 'sensor_place_readout' (64 neurons): using Izh type IZH2007_HIPPO_PYRAMIDAL
[2026-06-09 16:30:32][INFO] SIM_BRIDGE: Region 'cortex_N' (50 neurons): using Izh type IZH2007_RS_CORTICAL_PYRAMIDAL
[2026-06-09 16:30:32][INFO] SIM_BRIDGE: Region 'cortex_E' (50 neurons): using Izh type IZH2007_RS_CORTICAL_PYRAMIDAL
[2026-06-09 16:30:32][INFO] SIM_BRIDGE: Region 'cortex_S' (50 neurons): using Izh type IZH2007_RS_CORTICAL_PYRAMIDAL
[2026-06-09 16:30:32][INFO] SIM_BRIDGE: Region 'cortex_W' (50 neurons): using Izh type IZH2007_RS_CORTICAL_PYRAMIDAL
[2026-06-09 16:30:32][INFO] SIM_BRIDGE: Generating 3D neuron positions for 1394 neurons...
[2026-06-09 16:30:32][INFO] SIM_BRIDGE: Generating connections (brain-region framework)...
[2026-06-09 16:30:32][INFO] SIM_BRIDGE: inject_explicit_wiring: installed 178410 synapses across 9 populations.
[2026-06-09 16:30:32][INFO] SIM_BRIDGE: Initializing eligibility traces for 178410 synapses (capacity: 267615, dtype: float32)...
[2026-06-09 16:30:32][INFO] SIM_BRIDGE: Initialized neuromodulator subsystem with 1 modulators: ['dopamine']
[2026-06-09 16:30:32][INFO] SIM_BRIDGE: Initializing STDP state for 1394 neurons...
[2026-06-09 16:30:32][INFO] SIM_BRIDGE: Simulation data initialized for 1394 neurons (3D). Synapses: 178410. GPU memory: 1.4GB/25.8GB (5.3%)
  [seed 44] built 0.3s; 1394 neurons, 178410 synapses; backend=cupy
  [seed 44] STEP 1: self-organizing place fields (24 passes x 4 locs)...
  [seed 44] place self-org done (64s); place fields FROZEN
  [seed 44] place code: diff-loc cos=0.140 sparsity=0.036
[2026-06-09 16:31:39][INFO] SIM_BRIDGE: CuPy using GPU: NVIDIA GeForce RTX 3090 (24.0 GB), mempool limit: 80%
[2026-06-09 16:31:39][INFO] SIM_BRIDGE: Initializing simulation data for model: IZHIKEVICH (3D)... (playback_init: False)
[2026-06-09 16:31:39][INFO] SIM_BRIDGE: Brain-region framework: 10 regions, 1394 total neurons, 9 pathways.
[2026-06-09 16:31:39][INFO] SIM_BRIDGE: RNG initialized with seed: 44
[2026-06-09 16:31:39][INFO] SIM_BRIDGE: NMDA per-region mask: 1 regions enabled (80 neurons)
[2026-06-09 16:31:39][INFO] SIM_BRIDGE: Initializing Izhikevich model specifics for 1394 neurons...
[2026-06-09 16:31:39][INFO] SIM_BRIDGE: Region 'landmark_sensors' (60 neurons): using Izh type IZH2007_RS_CORTICAL_PYRAMIDAL
[2026-06-09 16:31:39][INFO] SIM_BRIDGE: Region 'place' (800 neurons): using Izh type IZH2007_HIPPO_PYRAMIDAL
[2026-06-09 16:31:39][INFO] SIM_BRIDGE: Region 'striosome_value' (80 neurons): using Izh type IZH2007_STRIATAL_MSN_D1
[2026-06-09 16:31:39][INFO] SIM_BRIDGE: Region 'snc' (30 neurons): using Izh type IZH2007_DOPAMINE
[2026-06-09 16:31:39][INFO] SIM_BRIDGE: Region 'place_fs' (160 neurons): using Izh type IZH2007_FS_CORTICAL_INTERNEURON
[2026-06-09 16:31:39][INFO] SIM_BRIDGE: Region 'sensor_place_readout' (64 neurons): using Izh type IZH2007_HIPPO_PYRAMIDAL
[2026-06-09 16:31:39][INFO] SIM_BRIDGE: Region 'cortex_N' (50 neurons): using Izh type IZH2007_RS_CORTICAL_PYRAMIDAL
[2026-06-09 16:31:39][INFO] SIM_BRIDGE: Region 'cortex_E' (50 neurons): using Izh type IZH2007_RS_CORTICAL_PYRAMIDAL
[2026-06-09 16:31:39][INFO] SIM_BRIDGE: Region 'cortex_S' (50 neurons): using Izh type IZH2007_RS_CORTICAL_PYRAMIDAL
[2026-06-09 16:31:39][INFO] SIM_BRIDGE: Region 'cortex_W' (50 neurons): using Izh type IZH2007_RS_CORTICAL_PYRAMIDAL
[2026-06-09 16:31:39][INFO] SIM_BRIDGE: Generating 3D neuron positions for 1394 neurons...
[2026-06-09 16:31:39][INFO] SIM_BRIDGE: Generating connections (brain-region framework)...
[2026-06-09 16:31:39][INFO] SIM_BRIDGE: inject_explicit_wiring: installed 178410 synapses across 9 populations.
[2026-06-09 16:31:39][INFO] SIM_BRIDGE: Initializing eligibility traces for 178410 synapses (capacity: 267615, dtype: float32)...
[2026-06-09 16:31:39][INFO] SIM_BRIDGE: Initialized neuromodulator subsystem with 1 modulators: ['dopamine']
[2026-06-09 16:31:39][INFO] SIM_BRIDGE: Initializing STDP state for 1394 neurons...
[2026-06-09 16:31:39][INFO] SIM_BRIDGE: Simulation data initialized for 1394 neurons (3D). Synapses: 178410. GPU memory: 1.4GB/25.8GB (5.3%)
  [seed 44] calib SNc tonic frac=0.0400; gate-2d baseline actor(no-critic)=62.50 Hz
  [seed 44] critic@NEAR init (pre-value-train) = 69.72 Hz (w_near 0.504)
  [seed 44] STEP 2: training critic V (value-leads-reward, 40 trials)...
    [acq t=00] V(near)=  0.00Hz w_near=0.504 w_far=0.502 (near/far 1.01) DA=0.317
    [acq t=01] V(near)=  0.00Hz w_near=0.504 w_far=0.502 (near/far 1.01) DA=0.362
    [acq t=02] V(near)= 32.81Hz w_near=0.602 w_far=0.661 (near/far 0.91) DA=0.390
    [acq t=10] V(near)= 23.12Hz w_near=0.945 w_far=1.072 (near/far 0.88) DA=0.436
    [acq t=20] V(near)=  8.12Hz w_near=1.366 w_far=1.578 (near/far 0.87) DA=0.437
    [acq t=30] V(near)= 14.37Hz w_near=1.866 w_far=2.191 (near/far 0.85) DA=0.436
    [acq t=39] V(near)=  0.00Hz w_near=2.272 w_far=2.688 (near/far 0.85) DA=0.436
  [gate-2a FIRE] critic@NEAR=27.22Hz (>=5 => True)
  [gate-2b PLACE-GRADED] NEAR=27.22Hz FAR[far_a=3.06, far_b=0.00, far_center=0.00]Hz ratio(near/maxfar)=8.91 (>=3 & near>=5 => True)
  [gate-2c LEARNS-V] w_near 0.504->2.272 w_far 0.502->2.688 (near>=2x far & grew => False); V(near) 10.43->9.92Hz
  [gate-2d ACTOR] no-critic=62.50Hz with-critic=62.50Hz ratio=1.000 (not-perturbed => True)
  [gate-2e SNc gap] predicted(NEAR)=25.00Hz unpredicted(FAR)=0.00Hz gap=0.00 state-specific=False (lesion=False)
  => seed 44 PRIMARY FAIL [fire True, place-graded True, LTP False, actor-ok True]

==============================================================================
STAGE-2 SUMMARY (3 seeds, PRIMARY-VOLLEY (FS-PING + Route-D critic))
  2a FIRE(>=5Hz)              : 3/3  near [16.389, 10.556, 27.222]
  2b PLACE-GRADED(near>=3xfar): 3/3  ratio [3.688, 4.0, 8.909]
  2c LEARNS-V(LTP near>=2xfar): 1/3  w_near/far [3.171, 1.706, 0.845]
  2d ACTOR-NOT-PERTURBED      : 3/3  ratio [1.0, 1.0, 1.0]
  2e SNc state-specific gap   : 0/3  gap [0.0, 0.033, 0.0] (LESION/SHUFFLE expect 0/N; primary expects >=N/2)
  PRIMARY (2a+2b+2c+2d)      : 1/3
  VERDICT: PARTIAL
==============================================================================
[OUT] research\findings\raw\_n9_weighted_3seed_sharp.json
