==============================================================================
Stage-2 de-risk: SPARSE-read MSN-D1 value critic on the self-organized place code
  mode=PRIMARY-VOLLEY (FS-PING + Route-D critic)  seeds=[42, 43, 44]  grid=32
  locations={'near': (23.2, 7.8), 'far_a': (7.8, 23.2), 'far_b': (7.8, 7.8), 'far_center': (15.5, 15.5)}
  place_to_value: w=0.5 density=0.6 (PLASTIC, DA-gated; NO dense A1 floor)  nmda_critic=False
==============================================================================

[stage2 seed=42] PRIMARY-VOLLEY (FS-PING + Route-D critic):
[2026-06-09 16:50:40][INFO] SIM_BRIDGE: CuPy using GPU: NVIDIA GeForce RTX 3090 (24.0 GB), mempool limit: 80%
[2026-06-09 16:50:40][INFO] SIM_BRIDGE: Initializing simulation data for model: IZHIKEVICH (3D)... (playback_init: False)
[2026-06-09 16:50:40][INFO] SIM_BRIDGE: Brain-region framework: 10 regions, 1394 total neurons, 9 pathways.
[2026-06-09 16:50:40][INFO] SIM_BRIDGE: RNG initialized with seed: 42
[2026-06-09 16:50:40][INFO] SIM_BRIDGE: NMDA per-region mask: 1 regions enabled (80 neurons)
[2026-06-09 16:50:40][INFO] SIM_BRIDGE: Initializing Izhikevich model specifics for 1394 neurons...
[2026-06-09 16:50:40][INFO] SIM_BRIDGE: Region 'landmark_sensors' (60 neurons): using Izh type IZH2007_RS_CORTICAL_PYRAMIDAL
[2026-06-09 16:50:40][INFO] SIM_BRIDGE: Region 'place' (800 neurons): using Izh type IZH2007_HIPPO_PYRAMIDAL
[2026-06-09 16:50:40][INFO] SIM_BRIDGE: Region 'striosome_value' (80 neurons): using Izh type IZH2007_STRIATAL_MSN_D1
[2026-06-09 16:50:40][INFO] SIM_BRIDGE: Region 'snc' (30 neurons): using Izh type IZH2007_DOPAMINE
[2026-06-09 16:50:40][INFO] SIM_BRIDGE: Region 'place_fs' (160 neurons): using Izh type IZH2007_FS_CORTICAL_INTERNEURON
[2026-06-09 16:50:40][INFO] SIM_BRIDGE: Region 'sensor_place_readout' (64 neurons): using Izh type IZH2007_HIPPO_PYRAMIDAL
[2026-06-09 16:50:40][INFO] SIM_BRIDGE: Region 'cortex_N' (50 neurons): using Izh type IZH2007_RS_CORTICAL_PYRAMIDAL
[2026-06-09 16:50:40][INFO] SIM_BRIDGE: Region 'cortex_E' (50 neurons): using Izh type IZH2007_RS_CORTICAL_PYRAMIDAL
[2026-06-09 16:50:40][INFO] SIM_BRIDGE: Region 'cortex_S' (50 neurons): using Izh type IZH2007_RS_CORTICAL_PYRAMIDAL
[2026-06-09 16:50:40][INFO] SIM_BRIDGE: Region 'cortex_W' (50 neurons): using Izh type IZH2007_RS_CORTICAL_PYRAMIDAL
[2026-06-09 16:50:40][INFO] SIM_BRIDGE: Generating 3D neuron positions for 1394 neurons...
[2026-06-09 16:50:40][INFO] SIM_BRIDGE: Generating connections (brain-region framework)...
[2026-06-09 16:50:41][INFO] SIM_BRIDGE: inject_explicit_wiring: installed 178818 synapses across 9 populations.
[2026-06-09 16:50:41][INFO] SIM_BRIDGE: Initializing eligibility traces for 178818 synapses (capacity: 268227, dtype: float32)...
[2026-06-09 16:50:41][INFO] SIM_BRIDGE: Initialized neuromodulator subsystem with 1 modulators: ['dopamine']
[2026-06-09 16:50:41][INFO] SIM_BRIDGE: Initializing STDP state for 1394 neurons...
[2026-06-09 16:50:41][INFO] SIM_BRIDGE: Simulation data initialized for 1394 neurons (3D). Synapses: 178818. GPU memory: 1.3GB/25.8GB (5.1%)
  [seed 42] built 0.6s; 1394 neurons, 178818 synapses; backend=cupy
  [seed 42] STEP 1: self-organizing place fields (24 passes x 4 locs)...
  [seed 42] place self-org done (72s); place fields FROZEN
  [seed 42] place code: diff-loc cos=0.120 sparsity=0.045
[2026-06-09 16:51:55][INFO] SIM_BRIDGE: CuPy using GPU: NVIDIA GeForce RTX 3090 (24.0 GB), mempool limit: 80%
[2026-06-09 16:51:55][INFO] SIM_BRIDGE: Initializing simulation data for model: IZHIKEVICH (3D)... (playback_init: False)
[2026-06-09 16:51:55][INFO] SIM_BRIDGE: Brain-region framework: 10 regions, 1394 total neurons, 9 pathways.
[2026-06-09 16:51:55][INFO] SIM_BRIDGE: RNG initialized with seed: 42
[2026-06-09 16:51:55][INFO] SIM_BRIDGE: NMDA per-region mask: 1 regions enabled (80 neurons)
[2026-06-09 16:51:55][INFO] SIM_BRIDGE: Initializing Izhikevich model specifics for 1394 neurons...
[2026-06-09 16:51:55][INFO] SIM_BRIDGE: Region 'landmark_sensors' (60 neurons): using Izh type IZH2007_RS_CORTICAL_PYRAMIDAL
[2026-06-09 16:51:55][INFO] SIM_BRIDGE: Region 'place' (800 neurons): using Izh type IZH2007_HIPPO_PYRAMIDAL
[2026-06-09 16:51:55][INFO] SIM_BRIDGE: Region 'striosome_value' (80 neurons): using Izh type IZH2007_STRIATAL_MSN_D1
[2026-06-09 16:51:55][INFO] SIM_BRIDGE: Region 'snc' (30 neurons): using Izh type IZH2007_DOPAMINE
[2026-06-09 16:51:55][INFO] SIM_BRIDGE: Region 'place_fs' (160 neurons): using Izh type IZH2007_FS_CORTICAL_INTERNEURON
[2026-06-09 16:51:55][INFO] SIM_BRIDGE: Region 'sensor_place_readout' (64 neurons): using Izh type IZH2007_HIPPO_PYRAMIDAL
[2026-06-09 16:51:55][INFO] SIM_BRIDGE: Region 'cortex_N' (50 neurons): using Izh type IZH2007_RS_CORTICAL_PYRAMIDAL
[2026-06-09 16:51:55][INFO] SIM_BRIDGE: Region 'cortex_E' (50 neurons): using Izh type IZH2007_RS_CORTICAL_PYRAMIDAL
[2026-06-09 16:51:55][INFO] SIM_BRIDGE: Region 'cortex_S' (50 neurons): using Izh type IZH2007_RS_CORTICAL_PYRAMIDAL
[2026-06-09 16:51:55][INFO] SIM_BRIDGE: Region 'cortex_W' (50 neurons): using Izh type IZH2007_RS_CORTICAL_PYRAMIDAL
[2026-06-09 16:51:55][INFO] SIM_BRIDGE: Generating 3D neuron positions for 1394 neurons...
[2026-06-09 16:51:55][INFO] SIM_BRIDGE: Generating connections (brain-region framework)...
[2026-06-09 16:51:55][INFO] SIM_BRIDGE: inject_explicit_wiring: installed 178818 synapses across 9 populations.
[2026-06-09 16:51:55][INFO] SIM_BRIDGE: Initializing eligibility traces for 178818 synapses (capacity: 268227, dtype: float32)...
[2026-06-09 16:51:55][INFO] SIM_BRIDGE: Initialized neuromodulator subsystem with 1 modulators: ['dopamine']
[2026-06-09 16:51:55][INFO] SIM_BRIDGE: Initializing STDP state for 1394 neurons...
[2026-06-09 16:51:55][INFO] SIM_BRIDGE: Simulation data initialized for 1394 neurons (3D). Synapses: 178818. GPU memory: 1.4GB/25.8GB (5.3%)
  [seed 42] calib SNc tonic frac=0.0000; gate-2d baseline actor(no-critic)=62.50 Hz
  [seed 42] critic@NEAR init (pre-value-train) = 91.53 Hz (w_near 0.499)
  [seed 42] STEP 2: training critic V (value-leads-reward, 30 trials)...
    [acq t=00] V(near)=  0.00Hz w_near=0.500 w_far=0.501 (near/far 1.00) DA=0.323
    [acq t=01] V(near)=  0.00Hz w_near=0.500 w_far=0.501 (near/far 1.00) DA=0.381
    [acq t=02] V(near)= 72.50Hz w_near=0.937 w_far=0.658 (near/far 1.42) DA=0.421
    [acq t=10] V(near)= 17.19Hz w_near=2.042 w_far=1.024 (near/far 1.99) DA=0.497
    [acq t=20] V(near)= 30.62Hz w_near=3.668 w_far=1.552 (near/far 2.36) DA=0.500
    [acq t=29] V(near)=  0.00Hz w_near=4.781 w_far=1.983 (near/far 2.41) DA=0.502
  [gate-2a FIRE] critic@NEAR=16.11Hz (>=5 => True)
  [gate-2b PLACE-GRADED] NEAR=16.11Hz FAR[far_a=0.69, far_b=0.00, far_center=0.00]Hz ratio(near/maxfar)=23.20 (>=3 & near>=5 => True)
  [gate-2c LEARNS-V] w_near 0.499->4.781 w_far 0.501->1.983 (near>=2x far & grew => True); V(near) 18.96->16.56Hz
  [gate-2d ACTOR] no-critic=62.50Hz with-critic=62.50Hz ratio=1.000 (not-perturbed => True)
  [gate-2e SNc gap] predicted(NEAR)=0.00Hz unpredicted(FAR)=0.00Hz gap=0.00 state-specific=False (lesion=False)
  => seed 42 PRIMARY PASS [fire True, place-graded True, LTP True, actor-ok True]

[stage2 seed=43] PRIMARY-VOLLEY (FS-PING + Route-D critic):
[2026-06-09 16:52:07][INFO] SIM_BRIDGE: CuPy using GPU: NVIDIA GeForce RTX 3090 (24.0 GB), mempool limit: 80%
[2026-06-09 16:52:07][INFO] SIM_BRIDGE: Initializing simulation data for model: IZHIKEVICH (3D)... (playback_init: False)
[2026-06-09 16:52:07][INFO] SIM_BRIDGE: Brain-region framework: 10 regions, 1394 total neurons, 9 pathways.
[2026-06-09 16:52:07][INFO] SIM_BRIDGE: RNG initialized with seed: 43
[2026-06-09 16:52:07][INFO] SIM_BRIDGE: NMDA per-region mask: 1 regions enabled (80 neurons)
[2026-06-09 16:52:07][INFO] SIM_BRIDGE: Initializing Izhikevich model specifics for 1394 neurons...
[2026-06-09 16:52:07][INFO] SIM_BRIDGE: Region 'landmark_sensors' (60 neurons): using Izh type IZH2007_RS_CORTICAL_PYRAMIDAL
[2026-06-09 16:52:07][INFO] SIM_BRIDGE: Region 'place' (800 neurons): using Izh type IZH2007_HIPPO_PYRAMIDAL
[2026-06-09 16:52:07][INFO] SIM_BRIDGE: Region 'striosome_value' (80 neurons): using Izh type IZH2007_STRIATAL_MSN_D1
[2026-06-09 16:52:07][INFO] SIM_BRIDGE: Region 'snc' (30 neurons): using Izh type IZH2007_DOPAMINE
[2026-06-09 16:52:07][INFO] SIM_BRIDGE: Region 'place_fs' (160 neurons): using Izh type IZH2007_FS_CORTICAL_INTERNEURON
[2026-06-09 16:52:07][INFO] SIM_BRIDGE: Region 'sensor_place_readout' (64 neurons): using Izh type IZH2007_HIPPO_PYRAMIDAL
[2026-06-09 16:52:07][INFO] SIM_BRIDGE: Region 'cortex_N' (50 neurons): using Izh type IZH2007_RS_CORTICAL_PYRAMIDAL
[2026-06-09 16:52:07][INFO] SIM_BRIDGE: Region 'cortex_E' (50 neurons): using Izh type IZH2007_RS_CORTICAL_PYRAMIDAL
[2026-06-09 16:52:07][INFO] SIM_BRIDGE: Region 'cortex_S' (50 neurons): using Izh type IZH2007_RS_CORTICAL_PYRAMIDAL
[2026-06-09 16:52:07][INFO] SIM_BRIDGE: Region 'cortex_W' (50 neurons): using Izh type IZH2007_RS_CORTICAL_PYRAMIDAL
[2026-06-09 16:52:07][INFO] SIM_BRIDGE: Generating 3D neuron positions for 1394 neurons...
[2026-06-09 16:52:07][INFO] SIM_BRIDGE: Generating connections (brain-region framework)...
[2026-06-09 16:52:07][INFO] SIM_BRIDGE: inject_explicit_wiring: installed 178729 synapses across 9 populations.
[2026-06-09 16:52:07][INFO] SIM_BRIDGE: Initializing eligibility traces for 178729 synapses (capacity: 268093, dtype: float32)...
[2026-06-09 16:52:07][INFO] SIM_BRIDGE: Initialized neuromodulator subsystem with 1 modulators: ['dopamine']
[2026-06-09 16:52:07][INFO] SIM_BRIDGE: Initializing STDP state for 1394 neurons...
[2026-06-09 16:52:07][INFO] SIM_BRIDGE: Simulation data initialized for 1394 neurons (3D). Synapses: 178729. GPU memory: 1.4GB/25.8GB (5.3%)
  [seed 43] built 0.3s; 1394 neurons, 178729 synapses; backend=cupy
  [seed 43] STEP 1: self-organizing place fields (24 passes x 4 locs)...
  [seed 43] place self-org done (63s); place fields FROZEN
  [seed 43] place code: diff-loc cos=0.065 sparsity=0.041
[2026-06-09 16:53:12][INFO] SIM_BRIDGE: CuPy using GPU: NVIDIA GeForce RTX 3090 (24.0 GB), mempool limit: 80%
[2026-06-09 16:53:12][INFO] SIM_BRIDGE: Initializing simulation data for model: IZHIKEVICH (3D)... (playback_init: False)
[2026-06-09 16:53:12][INFO] SIM_BRIDGE: Brain-region framework: 10 regions, 1394 total neurons, 9 pathways.
[2026-06-09 16:53:12][INFO] SIM_BRIDGE: RNG initialized with seed: 43
[2026-06-09 16:53:12][INFO] SIM_BRIDGE: NMDA per-region mask: 1 regions enabled (80 neurons)
[2026-06-09 16:53:12][INFO] SIM_BRIDGE: Initializing Izhikevich model specifics for 1394 neurons...
[2026-06-09 16:53:12][INFO] SIM_BRIDGE: Region 'landmark_sensors' (60 neurons): using Izh type IZH2007_RS_CORTICAL_PYRAMIDAL
[2026-06-09 16:53:12][INFO] SIM_BRIDGE: Region 'place' (800 neurons): using Izh type IZH2007_HIPPO_PYRAMIDAL
[2026-06-09 16:53:12][INFO] SIM_BRIDGE: Region 'striosome_value' (80 neurons): using Izh type IZH2007_STRIATAL_MSN_D1
[2026-06-09 16:53:12][INFO] SIM_BRIDGE: Region 'snc' (30 neurons): using Izh type IZH2007_DOPAMINE
[2026-06-09 16:53:12][INFO] SIM_BRIDGE: Region 'place_fs' (160 neurons): using Izh type IZH2007_FS_CORTICAL_INTERNEURON
[2026-06-09 16:53:12][INFO] SIM_BRIDGE: Region 'sensor_place_readout' (64 neurons): using Izh type IZH2007_HIPPO_PYRAMIDAL
[2026-06-09 16:53:12][INFO] SIM_BRIDGE: Region 'cortex_N' (50 neurons): using Izh type IZH2007_RS_CORTICAL_PYRAMIDAL
[2026-06-09 16:53:12][INFO] SIM_BRIDGE: Region 'cortex_E' (50 neurons): using Izh type IZH2007_RS_CORTICAL_PYRAMIDAL
[2026-06-09 16:53:12][INFO] SIM_BRIDGE: Region 'cortex_S' (50 neurons): using Izh type IZH2007_RS_CORTICAL_PYRAMIDAL
[2026-06-09 16:53:12][INFO] SIM_BRIDGE: Region 'cortex_W' (50 neurons): using Izh type IZH2007_RS_CORTICAL_PYRAMIDAL
[2026-06-09 16:53:12][INFO] SIM_BRIDGE: Generating 3D neuron positions for 1394 neurons...
[2026-06-09 16:53:12][INFO] SIM_BRIDGE: Generating connections (brain-region framework)...
[2026-06-09 16:53:13][INFO] SIM_BRIDGE: inject_explicit_wiring: installed 178729 synapses across 9 populations.
[2026-06-09 16:53:13][INFO] SIM_BRIDGE: Initializing eligibility traces for 178729 synapses (capacity: 268093, dtype: float32)...
[2026-06-09 16:53:13][INFO] SIM_BRIDGE: Initialized neuromodulator subsystem with 1 modulators: ['dopamine']
[2026-06-09 16:53:13][INFO] SIM_BRIDGE: Initializing STDP state for 1394 neurons...
[2026-06-09 16:53:13][INFO] SIM_BRIDGE: Simulation data initialized for 1394 neurons (3D). Synapses: 178729. GPU memory: 1.4GB/25.8GB (5.3%)
  [seed 43] calib SNc tonic frac=0.0000; gate-2d baseline actor(no-critic)=62.50 Hz
  [seed 43] critic@NEAR init (pre-value-train) = 92.92 Hz (w_near 0.495)
  [seed 43] STEP 2: training critic V (value-leads-reward, 30 trials)...
    [acq t=00] V(near)=  0.00Hz w_near=0.505 w_far=0.502 (near/far 1.00) DA=0.323
    [acq t=01] V(near)=  0.00Hz w_near=0.505 w_far=0.502 (near/far 1.00) DA=0.381
    [acq t=02] V(near)= 80.31Hz w_near=0.831 w_far=0.713 (near/far 1.17) DA=0.420
    [acq t=10] V(near)= 71.25Hz w_near=1.834 w_far=1.317 (near/far 1.39) DA=0.497
    [acq t=20] V(near)= 26.25Hz w_near=3.011 w_far=2.021 (near/far 1.49) DA=0.500
    [acq t=29] V(near)=  0.00Hz w_near=4.170 w_far=2.696 (near/far 1.55) DA=0.500
  [gate-2a FIRE] critic@NEAR=39.72Hz (>=5 => True)
  [gate-2b PLACE-GRADED] NEAR=39.72Hz FAR[far_a=0.69, far_b=0.00, far_center=0.69]Hz ratio(near/maxfar)=57.20 (>=3 & near>=5 => True)
  [gate-2c LEARNS-V] w_near 0.495->4.170 w_far 0.502->2.696 (near>=2x far & grew => False); V(near) 21.61->28.80Hz
  [gate-2d ACTOR] no-critic=62.50Hz with-critic=62.50Hz ratio=1.000 (not-perturbed => True)
  [gate-2e SNc gap] predicted(NEAR)=0.00Hz unpredicted(FAR)=0.00Hz gap=0.00 state-specific=False (lesion=False)
  => seed 43 PRIMARY FAIL [fire True, place-graded True, LTP False, actor-ok True]

[stage2 seed=44] PRIMARY-VOLLEY (FS-PING + Route-D critic):
[2026-06-09 16:53:25][INFO] SIM_BRIDGE: CuPy using GPU: NVIDIA GeForce RTX 3090 (24.0 GB), mempool limit: 80%
[2026-06-09 16:53:25][INFO] SIM_BRIDGE: Initializing simulation data for model: IZHIKEVICH (3D)... (playback_init: False)
[2026-06-09 16:53:25][INFO] SIM_BRIDGE: Brain-region framework: 10 regions, 1394 total neurons, 9 pathways.
[2026-06-09 16:53:25][INFO] SIM_BRIDGE: RNG initialized with seed: 44
[2026-06-09 16:53:25][INFO] SIM_BRIDGE: NMDA per-region mask: 1 regions enabled (80 neurons)
[2026-06-09 16:53:25][INFO] SIM_BRIDGE: Initializing Izhikevich model specifics for 1394 neurons...
[2026-06-09 16:53:25][INFO] SIM_BRIDGE: Region 'landmark_sensors' (60 neurons): using Izh type IZH2007_RS_CORTICAL_PYRAMIDAL
[2026-06-09 16:53:25][INFO] SIM_BRIDGE: Region 'place' (800 neurons): using Izh type IZH2007_HIPPO_PYRAMIDAL
[2026-06-09 16:53:25][INFO] SIM_BRIDGE: Region 'striosome_value' (80 neurons): using Izh type IZH2007_STRIATAL_MSN_D1
[2026-06-09 16:53:25][INFO] SIM_BRIDGE: Region 'snc' (30 neurons): using Izh type IZH2007_DOPAMINE
[2026-06-09 16:53:25][INFO] SIM_BRIDGE: Region 'place_fs' (160 neurons): using Izh type IZH2007_FS_CORTICAL_INTERNEURON
[2026-06-09 16:53:25][INFO] SIM_BRIDGE: Region 'sensor_place_readout' (64 neurons): using Izh type IZH2007_HIPPO_PYRAMIDAL
[2026-06-09 16:53:25][INFO] SIM_BRIDGE: Region 'cortex_N' (50 neurons): using Izh type IZH2007_RS_CORTICAL_PYRAMIDAL
[2026-06-09 16:53:25][INFO] SIM_BRIDGE: Region 'cortex_E' (50 neurons): using Izh type IZH2007_RS_CORTICAL_PYRAMIDAL
[2026-06-09 16:53:25][INFO] SIM_BRIDGE: Region 'cortex_S' (50 neurons): using Izh type IZH2007_RS_CORTICAL_PYRAMIDAL
[2026-06-09 16:53:25][INFO] SIM_BRIDGE: Region 'cortex_W' (50 neurons): using Izh type IZH2007_RS_CORTICAL_PYRAMIDAL
[2026-06-09 16:53:25][INFO] SIM_BRIDGE: Generating 3D neuron positions for 1394 neurons...
[2026-06-09 16:53:25][INFO] SIM_BRIDGE: Generating connections (brain-region framework)...
[2026-06-09 16:53:25][INFO] SIM_BRIDGE: inject_explicit_wiring: installed 178410 synapses across 9 populations.
[2026-06-09 16:53:25][INFO] SIM_BRIDGE: Initializing eligibility traces for 178410 synapses (capacity: 267615, dtype: float32)...
[2026-06-09 16:53:25][INFO] SIM_BRIDGE: Initialized neuromodulator subsystem with 1 modulators: ['dopamine']
[2026-06-09 16:53:25][INFO] SIM_BRIDGE: Initializing STDP state for 1394 neurons...
[2026-06-09 16:53:25][INFO] SIM_BRIDGE: Simulation data initialized for 1394 neurons (3D). Synapses: 178410. GPU memory: 1.4GB/25.8GB (5.3%)
  [seed 44] built 0.3s; 1394 neurons, 178410 synapses; backend=cupy
  [seed 44] STEP 1: self-organizing place fields (24 passes x 4 locs)...
  [seed 44] place self-org done (65s); place fields FROZEN
  [seed 44] place code: diff-loc cos=0.069 sparsity=0.033
[2026-06-09 16:54:32][INFO] SIM_BRIDGE: CuPy using GPU: NVIDIA GeForce RTX 3090 (24.0 GB), mempool limit: 80%
[2026-06-09 16:54:32][INFO] SIM_BRIDGE: Initializing simulation data for model: IZHIKEVICH (3D)... (playback_init: False)
[2026-06-09 16:54:32][INFO] SIM_BRIDGE: Brain-region framework: 10 regions, 1394 total neurons, 9 pathways.
[2026-06-09 16:54:32][INFO] SIM_BRIDGE: RNG initialized with seed: 44
[2026-06-09 16:54:32][INFO] SIM_BRIDGE: NMDA per-region mask: 1 regions enabled (80 neurons)
[2026-06-09 16:54:32][INFO] SIM_BRIDGE: Initializing Izhikevich model specifics for 1394 neurons...
[2026-06-09 16:54:32][INFO] SIM_BRIDGE: Region 'landmark_sensors' (60 neurons): using Izh type IZH2007_RS_CORTICAL_PYRAMIDAL
[2026-06-09 16:54:32][INFO] SIM_BRIDGE: Region 'place' (800 neurons): using Izh type IZH2007_HIPPO_PYRAMIDAL
[2026-06-09 16:54:32][INFO] SIM_BRIDGE: Region 'striosome_value' (80 neurons): using Izh type IZH2007_STRIATAL_MSN_D1
[2026-06-09 16:54:32][INFO] SIM_BRIDGE: Region 'snc' (30 neurons): using Izh type IZH2007_DOPAMINE
[2026-06-09 16:54:32][INFO] SIM_BRIDGE: Region 'place_fs' (160 neurons): using Izh type IZH2007_FS_CORTICAL_INTERNEURON
[2026-06-09 16:54:32][INFO] SIM_BRIDGE: Region 'sensor_place_readout' (64 neurons): using Izh type IZH2007_HIPPO_PYRAMIDAL
[2026-06-09 16:54:32][INFO] SIM_BRIDGE: Region 'cortex_N' (50 neurons): using Izh type IZH2007_RS_CORTICAL_PYRAMIDAL
[2026-06-09 16:54:32][INFO] SIM_BRIDGE: Region 'cortex_E' (50 neurons): using Izh type IZH2007_RS_CORTICAL_PYRAMIDAL
[2026-06-09 16:54:32][INFO] SIM_BRIDGE: Region 'cortex_S' (50 neurons): using Izh type IZH2007_RS_CORTICAL_PYRAMIDAL
[2026-06-09 16:54:32][INFO] SIM_BRIDGE: Region 'cortex_W' (50 neurons): using Izh type IZH2007_RS_CORTICAL_PYRAMIDAL
[2026-06-09 16:54:32][INFO] SIM_BRIDGE: Generating 3D neuron positions for 1394 neurons...
[2026-06-09 16:54:32][INFO] SIM_BRIDGE: Generating connections (brain-region framework)...
[2026-06-09 16:54:33][INFO] SIM_BRIDGE: inject_explicit_wiring: installed 178410 synapses across 9 populations.
[2026-06-09 16:54:33][INFO] SIM_BRIDGE: Initializing eligibility traces for 178410 synapses (capacity: 267615, dtype: float32)...
[2026-06-09 16:54:33][INFO] SIM_BRIDGE: Initialized neuromodulator subsystem with 1 modulators: ['dopamine']
[2026-06-09 16:54:33][INFO] SIM_BRIDGE: Initializing STDP state for 1394 neurons...
[2026-06-09 16:54:33][INFO] SIM_BRIDGE: Simulation data initialized for 1394 neurons (3D). Synapses: 178410. GPU memory: 1.4GB/25.8GB (5.3%)
  [seed 44] calib SNc tonic frac=0.0000; gate-2d baseline actor(no-critic)=62.50 Hz
  [seed 44] critic@NEAR init (pre-value-train) = 92.78 Hz (w_near 0.503)
  [seed 44] STEP 2: training critic V (value-leads-reward, 30 trials)...
    [acq t=00] V(near)=  0.00Hz w_near=0.505 w_far=0.505 (near/far 1.00) DA=0.323
    [acq t=01] V(near)=  0.00Hz w_near=0.505 w_far=0.505 (near/far 1.00) DA=0.381
    [acq t=02] V(near)= 73.12Hz w_near=1.067 w_far=0.772 (near/far 1.38) DA=0.420
    [acq t=10] V(near)= 82.50Hz w_near=2.957 w_far=1.656 (near/far 1.79) DA=0.497
    [acq t=20] V(near)= 82.19Hz w_near=5.628 w_far=2.779 (near/far 2.02) DA=0.500
    [acq t=29] V(near)=  0.00Hz w_near=7.624 w_far=3.579 (near/far 2.13) DA=0.500
  [gate-2a FIRE] critic@NEAR=48.61Hz (>=5 => True)
  [gate-2b PLACE-GRADED] NEAR=48.61Hz FAR[far_a=12.08, far_b=0.56, far_center=0.00]Hz ratio(near/maxfar)=4.02 (>=3 & near>=5 => True)
  [gate-2c LEARNS-V] w_near 0.503->7.624 w_far 0.504->3.579 (near>=2x far & grew => True); V(near) 25.68->41.30Hz
  [gate-2d ACTOR] no-critic=62.50Hz with-critic=62.50Hz ratio=1.000 (not-perturbed => True)
  [gate-2e SNc gap] predicted(NEAR)=0.00Hz unpredicted(FAR)=0.00Hz gap=0.00 state-specific=False (lesion=False)
  => seed 44 PRIMARY PASS [fire True, place-graded True, LTP True, actor-ok True]

==============================================================================
STAGE-2 SUMMARY (3 seeds, PRIMARY-VOLLEY (FS-PING + Route-D critic))
  2a FIRE(>=5Hz)              : 3/3  near [16.111, 39.722, 48.611]
  2b PLACE-GRADED(near>=3xfar): 3/3  ratio [23.2, 57.2, 4.023]
  2c LEARNS-V(LTP near>=2xfar): 2/3  w_near/far [2.411, 1.547, 2.13]
  2d ACTOR-NOT-PERTURBED      : 3/3  ratio [1.0, 1.0, 1.0]
  2e SNc state-specific gap   : 0/3  gap [0.0, 0.0, 0.0] (LESION/SHUFFLE expect 0/N; primary expects >=N/2)
  PRIMARY (2a+2b+2c+2d)      : 2/3
  VERDICT: PARTIAL
==============================================================================
[OUT] research\findings\raw\_n9_weighted_3seed_fsgate_mod.json
