==============================================================================
Stage-2 de-risk: SPARSE-read MSN-D1 value critic on the self-organized place code
  mode=PRIMARY-VOLLEY (FS-PING + Route-D critic)  seeds=[42]  grid=32
  locations={'near': (23.2, 7.8), 'far_a': (7.8, 23.2), 'far_b': (7.8, 7.8), 'far_center': (15.5, 15.5)}
  place_to_value: w=0.5 density=0.6 (PLASTIC, DA-gated; NO dense A1 floor)  nmda_critic=False
==============================================================================

[stage2 seed=42] PRIMARY-VOLLEY (FS-PING + Route-D critic):
[2026-06-09 16:10:42][INFO] SIM_BRIDGE: CuPy using GPU: NVIDIA GeForce RTX 3090 (24.0 GB), mempool limit: 80%
[2026-06-09 16:10:42][INFO] SIM_BRIDGE: Initializing simulation data for model: IZHIKEVICH (3D)... (playback_init: False)
[2026-06-09 16:10:42][INFO] SIM_BRIDGE: Brain-region framework: 10 regions, 1394 total neurons, 9 pathways.
[2026-06-09 16:10:42][INFO] SIM_BRIDGE: RNG initialized with seed: 42
[2026-06-09 16:10:42][INFO] SIM_BRIDGE: NMDA per-region mask: 1 regions enabled (80 neurons)
[2026-06-09 16:10:42][INFO] SIM_BRIDGE: Initializing Izhikevich model specifics for 1394 neurons...
[2026-06-09 16:10:42][INFO] SIM_BRIDGE: Region 'landmark_sensors' (60 neurons): using Izh type IZH2007_RS_CORTICAL_PYRAMIDAL
[2026-06-09 16:10:42][INFO] SIM_BRIDGE: Region 'place' (800 neurons): using Izh type IZH2007_HIPPO_PYRAMIDAL
[2026-06-09 16:10:42][INFO] SIM_BRIDGE: Region 'striosome_value' (80 neurons): using Izh type IZH2007_STRIATAL_MSN_D1
[2026-06-09 16:10:42][INFO] SIM_BRIDGE: Region 'snc' (30 neurons): using Izh type IZH2007_DOPAMINE
[2026-06-09 16:10:42][INFO] SIM_BRIDGE: Region 'place_fs' (160 neurons): using Izh type IZH2007_FS_CORTICAL_INTERNEURON
[2026-06-09 16:10:42][INFO] SIM_BRIDGE: Region 'sensor_place_readout' (64 neurons): using Izh type IZH2007_HIPPO_PYRAMIDAL
[2026-06-09 16:10:42][INFO] SIM_BRIDGE: Region 'cortex_N' (50 neurons): using Izh type IZH2007_RS_CORTICAL_PYRAMIDAL
[2026-06-09 16:10:42][INFO] SIM_BRIDGE: Region 'cortex_E' (50 neurons): using Izh type IZH2007_RS_CORTICAL_PYRAMIDAL
[2026-06-09 16:10:42][INFO] SIM_BRIDGE: Region 'cortex_S' (50 neurons): using Izh type IZH2007_RS_CORTICAL_PYRAMIDAL
[2026-06-09 16:10:42][INFO] SIM_BRIDGE: Region 'cortex_W' (50 neurons): using Izh type IZH2007_RS_CORTICAL_PYRAMIDAL
[2026-06-09 16:10:42][INFO] SIM_BRIDGE: Generating 3D neuron positions for 1394 neurons...
[2026-06-09 16:10:42][INFO] SIM_BRIDGE: Generating connections (brain-region framework)...
[2026-06-09 16:10:42][INFO] SIM_BRIDGE: inject_explicit_wiring: installed 178818 synapses across 9 populations.
[2026-06-09 16:10:42][INFO] SIM_BRIDGE: Initializing eligibility traces for 178818 synapses (capacity: 268227, dtype: float32)...
[2026-06-09 16:10:42][INFO] SIM_BRIDGE: Initialized neuromodulator subsystem with 1 modulators: ['dopamine']
[2026-06-09 16:10:42][INFO] SIM_BRIDGE: Initializing STDP state for 1394 neurons...
[2026-06-09 16:10:42][INFO] SIM_BRIDGE: Simulation data initialized for 1394 neurons (3D). Synapses: 178818. GPU memory: 1.3GB/25.8GB (5.1%)
  [seed 42] built 0.5s; 1394 neurons, 178818 synapses; backend=cupy
  [seed 42] STEP 1: self-organizing place fields (12 passes x 4 locs)...
  [seed 42] place self-org done (21s); place fields FROZEN
  [seed 42] place code: diff-loc cos=0.158 sparsity=0.038
[2026-06-09 16:11:05][INFO] SIM_BRIDGE: CuPy using GPU: NVIDIA GeForce RTX 3090 (24.0 GB), mempool limit: 80%
[2026-06-09 16:11:05][INFO] SIM_BRIDGE: Initializing simulation data for model: IZHIKEVICH (3D)... (playback_init: False)
[2026-06-09 16:11:05][INFO] SIM_BRIDGE: Brain-region framework: 10 regions, 1394 total neurons, 9 pathways.
[2026-06-09 16:11:05][INFO] SIM_BRIDGE: RNG initialized with seed: 42
[2026-06-09 16:11:05][INFO] SIM_BRIDGE: NMDA per-region mask: 1 regions enabled (80 neurons)
[2026-06-09 16:11:05][INFO] SIM_BRIDGE: Initializing Izhikevich model specifics for 1394 neurons...
[2026-06-09 16:11:05][INFO] SIM_BRIDGE: Region 'landmark_sensors' (60 neurons): using Izh type IZH2007_RS_CORTICAL_PYRAMIDAL
[2026-06-09 16:11:05][INFO] SIM_BRIDGE: Region 'place' (800 neurons): using Izh type IZH2007_HIPPO_PYRAMIDAL
[2026-06-09 16:11:05][INFO] SIM_BRIDGE: Region 'striosome_value' (80 neurons): using Izh type IZH2007_STRIATAL_MSN_D1
[2026-06-09 16:11:05][INFO] SIM_BRIDGE: Region 'snc' (30 neurons): using Izh type IZH2007_DOPAMINE
[2026-06-09 16:11:05][INFO] SIM_BRIDGE: Region 'place_fs' (160 neurons): using Izh type IZH2007_FS_CORTICAL_INTERNEURON
[2026-06-09 16:11:05][INFO] SIM_BRIDGE: Region 'sensor_place_readout' (64 neurons): using Izh type IZH2007_HIPPO_PYRAMIDAL
[2026-06-09 16:11:05][INFO] SIM_BRIDGE: Region 'cortex_N' (50 neurons): using Izh type IZH2007_RS_CORTICAL_PYRAMIDAL
[2026-06-09 16:11:05][INFO] SIM_BRIDGE: Region 'cortex_E' (50 neurons): using Izh type IZH2007_RS_CORTICAL_PYRAMIDAL
[2026-06-09 16:11:05][INFO] SIM_BRIDGE: Region 'cortex_S' (50 neurons): using Izh type IZH2007_RS_CORTICAL_PYRAMIDAL
[2026-06-09 16:11:05][INFO] SIM_BRIDGE: Region 'cortex_W' (50 neurons): using Izh type IZH2007_RS_CORTICAL_PYRAMIDAL
[2026-06-09 16:11:05][INFO] SIM_BRIDGE: Generating 3D neuron positions for 1394 neurons...
[2026-06-09 16:11:05][INFO] SIM_BRIDGE: Generating connections (brain-region framework)...
[2026-06-09 16:11:06][INFO] SIM_BRIDGE: inject_explicit_wiring: installed 178818 synapses across 9 populations.
[2026-06-09 16:11:06][INFO] SIM_BRIDGE: Initializing eligibility traces for 178818 synapses (capacity: 268227, dtype: float32)...
[2026-06-09 16:11:06][INFO] SIM_BRIDGE: Initialized neuromodulator subsystem with 1 modulators: ['dopamine']
[2026-06-09 16:11:06][INFO] SIM_BRIDGE: Initializing STDP state for 1394 neurons...
[2026-06-09 16:11:06][INFO] SIM_BRIDGE: Simulation data initialized for 1394 neurons (3D). Synapses: 178818. GPU memory: 1.4GB/25.8GB (5.3%)
  [seed 42] calib SNc tonic frac=0.0364; gate-2d baseline actor(no-critic)=62.50 Hz
  [seed 42] critic@NEAR init (pre-value-train) = 43.19 Hz (w_near 0.502)
  [seed 42] STEP 2: training critic V (value-leads-reward, 40 trials)...
    [acq t=00] V(near)=  0.00Hz w_near=0.502 w_far=0.502 (near/far 1.00) DA=0.308
    [acq t=01] V(near)=  0.00Hz w_near=0.502 w_far=0.502 (near/far 1.00) DA=0.357
    [acq t=02] V(near)=  5.94Hz w_near=0.648 w_far=0.515 (near/far 1.26) DA=0.390
    [acq t=10] V(near)=  3.44Hz w_near=1.035 w_far=0.543 (near/far 1.90) DA=0.478
    [acq t=20] V(near)=  2.19Hz w_near=1.663 w_far=0.589 (near/far 2.83) DA=0.476
    [acq t=30] V(near)=  2.81Hz w_near=2.290 w_far=0.636 (near/far 3.60) DA=0.471
    [acq t=39] V(near)=  0.00Hz w_near=2.682 w_far=0.658 (near/far 4.08) DA=0.483
  [gate-2a FIRE] critic@NEAR=5.69Hz (>=5 => True)
  [gate-2b PLACE-GRADED] NEAR=5.69Hz FAR[far_a=1.94, far_b=0.00, far_center=0.00]Hz ratio(near/maxfar)=2.93 (>=3 & near>=5 => False)
  [gate-2c LEARNS-V] w_near 0.502->2.682 w_far 0.502->0.658 (near>=2x far & grew => True); V(near) 1.05->0.39Hz
  [gate-2d ACTOR] no-critic=62.50Hz with-critic=62.50Hz ratio=1.000 (not-perturbed => True)
  [gate-2e SNc gap] predicted(NEAR)=37.50Hz unpredicted(FAR)=36.67Hz gap=0.98 state-specific=False (lesion=False)
  => seed 42 PRIMARY FAIL [fire True, place-graded False, LTP True, actor-ok True]

==============================================================================
STAGE-2 SUMMARY (1 seeds, PRIMARY-VOLLEY (FS-PING + Route-D critic))
  2a FIRE(>=5Hz)              : 1/1  near [5.694]
  2b PLACE-GRADED(near>=3xfar): 0/1  ratio [2.929]
  2c LEARNS-V(LTP near>=2xfar): 1/1  w_near/far [4.076]
  2d ACTOR-NOT-PERTURBED      : 1/1  ratio [1.0]
  2e SNc state-specific gap   : 0/1  gap [0.978] (LESION/SHUFFLE expect 0/N; primary expects >=N/2)
  PRIMARY (2a+2b+2c+2d)      : 0/1
  VERDICT: NEGATIVE
==============================================================================
[OUT] research\findings\raw\_n9_weighted_seed42_v2.json
