
[real dense gate seed 42] 64c x 500h; host PPMI+SVD=+0.442; DENSE regime (wm400.0, homeo off, ds40.0, win1000)
[2026-06-15 01:43:15][INFO] SIM_BRIDGE: CuPy using GPU: NVIDIA GeForce RTX 3090 (24.0 GB), mempool limit: 80%
[2026-06-15 01:43:15][INFO] SIM_BRIDGE: Initializing simulation data for model: IZHIKEVICH (3D)... (playback_init: False)
[2026-06-15 01:43:15][INFO] SIM_BRIDGE: Brain-region framework: 2 regions, 628 total neurons, 1 pathways.
[2026-06-15 01:43:15][INFO] SIM_BRIDGE: RNG initialized with seed: 42
[2026-06-15 01:43:15][INFO] SIM_BRIDGE: Initializing Izhikevich model specifics for 628 neurons...
[2026-06-15 01:43:15][INFO] SIM_BRIDGE: Applying parameter heterogeneity to neuron parameters...
[2026-06-15 01:43:15][INFO] SIM_BRIDGE: Applied heterogeneity to 4 parameters.
[2026-06-15 01:43:15][INFO] SIM_BRIDGE: Generating 3D neuron positions for 628 neurons...
[2026-06-15 01:43:15][INFO] SIM_BRIDGE: Generating connections (brain-region framework)...
[2026-06-15 01:43:16][WARNING] SIM_BRIDGE: No trait info available; all synapses default to E->E STP type.
[2026-06-15 01:43:16][INFO] SIM_BRIDGE: inject_explicit_wiring: installed 31988 synapses across 1 populations.
[2026-06-15 01:43:16][INFO] SIM_BRIDGE: Initializing STP state for 31988 synapses (capacity: 47982)...
[2026-06-15 01:43:16][INFO] SIM_BRIDGE: Initializing eligibility traces for 31988 synapses (capacity: 47982, dtype: float32)...
[2026-06-15 01:43:16][WARNING] SIM_BRIDGE: No trait info available; all synapses default to E->E STP type.
[2026-06-15 01:43:16][INFO] SIM_BRIDGE: Initializing STDP state for 628 neurons...
[2026-06-15 01:43:16][INFO] SIM_BRIDGE: Simulation data initialized for 628 neurons (3D). Synapses: 31988. GPU memory: 1.3GB/25.8GB (5.1%)
  [LEARNED       ] Pearson=+0.058  gen=0.234 (chance 0.125)  silent=0.00  eff-rank=6.2
[2026-06-15 01:53:35][INFO] SIM_BRIDGE: CuPy using GPU: NVIDIA GeForce RTX 3090 (24.0 GB), mempool limit: 80%
[2026-06-15 01:53:35][INFO] SIM_BRIDGE: Initializing simulation data for model: IZHIKEVICH (3D)... (playback_init: False)
[2026-06-15 01:53:35][INFO] SIM_BRIDGE: Brain-region framework: 2 regions, 628 total neurons, 1 pathways.
[2026-06-15 01:53:35][INFO] SIM_BRIDGE: RNG initialized with seed: 43
[2026-06-15 01:53:35][INFO] SIM_BRIDGE: Initializing Izhikevich model specifics for 628 neurons...
[2026-06-15 01:53:35][INFO] SIM_BRIDGE: Applying parameter heterogeneity to neuron parameters...
[2026-06-15 01:53:35][INFO] SIM_BRIDGE: Applied heterogeneity to 4 parameters.
[2026-06-15 01:53:35][INFO] SIM_BRIDGE: Generating 3D neuron positions for 628 neurons...
[2026-06-15 01:53:35][INFO] SIM_BRIDGE: Generating connections (brain-region framework)...
[2026-06-15 01:53:35][WARNING] SIM_BRIDGE: No trait info available; all synapses default to E->E STP type.
[2026-06-15 01:53:35][INFO] SIM_BRIDGE: inject_explicit_wiring: installed 32044 synapses across 1 populations.
[2026-06-15 01:53:35][INFO] SIM_BRIDGE: Initializing STP state for 32044 synapses (capacity: 48066)...
[2026-06-15 01:53:35][INFO] SIM_BRIDGE: Initializing eligibility traces for 32044 synapses (capacity: 48066, dtype: float32)...
[2026-06-15 01:53:35][WARNING] SIM_BRIDGE: No trait info available; all synapses default to E->E STP type.
[2026-06-15 01:53:35][INFO] SIM_BRIDGE: Initializing STDP state for 628 neurons...
[2026-06-15 01:53:35][INFO] SIM_BRIDGE: Simulation data initialized for 628 neurons (3D). Synapses: 32044. GPU memory: 1.3GB/25.8GB (5.1%)
  [RANDOM-PROJ   ] Pearson=+0.074  gen=0.188 (chance 0.125)  silent=0.00  eff-rank=8.2
  [anti-cheat] permuted=+0.008 (~0); elapsed 828s
  gates: {'structure': False, 'permuted_collapses': True, 'generalizes': True, 'learning_load_bearing': False, 'host_carries': True}  (learned +0.058/gen 0.234 vs random +0.074/gen 0.188, host +0.442)

  REAL DENSE GATE VERDICT: NEGATIVE_or_PARTIAL
  [saved] research/findings/raw/_phaseB_real_dense_gate.json
