[2026-07-08 03:36:39][INFO] SIM_BRIDGE: NumPy backend (CPU (NumPy backend), 47.7 GB RAM available)
[2026-07-08 03:36:39][INFO] SIM_BRIDGE: Initializing simulation data for model: IZHIKEVICH (3D)... (playback_init: False)
[2026-07-08 03:36:39][INFO] SIM_BRIDGE: Brain-region framework: 1 regions, 902 total neurons, 0 pathways.
[2026-07-08 03:36:39][INFO] SIM_BRIDGE: RNG initialized with seed: 42
[2026-07-08 03:36:39][INFO] SIM_BRIDGE: Initializing Izhikevich model specifics for 902 neurons...
[2026-07-08 03:36:39][INFO] SIM_BRIDGE: Region 'cells' (902 neurons): using Izh type IZH2007_RS_CORTICAL_PYRAMIDAL
[2026-07-08 03:36:39][INFO] SIM_BRIDGE: Generating 3D neuron positions for 902 neurons...
[2026-07-08 03:36:39][INFO] SIM_BRIDGE: Generating connections (brain-region framework)...
[2026-07-08 03:36:39][WARNING] SIM_BRIDGE: inject_explicit_wiring: no synapses in plan.
[2026-07-08 03:36:39][WARNING] SIM_BRIDGE: Connection generation resulted in None. Initializing as empty matrix.
[2026-07-08 03:36:39][INFO] SIM_BRIDGE: Simulation data initialized for 902 neurons (3D). Synapses: 0. GPU memory: 18.9GB/51.2GB (36.9%)
[2026-07-08 03:36:39][INFO] SIM_BRIDGE: inject_explicit_wiring: installed 6176 synapses across 1 populations.
[2026-07-08 03:36:42][INFO] SIM_BRIDGE: NumPy backend (CPU (NumPy backend), 47.7 GB RAM available)
[2026-07-08 03:36:42][INFO] SIM_BRIDGE: Initializing simulation data for model: IZHIKEVICH (3D)... (playback_init: False)
[2026-07-08 03:36:42][INFO] SIM_BRIDGE: Brain-region framework: 1 regions, 902 total neurons, 0 pathways.
[2026-07-08 03:36:42][INFO] SIM_BRIDGE: RNG initialized with seed: 42
[2026-07-08 03:36:42][INFO] SIM_BRIDGE: Initializing Izhikevich model specifics for 902 neurons...
[2026-07-08 03:36:42][INFO] SIM_BRIDGE: Region 'cells' (902 neurons): using Izh type IZH2007_RS_CORTICAL_PYRAMIDAL
[2026-07-08 03:36:42][INFO] SIM_BRIDGE: Generating 3D neuron positions for 902 neurons...
[2026-07-08 03:36:42][INFO] SIM_BRIDGE: Generating connections (brain-region framework)...
[2026-07-08 03:36:42][WARNING] SIM_BRIDGE: inject_explicit_wiring: no synapses in plan.
[2026-07-08 03:36:42][WARNING] SIM_BRIDGE: Connection generation resulted in None. Initializing as empty matrix.
[2026-07-08 03:36:42][INFO] SIM_BRIDGE: Simulation data initialized for 902 neurons (3D). Synapses: 0. GPU memory: 18.9GB/51.2GB (36.9%)
[2026-07-08 03:36:42][INFO] SIM_BRIDGE: inject_explicit_wiring: installed 6176 synapses across 1 populations.
[2026-07-08 03:36:45][INFO] SIM_BRIDGE: NumPy backend (CPU (NumPy backend), 47.7 GB RAM available)
[2026-07-08 03:36:45][INFO] SIM_BRIDGE: Initializing simulation data for model: IZHIKEVICH (3D)... (playback_init: False)
[2026-07-08 03:36:45][INFO] SIM_BRIDGE: Brain-region framework: 1 regions, 902 total neurons, 0 pathways.
[2026-07-08 03:36:45][INFO] SIM_BRIDGE: RNG initialized with seed: 42
[2026-07-08 03:36:45][INFO] SIM_BRIDGE: Initializing Izhikevich model specifics for 902 neurons...
[2026-07-08 03:36:45][INFO] SIM_BRIDGE: Region 'cells' (902 neurons): using Izh type IZH2007_RS_CORTICAL_PYRAMIDAL
[2026-07-08 03:36:45][INFO] SIM_BRIDGE: Generating 3D neuron positions for 902 neurons...
[2026-07-08 03:36:45][INFO] SIM_BRIDGE: Generating connections (brain-region framework)...
[2026-07-08 03:36:45][WARNING] SIM_BRIDGE: inject_explicit_wiring: no synapses in plan.
[2026-07-08 03:36:45][WARNING] SIM_BRIDGE: Connection generation resulted in None. Initializing as empty matrix.
[2026-07-08 03:36:45][INFO] SIM_BRIDGE: Simulation data initialized for 902 neurons (3D). Synapses: 0. GPU memory: 18.9GB/51.2GB (36.9%)
[2026-07-08 03:36:45][INFO] SIM_BRIDGE: inject_explicit_wiring: installed 6176 synapses across 1 populations.
[2026-07-08 03:36:48][INFO] SIM_BRIDGE: NumPy backend (CPU (NumPy backend), 47.7 GB RAM available)
[2026-07-08 03:36:48][INFO] SIM_BRIDGE: Initializing simulation data for model: IZHIKEVICH (3D)... (playback_init: False)
[2026-07-08 03:36:48][INFO] SIM_BRIDGE: Brain-region framework: 1 regions, 902 total neurons, 0 pathways.
[2026-07-08 03:36:48][INFO] SIM_BRIDGE: RNG initialized with seed: 42
[2026-07-08 03:36:48][INFO] SIM_BRIDGE: Initializing Izhikevich model specifics for 902 neurons...
[2026-07-08 03:36:48][INFO] SIM_BRIDGE: Region 'cells' (902 neurons): using Izh type IZH2007_RS_CORTICAL_PYRAMIDAL
[2026-07-08 03:36:48][INFO] SIM_BRIDGE: Generating 3D neuron positions for 902 neurons...
[2026-07-08 03:36:48][INFO] SIM_BRIDGE: Generating connections (brain-region framework)...
[2026-07-08 03:36:48][WARNING] SIM_BRIDGE: inject_explicit_wiring: no synapses in plan.
[2026-07-08 03:36:48][WARNING] SIM_BRIDGE: Connection generation resulted in None. Initializing as empty matrix.
[2026-07-08 03:36:48][INFO] SIM_BRIDGE: Simulation data initialized for 902 neurons (3D). Synapses: 0. GPU memory: 18.9GB/51.2GB (36.9%)
[2026-07-08 03:36:48][INFO] SIM_BRIDGE: inject_explicit_wiring: installed 6176 synapses across 1 populations.
  [seed 42] SPIKING held-out inherit=0.000 | deranged=0.062 | permuted-feat=0.125 | lesion=0.000 | chance=0.125 (cats=8)

  AGGREGATE (1 seeds): SPIKING held-out inherit=0.000 | deranged=0.062 | permuted-feat=0.125 | lesion=0.000 | chance=0.125
  beats_chance=False | beats_deranged=False | beats_permuted_feat=False
  VERDICT: NEGATIVE -- a HELD-OUT member of a REAL-corpus-DISCOVERED category does NOT clearly inherit on spikes (EMERGE-42 pooler + committed HTM kernel; read from cp_v_apical), within control range.
  [saved] research/findings/raw/_rc_spk_kw16.json
