EMERGE-RESERVOIR-LM de-risk: a fixed on-bridge spiking reservoir + a shallow one-step-delta read-out (NO BPTT) as an autoregressive next-token LM; reservoir_CE < bigram_CE + every anti-cheat collapses; 1-seed; state-feature=running_cumulative
[2026-07-10 22:46:37][INFO] SIM_BRIDGE: NumPy backend (CPU (NumPy backend), 47.7 GB RAM available)
[2026-07-10 22:46:37][INFO] SIM_BRIDGE: Initializing simulation data for model: IZHIKEVICH (3D)... (playback_init: False)
[2026-07-10 22:46:37][INFO] SIM_BRIDGE: Brain-region framework: 1 regions, 300 total neurons, 0 pathways.
[2026-07-10 22:46:37][INFO] SIM_BRIDGE: RNG initialized with seed: 42
[2026-07-10 22:46:37][INFO] SIM_BRIDGE: Initializing Izhikevich model specifics for 300 neurons...
[2026-07-10 22:46:37][INFO] SIM_BRIDGE: Applying parameter heterogeneity to neuron parameters...
[2026-07-10 22:46:37][INFO] SIM_BRIDGE: Applied heterogeneity to 4 parameters.
[2026-07-10 22:46:37][INFO] SIM_BRIDGE: Generating 3D neuron positions for 300 neurons...
[2026-07-10 22:46:37][INFO] SIM_BRIDGE: Generating connections (brain-region framework)...
[2026-07-10 22:46:37][INFO] SIM_BRIDGE: Per-synapse STP types: E->E=4218, E->I=1986, I->E=1986, I->I=857
[2026-07-10 22:46:37][INFO] SIM_BRIDGE: inject_explicit_wiring: installed 9047 synapses across 1 populations.
[2026-07-10 22:46:37][INFO] SIM_BRIDGE: Initializing STP state for 9047 synapses (capacity: 13570)...
[2026-07-10 22:46:37][INFO] SIM_BRIDGE: Initializing eligibility traces for 9047 synapses (capacity: 13570, dtype: float32)...
[2026-07-10 22:46:37][INFO] SIM_BRIDGE: Per-synapse STP types: E->E=4218, E->I=1986, I->E=1986, I->I=857
[2026-07-10 22:46:37][INFO] SIM_BRIDGE: Initializing structural plasticity state...
[2026-07-10 22:46:37][INFO] SIM_BRIDGE: Simulation data initialized for 300 neurons (3D). Synapses: 9047. GPU memory: 21.1GB/51.2GB (41.1%)
[2026-07-10 22:48:03][INFO] SIM_BRIDGE: NumPy backend (CPU (NumPy backend), 47.7 GB RAM available)
[2026-07-10 22:48:03][INFO] SIM_BRIDGE: Initializing simulation data for model: IZHIKEVICH (3D)... (playback_init: False)
[2026-07-10 22:48:03][INFO] SIM_BRIDGE: Brain-region framework: 1 regions, 300 total neurons, 0 pathways.
[2026-07-10 22:48:03][INFO] SIM_BRIDGE: RNG initialized with seed: 42
[2026-07-10 22:48:03][INFO] SIM_BRIDGE: Initializing Izhikevich model specifics for 300 neurons...
[2026-07-10 22:48:03][INFO] SIM_BRIDGE: Applying parameter heterogeneity to neuron parameters...
[2026-07-10 22:48:03][INFO] SIM_BRIDGE: Applied heterogeneity to 4 parameters.
[2026-07-10 22:48:03][INFO] SIM_BRIDGE: Generating 3D neuron positions for 300 neurons...
[2026-07-10 22:48:03][INFO] SIM_BRIDGE: Generating connections (brain-region framework)...
[2026-07-10 22:48:03][INFO] SIM_BRIDGE: Per-synapse STP types: E->E=4368, E->I=1924, I->E=1920, I->I=839
[2026-07-10 22:48:03][INFO] SIM_BRIDGE: inject_explicit_wiring: installed 9051 synapses across 1 populations.
[2026-07-10 22:48:03][INFO] SIM_BRIDGE: Initializing STP state for 9051 synapses (capacity: 13576)...
[2026-07-10 22:48:03][INFO] SIM_BRIDGE: Initializing eligibility traces for 9051 synapses (capacity: 13576, dtype: float32)...
[2026-07-10 22:48:03][INFO] SIM_BRIDGE: Per-synapse STP types: E->E=4368, E->I=1924, I->E=1920, I->I=839
[2026-07-10 22:48:03][INFO] SIM_BRIDGE: Initializing structural plasticity state...
[2026-07-10 22:48:03][INFO] SIM_BRIDGE: Simulation data initialized for 300 neurons (3D). Synapses: 9051. GPU memory: 21.2GB/51.2GB (41.3%)
  [seed 42] V=24 feat=running_cumulative rate 0.0304  ||  RESERVOIR CE 0.866 (acc 0.745)  vs  bigram 1.078 (acc 0.686)  [trigram 0.945 | unigram 2.083 | chance 3.178]
          anti-cheats -> shuffled-state 3.461 | permuted-corpus 1.548 | frozen 3.178 | silenced 2.034  ||  seed_go True  {'beats_bigram': True, 'shuffled_collapses': True, 'permuted_corpus_collapses': True, 'frozen_chance': True, 'silenced_collapses': True, 'active': True}
          CONTROLS -> bag-of-prefix 0.983 (acc 0.752) | non-recurrent 1.084 (acc 0.672, rate 0.0289) | vanilla-reservoir 1.056 | 4-gram 0.993  ||  {'reservoir_beats_bag': True, 'reservoir_beats_nonrec': True, 'vanilla_still_beats_bigram': True, 'reservoir_beats_4gram': True}
          rollout 'the' -> the <unk> <unk> to the <unk> <unk> <unk> <unk>
          rollout 'a' -> a <unk> <unk> and a <unk> <unk> <unk> <unk>
          rollout 'it' -> it is a <unk> <unk> and a <unk> <unk>

======================================================================================================================
[emerge-reservoir-lm] VERDICT: GO -- a FIXED on-bridge spiking reservoir (EMERGE-82 OnBridgeLSM: a recurrent Izhikevich BrainRegion on a real SimulationBridge, genuinely active at 0.0304 spikes/neuron/step) + a SHALLOW linear-softmax read-out trained ONLINE by the ONE-STEP next-token delta rule (NO BPTT, NO weight transport -- the next token IS the clean local target) is an autoregressive TOKEN-level LANGUAGE MODEL that BEATS the bigram on held-out next-token cross-entropy: reservoir CE 0.866 (acc 0.745) < bigram 1.078 (acc 0.686) by 0.213 nats [trigram ceiling 0.945, unigram floor 2.083, chance 3.178] -- the reservoir's fading-memory recurrence carries higher-order context a bigram cannot. Every anti-cheat COLLAPSES: shuffled-state (permute S[t]) CE 3.461 >= bigram (temporal alignment load-bearing); permuted-corpus (scramble train word-order, fresh read-out) CE 1.548 >= bigram (no learnable structure); frozen (untrained) CE 3.178 == chance; silenced (drive OFF) CE 2.034 >= bigram (the read is from the region's driven SPIKES). 1 seeds, state-feature=running_cumulative. ==> emergent, learned-from-experience, on-bridge, no-BPTT language generation with a local output-layer rule -- the ESN/LSM discipline (fixed recurrent cortex + locally-trained read-out) on the project's own spiking substrate. HONEST SCOPE: a TOKEN-level LM over the BOUNDED controlled EMERGE stream (a closed template grammar), NOT open prose (R4). Reuse-by-import (EMERGE-82 OnBridgeLSM + EMERGE-61 wash-out + EMERGE-62 stream); NO sim/ edit; NO edit to any existing runner.
[emerge-reservoir-lm] CONTROLS (aggregate): reservoir_CE 0.866 | bag_CE 0.983 | nonrec_CE 1.084 | vanilla_reservoir_CE 1.056 || bigram_CE 1.078 | trigram_CE 0.945 | fourgram_CE 0.993
[emerge-reservoir-lm] controls_verdict: {'reservoir_beats_bag': True, 'reservoir_beats_nonrec': True, 'vanilla_still_beats_bigram': True, 'reservoir_beats_4gram': True}
  INTERPRETATION: the reservoir's recurrent DYNAMICS are load-bearing ONLY if reservoir_CE beats BOTH the bag-of-prefix AND the non-recurrent projection (and vanilla still beats the bigram). If the bag/non-rec also beat the bigram OR the reservoir does not beat them, the win is NOT carried by the dynamics.
[emerge-reservoir-lm] wrote research\findings\raw\_reslmC_seed42.json
======================================================================================================================
