[R-iii SWR GEN-REPLAY Rung2] n_ca3=1500 n_assembly=40 ca3_density=0.2 k=100.0 n_replay=20 | does replay CONSOLIDATE an assembly-specific ca1 code?
[2026-07-09 05:18:37][INFO] SIM_BRIDGE: CuPy using GPU: NVIDIA GeForce RTX 3090 (24.0 GB), mempool limit: 80%
[2026-07-09 05:18:37][INFO] SIM_BRIDGE: Initializing simulation data for model: IZHIKEVICH (3D)... (playback_init: False)
[2026-07-09 05:18:37][INFO] SIM_BRIDGE: Brain-region framework: 17 regions, 3433 total neurons, 41 pathways.
[2026-07-09 05:18:37][INFO] SIM_BRIDGE: RNG initialized with seed: 42
[2026-07-09 05:18:37][INFO] SIM_BRIDGE: Initializing Izhikevich model specifics for 3433 neurons...
[2026-07-09 05:18:37][INFO] SIM_BRIDGE: Region 'language_input' (384 neurons): using Izh type IZH2007_RS_CORTICAL_PYRAMIDAL
[2026-07-09 05:18:37][INFO] SIM_BRIDGE: Region 'motor_N' (16 neurons): using Izh type IZH2007_RS_CORTICAL_PYRAMIDAL
[2026-07-09 05:18:37][INFO] SIM_BRIDGE: Region 'motor_E' (16 neurons): using Izh type IZH2007_RS_CORTICAL_PYRAMIDAL
[2026-07-09 05:18:37][INFO] SIM_BRIDGE: Region 'motor_S' (16 neurons): using Izh type IZH2007_RS_CORTICAL_PYRAMIDAL
[2026-07-09 05:18:37][INFO] SIM_BRIDGE: Region 'motor_W' (16 neurons): using Izh type IZH2007_RS_CORTICAL_PYRAMIDAL
[2026-07-09 05:18:37][INFO] SIM_BRIDGE: Region 'language_output' (384 neurons): using Izh type IZH2007_RS_CORTICAL_PYRAMIDAL
[2026-07-09 05:18:37][INFO] SIM_BRIDGE: Region 'ec' (200 neurons): using Izh type IZH2007_RS_CORTICAL_PYRAMIDAL
[2026-07-09 05:18:37][INFO] SIM_BRIDGE: Region 'dg' (300 neurons): using Izh type IZH2007_HIPPO_PYRAMIDAL
[2026-07-09 05:18:37][INFO] SIM_BRIDGE: Region 'dg_pv_basket' (60 neurons): using Izh type IZH2007_FS_CORTICAL_INTERNEURON
[2026-07-09 05:18:37][INFO] SIM_BRIDGE: Region 'ca3' (1500 neurons): using Izh type IZH2007_HIPPO_PYRAMIDAL
[2026-07-09 05:18:37][INFO] SIM_BRIDGE: Region 'ca1' (120 neurons): using Izh type IZH2007_HIPPO_PYRAMIDAL
[2026-07-09 05:18:37][INFO] SIM_BRIDGE: Region 'motor_FS_N' (4 neurons): using Izh type IZH2007_FS_CORTICAL_INTERNEURON
[2026-07-09 05:18:37][INFO] SIM_BRIDGE: Region 'motor_FS_E' (4 neurons): using Izh type IZH2007_FS_CORTICAL_INTERNEURON
[2026-07-09 05:18:37][INFO] SIM_BRIDGE: Region 'motor_FS_S' (4 neurons): using Izh type IZH2007_FS_CORTICAL_INTERNEURON
[2026-07-09 05:18:37][INFO] SIM_BRIDGE: Region 'motor_FS_W' (4 neurons): using Izh type IZH2007_FS_CORTICAL_INTERNEURON
[2026-07-09 05:18:37][INFO] SIM_BRIDGE: Region 'ca3_pv_basket' (375 neurons): using Izh type IZH2007_FS_CORTICAL_INTERNEURON
[2026-07-09 05:18:37][INFO] SIM_BRIDGE: Region 'ca1_pv_basket' (30 neurons): using Izh type IZH2007_FS_CORTICAL_INTERNEURON
[2026-07-09 05:18:37][INFO] SIM_BRIDGE: Applying parameter heterogeneity to neuron parameters...
[2026-07-09 05:18:37][INFO] SIM_BRIDGE: Applied heterogeneity to 4 parameters.
[2026-07-09 05:18:37][INFO] SIM_BRIDGE: Initializing OU process state (tau=15.0ms, sigma=100.0pA)...
[2026-07-09 05:18:37][INFO] SIM_BRIDGE: Generating 3D neuron positions for 3433 neurons...
[2026-07-09 05:18:37][INFO] SIM_BRIDGE: Generating connections (brain-region framework)...
[2026-07-09 05:18:39][INFO] SIM_BRIDGE: inject_explicit_wiring: installed 1462189 synapses across 49 populations.
[2026-07-09 05:18:39][INFO] SIM_BRIDGE: Initializing STP state for 1462189 synapses (capacity: 2193283)...
[2026-07-09 05:18:39][INFO] SIM_BRIDGE: Initializing eligibility traces for 1462189 synapses (capacity: 2193283, dtype: float32)...
[2026-07-09 05:18:39][INFO] SIM_BRIDGE: Initializing STDP state for 3433 neurons...
[2026-07-09 05:18:39][INFO] SIM_BRIDGE: Simulation data initialized for 3433 neurons (3D). Synapses: 1462189. GPU memory: 1.4GB/25.8GB (5.6%)
    [schaffer pre->post] replayed 4.00->4.10  held-out 4.02->4.02 (formation baseline should be ~4 if the gate-close froze it)
  [seed 42] Schaffer weight REPLAYED=4.103 vs HELD-OUT(not replayed)=4.017 -> ratio=1.02x | ca1_fire=1.0 (123s)

  AGGREGATE: replayed/held-out Schaffer-weight ratio=1.02x
  VERDICT: PARTIAL/NEGATIVE -- the replayed Schaffer is not yet >1.15x the held-out; raise n_replay / STDP rate / assembly size. NO sim/ edit.
