[objrel-divnorm] corpus: 6 facts, vocab 18 | RECURRENT DIVISIVE norm on the 3 role ens (input_divisive_norm; confound-free byte-identical c2 reservoir)
[objrel-divnorm] BASELINE (documented + reproduced here at divisive OFF): canonical ~1.00, objrel-slot0 ~0.00.
[2026-07-05 23:22:12][INFO] SIM_BRIDGE: NumPy backend (CPU (NumPy backend), 47.7 GB RAM available)
[2026-07-05 23:22:12][INFO] SIM_BRIDGE: Initializing simulation data for model: IZHIKEVICH (3D)... (playback_init: False)
[2026-07-05 23:22:12][INFO] SIM_BRIDGE: RNG initialized with seed: 42
[2026-07-05 23:22:12][INFO] SIM_BRIDGE: Initializing Izhikevich model specifics for 2818 neurons...
[2026-07-05 23:22:12][INFO] SIM_BRIDGE: Applying parameter heterogeneity to neuron parameters...
[2026-07-05 23:22:12][INFO] SIM_BRIDGE: Applied heterogeneity to 4 parameters.
[2026-07-05 23:22:12][INFO] SIM_BRIDGE: Initializing OU process state (tau=15.0ms, sigma=20.0pA)...
[2026-07-05 23:22:12][INFO] SIM_BRIDGE: Generating 3D neuron positions for 2818 neurons...
[2026-07-05 23:22:12][INFO] SIM_BRIDGE: Generating connections (3D)...
[2026-07-05 23:22:12][INFO] SIM_BRIDGE: Simulation data initialized for 2818 neurons (3D). Synapses: 0. GPU memory: 22.1GB/51.2GB (43.2%)
[2026-07-05 23:22:12][INFO] SIM_BRIDGE: inject_explicit_wiring: installed 1536 synapses across 1 populations.
[2026-07-05 23:22:12][INFO] SIM_BRIDGE: inject_explicit_wiring: installed 2256 synapses across 2 populations.
[2026-07-05 23:22:12][INFO] SIM_BRIDGE: inject_explicit_wiring: installed 2832 synapses across 5 populations.
[seed 42 DEV] op(floor 150 gain 0.01 sigma 1) [base div-off canon 0.97 objrel-slot0 0.00] DIVISIVE-ON: canon 0.50 (slots ['5/12', '2/12', '11/12']) | objrel 0.44 slot0(THEME) 0.50 (slots ['6/12', '8/12', '2/12'])  || DIVISIVE-OFF objrel-slot0 0.00 (canon 1.00) | SCRAMBLE objrel-slot0 0.25  [recov False canon-ok False diff-LB True scr-chance True] (216.8s)
[2026-07-05 23:25:49][INFO] SIM_BRIDGE: NumPy backend (CPU (NumPy backend), 47.7 GB RAM available)
[2026-07-05 23:25:49][INFO] SIM_BRIDGE: Initializing simulation data for model: IZHIKEVICH (3D)... (playback_init: False)
[2026-07-05 23:25:49][INFO] SIM_BRIDGE: RNG initialized with seed: 43
[2026-07-05 23:25:49][INFO] SIM_BRIDGE: Initializing Izhikevich model specifics for 2818 neurons...
[2026-07-05 23:25:49][INFO] SIM_BRIDGE: Applying parameter heterogeneity to neuron parameters...
[2026-07-05 23:25:49][INFO] SIM_BRIDGE: Applied heterogeneity to 4 parameters.
[2026-07-05 23:25:49][INFO] SIM_BRIDGE: Initializing OU process state (tau=15.0ms, sigma=20.0pA)...
[2026-07-05 23:25:49][INFO] SIM_BRIDGE: Generating 3D neuron positions for 2818 neurons...
[2026-07-05 23:25:49][INFO] SIM_BRIDGE: Generating connections (3D)...
[2026-07-05 23:25:49][INFO] SIM_BRIDGE: Simulation data initialized for 2818 neurons (3D). Synapses: 0. GPU memory: 22.1GB/51.2GB (43.2%)
[2026-07-05 23:25:49][INFO] SIM_BRIDGE: inject_explicit_wiring: installed 1536 synapses across 1 populations.
[2026-07-05 23:25:49][INFO] SIM_BRIDGE: inject_explicit_wiring: installed 2256 synapses across 2 populations.
[2026-07-05 23:25:49][INFO] SIM_BRIDGE: inject_explicit_wiring: installed 2832 synapses across 5 populations.
[seed 43 DEV] op(floor 150 gain 0.005 sigma 1) [base div-off canon 1.00 objrel-slot0 0.00] DIVISIVE-ON: canon 0.58 (slots ['6/12', '6/12', '9/12']) | objrel 0.31 slot0(THEME) 0.50 (slots ['6/12', '1/12', '4/12'])  || DIVISIVE-OFF objrel-slot0 0.00 (canon 1.00) | SCRAMBLE objrel-slot0 0.75  [recov False canon-ok False diff-LB True scr-chance False] (213.6s)
[2026-07-05 23:29:22][INFO] SIM_BRIDGE: NumPy backend (CPU (NumPy backend), 47.7 GB RAM available)
[2026-07-05 23:29:22][INFO] SIM_BRIDGE: Initializing simulation data for model: IZHIKEVICH (3D)... (playback_init: False)
[2026-07-05 23:29:22][INFO] SIM_BRIDGE: RNG initialized with seed: 44
[2026-07-05 23:29:22][INFO] SIM_BRIDGE: Initializing Izhikevich model specifics for 2818 neurons...
[2026-07-05 23:29:22][INFO] SIM_BRIDGE: Applying parameter heterogeneity to neuron parameters...
[2026-07-05 23:29:22][INFO] SIM_BRIDGE: Applied heterogeneity to 4 parameters.
[2026-07-05 23:29:22][INFO] SIM_BRIDGE: Initializing OU process state (tau=15.0ms, sigma=20.0pA)...
[2026-07-05 23:29:22][INFO] SIM_BRIDGE: Generating 3D neuron positions for 2818 neurons...
[2026-07-05 23:29:22][INFO] SIM_BRIDGE: Generating connections (3D)...
[2026-07-05 23:29:22][INFO] SIM_BRIDGE: Simulation data initialized for 2818 neurons (3D). Synapses: 0. GPU memory: 22.0GB/51.2GB (43.0%)
[2026-07-05 23:29:22][INFO] SIM_BRIDGE: inject_explicit_wiring: installed 1536 synapses across 1 populations.
[2026-07-05 23:29:22][INFO] SIM_BRIDGE: inject_explicit_wiring: installed 2256 synapses across 2 populations.
[2026-07-05 23:29:22][INFO] SIM_BRIDGE: inject_explicit_wiring: installed 2832 synapses across 5 populations.
[seed 44 DEV] op(floor 150 gain 0.02 sigma 1) [base div-off canon 0.64 objrel-slot0 0.00] DIVISIVE-ON: canon 0.33 (slots ['0/12', '0/12', '12/12']) | objrel 0.75 slot0(THEME) 1.00 (slots ['12/12', '9/12', '6/12'])  || DIVISIVE-OFF objrel-slot0 0.00 (canon 0.61) | SCRAMBLE objrel-slot0 0.00  [recov True canon-ok False diff-LB True scr-chance True] (216.7s)
[objrel-divnorm] FROZEN op point from dev = floor 150 gain 0.01 sigma 1 (applied BLIND to 100/101/102, NO per-seed tuning)
[2026-07-05 23:32:59][INFO] SIM_BRIDGE: NumPy backend (CPU (NumPy backend), 47.7 GB RAM available)
[2026-07-05 23:32:59][INFO] SIM_BRIDGE: Initializing simulation data for model: IZHIKEVICH (3D)... (playback_init: False)
[2026-07-05 23:32:59][INFO] SIM_BRIDGE: RNG initialized with seed: 100
[2026-07-05 23:32:59][INFO] SIM_BRIDGE: Initializing Izhikevich model specifics for 2818 neurons...
[2026-07-05 23:32:59][INFO] SIM_BRIDGE: Applying parameter heterogeneity to neuron parameters...
[2026-07-05 23:32:59][INFO] SIM_BRIDGE: Applied heterogeneity to 4 parameters.
[2026-07-05 23:32:59][INFO] SIM_BRIDGE: Initializing OU process state (tau=15.0ms, sigma=20.0pA)...
[2026-07-05 23:32:59][INFO] SIM_BRIDGE: Generating 3D neuron positions for 2818 neurons...
[2026-07-05 23:32:59][INFO] SIM_BRIDGE: Generating connections (3D)...
[2026-07-05 23:32:59][INFO] SIM_BRIDGE: Simulation data initialized for 2818 neurons (3D). Synapses: 0. GPU memory: 22.3GB/51.2GB (43.5%)
[2026-07-05 23:32:59][INFO] SIM_BRIDGE: inject_explicit_wiring: installed 1536 synapses across 1 populations.
[2026-07-05 23:32:59][INFO] SIM_BRIDGE: inject_explicit_wiring: installed 2256 synapses across 2 populations.
[2026-07-05 23:32:59][INFO] SIM_BRIDGE: inject_explicit_wiring: installed 2832 synapses across 5 populations.
[seed 100 BLIND] op(floor 150 gain 0.01 sigma 1) [base div-off canon 0.03 objrel-slot0 0.92] DIVISIVE-ON: canon 0.14 (slots ['0/12', '0/12', '5/12']) | objrel 0.94 slot0(THEME) 0.92 (slots ['11/12', '12/12', '11/12'])  || DIVISIVE-OFF objrel-slot0 0.92 (canon 0.00) | SCRAMBLE objrel-slot0 0.00  [recov True canon-ok False diff-LB False scr-chance True] (82.7s)
[2026-07-05 23:34:22][INFO] SIM_BRIDGE: NumPy backend (CPU (NumPy backend), 47.7 GB RAM available)
[2026-07-05 23:34:22][INFO] SIM_BRIDGE: Initializing simulation data for model: IZHIKEVICH (3D)... (playback_init: False)
[2026-07-05 23:34:22][INFO] SIM_BRIDGE: RNG initialized with seed: 101
[2026-07-05 23:34:22][INFO] SIM_BRIDGE: Initializing Izhikevich model specifics for 2818 neurons...
[2026-07-05 23:34:22][INFO] SIM_BRIDGE: Applying parameter heterogeneity to neuron parameters...
[2026-07-05 23:34:22][INFO] SIM_BRIDGE: Applied heterogeneity to 4 parameters.
[2026-07-05 23:34:22][INFO] SIM_BRIDGE: Initializing OU process state (tau=15.0ms, sigma=20.0pA)...
[2026-07-05 23:34:22][INFO] SIM_BRIDGE: Generating 3D neuron positions for 2818 neurons...
[2026-07-05 23:34:22][INFO] SIM_BRIDGE: Generating connections (3D)...
[2026-07-05 23:34:22][INFO] SIM_BRIDGE: Simulation data initialized for 2818 neurons (3D). Synapses: 0. GPU memory: 22.4GB/51.2GB (43.7%)
[2026-07-05 23:34:22][INFO] SIM_BRIDGE: inject_explicit_wiring: installed 1536 synapses across 1 populations.
[2026-07-05 23:34:22][INFO] SIM_BRIDGE: inject_explicit_wiring: installed 2256 synapses across 2 populations.
[2026-07-05 23:34:22][INFO] SIM_BRIDGE: inject_explicit_wiring: installed 2832 synapses across 5 populations.
[seed 101 BLIND] op(floor 150 gain 0.01 sigma 1) [base div-off canon 0.00 objrel-slot0 1.00] DIVISIVE-ON: canon 0.19 (slots ['0/12', '3/12', '4/12']) | objrel 0.86 slot0(THEME) 0.92 (slots ['11/12', '8/12', '12/12'])  || DIVISIVE-OFF objrel-slot0 1.00 (canon 0.00) | SCRAMBLE objrel-slot0 0.08  [recov True canon-ok False diff-LB False scr-chance True] (77.7s)
[2026-07-05 23:35:39][INFO] SIM_BRIDGE: NumPy backend (CPU (NumPy backend), 47.7 GB RAM available)
[2026-07-05 23:35:39][INFO] SIM_BRIDGE: Initializing simulation data for model: IZHIKEVICH (3D)... (playback_init: False)
[2026-07-05 23:35:39][INFO] SIM_BRIDGE: RNG initialized with seed: 102
[2026-07-05 23:35:39][INFO] SIM_BRIDGE: Initializing Izhikevich model specifics for 2818 neurons...
[2026-07-05 23:35:39][INFO] SIM_BRIDGE: Applying parameter heterogeneity to neuron parameters...
[2026-07-05 23:35:39][INFO] SIM_BRIDGE: Applied heterogeneity to 4 parameters.
[2026-07-05 23:35:39][INFO] SIM_BRIDGE: Initializing OU process state (tau=15.0ms, sigma=20.0pA)...
[2026-07-05 23:35:39][INFO] SIM_BRIDGE: Generating 3D neuron positions for 2818 neurons...
[2026-07-05 23:35:39][INFO] SIM_BRIDGE: Generating connections (3D)...
[2026-07-05 23:35:39][INFO] SIM_BRIDGE: Simulation data initialized for 2818 neurons (3D). Synapses: 0. GPU memory: 22.1GB/51.2GB (43.1%)
[2026-07-05 23:35:39][INFO] SIM_BRIDGE: inject_explicit_wiring: installed 1536 synapses across 1 populations.
[2026-07-05 23:35:39][INFO] SIM_BRIDGE: inject_explicit_wiring: installed 2256 synapses across 2 populations.
[2026-07-05 23:35:39][INFO] SIM_BRIDGE: inject_explicit_wiring: installed 2832 synapses across 5 populations.
[seed 102 BLIND] op(floor 150 gain 0.01 sigma 1) [base div-off canon 0.00 objrel-slot0 1.00] DIVISIVE-ON: canon 0.00 (slots ['0/12', '0/12', '0/12']) | objrel 0.94 slot0(THEME) 1.00 (slots ['12/12', '12/12', '10/12'])  || DIVISIVE-OFF objrel-slot0 1.00 (canon 0.00) | SCRAMBLE objrel-slot0 0.00  [recov True canon-ok False diff-LB False scr-chance True] (82.3s)

[objrel-divnorm] VERDICT: BOUNDARY
BOUNDARY -- OBJREL did not recover 6-seed-blind (4/6 overall, 3/3 blind; need >=5/6 AND all blind); CANONICAL regressed with the divisive norm on (the see-saw survived division); the divisive norm is NOT load-bearing (turning it OFF did not collapse objrel -> tuning artifact); the scrambled-label control did NOT collapse (the read is a position/heterogeneity artifact). The reservoir FEATURE robustly encodes objrel (a shift-invariant linear argmax solves it 100% every seed) and recurrent divisive normalization is the biologically-correct common-mode-DIVISION family (Louie-Glimcher LIP), and it CLEANLY reproduces the c2 baseline (canon high / objrel low with the divisive norm OFF, byte-identical reservoir). The info being present + linearly separable means it is NOT the irreducible Mikulasch-Priesemann wall -- it is the seed-adaptive-read frontier. An HONEST characterization; NO anti-cheat was weakened to force a GO. THE INDICATED NEXT MECHANISM (if division under-resolves the sub-1% margin through the spiking f-I) is the LEARNED-SIGNED delta read (step8_learned_signed.py): it fits THROUGH the spiking deploy so the f-I nonlinearity + WTA ignition-order are INSIDE the error.
[objrel-divnorm] mean objrel-slot0: DIVISIVE-ON 0.81 vs DIVISIVE-OFF 0.49 | mean canonical (divisive-on) 0.29 | baseline canon (div off) 0.44
[objrel-divnorm] wrote research/findings/raw/_rungB1c_objrel_divisive_norm.json
