SIM_BACKEND=numpy selected, but a CUDA GPU + CuPy ARE available -> this run is on the CPU (typically 10-50x slower). If you did not mean that, pass SIM_BACKEND=cupy explicitly: many research runners do os.environ.setdefault('SIM_BACKEND','numpy'), which silently wins unless the caller overrides it.
[self-schema] DR-3 attention/agency SELF-SCHEMA region | seeds=[42, 43, 44, 100, 101, 102] n_trials=96 backend=numpy K_contents=4 conf_pa[150.0,750.0] author_pa=650.0
[self-schema] regions: workspace(80x4 assemblies + NMDA attractors) + shared inhibition + self_schema(attend[4x50] + confid[60] + author[60])
[self-schema] HONEST: a FUNCTIONAL self-model correlate (represents+reports 3 internal-state axes read from the brain's OWN signals) -- NOT a claim of subjective experience.
[2026-07-23 21:04:33][INFO] SIM_BRIDGE: NumPy backend (CPU (NumPy backend), 8589934592.0 GB RAM available)
[2026-07-23 21:04:33][INFO] SIM_BRIDGE: Initializing simulation data for model: IZHIKEVICH (3D)... (playback_init: False)
[2026-07-23 21:04:33][INFO] SIM_BRIDGE: Brain-region framework: 3 regions, 690 total neurons, 2 pathways.
[2026-07-23 21:04:33][INFO] SIM_BRIDGE: RNG initialized with seed: 42
[2026-07-23 21:04:33][INFO] SIM_BRIDGE: NMDA per-region mask: 1 regions enabled (320 neurons)
[2026-07-23 21:04:33][INFO] SIM_BRIDGE: Initializing Izhikevich model specifics for 690 neurons...
[2026-07-23 21:04:33][INFO] SIM_BRIDGE: Applying parameter heterogeneity to neuron parameters...
[2026-07-23 21:04:33][INFO] SIM_BRIDGE: Applied heterogeneity to 4 parameters.
[2026-07-23 21:04:33][INFO] SIM_BRIDGE: Generating 3D neuron positions for 690 neurons...
[2026-07-23 21:04:33][INFO] SIM_BRIDGE: Generating connections (brain-region framework)...
[2026-07-23 21:04:33][INFO] SIM_BRIDGE: inject_explicit_wiring: installed 16027 synapses across 2 populations.
[2026-07-23 21:04:33][INFO] SIM_BRIDGE: Simulation data initialized for 690 neurons (3D). Synapses: 16027. GPU memory: 0.0GB/9223372036.9GB (0.0%)
[2026-07-23 21:04:33][INFO] SIM_BRIDGE: inject_explicit_wiring: installed 57307 synapses across 10 populations.
[2026-07-23 21:04:35][INFO] SIM_BRIDGE: NumPy backend (CPU (NumPy backend), 8589934592.0 GB RAM available)
[2026-07-23 21:04:35][INFO] SIM_BRIDGE: Initializing simulation data for model: IZHIKEVICH (3D)... (playback_init: False)
[2026-07-23 21:04:35][INFO] SIM_BRIDGE: Brain-region framework: 3 regions, 690 total neurons, 2 pathways.
[2026-07-23 21:04:35][INFO] SIM_BRIDGE: RNG initialized with seed: 42
[2026-07-23 21:04:35][INFO] SIM_BRIDGE: NMDA per-region mask: 1 regions enabled (320 neurons)
[2026-07-23 21:04:35][INFO] SIM_BRIDGE: Initializing Izhikevich model specifics for 690 neurons...
[2026-07-23 21:04:35][INFO] SIM_BRIDGE: Applying parameter heterogeneity to neuron parameters...
[2026-07-23 21:04:35][INFO] SIM_BRIDGE: Applied heterogeneity to 4 parameters.
[2026-07-23 21:04:35][INFO] SIM_BRIDGE: Generating 3D neuron positions for 690 neurons...
[2026-07-23 21:04:35][INFO] SIM_BRIDGE: Generating connections (brain-region framework)...
[2026-07-23 21:04:35][INFO] SIM_BRIDGE: inject_explicit_wiring: installed 16027 synapses across 2 populations.
[2026-07-23 21:04:35][INFO] SIM_BRIDGE: Simulation data initialized for 690 neurons (3D). Synapses: 16027. GPU memory: 0.0GB/9223372036.9GB (0.0%)
[2026-07-23 21:04:35][INFO] SIM_BRIDGE: inject_explicit_wiring: installed 57307 synapses across 10 populations.
/home/dant123/Projects/sim/sim/kernels.py:303: RuntimeWarning: overflow encountered in exp
  mg_block = 1.0 / (1.0 + (mg_conc / 3.57) * cp.exp(-0.062 * v))
  [seed 42] familiarity source: corr(alpha,q)=+0.69 q in [0.03,1.00]
    INTACT   attention_acc=0.969 (chance .25)  confidence_spearman=+0.993 auc=0.997  authorship_acc=1.000 (chance .5)
             confid_rate self/heard author mean = 0.09191919191919189/0.0
    DISSOC   corr(conf,content)=-0.040 corr(author,content)=+0.152 min_per_content_conf_spearman=0.9857142857142858  ok=True
    LESION   attention=0.219 conf_sp=+0.000 author=0.458  collapsed=True
    SHUFFLE  attention=0.250 conf_sp=+0.033 author=0.458  collapsed=True
    fam-lesion flattens confidence = True
    >>> seed GO = True  {'attention': True, 'confidence': True, 'authorship': True, 'self_lesion_collapses': True, 'shuffle_collapses': True, 'dissociation': True}
[2026-07-23 21:04:39][INFO] SIM_BRIDGE: NumPy backend (CPU (NumPy backend), 8589934592.0 GB RAM available)
[2026-07-23 21:04:39][INFO] SIM_BRIDGE: Initializing simulation data for model: IZHIKEVICH (3D)... (playback_init: False)
[2026-07-23 21:04:39][INFO] SIM_BRIDGE: Brain-region framework: 3 regions, 690 total neurons, 2 pathways.
[2026-07-23 21:04:39][INFO] SIM_BRIDGE: RNG initialized with seed: 43
[2026-07-23 21:04:39][INFO] SIM_BRIDGE: NMDA per-region mask: 1 regions enabled (320 neurons)
[2026-07-23 21:04:39][INFO] SIM_BRIDGE: Initializing Izhikevich model specifics for 690 neurons...
[2026-07-23 21:04:39][INFO] SIM_BRIDGE: Applying parameter heterogeneity to neuron parameters...
[2026-07-23 21:04:39][INFO] SIM_BRIDGE: Applied heterogeneity to 4 parameters.
[2026-07-23 21:04:39][INFO] SIM_BRIDGE: Generating 3D neuron positions for 690 neurons...
[2026-07-23 21:04:39][INFO] SIM_BRIDGE: Generating connections (brain-region framework)...
[2026-07-23 21:04:39][INFO] SIM_BRIDGE: inject_explicit_wiring: installed 15863 synapses across 2 populations.
[2026-07-23 21:04:39][INFO] SIM_BRIDGE: Simulation data initialized for 690 neurons (3D). Synapses: 15863. GPU memory: 0.0GB/9223372036.9GB (0.0%)
[2026-07-23 21:04:39][INFO] SIM_BRIDGE: inject_explicit_wiring: installed 57143 synapses across 10 populations.
[2026-07-23 21:04:41][INFO] SIM_BRIDGE: NumPy backend (CPU (NumPy backend), 8589934592.0 GB RAM available)
[2026-07-23 21:04:41][INFO] SIM_BRIDGE: Initializing simulation data for model: IZHIKEVICH (3D)... (playback_init: False)
[2026-07-23 21:04:41][INFO] SIM_BRIDGE: Brain-region framework: 3 regions, 690 total neurons, 2 pathways.
[2026-07-23 21:04:41][INFO] SIM_BRIDGE: RNG initialized with seed: 43
[2026-07-23 21:04:41][INFO] SIM_BRIDGE: NMDA per-region mask: 1 regions enabled (320 neurons)
[2026-07-23 21:04:41][INFO] SIM_BRIDGE: Initializing Izhikevich model specifics for 690 neurons...
[2026-07-23 21:04:41][INFO] SIM_BRIDGE: Applying parameter heterogeneity to neuron parameters...
[2026-07-23 21:04:41][INFO] SIM_BRIDGE: Applied heterogeneity to 4 parameters.
[2026-07-23 21:04:41][INFO] SIM_BRIDGE: Generating 3D neuron positions for 690 neurons...
[2026-07-23 21:04:41][INFO] SIM_BRIDGE: Generating connections (brain-region framework)...
[2026-07-23 21:04:41][INFO] SIM_BRIDGE: inject_explicit_wiring: installed 15863 synapses across 2 populations.
[2026-07-23 21:04:41][INFO] SIM_BRIDGE: Simulation data initialized for 690 neurons (3D). Synapses: 15863. GPU memory: 0.0GB/9223372036.9GB (0.0%)
[2026-07-23 21:04:41][INFO] SIM_BRIDGE: inject_explicit_wiring: installed 57143 synapses across 10 populations.
  [seed 43] familiarity source: corr(alpha,q)=+0.70 q in [0.03,0.99]
    INTACT   attention_acc=1.000 (chance .25)  confidence_spearman=+0.975 auc=0.999  authorship_acc=1.000 (chance .5)
             confid_rate self/heard author mean = 0.09343434343434344/0.0
    DISSOC   corr(conf,content)=-0.018 corr(author,content)=+0.047 min_per_content_conf_spearman=0.8929824561403509  ok=True
    LESION   attention=0.302 conf_sp=+0.000 author=0.573  collapsed=True
    SHUFFLE  attention=0.198 conf_sp=+0.060 author=0.479  collapsed=True
    fam-lesion flattens confidence = True
    >>> seed GO = True  {'attention': True, 'confidence': True, 'authorship': True, 'self_lesion_collapses': True, 'shuffle_collapses': True, 'dissociation': True}
[2026-07-23 21:04:45][INFO] SIM_BRIDGE: NumPy backend (CPU (NumPy backend), 8589934592.0 GB RAM available)
[2026-07-23 21:04:45][INFO] SIM_BRIDGE: Initializing simulation data for model: IZHIKEVICH (3D)... (playback_init: False)
[2026-07-23 21:04:45][INFO] SIM_BRIDGE: Brain-region framework: 3 regions, 690 total neurons, 2 pathways.
[2026-07-23 21:04:45][INFO] SIM_BRIDGE: RNG initialized with seed: 44
[2026-07-23 21:04:45][INFO] SIM_BRIDGE: NMDA per-region mask: 1 regions enabled (320 neurons)
[2026-07-23 21:04:45][INFO] SIM_BRIDGE: Initializing Izhikevich model specifics for 690 neurons...
[2026-07-23 21:04:45][INFO] SIM_BRIDGE: Applying parameter heterogeneity to neuron parameters...
[2026-07-23 21:04:45][INFO] SIM_BRIDGE: Applied heterogeneity to 4 parameters.
[2026-07-23 21:04:45][INFO] SIM_BRIDGE: Generating 3D neuron positions for 690 neurons...
[2026-07-23 21:04:45][INFO] SIM_BRIDGE: Generating connections (brain-region framework)...
[2026-07-23 21:04:45][INFO] SIM_BRIDGE: inject_explicit_wiring: installed 15772 synapses across 2 populations.
[2026-07-23 21:04:45][INFO] SIM_BRIDGE: Simulation data initialized for 690 neurons (3D). Synapses: 15772. GPU memory: 0.0GB/9223372036.9GB (0.0%)
[2026-07-23 21:04:45][INFO] SIM_BRIDGE: inject_explicit_wiring: installed 57052 synapses across 10 populations.
[2026-07-23 21:04:47][INFO] SIM_BRIDGE: NumPy backend (CPU (NumPy backend), 8589934592.0 GB RAM available)
[2026-07-23 21:04:47][INFO] SIM_BRIDGE: Initializing simulation data for model: IZHIKEVICH (3D)... (playback_init: False)
[2026-07-23 21:04:47][INFO] SIM_BRIDGE: Brain-region framework: 3 regions, 690 total neurons, 2 pathways.
[2026-07-23 21:04:47][INFO] SIM_BRIDGE: RNG initialized with seed: 44
[2026-07-23 21:04:47][INFO] SIM_BRIDGE: NMDA per-region mask: 1 regions enabled (320 neurons)
[2026-07-23 21:04:47][INFO] SIM_BRIDGE: Initializing Izhikevich model specifics for 690 neurons...
[2026-07-23 21:04:47][INFO] SIM_BRIDGE: Applying parameter heterogeneity to neuron parameters...
[2026-07-23 21:04:47][INFO] SIM_BRIDGE: Applied heterogeneity to 4 parameters.
[2026-07-23 21:04:47][INFO] SIM_BRIDGE: Generating 3D neuron positions for 690 neurons...
[2026-07-23 21:04:47][INFO] SIM_BRIDGE: Generating connections (brain-region framework)...
[2026-07-23 21:04:47][INFO] SIM_BRIDGE: inject_explicit_wiring: installed 15772 synapses across 2 populations.
[2026-07-23 21:04:47][INFO] SIM_BRIDGE: Simulation data initialized for 690 neurons (3D). Synapses: 15772. GPU memory: 0.0GB/9223372036.9GB (0.0%)
[2026-07-23 21:04:47][INFO] SIM_BRIDGE: inject_explicit_wiring: installed 57052 synapses across 10 populations.
  [seed 44] familiarity source: corr(alpha,q)=+0.65 q in [0.04,1.00]
    INTACT   attention_acc=0.938 (chance .25)  confidence_spearman=+0.975 auc=0.995  authorship_acc=1.000 (chance .5)
             confid_rate self/heard author mean = 0.09545454545454546/0.0
    DISSOC   corr(conf,content)=-0.074 corr(author,content)=-0.031 min_per_content_conf_spearman=0.8965217391304348  ok=True
    LESION   attention=0.198 conf_sp=+0.000 author=0.490  collapsed=True
    SHUFFLE  attention=0.323 conf_sp=-0.079 author=0.562  collapsed=True
    fam-lesion flattens confidence = True
    >>> seed GO = True  {'attention': True, 'confidence': True, 'authorship': True, 'self_lesion_collapses': True, 'shuffle_collapses': True, 'dissociation': True}
[2026-07-23 21:04:51][INFO] SIM_BRIDGE: NumPy backend (CPU (NumPy backend), 8589934592.0 GB RAM available)
[2026-07-23 21:04:51][INFO] SIM_BRIDGE: Initializing simulation data for model: IZHIKEVICH (3D)... (playback_init: False)
[2026-07-23 21:04:51][INFO] SIM_BRIDGE: Brain-region framework: 3 regions, 690 total neurons, 2 pathways.
[2026-07-23 21:04:51][INFO] SIM_BRIDGE: RNG initialized with seed: 100
[2026-07-23 21:04:51][INFO] SIM_BRIDGE: NMDA per-region mask: 1 regions enabled (320 neurons)
[2026-07-23 21:04:51][INFO] SIM_BRIDGE: Initializing Izhikevich model specifics for 690 neurons...
[2026-07-23 21:04:51][INFO] SIM_BRIDGE: Applying parameter heterogeneity to neuron parameters...
[2026-07-23 21:04:51][INFO] SIM_BRIDGE: Applied heterogeneity to 4 parameters.
[2026-07-23 21:04:51][INFO] SIM_BRIDGE: Generating 3D neuron positions for 690 neurons...
[2026-07-23 21:04:51][INFO] SIM_BRIDGE: Generating connections (brain-region framework)...
[2026-07-23 21:04:51][INFO] SIM_BRIDGE: inject_explicit_wiring: installed 15986 synapses across 2 populations.
[2026-07-23 21:04:51][INFO] SIM_BRIDGE: Simulation data initialized for 690 neurons (3D). Synapses: 15986. GPU memory: 0.0GB/9223372036.9GB (0.0%)
[2026-07-23 21:04:51][INFO] SIM_BRIDGE: inject_explicit_wiring: installed 57266 synapses across 10 populations.
[2026-07-23 21:04:53][INFO] SIM_BRIDGE: NumPy backend (CPU (NumPy backend), 8589934592.0 GB RAM available)
[2026-07-23 21:04:53][INFO] SIM_BRIDGE: Initializing simulation data for model: IZHIKEVICH (3D)... (playback_init: False)
[2026-07-23 21:04:53][INFO] SIM_BRIDGE: Brain-region framework: 3 regions, 690 total neurons, 2 pathways.
[2026-07-23 21:04:53][INFO] SIM_BRIDGE: RNG initialized with seed: 100
[2026-07-23 21:04:53][INFO] SIM_BRIDGE: NMDA per-region mask: 1 regions enabled (320 neurons)
[2026-07-23 21:04:53][INFO] SIM_BRIDGE: Initializing Izhikevich model specifics for 690 neurons...
[2026-07-23 21:04:53][INFO] SIM_BRIDGE: Applying parameter heterogeneity to neuron parameters...
[2026-07-23 21:04:53][INFO] SIM_BRIDGE: Applied heterogeneity to 4 parameters.
[2026-07-23 21:04:53][INFO] SIM_BRIDGE: Generating 3D neuron positions for 690 neurons...
[2026-07-23 21:04:53][INFO] SIM_BRIDGE: Generating connections (brain-region framework)...
[2026-07-23 21:04:53][INFO] SIM_BRIDGE: inject_explicit_wiring: installed 15986 synapses across 2 populations.
[2026-07-23 21:04:53][INFO] SIM_BRIDGE: Simulation data initialized for 690 neurons (3D). Synapses: 15986. GPU memory: 0.0GB/9223372036.9GB (0.0%)
[2026-07-23 21:04:53][INFO] SIM_BRIDGE: inject_explicit_wiring: installed 57266 synapses across 10 populations.
  [seed 100] familiarity source: corr(alpha,q)=+0.76 q in [0.03,0.99]
    INTACT   attention_acc=1.000 (chance .25)  confidence_spearman=+0.969 auc=0.988  authorship_acc=1.000 (chance .5)
             confid_rate self/heard author mean = 0.0939393939393939/0.0
    DISSOC   corr(conf,content)=-0.021 corr(author,content)=-0.110 min_per_content_conf_spearman=0.9233716475095786  ok=True
    LESION   attention=0.177 conf_sp=+0.000 author=0.594  collapsed=True
    SHUFFLE  attention=0.292 conf_sp=-0.147 author=0.542  collapsed=True
    fam-lesion flattens confidence = True
    >>> seed GO = True  {'attention': True, 'confidence': True, 'authorship': True, 'self_lesion_collapses': True, 'shuffle_collapses': True, 'dissociation': True}
[2026-07-23 21:04:57][INFO] SIM_BRIDGE: NumPy backend (CPU (NumPy backend), 8589934592.0 GB RAM available)
[2026-07-23 21:04:57][INFO] SIM_BRIDGE: Initializing simulation data for model: IZHIKEVICH (3D)... (playback_init: False)
[2026-07-23 21:04:57][INFO] SIM_BRIDGE: Brain-region framework: 3 regions, 690 total neurons, 2 pathways.
[2026-07-23 21:04:57][INFO] SIM_BRIDGE: RNG initialized with seed: 101
[2026-07-23 21:04:57][INFO] SIM_BRIDGE: NMDA per-region mask: 1 regions enabled (320 neurons)
[2026-07-23 21:04:57][INFO] SIM_BRIDGE: Initializing Izhikevich model specifics for 690 neurons...
[2026-07-23 21:04:57][INFO] SIM_BRIDGE: Applying parameter heterogeneity to neuron parameters...
[2026-07-23 21:04:57][INFO] SIM_BRIDGE: Applied heterogeneity to 4 parameters.
[2026-07-23 21:04:57][INFO] SIM_BRIDGE: Generating 3D neuron positions for 690 neurons...
[2026-07-23 21:04:57][INFO] SIM_BRIDGE: Generating connections (brain-region framework)...
[2026-07-23 21:04:57][INFO] SIM_BRIDGE: inject_explicit_wiring: installed 15905 synapses across 2 populations.
[2026-07-23 21:04:57][INFO] SIM_BRIDGE: Simulation data initialized for 690 neurons (3D). Synapses: 15905. GPU memory: 0.0GB/9223372036.9GB (0.0%)
[2026-07-23 21:04:57][INFO] SIM_BRIDGE: inject_explicit_wiring: installed 57185 synapses across 10 populations.
[2026-07-23 21:04:59][INFO] SIM_BRIDGE: NumPy backend (CPU (NumPy backend), 8589934592.0 GB RAM available)
[2026-07-23 21:04:59][INFO] SIM_BRIDGE: Initializing simulation data for model: IZHIKEVICH (3D)... (playback_init: False)
[2026-07-23 21:04:59][INFO] SIM_BRIDGE: Brain-region framework: 3 regions, 690 total neurons, 2 pathways.
[2026-07-23 21:04:59][INFO] SIM_BRIDGE: RNG initialized with seed: 101
[2026-07-23 21:04:59][INFO] SIM_BRIDGE: NMDA per-region mask: 1 regions enabled (320 neurons)
[2026-07-23 21:04:59][INFO] SIM_BRIDGE: Initializing Izhikevich model specifics for 690 neurons...
[2026-07-23 21:04:59][INFO] SIM_BRIDGE: Applying parameter heterogeneity to neuron parameters...
[2026-07-23 21:04:59][INFO] SIM_BRIDGE: Applied heterogeneity to 4 parameters.
[2026-07-23 21:04:59][INFO] SIM_BRIDGE: Generating 3D neuron positions for 690 neurons...
[2026-07-23 21:04:59][INFO] SIM_BRIDGE: Generating connections (brain-region framework)...
[2026-07-23 21:04:59][INFO] SIM_BRIDGE: inject_explicit_wiring: installed 15905 synapses across 2 populations.
[2026-07-23 21:04:59][INFO] SIM_BRIDGE: Simulation data initialized for 690 neurons (3D). Synapses: 15905. GPU memory: 0.0GB/9223372036.9GB (0.0%)
[2026-07-23 21:04:59][INFO] SIM_BRIDGE: inject_explicit_wiring: installed 57185 synapses across 10 populations.
  [seed 101] familiarity source: corr(alpha,q)=+0.72 q in [0.04,1.00]
    INTACT   attention_acc=0.938 (chance .25)  confidence_spearman=+0.972 auc=0.997  authorship_acc=1.000 (chance .5)
             confid_rate self/heard author mean = 0.09696969696969697/0.0
    DISSOC   corr(conf,content)=+0.094 corr(author,content)=+0.053 min_per_content_conf_spearman=0.9566563467492261  ok=True
    LESION   attention=0.188 conf_sp=+0.000 author=0.542  collapsed=True
    SHUFFLE  attention=0.229 conf_sp=+0.174 author=0.438  collapsed=True
    fam-lesion flattens confidence = True
    >>> seed GO = True  {'attention': True, 'confidence': True, 'authorship': True, 'self_lesion_collapses': True, 'shuffle_collapses': True, 'dissociation': True}
[2026-07-23 21:05:02][INFO] SIM_BRIDGE: NumPy backend (CPU (NumPy backend), 8589934592.0 GB RAM available)
[2026-07-23 21:05:02][INFO] SIM_BRIDGE: Initializing simulation data for model: IZHIKEVICH (3D)... (playback_init: False)
[2026-07-23 21:05:02][INFO] SIM_BRIDGE: Brain-region framework: 3 regions, 690 total neurons, 2 pathways.
[2026-07-23 21:05:02][INFO] SIM_BRIDGE: RNG initialized with seed: 102
[2026-07-23 21:05:02][INFO] SIM_BRIDGE: NMDA per-region mask: 1 regions enabled (320 neurons)
[2026-07-23 21:05:02][INFO] SIM_BRIDGE: Initializing Izhikevich model specifics for 690 neurons...
[2026-07-23 21:05:02][INFO] SIM_BRIDGE: Applying parameter heterogeneity to neuron parameters...
[2026-07-23 21:05:02][INFO] SIM_BRIDGE: Applied heterogeneity to 4 parameters.
[2026-07-23 21:05:02][INFO] SIM_BRIDGE: Generating 3D neuron positions for 690 neurons...
[2026-07-23 21:05:02][INFO] SIM_BRIDGE: Generating connections (brain-region framework)...
[2026-07-23 21:05:02][INFO] SIM_BRIDGE: inject_explicit_wiring: installed 16067 synapses across 2 populations.
[2026-07-23 21:05:02][INFO] SIM_BRIDGE: Simulation data initialized for 690 neurons (3D). Synapses: 16067. GPU memory: 0.0GB/9223372036.9GB (0.0%)
[2026-07-23 21:05:02][INFO] SIM_BRIDGE: inject_explicit_wiring: installed 57347 synapses across 10 populations.
[2026-07-23 21:05:04][INFO] SIM_BRIDGE: NumPy backend (CPU (NumPy backend), 8589934592.0 GB RAM available)
[2026-07-23 21:05:04][INFO] SIM_BRIDGE: Initializing simulation data for model: IZHIKEVICH (3D)... (playback_init: False)
[2026-07-23 21:05:04][INFO] SIM_BRIDGE: Brain-region framework: 3 regions, 690 total neurons, 2 pathways.
[2026-07-23 21:05:04][INFO] SIM_BRIDGE: RNG initialized with seed: 102
[2026-07-23 21:05:04][INFO] SIM_BRIDGE: NMDA per-region mask: 1 regions enabled (320 neurons)
[2026-07-23 21:05:04][INFO] SIM_BRIDGE: Initializing Izhikevich model specifics for 690 neurons...
[2026-07-23 21:05:04][INFO] SIM_BRIDGE: Applying parameter heterogeneity to neuron parameters...
[2026-07-23 21:05:04][INFO] SIM_BRIDGE: Applied heterogeneity to 4 parameters.
[2026-07-23 21:05:04][INFO] SIM_BRIDGE: Generating 3D neuron positions for 690 neurons...
[2026-07-23 21:05:04][INFO] SIM_BRIDGE: Generating connections (brain-region framework)...
[2026-07-23 21:05:04][INFO] SIM_BRIDGE: inject_explicit_wiring: installed 16067 synapses across 2 populations.
[2026-07-23 21:05:04][INFO] SIM_BRIDGE: Simulation data initialized for 690 neurons (3D). Synapses: 16067. GPU memory: 0.0GB/9223372036.9GB (0.0%)
[2026-07-23 21:05:04][INFO] SIM_BRIDGE: inject_explicit_wiring: installed 57347 synapses across 10 populations.
  [seed 102] familiarity source: corr(alpha,q)=+0.72 q in [0.02,1.00]
    INTACT   attention_acc=1.000 (chance .25)  confidence_spearman=+0.994 auc=0.999  authorship_acc=1.000 (chance .5)
             confid_rate self/heard author mean = 0.0909090909090909/0.0
    DISSOC   corr(conf,content)=-0.001 corr(author,content)=+0.049 min_per_content_conf_spearman=0.9822222222222222  ok=True
    LESION   attention=0.219 conf_sp=+0.000 author=0.510  collapsed=True
    SHUFFLE  attention=0.229 conf_sp=+0.014 author=0.417  collapsed=True
    fam-lesion flattens confidence = True
    >>> seed GO = True  {'attention': True, 'confidence': True, 'authorship': True, 'self_lesion_collapses': True, 'shuffle_collapses': True, 'dissociation': True}

[self-schema] === VERDICT: GO (6/6 seeds GO) ===
[self-schema]   mean attention_acc=0.974 (chance .25) | mean confidence_spearman=+0.980 auc=0.996 | mean authorship_acc=1.000 (chance .5)
[self-schema]   anti-cheats: self-lesion collapses=True | shuffle collapses=True | dissociation(state!=content)=True | fam-lesion flattens confidence=True
[self-schema]   elapsed=35.5s  wrote research/findings/raw/_self_schema_6seed.json
