[FULLY-SPIKING cancellation conversation] reason-on-spikes + speak-on-spikes, one numpy process | K=1024 class='run' exception='sleep'
[2026-07-08 07:16:02][INFO] SIM_BRIDGE: NumPy backend (CPU (NumPy backend), 47.7 GB RAM available)
[2026-07-08 07:16:02][INFO] SIM_BRIDGE: Initializing simulation data for model: IZHIKEVICH (3D)... (playback_init: False)
[2026-07-08 07:16:02][INFO] SIM_BRIDGE: Brain-region framework: 1 regions, 3798 total neurons, 0 pathways.
[2026-07-08 07:16:02][INFO] SIM_BRIDGE: RNG initialized with seed: 100
[2026-07-08 07:16:02][INFO] SIM_BRIDGE: Initializing Izhikevich model specifics for 3798 neurons...
[2026-07-08 07:16:02][INFO] SIM_BRIDGE: Region 'cells' (3798 neurons): using Izh type IZH2007_RS_CORTICAL_PYRAMIDAL
[2026-07-08 07:16:02][INFO] SIM_BRIDGE: Generating 3D neuron positions for 3798 neurons...
[2026-07-08 07:16:02][INFO] SIM_BRIDGE: Generating connections (brain-region framework)...
[2026-07-08 07:16:02][WARNING] SIM_BRIDGE: inject_explicit_wiring: no synapses in plan.
[2026-07-08 07:16:02][WARNING] SIM_BRIDGE: Connection generation resulted in None. Initializing as empty matrix.
[2026-07-08 07:16:02][INFO] SIM_BRIDGE: Simulation data initialized for 3798 neurons (3D). Synapses: 0. GPU memory: 20.7GB/51.2GB (40.5%)
[2026-07-08 07:16:02][INFO] SIM_BRIDGE: inject_explicit_wiring: installed 84672 synapses across 1 populations.
[2026-07-08 07:18:30][INFO] SIM_BRIDGE: NumPy backend (CPU (NumPy backend), 47.7 GB RAM available)
[2026-07-08 07:18:30][INFO] SIM_BRIDGE: Initializing simulation data for model: IZHIKEVICH (3D)... (playback_init: False)
[2026-07-08 07:18:30][INFO] SIM_BRIDGE: Brain-region framework: 34 regions, 7680 total neurons, 112 pathways.
[2026-07-08 07:18:30][INFO] SIM_BRIDGE: RNG initialized with seed: 100
[2026-07-08 07:18:30][INFO] SIM_BRIDGE: Initializing Izhikevich model specifics for 7680 neurons...
[2026-07-08 07:18:30][INFO] SIM_BRIDGE: Region 'language_input' (2048 neurons): using Izh type IZH2007_RS_CORTICAL_PYRAMIDAL
[2026-07-08 07:18:30][INFO] SIM_BRIDGE: Region 'motor_N' (200 neurons): using Izh type IZH2007_RS_CORTICAL_PYRAMIDAL
[2026-07-08 07:18:30][INFO] SIM_BRIDGE: Region 'motor_E' (200 neurons): using Izh type IZH2007_RS_CORTICAL_PYRAMIDAL
[2026-07-08 07:18:30][INFO] SIM_BRIDGE: Region 'motor_S' (200 neurons): using Izh type IZH2007_RS_CORTICAL_PYRAMIDAL
[2026-07-08 07:18:30][INFO] SIM_BRIDGE: Region 'motor_W' (200 neurons): using Izh type IZH2007_RS_CORTICAL_PYRAMIDAL
[2026-07-08 07:18:30][INFO] SIM_BRIDGE: Region 'language_output' (2048 neurons): using Izh type IZH2007_RS_CORTICAL_PYRAMIDAL
[2026-07-08 07:18:30][INFO] SIM_BRIDGE: Region 'motor_FS_N' (24 neurons): using Izh type IZH2007_FS_CORTICAL_INTERNEURON
[2026-07-08 07:18:30][INFO] SIM_BRIDGE: Region 'motor_FS_E' (24 neurons): using Izh type IZH2007_FS_CORTICAL_INTERNEURON
[2026-07-08 07:18:30][INFO] SIM_BRIDGE: Region 'motor_FS_S' (24 neurons): using Izh type IZH2007_FS_CORTICAL_INTERNEURON
[2026-07-08 07:18:30][INFO] SIM_BRIDGE: Region 'motor_FS_W' (24 neurons): using Izh type IZH2007_FS_CORTICAL_INTERNEURON
[2026-07-08 07:18:30][INFO] SIM_BRIDGE: Region 'noun_pool_APPLE' (200 neurons): using Izh type IZH2007_RS_CORTICAL_PYRAMIDAL
[2026-07-08 07:18:30][INFO] SIM_BRIDGE: Region 'noun_pool_RIVER' (200 neurons): using Izh type IZH2007_RS_CORTICAL_PYRAMIDAL
[2026-07-08 07:18:30][INFO] SIM_BRIDGE: Region 'noun_pool_DOG' (200 neurons): using Izh type IZH2007_RS_CORTICAL_PYRAMIDAL
[2026-07-08 07:18:30][INFO] SIM_BRIDGE: Region 'noun_pool_CAT' (200 neurons): using Izh type IZH2007_RS_CORTICAL_PYRAMIDAL
[2026-07-08 07:18:30][INFO] SIM_BRIDGE: Region 'noun_pool_APPLE_fs' (24 neurons): using Izh type IZH2007_FS_CORTICAL_INTERNEURON
[2026-07-08 07:18:30][INFO] SIM_BRIDGE: Region 'noun_pool_RIVER_fs' (24 neurons): using Izh type IZH2007_FS_CORTICAL_INTERNEURON
[2026-07-08 07:18:30][INFO] SIM_BRIDGE: Region 'noun_pool_DOG_fs' (24 neurons): using Izh type IZH2007_FS_CORTICAL_INTERNEURON
[2026-07-08 07:18:30][INFO] SIM_BRIDGE: Region 'noun_pool_CAT_fs' (24 neurons): using Izh type IZH2007_FS_CORTICAL_INTERNEURON
[2026-07-08 07:18:30][INFO] SIM_BRIDGE: Region 'verb_pool_GO' (200 neurons): using Izh type IZH2007_RS_CORTICAL_PYRAMIDAL
[2026-07-08 07:18:30][INFO] SIM_BRIDGE: Region 'verb_pool_COME' (200 neurons): using Izh type IZH2007_RS_CORTICAL_PYRAMIDAL
[2026-07-08 07:18:30][INFO] SIM_BRIDGE: Region 'verb_pool_STOP' (200 neurons): using Izh type IZH2007_RS_CORTICAL_PYRAMIDAL
[2026-07-08 07:18:30][INFO] SIM_BRIDGE: Region 'verb_pool_LOOK' (200 neurons): using Izh type IZH2007_RS_CORTICAL_PYRAMIDAL
[2026-07-08 07:18:30][INFO] SIM_BRIDGE: Region 'verb_pool_GO_fs' (24 neurons): using Izh type IZH2007_FS_CORTICAL_INTERNEURON
[2026-07-08 07:18:30][INFO] SIM_BRIDGE: Region 'verb_pool_COME_fs' (24 neurons): using Izh type IZH2007_FS_CORTICAL_INTERNEURON
[2026-07-08 07:18:30][INFO] SIM_BRIDGE: Region 'verb_pool_STOP_fs' (24 neurons): using Izh type IZH2007_FS_CORTICAL_INTERNEURON
[2026-07-08 07:18:30][INFO] SIM_BRIDGE: Region 'verb_pool_LOOK_fs' (24 neurons): using Izh type IZH2007_FS_CORTICAL_INTERNEURON
[2026-07-08 07:18:30][INFO] SIM_BRIDGE: Region 'adjective_pool_BIG' (200 neurons): using Izh type IZH2007_RS_CORTICAL_PYRAMIDAL
[2026-07-08 07:18:30][INFO] SIM_BRIDGE: Region 'adjective_pool_SMALL' (200 neurons): using Izh type IZH2007_RS_CORTICAL_PYRAMIDAL
[2026-07-08 07:18:30][INFO] SIM_BRIDGE: Region 'adjective_pool_HOT' (200 neurons): using Izh type IZH2007_RS_CORTICAL_PYRAMIDAL
[2026-07-08 07:18:30][INFO] SIM_BRIDGE: Region 'adjective_pool_COLD' (200 neurons): using Izh type IZH2007_RS_CORTICAL_PYRAMIDAL
[2026-07-08 07:18:30][INFO] SIM_BRIDGE: Region 'adjective_pool_BIG_fs' (24 neurons): using Izh type IZH2007_FS_CORTICAL_INTERNEURON
[2026-07-08 07:18:30][INFO] SIM_BRIDGE: Region 'adjective_pool_SMALL_fs' (24 neurons): using Izh type IZH2007_FS_CORTICAL_INTERNEURON
[2026-07-08 07:18:30][INFO] SIM_BRIDGE: Region 'adjective_pool_HOT_fs' (24 neurons): using Izh type IZH2007_FS_CORTICAL_INTERNEURON
[2026-07-08 07:18:30][INFO] SIM_BRIDGE: Region 'adjective_pool_COLD_fs' (24 neurons): using Izh type IZH2007_FS_CORTICAL_INTERNEURON
[2026-07-08 07:18:30][INFO] SIM_BRIDGE: Applying parameter heterogeneity to neuron parameters...
[2026-07-08 07:18:30][INFO] SIM_BRIDGE: Applied heterogeneity to 4 parameters.
[2026-07-08 07:18:30][INFO] SIM_BRIDGE: Initializing OU process state (tau=15.0ms, sigma=100.0pA)...
[2026-07-08 07:18:30][INFO] SIM_BRIDGE: Generating 3D neuron positions for 7680 neurons...
[2026-07-08 07:18:30][INFO] SIM_BRIDGE: Generating connections (brain-region framework)...
[2026-07-08 07:18:40][INFO] SIM_BRIDGE: inject_explicit_wiring: installed 4671606 synapses across 130 populations.
[2026-07-08 07:18:40][INFO] SIM_BRIDGE: Initializing eligibility traces for 4671606 synapses (capacity: 7007409, dtype: float32)...
[2026-07-08 07:18:40][INFO] SIM_BRIDGE: Initializing STDP state for 7680 neurons...
[2026-07-08 07:18:40][INFO] SIM_BRIDGE: Simulation data initialized for 7680 neurons (3D). Synapses: 4671606. GPU memory: 22.0GB/51.2GB (42.9%)
[2026-07-08 07:18:40][INFO] SIM_BRIDGE: Loading checkpoint from bridges/breadth_aw/seed42.simstate.h5...
[2026-07-08 07:18:40][INFO] SIM_BRIDGE: Clearing simulation state and GPU memory...
[2026-07-08 07:18:40][INFO] SIM_BRIDGE: Cleared simulation state and GPU memory.
[2026-07-08 07:18:40][DEBUG] SIM_BRIDGE: Checkpoint: Dataset for 'cp_adex_w' not found or was empty. Using default.
[2026-07-08 07:18:40][DEBUG] SIM_BRIDGE: Checkpoint: Dataset for 'cp_stp_u' not found or was empty. Using default.
[2026-07-08 07:18:40][DEBUG] SIM_BRIDGE: Checkpoint: Dataset for 'cp_stp_x' not found or was empty. Using default.
[2026-07-08 07:18:40][SUCCESS] SIM_BRIDGE: Checkpoint loaded. Sim time: 0.0ms, Step: 0, Model: IZHIKEVICH
  seed 100: no discovered cluster with >=2 inheriting spellable animals
  VERDICT: NOT-EVALUABLE
