[step3-merged-smoke] does a LIVE cortex_it rate read OFF THE MERGED BRIDGE (co-resident w/ nav+parser+dlPFC+rf) still COMPOSE perceived objects into novel facts?
[2026-06-16 10:34:25][INFO] SIM_BRIDGE: NumPy backend (CPU (NumPy backend), 47.7 GB RAM available)
[2026-06-16 10:34:25][INFO] SIM_BRIDGE: Initializing simulation data for model: IZHIKEVICH (3D)... (playback_init: False)
[2026-06-16 10:34:25][INFO] SIM_BRIDGE: Brain-region framework: 44 regions, 2768 total neurons, 53 pathways.
[2026-06-16 10:34:25][INFO] SIM_BRIDGE: RNG initialized with seed: 42
[2026-06-16 10:34:25][INFO] SIM_BRIDGE: NMDA per-region mask: 2 regions enabled (1200 neurons)
[2026-06-16 10:34:25][INFO] SIM_BRIDGE: Initializing Izhikevich model specifics for 2768 neurons...
[2026-06-16 10:34:26][INFO] SIM_BRIDGE: Region 'cortex_N' (25 neurons): using Izh type IZH2007_RS_CORTICAL_PYRAMIDAL
[2026-06-16 10:34:26][INFO] SIM_BRIDGE: Region 'cortex_E' (25 neurons): using Izh type IZH2007_RS_CORTICAL_PYRAMIDAL
[2026-06-16 10:34:26][INFO] SIM_BRIDGE: Region 'cortex_S' (25 neurons): using Izh type IZH2007_RS_CORTICAL_PYRAMIDAL
[2026-06-16 10:34:26][INFO] SIM_BRIDGE: Region 'cortex_W' (25 neurons): using Izh type IZH2007_RS_CORTICAL_PYRAMIDAL
[2026-06-16 10:34:26][INFO] SIM_BRIDGE: Region 'str_D1_N' (50 neurons): using Izh type IZH2007_STRIATAL_MSN_D1
[2026-06-16 10:34:26][INFO] SIM_BRIDGE: Region 'str_D2_N' (50 neurons): using Izh type IZH2007_STRIATAL_MSN_D2
[2026-06-16 10:34:26][INFO] SIM_BRIDGE: Region 'str_D1_E' (50 neurons): using Izh type IZH2007_STRIATAL_MSN_D1
[2026-06-16 10:34:26][INFO] SIM_BRIDGE: Region 'str_D2_E' (50 neurons): using Izh type IZH2007_STRIATAL_MSN_D2
[2026-06-16 10:34:26][INFO] SIM_BRIDGE: Region 'str_D1_S' (50 neurons): using Izh type IZH2007_STRIATAL_MSN_D1
[2026-06-16 10:34:26][INFO] SIM_BRIDGE: Region 'str_D2_S' (50 neurons): using Izh type IZH2007_STRIATAL_MSN_D2
[2026-06-16 10:34:26][INFO] SIM_BRIDGE: Region 'str_D1_W' (50 neurons): using Izh type IZH2007_STRIATAL_MSN_D1
[2026-06-16 10:34:26][INFO] SIM_BRIDGE: Region 'str_D2_W' (50 neurons): using Izh type IZH2007_STRIATAL_MSN_D2
[2026-06-16 10:34:26][INFO] SIM_BRIDGE: Region 'gpe_N' (10 neurons): using Izh type IZH2007_GPE_PACEMAKER
[2026-06-16 10:34:26][INFO] SIM_BRIDGE: Region 'gpe_arky_N' (4 neurons): using Izh type IZH2007_GPE_PACEMAKER
[2026-06-16 10:34:26][INFO] SIM_BRIDGE: Region 'gpi_N' (10 neurons): using Izh type IZH2007_GPI_OUTPUT
[2026-06-16 10:34:26][INFO] SIM_BRIDGE: Region 'str_striosome_N' (8 neurons): using Izh type IZH2007_STRIATAL_MSN_D1
[2026-06-16 10:34:26][INFO] SIM_BRIDGE: Region 'gpe_E' (10 neurons): using Izh type IZH2007_GPE_PACEMAKER
[2026-06-16 10:34:26][INFO] SIM_BRIDGE: Region 'gpe_arky_E' (4 neurons): using Izh type IZH2007_GPE_PACEMAKER
[2026-06-16 10:34:26][INFO] SIM_BRIDGE: Region 'gpi_E' (10 neurons): using Izh type IZH2007_GPI_OUTPUT
[2026-06-16 10:34:26][INFO] SIM_BRIDGE: Region 'str_striosome_E' (8 neurons): using Izh type IZH2007_STRIATAL_MSN_D1
[2026-06-16 10:34:26][INFO] SIM_BRIDGE: Region 'gpe_S' (10 neurons): using Izh type IZH2007_GPE_PACEMAKER
[2026-06-16 10:34:26][INFO] SIM_BRIDGE: Region 'gpe_arky_S' (4 neurons): using Izh type IZH2007_GPE_PACEMAKER
[2026-06-16 10:34:26][INFO] SIM_BRIDGE: Region 'gpi_S' (10 neurons): using Izh type IZH2007_GPI_OUTPUT
[2026-06-16 10:34:26][INFO] SIM_BRIDGE: Region 'str_striosome_S' (8 neurons): using Izh type IZH2007_STRIATAL_MSN_D1
[2026-06-16 10:34:26][INFO] SIM_BRIDGE: Region 'gpe_W' (10 neurons): using Izh type IZH2007_GPE_PACEMAKER
[2026-06-16 10:34:26][INFO] SIM_BRIDGE: Region 'gpe_arky_W' (4 neurons): using Izh type IZH2007_GPE_PACEMAKER
[2026-06-16 10:34:26][INFO] SIM_BRIDGE: Region 'gpi_W' (10 neurons): using Izh type IZH2007_GPI_OUTPUT
[2026-06-16 10:34:26][INFO] SIM_BRIDGE: Region 'str_striosome_W' (8 neurons): using Izh type IZH2007_STRIATAL_MSN_D1
[2026-06-16 10:34:26][INFO] SIM_BRIDGE: Region 'stn' (20 neurons): using Izh type IZH2007_STN_BURST
[2026-06-16 10:34:26][INFO] SIM_BRIDGE: Region 'thal_N' (10 neurons): using Izh type IZH2007_THALAMIC_RELAY
[2026-06-16 10:34:26][INFO] SIM_BRIDGE: Region 'motor_N' (10 neurons): using Izh type IZH2007_RS_CORTICAL_PYRAMIDAL
[2026-06-16 10:34:26][INFO] SIM_BRIDGE: Region 'thal_E' (10 neurons): using Izh type IZH2007_THALAMIC_RELAY
[2026-06-16 10:34:26][INFO] SIM_BRIDGE: Region 'motor_E' (10 neurons): using Izh type IZH2007_RS_CORTICAL_PYRAMIDAL
[2026-06-16 10:34:26][INFO] SIM_BRIDGE: Region 'thal_S' (10 neurons): using Izh type IZH2007_THALAMIC_RELAY
[2026-06-16 10:34:26][INFO] SIM_BRIDGE: Region 'motor_S' (10 neurons): using Izh type IZH2007_RS_CORTICAL_PYRAMIDAL
[2026-06-16 10:34:26][INFO] SIM_BRIDGE: Region 'thal_W' (10 neurons): using Izh type IZH2007_THALAMIC_RELAY
[2026-06-16 10:34:26][INFO] SIM_BRIDGE: Region 'motor_W' (10 neurons): using Izh type IZH2007_RS_CORTICAL_PYRAMIDAL
[2026-06-16 10:34:26][INFO] SIM_BRIDGE: Region 'snc' (10 neurons): using Izh type IZH2007_DOPAMINE
[2026-06-16 10:34:26][INFO] SIM_BRIDGE: Initializing OU process state (tau=15.0ms, sigma=20.0pA)...
[2026-06-16 10:34:26][INFO] SIM_BRIDGE: Generating 3D neuron positions for 2768 neurons...
[2026-06-16 10:34:26][INFO] SIM_BRIDGE: Generating connections (brain-region framework)...
[2026-06-16 10:34:26][INFO] SIM_BRIDGE: inject_explicit_wiring: installed 8201 synapses across 53 populations.
[2026-06-16 10:34:26][INFO] SIM_BRIDGE: Initializing eligibility traces for 8201 synapses (capacity: 12301, dtype: float32)...
[2026-06-16 10:34:26][INFO] SIM_BRIDGE: Initializing STDP state for 2768 neurons...
[2026-06-16 10:34:26][INFO] SIM_BRIDGE: Simulation data initialized for 2768 neurons (3D). Synapses: 8201. GPU memory: 23.6GB/51.2GB (46.0%)
[2026-06-16 10:34:26][INFO] SIM_BRIDGE: inject_explicit_wiring: installed 113201 synapses across 54 populations.
  [seed 42] merged-bridge held-out compose clean 1.000 | mem-floor 0.500 (chance 0.250) | moat-abstain 2/2 | pos-recall 1/1  [GO]
[2026-06-16 10:34:37][INFO] SIM_BRIDGE: NumPy backend (CPU (NumPy backend), 47.7 GB RAM available)
[2026-06-16 10:34:37][INFO] SIM_BRIDGE: Initializing simulation data for model: IZHIKEVICH (3D)... (playback_init: False)
[2026-06-16 10:34:37][INFO] SIM_BRIDGE: Brain-region framework: 44 regions, 2768 total neurons, 53 pathways.
[2026-06-16 10:34:37][INFO] SIM_BRIDGE: RNG initialized with seed: 43
[2026-06-16 10:34:37][INFO] SIM_BRIDGE: NMDA per-region mask: 2 regions enabled (1200 neurons)
[2026-06-16 10:34:37][INFO] SIM_BRIDGE: Initializing Izhikevich model specifics for 2768 neurons...
[2026-06-16 10:34:37][INFO] SIM_BRIDGE: Region 'cortex_N' (25 neurons): using Izh type IZH2007_RS_CORTICAL_PYRAMIDAL
[2026-06-16 10:34:37][INFO] SIM_BRIDGE: Region 'cortex_E' (25 neurons): using Izh type IZH2007_RS_CORTICAL_PYRAMIDAL
[2026-06-16 10:34:37][INFO] SIM_BRIDGE: Region 'cortex_S' (25 neurons): using Izh type IZH2007_RS_CORTICAL_PYRAMIDAL
[2026-06-16 10:34:37][INFO] SIM_BRIDGE: Region 'cortex_W' (25 neurons): using Izh type IZH2007_RS_CORTICAL_PYRAMIDAL
[2026-06-16 10:34:37][INFO] SIM_BRIDGE: Region 'str_D1_N' (50 neurons): using Izh type IZH2007_STRIATAL_MSN_D1
[2026-06-16 10:34:37][INFO] SIM_BRIDGE: Region 'str_D2_N' (50 neurons): using Izh type IZH2007_STRIATAL_MSN_D2
[2026-06-16 10:34:37][INFO] SIM_BRIDGE: Region 'str_D1_E' (50 neurons): using Izh type IZH2007_STRIATAL_MSN_D1
[2026-06-16 10:34:37][INFO] SIM_BRIDGE: Region 'str_D2_E' (50 neurons): using Izh type IZH2007_STRIATAL_MSN_D2
[2026-06-16 10:34:37][INFO] SIM_BRIDGE: Region 'str_D1_S' (50 neurons): using Izh type IZH2007_STRIATAL_MSN_D1
[2026-06-16 10:34:37][INFO] SIM_BRIDGE: Region 'str_D2_S' (50 neurons): using Izh type IZH2007_STRIATAL_MSN_D2
[2026-06-16 10:34:37][INFO] SIM_BRIDGE: Region 'str_D1_W' (50 neurons): using Izh type IZH2007_STRIATAL_MSN_D1
[2026-06-16 10:34:37][INFO] SIM_BRIDGE: Region 'str_D2_W' (50 neurons): using Izh type IZH2007_STRIATAL_MSN_D2
[2026-06-16 10:34:37][INFO] SIM_BRIDGE: Region 'gpe_N' (10 neurons): using Izh type IZH2007_GPE_PACEMAKER
[2026-06-16 10:34:37][INFO] SIM_BRIDGE: Region 'gpe_arky_N' (4 neurons): using Izh type IZH2007_GPE_PACEMAKER
[2026-06-16 10:34:37][INFO] SIM_BRIDGE: Region 'gpi_N' (10 neurons): using Izh type IZH2007_GPI_OUTPUT
[2026-06-16 10:34:37][INFO] SIM_BRIDGE: Region 'str_striosome_N' (8 neurons): using Izh type IZH2007_STRIATAL_MSN_D1
[2026-06-16 10:34:37][INFO] SIM_BRIDGE: Region 'gpe_E' (10 neurons): using Izh type IZH2007_GPE_PACEMAKER
[2026-06-16 10:34:37][INFO] SIM_BRIDGE: Region 'gpe_arky_E' (4 neurons): using Izh type IZH2007_GPE_PACEMAKER
[2026-06-16 10:34:37][INFO] SIM_BRIDGE: Region 'gpi_E' (10 neurons): using Izh type IZH2007_GPI_OUTPUT
[2026-06-16 10:34:37][INFO] SIM_BRIDGE: Region 'str_striosome_E' (8 neurons): using Izh type IZH2007_STRIATAL_MSN_D1
[2026-06-16 10:34:37][INFO] SIM_BRIDGE: Region 'gpe_S' (10 neurons): using Izh type IZH2007_GPE_PACEMAKER
[2026-06-16 10:34:37][INFO] SIM_BRIDGE: Region 'gpe_arky_S' (4 neurons): using Izh type IZH2007_GPE_PACEMAKER
[2026-06-16 10:34:37][INFO] SIM_BRIDGE: Region 'gpi_S' (10 neurons): using Izh type IZH2007_GPI_OUTPUT
[2026-06-16 10:34:37][INFO] SIM_BRIDGE: Region 'str_striosome_S' (8 neurons): using Izh type IZH2007_STRIATAL_MSN_D1
[2026-06-16 10:34:37][INFO] SIM_BRIDGE: Region 'gpe_W' (10 neurons): using Izh type IZH2007_GPE_PACEMAKER
[2026-06-16 10:34:37][INFO] SIM_BRIDGE: Region 'gpe_arky_W' (4 neurons): using Izh type IZH2007_GPE_PACEMAKER
[2026-06-16 10:34:37][INFO] SIM_BRIDGE: Region 'gpi_W' (10 neurons): using Izh type IZH2007_GPI_OUTPUT
[2026-06-16 10:34:37][INFO] SIM_BRIDGE: Region 'str_striosome_W' (8 neurons): using Izh type IZH2007_STRIATAL_MSN_D1
[2026-06-16 10:34:37][INFO] SIM_BRIDGE: Region 'stn' (20 neurons): using Izh type IZH2007_STN_BURST
[2026-06-16 10:34:37][INFO] SIM_BRIDGE: Region 'thal_N' (10 neurons): using Izh type IZH2007_THALAMIC_RELAY
[2026-06-16 10:34:37][INFO] SIM_BRIDGE: Region 'motor_N' (10 neurons): using Izh type IZH2007_RS_CORTICAL_PYRAMIDAL
[2026-06-16 10:34:37][INFO] SIM_BRIDGE: Region 'thal_E' (10 neurons): using Izh type IZH2007_THALAMIC_RELAY
[2026-06-16 10:34:37][INFO] SIM_BRIDGE: Region 'motor_E' (10 neurons): using Izh type IZH2007_RS_CORTICAL_PYRAMIDAL
[2026-06-16 10:34:37][INFO] SIM_BRIDGE: Region 'thal_S' (10 neurons): using Izh type IZH2007_THALAMIC_RELAY
[2026-06-16 10:34:37][INFO] SIM_BRIDGE: Region 'motor_S' (10 neurons): using Izh type IZH2007_RS_CORTICAL_PYRAMIDAL
[2026-06-16 10:34:37][INFO] SIM_BRIDGE: Region 'thal_W' (10 neurons): using Izh type IZH2007_THALAMIC_RELAY
[2026-06-16 10:34:37][INFO] SIM_BRIDGE: Region 'motor_W' (10 neurons): using Izh type IZH2007_RS_CORTICAL_PYRAMIDAL
[2026-06-16 10:34:37][INFO] SIM_BRIDGE: Region 'snc' (10 neurons): using Izh type IZH2007_DOPAMINE
[2026-06-16 10:34:37][INFO] SIM_BRIDGE: Initializing OU process state (tau=15.0ms, sigma=20.0pA)...
[2026-06-16 10:34:37][INFO] SIM_BRIDGE: Generating 3D neuron positions for 2768 neurons...
[2026-06-16 10:34:37][INFO] SIM_BRIDGE: Generating connections (brain-region framework)...
[2026-06-16 10:34:37][INFO] SIM_BRIDGE: inject_explicit_wiring: installed 8150 synapses across 53 populations.
[2026-06-16 10:34:37][INFO] SIM_BRIDGE: Initializing eligibility traces for 8150 synapses (capacity: 12225, dtype: float32)...
[2026-06-16 10:34:37][INFO] SIM_BRIDGE: Initializing STDP state for 2768 neurons...
[2026-06-16 10:34:37][INFO] SIM_BRIDGE: Simulation data initialized for 2768 neurons (3D). Synapses: 8150. GPU memory: 23.6GB/51.2GB (46.0%)
[2026-06-16 10:34:37][INFO] SIM_BRIDGE: inject_explicit_wiring: installed 113150 synapses across 54 populations.
  [seed 43] merged-bridge held-out compose clean 1.000 | mem-floor 0.500 (chance 0.250) | moat-abstain 2/2 | pos-recall 1/1  [GO]
[2026-06-16 10:34:47][INFO] SIM_BRIDGE: NumPy backend (CPU (NumPy backend), 47.7 GB RAM available)
[2026-06-16 10:34:47][INFO] SIM_BRIDGE: Initializing simulation data for model: IZHIKEVICH (3D)... (playback_init: False)
[2026-06-16 10:34:47][INFO] SIM_BRIDGE: Brain-region framework: 44 regions, 2768 total neurons, 53 pathways.
[2026-06-16 10:34:47][INFO] SIM_BRIDGE: RNG initialized with seed: 44
[2026-06-16 10:34:47][INFO] SIM_BRIDGE: NMDA per-region mask: 2 regions enabled (1200 neurons)
[2026-06-16 10:34:47][INFO] SIM_BRIDGE: Initializing Izhikevich model specifics for 2768 neurons...
[2026-06-16 10:34:47][INFO] SIM_BRIDGE: Region 'cortex_N' (25 neurons): using Izh type IZH2007_RS_CORTICAL_PYRAMIDAL
[2026-06-16 10:34:47][INFO] SIM_BRIDGE: Region 'cortex_E' (25 neurons): using Izh type IZH2007_RS_CORTICAL_PYRAMIDAL
[2026-06-16 10:34:47][INFO] SIM_BRIDGE: Region 'cortex_S' (25 neurons): using Izh type IZH2007_RS_CORTICAL_PYRAMIDAL
[2026-06-16 10:34:47][INFO] SIM_BRIDGE: Region 'cortex_W' (25 neurons): using Izh type IZH2007_RS_CORTICAL_PYRAMIDAL
[2026-06-16 10:34:47][INFO] SIM_BRIDGE: Region 'str_D1_N' (50 neurons): using Izh type IZH2007_STRIATAL_MSN_D1
[2026-06-16 10:34:47][INFO] SIM_BRIDGE: Region 'str_D2_N' (50 neurons): using Izh type IZH2007_STRIATAL_MSN_D2
[2026-06-16 10:34:47][INFO] SIM_BRIDGE: Region 'str_D1_E' (50 neurons): using Izh type IZH2007_STRIATAL_MSN_D1
[2026-06-16 10:34:47][INFO] SIM_BRIDGE: Region 'str_D2_E' (50 neurons): using Izh type IZH2007_STRIATAL_MSN_D2
[2026-06-16 10:34:47][INFO] SIM_BRIDGE: Region 'str_D1_S' (50 neurons): using Izh type IZH2007_STRIATAL_MSN_D1
[2026-06-16 10:34:47][INFO] SIM_BRIDGE: Region 'str_D2_S' (50 neurons): using Izh type IZH2007_STRIATAL_MSN_D2
[2026-06-16 10:34:47][INFO] SIM_BRIDGE: Region 'str_D1_W' (50 neurons): using Izh type IZH2007_STRIATAL_MSN_D1
[2026-06-16 10:34:47][INFO] SIM_BRIDGE: Region 'str_D2_W' (50 neurons): using Izh type IZH2007_STRIATAL_MSN_D2
[2026-06-16 10:34:47][INFO] SIM_BRIDGE: Region 'gpe_N' (10 neurons): using Izh type IZH2007_GPE_PACEMAKER
[2026-06-16 10:34:47][INFO] SIM_BRIDGE: Region 'gpe_arky_N' (4 neurons): using Izh type IZH2007_GPE_PACEMAKER
[2026-06-16 10:34:47][INFO] SIM_BRIDGE: Region 'gpi_N' (10 neurons): using Izh type IZH2007_GPI_OUTPUT
[2026-06-16 10:34:47][INFO] SIM_BRIDGE: Region 'str_striosome_N' (8 neurons): using Izh type IZH2007_STRIATAL_MSN_D1
[2026-06-16 10:34:47][INFO] SIM_BRIDGE: Region 'gpe_E' (10 neurons): using Izh type IZH2007_GPE_PACEMAKER
[2026-06-16 10:34:47][INFO] SIM_BRIDGE: Region 'gpe_arky_E' (4 neurons): using Izh type IZH2007_GPE_PACEMAKER
[2026-06-16 10:34:47][INFO] SIM_BRIDGE: Region 'gpi_E' (10 neurons): using Izh type IZH2007_GPI_OUTPUT
[2026-06-16 10:34:47][INFO] SIM_BRIDGE: Region 'str_striosome_E' (8 neurons): using Izh type IZH2007_STRIATAL_MSN_D1
[2026-06-16 10:34:47][INFO] SIM_BRIDGE: Region 'gpe_S' (10 neurons): using Izh type IZH2007_GPE_PACEMAKER
[2026-06-16 10:34:47][INFO] SIM_BRIDGE: Region 'gpe_arky_S' (4 neurons): using Izh type IZH2007_GPE_PACEMAKER
[2026-06-16 10:34:47][INFO] SIM_BRIDGE: Region 'gpi_S' (10 neurons): using Izh type IZH2007_GPI_OUTPUT
[2026-06-16 10:34:47][INFO] SIM_BRIDGE: Region 'str_striosome_S' (8 neurons): using Izh type IZH2007_STRIATAL_MSN_D1
[2026-06-16 10:34:47][INFO] SIM_BRIDGE: Region 'gpe_W' (10 neurons): using Izh type IZH2007_GPE_PACEMAKER
[2026-06-16 10:34:47][INFO] SIM_BRIDGE: Region 'gpe_arky_W' (4 neurons): using Izh type IZH2007_GPE_PACEMAKER
[2026-06-16 10:34:47][INFO] SIM_BRIDGE: Region 'gpi_W' (10 neurons): using Izh type IZH2007_GPI_OUTPUT
[2026-06-16 10:34:47][INFO] SIM_BRIDGE: Region 'str_striosome_W' (8 neurons): using Izh type IZH2007_STRIATAL_MSN_D1
[2026-06-16 10:34:47][INFO] SIM_BRIDGE: Region 'stn' (20 neurons): using Izh type IZH2007_STN_BURST
[2026-06-16 10:34:47][INFO] SIM_BRIDGE: Region 'thal_N' (10 neurons): using Izh type IZH2007_THALAMIC_RELAY
[2026-06-16 10:34:47][INFO] SIM_BRIDGE: Region 'motor_N' (10 neurons): using Izh type IZH2007_RS_CORTICAL_PYRAMIDAL
[2026-06-16 10:34:47][INFO] SIM_BRIDGE: Region 'thal_E' (10 neurons): using Izh type IZH2007_THALAMIC_RELAY
[2026-06-16 10:34:47][INFO] SIM_BRIDGE: Region 'motor_E' (10 neurons): using Izh type IZH2007_RS_CORTICAL_PYRAMIDAL
[2026-06-16 10:34:47][INFO] SIM_BRIDGE: Region 'thal_S' (10 neurons): using Izh type IZH2007_THALAMIC_RELAY
[2026-06-16 10:34:47][INFO] SIM_BRIDGE: Region 'motor_S' (10 neurons): using Izh type IZH2007_RS_CORTICAL_PYRAMIDAL
[2026-06-16 10:34:47][INFO] SIM_BRIDGE: Region 'thal_W' (10 neurons): using Izh type IZH2007_THALAMIC_RELAY
[2026-06-16 10:34:47][INFO] SIM_BRIDGE: Region 'motor_W' (10 neurons): using Izh type IZH2007_RS_CORTICAL_PYRAMIDAL
[2026-06-16 10:34:47][INFO] SIM_BRIDGE: Region 'snc' (10 neurons): using Izh type IZH2007_DOPAMINE
[2026-06-16 10:34:47][INFO] SIM_BRIDGE: Initializing OU process state (tau=15.0ms, sigma=20.0pA)...
[2026-06-16 10:34:47][INFO] SIM_BRIDGE: Generating 3D neuron positions for 2768 neurons...
[2026-06-16 10:34:47][INFO] SIM_BRIDGE: Generating connections (brain-region framework)...
[2026-06-16 10:34:47][INFO] SIM_BRIDGE: inject_explicit_wiring: installed 8260 synapses across 53 populations.
[2026-06-16 10:34:47][INFO] SIM_BRIDGE: Initializing eligibility traces for 8260 synapses (capacity: 12390, dtype: float32)...
[2026-06-16 10:34:47][INFO] SIM_BRIDGE: Initializing STDP state for 2768 neurons...
[2026-06-16 10:34:47][INFO] SIM_BRIDGE: Simulation data initialized for 2768 neurons (3D). Synapses: 8260. GPU memory: 23.6GB/51.2GB (46.0%)
[2026-06-16 10:34:47][INFO] SIM_BRIDGE: inject_explicit_wiring: installed 113260 synapses across 54 populations.
  [seed 44] merged-bridge held-out compose clean 1.000 | mem-floor 0.500 (chance 0.250) | moat-abstain 2/2 | pos-recall 1/1  [GO]

==================================================================================================
  3 seeds: held-out compose clean 1.000 | mem-floor 0.500 ==> GO
  GO: the live cortex_it rate read OFF THE MERGED BRIDGE grounds codes that COMPOSE on the co-resident rf slice — held-out (never-composed) perceived-object facts recover >> the memorization floor, the no-confab moat abstains, and a stored fact still retrieves. ==> the integration build's one unproven variable (the co-resident read) is RETIRED; the GPU behavioral build (T3+) is de-risked (owner-gated).
==================================================================================================
  [saved] research/findings/raw/_step3_merged_grounded_compose_smoke.json
